# Contact: romi@lens.unifi.it
# Manual: https://github.com/SebRoLENS/orca-ped-analyzer/blob/main/docs/ORCA_PED_Analyzer_Manual.md
# Check GitHub for updates and new releases: https://github.com/SebRoLENS/orca-ped-analyzer
#
# Molecule: 22 atoms | non-linear
# Bonds inferred: 23 | candidate ICs: 225 | selected ICs: 60
# Cartesian-Hessian reconstruction relative error: 1.309e-05
# Energy distribution: PED (PED is the backward-compatible default; TED includes kinetic-energy terms)
# Ring/cycle bonds detected: 6 | ring atoms: 5 | ring systems: 1
# VPT2: no matching .out file supplied/found -> harmonic/PED analysis only
#
 Mode   Harm/cm-1   VPT2/cm-1  Harm.Int/km mol-1  Assignment                                                     Grouped PED
------------------------------------------------------------------------------------------------------------------------------------------------------------------------------------------------
    6       64.94          --                 --  mixed C-O torsion / C-C torsion / ring-site C-H out-of-plane bending C-O torsion 33.23%; C-C torsion 26.82%; ring-site C-H out-of-plane bending 19.47%; cyclic-ring torsional/out-of-plane deformation 13.73%
    7       84.70          --                 --  mixed C-C torsion / C-O torsion                                C-C torsion 61.15%; C-O torsion 32.62%; ring-site C-H out-of-plane bending 3.09%
    8      118.54          --                 --  mixed C-C torsion / cyclic-ring torsional/out-of-plane deformation C-C torsion 59.19%; cyclic-ring torsional/out-of-plane deformation 18.19%; ring-site C-H out-of-plane bending 16.98%; C-O-C bending 2.55%
    9      175.95          --                 --  mixed C-C torsion / ring-site C-H out-of-plane bending         C-C torsion 62.03%; ring-site C-H out-of-plane bending 18.61%; cyclic-ring torsional/out-of-plane deformation 12.73%; cyclic-ring out-of-plane deformation 3.12%
   10      197.32          --                 --  C-C torsion                                                    C-C torsion 99.45%
   11      252.10          --                 --  C-C torsion                                                    C-C torsion 99.30%
   12      265.22          --                 --  mixed C-C torsion / ring-site C-H out-of-plane bending         C-C torsion 61.29%; ring-site C-H out-of-plane bending 14.80%; cyclic-ring torsional/out-of-plane deformation 10.92%; C-O-C bending 4.58%
   13      323.33          --                 --  mixed C-C torsion / cyclic-ring out-of-plane deformation       C-C torsion 69.42%; cyclic-ring out-of-plane deformation 18.17%; ring-site C-H out-of-plane bending 4.14%; O-C-C bending 2.21%
   14      348.26          --                 --  mixed C-C torsion / C-C-O bending                              C-C torsion 30.82%; C-C-O bending 27.81%; O-C-C bending 9.73%; C-H bending 8.33%
   15      424.69          --                 --  mixed C-C torsion / cyclic-ring out-of-plane deformation / ring-site C-H out-of-plane bending C-C torsion 29.63%; cyclic-ring out-of-plane deformation 23.29%; ring-site C-H out-of-plane bending 18.44%; C-H bending 6.83%
   16      493.84          --                 --  mixed cyclic-ring out-of-plane deformation / ring-site C-H out-of-plane bending cyclic-ring out-of-plane deformation 29.62%; ring-site C-H out-of-plane bending 20.61%; C-C torsion 14.66%; cyclic-ring torsional/out-of-plane deformation 9.12%
   17      569.66          --                 --  mixed C-C torsion / cyclic-ring torsional/out-of-plane deformation C-C torsion 36.71%; cyclic-ring torsional/out-of-plane deformation 9.82%; C-C-O bending 8.95%; cyclic-ring out-of-plane deformation 8.94%
   18      636.48          --                 --  mixed cyclic-ring deformation (C-C-C bend) / C-C torsion       cyclic-ring deformation (C-C-C bend) 39.17%; C-C torsion 28.79%; exocyclic C-C stretching 4.83%; cyclic-ring torsional/out-of-plane deformation 4.66%
   19      696.87          --                 --  mixed cyclic C-N stretching / ring-site C-H out-of-plane bending / C-C torsion cyclic C-N stretching 23.83%; ring-site C-H out-of-plane bending 22.58%; C-C torsion 19.53%; cyclic-ring torsional/out-of-plane deformation 13.91%
   20      826.62          --                 --  mixed C-C torsion / C-H bending                                C-C torsion 29.00%; C-H bending 28.14%; mixed-phase cyclic C-C stretching 13.35%; ring-site C-H out-of-plane bending 7.12%
   21      829.30          --                 --  mixed C-H bending / C-C torsion                                C-H bending 42.61%; C-C torsion 42.47%; opposite-phase cyclic C-C stretching 4.04%; ring-site C-H out-of-plane bending 2.59%
   22      848.88          --                 --  mixed C-C torsion / in-phase cyclic C-C stretching / C-H bending C-C torsion 28.04%; in-phase cyclic C-C stretching 19.48%; C-H bending 15.14%; cyclic C-N stretching 8.77%
   23      898.17          --                 --  mixed mixed-phase cyclic C-C stretching / ring-site C-H out-of-plane bending mixed-phase cyclic C-C stretching 56.18%; ring-site C-H out-of-plane bending 7.92%; ring-site N-H out-of-plane bending 6.67%; exocyclic C-C stretching 6.32%
   24      904.86          --                 --  mixed C-H bending / C-C torsion / C-O stretching               C-H bending 27.63%; C-C torsion 18.55%; C-O stretching 16.22%; C-C stretching 13.47%
   25      929.27          --                 --  mixed ring-site C-H out-of-plane bending / C-H bending         ring-site C-H out-of-plane bending 34.10%; C-H bending 22.18%; cyclic C-C stretching 12.07%; C-C torsion 9.88%
   26      964.80          --                 --  mixed C-C torsion / C-H bending                                C-C torsion 38.80%; C-H bending 23.01%; mixed-phase cyclic C-C stretching 11.91%; ring-site C-H out-of-plane bending 9.76%
   27     1018.42          --                 --  mixed C-H bending / mixed-phase cyclic C-C stretching          C-H bending 21.97%; mixed-phase cyclic C-C stretching 15.72%; ring-site N-H in-plane bending 9.38%; cyclic-ring out-of-plane deformation 9.19%
   28     1023.96          --                 --  mixed in-phase cyclic C-C stretching / ring-site C-H out-of-plane bending in-phase cyclic C-C stretching 28.62%; ring-site C-H out-of-plane bending 15.66%; ring-site C-H in-plane bending 13.90%; cyclic-ring deformation (C-C-C bend) 9.77%
   29     1056.47          --                 --  mixed C-C stretching / C-O stretching                          C-C stretching 39.72%; C-O stretching 25.36%; C-H bending 6.95%; exocyclic C-O stretching 5.54%
   30     1088.54          --                 --  mixed C-C torsion / ring-site N-H in-plane bending / C-H bending C-C torsion 30.68%; ring-site N-H in-plane bending 19.37%; C-H bending 17.58%; ring-site C-H out-of-plane bending 9.60%
   31     1104.21          --                 --  mixed C-H bending / ring-site N-H out-of-plane bending         C-H bending 53.36%; ring-site N-H out-of-plane bending 9.23%; ring-site C-H out-of-plane bending 9.15%; C-C torsion 7.73%
   32     1111.95          --                 --  mixed C-H bending / ring-site C-H in-plane bending             C-H bending 30.28%; ring-site C-H in-plane bending 18.33%; C-C torsion 12.85%; ring-site C-H out-of-plane bending 8.22%
   33     1144.39          --                 --  mixed exocyclic C-O stretching / ring-site C-H out-of-plane bending exocyclic C-O stretching 26.42%; ring-site C-H out-of-plane bending 16.23%; C-O stretching 12.96%; ring-site C-H in-plane bending 9.41%
   34     1153.10          --                 --  mixed C-H bending / C-C torsion                                C-H bending 32.43%; C-C torsion 25.17%; C-O stretching 13.23%; C-C-O bending 11.55%
   35     1182.41          --                 --  mixed C-H bending / C-C torsion                                C-H bending 56.90%; C-C torsion 19.77%; ring-site C-H out-of-plane bending 7.52%; ring-site C-H in-plane bending 4.53%
   36     1192.35          --                 --  mixed C-H bending / C-C torsion / ring-site C-H out-of-plane bending C-H bending 26.02%; C-C torsion 17.86%; ring-site C-H out-of-plane bending 15.72%; ring-site C-H in-plane bending 12.12%
   37     1224.17          --                 --  mixed ring-site C-H out-of-plane bending / ring-site C-H in-plane bending ring-site C-H out-of-plane bending 46.92%; ring-site C-H in-plane bending 27.10%; mixed-phase cyclic C-C stretching 10.79%; exocyclic C-O stretching 3.35%
   38     1251.16          --                 --  mixed ring-site C-H out-of-plane bending / ring-site C-H in-plane bending ring-site C-H out-of-plane bending 57.93%; ring-site C-H in-plane bending 19.30%; C-C torsion 5.61%; C-H bending 4.48%
   39     1301.68          --                 --  mixed C-H bending / C-C torsion                                C-H bending 69.21%; C-C torsion 27.38%
   40     1306.42          --                 --  mixed mixed-phase cyclic C-C stretching / ring-site C-H in-plane bending / ring-site N-H out-of-plane bending mixed-phase cyclic C-C stretching 25.53%; ring-site C-H in-plane bending 18.63%; ring-site N-H out-of-plane bending 16.28%; C-H bending 16.12%
   41     1337.57          --                 --  mixed ring-site C-H out-of-plane bending / C-C torsion         ring-site C-H out-of-plane bending 22.59%; C-C torsion 17.67%; mixed-phase cyclic C-C stretching 13.92%; ring-site N-H in-plane bending 13.59%
   42     1376.18          --                 --  mixed ring-site C-H out-of-plane bending / C-H bending         ring-site C-H out-of-plane bending 35.34%; C-H bending 29.20%; C-C torsion 9.70%; mixed-phase cyclic C-C stretching 8.14%
   43     1406.33          --                 --  mixed C-H bending / C-H out-of-plane bending                   C-H bending 51.94%; C-H out-of-plane bending 30.80%; cyclic C-C stretching 4.39%; C-C torsion 3.45%
   44     1414.75          --                 --  mixed C-H out-of-plane bending / C-H bending                   C-H out-of-plane bending 49.85%; C-H bending 41.57%; ring-site C-H out-of-plane bending 4.29%
   45     1432.93          --                 --  mixed C-H bending / C-H out-of-plane bending                   C-H bending 38.22%; C-H out-of-plane bending 37.49%; exocyclic C-C stretching 6.04%; C-C torsion 4.23%
   46     1450.12          --                 --  mixed C-H bending / ring-site C-H out-of-plane bending         C-H bending 31.02%; ring-site C-H out-of-plane bending 19.77%; in-phase cyclic C-C stretching 10.37%; C-H out-of-plane bending 8.62%
   47     1480.56          --                 --  mixed ring-site C-H out-of-plane bending / C-H bending / C-C torsion ring-site C-H out-of-plane bending 28.68%; C-H bending 22.88%; C-C torsion 19.20%; C-H out-of-plane bending 8.59%
   48     1485.84          --                 --  mixed C-H bending / C-C torsion                                C-H bending 55.03%; C-C torsion 30.86%; C-H out-of-plane bending 8.06%; ring-site C-H out-of-plane bending 2.47%
   49     1486.23          --                 --  C-C torsion                                                    C-C torsion 81.47%; C-H bending 17.71%
   50     1503.11          --                 --  C-C torsion                                                    C-C torsion 80.93%; C-H bending 14.89%; C-H out-of-plane bending 2.93%
   51     1504.16          --                 --  C-C torsion                                                    C-C torsion 83.05%; C-H bending 14.73%
   52     1529.16          --                 --  mixed C-C torsion / C-H bending                                C-C torsion 71.28%; C-H bending 25.82%
   53     2957.62          --                 --  C-H stretching                                                 C-H stretching 91.76%; ring-site C-H stretching 7.57%
   54     2970.54          --                 --  ring-site C-H stretching                                       ring-site C-H stretching 90.75%; C-H stretching 8.40%
   55     2992.18          --                 --  mixed-phase C-H stretching                                     mixed-phase C-H stretching 98.16%
   56     3021.69          --                 --  in-phase C-H stretching                                        in-phase C-H stretching 99.34%
   57     3039.20          --                 --  in-phase C-H stretching                                        in-phase C-H stretching 99.72%
   58     3064.31          --                 --  in-phase ring-site C-H stretching                              in-phase ring-site C-H stretching 99.41%
   59     3080.84          --                 --  mixed-phase C-H stretching                                     mixed-phase C-H stretching 99.11%
   60     3085.94          --                 --  opposite-phase C-H stretching                                  opposite-phase C-H stretching 99.09%
   61     3104.19          --                 --  mixed-phase C-H stretching                                     mixed-phase C-H stretching 99.30%
   62     3112.70          --                 --  opposite-phase C-H stretching                                  opposite-phase C-H stretching 99.55%
   63     3121.36          --                 --  opposite-phase ring-site C-H stretching                        opposite-phase ring-site C-H stretching 99.12%
   64     3181.84          --                 --  ring-site C-H stretching                                       ring-site C-H stretching 98.92%
   65     3455.61          --                 --  ring-site N-H stretching                                       ring-site N-H stretching 99.72%

# Selected internal-coordinate set:
#   1  nu(C4-C5)
#   2  nu(C1-C2)
#   3  nu(C6-C8)
#   4  nu(N7-H19)
#   5  nu(C9-H20)
#   6  nu(C4-C8)
#   7  nu(C5-C6)
#   8  nu(C9-H21)
#   9  nu(C2-O3)
#  10  nu(C1-H10)
#  11  nu(C4-H15)
#  12  nu(C9-H22)
#  13  nu(C1-H12)
#  14  nu(C2-H13)
#  15  nu(C5-H16)
#  16  gamma(H18;C6,C5,C8)
#  17  nu(N7-C8)
#  18  nu(C1-H11)
#  19  nu(C2-H14)
#  20  nu(C5-H17)
#  21  tau(H19-N7-C8-C6)
#  22  nu(O3-C4)
#  23  gamma(H20;C9,H21,H22)
#  24  nu(C6-H18)
#  25  tau(H10-C1-C2-O3)
#  26  delta(H21-C9-H22)
#  27  tau(H11-C1-C2-H14)
#  28  tau(H12-C1-C2-H13)
#  29  tau(H15-C4-C5-H17)
#  30  delta(C8-N7-H19)
#  31  delta(C4-C5-H17)
#  32  delta(C1-C2-H13)
#  33  delta(C1-C2-H14)
#  34  tau(H15-C4-C8-N7)
#  35  delta(C4-C5-H16)
#  36  tau(C8-C4-C5-H16)
#  37  delta(C2-C1-H12)
#  38  delta(C2-C1-H11)
#  39  tau(C4-C8-C9-H20)
#  40  delta(C2-C1-H10)
#  41  delta(C5-C6-H18)
#  42  tau(C6-C8-C9-H20)
#  43  delta(C8-C9-H22)
#  44  tau(C1-C2-O3-C4)
#  45  nu(C8-C9)
#  46  tau(H15-C4-C5-C6)
#  47  tau(H12-C1-C2-H14)
#  48  tau(N7-C8-C9-H21)
#  49  tau(C2-O3-C4-C8)
#  50  tau(C4-C8-C9-H22)
#  51  delta(C2-O3-C4)
#  52  gamma(N7;C8,C6,C9)
#  53  delta(C8-C9-H20)
#  54  delta(O3-C2-H14)
#  55  gamma(C5;C6,N7,C8)
#  56  delta(C1-C2-O3)
#  57  delta(O3-C4-C5)
#  58  delta(C4-C8-C6)
#  59  tau(O3-C4-C5-C6)
#  60  tau(C5-C4-C8-N7)

Wrote: /local/scratch/mv487/qm9s/experiment_1_phase2/ped/111837/111837_summary.csv
Wrote: /local/scratch/mv487/qm9s/experiment_1_phase2/ped/111837/111837_families.csv
Wrote: /local/scratch/mv487/qm9s/experiment_1_phase2/ped/111837/111837_ped.csv
Wrote: /local/scratch/mv487/qm9s/experiment_1_phase2/ped/111837/111837_ir_transitions.csv

# All generated files are in: /local/scratch/mv487/qm9s/experiment_1_phase2/ped/111837
# Manifest: /local/scratch/mv487/qm9s/experiment_1_phase2/ped/111837/111837_manifest.txt

--- stderr ---
Normal modes/frequencies absent or incomplete: diagonalizing Hessian.
