# Contact: romi@lens.unifi.it
# Manual: https://github.com/SebRoLENS/orca-ped-analyzer/blob/main/docs/ORCA_PED_Analyzer_Manual.md
# Check GitHub for updates and new releases: https://github.com/SebRoLENS/orca-ped-analyzer
#
# Molecule: 18 atoms | non-linear
# Bonds inferred: 18 | candidate ICs: 164 | selected ICs: 48
# Cartesian-Hessian reconstruction relative error: 1.761e-05
# Energy distribution: PED (PED is the backward-compatible default; TED includes kinetic-energy terms)
# Ring/cycle bonds detected: 5 | ring atoms: 5 | ring systems: 1
# VPT2: no matching .out file supplied/found -> harmonic/PED analysis only
#
 Mode   Harm/cm-1   VPT2/cm-1  Harm.Int/km mol-1  Assignment                                                     Grouped PED
------------------------------------------------------------------------------------------------------------------------------------------------------------------------------------------------
    6       62.27          --                 --  cyclic-ring torsional/out-of-plane deformation                 cyclic-ring torsional/out-of-plane deformation 91.64%; ring-site C-H out-of-plane bending 6.31%
    7       85.40          --                 --  mixed cyclic-ring torsional/out-of-plane deformation / ring-site C-H out-of-plane bending cyclic-ring torsional/out-of-plane deformation 54.13%; ring-site C-H out-of-plane bending 38.23%; cyclic-ring deformation (C-C-C bend) 3.70%; C-C-C bending 2.63%
    8      186.43          --                 --  mixed C-C torsion / cyclic-ring torsional/out-of-plane deformation C-C torsion 51.10%; cyclic-ring torsional/out-of-plane deformation 20.81%; C-C-C bending 15.18%; ring-site C-H out-of-plane bending 6.65%
    9      202.82          --                 --  C-C torsion                                                    C-C torsion 96.82%; cyclic-ring torsional/out-of-plane deformation 2.21%
   10      248.79          --                 --  mixed cyclic-ring torsional/out-of-plane deformation / C-C torsion cyclic-ring torsional/out-of-plane deformation 60.99%; C-C torsion 15.22%; C-C-C bending 7.20%; C-C out-of-plane bending 5.27%
   11      261.48          --                 --  mixed ring-site C-H out-of-plane bending / cyclic-ring torsional/out-of-plane deformation / C-C-C bending ring-site C-H out-of-plane bending 28.39%; cyclic-ring torsional/out-of-plane deformation 16.69%; C-C-C bending 15.11%; C-C torsion 10.83%
   12      349.62          --                 --  mixed ring-site C-H out-of-plane bending / cyclic-ring torsional/out-of-plane deformation / C-C torsion ring-site C-H out-of-plane bending 40.68%; cyclic-ring torsional/out-of-plane deformation 30.73%; C-C torsion 20.12%; C-H bending 3.21%
   13      438.69          --                 --  mixed cyclic-ring deformation (C-C-C bend) / C-C-N linear bending cyclic-ring deformation (C-C-C bend) 26.58%; C-C-N linear bending 13.34%; C-C-O bending 12.19%; C-C-C bending 11.74%
   14      451.81          --                 --  mixed C-C-O bending / mixed-phase cyclic C-C stretching        C-C-O bending 21.62%; mixed-phase cyclic C-C stretching 14.34%; cyclic-ring torsional/out-of-plane deformation 14.08%; C-C-N linear bending 13.97%
   15      539.30          --                 --  mixed ring-site C-H out-of-plane bending / ring-site C-H in-plane bending ring-site C-H out-of-plane bending 38.97%; ring-site C-H in-plane bending 15.08%; cyclic-ring deformation (C-C-C bend) 13.91%; C-C torsion 8.91%
   16      586.18          --                 --  mixed ring-site C-H in-plane bending / cyclic-ring torsional/out-of-plane deformation ring-site C-H in-plane bending 23.82%; cyclic-ring torsional/out-of-plane deformation 13.27%; cyclic-ring deformation (C-C-C bend) 11.99%; C-C torsion 11.04%
   17      622.84          --                 --  mixed C-C-C bending / C-C-N linear bending                     C-C-C bending 42.40%; C-C-N linear bending 11.91%; cyclic-ring deformation (C-C-C bend) 11.87%; cyclic-ring torsional/out-of-plane deformation 8.87%
   18      696.13          --                 --  mixed cyclic C-C stretching / ring-site C-H out-of-plane bending cyclic C-C stretching 41.73%; ring-site C-H out-of-plane bending 15.60%; cyclic-ring torsional/out-of-plane deformation 9.74%; ring-site C-H in-plane bending 7.55%
   19      738.41          --                 --  mixed cyclic-ring deformation (C-C-C bend) / mixed-phase cyclic C-C stretching cyclic-ring deformation (C-C-C bend) 50.70%; mixed-phase cyclic C-C stretching 21.29%; exocyclic C-C stretching 6.33%; ring-site C-H out-of-plane bending 6.06%
   20      790.89          --                 --  mixed mixed-phase cyclic C-C stretching / exocyclic C-C stretching / ring-site C-H in-plane bending mixed-phase cyclic C-C stretching 17.48%; exocyclic C-C stretching 17.15%; ring-site C-H in-plane bending 15.47%; cyclic-ring torsional/out-of-plane deformation 14.06%
   21      879.64          --                 --  mixed C-H bending / in-phase cyclic C-C stretching             C-H bending 32.62%; in-phase cyclic C-C stretching 17.88%; C-C torsion 14.70%; ring-site C-H in-plane bending 14.58%
   22      915.65          --                 --  mixed ring-site C-H out-of-plane bending / mixed-phase cyclic C-C stretching ring-site C-H out-of-plane bending 30.74%; mixed-phase cyclic C-C stretching 23.78%; ring-site C-H in-plane bending 13.09%; C-H bending 10.65%
   23      932.16          --                 --  mixed ring-site C-H out-of-plane bending / mixed-phase cyclic C-C stretching ring-site C-H out-of-plane bending 33.72%; mixed-phase cyclic C-C stretching 19.01%; C-H bending 14.45%; ring-site C-H in-plane bending 12.92%
   24      983.77          --                 --  mixed cyclic C-C stretching / exocyclic C-C stretching / ring-site C-H in-plane bending cyclic C-C stretching 25.85%; exocyclic C-C stretching 20.05%; ring-site C-H in-plane bending 19.52%; C-C out-of-plane bending 7.68%
   25      995.02          --                 --  mixed C-H bending / mixed-phase cyclic C-C stretching          C-H bending 31.53%; mixed-phase cyclic C-C stretching 29.64%; cyclic-ring deformation (C-C-C bend) 8.25%; ring-site C-H in-plane bending 5.84%
   26     1050.54          --                 --  mixed mixed-phase cyclic C-C stretching / ring-site C-H in-plane bending mixed-phase cyclic C-C stretching 21.71%; ring-site C-H in-plane bending 17.09%; cyclic-ring deformation (C-C-C bend) 13.51%; exocyclic C-C stretching 13.45%
   27     1086.59          --                 --  mixed C-H bending / ring-site C-H in-plane bending / mixed-phase cyclic C-C stretching C-H bending 27.08%; ring-site C-H in-plane bending 23.69%; mixed-phase cyclic C-C stretching 22.09%; C-C-C bending 10.06%
   28     1142.55          --                 --  mixed mixed-phase cyclic C-C stretching / C-H bending          mixed-phase cyclic C-C stretching 29.79%; C-H bending 28.45%; ring-site C-H in-plane bending 9.58%; cyclic-ring torsional/out-of-plane deformation 7.93%
   29     1159.79          --                 --  mixed opposite-phase cyclic C-C stretching / C-H bending / cyclic-ring deformation (C-C-C bend) opposite-phase cyclic C-C stretching 26.85%; C-H bending 16.37%; cyclic-ring deformation (C-C-C bend) 15.78%; exocyclic C-C stretching 14.28%
   30     1183.67          --                 --  mixed ring-site C-H in-plane bending / ring-site C-H out-of-plane bending ring-site C-H in-plane bending 56.16%; ring-site C-H out-of-plane bending 20.45%; mixed-phase cyclic C-C stretching 10.14%; cyclic-ring deformation (C-C-C bend) 4.01%
   31     1205.08          --                 --  mixed ring-site C-H in-plane bending / ring-site C-H out-of-plane bending ring-site C-H in-plane bending 64.72%; ring-site C-H out-of-plane bending 8.35%; C-H bending 8.26%; mixed-phase cyclic C-C stretching 7.11%
   32     1238.28          --                 --  mixed ring-site C-H in-plane bending / C-H bending             ring-site C-H in-plane bending 34.93%; C-H bending 17.46%; mixed-phase cyclic C-C stretching 14.86%; ring-site C-H out-of-plane bending 11.32%
   33     1299.92          --                 --  mixed ring-site C-H in-plane bending / mixed-phase cyclic C-C stretching ring-site C-H in-plane bending 65.02%; mixed-phase cyclic C-C stretching 13.12%; C-C out-of-plane bending 6.35%; C-H bending 4.78%
   34     1309.93          --                 --  mixed ring-site C-H out-of-plane bending / C-H bending / ring-site C-H in-plane bending ring-site C-H out-of-plane bending 30.23%; C-H bending 26.71%; ring-site C-H in-plane bending 19.87%; C-C out-of-plane bending 9.28%
   35     1319.58          --                 --  mixed C-C out-of-plane bending / C-H bending / ring-site C-H in-plane bending C-C out-of-plane bending 46.86%; C-H bending 16.77%; ring-site C-H in-plane bending 16.70%; ring-site C-H out-of-plane bending 11.54%
   36     1359.80          --                 --  mixed ring-site C-H out-of-plane bending / C-H bending / ring-site C-H in-plane bending ring-site C-H out-of-plane bending 32.22%; C-H bending 20.83%; ring-site C-H in-plane bending 18.05%; mixed-phase cyclic C-C stretching 12.08%
   37     1371.84          --                 --  mixed ring-site C-H in-plane bending / ring-site C-H out-of-plane bending ring-site C-H in-plane bending 47.49%; ring-site C-H out-of-plane bending 17.03%; C-H bending 12.57%; in-phase exocyclic C-C stretching 9.21%
   38     1419.09          --                 --  C-H bending                                                    C-H bending 96.99%
   39     1454.11          --                 --  C-H bending                                                    C-H bending 83.39%; ring-site C-H in-plane bending 13.45%
   40     1499.26          --                 --  C-H bending                                                    C-H bending 74.73%; C-C torsion 17.38%; ring-site C-H out-of-plane bending 6.16%
   41     1502.39          --                 --  C-H bending                                                    C-H bending 82.57%; C-C torsion 15.21%
   42     1505.26          --                 --  mixed C-H bending / ring-site C-H out-of-plane bending         C-H bending 41.38%; ring-site C-H out-of-plane bending 37.90%; C-C torsion 13.02%; ring-site C-H in-plane bending 6.18%
   43     1819.36          --                 --  exocyclic C-O stretching                                       exocyclic C-O stretching 84.87%; in-phase cyclic C-C stretching 7.47%; cyclic-ring deformation (C-C-C bend) 4.33%
   44     2354.20          --                 --  C-N stretching                                                 C-N stretching 90.68%; exocyclic C-C stretching 9.17%
   45     2993.25          --                 --  ring-site C-H stretching                                       ring-site C-H stretching 98.27%
   46     3036.30          --                 --  C-H stretching                                                 C-H stretching 94.79%; ring-site C-H stretching 4.84%
   47     3044.53          --                 --  ring-site C-H stretching                                       ring-site C-H stretching 94.67%; in-phase C-H stretching 4.54%
   48     3055.10          --                 --  ring-site C-H stretching                                       ring-site C-H stretching 99.04%
   49     3078.31          --                 --  ring-site C-H stretching                                       ring-site C-H stretching 99.01%
   50     3097.92          --                 --  opposite-phase C-H stretching                                  opposite-phase C-H stretching 97.61%
   51     3114.31          --                 --  mixed-phase ring-site C-H stretching                           mixed-phase ring-site C-H stretching 97.36%
   52     3117.51          --                 --  mixed-phase C-H stretching                                     mixed-phase C-H stretching 97.88%
   53     3120.98          --                 --  mixed-phase ring-site C-H stretching                           mixed-phase ring-site C-H stretching 98.74%

# Selected internal-coordinate set:
#   1  nu(C1-C2)
#   2  nu(C3-C4)
#   3  nu(C5-C6)
#   4  nu(C8-N9)
#   5  nu(C5-H18)
#   6  nu(C3-H15)
#   7  nu(C2-H13)
#   8  nu(C1-H12)
#   9  nu(C4-H16)
#  10  nu(C5-H17)
#  11  nu(C1-H10)
#  12  delta_lin2(C4-C8-N9)
#  13  nu(C3-H14)
#  14  nu(C6-O7)
#  15  delta_lin1(C4-C8-N9)
#  16  nu(C1-H11)
#  17  tau(C4-C5-C6-O7)
#  18  gamma(C3;C2,C1,H13)
#  19  tau(H15-C3-C4-H16)
#  20  delta(C5-C6-O7)
#  21  delta(H17-C5-H18)
#  22  delta(C3-C4-H16)
#  23  delta(H11-C1-H12)
#  24  delta(H10-C1-H11)
#  25  delta(H10-C1-H12)
#  26  tau(H14-C3-C4-C5)
#  27  delta(C1-C2-H13)
#  28  delta(C6-C5-H18)
#  29  delta(C6-C5-H17)
#  30  delta(C4-C3-H14)
#  31  nu(C4-C8)
#  32  delta(C4-C3-H15)
#  33  tau(H15-C3-C4-C8)
#  34  delta(C2-C1-H10)
#  35  delta(C4-C5-H18)
#  36  tau(H11-C1-C2-C6)
#  37  delta(C2-C3-C4)
#  38  nu(C2-C6)
#  39  delta(C2-C1-H12)
#  40  nu(C4-C5)
#  41  nu(C2-C3)
#  42  tau(H12-C1-C2-C3)
#  43  delta(C4-C5-C6)
#  44  delta(C3-C4-C8)
#  45  tau(C1-C2-C6-C5)
#  46  delta(C5-C4-C8)
#  47  tau(C1-C2-C3-C4)
#  48  tau(C8-C4-C5-C6)

Wrote: /local/scratch/mv487/qm9s/experiment_1_phase2/ped/80144/80144_summary.csv
Wrote: /local/scratch/mv487/qm9s/experiment_1_phase2/ped/80144/80144_families.csv
Wrote: /local/scratch/mv487/qm9s/experiment_1_phase2/ped/80144/80144_ped.csv
Wrote: /local/scratch/mv487/qm9s/experiment_1_phase2/ped/80144/80144_ir_transitions.csv

# All generated files are in: /local/scratch/mv487/qm9s/experiment_1_phase2/ped/80144
# Manifest: /local/scratch/mv487/qm9s/experiment_1_phase2/ped/80144/80144_manifest.txt

--- stderr ---
Normal modes/frequencies absent or incomplete: diagonalizing Hessian.
