# Contact: romi@lens.unifi.it
# Manual: https://github.com/SebRoLENS/orca-ped-analyzer/blob/main/docs/ORCA_PED_Analyzer_Manual.md
# Check GitHub for updates and new releases: https://github.com/SebRoLENS/orca-ped-analyzer
#
# Molecule: 18 atoms | non-linear
# Bonds inferred: 20 | candidate ICs: 206 | selected ICs: 48
# Cartesian-Hessian reconstruction relative error: 4.168e-05
# Energy distribution: PED (PED is the backward-compatible default; TED includes kinetic-energy terms)
# Ring/cycle bonds detected: 11 | ring atoms: 9 | ring systems: 1
# VPT2: no matching .out file supplied/found -> harmonic/PED analysis only
#
 Mode   Harm/cm-1   VPT2/cm-1  Harm.Int/km mol-1  Assignment                                                     Grouped PED
------------------------------------------------------------------------------------------------------------------------------------------------------------------------------------------------
    6      146.16          --                 --  mixed ring-site C-H out-of-plane bending / cyclic-ring torsional/out-of-plane deformation ring-site C-H out-of-plane bending 47.28%; cyclic-ring torsional/out-of-plane deformation 42.28%; cyclic-ring deformation (C-C-C bend) 6.39%; cyclic-ring out-of-plane deformation 2.88%
    7      189.21          --                 --  ring-site C-H out-of-plane bending                             ring-site C-H out-of-plane bending 76.66%; cyclic-ring torsional/out-of-plane deformation 19.19%; cyclic-ring deformation (C-C-O bend) 2.76%
    8      302.16          --                 --  mixed ring-site C-H out-of-plane bending / cyclic-ring torsional/out-of-plane deformation ring-site C-H out-of-plane bending 51.88%; cyclic-ring torsional/out-of-plane deformation 39.95%; cyclic-ring deformation (C-C-C bend) 4.01%
    9      374.56          --                 --  mixed ring-site C-H out-of-plane bending / cyclic-ring deformation (C-C-C bend) ring-site C-H out-of-plane bending 56.40%; cyclic-ring deformation (C-C-C bend) 30.82%; cyclic-ring deformation (C-C-N bend) 4.83%; cyclic-ring out-of-plane deformation 2.61%
   10      407.54          --                 --  mixed cyclic-ring out-of-plane deformation / ring-site C-H out-of-plane bending cyclic-ring out-of-plane deformation 45.68%; ring-site C-H out-of-plane bending 44.60%; cyclic-ring torsional/out-of-plane deformation 2.38%; ring-site C-H in-plane bending 2.03%
   11      456.68          --                 --  mixed ring-site C-H out-of-plane bending / cyclic-ring deformation (C-C-N bend) ring-site C-H out-of-plane bending 44.79%; cyclic-ring deformation (C-C-N bend) 14.72%; cyclic-ring deformation (C-C-C bend) 10.95%; cyclic-ring torsional/out-of-plane deformation 9.75%
   12      522.24          --                 --  mixed cyclic-ring torsional/out-of-plane deformation / cyclic-ring deformation (C-C-O bend) / ring-site C-H out-of-plane bending cyclic-ring torsional/out-of-plane deformation 43.55%; cyclic-ring deformation (C-C-O bend) 19.39%; ring-site C-H out-of-plane bending 17.43%; ring-site C-H in-plane bending 6.88%
   13      538.40          --                 --  mixed cyclic-ring torsional/out-of-plane deformation / ring-site C-H out-of-plane bending cyclic-ring torsional/out-of-plane deformation 58.70%; ring-site C-H out-of-plane bending 17.75%; cyclic-ring out-of-plane deformation 5.06%; cyclic-ring deformation (C-C-C bend) 4.77%
   14      639.48          --                 --  mixed ring-site C-H out-of-plane bending / cyclic-ring deformation (C-C-C bend) / cyclic-ring torsional/out-of-plane deformation ring-site C-H out-of-plane bending 41.29%; cyclic-ring deformation (C-C-C bend) 20.00%; cyclic-ring torsional/out-of-plane deformation 17.89%; cyclic C-C stretching 10.14%
   15      733.83          --                 --  mixed ring-site C-H out-of-plane bending / mixed-phase cyclic C-C stretching ring-site C-H out-of-plane bending 57.00%; mixed-phase cyclic C-C stretching 13.25%; cyclic-ring deformation (C-C-C bend) 9.70%; ring-site C-H in-plane bending 8.17%
   16      799.98          --                 --  mixed ring-site C-H out-of-plane bending / cyclic C-C stretching ring-site C-H out-of-plane bending 26.70%; cyclic C-C stretching 17.01%; cyclic-ring deformation (C-C-C bend) 14.10%; cyclic-ring deformation (O-C-N bend) 12.95%
   17      841.96          --                 --  mixed ring-site C-H out-of-plane bending / cyclic C-C stretching ring-site C-H out-of-plane bending 30.73%; cyclic C-C stretching 28.92%; cyclic-ring torsional/out-of-plane deformation 13.68%; cyclic-ring out-of-plane deformation 13.57%
   18      861.07          --                 --  ring-site C-H out-of-plane bending                             ring-site C-H out-of-plane bending 78.00%; opposite-phase cyclic C-C stretching 8.06%; ring-site C-H in-plane bending 7.57%; cyclic-ring deformation (C-C-C bend) 2.97%
   19      872.55          --                 --  mixed ring-site C-H out-of-plane bending / cyclic-ring out-of-plane deformation ring-site C-H out-of-plane bending 30.73%; cyclic-ring out-of-plane deformation 17.81%; mixed-phase cyclic C-C stretching 10.80%; in-phase cyclic C-O stretching 9.47%
   20      921.78          --                 --  mixed ring-site C-H out-of-plane bending / cyclic C-O stretching ring-site C-H out-of-plane bending 39.61%; cyclic C-O stretching 28.45%; mixed-phase cyclic C-C stretching 13.99%; cyclic-ring out-of-plane deformation 9.19%
   21      932.95          --                 --  mixed ring-site C-H out-of-plane bending / cyclic-ring out-of-plane deformation ring-site C-H out-of-plane bending 52.17%; cyclic-ring out-of-plane deformation 26.32%; mixed-phase cyclic C-C stretching 10.83%; ring-site C-H in-plane bending 3.33%
   22      945.45          --                 --  mixed ring-site C-H out-of-plane bending / cyclic-ring torsional/out-of-plane deformation ring-site C-H out-of-plane bending 62.26%; cyclic-ring torsional/out-of-plane deformation 18.73%; cyclic C-C stretching 8.41%; cyclic-ring out-of-plane deformation 3.21%
   23      957.11          --                 --  mixed ring-site C-H out-of-plane bending / in-phase cyclic C-C stretching ring-site C-H out-of-plane bending 68.02%; in-phase cyclic C-C stretching 6.64%; ring-site C-H in-plane bending 5.90%; cyclic-ring deformation (C-C-C bend) 5.40%
   24      990.64          --                 --  ring-site C-H out-of-plane bending                             ring-site C-H out-of-plane bending 85.64%; cyclic-ring out-of-plane deformation 3.55%; cyclic C-C stretching 3.35%
   25     1022.31          --                 --  mixed ring-site C-H out-of-plane bending / opposite-phase cyclic C-C stretching / ring-site C-H in-plane bending ring-site C-H out-of-plane bending 37.75%; opposite-phase cyclic C-C stretching 29.74%; ring-site C-H in-plane bending 17.87%; cyclic C-N stretching 5.10%
   26     1039.69          --                 --  mixed ring-site C-H out-of-plane bending / mixed-phase cyclic C-C stretching ring-site C-H out-of-plane bending 58.59%; mixed-phase cyclic C-C stretching 19.26%; ring-site C-H in-plane bending 6.72%; cyclic-ring deformation (C-C-C bend) 4.87%
   27     1053.57          --                 --  mixed ring-site C-H in-plane bending / ring-site C-H out-of-plane bending ring-site C-H in-plane bending 35.40%; ring-site C-H out-of-plane bending 32.16%; mixed-phase cyclic C-C stretching 10.92%; cyclic-ring out-of-plane deformation 10.17%
   28     1086.50          --                 --  mixed ring-site C-H out-of-plane bending / cyclic-ring out-of-plane deformation ring-site C-H out-of-plane bending 46.08%; cyclic-ring out-of-plane deformation 38.84%; ring-site C-H in-plane bending 6.80%; mixed-phase cyclic C-C stretching 4.83%
   29     1116.49          --                 --  mixed mixed-phase cyclic C-O stretching / cyclic-ring deformation (O-C-N bend) mixed-phase cyclic C-O stretching 45.80%; cyclic-ring deformation (O-C-N bend) 17.37%; ring-site C-H in-plane bending 12.17%; ring-site C-H out-of-plane bending 7.90%
   30     1148.27          --                 --  mixed ring-site C-H out-of-plane bending / mixed-phase cyclic C-C stretching ring-site C-H out-of-plane bending 57.07%; mixed-phase cyclic C-C stretching 13.13%; ring-site C-H in-plane bending 9.72%; cyclic-ring deformation (C-C-C bend) 8.43%
   31     1186.85          --                 --  mixed ring-site C-H out-of-plane bending / mixed-phase cyclic C-C stretching ring-site C-H out-of-plane bending 58.03%; mixed-phase cyclic C-C stretching 13.09%; ring-site C-H in-plane bending 10.54%; cyclic-ring deformation (C-C-C bend) 4.71%
   32     1231.41          --                 --  ring-site C-H out-of-plane bending                             ring-site C-H out-of-plane bending 76.96%; ring-site C-H in-plane bending 5.52%; cyclic-ring out-of-plane deformation 5.44%; opposite-phase cyclic C-C stretching 2.91%
   33     1242.48          --                 --  mixed ring-site C-H out-of-plane bending / C-C out-of-plane bending / mixed-phase cyclic C-C stretching ring-site C-H out-of-plane bending 40.17%; C-C out-of-plane bending 34.99%; mixed-phase cyclic C-C stretching 16.52%; cyclic-ring out-of-plane deformation 4.00%
   34     1264.02          --                 --  mixed ring-site C-H out-of-plane bending / ring-site C-H in-plane bending / cyclic C-C stretching ring-site C-H out-of-plane bending 36.74%; ring-site C-H in-plane bending 29.09%; cyclic C-C stretching 16.10%; cyclic C-N stretching 6.86%
   35     1280.10          --                 --  mixed ring-site C-H out-of-plane bending / C-C out-of-plane bending / ring-site C-H in-plane bending ring-site C-H out-of-plane bending 33.49%; C-C out-of-plane bending 19.87%; ring-site C-H in-plane bending 17.38%; mixed-phase cyclic C-C stretching 11.79%
   36     1300.32          --                 --  mixed ring-site C-H out-of-plane bending / ring-site C-H in-plane bending / C-C out-of-plane bending ring-site C-H out-of-plane bending 34.20%; ring-site C-H in-plane bending 20.44%; C-C out-of-plane bending 16.94%; mixed-phase cyclic C-C stretching 10.81%
   37     1350.65          --                 --  mixed ring-site C-H in-plane bending / ring-site C-H out-of-plane bending ring-site C-H in-plane bending 56.41%; ring-site C-H out-of-plane bending 25.90%; cyclic C-C stretching 10.09%; cyclic C-N stretching 2.71%
   38     1368.12          --                 --  mixed ring-site C-H in-plane bending / mixed-phase cyclic C-C stretching ring-site C-H in-plane bending 33.27%; mixed-phase cyclic C-C stretching 32.56%; ring-site C-H out-of-plane bending 12.99%; cyclic-ring deformation (C-C-N bend) 9.57%
   39     1404.15          --                 --  mixed ring-site C-H in-plane bending / ring-site C-H out-of-plane bending ring-site C-H in-plane bending 64.92%; ring-site C-H out-of-plane bending 20.45%; mixed-phase cyclic C-C stretching 8.63%
   40     1417.13          --                 --  ring-site C-H in-plane bending                                 ring-site C-H in-plane bending 75.60%; cyclic C-N stretching 12.01%; cyclic C-C stretching 3.09%; cyclic-ring out-of-plane deformation 2.39%
   41     1485.84          --                 --  mixed ring-site C-H out-of-plane bending / C-H bending         ring-site C-H out-of-plane bending 62.08%; C-H bending 20.58%; cyclic-ring out-of-plane deformation 5.97%; in-phase cyclic C-C stretching 5.49%
   42     1502.13          --                 --  mixed ring-site C-H out-of-plane bending / C-H bending         ring-site C-H out-of-plane bending 66.43%; C-H bending 23.99%; in-phase cyclic C-C stretching 3.27%; cyclic-ring out-of-plane deformation 2.83%
   43     1508.99          --                 --  ring-site C-H out-of-plane bending                             ring-site C-H out-of-plane bending 73.61%; ring-site C-H in-plane bending 13.10%; C-H bending 10.02%
   44     1678.26          --                 --  cyclic C-N stretching                                          cyclic C-N stretching 81.91%; cyclic C-O stretching 7.03%; ring-site C-H in-plane bending 4.55%; cyclic-ring deformation (O-C-N bend) 3.24%
   45     3029.53          --                 --  ring-site C-H stretching                                       ring-site C-H stretching 99.08%
   46     3043.56          --                 --  mixed-phase ring-site C-H stretching                           mixed-phase ring-site C-H stretching 99.11%
   47     3050.75          --                 --  ring-site C-H stretching                                       ring-site C-H stretching 99.08%
   48     3091.36          --                 --  mixed-phase ring-site C-H stretching                           mixed-phase ring-site C-H stretching 98.68%
   49     3091.81          --                 --  mixed-phase ring-site C-H stretching                           mixed-phase ring-site C-H stretching 98.68%
   50     3117.48          --                 --  mixed-phase ring-site C-H stretching                           mixed-phase ring-site C-H stretching 99.36%
   51     3169.92          --                 --  ring-site C-H stretching                                       ring-site C-H stretching 98.73%
   52     3184.56          --                 --  mixed-phase ring-site C-H stretching                           mixed-phase ring-site C-H stretching 98.66%
   53     3199.86          --                 --  mixed-phase ring-site C-H stretching                           mixed-phase ring-site C-H stretching 99.21%

# Selected internal-coordinate set:
#   1  nu(C1-C2)
#   2  nu(C3-H14)
#   3  nu(C4-C5)
#   4  nu(O6-C7)
#   5  nu(N8-C9)
#   6  nu(C3-H13)
#   7  nu(C5-H16)
#   8  nu(C7-H18)
#   9  nu(C4-H15)
#  10  nu(C1-H11)
#  11  nu(C2-H12)
#  12  tau(O6-C7-N8-C9)
#  13  tau(H11-C1-C2-H12)
#  14  tau(H15-C4-C5-H16)
#  15  tau(H18-C7-N8-C9)
#  16  gamma(C4;C3,H13,H14)
#  17  nu(C5-H17)
#  18  delta(C4-C9-N8)
#  19  nu(C1-H10)
#  20  nu(C5-O6)
#  21  tau(H10-C1-C2-H12)
#  22  delta(H13-C3-H14)
#  23  nu(C7-N8)
#  24  delta(C1-C2-H12)
#  25  delta(C5-C4-H15)
#  26  tau(C9-C4-C5-H17)
#  27  nu(C4-C9)
#  28  delta(C4-C5-H16)
#  29  delta(C2-C1-H10)
#  30  delta(N8-C7-H18)
#  31  tau(H11-C1-C9-C4)
#  32  gamma(C9;C1,C2,H11)
#  33  tau(H17-C5-O6-C7)
#  34  delta(C4-C5-O6)
#  35  gamma(H13;C3,C2,C4)
#  36  tau(H15-C4-C5-O6)
#  37  delta(C3-C2-C9)
#  38  tau(C7-N8-C9-C1)
#  39  delta(O6-C7-N8)
#  40  nu(C2-C3)
#  41  nu(C1-C9)
#  42  nu(C3-C4)
#  43  tau(C1-C2-C3-H13)
#  44  delta(C3-C4-C5)
#  45  delta(C4-C5-H17)
#  46  gamma(C3;C2,C1,C9)
#  47  gamma(C9;C1,C2,H10)
#  48  tau(H13-C3-C4-H15)

Wrote: /local/scratch/mv487/qm9s/experiment_1_phase2/ped/35599/35599_summary.csv
Wrote: /local/scratch/mv487/qm9s/experiment_1_phase2/ped/35599/35599_families.csv
Wrote: /local/scratch/mv487/qm9s/experiment_1_phase2/ped/35599/35599_ped.csv
Wrote: /local/scratch/mv487/qm9s/experiment_1_phase2/ped/35599/35599_ir_transitions.csv

# All generated files are in: /local/scratch/mv487/qm9s/experiment_1_phase2/ped/35599
# Manifest: /local/scratch/mv487/qm9s/experiment_1_phase2/ped/35599/35599_manifest.txt

--- stderr ---
Normal modes/frequencies absent or incomplete: diagonalizing Hessian.
