# Contact: romi@lens.unifi.it
# Manual: https://github.com/SebRoLENS/orca-ped-analyzer/blob/main/docs/ORCA_PED_Analyzer_Manual.md
# Check GitHub for updates and new releases: https://github.com/SebRoLENS/orca-ped-analyzer
#
# Molecule: 16 atoms | non-linear
# Bonds inferred: 16 | candidate ICs: 135 | selected ICs: 42
# Cartesian-Hessian reconstruction relative error: 2.971e-05
# Energy distribution: PED (PED is the backward-compatible default; TED includes kinetic-energy terms)
# Ring/cycle bonds detected: 4 | ring atoms: 4 | ring systems: 1
# VPT2: no matching .out file supplied/found -> harmonic/PED analysis only
#
 Mode   Harm/cm-1   VPT2/cm-1  Harm.Int/km mol-1  Assignment                                                     Grouped PED
------------------------------------------------------------------------------------------------------------------------------------------------------------------------------------------------
    6       75.46          --                 --  mixed cyclic-ring torsional/out-of-plane deformation / ring-site C-H out-of-plane bending cyclic-ring torsional/out-of-plane deformation 60.88%; ring-site C-H out-of-plane bending 33.64%; cyclic-ring deformation (C-C-C bend) 2.40%
    7      117.05          --                 --  mixed cyclic-ring torsional/out-of-plane deformation / C-O torsion / ring-site C-H out-of-plane bending cyclic-ring torsional/out-of-plane deformation 40.44%; C-O torsion 35.80%; ring-site C-H out-of-plane bending 21.29%; cyclic-ring deformation (C-C-C bend) 2.22%
    8      166.00          --                 --  mixed C-O torsion / O-C-C bending / cyclic-ring torsional/out-of-plane deformation C-O torsion 30.56%; O-C-C bending 22.57%; cyclic-ring torsional/out-of-plane deformation 21.72%; ring-site C-H out-of-plane bending 16.25%
    9      195.67          --                 --  C-O torsion                                                    C-O torsion 94.53%; cyclic-ring torsional/out-of-plane deformation 3.33%
   10      220.98          --                 --  mixed C-O torsion / ring-site C-H out-of-plane bending         C-O torsion 45.82%; ring-site C-H out-of-plane bending 22.42%; cyclic-ring torsional/out-of-plane deformation 13.29%; O-C-C bending 8.49%
   11      320.47          --                 --  mixed cyclic-ring torsional/out-of-plane deformation / C-O torsion / C-O-C bending cyclic-ring torsional/out-of-plane deformation 27.99%; C-O torsion 24.74%; C-O-C bending 23.11%; ring-site C-H out-of-plane bending 11.56%
   12      394.18          --                 --  mixed C-O torsion / cyclic-ring torsional/out-of-plane deformation / ring-site C-H out-of-plane bending C-O torsion 40.82%; cyclic-ring torsional/out-of-plane deformation 22.61%; ring-site C-H out-of-plane bending 18.34%; mixed-phase cyclic C-C stretching 5.80%
   13      407.21          --                 --  mixed cyclic-ring torsional/out-of-plane deformation / ring-site C-H out-of-plane bending / C-O torsion cyclic-ring torsional/out-of-plane deformation 35.97%; ring-site C-H out-of-plane bending 27.89%; C-O torsion 19.33%; O-C-C bending 7.12%
   14      427.90          --                 --  mixed ring-site C-H out-of-plane bending / cyclic-ring torsional/out-of-plane deformation ring-site C-H out-of-plane bending 42.85%; cyclic-ring torsional/out-of-plane deformation 20.49%; C-O torsion 12.52%; ring-site C-H in-plane bending 7.00%
   15      561.62          --                 --  mixed ring-site C-H out-of-plane bending / mixed-phase cyclic C-C stretching ring-site C-H out-of-plane bending 35.19%; mixed-phase cyclic C-C stretching 17.71%; C-O out-of-plane bending 12.86%; O-C-C bending 11.99%
   16      583.65          --                 --  mixed cyclic-ring torsional/out-of-plane deformation / ring-site C-H out-of-plane bending / cyclic-ring deformation (C-C-C bend) cyclic-ring torsional/out-of-plane deformation 30.08%; ring-site C-H out-of-plane bending 25.65%; cyclic-ring deformation (C-C-C bend) 18.32%; O-C-C bending 9.45%
   17      709.71          --                 --  mixed mixed-phase cyclic C-C stretching / ring-site C-H out-of-plane bending mixed-phase cyclic C-C stretching 36.62%; ring-site C-H out-of-plane bending 25.80%; cyclic-ring torsional/out-of-plane deformation 11.05%; ring-site C-H in-plane bending 10.40%
   18      758.22          --                 --  mixed in-phase cyclic C-C stretching / cyclic-ring deformation (C-C-C bend) in-phase cyclic C-C stretching 26.11%; cyclic-ring deformation (C-C-C bend) 25.45%; O-C-C bending 13.89%; cyclic-ring torsional/out-of-plane deformation 11.32%
   19      822.61          --                 --  mixed cyclic C-C stretching / exocyclic C-O stretching         cyclic C-C stretching 26.30%; exocyclic C-O stretching 20.89%; ring-site C-H out-of-plane bending 11.78%; ring-site C-H in-plane bending 11.66%
   20      876.90          --                 --  mixed mixed-phase cyclic C-C stretching / cyclic-ring deformation (C-C-C bend) mixed-phase cyclic C-C stretching 60.16%; cyclic-ring deformation (C-C-C bend) 9.32%; O-C-C bending 8.13%; ring-site C-H out-of-plane bending 6.67%
   21      967.95          --                 --  mixed cyclic-ring deformation (C-C-C bend) / mixed-phase cyclic C-C stretching / ring-site C-H out-of-plane bending cyclic-ring deformation (C-C-C bend) 31.07%; mixed-phase cyclic C-C stretching 23.03%; ring-site C-H out-of-plane bending 15.32%; cyclic-ring torsional/out-of-plane deformation 6.60%
   22     1016.10          --                 --  mixed cyclic C-C stretching / cyclic-ring deformation (C-C-C bend) / ring-site C-H out-of-plane bending cyclic C-C stretching 26.26%; cyclic-ring deformation (C-C-C bend) 20.03%; ring-site C-H out-of-plane bending 15.38%; cyclic-ring torsional/out-of-plane deformation 13.59%
   23     1052.76          --                 --  mixed ring-site C-H out-of-plane bending / cyclic-ring torsional/out-of-plane deformation / mixed-phase cyclic C-C stretching ring-site C-H out-of-plane bending 25.65%; cyclic-ring torsional/out-of-plane deformation 24.72%; mixed-phase cyclic C-C stretching 20.95%; O-C-C bending 10.90%
   24     1076.56          --                 --  mixed C-O stretching / ring-site C-H out-of-plane bending / ring-site C-H in-plane bending C-O stretching 26.45%; ring-site C-H out-of-plane bending 25.50%; ring-site C-H in-plane bending 18.01%; mixed-phase cyclic C-C stretching 12.90%
   25     1123.52          --                 --  mixed ring-site C-H out-of-plane bending / opposite-phase exocyclic C-O stretching / C-O stretching ring-site C-H out-of-plane bending 26.32%; opposite-phase exocyclic C-O stretching 22.07%; C-O stretching 20.81%; ring-site C-H in-plane bending 6.51%
   26     1165.48          --                 --  mixed exocyclic C-O stretching / ring-site C-H out-of-plane bending exocyclic C-O stretching 35.75%; ring-site C-H out-of-plane bending 14.07%; ring-site C-H in-plane bending 11.49%; O-H bending 10.85%
   27     1173.54          --                 --  mixed ring-site C-H out-of-plane bending / C-H bending         ring-site C-H out-of-plane bending 35.22%; C-H bending 29.19%; mixed-phase cyclic C-C stretching 8.77%; ring-site C-H in-plane bending 6.60%
   28     1179.18          --                 --  C-H bending                                                    C-H bending 80.22%; C-O torsion 8.21%; ring-site C-H out-of-plane bending 6.54%
   29     1212.85          --                 --  mixed ring-site C-H out-of-plane bending / C-H bending         ring-site C-H out-of-plane bending 36.86%; C-H bending 30.03%; cyclic C-C stretching 9.79%; exocyclic C-O stretching 7.94%
   30     1249.03          --                 --  mixed ring-site C-H out-of-plane bending / C-H bending         ring-site C-H out-of-plane bending 38.62%; C-H bending 16.68%; C-O out-of-plane bending 12.13%; ring-site C-H in-plane bending 9.01%
   31     1255.16          --                 --  mixed ring-site C-H out-of-plane bending / ring-site C-H in-plane bending ring-site C-H out-of-plane bending 40.80%; ring-site C-H in-plane bending 25.42%; mixed-phase cyclic C-C stretching 7.30%; C-O out-of-plane bending 7.24%
   32     1315.56          --                 --  mixed O-H bending / exocyclic C-O stretching / ring-site C-H out-of-plane bending O-H bending 22.72%; exocyclic C-O stretching 15.76%; ring-site C-H out-of-plane bending 15.47%; C-O out-of-plane bending 15.03%
   33     1375.08          --                 --  mixed ring-site C-H out-of-plane bending / ring-site C-H in-plane bending ring-site C-H out-of-plane bending 57.40%; ring-site C-H in-plane bending 20.65%; C-H bending 8.49%; in-phase cyclic C-C stretching 4.50%
   34     1424.91          --                 --  mixed ring-site C-H out-of-plane bending / O-H bending         ring-site C-H out-of-plane bending 54.00%; O-H bending 19.24%; C-O out-of-plane bending 11.36%; ring-site C-H in-plane bending 6.20%
   35     1442.85          --                 --  mixed ring-site C-H out-of-plane bending / O-H bending         ring-site C-H out-of-plane bending 54.85%; O-H bending 13.88%; C-O out-of-plane bending 10.66%; ring-site C-H in-plane bending 8.87%
   36     1482.83          --                 --  mixed C-H bending / C-O torsion                                C-H bending 72.95%; C-O torsion 21.61%
   37     1491.13          --                 --  mixed C-O torsion / C-H bending                                C-O torsion 49.84%; C-H bending 47.64%
   38     1508.98          --                 --  C-H bending                                                    C-H bending 91.06%; C-O torsion 8.06%
   39     1874.00          --                 --  exocyclic C-O stretching                                       exocyclic C-O stretching 83.88%; in-phase cyclic C-C stretching 10.29%; cyclic-ring deformation (C-C-C bend) 4.38%
   40     2994.43          --                 --  C-H stretching                                                 C-H stretching 99.35%
   41     3041.43          --                 --  mixed-phase ring-site C-H stretching                           mixed-phase ring-site C-H stretching 93.72%; opposite-phase C-H stretching 5.06%
   42     3046.09          --                 --  opposite-phase C-H stretching                                  opposite-phase C-H stretching 94.14%; opposite-phase ring-site C-H stretching 5.28%
   43     3051.22          --                 --  mixed-phase ring-site C-H stretching                           mixed-phase ring-site C-H stretching 98.97%
   44     3066.33          --                 --  ring-site C-H stretching                                       ring-site C-H stretching 98.58%
   45     3126.63          --                 --  mixed-phase ring-site C-H stretching                           mixed-phase ring-site C-H stretching 93.71%; C-H stretching 5.69%
   46     3127.73          --                 --  C-H stretching                                                 C-H stretching 93.81%; mixed-phase ring-site C-H stretching 5.66%
   47     3769.72          --                 --  O-H stretching                                                 O-H stretching 99.93%

# Selected internal-coordinate set:
#   1  nu(C1-O2)
#   2  nu(C3-C4)
#   3  nu(C5-O6)
#   4  nu(C7-H15)
#   5  nu(O8-H16)
#   6  nu(C1-H9)
#   7  nu(C3-C7)
#   8  nu(C4-H13)
#   9  nu(C1-H11)
#  10  tau(O6-C5-C7-C3)
#  11  nu(C4-H14)
#  12  nu(C7-O8)
#  13  nu(C1-H10)
#  14  nu(C3-H12)
#  15  tau(H15-C7-O8-H16)
#  16  delta(O6-C5-C7)
#  17  nu(O2-C3)
#  18  gamma(H14;C4,C3,H13)
#  19  gamma(O8;C7,C3,H15)
#  20  tau(H9-C1-O2-C3)
#  21  delta(H10-C1-H11)
#  22  delta(C7-O8-H16)
#  23  delta(O2-C1-H10)
#  24  delta(O2-C1-H11)
#  25  delta(C3-C4-H13)
#  26  tau(H14-C4-C5-C7)
#  27  delta(C7-C3-H12)
#  28  delta(O2-C1-H9)
#  29  tau(H12-C3-C7-C5)
#  30  tau(C4-C5-C7-H15)
#  31  nu(C5-C7)
#  32  tau(O2-C3-C4-H13)
#  33  nu(C4-C5)
#  34  tau(C4-C5-C7-O8)
#  35  tau(H11-C1-O2-C3)
#  36  tau(C4-C5-C7-C3)
#  37  tau(O2-C3-C7-H15)
#  38  tau(C1-O2-C3-C7)
#  39  delta(C1-O2-C3)
#  40  tau(O2-C3-C7-C5)
#  41  delta(O2-C3-C7)
#  42  delta(C3-C4-C5)

Wrote: /local/scratch/mv487/qm9s/experiment_1_phase2/ped/11151/11151_summary.csv
Wrote: /local/scratch/mv487/qm9s/experiment_1_phase2/ped/11151/11151_families.csv
Wrote: /local/scratch/mv487/qm9s/experiment_1_phase2/ped/11151/11151_ped.csv
Wrote: /local/scratch/mv487/qm9s/experiment_1_phase2/ped/11151/11151_ir_transitions.csv

# All generated files are in: /local/scratch/mv487/qm9s/experiment_1_phase2/ped/11151
# Manifest: /local/scratch/mv487/qm9s/experiment_1_phase2/ped/11151/11151_manifest.txt

--- stderr ---
Normal modes/frequencies absent or incomplete: diagonalizing Hessian.
