# Contact: romi@lens.unifi.it
# Manual: https://github.com/SebRoLENS/orca-ped-analyzer/blob/main/docs/ORCA_PED_Analyzer_Manual.md
# Check GitHub for updates and new releases: https://github.com/SebRoLENS/orca-ped-analyzer
#
# Molecule: 17 atoms | non-linear
# Bonds inferred: 17 | candidate ICs: 139 | selected ICs: 45
# Cartesian-Hessian reconstruction relative error: 1.468e-05
# Energy distribution: PED (PED is the backward-compatible default; TED includes kinetic-energy terms)
# Ring/cycle bonds detected: 3 | ring atoms: 3 | ring systems: 1
# VPT2: no matching .out file supplied/found -> harmonic/PED analysis only
#
 Mode   Harm/cm-1   VPT2/cm-1  Harm.Int/km mol-1  Assignment                                                     Grouped PED
------------------------------------------------------------------------------------------------------------------------------------------------------------------------------------------------
    6       63.85          --                 --  C-N torsion                                                    C-N torsion 80.19%; C-H bending 18.09%
    7       77.33          --                 --  C-C torsion                                                    C-C torsion 74.89%; C-N torsion 14.74%; cyclic-ring torsional/out-of-plane deformation 4.72%; C-C out-of-plane bending 2.06%
    8      111.55          --                 --  C-N torsion                                                    C-N torsion 70.69%; C-C torsion 12.24%; cyclic-ring out-of-plane deformation 7.15%; C-C out-of-plane bending 4.99%
    9      174.51          --                 --  C-C torsion                                                    C-C torsion 87.08%; ring-site C-H out-of-plane bending 6.25%; N-C-C bending 2.74%
   10      196.39          --                 --  mixed C-C torsion / C-N torsion                                C-C torsion 58.55%; C-N torsion 29.72%; cyclic-ring torsional/out-of-plane deformation 3.86%; C-C out-of-plane bending 2.70%
   11      215.92          --                 --  C-C torsion                                                    C-C torsion 79.12%; C-N torsion 9.89%; ring-site C-H out-of-plane bending 2.91%; N-C-C bending 2.79%
   12      316.68          --                 --  mixed C-N-C bending / ring-site C-H out-of-plane bending       C-N-C bending 25.61%; ring-site C-H out-of-plane bending 24.04%; C-C out-of-plane bending 10.66%; N-C-O bending 9.54%
   13      386.18          --                 --  mixed C-C out-of-plane bending / O-C-C bending / cyclic-ring torsional/out-of-plane deformation C-C out-of-plane bending 31.14%; O-C-C bending 23.04%; cyclic-ring torsional/out-of-plane deformation 16.52%; C-C torsion 9.32%
   14      440.20          --                 --  mixed cyclic-ring torsional/out-of-plane deformation / O-C-C bending cyclic-ring torsional/out-of-plane deformation 21.50%; O-C-C bending 20.23%; C-H bending 10.06%; exocyclic C-C stretching 9.09%
   15      502.20          --                 --  mixed ring-site C-H out-of-plane bending / C-C torsion         ring-site C-H out-of-plane bending 19.16%; C-C torsion 12.27%; C-C out-of-plane bending 11.50%; C-N torsion 10.69%
   16      607.98          --                 --  mixed C-N torsion / ring-site C-H out-of-plane bending         C-N torsion 34.57%; ring-site C-H out-of-plane bending 21.70%; C-C torsion 8.92%; N-C-C bending 5.34%
   17      641.17          --                 --  mixed C-N torsion / ring-site C-H out-of-plane bending         C-N torsion 42.03%; ring-site C-H out-of-plane bending 10.80%; cyclic-ring out-of-plane deformation 8.21%; N-C-O bending 7.95%
   18      760.63          --                 --  mixed mixed-phase cyclic C-O stretching / C-N torsion          mixed-phase cyclic C-O stretching 34.99%; C-N torsion 21.04%; C-C torsion 8.66%; exocyclic C-C stretching 7.84%
   19      792.19          --                 --  mixed C-H bending / opposite-phase cyclic C-O stretching       C-H bending 15.92%; opposite-phase cyclic C-O stretching 14.81%; cyclic-ring out-of-plane deformation 11.99%; C-N torsion 9.32%
   20      834.95          --                 --  mixed cyclic C-O stretching / cyclic C-C stretching            cyclic C-O stretching 22.79%; cyclic C-C stretching 17.88%; C-H bending 9.12%; exocyclic C-C stretching 9.10%
   21      884.24          --                 --  mixed cyclic C-O stretching / C-H bending                      cyclic C-O stretching 15.78%; C-H bending 14.89%; in-phase C-N stretching 13.21%; C-C out-of-plane bending 9.99%
   22      977.95          --                 --  mixed C-H bending / cyclic C-O stretching / mixed-phase exocyclic C-C stretching C-H bending 36.69%; cyclic C-O stretching 25.18%; mixed-phase exocyclic C-C stretching 19.38%; ring-site C-H out-of-plane bending 5.73%
   23     1022.71          --                 --  mixed C-C torsion / C-C out-of-plane bending / ring-site C-H out-of-plane bending C-C torsion 26.08%; C-C out-of-plane bending 23.88%; ring-site C-H out-of-plane bending 19.66%; C-H bending 13.04%
   24     1077.74          --                 --  mixed C-C out-of-plane bending / C-H bending / ring-site C-H in-plane bending C-C out-of-plane bending 29.95%; C-H bending 25.99%; ring-site C-H in-plane bending 19.63%; C-C torsion 4.91%
   25     1104.83          --                 --  mixed C-N stretching / C-H bending                             C-N stretching 31.36%; C-H bending 23.06%; exocyclic C-C stretching 9.40%; C-C out-of-plane bending 8.15%
   26     1151.25          --                 --  C-H bending                                                    C-H bending 93.61%; C-N torsion 3.47%
   27     1159.54          --                 --  mixed C-C out-of-plane bending / ring-site C-H out-of-plane bending / ring-site C-H in-plane bending C-C out-of-plane bending 29.16%; ring-site C-H out-of-plane bending 23.54%; ring-site C-H in-plane bending 21.67%; C-H bending 8.05%
   28     1172.44          --                 --  mixed C-H bending / C-C out-of-plane bending / ring-site C-H in-plane bending C-H bending 34.79%; C-C out-of-plane bending 20.44%; ring-site C-H in-plane bending 18.37%; exocyclic C-C stretching 9.94%
   29     1178.81          --                 --  C-H bending                                                    C-H bending 75.00%; C-N-C bending 7.47%; C-N stretching 3.23%; C-O stretching 2.97%
   30     1266.61          --                 --  mixed ring-site C-H in-plane bending / ring-site C-H out-of-plane bending ring-site C-H in-plane bending 31.35%; ring-site C-H out-of-plane bending 13.83%; mixed-phase C-N stretching 12.00%; N-H bending 10.44%
   31     1288.73          --                 --  mixed ring-site C-H in-plane bending / ring-site C-H out-of-plane bending ring-site C-H in-plane bending 43.73%; ring-site C-H out-of-plane bending 13.64%; cyclic C-C stretching 9.42%; exocyclic C-C stretching 6.97%
   32     1378.59          --                 --  mixed ring-site C-H in-plane bending / C-C out-of-plane bending ring-site C-H in-plane bending 40.68%; C-C out-of-plane bending 28.79%; C-H out-of-plane bending 6.21%; exocyclic C-C stretching 6.14%
   33     1419.92          --                 --  mixed C-H out-of-plane bending / C-H bending                   C-H out-of-plane bending 61.54%; C-H bending 31.83%
   34     1447.82          --                 --  C-H bending                                                    C-H bending 77.13%; ring-site C-H in-plane bending 7.87%; C-C out-of-plane bending 3.84%; cyclic C-C stretching 2.65%
   35     1453.79          --                 --  mixed C-H bending / ring-site C-H in-plane bending             C-H bending 42.55%; ring-site C-H in-plane bending 20.97%; C-C out-of-plane bending 8.78%; cyclic C-C stretching 8.51%
   36     1492.77          --                 --  mixed C-C torsion / C-H bending                                C-C torsion 67.93%; C-H bending 21.23%; cyclic C-C stretching 3.49%; C-C out-of-plane bending 3.49%
   37     1499.36          --                 --  C-H bending                                                    C-H bending 89.83%; N-H bending 4.77%; opposite-phase C-N stretching 3.21%
   38     1503.66          --                 --  mixed C-H bending / C-H out-of-plane bending                   C-H bending 46.87%; C-H out-of-plane bending 25.44%; ring-site C-H in-plane bending 7.18%; C-C torsion 7.11%
   39     1506.34          --                 --  C-H bending                                                    C-H bending 98.78%
   40     1574.90          --                 --  mixed N-H bending / C-H bending / mixed-phase C-N stretching   N-H bending 37.36%; C-H bending 28.22%; mixed-phase C-N stretching 25.61%; N-C-O bending 4.25%
   41     1747.79          --                 --  C-O stretching                                                 C-O stretching 71.64%; C-N stretching 8.39%; N-C-C bending 7.95%; exocyclic C-C stretching 2.77%
   42     3031.35          --                 --  C-H stretching                                                 C-H stretching 99.63%
   43     3039.84          --                 --  C-H stretching                                                 C-H stretching 99.35%
   44     3081.23          --                 --  opposite-phase C-H stretching                                  opposite-phase C-H stretching 99.50%
   45     3097.20          --                 --  opposite-phase C-H stretching                                  opposite-phase C-H stretching 99.39%
   46     3101.14          --                 --  ring-site C-H stretching                                       ring-site C-H stretching 87.56%; mixed-phase C-H stretching 11.15%
   47     3130.00          --                 --  mixed-phase C-H stretching                                     mixed-phase C-H stretching 85.03%; opposite-phase ring-site C-H stretching 14.53%
   48     3138.08          --                 --  ring-site C-H stretching                                       ring-site C-H stretching 94.79%; C-H stretching 4.34%
   49     3143.88          --                 --  mixed-phase C-H stretching                                     mixed-phase C-H stretching 99.14%
   50     3601.32          --                 --  N-H stretching                                                 N-H stretching 99.42%

# Selected internal-coordinate set:
#   1  nu(C1-N2)
#   2  nu(C3-O4)
#   3  nu(C5-O6)
#   4  nu(C8-H15)
#   5  nu(C7-H14)
#   6  nu(C1-H10)
#   7  nu(C8-H16)
#   8  nu(C5-H13)
#   9  nu(C8-H17)
#  10  nu(N2-H12)
#  11  nu(C1-H9)
#  12  tau(H12-N2-C3-O4)
#  13  nu(O6-C7)
#  14  gamma(C3;C5,O6,H13)
#  15  nu(C1-H11)
#  16  gamma(C8;C7,O6,H14)
#  17  tau(C1-N2-C3-O4)
#  18  delta(N2-C3-O4)
#  19  delta(O6-C5-H13)
#  20  gamma(H15;C8,H16,H17)
#  21  delta(O6-C7-H14)
#  22  delta(C1-N2-H12)
#  23  delta(H16-C8-H17)
#  24  delta(H9-C1-H11)
#  25  delta(H9-C1-H10)
#  26  delta(H10-C1-H11)
#  27  tau(H14-C7-C8-H15)
#  28  nu(N2-C3)
#  29  delta(C7-C8-H15)
#  30  gamma(C3;C5,O6,C7)
#  31  delta(N2-C1-H10)
#  32  nu(C7-C8)
#  33  tau(O6-C7-C8-H16)
#  34  nu(C3-C5)
#  35  delta(N2-C1-H9)
#  36  delta(O6-C7-C8)
#  37  delta(C7-C8-H16)
#  38  nu(C5-C7)
#  39  tau(C1-N2-C3-C5)
#  40  delta(C1-N2-C3)
#  41  tau(H11-C1-N2-C3)
#  42  delta(N2-C3-C5)
#  43  tau(O4-C3-C5-O6)
#  44  tau(C3-C5-C7-H14)
#  45  tau(C5-O6-C7-C8)

Wrote: /local/scratch/mv487/qm9s/experiment_1_phase2/ped/12415/12415_summary.csv
Wrote: /local/scratch/mv487/qm9s/experiment_1_phase2/ped/12415/12415_families.csv
Wrote: /local/scratch/mv487/qm9s/experiment_1_phase2/ped/12415/12415_ped.csv
Wrote: /local/scratch/mv487/qm9s/experiment_1_phase2/ped/12415/12415_ir_transitions.csv

# All generated files are in: /local/scratch/mv487/qm9s/experiment_1_phase2/ped/12415
# Manifest: /local/scratch/mv487/qm9s/experiment_1_phase2/ped/12415/12415_manifest.txt

--- stderr ---
Normal modes/frequencies absent or incomplete: diagonalizing Hessian.
