# Contact: romi@lens.unifi.it
# Manual: https://github.com/SebRoLENS/orca-ped-analyzer/blob/main/docs/ORCA_PED_Analyzer_Manual.md
# Check GitHub for updates and new releases: https://github.com/SebRoLENS/orca-ped-analyzer
#
# Molecule: 25 atoms | non-linear
# Bonds inferred: 26 | candidate ICs: 278 | selected ICs: 69
# Cartesian-Hessian reconstruction relative error: 5.250e-05
# Energy distribution: PED (PED is the backward-compatible default; TED includes kinetic-energy terms)
# Ring/cycle bonds detected: 9 | ring atoms: 8 | ring systems: 1
# VPT2: no matching .out file supplied/found -> harmonic/PED analysis only
#
 Mode   Harm/cm-1   VPT2/cm-1  Harm.Int/km mol-1  Assignment                                                     Grouped PED
------------------------------------------------------------------------------------------------------------------------------------------------------------------------------------------------
    6       81.89          --                 --  mixed ring-site C-H out-of-plane bending / cyclic-ring torsional/out-of-plane deformation ring-site C-H out-of-plane bending 62.55%; cyclic-ring torsional/out-of-plane deformation 35.43%
    7      173.72          --                 --  mixed ring-site C-H out-of-plane bending / C-C torsion         ring-site C-H out-of-plane bending 61.76%; C-C torsion 23.02%; cyclic-ring torsional/out-of-plane deformation 9.23%; cyclic-ring deformation (C-C-C bend) 4.19%
    8      215.86          --                 --  mixed C-C torsion / ring-site C-H out-of-plane bending / cyclic-ring torsional/out-of-plane deformation C-C torsion 42.97%; ring-site C-H out-of-plane bending 36.21%; cyclic-ring torsional/out-of-plane deformation 15.01%; C-C-C bending 3.54%
    9      233.60          --                 --  C-C torsion                                                    C-C torsion 97.44%
   10      258.94          --                 --  ring-site C-H out-of-plane bending                             ring-site C-H out-of-plane bending 70.15%; cyclic-ring torsional/out-of-plane deformation 17.69%; C-C-C bending 3.60%; C-C out-of-plane bending 3.39%
   11      327.91          --                 --  mixed ring-site C-H out-of-plane bending / cyclic-ring torsional/out-of-plane deformation ring-site C-H out-of-plane bending 55.28%; cyclic-ring torsional/out-of-plane deformation 22.13%; C-C torsion 6.36%; cyclic-ring deformation (C-C-C bend) 5.22%
   12      380.05          --                 --  mixed ring-site C-H out-of-plane bending / cyclic-ring deformation (C-C-C bend) ring-site C-H out-of-plane bending 53.92%; cyclic-ring deformation (C-C-C bend) 24.25%; cyclic-ring torsional/out-of-plane deformation 12.46%; C-C-C bending 2.79%
   13      476.13          --                 --  mixed cyclic-ring deformation (C-C-C bend) / ring-site C-H out-of-plane bending cyclic-ring deformation (C-C-C bend) 26.08%; ring-site C-H out-of-plane bending 25.24%; C-C torsion 13.55%; C-C-C bending 11.94%
   14      532.45          --                 --  mixed ring-site C-H out-of-plane bending / cyclic-ring deformation (C-C-C bend) ring-site C-H out-of-plane bending 44.35%; cyclic-ring deformation (C-C-C bend) 23.57%; ring-site C-H in-plane bending 14.05%; C-C torsion 7.17%
   15      553.80          --                 --  mixed cyclic-ring deformation (C-C-C bend) / C-C torsion       cyclic-ring deformation (C-C-C bend) 25.35%; C-C torsion 20.86%; ring-site C-H out-of-plane bending 13.42%; C-C-C bending 12.93%
   16      581.52          --                 --  mixed ring-site C-H out-of-plane bending / cyclic-ring deformation (C-C-C bend) / ring-site C-H in-plane bending ring-site C-H out-of-plane bending 45.91%; cyclic-ring deformation (C-C-C bend) 23.23%; ring-site C-H in-plane bending 19.84%; C-C torsion 3.90%
   17      684.68          --                 --  ring-site C-H out-of-plane bending                             ring-site C-H out-of-plane bending 77.15%; cyclic-ring deformation (C-C-C bend) 12.56%; ring-site C-H in-plane bending 4.42%; cyclic-ring torsional/out-of-plane deformation 2.43%
   18      758.34          --                 --  mixed ring-site C-H out-of-plane bending / cyclic C-C stretching ring-site C-H out-of-plane bending 42.89%; cyclic C-C stretching 31.65%; cyclic-ring torsional/out-of-plane deformation 6.92%; cyclic-ring deformation (C-C-C bend) 6.49%
   19      785.89          --                 --  mixed ring-site C-H out-of-plane bending / ring-site C-H in-plane bending / mixed-phase cyclic C-C stretching ring-site C-H out-of-plane bending 39.63%; ring-site C-H in-plane bending 27.72%; mixed-phase cyclic C-C stretching 18.46%; C-C torsion 5.77%
   20      854.74          --                 --  mixed ring-site C-H out-of-plane bending / cyclic C-C stretching ring-site C-H out-of-plane bending 56.30%; cyclic C-C stretching 24.52%; ring-site C-H in-plane bending 7.82%; cyclic-ring deformation (C-C-C bend) 7.14%
   21      879.40          --                 --  mixed mixed-phase cyclic C-C stretching / ring-site C-H out-of-plane bending mixed-phase cyclic C-C stretching 36.15%; ring-site C-H out-of-plane bending 20.48%; C-C torsion 13.80%; C-H bending 12.12%
   22      903.34          --                 --  mixed ring-site C-H out-of-plane bending / cyclic-ring deformation (C-C-C bend) / ring-site C-H in-plane bending ring-site C-H out-of-plane bending 48.09%; cyclic-ring deformation (C-C-C bend) 19.10%; ring-site C-H in-plane bending 16.25%; mixed-phase cyclic C-C stretching 14.90%
   23      911.01          --                 --  mixed ring-site C-H out-of-plane bending / ring-site C-H in-plane bending ring-site C-H out-of-plane bending 61.68%; ring-site C-H in-plane bending 19.50%; cyclic C-C stretching 5.87%; C-H bending 3.82%
   24      923.08          --                 --  mixed in-phase cyclic C-C stretching / ring-site C-H out-of-plane bending in-phase cyclic C-C stretching 42.63%; ring-site C-H out-of-plane bending 26.08%; ring-site C-H in-plane bending 14.60%; cyclic-ring deformation (C-C-C bend) 14.08%
   25      949.62          --                 --  mixed mixed-phase cyclic C-C stretching / C-H bending          mixed-phase cyclic C-C stretching 47.53%; C-H bending 13.84%; ring-site C-H out-of-plane bending 9.66%; ring-site C-H in-plane bending 8.72%
   26      967.85          --                 --  mixed ring-site C-H in-plane bending / ring-site C-H out-of-plane bending / C-H bending ring-site C-H in-plane bending 33.43%; ring-site C-H out-of-plane bending 23.44%; C-H bending 22.33%; C-C torsion 10.00%
   27      975.98          --                 --  mixed mixed-phase cyclic C-C stretching / C-H bending          mixed-phase cyclic C-C stretching 27.20%; C-H bending 20.70%; ring-site C-H out-of-plane bending 14.19%; ring-site C-H in-plane bending 13.30%
   28     1008.24          --                 --  mixed mixed-phase cyclic C-C stretching / ring-site C-H out-of-plane bending / ring-site C-H in-plane bending mixed-phase cyclic C-C stretching 40.39%; ring-site C-H out-of-plane bending 28.33%; ring-site C-H in-plane bending 19.05%; C-H bending 4.03%
   29     1027.62          --                 --  mixed ring-site C-H out-of-plane bending / mixed-phase cyclic C-C stretching / ring-site C-H in-plane bending ring-site C-H out-of-plane bending 35.74%; mixed-phase cyclic C-C stretching 22.89%; ring-site C-H in-plane bending 16.68%; cyclic-ring deformation (C-C-C bend) 13.03%
   30     1030.80          --                 --  mixed ring-site C-H out-of-plane bending / ring-site C-H in-plane bending ring-site C-H out-of-plane bending 62.08%; ring-site C-H in-plane bending 10.57%; cyclic-ring torsional/out-of-plane deformation 7.55%; mixed-phase cyclic C-C stretching 7.37%
   31     1057.39          --                 --  mixed mixed-phase cyclic C-C stretching / ring-site C-H out-of-plane bending mixed-phase cyclic C-C stretching 35.90%; ring-site C-H out-of-plane bending 29.21%; ring-site C-H in-plane bending 9.53%; C-H bending 9.30%
   32     1089.80          --                 --  mixed mixed-phase cyclic C-C stretching / exocyclic C-C stretching / ring-site C-H in-plane bending mixed-phase cyclic C-C stretching 27.00%; exocyclic C-C stretching 24.44%; ring-site C-H in-plane bending 20.77%; ring-site C-H out-of-plane bending 20.12%
   33     1100.47          --                 --  mixed ring-site C-H in-plane bending / ring-site C-H out-of-plane bending ring-site C-H in-plane bending 52.15%; ring-site C-H out-of-plane bending 33.58%; C-C torsion 6.04%; C-C out-of-plane bending 3.82%
   34     1154.39          --                 --  mixed C-H bending / ring-site C-H in-plane bending             C-H bending 26.68%; ring-site C-H in-plane bending 14.90%; mixed-phase cyclic C-C stretching 14.81%; ring-site C-H out-of-plane bending 13.32%
   35     1170.81          --                 --  mixed mixed-phase cyclic C-C stretching / ring-site C-H out-of-plane bending mixed-phase cyclic C-C stretching 32.57%; ring-site C-H out-of-plane bending 20.11%; C-H bending 10.90%; cyclic-ring deformation (C-C-C bend) 10.63%
   36     1194.02          --                 --  mixed ring-site C-H out-of-plane bending / mixed-phase cyclic C-C stretching ring-site C-H out-of-plane bending 50.69%; mixed-phase cyclic C-C stretching 20.82%; ring-site C-H in-plane bending 19.01%; cyclic-ring deformation (C-C-C bend) 6.85%
   37     1213.30          --                 --  mixed ring-site C-H out-of-plane bending / ring-site C-H in-plane bending ring-site C-H out-of-plane bending 43.38%; ring-site C-H in-plane bending 37.07%; mixed-phase cyclic C-C stretching 8.75%; cyclic-ring torsional/out-of-plane deformation 3.98%
   38     1224.72          --                 --  mixed ring-site C-H in-plane bending / ring-site C-H out-of-plane bending ring-site C-H in-plane bending 47.85%; ring-site C-H out-of-plane bending 26.85%; cyclic-ring deformation (C-C-C bend) 9.77%; in-phase cyclic C-C stretching 6.99%
   39     1244.26          --                 --  mixed ring-site C-H in-plane bending / ring-site C-H out-of-plane bending ring-site C-H in-plane bending 47.29%; ring-site C-H out-of-plane bending 27.57%; mixed-phase cyclic C-C stretching 10.25%; cyclic-ring deformation (C-C-C bend) 6.06%
   40     1277.11          --                 --  mixed ring-site C-H out-of-plane bending / ring-site C-H in-plane bending ring-site C-H out-of-plane bending 54.85%; ring-site C-H in-plane bending 23.52%; mixed-phase cyclic C-C stretching 8.39%; cyclic-ring deformation (C-C-C bend) 5.11%
   41     1306.50          --                 --  mixed ring-site C-H out-of-plane bending / ring-site C-H in-plane bending ring-site C-H out-of-plane bending 46.30%; ring-site C-H in-plane bending 40.41%; C-C out-of-plane bending 6.19%; cyclic-ring deformation (C-C-C bend) 2.23%
   42     1314.94          --                 --  mixed ring-site C-H in-plane bending / ring-site C-H out-of-plane bending ring-site C-H in-plane bending 61.17%; ring-site C-H out-of-plane bending 34.16%
   43     1322.07          --                 --  mixed ring-site C-H out-of-plane bending / ring-site C-H in-plane bending ring-site C-H out-of-plane bending 52.18%; ring-site C-H in-plane bending 37.68%; cyclic C-C stretching 4.13%
   44     1332.48          --                 --  mixed ring-site C-H out-of-plane bending / ring-site C-H in-plane bending ring-site C-H out-of-plane bending 51.42%; ring-site C-H in-plane bending 36.15%; cyclic C-C stretching 6.15%
   45     1339.88          --                 --  mixed ring-site C-H out-of-plane bending / ring-site C-H in-plane bending ring-site C-H out-of-plane bending 49.81%; ring-site C-H in-plane bending 34.09%; mixed-phase cyclic C-C stretching 6.55%; C-C out-of-plane bending 4.24%
   46     1342.16          --                 --  mixed ring-site C-H out-of-plane bending / ring-site C-H in-plane bending ring-site C-H out-of-plane bending 44.83%; ring-site C-H in-plane bending 34.83%; C-C out-of-plane bending 8.48%; cyclic C-C stretching 7.00%
   47     1349.66          --                 --  mixed ring-site C-H out-of-plane bending / ring-site C-H in-plane bending ring-site C-H out-of-plane bending 49.01%; ring-site C-H in-plane bending 26.08%; mixed-phase cyclic C-C stretching 8.38%; C-C out-of-plane bending 7.45%
   48     1361.31          --                 --  mixed ring-site C-H out-of-plane bending / ring-site C-H in-plane bending ring-site C-H out-of-plane bending 40.28%; ring-site C-H in-plane bending 36.36%; C-C out-of-plane bending 9.79%; opposite-phase cyclic C-C stretching 8.43%
   49     1379.71          --                 --  mixed ring-site C-H in-plane bending / ring-site C-H out-of-plane bending / C-C out-of-plane bending ring-site C-H in-plane bending 31.26%; ring-site C-H out-of-plane bending 26.02%; C-C out-of-plane bending 16.29%; mixed-phase cyclic C-C stretching 9.30%
   50     1387.38          --                 --  mixed ring-site C-H out-of-plane bending / C-C out-of-plane bending ring-site C-H out-of-plane bending 41.76%; C-C out-of-plane bending 23.17%; ring-site C-H in-plane bending 14.97%; cyclic C-C stretching 5.56%
   51     1417.15          --                 --  mixed C-H out-of-plane bending / C-H bending                   C-H out-of-plane bending 58.10%; C-H bending 38.94%
   52     1492.75          --                 --  mixed ring-site C-H out-of-plane bending / C-H bending         ring-site C-H out-of-plane bending 58.18%; C-H bending 24.45%; ring-site C-H in-plane bending 10.97%; C-C torsion 4.59%
   53     1496.18          --                 --  ring-site C-H out-of-plane bending                             ring-site C-H out-of-plane bending 72.07%; C-H bending 16.12%; ring-site C-H in-plane bending 7.69%; C-C torsion 2.15%
   54     1499.18          --                 --  mixed ring-site C-H out-of-plane bending / C-H bending         ring-site C-H out-of-plane bending 56.77%; C-H bending 20.44%; ring-site C-H in-plane bending 10.48%; C-C torsion 8.08%
   55     1503.15          --                 --  mixed C-H bending / C-C torsion                                C-H bending 49.21%; C-C torsion 29.46%; C-H out-of-plane bending 10.06%; ring-site C-H out-of-plane bending 9.85%
   56     1506.01          --                 --  mixed C-H bending / C-C torsion / ring-site C-H out-of-plane bending C-H bending 32.17%; C-C torsion 32.01%; ring-site C-H out-of-plane bending 24.43%; C-H out-of-plane bending 6.46%
   57     1508.04          --                 --  mixed ring-site C-H out-of-plane bending / C-H bending         ring-site C-H out-of-plane bending 45.40%; C-H bending 29.33%; ring-site C-H in-plane bending 14.24%; C-C torsion 8.13%
   58     1516.20          --                 --  ring-site C-H out-of-plane bending                             ring-site C-H out-of-plane bending 76.72%; C-H bending 12.33%; ring-site C-H in-plane bending 7.77%
   59     2988.48          --                 --  ring-site C-H stretching                                       ring-site C-H stretching 97.74%
   60     3014.01          --                 --  mixed-phase ring-site C-H stretching                           mixed-phase ring-site C-H stretching 98.43%
   61     3016.86          --                 --  ring-site C-H stretching                                       ring-site C-H stretching 98.31%
   62     3020.52          --                 --  mixed-phase ring-site C-H stretching                           mixed-phase ring-site C-H stretching 87.94%; in-phase C-H stretching 11.08%
   63     3023.88          --                 --  mixed in-phase C-H stretching / mixed-phase ring-site C-H stretching in-phase C-H stretching 62.22%; mixed-phase ring-site C-H stretching 37.20%
   64     3027.22          --                 --  mixed-phase ring-site C-H stretching                           mixed-phase ring-site C-H stretching 97.44%
   65     3029.43          --                 --  mixed mixed-phase ring-site C-H stretching / C-H stretching    mixed-phase ring-site C-H stretching 76.63%; C-H stretching 22.62%
   66     3035.33          --                 --  mixed-phase ring-site C-H stretching                           mixed-phase ring-site C-H stretching 98.43%
   67     3052.84          --                 --  mixed-phase ring-site C-H stretching                           mixed-phase ring-site C-H stretching 98.62%
   68     3066.42          --                 --  in-phase ring-site C-H stretching                              in-phase ring-site C-H stretching 98.04%
   69     3071.80          --                 --  mixed-phase ring-site C-H stretching                           mixed-phase ring-site C-H stretching 98.49%
   70     3073.41          --                 --  mixed-phase ring-site C-H stretching                           mixed-phase ring-site C-H stretching 98.18%
   71     3075.99          --                 --  mixed-phase ring-site C-H stretching                           mixed-phase ring-site C-H stretching 93.66%; opposite-phase C-H stretching 5.48%
   72     3080.50          --                 --  opposite-phase C-H stretching                                  opposite-phase C-H stretching 88.79%; ring-site C-H stretching 10.58%
   73     3083.49          --                 --  mixed-phase ring-site C-H stretching                           mixed-phase ring-site C-H stretching 82.66%; opposite-phase C-H stretching 16.49%
   74     3090.69          --                 --  mixed-phase C-H stretching                                     mixed-phase C-H stretching 84.73%; mixed-phase ring-site C-H stretching 14.38%

# Selected internal-coordinate set:
#   1  nu(C1-H10)
#   2  nu(C2-C3)
#   3  nu(C4-C5)
#   4  nu(C6-C7)
#   5  nu(C8-C9)
#   6  nu(C2-H13)
#   7  nu(C1-H11)
#   8  nu(C9-H25)
#   9  nu(C6-H20)
#  10  nu(C7-C8)
#  11  nu(C3-H15)
#  12  nu(C4-H16)
#  13  nu(C5-H18)
#  14  nu(C1-H12)
#  15  nu(C8-H24)
#  16  nu(C7-H21)
#  17  nu(C4-H17)
#  18  nu(C3-H14)
#  19  nu(C6-H19)
#  20  nu(C5-C9)
#  21  nu(C8-H23)
#  22  nu(C7-H22)
#  23  gamma(C1;C2,C3,H13)
#  24  nu(C5-C6)
#  25  gamma(H10;C1,H11,H12)
#  26  gamma(H17;C4,C5,H16)
#  27  delta(H14-C3-H15)
#  28  tau(H24-C8-C9-H25)
#  29  delta(H11-C1-H12)
#  30  tau(H20-C6-C7-H21)
#  31  tau(H10-C1-C2-H13)
#  32  delta(C8-C9-H25)
#  33  delta(C2-C3-H15)
#  34  tau(H18-C5-C6-H20)
#  35  tau(H21-C7-C8-H24)
#  36  tau(H19-C6-C7-H22)
#  37  delta(C7-C8-H23)
#  38  delta(C5-C4-H16)
#  39  tau(C2-C3-C4-H17)
#  40  delta(C2-C3-H14)
#  41  delta(C6-C5-H18)
#  42  delta(C7-C6-H19)
#  43  tau(C6-C7-C8-H23)
#  44  tau(H22-C7-C8-C9)
#  45  tau(H13-C2-C9-C8)
#  46  tau(H24-C8-C9-C5)
#  47  delta(C2-C1-H10)
#  48  delta(C4-C3-H15)
#  49  nu(C1-C2)
#  50  tau(H19-C6-C7-C8)
#  51  tau(H16-C4-C5-C6)
#  52  tau(H11-C1-C2-C9)
#  53  tau(H20-C6-C7-C8)
#  54  tau(C9-C5-C6-H20)
#  55  nu(C3-C4)
#  56  delta(C6-C7-H21)
#  57  delta(C2-C1-H11)
#  58  tau(H12-C1-C2-C3)
#  59  delta(C3-C4-H17)
#  60  delta(C6-C7-C8)
#  61  tau(C4-C5-C9-C8)
#  62  delta(C1-C2-C9)
#  63  nu(C2-C9)
#  64  delta(C5-C9-C8)
#  65  tau(C5-C6-C7-C8)
#  66  tau(H13-C2-C3-H15)
#  67  tau(C1-C2-C9-C5)
#  68  delta(C4-C5-C6)
#  69  delta(C3-C4-C5)

Wrote: /local/scratch/mv487/qm9s/experiment_1_phase2/ped/88156/88156_summary.csv
Wrote: /local/scratch/mv487/qm9s/experiment_1_phase2/ped/88156/88156_families.csv
Wrote: /local/scratch/mv487/qm9s/experiment_1_phase2/ped/88156/88156_ped.csv
Wrote: /local/scratch/mv487/qm9s/experiment_1_phase2/ped/88156/88156_ir_transitions.csv

# All generated files are in: /local/scratch/mv487/qm9s/experiment_1_phase2/ped/88156
# Manifest: /local/scratch/mv487/qm9s/experiment_1_phase2/ped/88156/88156_manifest.txt

--- stderr ---
Normal modes/frequencies absent or incomplete: diagonalizing Hessian.
