# Contact: romi@lens.unifi.it
# Manual: https://github.com/SebRoLENS/orca-ped-analyzer/blob/main/docs/ORCA_PED_Analyzer_Manual.md
# Check GitHub for updates and new releases: https://github.com/SebRoLENS/orca-ped-analyzer
#
# Molecule: 22 atoms | non-linear
# Bonds inferred: 23 | candidate ICs: 228 | selected ICs: 60
# Cartesian-Hessian reconstruction relative error: 2.607e-05
# Energy distribution: PED (PED is the backward-compatible default; TED includes kinetic-energy terms)
# Ring/cycle bonds detected: 7 | ring atoms: 6 | ring systems: 1
# VPT2: no matching .out file supplied/found -> harmonic/PED analysis only
#
 Mode   Harm/cm-1   VPT2/cm-1  Harm.Int/km mol-1  Assignment                                                     Grouped PED
------------------------------------------------------------------------------------------------------------------------------------------------------------------------------------------------
    6       79.01          --                 --  mixed ring-site C-H out-of-plane bending / cyclic-ring torsional/out-of-plane deformation ring-site C-H out-of-plane bending 50.29%; cyclic-ring torsional/out-of-plane deformation 39.99%; cyclic-ring out-of-plane deformation 2.86%; C-C-C bending 2.81%
    7      145.87          --                 --  mixed cyclic-ring torsional/out-of-plane deformation / C-N torsion cyclic-ring torsional/out-of-plane deformation 30.45%; C-N torsion 20.42%; C-N-C bending 11.03%; C-C torsion 9.95%
    8      169.89          --                 --  mixed cyclic-ring torsional/out-of-plane deformation / C-N torsion / C-C torsion cyclic-ring torsional/out-of-plane deformation 27.26%; C-N torsion 25.43%; C-C torsion 19.39%; cyclic-ring out-of-plane deformation 10.67%
    9      189.90          --                 --  C-N torsion                                                    C-N torsion 92.33%; cyclic-ring out-of-plane deformation 2.92%
   10      220.55          --                 --  C-C torsion                                                    C-C torsion 85.05%; C-N torsion 10.12%; C-C-C bending 2.52%
   11      231.30          --                 --  C-C torsion                                                    C-C torsion 96.16%; C-N torsion 3.06%
   12      271.70          --                 --  C-C torsion                                                    C-C torsion 74.12%; cyclic-ring torsional/out-of-plane deformation 5.52%; cyclic-ring torsional/out-of-plane deformation 5.48%; C-N torsion 3.70%
   13      312.12          --                 --  mixed C-O torsion / C-C-C bending                              C-O torsion 46.38%; C-C-C bending 21.02%; C-N torsion 6.72%; cyclic-ring out-of-plane deformation 5.77%
   14      348.11          --                 --  mixed C-C-C bending / C-C torsion                              C-C-C bending 32.32%; C-C torsion 29.00%; C-N torsion 9.07%; cyclic-ring torsional/out-of-plane deformation 6.77%
   15      393.77          --                 --  mixed C-N-C bending / cyclic-ring out-of-plane deformation     C-N-C bending 32.45%; cyclic-ring out-of-plane deformation 17.54%; cyclic-ring torsional/out-of-plane deformation 9.26%; C-C torsion 9.15%
   16      476.21          --                 --  mixed C-C torsion / cyclic-ring out-of-plane deformation / C-C-C bending C-C torsion 23.28%; cyclic-ring out-of-plane deformation 20.12%; C-C-C bending 17.28%; C-N-C bending 12.08%
   17      487.57          --                 --  mixed C-C torsion / C-C-C bending                              C-C torsion 24.47%; C-C-C bending 22.99%; cyclic-ring out-of-plane deformation 13.12%; ring-site C-H out-of-plane bending 12.97%
   18      543.44          --                 --  mixed C-C torsion / cyclic-ring torsional/out-of-plane deformation / cyclic-ring out-of-plane deformation C-C torsion 34.02%; cyclic-ring torsional/out-of-plane deformation 16.20%; cyclic-ring out-of-plane deformation 15.99%; cyclic-ring torsional/out-of-plane deformation 7.17%
   19      564.57          --                 --  mixed ring-site C-H out-of-plane bending / C-C torsion         ring-site C-H out-of-plane bending 22.91%; C-C torsion 16.57%; cyclic-ring out-of-plane deformation 13.39%; cyclic-ring torsional/out-of-plane deformation 9.77%
   20      673.27          --                 --  mixed cyclic C-C stretching / ring-site C-H out-of-plane bending / C-C torsion cyclic C-C stretching 22.09%; ring-site C-H out-of-plane bending 18.82%; C-C torsion 18.71%; cyclic-ring out-of-plane deformation 7.42%
   21      791.65          --                 --  mixed ring-site C-H out-of-plane bending / cyclic C-N stretching ring-site C-H out-of-plane bending 42.86%; cyclic C-N stretching 15.21%; exocyclic C-N stretching 8.37%; ring-site C-H in-plane bending 5.87%
   22      826.38          --                 --  mixed C-C torsion / mixed-phase cyclic C-C stretching          C-C torsion 30.29%; mixed-phase cyclic C-C stretching 29.98%; ring-site C-H out-of-plane bending 9.69%; cyclic-ring out-of-plane deformation 6.80%
   23      874.68          --                 --  mixed mixed-phase cyclic C-C stretching / C-C torsion          mixed-phase cyclic C-C stretching 41.05%; C-C torsion 20.41%; C-H bending 12.67%; ring-site C-H out-of-plane bending 12.12%
   24      904.26          --                 --  mixed mixed-phase cyclic C-N stretching / ring-site C-H out-of-plane bending mixed-phase cyclic C-N stretching 27.80%; ring-site C-H out-of-plane bending 14.82%; cyclic C-C stretching 13.84%; C-H bending 10.89%
   25      934.88          --                 --  mixed C-H bending / C-C torsion                                C-H bending 38.43%; C-C torsion 30.83%; ring-site C-H in-plane bending 9.50%; mixed-phase cyclic C-C stretching 6.24%
   26      963.24          --                 --  mixed mixed-phase cyclic C-C stretching / C-C torsion / C-H bending mixed-phase cyclic C-C stretching 28.33%; C-C torsion 21.70%; C-H bending 16.22%; ring-site C-H out-of-plane bending 12.51%
   27     1029.27          --                 --  mixed C-H bending / ring-site C-H in-plane bending / ring-site C-H out-of-plane bending C-H bending 23.72%; ring-site C-H in-plane bending 18.87%; ring-site C-H out-of-plane bending 15.51%; exocyclic C-C stretching 11.83%
   28     1048.01          --                 --  mixed C-H bending / ring-site C-H out-of-plane bending / mixed-phase cyclic C-C stretching C-H bending 21.37%; ring-site C-H out-of-plane bending 17.25%; mixed-phase cyclic C-C stretching 15.49%; exocyclic C-O stretching 11.83%
   29     1070.23          --                 --  mixed ring-site C-H out-of-plane bending / C-H bending         ring-site C-H out-of-plane bending 28.87%; C-H bending 25.57%; ring-site C-H in-plane bending 10.13%; cyclic-ring out-of-plane deformation 9.22%
   30     1074.47          --                 --  mixed ring-site C-H in-plane bending / C-H bending             ring-site C-H in-plane bending 31.65%; C-H bending 28.85%; C-C torsion 10.22%; exocyclic C-O stretching 5.75%
   31     1116.20          --                 --  mixed ring-site C-H out-of-plane bending / ring-site C-H in-plane bending ring-site C-H out-of-plane bending 67.71%; ring-site C-H in-plane bending 19.94%; C-H bending 4.97%
   32     1128.96          --                 --  mixed C-H bending / ring-site C-H out-of-plane bending         C-H bending 42.20%; ring-site C-H out-of-plane bending 14.53%; opposite-phase cyclic C-C stretching 10.97%; exocyclic C-O stretching 9.85%
   33     1139.44          --                 --  mixed C-H bending / cyclic C-C stretching                      C-H bending 21.96%; cyclic C-C stretching 20.12%; exocyclic C-O stretching 10.54%; exocyclic C-C stretching 9.76%
   34     1167.53          --                 --  mixed C-H bending / mixed-phase cyclic C-C stretching          C-H bending 31.88%; mixed-phase cyclic C-C stretching 12.08%; C-C-C bending 9.12%; ring-site C-H out-of-plane bending 7.69%
   35     1168.78          --                 --  mixed C-H bending / ring-site C-H in-plane bending             C-H bending 45.46%; ring-site C-H in-plane bending 10.83%; ring-site C-H out-of-plane bending 10.11%; mixed-phase cyclic C-C stretching 9.37%
   36     1194.93          --                 --  mixed C-H bending / ring-site C-H out-of-plane bending         C-H bending 44.46%; ring-site C-H out-of-plane bending 12.49%; opposite-phase cyclic C-C stretching 8.67%; cyclic-ring out-of-plane deformation 7.42%
   37     1208.54          --                 --  mixed C-H bending / ring-site C-H in-plane bending             C-H bending 25.23%; ring-site C-H in-plane bending 21.31%; exocyclic C-N stretching 13.36%; opposite-phase cyclic C-C stretching 8.45%
   38     1226.29          --                 --  mixed ring-site C-H out-of-plane bending / ring-site C-H in-plane bending / C-H bending ring-site C-H out-of-plane bending 20.18%; ring-site C-H in-plane bending 19.03%; C-H bending 18.52%; C-C out-of-plane bending 17.91%
   39     1266.89          --                 --  mixed ring-site C-H out-of-plane bending / mixed-phase cyclic C-C stretching ring-site C-H out-of-plane bending 45.48%; mixed-phase cyclic C-C stretching 13.82%; ring-site C-H in-plane bending 10.91%; C-C out-of-plane bending 10.00%
   40     1287.89          --                 --  mixed ring-site C-H in-plane bending / ring-site C-H out-of-plane bending ring-site C-H in-plane bending 47.19%; ring-site C-H out-of-plane bending 24.03%; C-C out-of-plane bending 13.93%; in-phase cyclic C-C stretching 5.48%
   41     1304.31          --                 --  mixed O-H bending / ring-site C-H out-of-plane bending         O-H bending 24.49%; ring-site C-H out-of-plane bending 24.40%; cyclic-ring out-of-plane deformation 13.97%; C-H bending 11.73%
   42     1372.30          --                 --  mixed ring-site C-H in-plane bending / ring-site C-H out-of-plane bending ring-site C-H in-plane bending 41.07%; ring-site C-H out-of-plane bending 28.18%; C-H bending 9.08%; in-phase cyclic C-C stretching 5.44%
   43     1393.97          --                 --  mixed C-H bending / mixed-phase cyclic C-C stretching / C-H out-of-plane bending C-H bending 27.43%; mixed-phase cyclic C-C stretching 22.70%; C-H out-of-plane bending 17.71%; cyclic C-N stretching 14.34%
   44     1416.80          --                 --  mixed C-H out-of-plane bending / C-H bending                   C-H out-of-plane bending 59.23%; C-H bending 37.97%
   45     1439.04          --                 --  mixed C-H bending / ring-site C-H out-of-plane bending         C-H bending 59.30%; ring-site C-H out-of-plane bending 20.46%; O-H bending 8.60%; cyclic C-C stretching 3.34%
   46     1452.50          --                 --  C-H bending                                                    C-H bending 91.36%
   47     1488.63          --                 --  mixed ring-site C-H out-of-plane bending / C-H bending         ring-site C-H out-of-plane bending 50.10%; C-H bending 27.05%; ring-site C-H in-plane bending 12.31%; in-phase cyclic C-C stretching 3.86%
   48     1494.35          --                 --  mixed C-H bending / C-C torsion                                C-H bending 50.76%; C-C torsion 19.63%; C-N torsion 16.86%; C-H out-of-plane bending 7.02%
   49     1495.70          --                 --  mixed C-H bending / C-C torsion                                C-H bending 52.58%; C-C torsion 39.47%; C-N torsion 5.05%
   50     1499.57          --                 --  mixed C-H bending / C-C torsion                                C-H bending 58.26%; C-C torsion 29.78%; C-H out-of-plane bending 8.97%
   51     1502.63          --                 --  mixed C-C torsion / C-H bending                                C-C torsion 51.34%; C-H bending 35.31%; C-H out-of-plane bending 7.60%; C-N torsion 4.46%
   52     1512.33          --                 --  mixed C-H bending / C-C torsion                                C-H bending 63.29%; C-C torsion 14.16%; ring-site C-H out-of-plane bending 5.96%; ring-site C-H in-plane bending 5.65%
   53     2971.10          --                 --  C-H stretching                                                 C-H stretching 99.48%
   54     3022.19          --                 --  in-phase C-H stretching                                        in-phase C-H stretching 98.08%
   55     3028.19          --                 --  ring-site C-H stretching                                       ring-site C-H stretching 94.45%; C-H stretching 3.73%
   56     3042.03          --                 --  ring-site C-H stretching                                       ring-site C-H stretching 98.31%
   57     3064.89          --                 --  mixed-phase C-H stretching                                     mixed-phase C-H stretching 99.01%
   58     3077.86          --                 --  mixed-phase ring-site C-H stretching                           mixed-phase ring-site C-H stretching 97.45%
   59     3078.07          --                 --  ring-site C-H stretching                                       ring-site C-H stretching 90.53%; mixed-phase C-H stretching 8.76%
   60     3082.05          --                 --  mixed-phase C-H stretching                                     mixed-phase C-H stretching 89.41%; in-phase ring-site C-H stretching 9.62%
   61     3088.51          --                 --  opposite-phase C-H stretching                                  opposite-phase C-H stretching 95.14%; opposite-phase ring-site C-H stretching 3.49%
   62     3096.95          --                 --  opposite-phase C-H stretching                                  opposite-phase C-H stretching 99.24%
   63     3108.74          --                 --  mixed-phase ring-site C-H stretching                           mixed-phase ring-site C-H stretching 98.14%
   64     3164.24          --                 --  mixed-phase ring-site C-H stretching                           mixed-phase ring-site C-H stretching 99.42%
   65     3794.61          --                 --  O-H stretching                                                 O-H stretching 99.83%

# Selected internal-coordinate set:
#   1  nu(C1-H10)
#   2  nu(C2-C3)
#   3  nu(C4-O5)
#   4  nu(C6-C7)
#   5  nu(N8-C9)
#   6  nu(C4-H16)
#   7  nu(C1-H11)
#   8  nu(O5-H17)
#   9  nu(C9-H22)
#  10  nu(C2-H13)
#  11  nu(C3-H15)
#  12  nu(C7-H19)
#  13  nu(C1-H12)
#  14  nu(C9-H21)
#  15  tau(H16-C4-O5-H17)
#  16  tau(H13-C2-C3-H15)
#  17  gamma(H18;C7,C6,H19)
#  18  nu(C9-H20)
#  19  nu(C6-N8)
#  20  nu(C3-H14)
#  21  nu(C7-H18)
#  22  gamma(C6;C4,O5,H16)
#  23  tau(H13-C2-C3-H14)
#  24  gamma(H10;C1,H11,H12)
#  25  gamma(C2;C6,C7,N8)
#  26  tau(C6-N8-C9-H22)
#  27  delta(H11-C1-H12)
#  28  delta(C4-O5-H17)
#  29  delta(H20-C9-H21)
#  30  delta(C3-C2-H13)
#  31  delta(O5-C4-H16)
#  32  delta(N8-C9-H21)
#  33  delta(N8-C9-H20)
#  34  delta(H18-C7-H19)
#  35  delta(C2-C3-H15)
#  36  tau(H10-C1-C2-C3)
#  37  tau(H14-C3-C4-C6)
#  38  delta(N8-C9-H22)
#  39  delta(C2-C1-H10)
#  40  nu(C2-C6)
#  41  delta(N8-C7-H18)
#  42  nu(C1-C2)
#  43  tau(C7-N8-C9-H21)
#  44  tau(H12-C1-C2-C3)
#  45  nu(C7-N8)
#  46  gamma(O5;C4,C3,C6)
#  47  nu(C3-C4)
#  48  delta(C2-C1-H11)
#  49  nu(C4-C6)
#  50  tau(H19-C7-N8-C6)
#  51  delta(C6-C2-H13)
#  52  delta(C7-N8-C9)
#  53  tau(H11-C1-C2-C6)
#  54  tau(C3-C4-C6-C7)
#  55  delta(C1-C2-C6)
#  56  delta(C1-C2-C3)
#  57  tau(C6-C7-N8-C9)
#  58  tau(H16-C4-C6-C2)
#  59  tau(C2-C3-C4-O5)
#  60  tau(C4-C6-N8-C9)

Wrote: /local/scratch/mv487/qm9s/experiment_1_phase2/ped/80668/80668_summary.csv
Wrote: /local/scratch/mv487/qm9s/experiment_1_phase2/ped/80668/80668_families.csv
Wrote: /local/scratch/mv487/qm9s/experiment_1_phase2/ped/80668/80668_ped.csv
Wrote: /local/scratch/mv487/qm9s/experiment_1_phase2/ped/80668/80668_ir_transitions.csv

# All generated files are in: /local/scratch/mv487/qm9s/experiment_1_phase2/ped/80668
# Manifest: /local/scratch/mv487/qm9s/experiment_1_phase2/ped/80668/80668_manifest.txt

--- stderr ---
Normal modes/frequencies absent or incomplete: diagonalizing Hessian.
