# Contact: romi@lens.unifi.it
# Manual: https://github.com/SebRoLENS/orca-ped-analyzer/blob/main/docs/ORCA_PED_Analyzer_Manual.md
# Check GitHub for updates and new releases: https://github.com/SebRoLENS/orca-ped-analyzer
#
# Molecule: 17 atoms | non-linear
# Bonds inferred: 17 | candidate ICs: 153 | selected ICs: 45
# Cartesian-Hessian reconstruction relative error: 2.258e-05
# Energy distribution: PED (PED is the backward-compatible default; TED includes kinetic-energy terms)
# Ring/cycle bonds detected: 3 | ring atoms: 3 | ring systems: 1
# VPT2: no matching .out file supplied/found -> harmonic/PED analysis only
#
 Mode   Harm/cm-1   VPT2/cm-1  Harm.Int/km mol-1  Assignment                                                     Grouped PED
------------------------------------------------------------------------------------------------------------------------------------------------------------------------------------------------
    6       84.02          --                 --  C-C torsion                                                    C-C torsion 86.18%; C-C-C bending 5.66%; C-C-C linear bending 2.18%
    7      115.60          --                 --  mixed ring-site C-H out-of-plane bending / cyclic-ring out-of-plane deformation / C-C-C bending ring-site C-H out-of-plane bending 32.68%; cyclic-ring out-of-plane deformation 26.85%; C-C-C bending 22.21%; C-C-C linear bending 8.41%
    8      190.63          --                 --  mixed C-C torsion / C-C-C bending                              C-C torsion 45.79%; C-C-C bending 27.23%; C-C-C linear bending 10.47%; cyclic-ring out-of-plane deformation 4.17%
    9      229.04          --                 --  C-C torsion                                                    C-C torsion 94.38%; C-C-C bending 2.09%
   10      252.36          --                 --  mixed C-C torsion / C-C-C bending                              C-C torsion 37.55%; C-C-C bending 34.53%; C-C-C linear bending 9.69%; C-H bending 6.11%
   11      356.17          --                 --  mixed C-C-C bending / C-C torsion                              C-C-C bending 42.89%; C-C torsion 29.47%; C-C-C linear bending 13.88%; C-H bending 6.20%
   12      402.06          --                 --  mixed C-C-C bending / C-C torsion / ring-site C-H out-of-plane bending C-C-C bending 32.53%; C-C torsion 30.52%; ring-site C-H out-of-plane bending 18.20%; C-H bending 6.71%
   13      529.23          --                 --  mixed C-C-C bending / C-C-C linear bending / ring-site C-H in-plane bending C-C-C bending 35.84%; C-C-C linear bending 23.82%; ring-site C-H in-plane bending 16.18%; C-C torsion 7.19%
   14      610.69          --                 --  mixed cyclic-ring out-of-plane deformation / ring-site C-H out-of-plane bending cyclic-ring out-of-plane deformation 31.77%; ring-site C-H out-of-plane bending 30.31%; C-C-C bending 9.77%; C-C-C linear bending 9.57%
   15      627.13          --                 --  C-C-H linear bending                                           C-C-H linear bending 93.17%; C-C-C linear bending 2.01%
   16      680.85          --                 --  C-C-H linear bending                                           C-C-H linear bending 94.52%; C-C-C linear bending 4.23%
   17      756.01          --                 --  mixed C-H bending / ring-site C-H out-of-plane bending / cyclic C-C stretching C-H bending 22.45%; ring-site C-H out-of-plane bending 18.67%; cyclic C-C stretching 15.78%; ring-site C-H in-plane bending 10.84%
   18      779.52          --                 --  mixed ring-site C-H out-of-plane bending / cyclic C-C stretching / C-H bending ring-site C-H out-of-plane bending 23.17%; cyclic C-C stretching 19.91%; C-H bending 17.90%; cyclic-ring out-of-plane deformation 12.77%
   19      799.32          --                 --  mixed C-H bending / C-C torsion                                C-H bending 47.29%; C-C torsion 26.74%; mixed-phase cyclic C-C stretching 9.43%; C-C-C bending 6.20%
   20      861.00          --                 --  mixed ring-site C-H out-of-plane bending / ring-site C-H in-plane bending ring-site C-H out-of-plane bending 54.59%; ring-site C-H in-plane bending 19.46%; cyclic-ring out-of-plane deformation 9.92%; C-C out-of-plane bending 4.49%
   21      930.07          --                 --  mixed ring-site C-H out-of-plane bending / opposite-phase cyclic C-C stretching ring-site C-H out-of-plane bending 38.92%; opposite-phase cyclic C-C stretching 25.36%; cyclic-ring out-of-plane deformation 6.27%; ring-site C-H in-plane bending 5.71%
   22      956.16          --                 --  mixed cyclic-ring out-of-plane deformation / C-H bending       cyclic-ring out-of-plane deformation 26.85%; C-H bending 24.65%; C-C out-of-plane bending 10.95%; ring-site C-H out-of-plane bending 10.47%
   23      989.67          --                 --  mixed C-H bending / ring-site C-H out-of-plane bending         C-H bending 46.44%; ring-site C-H out-of-plane bending 15.69%; cyclic-ring out-of-plane deformation 12.02%; C-C stretching 9.62%
   24     1047.29          --                 --  mixed C-C stretching / C-H bending / mixed-phase exocyclic C-C stretching C-C stretching 32.66%; C-H bending 28.57%; mixed-phase exocyclic C-C stretching 16.52%; cyclic C-C stretching 8.92%
   25     1067.88          --                 --  mixed ring-site C-H out-of-plane bending / ring-site C-H in-plane bending ring-site C-H out-of-plane bending 65.71%; ring-site C-H in-plane bending 23.59%; cyclic-ring out-of-plane deformation 3.50%; cyclic C-C stretching 2.46%
   26     1105.55          --                 --  mixed ring-site C-H out-of-plane bending / C-H bending         ring-site C-H out-of-plane bending 42.14%; C-H bending 28.81%; ring-site C-H in-plane bending 8.14%; C-C torsion 5.69%
   27     1131.31          --                 --  mixed ring-site C-H out-of-plane bending / cyclic-ring out-of-plane deformation ring-site C-H out-of-plane bending 36.00%; cyclic-ring out-of-plane deformation 20.74%; ring-site C-H in-plane bending 14.91%; C-H bending 9.16%
   28     1145.18          --                 --  mixed C-C out-of-plane bending / C-H bending                   C-C out-of-plane bending 45.58%; C-H bending 17.47%; ring-site C-H in-plane bending 13.29%; ring-site C-H out-of-plane bending 10.50%
   29     1201.06          --                 --  mixed C-H bending / ring-site C-H out-of-plane bending         C-H bending 40.89%; ring-site C-H out-of-plane bending 15.11%; C-C-C bending 14.70%; ring-site C-H in-plane bending 11.99%
   30     1232.05          --                 --  mixed C-H bending / in-phase cyclic C-C stretching / exocyclic C-C stretching C-H bending 32.69%; in-phase cyclic C-C stretching 26.39%; exocyclic C-C stretching 18.88%; ring-site C-H in-plane bending 8.65%
   31     1298.57          --                 --  C-H bending                                                    C-H bending 82.68%; C-C torsion 6.66%; ring-site C-H out-of-plane bending 2.63%; ring-site C-H in-plane bending 2.02%
   32     1351.42          --                 --  C-H bending                                                    C-H bending 91.27%
   33     1383.93          --                 --  mixed ring-site C-H in-plane bending / ring-site C-H out-of-plane bending / C-H bending ring-site C-H in-plane bending 29.23%; ring-site C-H out-of-plane bending 18.70%; C-H bending 17.38%; cyclic-ring out-of-plane deformation 12.19%
   34     1416.09          --                 --  mixed C-H out-of-plane bending / C-H bending                   C-H out-of-plane bending 54.22%; C-H bending 38.99%; C-C stretching 3.61%
   35     1426.41          --                 --  mixed C-H bending / C-H out-of-plane bending                   C-H bending 58.23%; C-H out-of-plane bending 16.05%; exocyclic C-C stretching 8.65%; cyclic C-C stretching 6.39%
   36     1487.83          --                 --  mixed C-H bending / ring-site C-H out-of-plane bending         C-H bending 62.14%; ring-site C-H out-of-plane bending 15.67%; ring-site C-H in-plane bending 12.69%; in-phase cyclic C-C stretching 4.58%
   37     1498.38          --                 --  mixed C-H bending / ring-site C-H out-of-plane bending         C-H bending 68.14%; ring-site C-H out-of-plane bending 12.32%; ring-site C-H in-plane bending 9.80%; C-H out-of-plane bending 4.39%
   38     1502.49          --                 --  mixed C-C torsion / C-H bending                                C-C torsion 73.41%; C-H bending 24.18%
   39     1511.35          --                 --  mixed C-H bending / C-C torsion                                C-H bending 70.77%; C-C torsion 20.84%; C-H out-of-plane bending 7.15%
   40     2216.65          --                 --  C-C stretching                                                 C-C stretching 82.81%; exocyclic C-C stretching 12.76%; C-H stretching 4.19%
   41     3025.33          --                 --  C-H stretching                                                 C-H stretching 99.23%
   42     3026.78          --                 --  mixed-phase C-H stretching                                     mixed-phase C-H stretching 99.72%
   43     3061.71          --                 --  mixed-phase C-H stretching                                     mixed-phase C-H stretching 97.83%
   44     3089.27          --                 --  mixed-phase C-H stretching                                     mixed-phase C-H stretching 98.02%
   45     3093.05          --                 --  opposite-phase C-H stretching                                  opposite-phase C-H stretching 99.49%
   46     3125.84          --                 --  mixed-phase ring-site C-H stretching                           mixed-phase ring-site C-H stretching 96.67%; C-H stretching 2.53%
   47     3129.19          --                 --  in-phase ring-site C-H stretching                              in-phase ring-site C-H stretching 99.59%
   48     3142.31          --                 --  ring-site C-H stretching                                       ring-site C-H stretching 99.03%
   49     3215.05          --                 --  opposite-phase ring-site C-H stretching                        opposite-phase ring-site C-H stretching 99.41%
   50     3479.16          --                 --  C-H stretching                                                 C-H stretching 95.69%; C-C stretching 4.24%

# Selected internal-coordinate set:
#   1  nu(C1-H8)
#   2  nu(C2-C3)
#   3  nu(C4-C5)
#   4  nu(C6-C7)
#   5  nu(C1-H10)
#   6  nu(C2-H12)
#   7  delta_lin2(C6-C7-H17)
#   8  delta_lin1(C6-C7-H17)
#   9  nu(C3-H13)
#  10  nu(C5-H16)
#  11  nu(C4-H15)
#  12  nu(C1-H9)
#  13  nu(C2-H11)
#  14  tau(H15-C4-C5-H16)
#  15  gamma(C5;C3,C2,H13)
#  16  nu(C4-H14)
#  17  tau(H14-C4-C5-H16)
#  18  nu(C7-H17)
#  19  gamma(H8;C1,H9,H10)
#  20  delta(H11-C2-H12)
#  21  delta(H9-C1-H10)
#  22  delta(C4-C5-H16)
#  23  delta(C2-C3-H13)
#  24  delta(C3-C2-H11)
#  25  delta(C5-C4-H15)
#  26  tau(H8-C1-C2-C3)
#  27  tau(H14-C4-C5-C6)
#  28  delta(C3-C2-H12)
#  29  delta(C5-C4-H14)
#  30  delta_lin2(C5-C6-C7)
#  31  delta(C2-C1-H8)
#  32  nu(C5-C6)
#  33  delta(C1-C2-H12)
#  34  nu(C1-C2)
#  35  delta_lin1(C5-C6-C7)
#  36  nu(C3-C5)
#  37  gamma(C3;C5,C4,H16)
#  38  delta(C2-C1-H10)
#  39  tau(H9-C1-C2-H12)
#  40  gamma(C3;C5,C4,C6)
#  41  delta(C4-C5-C6)
#  42  delta(C1-C2-C3)
#  43  tau(C1-C2-C3-C5)
#  44  delta(C2-C3-C4)
#  45  delta(C2-C3-C5)

Wrote: /local/scratch/mv487/qm9s/experiment_1_phase2/ped/2573/2573_summary.csv
Wrote: /local/scratch/mv487/qm9s/experiment_1_phase2/ped/2573/2573_families.csv
Wrote: /local/scratch/mv487/qm9s/experiment_1_phase2/ped/2573/2573_ped.csv
Wrote: /local/scratch/mv487/qm9s/experiment_1_phase2/ped/2573/2573_ir_transitions.csv

# All generated files are in: /local/scratch/mv487/qm9s/experiment_1_phase2/ped/2573
# Manifest: /local/scratch/mv487/qm9s/experiment_1_phase2/ped/2573/2573_manifest.txt

--- stderr ---
Normal modes/frequencies absent or incomplete: diagonalizing Hessian.
