# Contact: romi@lens.unifi.it
# Manual: https://github.com/SebRoLENS/orca-ped-analyzer/blob/main/docs/ORCA_PED_Analyzer_Manual.md
# Check GitHub for updates and new releases: https://github.com/SebRoLENS/orca-ped-analyzer
#
# Molecule: 15 atoms | non-linear
# Bonds inferred: 15 | candidate ICs: 93 | selected ICs: 39
# Cartesian-Hessian reconstruction relative error: 1.665e-05
# Energy distribution: PED (PED is the backward-compatible default; TED includes kinetic-energy terms)
# Ring/cycle bonds detected: 5 | ring atoms: 5 | ring systems: 1
# VPT2: no matching .out file supplied/found -> harmonic/PED analysis only
#
 Mode   Harm/cm-1   VPT2/cm-1  Harm.Int/km mol-1  Assignment                                                     Grouped PED
------------------------------------------------------------------------------------------------------------------------------------------------------------------------------------------------
    6       46.29          --                 --  mixed cyclic-ring out-of-plane deformation / cyclic-ring torsional/out-of-plane deformation / C-N torsion cyclic-ring out-of-plane deformation 35.65%; cyclic-ring torsional/out-of-plane deformation 31.73%; C-N torsion 23.01%; C-H bending 4.78%
    7      144.41          --                 --  mixed cyclic-ring torsional/out-of-plane deformation / cyclic-ring out-of-plane deformation cyclic-ring torsional/out-of-plane deformation 57.91%; cyclic-ring out-of-plane deformation 34.71%; C-N torsion 6.59%
    8      181.66          --                 --  mixed C-N torsion / cyclic-ring torsional/out-of-plane deformation C-N torsion 47.45%; cyclic-ring torsional/out-of-plane deformation 30.30%; cyclic-ring torsional/out-of-plane deformation 6.03%; cyclic-ring out-of-plane deformation 4.71%
    9      250.13          --                 --  mixed cyclic-ring out-of-plane deformation / cyclic-ring torsional/out-of-plane deformation / cyclic-ring torsional/out-of-plane deformation cyclic-ring out-of-plane deformation 39.01%; cyclic-ring torsional/out-of-plane deformation 36.14%; cyclic-ring torsional/out-of-plane deformation 18.71%; C-N torsion 4.65%
   10      268.07          --                 --  mixed C-C-N bending / C-N-C bending                            C-C-N bending 42.64%; C-N-C bending 27.85%; O-C-C bending 13.83%; cyclic-ring deformation (C-N-C bend) 7.71%
   11      292.66          --                 --  mixed O-C-C bending / C-N-C bending                            O-C-C bending 37.44%; C-N-C bending 31.04%; mixed-phase cyclic C-N stretching 7.97%; C-C-N bending 7.64%
   12      336.55          --                 --  mixed cyclic-ring torsional/out-of-plane deformation / cyclic-ring out-of-plane deformation cyclic-ring torsional/out-of-plane deformation 61.74%; cyclic-ring out-of-plane deformation 30.81%; C-O torsion 4.60%
   13      344.73          --                 --  C-O torsion                                                    C-O torsion 74.99%; cyclic-ring torsional/out-of-plane deformation 14.40%; cyclic-ring torsional/out-of-plane deformation 5.15%; cyclic-ring out-of-plane deformation 4.34%
   14      546.02          --                 --  mixed O-C-C bending / C-C-N bending                            O-C-C bending 29.54%; C-C-N bending 20.92%; C-N-C bending 14.36%; mixed-phase cyclic C-N stretching 9.77%
   15      594.10          --                 --  mixed cyclic-ring deformation (C-N-C bend) / mixed-phase exocyclic C-N stretching cyclic-ring deformation (C-N-C bend) 51.90%; mixed-phase exocyclic C-N stretching 21.06%; exocyclic C-O stretching 13.11%; C-N-C bending 5.14%
   16      623.61          --                 --  cyclic-ring out-of-plane deformation                           cyclic-ring out-of-plane deformation 77.84%; cyclic-ring torsional/out-of-plane deformation 9.46%; ring-site C-H out-of-plane bending 6.46%; cyclic-ring torsional/out-of-plane deformation 3.05%
   17      704.39          --                 --  cyclic-ring torsional/out-of-plane deformation                 cyclic-ring torsional/out-of-plane deformation 93.80%; ring-site C-H out-of-plane bending 2.74%
   18      737.95          --                 --  mixed N-H out-of-plane bending / N-H bending                   N-H out-of-plane bending 55.04%; N-H bending 27.70%; exocyclic C-N stretching 9.79%
   19      748.28          --                 --  mixed cyclic C-N stretching / N-H out-of-plane bending / in-phase exocyclic C-N stretching cyclic C-N stretching 22.31%; N-H out-of-plane bending 21.59%; in-phase exocyclic C-N stretching 18.89%; N-H bending 10.90%
   20      771.94          --                 --  ring-site C-H out-of-plane bending                             ring-site C-H out-of-plane bending 86.35%; cyclic-ring out-of-plane deformation 8.40%; cyclic-ring torsional/out-of-plane deformation 4.89%
   21      810.93          --                 --  mixed cyclic-ring deformation (C-N-C bend) / N-H out-of-plane bending cyclic-ring deformation (C-N-C bend) 42.59%; N-H out-of-plane bending 15.72%; mixed-phase cyclic C-N stretching 8.92%; exocyclic C-O stretching 8.73%
   22     1059.02          --                 --  mixed cyclic-ring deformation (C-N-C bend) / mixed-phase cyclic C-N stretching cyclic-ring deformation (C-N-C bend) 41.13%; mixed-phase cyclic C-N stretching 18.60%; exocyclic C-O stretching 9.17%; exocyclic C-N stretching 6.22%
   23     1080.45          --                 --  mixed C-H bending / mixed-phase cyclic C-N stretching          C-H bending 63.52%; mixed-phase cyclic C-N stretching 25.01%; O-H bending 2.61%; cyclic-ring deformation (C-N-C bend) 2.46%
   24     1149.42          --                 --  C-H bending                                                    C-H bending 90.44%; cyclic-ring out-of-plane deformation 5.60%; cyclic-ring torsional/out-of-plane deformation 3.78%
   25     1159.33          --                 --  mixed cyclic C-N stretching / O-H bending                      cyclic C-N stretching 29.65%; O-H bending 22.56%; cyclic C-C stretching 12.53%; mixed-phase exocyclic C-N stretching 10.57%
   26     1211.92          --                 --  N-H bending                                                    N-H bending 85.38%; N-H out-of-plane bending 11.99%
   27     1256.47          --                 --  mixed ring-site C-H in-plane bending / mixed-phase cyclic C-N stretching / cyclic-ring deformation (C-N-C bend) ring-site C-H in-plane bending 45.99%; mixed-phase cyclic C-N stretching 21.52%; cyclic-ring deformation (C-N-C bend) 16.00%; exocyclic C-N stretching 6.51%
   28     1315.46          --                 --  mixed mixed-phase cyclic C-N stretching / mixed-phase exocyclic C-N stretching / C-H bending mixed-phase cyclic C-N stretching 24.87%; mixed-phase exocyclic C-N stretching 21.21%; C-H bending 18.42%; cyclic-ring deformation (C-N-C bend) 16.67%
   29     1347.39          --                 --  mixed mixed-phase cyclic C-N stretching / O-H bending          mixed-phase cyclic C-N stretching 44.23%; O-H bending 22.09%; C-H bending 10.54%; exocyclic C-N stretching 7.86%
   30     1400.70          --                 --  mixed cyclic C-N stretching / exocyclic C-N stretching         cyclic C-N stretching 65.38%; exocyclic C-N stretching 19.32%; C-H bending 8.76%
   31     1449.53          --                 --  mixed mixed-phase cyclic C-N stretching / C-H bending          mixed-phase cyclic C-N stretching 36.34%; C-H bending 21.05%; exocyclic C-O stretching 13.78%; exocyclic C-N stretching 7.18%
   32     1459.75          --                 --  C-H bending                                                    C-H bending 84.48%; mixed-phase cyclic C-N stretching 5.70%; exocyclic C-N stretching 3.74%; cyclic-ring deformation (C-N-C bend) 2.41%
   33     1480.13          --                 --  C-H bending                                                    C-H bending 99.53%
   34     1515.67          --                 --  mixed C-H bending / mixed-phase cyclic C-N stretching          C-H bending 63.11%; mixed-phase cyclic C-N stretching 14.92%; cyclic-ring deformation (C-N-C bend) 7.35%; ring-site C-H in-plane bending 6.21%
   35     1534.77          --                 --  mixed C-H bending / mixed-phase cyclic C-N stretching          C-H bending 51.16%; mixed-phase cyclic C-N stretching 24.97%; cyclic-ring deformation (C-N-C bend) 12.43%; ring-site C-H in-plane bending 6.82%
   36     1659.81          --                 --  mixed N-H bending / cyclic C-C stretching                      N-H bending 52.64%; cyclic C-C stretching 22.05%; cyclic-ring deformation (C-N-C bend) 6.56%; exocyclic C-O stretching 4.66%
   37     1677.56          --                 --  mixed N-H bending / cyclic C-C stretching                      N-H bending 58.72%; cyclic C-C stretching 18.64%; exocyclic C-N stretching 7.37%; cyclic-ring deformation (C-N-C bend) 5.44%
   38     3051.49          --                 --  in-phase C-H stretching                                        in-phase C-H stretching 99.66%
   39     3112.31          --                 --  opposite-phase C-H stretching                                  opposite-phase C-H stretching 99.39%
   40     3136.11          --                 --  mixed-phase C-H stretching                                     mixed-phase C-H stretching 99.39%
   41     3243.73          --                 --  ring-site C-H stretching                                       ring-site C-H stretching 98.69%
   42     3504.79          --                 --  in-phase N-H stretching                                        in-phase N-H stretching 99.85%
   43     3567.46          --                 --  opposite-phase N-H stretching                                  opposite-phase N-H stretching 99.90%
   44     3792.05          --                 --  O-H stretching                                                 O-H stretching 99.94%

# Selected internal-coordinate set:
#   1  nu(C1-N2)
#   2  nu(C3-N4)
#   3  nu(C5-O6)
#   4  nu(C7-N8)
#   5  nu(O6-H13)
#   6  nu(C1-H10)
#   7  nu(N8-H14)
#   8  nu(C1-H9)
#   9  tau(H12-C3-N4-C5)
#  10  nu(N8-H15)
#  11  tau(C3-N4-C5-C7)
#  12  nu(C3-H12)
#  13  nu(N4-C5)
#  14  nu(C1-H11)
#  15  gamma(C7;N2,C1,C3)
#  16  nu(N2-C7)
#  17  gamma(H15;N8,C7,H14)
#  18  delta(C5-O6-H13)
#  19  tau(N4-C5-C7-N8)
#  20  delta(N4-C3-H12)
#  21  tau(C3-N4-C5-O6)
#  22  delta(H9-C1-H11)
#  23  delta(C1-N2-C7)
#  24  delta(H9-C1-H10)
#  25  delta(H10-C1-H11)
#  26  tau(C7-C5-O6-H13)
#  27  delta(H14-N8-H15)
#  28  delta(C3-N4-C5)
#  29  nu(C5-C7)
#  30  delta(C7-N8-H14)
#  31  delta(N2-C1-H11)
#  32  delta(O6-C5-C7)
#  33  delta(N2-C1-H10)
#  34  nu(N2-C3)
#  35  tau(N2-C7-N8-H14)
#  36  tau(H10-C1-N2-C7)
#  37  delta(C5-C7-N8)
#  38  delta(C3-N2-C7)
#  39  tau(C1-N2-C3-N4)

Wrote: /local/scratch/mv487/qm9s/experiment_1_phase2/ped/4667/4667_summary.csv
Wrote: /local/scratch/mv487/qm9s/experiment_1_phase2/ped/4667/4667_families.csv
Wrote: /local/scratch/mv487/qm9s/experiment_1_phase2/ped/4667/4667_ped.csv
Wrote: /local/scratch/mv487/qm9s/experiment_1_phase2/ped/4667/4667_ir_transitions.csv

# All generated files are in: /local/scratch/mv487/qm9s/experiment_1_phase2/ped/4667
# Manifest: /local/scratch/mv487/qm9s/experiment_1_phase2/ped/4667/4667_manifest.txt

--- stderr ---
Normal modes/frequencies absent or incomplete: diagonalizing Hessian.
