# Contact: romi@lens.unifi.it
# Manual: https://github.com/SebRoLENS/orca-ped-analyzer/blob/main/docs/ORCA_PED_Analyzer_Manual.md
# Check GitHub for updates and new releases: https://github.com/SebRoLENS/orca-ped-analyzer
#
# Molecule: 18 atoms | non-linear
# Bonds inferred: 17 | candidate ICs: 111 | selected ICs: 48
# Cartesian-Hessian reconstruction relative error: 9.789e-06
# Energy distribution: PED (PED is the backward-compatible default; TED includes kinetic-energy terms)
# Ring/cycle bonds detected: 0 | ring atoms: 0 | ring systems: 0
# VPT2: no matching .out file supplied/found -> harmonic/PED analysis only
#
 Mode   Harm/cm-1   VPT2/cm-1  Harm.Int/km mol-1  Assignment                                                     Grouped PED
------------------------------------------------------------------------------------------------------------------------------------------------------------------------------------------------
    6       39.91          --                 --  mixed C-C torsion / C-N torsion                                C-C torsion 46.32%; C-N torsion 37.14%; C-N-C bending 6.45%; C-C-N bending 3.02%
    7       47.56          --                 --  C-N torsion                                                    C-N torsion 98.93%
    8       98.76          --                 --  C-N torsion                                                    C-N torsion 87.74%; C-O torsion 10.82%
    9      130.63          --                 --  mixed C-O torsion / C-N torsion                                C-O torsion 60.06%; C-N torsion 34.40%; C-H bending 3.81%
   10      156.46          --                 --  mixed C-O torsion / N-C-C bending                              C-O torsion 41.36%; N-C-C bending 18.87%; C-N torsion 14.57%; C-C-C linear bending 13.79%
   11      179.32          --                 --  mixed C-O torsion / C-N torsion                                C-O torsion 46.62%; C-N torsion 44.22%; N-C-C bending 3.19%; C-C-C linear bending 2.94%
   12      214.24          --                 --  mixed C-N torsion / O-C-C bending                              C-N torsion 67.24%; O-C-C bending 11.84%; C-C-N bending 9.95%; C-O-C bending 4.69%
   13      288.35          --                 --  mixed C-N torsion / C-N-C bending                              C-N torsion 69.42%; C-N-C bending 8.36%; C-C-N bending 4.91%; C-O-C bending 4.15%
   14      339.42          --                 --  C-N torsion                                                    C-N torsion 78.59%; C-C-C linear bending 18.18%
   15      352.59          --                 --  mixed C-N torsion / C-O-C bending / C-N-C bending              C-N torsion 26.49%; C-O-C bending 21.39%; C-N-C bending 15.64%; O-C-O bending 7.47%
   16      431.85          --                 --  mixed C-C-C linear bending / C-N-C bending                     C-C-C linear bending 23.33%; C-N-C bending 16.56%; C-N torsion 10.80%; N-C-C bending 10.21%
   17      562.18          --                 --  mixed N-C-C bending / mixed-phase C-C stretching               N-C-C bending 31.54%; mixed-phase C-C stretching 13.60%; C-C-C linear bending 8.42%; O-C-C bending 8.28%
   18      576.43          --                 --  mixed C-N torsion / C-O torsion                                C-N torsion 49.65%; C-O torsion 31.18%; C-H bending 13.80%
   19      654.62          --                 --  C-C-H linear bending                                           C-C-H linear bending 96.44%; C-C-C linear bending 2.88%
   20      681.33          --                 --  mixed C-N torsion / O-C-O bending                              C-N torsion 55.59%; O-C-O bending 10.06%; C-C-N bending 8.74%; N-H bending 7.44%
   21      697.87          --                 --  C-C-H linear bending                                           C-C-H linear bending 91.85%; C-C-C linear bending 3.42%
   22      769.25          --                 --  mixed C-N torsion / N-H bending                                C-N torsion 64.48%; N-H bending 15.79%; in-phase C-N stretching 4.75%; N-C-C bending 2.51%
   23      887.25          --                 --  mixed C-O stretching / C-C stretching                          C-O stretching 21.06%; C-C stretching 20.99%; C-C-N bending 10.83%; O-C-C bending 10.11%
   24      922.32          --                 --  mixed C-H bending / C-C stretching / C-N torsion               C-H bending 29.05%; C-C stretching 18.19%; C-N torsion 15.72%; N-C-C bending 13.07%
   25      982.22          --                 --  mixed C-O stretching / C-N torsion / mixed-phase C-C stretching C-O stretching 25.99%; C-N torsion 21.00%; mixed-phase C-C stretching 19.99%; in-phase C-N stretching 19.34%
   26     1000.82          --                 --  mixed C-N torsion / C-O stretching / C-H bending               C-N torsion 36.47%; C-O stretching 27.43%; C-H bending 19.23%; C-C stretching 6.63%
   27     1001.84          --                 --  mixed C-H bending / C-N torsion / C-C stretching               C-H bending 32.14%; C-N torsion 29.83%; C-C stretching 18.08%; C-O stretching 5.73%
   28     1105.09          --                 --  mixed C-N torsion / C-H bending / C-N stretching               C-N torsion 39.50%; C-H bending 19.12%; C-N stretching 16.77%; C-H out-of-plane bending 9.02%
   29     1166.13          --                 --  mixed-phase C-N stretching                                     mixed-phase C-N stretching 73.09%; C-N torsion 5.20%; C-C-N bending 4.72%; opposite-phase C-O stretching 4.08%
   30     1173.70          --                 --  C-H bending                                                    C-H bending 96.20%; C-O torsion 3.49%
   31     1200.35          --                 --  mixed C-H bending / mixed-phase C-O stretching                 C-H bending 51.65%; mixed-phase C-O stretching 18.97%; O-C-O bending 13.84%; C-C stretching 5.39%
   32     1216.24          --                 --  mixed C-H bending / mixed-phase C-O stretching                 C-H bending 69.71%; mixed-phase C-O stretching 19.56%; C-N torsion 3.59%
   33     1246.21          --                 --  mixed C-H bending / C-N torsion                                C-H bending 52.90%; C-N torsion 18.36%; C-H out-of-plane bending 12.10%; C-O stretching 6.81%
   34     1305.47          --                 --  C-H bending                                                    C-H bending 79.83%; N-H bending 6.66%; C-N torsion 5.03%; C-N stretching 3.71%
   35     1372.23          --                 --  mixed C-H bending / C-N torsion                                C-H bending 62.91%; C-N torsion 11.68%; C-H out-of-plane bending 8.40%; C-C stretching 6.60%
   36     1397.90          --                 --  mixed C-H bending / C-H out-of-plane bending                   C-H bending 50.57%; C-H out-of-plane bending 33.58%; C-N torsion 9.70%; in-phase C-C stretching 3.85%
   37     1457.47          --                 --  mixed C-N torsion / C-H bending                                C-N torsion 52.85%; C-H bending 41.38%
   38     1475.78          --                 --  C-H bending                                                    C-H bending 95.74%; C-O stretching 2.14%
   39     1487.53          --                 --  C-H bending                                                    C-H bending 99.31%
   40     1499.50          --                 --  mixed C-H bending / C-H out-of-plane bending / C-N torsion     C-H bending 44.35%; C-H out-of-plane bending 28.57%; C-N torsion 25.45%
   41     1500.28          --                 --  C-H bending                                                    C-H bending 82.17%; C-H out-of-plane bending 8.97%; C-N torsion 8.23%
   42     1515.94          --                 --  mixed N-H bending / C-N torsion                                N-H bending 61.35%; C-N torsion 16.95%; C-H bending 15.29%; opposite-phase C-N stretching 4.27%
   43     1792.22          --                 --  mixed-phase C-O stretching                                     mixed-phase C-O stretching 81.51%; O-C-C bending 6.05%; C-C stretching 3.82%; O-C-O bending 2.91%
   44     2232.53          --                 --  mixed-phase C-C stretching                                     mixed-phase C-C stretching 95.31%; C-H stretching 4.55%
   45     2966.74          --                 --  C-H stretching                                                 C-H stretching 99.35%
   46     3029.46          --                 --  C-H stretching                                                 C-H stretching 99.23%
   47     3038.81          --                 --  C-H stretching                                                 C-H stretching 99.43%
   48     3055.64          --                 --  C-H stretching                                                 C-H stretching 99.72%
   49     3081.88          --                 --  mixed-phase C-H stretching                                     mixed-phase C-H stretching 99.37%
   50     3127.94          --                 --  opposite-phase C-H stretching                                  opposite-phase C-H stretching 99.45%
   51     3162.90          --                 --  mixed-phase C-H stretching                                     mixed-phase C-H stretching 99.36%
   52     3478.31          --                 --  C-H stretching                                                 C-H stretching 95.47%; C-C stretching 4.53%
   53     3528.64          --                 --  N-H stretching                                                 N-H stretching 99.55%

# Selected internal-coordinate set:
#   1  nu(C1-O2)
#   2  nu(C3-O4)
#   3  nu(C5-N6)
#   4  nu(C7-C8)
#   5  nu(C9-H18)
#   6  nu(C1-H11)
#   7  nu(C7-H17)
#   8  nu(C5-H13)
#   9  nu(N6-H15)
#  10  delta_lin2(C8-C9-H18)
#  11  delta_lin1(C8-C9-H18)
#  12  nu(C7-H16)
#  13  nu(C5-H14)
#  14  nu(C1-H10)
#  15  tau(C1-O2-C3-O4)
#  16  nu(O2-C3)
#  17  nu(C1-H12)
#  18  tau(H14-C5-N6-H15)
#  19  delta(O2-C3-O4)
#  20  gamma(H16;C7,C8,H17)
#  21  delta(N6-C5-H13)
#  22  delta(H11-C1-H12)
#  23  delta(C8-C7-H17)
#  24  delta(H10-C1-H11)
#  25  tau(H15-N6-C7-H16)
#  26  tau(C1-O2-C3-C5)
#  27  tau(H13-C5-N6-C7)
#  28  delta(H10-C1-H12)
#  29  delta(N6-C5-H14)
#  30  tau(C5-N6-C7-H16)
#  31  nu(C8-C9)
#  32  delta(O2-C1-H11)
#  33  nu(N6-C7)
#  34  delta_lin1(C7-C8-C9)
#  35  delta_lin2(C7-C8-C9)
#  36  delta(C7-N6-H15)
#  37  nu(C3-C5)
#  38  delta(N6-C7-H16)
#  39  tau(H11-C1-O2-C3)
#  40  delta(O2-C3-C5)
#  41  delta(O2-C1-H10)
#  42  delta(C5-N6-C7)
#  43  delta(C1-O2-C3)
#  44  tau(C5-N6-C7-C8)
#  45  tau(O2-C3-C5-N6)
#  46  delta(C3-C5-H14)
#  47  delta(N6-C7-C8)
#  48  delta(C3-C5-N6)

Wrote: /local/scratch/mv487/qm9s/experiment_1_phase2/ped/91748/91748_summary.csv
Wrote: /local/scratch/mv487/qm9s/experiment_1_phase2/ped/91748/91748_families.csv
Wrote: /local/scratch/mv487/qm9s/experiment_1_phase2/ped/91748/91748_ped.csv
Wrote: /local/scratch/mv487/qm9s/experiment_1_phase2/ped/91748/91748_ir_transitions.csv

# All generated files are in: /local/scratch/mv487/qm9s/experiment_1_phase2/ped/91748
# Manifest: /local/scratch/mv487/qm9s/experiment_1_phase2/ped/91748/91748_manifest.txt

--- stderr ---
Normal modes/frequencies absent or incomplete: diagonalizing Hessian.
