# Contact: romi@lens.unifi.it
# Manual: https://github.com/SebRoLENS/orca-ped-analyzer/blob/main/docs/ORCA_PED_Analyzer_Manual.md
# Check GitHub for updates and new releases: https://github.com/SebRoLENS/orca-ped-analyzer
#
# Molecule: 18 atoms | non-linear
# Bonds inferred: 20 | candidate ICs: 208 | selected ICs: 48
# Cartesian-Hessian reconstruction relative error: 3.414e-05
# Energy distribution: PED (PED is the backward-compatible default; TED includes kinetic-energy terms)
# Ring/cycle bonds detected: 9 | ring atoms: 7 | ring systems: 1
# VPT2: no matching .out file supplied/found -> harmonic/PED analysis only
#
 Mode   Harm/cm-1   VPT2/cm-1  Harm.Int/km mol-1  Assignment                                                     Grouped PED
------------------------------------------------------------------------------------------------------------------------------------------------------------------------------------------------
    6      158.40          --                 --  mixed cyclic-ring torsional/out-of-plane deformation / ring-site C-H out-of-plane bending cyclic-ring torsional/out-of-plane deformation 57.62%; ring-site C-H out-of-plane bending 28.98%; cyclic-ring out-of-plane deformation 4.52%; C-O torsion 2.51%
    7      183.81          --                 --  mixed cyclic-ring torsional/out-of-plane deformation / cyclic-ring out-of-plane deformation cyclic-ring torsional/out-of-plane deformation 56.11%; cyclic-ring out-of-plane deformation 23.27%; cyclic C-C stretching 9.74%; C-O torsion 4.63%
    8      204.12          --                 --  C-C torsion                                                    C-C torsion 77.16%; cyclic-ring torsional/out-of-plane deformation 12.03%; cyclic-ring out-of-plane deformation 4.13%; C-H bending 3.76%
    9      250.21          --                 --  mixed cyclic-ring torsional/out-of-plane deformation / cyclic-ring out-of-plane deformation cyclic-ring torsional/out-of-plane deformation 45.71%; cyclic-ring out-of-plane deformation 21.44%; C-O torsion 13.48%; cyclic-ring torsional/out-of-plane deformation 12.67%
   10      285.70          --                 --  mixed ring-site C-H out-of-plane bending / cyclic-ring torsional/out-of-plane deformation ring-site C-H out-of-plane bending 43.69%; cyclic-ring torsional/out-of-plane deformation 37.50%; C-C-O bending 7.50%; C-O torsion 3.59%
   11      369.80          --                 --  mixed cyclic-ring torsional/out-of-plane deformation / C-O torsion / cyclic-ring out-of-plane deformation cyclic-ring torsional/out-of-plane deformation 35.15%; C-O torsion 27.81%; cyclic-ring out-of-plane deformation 20.54%; C-C-O bending 5.56%
   12      401.34          --                 --  mixed C-O torsion / cyclic-ring torsional/out-of-plane deformation C-O torsion 57.12%; cyclic-ring torsional/out-of-plane deformation 11.35%; C-C-O bending 9.18%; cyclic-ring out-of-plane deformation 6.84%
   13      450.55          --                 --  C-O torsion                                                    C-O torsion 98.75%
   14      509.21          --                 --  mixed C-O torsion / cyclic-ring out-of-plane deformation       C-O torsion 58.26%; cyclic-ring out-of-plane deformation 16.24%; cyclic-ring torsional/out-of-plane deformation 11.11%; mixed-phase cyclic C-C stretching 4.76%
   15      564.30          --                 --  mixed cyclic-ring torsional/out-of-plane deformation / cyclic-ring torsional/out-of-plane deformation cyclic-ring torsional/out-of-plane deformation 48.45%; cyclic-ring torsional/out-of-plane deformation 15.42%; C-O torsion 8.49%; cyclic-ring out-of-plane deformation 7.87%
   16      626.81          --                 --  mixed cyclic-ring torsional/out-of-plane deformation / ring-site C-H out-of-plane bending / exocyclic C-C stretching cyclic-ring torsional/out-of-plane deformation 39.63%; ring-site C-H out-of-plane bending 17.64%; exocyclic C-C stretching 15.74%; exocyclic C-O stretching 7.70%
   17      676.59          --                 --  mixed cyclic-ring deformation (O-C-C bend) / cyclic-ring torsional/out-of-plane deformation cyclic-ring deformation (O-C-C bend) 40.16%; cyclic-ring torsional/out-of-plane deformation 16.09%; opposite-phase cyclic C-N stretching 8.44%; mixed-phase cyclic C-C stretching 7.67%
   18      710.95          --                 --  mixed cyclic C-C stretching / exocyclic C-C stretching         cyclic C-C stretching 42.13%; exocyclic C-C stretching 10.27%; cyclic-ring torsional/out-of-plane deformation 9.71%; cyclic-ring torsional/out-of-plane deformation 7.95%
   19      841.72          --                 --  mixed ring-site C-H out-of-plane bending / cyclic C-C stretching / cyclic-ring torsional/out-of-plane deformation ring-site C-H out-of-plane bending 35.54%; cyclic C-C stretching 30.16%; cyclic-ring torsional/out-of-plane deformation 16.18%; in-phase cyclic C-N stretching 10.27%
   20      848.88          --                 --  mixed opposite-phase cyclic C-N stretching / cyclic-ring torsional/out-of-plane deformation opposite-phase cyclic C-N stretching 35.05%; cyclic-ring torsional/out-of-plane deformation 13.66%; ring-site C-H out-of-plane bending 12.69%; cyclic-ring out-of-plane deformation 8.84%
   21      863.29          --                 --  mixed opposite-phase cyclic C-C stretching / C-H bending / cyclic C-O stretching opposite-phase cyclic C-C stretching 22.45%; C-H bending 19.46%; cyclic C-O stretching 18.71%; cyclic-ring torsional/out-of-plane deformation 11.21%
   22      879.84          --                 --  mixed mixed-phase cyclic C-C stretching / ring-site C-H out-of-plane bending mixed-phase cyclic C-C stretching 26.63%; ring-site C-H out-of-plane bending 19.86%; mixed-phase cyclic C-N stretching 14.49%; cyclic-ring torsional/out-of-plane deformation 9.47%
   23      919.21          --                 --  mixed mixed-phase cyclic C-C stretching / C-H bending / cyclic C-O stretching mixed-phase cyclic C-C stretching 25.72%; C-H bending 20.53%; cyclic C-O stretching 19.51%; cyclic-ring torsional/out-of-plane deformation 6.29%
   24      932.80          --                 --  mixed ring-site C-H out-of-plane bending / cyclic C-N stretching ring-site C-H out-of-plane bending 27.00%; cyclic C-N stretching 26.29%; mixed-phase cyclic C-C stretching 13.87%; cyclic-ring torsional/out-of-plane deformation 7.49%
   25      984.40          --                 --  mixed-phase cyclic C-O stretching                              mixed-phase cyclic C-O stretching 71.39%; cyclic-ring deformation (O-C-C bend) 18.79%; C-O torsion 2.35%
   26     1003.92          --                 --  mixed ring-site C-H out-of-plane bending / cyclic-ring deformation (O-C-C bend) / opposite-phase cyclic C-C stretching ring-site C-H out-of-plane bending 26.96%; cyclic-ring deformation (O-C-C bend) 24.14%; opposite-phase cyclic C-C stretching 19.27%; ring-site N-H out-of-plane bending 7.43%
   27     1051.09          --                 --  mixed ring-site C-H out-of-plane bending / ring-site C-H in-plane bending ring-site C-H out-of-plane bending 32.32%; ring-site C-H in-plane bending 21.01%; cyclic-ring torsional/out-of-plane deformation 11.58%; mixed-phase cyclic C-C stretching 9.32%
   28     1074.21          --                 --  mixed ring-site C-H out-of-plane bending / ring-site N-H in-plane bending / C-H bending ring-site C-H out-of-plane bending 28.77%; ring-site N-H in-plane bending 21.69%; C-H bending 20.86%; cyclic-ring out-of-plane deformation 7.06%
   29     1099.72          --                 --  mixed mixed-phase cyclic C-C stretching / O-H bending / ring-site N-H out-of-plane bending mixed-phase cyclic C-C stretching 31.59%; O-H bending 22.05%; ring-site N-H out-of-plane bending 17.23%; ring-site C-H out-of-plane bending 7.91%
   30     1122.02          --                 --  mixed ring-site C-H out-of-plane bending / mixed-phase cyclic C-C stretching ring-site C-H out-of-plane bending 33.26%; mixed-phase cyclic C-C stretching 17.91%; ring-site N-H out-of-plane bending 12.83%; ring-site C-H in-plane bending 7.72%
   31     1149.87          --                 --  mixed C-H bending / cyclic-ring out-of-plane deformation       C-H bending 31.23%; cyclic-ring out-of-plane deformation 19.11%; cyclic-ring torsional/out-of-plane deformation 9.93%; ring-site C-H in-plane bending 7.45%
   32     1159.41          --                 --  mixed ring-site C-H out-of-plane bending / C-H bending         ring-site C-H out-of-plane bending 28.13%; C-H bending 17.86%; cyclic-ring out-of-plane deformation 14.59%; cyclic C-O stretching 11.73%
   33     1167.03          --                 --  mixed ring-site C-H in-plane bending / ring-site C-H out-of-plane bending / C-H bending ring-site C-H in-plane bending 27.09%; ring-site C-H out-of-plane bending 23.25%; C-H bending 17.75%; mixed-phase cyclic C-C stretching 9.18%
   34     1225.37          --                 --  mixed mixed-phase cyclic C-C stretching / ring-site C-H out-of-plane bending mixed-phase cyclic C-C stretching 26.19%; ring-site C-H out-of-plane bending 12.00%; exocyclic C-O stretching 10.66%; cyclic-ring out-of-plane deformation 10.21%
   35     1246.05          --                 --  mixed cyclic-ring torsional/out-of-plane deformation / exocyclic C-C stretching cyclic-ring torsional/out-of-plane deformation 18.10%; exocyclic C-C stretching 17.36%; ring-site C-H in-plane bending 10.84%; exocyclic C-O stretching 10.70%
   36     1299.56          --                 --  mixed cyclic C-C stretching / ring-site C-H out-of-plane bending cyclic C-C stretching 37.77%; ring-site C-H out-of-plane bending 14.13%; in-phase cyclic C-N stretching 12.92%; exocyclic C-O stretching 8.24%
   37     1325.86          --                 --  mixed ring-site C-H out-of-plane bending / O-H bending         ring-site C-H out-of-plane bending 52.77%; O-H bending 9.92%; ring-site C-H in-plane bending 9.30%; mixed-phase cyclic C-C stretching 8.52%
   38     1350.41          --                 --  mixed ring-site C-H out-of-plane bending / mixed-phase cyclic C-C stretching / ring-site C-H in-plane bending ring-site C-H out-of-plane bending 28.55%; mixed-phase cyclic C-C stretching 24.40%; ring-site C-H in-plane bending 16.40%; C-H bending 9.38%
   39     1382.82          --                 --  mixed mixed-phase cyclic C-C stretching / ring-site C-H out-of-plane bending mixed-phase cyclic C-C stretching 29.32%; ring-site C-H out-of-plane bending 19.60%; O-H bending 8.62%; cyclic-ring torsional/out-of-plane deformation 6.76%
   40     1400.19          --                 --  mixed mixed-phase cyclic C-C stretching / O-H bending / ring-site C-H out-of-plane bending mixed-phase cyclic C-C stretching 30.73%; O-H bending 25.66%; ring-site C-H out-of-plane bending 17.89%; ring-site C-H in-plane bending 7.87%
   41     1413.86          --                 --  C-H bending                                                    C-H bending 88.19%; exocyclic C-C stretching 9.14%
   42     1487.88          --                 --  C-H bending                                                    C-H bending 98.40%
   43     1492.48          --                 --  C-H bending                                                    C-H bending 97.61%
   44     1519.14          --                 --  ring-site C-H out-of-plane bending                             ring-site C-H out-of-plane bending 83.30%; ring-site C-H in-plane bending 9.66%; cyclic C-C stretching 2.45%; cyclic-ring deformation (O-C-C bend) 2.38%
   45     3032.72          --                 --  C-H stretching                                                 C-H stretching 93.63%; in-phase ring-site C-H stretching 6.00%
   46     3035.69          --                 --  in-phase ring-site C-H stretching                              in-phase ring-site C-H stretching 93.11%; C-H stretching 5.90%
   47     3084.95          --                 --  opposite-phase ring-site C-H stretching                        opposite-phase ring-site C-H stretching 99.29%
   48     3095.70          --                 --  mixed-phase C-H stretching                                     mixed-phase C-H stretching 99.09%
   49     3115.66          --                 --  mixed-phase C-H stretching                                     mixed-phase C-H stretching 99.51%
   50     3176.65          --                 --  mixed-phase ring-site C-H stretching                           mixed-phase ring-site C-H stretching 98.69%
   51     3196.40          --                 --  ring-site C-H stretching                                       ring-site C-H stretching 98.57%
   52     3487.02          --                 --  ring-site N-H stretching                                       ring-site N-H stretching 99.62%
   53     3769.96          --                 --  O-H stretching                                                 O-H stretching 99.94%

# Selected internal-coordinate set:
#   1  nu(C1-C2)
#   2  nu(O3-C4)
#   3  nu(C5-C7)
#   4  nu(O6-H15)
#   5  nu(N8-C9)
#   6  nu(N8-H17)
#   7  nu(C1-H11)
#   8  nu(C4-H14)
#   9  nu(C2-O3)
#  10  nu(C7-C9)
#  11  nu(C1-H10)
#  12  nu(C4-H13)
#  13  nu(C5-O6)
#  14  tau(C7-C5-O6-H15)
#  15  nu(C1-H12)
#  16  nu(C9-H18)
#  17  gamma(H16;C7,C5,C9)
#  18  tau(H17-N8-C9-C7)
#  19  gamma(C9;C2,C1,O3)
#  20  gamma(H14;C4,O3,H13)
#  21  delta(N8-C9-H18)
#  22  nu(C7-H16)
#  23  delta(C5-O6-H15)
#  24  delta(H10-C1-H11)
#  25  tau(C7-N8-C9-H18)
#  26  delta(O3-C4-H13)
#  27  delta(H11-C1-H12)
#  28  tau(C4-C5-O6-H15)
#  29  delta(H10-C1-H12)
#  30  tau(H14-C4-C5-C7)
#  31  delta(C9-N8-H17)
#  32  gamma(C9;C2,C1,C5)
#  33  gamma(H16;C7,N8,C9)
#  34  tau(C2-O3-C4-H13)
#  35  nu(C7-N8)
#  36  delta(C2-C1-H11)
#  37  nu(C4-C5)
#  38  nu(C2-C9)
#  39  delta(C4-C5-O6)
#  40  delta(C2-C1-H10)
#  41  tau(C5-C7-C9-N8)
#  42  tau(O3-C4-C5-O6)
#  43  tau(H12-C1-C2-O3)
#  44  tau(C7-N8-C9-C2)
#  45  delta(O3-C4-C5)
#  46  tau(O3-C2-C5-C7)
#  47  nu(C2-C5)
#  48  tau(C1-C2-C9-C7)

Wrote: /local/scratch/mv487/qm9s/experiment_1_phase2/ped/66800/66800_summary.csv
Wrote: /local/scratch/mv487/qm9s/experiment_1_phase2/ped/66800/66800_families.csv
Wrote: /local/scratch/mv487/qm9s/experiment_1_phase2/ped/66800/66800_ped.csv
Wrote: /local/scratch/mv487/qm9s/experiment_1_phase2/ped/66800/66800_ir_transitions.csv

# All generated files are in: /local/scratch/mv487/qm9s/experiment_1_phase2/ped/66800
# Manifest: /local/scratch/mv487/qm9s/experiment_1_phase2/ped/66800/66800_manifest.txt

--- stderr ---
Normal modes/frequencies absent or incomplete: diagonalizing Hessian.
