# Contact: romi@lens.unifi.it
# Manual: https://github.com/SebRoLENS/orca-ped-analyzer/blob/main/docs/ORCA_PED_Analyzer_Manual.md
# Check GitHub for updates and new releases: https://github.com/SebRoLENS/orca-ped-analyzer
#
# Molecule: 16 atoms | non-linear
# Bonds inferred: 16 | candidate ICs: 124 | selected ICs: 42
# Cartesian-Hessian reconstruction relative error: 1.625e-05
# Energy distribution: PED (PED is the backward-compatible default; TED includes kinetic-energy terms)
# Ring/cycle bonds detected: 5 | ring atoms: 5 | ring systems: 1
# VPT2: no matching .out file supplied/found -> harmonic/PED analysis only
#
 Mode   Harm/cm-1   VPT2/cm-1  Harm.Int/km mol-1  Assignment                                                     Grouped PED
------------------------------------------------------------------------------------------------------------------------------------------------------------------------------------------------
    6       73.09          --                 --  mixed cyclic-ring torsional/out-of-plane deformation / ring-site C-H out-of-plane bending cyclic-ring torsional/out-of-plane deformation 69.85%; ring-site C-H out-of-plane bending 25.31%; C-N torsion 4.05%
    7       94.15          --                 --  mixed cyclic-ring torsional/out-of-plane deformation / ring-site C-H out-of-plane bending cyclic-ring torsional/out-of-plane deformation 70.81%; ring-site C-H out-of-plane bending 22.52%; cyclic-ring deformation (C-C-C bend) 3.46%; C-O torsion 2.19%
    8      199.26          --                 --  mixed N-C-C bending / O-N-C bending                            N-C-C bending 37.73%; O-N-C bending 24.10%; mixed-phase cyclic C-C stretching 11.45%; cyclic-ring torsional/out-of-plane deformation 9.10%
    9      248.54          --                 --  mixed cyclic-ring torsional/out-of-plane deformation / ring-site C-H out-of-plane bending / C-O torsion cyclic-ring torsional/out-of-plane deformation 36.48%; ring-site C-H out-of-plane bending 16.26%; C-O torsion 15.07%; C-C-O bending 14.47%
   10      297.17          --                 --  mixed C-N torsion / ring-site C-H out-of-plane bending / cyclic-ring torsional/out-of-plane deformation C-N torsion 44.95%; ring-site C-H out-of-plane bending 35.04%; cyclic-ring torsional/out-of-plane deformation 15.35%
   11      349.68          --                 --  mixed cyclic-ring torsional/out-of-plane deformation / cyclic-ring deformation (C-C-C bend) cyclic-ring torsional/out-of-plane deformation 64.07%; cyclic-ring deformation (C-C-C bend) 9.00%; ring-site C-H in-plane bending 7.16%; C-N torsion 5.30%
   12      377.26          --                 --  mixed C-O torsion / cyclic-ring torsional/out-of-plane deformation C-O torsion 42.11%; cyclic-ring torsional/out-of-plane deformation 29.48%; ring-site C-H out-of-plane bending 8.16%; cyclic-ring deformation (C-C-C bend) 5.91%
   13      387.17          --                 --  mixed C-N torsion / ring-site C-H out-of-plane bending         C-N torsion 41.11%; ring-site C-H out-of-plane bending 24.24%; N-O torsion 12.35%; cyclic-ring torsional/out-of-plane deformation 10.36%
   14      423.44          --                 --  mixed cyclic-ring deformation (C-C-C bend) / cyclic-ring torsional/out-of-plane deformation cyclic-ring deformation (C-C-C bend) 24.98%; cyclic-ring torsional/out-of-plane deformation 22.11%; N-O torsion 13.13%; mixed-phase cyclic C-C stretching 11.39%
   15      489.30          --                 --  mixed C-N torsion / ring-site C-H out-of-plane bending / cyclic-ring torsional/out-of-plane deformation C-N torsion 34.21%; ring-site C-H out-of-plane bending 22.92%; cyclic-ring torsional/out-of-plane deformation 19.96%; N-O torsion 8.75%
   16      519.50          --                 --  mixed ring-site C-H out-of-plane bending / cyclic-ring torsional/out-of-plane deformation / C-N torsion ring-site C-H out-of-plane bending 21.21%; cyclic-ring torsional/out-of-plane deformation 21.09%; C-N torsion 17.17%; ring-site C-H in-plane bending 15.55%
   17      602.43          --                 --  mixed cyclic-ring deformation (C-C-C bend) / C-C-O bending     cyclic-ring deformation (C-C-C bend) 40.18%; C-C-O bending 22.97%; cyclic C-C stretching 12.19%; exocyclic C-O stretching 5.59%
   18      613.52          --                 --  mixed ring-site C-H out-of-plane bending / cyclic-ring deformation (C-C-C bend) / ring-site C-H in-plane bending ring-site C-H out-of-plane bending 27.77%; cyclic-ring deformation (C-C-C bend) 23.25%; ring-site C-H in-plane bending 17.62%; cyclic-ring torsional/out-of-plane deformation 15.74%
   19      674.74          --                 --  mixed cyclic-ring deformation (C-C-C bend) / O-N-C bending / mixed-phase cyclic C-C stretching cyclic-ring deformation (C-C-C bend) 23.29%; O-N-C bending 20.94%; mixed-phase cyclic C-C stretching 17.85%; ring-site C-H in-plane bending 7.89%
   20      748.26          --                 --  mixed cyclic C-C stretching / C-N torsion                      cyclic C-C stretching 62.43%; C-N torsion 8.11%; ring-site C-H in-plane bending 7.70%; cyclic-ring torsional/out-of-plane deformation 6.15%
   21      838.27          --                 --  mixed cyclic C-C stretching / cyclic-ring deformation (C-C-C bend) cyclic C-C stretching 60.62%; cyclic-ring deformation (C-C-C bend) 14.92%; cyclic-ring torsional/out-of-plane deformation 5.31%; ring-site C-H in-plane bending 5.11%
   22      910.18          --                 --  mixed ring-site C-H in-plane bending / ring-site C-H out-of-plane bending / cyclic-ring torsional/out-of-plane deformation ring-site C-H in-plane bending 44.71%; ring-site C-H out-of-plane bending 23.69%; cyclic-ring torsional/out-of-plane deformation 16.62%; C-N torsion 10.48%
   23      929.95          --                 --  mixed ring-site C-H out-of-plane bending / ring-site C-H in-plane bending / N-O stretching ring-site C-H out-of-plane bending 29.06%; ring-site C-H in-plane bending 28.04%; N-O stretching 19.45%; mixed-phase cyclic C-C stretching 6.23%
   24      956.90          --                 --  mixed ring-site C-H out-of-plane bending / N-O stretching / ring-site C-H in-plane bending ring-site C-H out-of-plane bending 33.23%; N-O stretching 24.72%; ring-site C-H in-plane bending 23.83%; cyclic-ring torsional/out-of-plane deformation 5.88%
   25     1014.90          --                 --  mixed mixed-phase cyclic C-C stretching / ring-site C-H out-of-plane bending / ring-site C-H in-plane bending mixed-phase cyclic C-C stretching 41.45%; ring-site C-H out-of-plane bending 19.88%; ring-site C-H in-plane bending 17.38%; cyclic-ring torsional/out-of-plane deformation 5.81%
   26     1089.68          --                 --  mixed mixed-phase cyclic C-C stretching / exocyclic C-O stretching mixed-phase cyclic C-C stretching 41.72%; exocyclic C-O stretching 18.14%; cyclic-ring deformation (C-C-C bend) 10.32%; ring-site C-H in-plane bending 8.34%
   27     1152.73          --                 --  mixed ring-site C-H in-plane bending / exocyclic C-O stretching ring-site C-H in-plane bending 58.14%; exocyclic C-O stretching 10.56%; C-N torsion 8.25%; ring-site C-H out-of-plane bending 7.88%
   28     1167.35          --                 --  mixed ring-site C-H in-plane bending / exocyclic C-O stretching ring-site C-H in-plane bending 60.00%; exocyclic C-O stretching 15.74%; cyclic-ring torsional/out-of-plane deformation 8.84%; mixed-phase cyclic C-C stretching 5.21%
   29     1170.61          --                 --  mixed ring-site C-H in-plane bending / mixed-phase cyclic C-C stretching / cyclic-ring deformation (C-C-C bend) ring-site C-H in-plane bending 28.84%; mixed-phase cyclic C-C stretching 22.64%; cyclic-ring deformation (C-C-C bend) 17.16%; ring-site C-H out-of-plane bending 13.45%
   30     1236.56          --                 --  mixed mixed-phase cyclic C-C stretching / cyclic-ring deformation (C-C-C bend) mixed-phase cyclic C-C stretching 45.63%; cyclic-ring deformation (C-C-C bend) 18.55%; O-H bending 9.28%; N-C-C bending 8.31%
   31     1251.67          --                 --  mixed ring-site C-H out-of-plane bending / ring-site C-H in-plane bending ring-site C-H out-of-plane bending 44.73%; ring-site C-H in-plane bending 39.18%; mixed-phase cyclic C-C stretching 12.18%
   32     1262.13          --                 --  mixed ring-site C-H out-of-plane bending / ring-site C-H in-plane bending ring-site C-H out-of-plane bending 52.01%; ring-site C-H in-plane bending 30.46%; O-H bending 10.75%; in-phase cyclic C-C stretching 2.72%
   33     1286.30          --                 --  mixed ring-site C-H in-plane bending / ring-site C-H out-of-plane bending ring-site C-H in-plane bending 69.58%; ring-site C-H out-of-plane bending 14.60%; mixed-phase cyclic C-C stretching 6.04%; cyclic-ring deformation (C-C-C bend) 2.85%
   34     1375.73          --                 --  mixed ring-site C-H out-of-plane bending / ring-site C-H in-plane bending ring-site C-H out-of-plane bending 60.35%; ring-site C-H in-plane bending 13.22%; O-H bending 8.43%; cyclic-ring deformation (C-C-C bend) 6.00%
   35     1380.81          --                 --  mixed O-H bending / ring-site C-H in-plane bending / ring-site C-H out-of-plane bending O-H bending 38.97%; ring-site C-H in-plane bending 24.13%; ring-site C-H out-of-plane bending 15.32%; opposite-phase cyclic C-C stretching 10.41%
   36     1397.33          --                 --  mixed O-H bending / ring-site C-H in-plane bending             O-H bending 47.81%; ring-site C-H in-plane bending 22.48%; ring-site C-H out-of-plane bending 11.69%; mixed-phase cyclic C-C stretching 11.48%
   37     1425.26          --                 --  mixed ring-site C-H out-of-plane bending / ring-site C-H in-plane bending ring-site C-H out-of-plane bending 68.62%; ring-site C-H in-plane bending 25.58%
   38     1486.48          --                 --  mixed ring-site C-H out-of-plane bending / ring-site C-H in-plane bending ring-site C-H out-of-plane bending 61.14%; ring-site C-H in-plane bending 35.99%; cyclic C-C stretching 2.11%
   39     1746.61          --                 --  exocyclic C-N stretching                                       exocyclic C-N stretching 70.75%; cyclic C-C stretching 10.20%; ring-site C-H in-plane bending 5.06%; exocyclic C-O stretching 3.61%
   40     1823.48          --                 --  exocyclic C-O stretching                                       exocyclic C-O stretching 78.62%; in-phase cyclic C-C stretching 8.17%; cyclic-ring deformation (C-C-C bend) 8.06%; exocyclic C-N stretching 3.01%
   41     2936.30          --                 --  ring-site C-H stretching                                       ring-site C-H stretching 98.92%
   42     3034.59          --                 --  ring-site C-H stretching                                       ring-site C-H stretching 99.35%
   43     3049.48          --                 --  ring-site C-H stretching                                       ring-site C-H stretching 99.01%
   44     3081.57          --                 --  mixed-phase ring-site C-H stretching                           mixed-phase ring-site C-H stretching 99.41%
   45     3129.03          --                 --  mixed-phase ring-site C-H stretching                           mixed-phase ring-site C-H stretching 99.10%
   46     3719.64          --                 --  O-H stretching                                                 O-H stretching 99.95%
   47     3812.31          --                 --  O-H stretching                                                 O-H stretching 99.93%

# Selected internal-coordinate set:
#   1  nu(O1-H10)
#   2  nu(C3-C9)
#   3  nu(C4-C5)
#   4  nu(C7-O8)
#   5  nu(O6-H14)
#   6  nu(O1-N2)
#   7  nu(C4-H12)
#   8  nu(C5-H13)
#   9  nu(C9-H16)
#  10  nu(C9-H15)
#  11  tau(H10-O1-N2-C3)
#  12  tau(H12-C4-C5-H13)
#  13  tau(O8-C7-C9-C3)
#  14  nu(N2-C3)
#  15  delta(C5-O6-H14)
#  16  delta(C5-C7-O8)
#  17  nu(C4-H11)
#  18  tau(C4-C5-O6-H14)
#  19  gamma(H15;C9,C3,H16)
#  20  tau(O1-N2-C3-C4)
#  21  tau(H11-C4-C5-H13)
#  22  delta(N2-O1-H10)
#  23  tau(O1-N2-C3-C9)
#  24  delta(O1-N2-C3)
#  25  delta(C4-C5-H13)
#  26  tau(C5-C7-C9-H15)
#  27  delta(C5-C4-H12)
#  28  delta(C3-C9-H16)
#  29  nu(C5-O6)
#  30  nu(C5-C7)
#  31  delta(C5-C4-H11)
#  32  tau(O6-C5-C7-C9)
#  33  delta(C7-C9-H16)
#  34  nu(C7-C9)
#  35  nu(C3-C4)
#  36  delta(C3-C4-H11)
#  37  tau(C3-C4-C5-O6)
#  38  tau(C4-C5-C7-C9)
#  39  delta(C3-C9-C7)
#  40  delta(C4-C5-C7)
#  41  delta(N2-C3-C4)
#  42  tau(N2-C3-C4-C5)

Wrote: /local/scratch/mv487/qm9s/experiment_1_phase2/ped/20508/20508_summary.csv
Wrote: /local/scratch/mv487/qm9s/experiment_1_phase2/ped/20508/20508_families.csv
Wrote: /local/scratch/mv487/qm9s/experiment_1_phase2/ped/20508/20508_ped.csv
Wrote: /local/scratch/mv487/qm9s/experiment_1_phase2/ped/20508/20508_ir_transitions.csv

# All generated files are in: /local/scratch/mv487/qm9s/experiment_1_phase2/ped/20508
# Manifest: /local/scratch/mv487/qm9s/experiment_1_phase2/ped/20508/20508_manifest.txt

--- stderr ---
Normal modes/frequencies absent or incomplete: diagonalizing Hessian.
