# Contact: romi@lens.unifi.it
# Manual: https://github.com/SebRoLENS/orca-ped-analyzer/blob/main/docs/ORCA_PED_Analyzer_Manual.md
# Check GitHub for updates and new releases: https://github.com/SebRoLENS/orca-ped-analyzer
#
# Molecule: 20 atoms | non-linear
# Bonds inferred: 20 | candidate ICs: 169 | selected ICs: 54
# Cartesian-Hessian reconstruction relative error: 2.933e-05
# Energy distribution: PED (PED is the backward-compatible default; TED includes kinetic-energy terms)
# Ring/cycle bonds detected: 5 | ring atoms: 5 | ring systems: 1
# VPT2: no matching .out file supplied/found -> harmonic/PED analysis only
#
 Mode   Harm/cm-1   VPT2/cm-1  Harm.Int/km mol-1  Assignment                                                     Grouped PED
------------------------------------------------------------------------------------------------------------------------------------------------------------------------------------------------
    6       70.11          --                 --  mixed C-O torsion / cyclic-ring torsional/out-of-plane deformation / ring-site C-H out-of-plane bending C-O torsion 44.52%; cyclic-ring torsional/out-of-plane deformation 30.18%; ring-site C-H out-of-plane bending 22.18%
    7      103.59          --                 --  C-O torsion                                                    C-O torsion 79.60%; cyclic-ring torsional/out-of-plane deformation 12.39%; ring-site C-H out-of-plane bending 5.88%
    8      153.37          --                 --  mixed C-C torsion / ring-site C-H out-of-plane bending / cyclic-ring torsional/out-of-plane deformation C-C torsion 32.17%; ring-site C-H out-of-plane bending 31.00%; cyclic-ring torsional/out-of-plane deformation 25.01%; C-O torsion 5.83%
    9      175.70          --                 --  C-C torsion                                                    C-C torsion 96.77%
   10      208.66          --                 --  mixed C-C torsion / cyclic-ring torsional/out-of-plane deformation C-C torsion 68.38%; cyclic-ring torsional/out-of-plane deformation 12.50%; C-O torsion 9.18%; ring-site C-H out-of-plane bending 4.99%
   11      249.55          --                 --  mixed C-O torsion / cyclic-ring torsional/out-of-plane deformation C-O torsion 67.14%; cyclic-ring torsional/out-of-plane deformation 8.06%; ring-site C-H out-of-plane bending 7.03%; O-C-C bending 5.70%
   12      329.83          --                 --  mixed C-C-C bending / C-O-C bending                            C-C-C bending 44.42%; C-O-C bending 14.95%; C-H bending 10.15%; cyclic-ring torsional/out-of-plane deformation 8.94%
   13      412.74          --                 --  mixed ring-site C-H out-of-plane bending / C-C torsion / cyclic-ring torsional/out-of-plane deformation ring-site C-H out-of-plane bending 34.28%; C-C torsion 26.42%; cyclic-ring torsional/out-of-plane deformation 17.42%; ring-site C-H in-plane bending 9.26%
   14      436.35          --                 --  mixed ring-site C-H out-of-plane bending / C-C torsion         ring-site C-H out-of-plane bending 24.40%; C-C torsion 18.65%; O-C-C bending 13.17%; cyclic-ring torsional/out-of-plane deformation 9.64%
   15      504.13          --                 --  mixed ring-site C-H out-of-plane bending / ring-site C-H in-plane bending ring-site C-H out-of-plane bending 35.26%; ring-site C-H in-plane bending 18.75%; C-C torsion 8.05%; cyclic-ring deformation (C-C-C bend) 7.53%
   16      601.00          --                 --  mixed cyclic-ring deformation (C-C-C bend) / ring-site C-H in-plane bending cyclic-ring deformation (C-C-C bend) 59.55%; ring-site C-H in-plane bending 10.04%; exocyclic C-C stretching 9.55%; mixed-phase cyclic C-C stretching 7.63%
   17      649.04          --                 --  mixed ring-site C-H in-plane bending / ring-site C-H out-of-plane bending / cyclic-ring deformation (C-C-C bend) ring-site C-H in-plane bending 31.94%; ring-site C-H out-of-plane bending 24.63%; cyclic-ring deformation (C-C-C bend) 18.13%; cyclic-ring torsional/out-of-plane deformation 6.37%
   18      838.69          --                 --  mixed ring-site C-H in-plane bending / cyclic C-C stretching   ring-site C-H in-plane bending 37.38%; cyclic C-C stretching 18.84%; cyclic-ring out-of-plane deformation 9.82%; cyclic-ring deformation (C-C-C bend) 9.48%
   19      845.90          --                 --  mixed cyclic-ring out-of-plane deformation / ring-site C-H out-of-plane bending / ring-site C-H in-plane bending cyclic-ring out-of-plane deformation 36.72%; ring-site C-H out-of-plane bending 23.24%; ring-site C-H in-plane bending 21.75%; C-O torsion 6.44%
   20      890.55          --                 --  mixed mixed-phase cyclic C-C stretching / cyclic-ring deformation (C-C-C bend) / ring-site C-H in-plane bending mixed-phase cyclic C-C stretching 30.03%; cyclic-ring deformation (C-C-C bend) 26.12%; ring-site C-H in-plane bending 16.49%; C-H bending 11.44%
   21      894.52          --                 --  mixed ring-site C-H in-plane bending / cyclic C-C stretching   ring-site C-H in-plane bending 38.65%; cyclic C-C stretching 17.46%; ring-site C-H out-of-plane bending 9.06%; cyclic-ring deformation (C-C-C bend) 6.88%
   22      959.25          --                 --  mixed mixed-phase cyclic C-C stretching / exocyclic C-O stretching mixed-phase cyclic C-C stretching 48.13%; exocyclic C-O stretching 18.18%; C-O stretching 13.63%; ring-site C-H in-plane bending 9.76%
   23      974.23          --                 --  mixed mixed-phase cyclic C-C stretching / cyclic-ring deformation (C-C-C bend) mixed-phase cyclic C-C stretching 33.91%; cyclic-ring deformation (C-C-C bend) 14.32%; C-H bending 13.12%; ring-site C-H in-plane bending 9.63%
   24     1020.32          --                 --  mixed ring-site C-H in-plane bending / C-H bending             ring-site C-H in-plane bending 48.13%; C-H bending 26.88%; cyclic-ring out-of-plane deformation 7.87%; C-C torsion 3.71%
   25     1029.43          --                 --  mixed C-H bending / mixed-phase cyclic C-C stretching          C-H bending 53.18%; mixed-phase cyclic C-C stretching 13.21%; ring-site C-H in-plane bending 8.01%; ring-site C-H out-of-plane bending 6.15%
   26     1060.13          --                 --  mixed ring-site C-H in-plane bending / mixed-phase cyclic C-C stretching / C-H bending ring-site C-H in-plane bending 30.88%; mixed-phase cyclic C-C stretching 26.53%; C-H bending 17.37%; C-O torsion 12.40%
   27     1099.86          --                 --  mixed ring-site C-H in-plane bending / C-H bending             ring-site C-H in-plane bending 44.18%; C-H bending 24.56%; opposite-phase cyclic C-C stretching 11.78%; cyclic-ring torsional/out-of-plane deformation 5.58%
   28     1115.02          --                 --  mixed C-O stretching / exocyclic C-O stretching                C-O stretching 56.82%; exocyclic C-O stretching 19.58%; C-H bending 9.51%; ring-site C-H in-plane bending 4.75%
   29     1171.18          --                 --  mixed ring-site C-H in-plane bending / C-H bending             ring-site C-H in-plane bending 52.43%; C-H bending 14.56%; cyclic C-C stretching 8.32%; exocyclic C-C stretching 7.14%
   30     1175.50          --                 --  mixed C-H bending / ring-site C-H in-plane bending             C-H bending 69.15%; ring-site C-H in-plane bending 18.80%; C-O torsion 10.47%
   31     1189.01          --                 --  mixed ring-site C-H in-plane bending / C-H bending             ring-site C-H in-plane bending 55.26%; C-H bending 15.51%; ring-site C-H out-of-plane bending 8.39%; exocyclic C-C stretching 6.49%
   32     1227.54          --                 --  mixed C-H bending / ring-site C-H in-plane bending             C-H bending 45.41%; ring-site C-H in-plane bending 41.00%; exocyclic C-O stretching 4.93%; C-O-C bending 2.27%
   33     1256.87          --                 --  mixed ring-site C-H in-plane bending / ring-site C-H out-of-plane bending ring-site C-H in-plane bending 47.47%; ring-site C-H out-of-plane bending 25.49%; mixed-phase cyclic C-C stretching 8.68%; cyclic-ring deformation (C-C-C bend) 6.29%
   34     1291.72          --                 --  mixed ring-site C-H in-plane bending / ring-site C-H out-of-plane bending ring-site C-H in-plane bending 58.08%; ring-site C-H out-of-plane bending 20.99%; C-H bending 5.85%; C-O torsion 5.01%
   35     1303.79          --                 --  ring-site C-H in-plane bending                                 ring-site C-H in-plane bending 77.33%; mixed-phase cyclic C-C stretching 6.08%; ring-site C-H out-of-plane bending 4.98%; C-H bending 4.49%
   36     1326.66          --                 --  mixed ring-site C-H in-plane bending / C-O torsion             ring-site C-H in-plane bending 46.87%; C-O torsion 40.02%; opposite-phase cyclic C-C stretching 7.03%; cyclic-ring deformation (C-C-C bend) 2.83%
   37     1356.75          --                 --  mixed ring-site C-H in-plane bending / C-H bending             ring-site C-H in-plane bending 37.91%; C-H bending 21.86%; cyclic C-C stretching 14.63%; ring-site C-H out-of-plane bending 14.28%
   38     1390.25          --                 --  mixed C-H bending / ring-site C-H in-plane bending             C-H bending 53.56%; ring-site C-H in-plane bending 31.83%; mixed-phase cyclic C-C stretching 6.32%; ring-site C-H out-of-plane bending 5.69%
   39     1418.90          --                 --  C-H bending                                                    C-H bending 89.53%; exocyclic C-C stretching 7.32%
   40     1477.67          --                 --  C-H bending                                                    C-H bending 97.74%
   41     1483.16          --                 --  mixed C-C torsion / C-H bending                                C-C torsion 65.68%; C-H bending 29.57%; ring-site C-H in-plane bending 2.56%
   42     1487.40          --                 --  mixed C-H bending / ring-site C-H out-of-plane bending         C-H bending 69.95%; ring-site C-H out-of-plane bending 15.97%; ring-site C-H in-plane bending 12.40%
   43     1490.61          --                 --  C-H bending                                                    C-H bending 92.71%; C-C torsion 4.40%
   44     1491.99          --                 --  C-H bending                                                    C-H bending 86.17%; C-C torsion 6.21%; ring-site C-H out-of-plane bending 2.65%; ring-site C-H in-plane bending 2.64%
   45     1505.41          --                 --  mixed C-H bending / ring-site C-H out-of-plane bending         C-H bending 68.56%; ring-site C-H out-of-plane bending 16.38%; ring-site C-H in-plane bending 13.44%
   46     1510.69          --                 --  C-H bending                                                    C-H bending 96.66%
   47     1712.84          --                 --  mixed cyclic C-C stretching / ring-site C-H in-plane bending   cyclic C-C stretching 68.05%; ring-site C-H in-plane bending 10.84%; cyclic-ring deformation (C-C-C bend) 6.76%; exocyclic C-C stretching 5.61%
   48     2937.78          --                 --  ring-site C-H stretching                                       ring-site C-H stretching 98.00%
   49     2973.68          --                 --  C-H stretching                                                 C-H stretching 98.54%
   50     3007.03          --                 --  ring-site C-H stretching                                       ring-site C-H stretching 91.75%; C-H stretching 7.48%
   51     3014.67          --                 --  C-H stretching                                                 C-H stretching 91.84%; ring-site C-H stretching 7.81%
   52     3018.95          --                 --  mixed-phase C-H stretching                                     mixed-phase C-H stretching 99.11%
   53     3039.99          --                 --  mixed-phase ring-site C-H stretching                           mixed-phase ring-site C-H stretching 98.51%
   54     3055.22          --                 --  opposite-phase C-H stretching                                  opposite-phase C-H stretching 99.45%
   55     3066.01          --                 --  in-phase ring-site C-H stretching                              in-phase ring-site C-H stretching 99.12%
   56     3102.51          --                 --  mixed-phase C-H stretching                                     mixed-phase C-H stretching 99.50%
   57     3108.16          --                 --  opposite-phase ring-site C-H stretching                        opposite-phase ring-site C-H stretching 99.04%
   58     3110.35          --                 --  C-H stretching                                                 C-H stretching 99.10%
   59     3181.56          --                 --  ring-site C-H stretching                                       ring-site C-H stretching 98.90%

# Selected internal-coordinate set:
#   1  nu(C1-H9)
#   2  nu(O2-C3)
#   3  nu(C4-C5)
#   4  nu(C6-C7)
#   5  nu(C8-H20)
#   6  nu(C3-H12)
#   7  nu(C1-H10)
#   8  nu(C4-H14)
#   9  nu(C7-H17)
#  10  nu(C5-H15)
#  11  nu(C1-H11)
#  12  nu(C7-H19)
#  13  nu(C5-H16)
#  14  nu(C4-H13)
#  15  gamma(C3;C8,C6,H20)
#  16  delta(C3-C8-H20)
#  17  nu(C7-H18)
#  18  tau(C1-O2-C3-H12)
#  19  nu(C1-O2)
#  20  nu(C5-C6)
#  21  gamma(H13;C4,C5,H14)
#  22  tau(C5-C6-C7-H18)
#  23  delta(O2-C3-H12)
#  24  delta(H17-C7-H19)
#  25  delta(H10-C1-H11)
#  26  delta(H15-C5-H16)
#  27  delta(H9-C1-H10)
#  28  delta(H9-C1-H11)
#  29  delta(C6-C7-H17)
#  30  delta(C6-C7-H19)
#  31  nu(C3-C8)
#  32  delta(C5-C4-H14)
#  33  delta(C6-C5-H16)
#  34  tau(C8-C3-C4-H13)
#  35  delta(C6-C7-H18)
#  36  delta(C6-C5-H15)
#  37  delta(O2-C1-H11)
#  38  tau(C1-O2-C3-C4)
#  39  delta(C3-C4-H14)
#  40  nu(C6-C8)
#  41  tau(C7-C6-C8-C3)
#  42  delta(C4-C5-H15)
#  43  nu(C3-C4)
#  44  tau(H11-C1-O2-C3)
#  45  tau(C8-C6-C7-H17)
#  46  delta(C5-C6-C8)
#  47  delta(O2-C1-H9)
#  48  delta(C1-O2-C3)
#  49  delta(O2-C3-C4)
#  50  delta(C8-C3-H12)
#  51  tau(H16-C5-C6-C8)
#  52  delta(C5-C6-C7)
#  53  delta(C3-C4-C5)
#  54  tau(O2-C3-C4-C5)

Wrote: /local/scratch/mv487/qm9s/experiment_1_phase2/ped/10401/10401_summary.csv
Wrote: /local/scratch/mv487/qm9s/experiment_1_phase2/ped/10401/10401_families.csv
Wrote: /local/scratch/mv487/qm9s/experiment_1_phase2/ped/10401/10401_ped.csv
Wrote: /local/scratch/mv487/qm9s/experiment_1_phase2/ped/10401/10401_ir_transitions.csv

# All generated files are in: /local/scratch/mv487/qm9s/experiment_1_phase2/ped/10401
# Manifest: /local/scratch/mv487/qm9s/experiment_1_phase2/ped/10401/10401_manifest.txt

--- stderr ---
Normal modes/frequencies absent or incomplete: diagonalizing Hessian.
