# Contact: romi@lens.unifi.it
# Manual: https://github.com/SebRoLENS/orca-ped-analyzer/blob/main/docs/ORCA_PED_Analyzer_Manual.md
# Check GitHub for updates and new releases: https://github.com/SebRoLENS/orca-ped-analyzer
#
# Molecule: 22 atoms | non-linear
# Bonds inferred: 23 | candidate ICs: 219 | selected ICs: 60
# Cartesian-Hessian reconstruction relative error: 2.747e-05
# Energy distribution: PED (PED is the backward-compatible default; TED includes kinetic-energy terms)
# Ring/cycle bonds detected: 7 | ring atoms: 6 | ring systems: 1
# VPT2: no matching .out file supplied/found -> harmonic/PED analysis only
#
 Mode   Harm/cm-1   VPT2/cm-1  Harm.Int/km mol-1  Assignment                                                     Grouped PED
------------------------------------------------------------------------------------------------------------------------------------------------------------------------------------------------
    6       81.78          --                 --  C-C torsion                                                    C-C torsion 99.64%
    7      131.09          --                 --  C-C torsion                                                    C-C torsion 73.16%; cyclic-ring torsional/out-of-plane deformation 12.00%; ring-site C-H out-of-plane bending 8.88%
    8      174.10          --                 --  C-C torsion                                                    C-C torsion 74.69%; C-C-C bending 18.38%
    9      202.03          --                 --  C-C torsion                                                    C-C torsion 98.09%
   10      236.63          --                 --  C-C torsion                                                    C-C torsion 98.94%
   11      276.19          --                 --  mixed C-C torsion / C-C-C bending                              C-C torsion 69.47%; C-C-C bending 14.19%; cyclic-ring torsional/out-of-plane deformation 5.63%; ring-site C-H out-of-plane bending 3.87%
   12      303.01          --                 --  C-C torsion                                                    C-C torsion 76.17%; C-C-C bending 9.93%; N-C-C bending 7.69%
   13      340.02          --                 --  mixed C-C-C bending / C-C torsion                              C-C-C bending 37.45%; C-C torsion 20.93%; C-H bending 7.91%; cyclic-ring torsional/out-of-plane deformation 6.46%
   14      457.75          --                 --  mixed C-C torsion / N-C-C bending                              C-C torsion 41.74%; N-C-C bending 15.06%; C-C-C bending 14.18%; cyclic-ring deformation (C-C-N bend) 10.87%
   15      491.34          --                 --  mixed C-C torsion / cyclic-ring deformation (C-C-N bend)       C-C torsion 35.07%; cyclic-ring deformation (C-C-N bend) 11.55%; in-phase cyclic C-C stretching 10.40%; cyclic-ring torsional/out-of-plane deformation 7.90%
   16      558.17          --                 --  mixed C-C torsion / cyclic-ring deformation (C-C-N bend)       C-C torsion 22.04%; cyclic-ring deformation (C-C-N bend) 13.17%; C-C-C bending 11.13%; cyclic-ring torsional/out-of-plane deformation 10.16%
   17      597.94          --                 --  mixed cyclic-ring torsional/out-of-plane deformation / C-C torsion cyclic-ring torsional/out-of-plane deformation 31.90%; C-C torsion 31.58%; exocyclic C-C stretching 7.48%; N-C-C bending 5.29%
   18      714.40          --                 --  mixed C-C torsion / opposite-phase cyclic C-N stretching       C-C torsion 29.61%; opposite-phase cyclic C-N stretching 25.40%; cyclic-ring torsional/out-of-plane deformation 10.83%; ring-site C-H out-of-plane bending 10.68%
   19      752.71          --                 --  mixed ring-site C-H out-of-plane bending / C-C torsion         ring-site C-H out-of-plane bending 33.75%; C-C torsion 29.68%; mixed-phase cyclic C-C stretching 8.01%; in-phase cyclic C-N stretching 7.11%
   20      764.51          --                 --  mixed C-C torsion / C-H bending                                C-C torsion 69.11%; C-H bending 23.07%; cyclic C-C stretching 3.48%
   21      819.99          --                 --  mixed cyclic-ring deformation (C-C-C bend) / mixed-phase cyclic C-C stretching / C-C torsion cyclic-ring deformation (C-C-C bend) 23.91%; mixed-phase cyclic C-C stretching 16.46%; C-C torsion 15.25%; cyclic-ring deformation (C-C-N bend) 12.28%
   22      851.10          --                 --  mixed cyclic-ring torsional/out-of-plane deformation / cyclic C-C stretching / cyclic C-N stretching cyclic-ring torsional/out-of-plane deformation 25.90%; cyclic C-C stretching 19.47%; cyclic C-N stretching 16.16%; C-H bending 13.94%
   23      873.52          --                 --  mixed C-C torsion / C-H bending                                C-C torsion 35.59%; C-H bending 29.07%; cyclic C-C stretching 6.61%; ring-site C-H out-of-plane bending 6.47%
   24      913.05          --                 --  mixed mixed-phase cyclic C-C stretching / cyclic-ring deformation (C-C-C bend) mixed-phase cyclic C-C stretching 28.39%; cyclic-ring deformation (C-C-C bend) 16.25%; cyclic-ring out-of-plane deformation 11.29%; ring-site N-H out-of-plane bending 10.16%
   25      946.63          --                 --  mixed cyclic-ring deformation (C-C-C bend) / mixed-phase cyclic C-C stretching cyclic-ring deformation (C-C-C bend) 23.23%; mixed-phase cyclic C-C stretching 18.01%; cyclic C-N stretching 10.44%; cyclic-ring out-of-plane deformation 9.65%
   26      950.87          --                 --  mixed C-H bending / C-C torsion / ring-site C-H out-of-plane bending C-H bending 32.29%; C-C torsion 17.70%; ring-site C-H out-of-plane bending 16.31%; cyclic C-C stretching 12.11%
   27      973.39          --                 --  mixed ring-site C-H out-of-plane bending / C-H bending         ring-site C-H out-of-plane bending 66.63%; C-H bending 6.44%; cyclic C-N stretching 4.68%; cyclic-ring out-of-plane deformation 3.88%
   28      987.02          --                 --  mixed C-H bending / C-C torsion                                C-H bending 33.50%; C-C torsion 23.83%; mixed-phase cyclic C-C stretching 13.94%; cyclic-ring out-of-plane deformation 5.44%
   29     1041.68          --                 --  mixed C-H bending / mixed-phase cyclic C-C stretching          C-H bending 49.76%; mixed-phase cyclic C-C stretching 9.00%; ring-site N-H in-plane bending 7.22%; C-C torsion 6.82%
   30     1048.39          --                 --  mixed mixed-phase cyclic C-C stretching / C-C stretching       mixed-phase cyclic C-C stretching 24.72%; C-C stretching 15.99%; opposite-phase exocyclic C-C stretching 13.18%; cyclic-ring out-of-plane deformation 8.35%
   31     1063.81          --                 --  mixed C-C stretching / cyclic C-C stretching                   C-C stretching 15.82%; cyclic C-C stretching 14.80%; exocyclic C-C stretching 13.84%; C-H bending 12.32%
   32     1109.83          --                 --  mixed C-H bending / C-C torsion                                C-H bending 46.18%; C-C torsion 19.09%; cyclic-ring out-of-plane deformation 9.81%; ring-site N-H in-plane bending 6.26%
   33     1118.16          --                 --  mixed C-H bending / C-C torsion                                C-H bending 32.89%; C-C torsion 28.07%; ring-site C-H in-plane bending 14.20%; C-C-C bending 6.84%
   34     1132.37          --                 --  mixed ring-site C-H in-plane bending / C-H bending / C-C torsion ring-site C-H in-plane bending 29.99%; C-H bending 25.99%; C-C torsion 17.35%; ring-site N-H out-of-plane bending 5.68%
   35     1144.14          --                 --  mixed C-H bending / C-C torsion / exocyclic C-C stretching     C-H bending 40.67%; C-C torsion 20.92%; exocyclic C-C stretching 15.39%; C-C-C bending 5.55%
   36     1168.96          --                 --  mixed ring-site C-H in-plane bending / ring-site N-H out-of-plane bending ring-site C-H in-plane bending 42.82%; ring-site N-H out-of-plane bending 18.70%; cyclic C-C stretching 9.36%; mixed-phase exocyclic C-C stretching 5.92%
   37     1260.10          --                 --  mixed ring-site C-H in-plane bending / C-H bending / in-phase cyclic C-C stretching ring-site C-H in-plane bending 25.52%; C-H bending 16.34%; in-phase cyclic C-C stretching 16.10%; ring-site N-H in-plane bending 6.37%
   38     1275.16          --                 --  mixed C-H bending / C-C torsion                                C-H bending 55.25%; C-C torsion 27.49%; ring-site C-H out-of-plane bending 10.83%; C-C out-of-plane bending 2.73%
   39     1288.69          --                 --  mixed ring-site C-H in-plane bending / mixed-phase cyclic C-C stretching ring-site C-H in-plane bending 34.61%; mixed-phase cyclic C-C stretching 18.53%; C-C-C bending 7.74%; C-C torsion 7.58%
   40     1337.92          --                 --  mixed C-H bending / C-C torsion                                C-H bending 41.49%; C-C torsion 15.34%; C-C out-of-plane bending 14.22%; ring-site C-H in-plane bending 6.38%
   41     1346.32          --                 --  mixed mixed-phase cyclic C-C stretching / C-C torsion          mixed-phase cyclic C-C stretching 17.23%; C-C torsion 14.48%; ring-site C-H out-of-plane bending 14.04%; C-H bending 11.79%
   42     1370.00          --                 --  mixed C-C out-of-plane bending / C-H bending                   C-C out-of-plane bending 42.27%; C-H bending 29.42%; C-C torsion 6.04%; opposite-phase cyclic C-C stretching 5.73%
   43     1386.25          --                 --  mixed ring-site C-H in-plane bending / mixed-phase cyclic C-C stretching / C-H bending ring-site C-H in-plane bending 28.47%; mixed-phase cyclic C-C stretching 19.94%; C-H bending 19.83%; C-C out-of-plane bending 10.37%
   44     1417.72          --                 --  mixed C-H bending / C-H out-of-plane bending                   C-H bending 61.84%; C-H out-of-plane bending 34.90%
   45     1419.03          --                 --  mixed C-H out-of-plane bending / C-H bending                   C-H out-of-plane bending 47.50%; C-H bending 43.62%; cyclic C-C stretching 3.19%; ring-site C-H in-plane bending 2.39%
   46     1434.90          --                 --  mixed mixed-phase cyclic C-C stretching / C-H out-of-plane bending mixed-phase cyclic C-C stretching 24.72%; C-H out-of-plane bending 17.62%; ring-site C-H in-plane bending 14.23%; C-H bending 12.39%
   47     1488.39          --                 --  mixed C-H bending / C-C torsion                                C-H bending 55.42%; C-C torsion 34.57%; C-H out-of-plane bending 9.32%
   48     1496.60          --                 --  mixed C-H bending / C-C torsion                                C-H bending 64.56%; C-C torsion 34.17%
   49     1503.29          --                 --  mixed C-H bending / C-C torsion                                C-H bending 45.68%; C-C torsion 45.01%; C-H out-of-plane bending 6.30%
   50     1504.91          --                 --  mixed C-H bending / C-C torsion                                C-H bending 72.20%; C-C torsion 24.05%; C-H out-of-plane bending 3.43%
   51     1511.24          --                 --  mixed C-H bending / C-C torsion                                C-H bending 48.76%; C-C torsion 48.47%; C-H out-of-plane bending 2.28%
   52     1658.67          --                 --  cyclic C-C stretching                                          cyclic C-C stretching 73.86%; ring-site C-H in-plane bending 11.65%; cyclic-ring deformation (C-C-C bend) 5.13%; cyclic-ring torsional/out-of-plane deformation 5.03%
   53     2974.65          --                 --  ring-site C-H stretching                                       ring-site C-H stretching 97.77%
   54     3016.99          --                 --  mixed-phase C-H stretching                                     mixed-phase C-H stretching 99.21%
   55     3019.25          --                 --  in-phase C-H stretching                                        in-phase C-H stretching 99.11%
   56     3024.48          --                 --  C-H stretching                                                 C-H stretching 99.45%
   57     3069.88          --                 --  mixed-phase C-H stretching                                     mixed-phase C-H stretching 98.23%
   58     3074.72          --                 --  mixed-phase C-H stretching                                     mixed-phase C-H stretching 99.31%
   59     3086.13          --                 --  opposite-phase C-H stretching                                  opposite-phase C-H stretching 99.38%
   60     3089.22          --                 --  mixed-phase C-H stretching                                     mixed-phase C-H stretching 98.55%
   61     3093.43          --                 --  mixed-phase C-H stretching                                     mixed-phase C-H stretching 98.87%
   62     3154.83          --                 --  ring-site C-H stretching                                       ring-site C-H stretching 98.36%
   63     3183.02          --                 --  opposite-phase ring-site C-H stretching                        opposite-phase ring-site C-H stretching 98.05%
   64     3205.87          --                 --  in-phase ring-site C-H stretching                              in-phase ring-site C-H stretching 98.24%
   65     3454.53          --                 --  ring-site N-H stretching                                       ring-site N-H stretching 99.68%

# Selected internal-coordinate set:
#   1  nu(C1-H10)
#   2  nu(C2-H13)
#   3  nu(C3-C4)
#   4  nu(C5-C6)
#   5  nu(N7-C8)
#   6  nu(C9-H20)
#   7  nu(C2-H14)
#   8  nu(C1-H12)
#   9  nu(C9-H22)
#  10  nu(N7-H19)
#  11  nu(C3-H15)
#  12  nu(C1-H11)
#  13  nu(C9-H21)
#  14  nu(C4-C5)
#  15  nu(C6-H18)
#  16  tau(H16-C4-C5-H17)
#  17  nu(C3-C8)
#  18  gamma(C8;C6,C5,H18)
#  19  gamma(C1;C2,H13,H14)
#  20  tau(H19-N7-C8-C3)
#  21  nu(C4-H16)
#  22  tau(H15-C3-C8-N7)
#  23  nu(C5-H17)
#  24  gamma(H21;C9,H20,H22)
#  25  gamma(H11;C1,H10,H12)
#  26  delta(H13-C2-H14)
#  27  delta(H20-C9-H22)
#  28  tau(C3-C4-C5-H17)
#  29  delta(H10-C1-H12)
#  30  delta(C5-C6-H18)
#  31  delta(C8-N7-H19)
#  32  tau(N7-C8-C9-H21)
#  33  delta(C8-C3-H15)
#  34  tau(H11-C1-C2-H13)
#  35  tau(C3-C8-C9-H21)
#  36  delta(C3-C4-H16)
#  37  delta(C4-C5-H17)
#  38  nu(C8-C9)
#  39  delta(C2-C1-H10)
#  40  delta(C8-C9-H21)
#  41  tau(H10-C1-C2-H14)
#  42  nu(C1-C2)
#  43  nu(C6-N7)
#  44  nu(C2-C3)
#  45  tau(H12-C1-C2-C3)
#  46  delta(C5-C6-N7)
#  47  tau(C3-C8-C9-H22)
#  48  tau(H14-C2-C3-C4)
#  49  delta(C2-C1-H12)
#  50  delta(C8-C9-H20)
#  51  tau(C5-C6-N7-C8)
#  52  tau(C2-C3-C4-C5)
#  53  tau(C1-C2-C3-C8)
#  54  delta(C3-C4-C5)
#  55  delta(C1-C2-C3)
#  56  delta(N7-C8-C9)
#  57  delta(C1-C2-H14)
#  58  nu(C6-C8)
#  59  delta(C3-C8-C9)
#  60  delta(C2-C3-C4)

Wrote: /local/scratch/mv487/qm9s/experiment_1_phase2/ped/103556/103556_summary.csv
Wrote: /local/scratch/mv487/qm9s/experiment_1_phase2/ped/103556/103556_families.csv
Wrote: /local/scratch/mv487/qm9s/experiment_1_phase2/ped/103556/103556_ped.csv
Wrote: /local/scratch/mv487/qm9s/experiment_1_phase2/ped/103556/103556_ir_transitions.csv

# All generated files are in: /local/scratch/mv487/qm9s/experiment_1_phase2/ped/103556
# Manifest: /local/scratch/mv487/qm9s/experiment_1_phase2/ped/103556/103556_manifest.txt

--- stderr ---
Normal modes/frequencies absent or incomplete: diagonalizing Hessian.
