# Contact: romi@lens.unifi.it
# Manual: https://github.com/SebRoLENS/orca-ped-analyzer/blob/main/docs/ORCA_PED_Analyzer_Manual.md
# Check GitHub for updates and new releases: https://github.com/SebRoLENS/orca-ped-analyzer
#
# Molecule: 17 atoms | non-linear
# Bonds inferred: 16 | candidate ICs: 103 | selected ICs: 45
# Cartesian-Hessian reconstruction relative error: 1.177e-05
# Energy distribution: PED (PED is the backward-compatible default; TED includes kinetic-energy terms)
# Ring/cycle bonds detected: 0 | ring atoms: 0 | ring systems: 0
# VPT2: no matching .out file supplied/found -> harmonic/PED analysis only
#
 Mode   Harm/cm-1   VPT2/cm-1  Harm.Int/km mol-1  Assignment                                                     Grouped PED
------------------------------------------------------------------------------------------------------------------------------------------------------------------------------------------------
    6       46.74          --                 --  mixed C-C torsion / C-N torsion                                C-C torsion 52.10%; C-N torsion 43.52%
    7       80.21          --                 --  mixed C-N torsion / C-C torsion                                C-N torsion 43.66%; C-C torsion 37.78%; C-N-C bending 7.36%; C-C-N bending 4.81%
    8      134.17          --                 --  mixed C-C torsion / C-N torsion                                C-C torsion 57.28%; C-N torsion 38.94%
    9      155.90          --                 --  C-C torsion                                                    C-C torsion 70.75%; C-N torsion 16.70%; C-H bending 9.79%
   10      186.92          --                 --  C-C torsion                                                    C-C torsion 97.97%
   11      207.21          --                 --  C-N-C bending                                                  C-N-C bending 74.71%; C-N torsion 11.89%; C-C torsion 6.44%; N-C-C bending 3.97%
   12      241.78          --                 --  mixed C-N torsion / C-C torsion                                C-N torsion 45.45%; C-C torsion 33.31%; C-N-C bending 8.91%; C-O out-of-plane bending 6.35%
   13      259.34          --                 --  mixed C-C torsion / C-N-C bending / C-N torsion                C-C torsion 29.08%; C-N-C bending 28.95%; C-N torsion 26.77%; N-C-O bending 6.22%
   14      363.02          --                 --  mixed C-C-N bending / N-C-C bending                            C-C-N bending 35.40%; N-C-C bending 32.77%; C-C-O bending 12.76%; C-H bending 6.15%
   15      412.26          --                 --  mixed N-C-C bending / C-C-N bending                            N-C-C bending 32.25%; C-C-N bending 26.33%; N-C-O bending 11.74%; C-C-O bending 8.51%
   16      453.74          --                 --  mixed C-C-N bending / C-N torsion                              C-C-N bending 36.71%; C-N torsion 13.66%; C-C-O bending 11.01%; C-N stretching 10.76%
   17      533.20          --                 --  mixed C-O out-of-plane bending / C-N torsion / C-C torsion     C-O out-of-plane bending 26.08%; C-N torsion 16.64%; C-C torsion 15.37%; C-H bending 11.88%
   18      604.38          --                 --  mixed C-N-C bending / C-N torsion / C-C-O bending              C-N-C bending 25.30%; C-N torsion 15.80%; C-C-O bending 15.43%; C-H bending 14.00%
   19      612.75          --                 --  mixed C-O out-of-plane bending / C-C torsion                   C-O out-of-plane bending 49.64%; C-C torsion 25.97%; C-H bending 8.46%; C-C-N bending 6.06%
   20      636.24          --                 --  mixed C-C-N bending / C-O out-of-plane bending                 C-C-N bending 22.87%; C-O out-of-plane bending 16.88%; C-N stretching 12.52%; in-phase C-C stretching 10.70%
   21      753.14          --                 --  mixed C-N stretching / N-C-O bending                           C-N stretching 35.66%; N-C-O bending 21.71%; C-H bending 11.78%; C-N-C bending 9.88%
   22      918.83          --                 --  C-N torsion                                                    C-N torsion 71.11%; C-H bending 9.66%; mixed-phase C-C stretching 7.82%; N-C-O bending 5.43%
   23      924.18          --                 --  mixed opposite-phase C-C stretching / C-N torsion              opposite-phase C-C stretching 31.31%; C-N torsion 29.13%; opposite-phase C-N stretching 13.94%; C-H bending 12.11%
   24      994.94          --                 --  mixed C-H bending / C-C stretching                             C-H bending 44.48%; C-C stretching 30.16%; mixed-phase C-N stretching 7.31%; N-H bending 4.97%
   25     1028.05          --                 --  C-O out-of-plane bending                                       C-O out-of-plane bending 94.82%; C-N torsion 3.74%
   26     1056.73          --                 --  mixed C-H bending / C-O out-of-plane bending                   C-H bending 54.14%; C-O out-of-plane bending 12.99%; opposite-phase C-N stretching 6.46%; C-C torsion 5.96%
   27     1065.83          --                 --  mixed C-H bending / C-O out-of-plane bending                   C-H bending 64.34%; C-O out-of-plane bending 22.61%; C-N torsion 2.77%
   28     1087.60          --                 --  C-H bending                                                    C-H bending 75.91%; C-N torsion 18.40%; C-N-C bending 2.11%
   29     1126.06          --                 --  mixed C-H bending / C-N stretching / N-H bending               C-H bending 33.87%; C-N stretching 19.30%; N-H bending 15.35%; N-C-O bending 6.19%
   30     1223.42          --                 --  mixed mixed-phase C-N stretching / C-H bending / C-C-O bending mixed-phase C-N stretching 32.41%; C-H bending 17.59%; C-C-O bending 16.02%; C-C stretching 13.12%
   31     1252.70          --                 --  mixed opposite-phase C-N stretching / C-N-C bending            opposite-phase C-N stretching 46.64%; C-N-C bending 16.46%; C-H bending 14.16%; N-C-O bending 5.79%
   32     1308.54          --                 --  mixed N-H bending / C-H bending                                N-H bending 41.89%; C-H bending 19.79%; mixed-phase C-N stretching 14.99%; C-C-N bending 11.94%
   33     1410.19          --                 --  mixed C-H bending / C-H out-of-plane bending                   C-H bending 51.82%; C-H out-of-plane bending 43.74%; C-C stretching 3.43%
   34     1413.49          --                 --  C-H bending                                                    C-H bending 89.61%; C-C stretching 6.82%
   35     1451.41          --                 --  C-H bending                                                    C-H bending 75.99%; C-H out-of-plane bending 15.29%; C-C torsion 2.92%; C-O stretching 2.48%
   36     1458.27          --                 --  mixed C-H bending / C-H out-of-plane bending                   C-H bending 62.01%; C-H out-of-plane bending 26.29%; C-C torsion 8.85%
   37     1472.86          --                 --  C-H bending                                                    C-H bending 97.45%
   38     1473.53          --                 --  mixed C-C torsion / C-H bending                                C-C torsion 68.37%; C-H bending 28.99%
   39     1490.82          --                 --  C-H bending                                                    C-H bending 98.72%
   40     1738.47          --                 --  C-N stretching                                                 C-N stretching 74.63%; C-C-N bending 8.15%; C-C stretching 6.53%; C-H bending 4.36%
   41     1772.39          --                 --  C-O stretching                                                 C-O stretching 74.89%; N-C-C bending 10.35%; C-C stretching 5.24%; C-N-C bending 3.50%
   42     1789.12          --                 --  C-O stretching                                                 C-O stretching 79.82%; mixed-phase C-N stretching 8.44%; C-H bending 6.59%; C-N-C bending 2.33%
   43     2985.28          --                 --  C-H stretching                                                 C-H stretching 98.63%
   44     3041.40          --                 --  C-H stretching                                                 C-H stretching 99.66%
   45     3063.68          --                 --  in-phase C-H stretching                                        in-phase C-H stretching 99.60%
   46     3112.80          --                 --  mixed-phase C-H stretching                                     mixed-phase C-H stretching 99.57%
   47     3126.31          --                 --  opposite-phase C-H stretching                                  opposite-phase C-H stretching 99.72%
   48     3156.91          --                 --  mixed-phase C-H stretching                                     mixed-phase C-H stretching 99.39%
   49     3158.62          --                 --  mixed-phase C-H stretching                                     mixed-phase C-H stretching 99.27%
   50     3459.28          --                 --  N-H stretching                                                 N-H stretching 99.70%

# Selected internal-coordinate set:
#   1  nu(C1-C2)
#   2  nu(N3-H13)
#   3  nu(C8-H15)
#   4  nu(N4-C5)
#   5  nu(C7-O9)
#   6  nu(C8-H17)
#   7  nu(C1-H12)
#   8  nu(C5-H14)
#   9  nu(C1-H10)
#  10  nu(C8-H16)
#  11  gamma(O6;C5,N4,H14)
#  12  nu(C2-N4)
#  13  tau(N4-C2-N3-H13)
#  14  gamma(O9;C7,N4,C8)
#  15  nu(C1-H11)
#  16  delta(C8-C7-O9)
#  17  nu(C5-O6)
#  18  delta(C2-N3-H13)
#  19  tau(C1-C2-N3-H13)
#  20  gamma(H16;C8,H15,H17)
#  21  delta(H15-C8-H17)
#  22  delta(H10-C1-H11)
#  23  delta(H10-C1-H12)
#  24  delta(O6-C5-H14)
#  25  delta(H11-C1-H12)
#  26  tau(N4-C7-C8-H16)
#  27  nu(C2-N3)
#  28  nu(C7-C8)
#  29  tau(C5-N4-C7-O9)
#  30  delta(C2-C1-H12)
#  31  delta(N4-C5-O6)
#  32  nu(N4-C7)
#  33  delta(C7-C8-H16)
#  34  tau(C2-N4-C7-C8)
#  35  delta(C2-C1-H10)
#  36  delta(C1-C2-N3)
#  37  delta(C7-C8-H15)
#  38  tau(C2-N4-C5-O6)
#  39  delta(N4-C7-C8)
#  40  tau(H12-C1-C2-N4)
#  41  tau(O9-C7-C8-H17)
#  42  delta(C2-N4-C5)
#  43  delta(C1-C2-N4)
#  44  delta(C2-N4-C7)
#  45  tau(C1-C2-N4-C5)

Wrote: /local/scratch/mv487/qm9s/experiment_1_phase2/ped/49686/49686_summary.csv
Wrote: /local/scratch/mv487/qm9s/experiment_1_phase2/ped/49686/49686_families.csv
Wrote: /local/scratch/mv487/qm9s/experiment_1_phase2/ped/49686/49686_ped.csv
Wrote: /local/scratch/mv487/qm9s/experiment_1_phase2/ped/49686/49686_ir_transitions.csv

# All generated files are in: /local/scratch/mv487/qm9s/experiment_1_phase2/ped/49686
# Manifest: /local/scratch/mv487/qm9s/experiment_1_phase2/ped/49686/49686_manifest.txt

--- stderr ---
Normal modes/frequencies absent or incomplete: diagonalizing Hessian.
