# Contact: romi@lens.unifi.it
# Manual: https://github.com/SebRoLENS/orca-ped-analyzer/blob/main/docs/ORCA_PED_Analyzer_Manual.md
# Check GitHub for updates and new releases: https://github.com/SebRoLENS/orca-ped-analyzer
#
# Molecule: 16 atoms | non-linear
# Bonds inferred: 17 | candidate ICs: 137 | selected ICs: 42
# Cartesian-Hessian reconstruction relative error: 2.787e-05
# Energy distribution: PED (PED is the backward-compatible default; TED includes kinetic-energy terms)
# Ring/cycle bonds detected: 8 | ring atoms: 8 | ring systems: 2
# VPT2: no matching .out file supplied/found -> harmonic/PED analysis only
#
 Mode   Harm/cm-1   VPT2/cm-1  Harm.Int/km mol-1  Assignment                                                     Grouped PED
------------------------------------------------------------------------------------------------------------------------------------------------------------------------------------------------
    6       55.97          --                 --  mixed C-O torsion / inter-ring C-N torsion                     C-O torsion 67.71%; inter-ring C-N torsion 23.63%; cyclic-ring torsional/out-of-plane deformation 2.95%; C-C-N bending 2.74%
    7      144.22          --                 --  mixed C-O torsion / cyclic-ring torsional/out-of-plane deformation C-O torsion 47.04%; cyclic-ring torsional/out-of-plane deformation 30.61%; cyclic-ring torsional/out-of-plane deformation 8.32%; ring-site C-H out-of-plane bending 5.06%
    8      198.03          --                 --  mixed C-C-N bending / C-O torsion / ring-site C-H out-of-plane bending C-C-N bending 33.51%; C-O torsion 23.72%; ring-site C-H out-of-plane bending 17.22%; C-N-N bending 7.63%
    9      306.72          --                 --  mixed ring-site C-H out-of-plane bending / C-N-N bending       ring-site C-H out-of-plane bending 30.93%; C-N-N bending 18.41%; cyclic-ring torsional/out-of-plane deformation 12.86%; cyclic-ring out-of-plane deformation 11.35%
   10      374.29          --                 --  mixed O-C-C bending / C-O torsion / ring-site C-H out-of-plane bending O-C-C bending 21.88%; C-O torsion 21.55%; ring-site C-H out-of-plane bending 16.38%; cyclic-ring out-of-plane deformation 15.87%
   11      468.70          --                 --  mixed O-C-C bending / ring-site C-H out-of-plane bending       O-C-C bending 29.83%; ring-site C-H out-of-plane bending 21.74%; cyclic-ring out-of-plane deformation 12.66%; cyclic-ring torsional/out-of-plane deformation 12.34%
   12      537.06          --                 --  C-O torsion                                                    C-O torsion 95.94%
   13      559.21          --                 --  C-O torsion                                                    C-O torsion 78.69%; inter-ring C-N stretching 3.75%; cyclic-ring torsional/out-of-plane deformation 3.67%; ring-site C-H out-of-plane bending 3.39%
   14      670.36          --                 --  ring-site C-H out-of-plane bending                             ring-site C-H out-of-plane bending 77.96%; cyclic-ring torsional/out-of-plane deformation 15.46%
   15      687.31          --                 --  mixed cyclic-ring torsional/out-of-plane deformation / ring-site C-H out-of-plane bending cyclic-ring torsional/out-of-plane deformation 26.37%; ring-site C-H out-of-plane bending 23.81%; cyclic-ring out-of-plane deformation 14.74%; C-C-N bending 9.46%
   16      723.96          --                 --  mixed ring-site C-H out-of-plane bending / C-C-N bending / cyclic-ring torsional/out-of-plane deformation ring-site C-H out-of-plane bending 36.10%; C-C-N bending 23.74%; cyclic-ring torsional/out-of-plane deformation 17.93%; C-O torsion 5.76%
   17      769.91          --                 --  mixed cyclic-ring out-of-plane deformation / ring-site C-H out-of-plane bending cyclic-ring out-of-plane deformation 37.32%; ring-site C-H out-of-plane bending 33.40%; cyclic C-C stretching 12.06%; C-O torsion 8.33%
   18      815.69          --                 --  mixed ring-site C-H out-of-plane bending / mixed-phase cyclic C-C stretching ring-site C-H out-of-plane bending 49.78%; mixed-phase cyclic C-C stretching 18.26%; cyclic-ring out-of-plane deformation 12.20%; exocyclic C-O stretching 4.53%
   19      827.39          --                 --  ring-site C-H out-of-plane bending                             ring-site C-H out-of-plane bending 99.12%
   20      883.52          --                 --  ring-site C-H out-of-plane bending                             ring-site C-H out-of-plane bending 99.49%
   21      947.59          --                 --  mixed cyclic-ring out-of-plane deformation / ring-site C-H out-of-plane bending cyclic-ring out-of-plane deformation 44.91%; ring-site C-H out-of-plane bending 22.02%; cyclic C-C stretching 9.54%; C-O torsion 7.34%
   22      986.38          --                 --  cyclic-ring deformation (N-C-C bend)                           cyclic-ring deformation (N-C-C bend) 72.01%; cyclic N-N stretching 8.52%; ring-site C-H in-plane bending 7.98%; cyclic-ring out-of-plane deformation 3.20%
   23      995.61          --                 --  mixed cyclic-ring deformation (N-C-C bend) / in-phase cyclic N-N stretching cyclic-ring deformation (N-C-C bend) 31.49%; in-phase cyclic N-N stretching 25.69%; cyclic-ring out-of-plane deformation 8.74%; ring-site C-H in-plane bending 8.41%
   24     1031.66          --                 --  mixed ring-site C-H out-of-plane bending / cyclic-ring out-of-plane deformation ring-site C-H out-of-plane bending 39.94%; cyclic-ring out-of-plane deformation 35.66%; cyclic C-C stretching 9.15%; exocyclic C-O stretching 5.81%
   25     1059.67          --                 --  mixed cyclic-ring out-of-plane deformation / ring-site C-H out-of-plane bending cyclic-ring out-of-plane deformation 40.36%; ring-site C-H out-of-plane bending 39.32%; cyclic N-N stretching 6.32%; cyclic C-C stretching 5.67%
   26     1070.77          --                 --  mixed ring-site C-H out-of-plane bending / cyclic-ring out-of-plane deformation ring-site C-H out-of-plane bending 47.47%; cyclic-ring out-of-plane deformation 33.12%; opposite-phase cyclic C-C stretching 8.12%; C-O torsion 4.69%
   27     1102.77          --                 --  mixed cyclic C-C stretching / ring-site C-H in-plane bending   cyclic C-C stretching 47.73%; ring-site C-H in-plane bending 30.70%; cyclic N-N stretching 10.47%; cyclic-ring out-of-plane deformation 3.85%
   28     1126.06          --                 --  mixed ring-site C-H out-of-plane bending / C-O torsion / cyclic-ring out-of-plane deformation ring-site C-H out-of-plane bending 42.63%; C-O torsion 21.97%; cyclic-ring out-of-plane deformation 16.36%; ring-site C-H in-plane bending 11.65%
   29     1142.20          --                 --  mixed ring-site C-H out-of-plane bending / C-O torsion         ring-site C-H out-of-plane bending 32.70%; C-O torsion 23.23%; cyclic-ring out-of-plane deformation 9.64%; O-H bending 6.92%
   30     1189.08          --                 --  mixed ring-site C-H in-plane bending / mixed-phase cyclic N-N stretching ring-site C-H in-plane bending 38.31%; mixed-phase cyclic N-N stretching 13.00%; cyclic-ring out-of-plane deformation 12.57%; mixed-phase cyclic C-N stretching 8.88%
   31     1224.40          --                 --  mixed cyclic C-C stretching / exocyclic C-O stretching / C-H bending cyclic C-C stretching 21.43%; exocyclic C-O stretching 21.15%; C-H bending 15.06%; ring-site C-H out-of-plane bending 9.67%
   32     1258.53          --                 --  mixed mixed-phase cyclic N-N stretching / ring-site C-H in-plane bending mixed-phase cyclic N-N stretching 43.65%; ring-site C-H in-plane bending 21.84%; mixed-phase cyclic C-N stretching 11.55%; cyclic-ring deformation (N-C-C bend) 6.90%
   33     1284.09          --                 --  in-phase cyclic C-N stretching                                 in-phase cyclic C-N stretching 72.75%; cyclic-ring deformation (N-N-N bend) 18.41%; cyclic N-N stretching 2.25%; C-N-N bending 2.23%
   34     1358.18          --                 --  mixed C-H bending / O-H bending                                C-H bending 32.04%; O-H bending 13.44%; exocyclic C-O stretching 10.68%; cyclic-ring out-of-plane deformation 9.68%
   35     1376.30          --                 --  mixed cyclic N-N stretching / cyclic-ring deformation (N-N-N bend) cyclic N-N stretching 23.68%; cyclic-ring deformation (N-N-N bend) 16.64%; ring-site C-H in-plane bending 11.11%; C-H bending 11.07%
   36     1427.65          --                 --  mixed inter-ring C-N stretching / cyclic-ring deformation (N-N-N bend) inter-ring C-N stretching 26.64%; cyclic-ring deformation (N-N-N bend) 16.31%; ring-site C-H in-plane bending 13.06%; cyclic N-N stretching 12.37%
   37     1450.26          --                 --  mixed cyclic C-C stretching / ring-site C-H in-plane bending   cyclic C-C stretching 40.05%; ring-site C-H in-plane bending 33.30%; cyclic-ring deformation (N-C-C bend) 8.28%; cyclic C-N stretching 7.31%
   38     1460.01          --                 --  C-H bending                                                    C-H bending 70.39%; O-H bending 9.18%; ring-site C-H out-of-plane bending 9.13%; cyclic-ring out-of-plane deformation 7.95%
   39     1486.54          --                 --  mixed C-H bending / opposite-phase cyclic C-N stretching       C-H bending 34.76%; opposite-phase cyclic C-N stretching 16.47%; O-H bending 14.19%; ring-site C-H out-of-plane bending 14.07%
   40     1505.08          --                 --  mixed C-H bending / opposite-phase cyclic C-N stretching       C-H bending 27.19%; opposite-phase cyclic C-N stretching 22.18%; ring-site C-H out-of-plane bending 13.87%; ring-site C-H in-plane bending 10.99%
   41     3127.97          --                 --  in-phase ring-site C-H stretching                              in-phase ring-site C-H stretching 99.12%
   42     3169.16          --                 --  ring-site C-H stretching                                       ring-site C-H stretching 99.04%
   43     3211.48          --                 --  mixed-phase ring-site C-H stretching                           mixed-phase ring-site C-H stretching 98.69%
   44     3221.35          --                 --  mixed-phase ring-site C-H stretching                           mixed-phase ring-site C-H stretching 99.53%
   45     3264.08          --                 --  opposite-phase ring-site C-H stretching                        opposite-phase ring-site C-H stretching 98.69%
   46     3279.63          --                 --  in-phase ring-site C-H stretching                              in-phase ring-site C-H stretching 98.61%
   47     3632.50          --                 --  O-H stretching                                                 O-H stretching 99.86%

# Selected internal-coordinate set:
#   1  nu(O1-C2)
#   2  nu(C3-C4)
#   3  nu(N6-C7)
#   4  nu(C8-H16)
#   5  nu(N5-N9)
#   6  nu(O1-H10)
#   7  nu(C2-H11)
#   8  nu(C3-H13)
#   9  nu(N5-N6)
#  10  nu(C4-H14)
#  11  nu(C7-H15)
#  12  tau(N9-N5-N6-C7)
#  13  gamma(H16;C8,C7,N9)
#  14  tau(H10-O1-C2-H11)
#  15  nu(C8-N9)
#  16  tau(H13-C3-C4-H14)
#  17  tau(N5-N6-C7-H15)
#  18  nu(C3-H12)
#  19  gamma(C4;C3,C2,H13)
#  20  tau(H10-O1-C2-C3)
#  21  delta(N6-C7-H15)
#  22  delta(N9-C8-H16)
#  23  delta(C3-C4-H14)
#  24  delta(O1-C2-H11)
#  25  delta(C2-O1-H10)
#  26  delta(N6-N5-N9)
#  27  delta(H12-C3-H13)
#  28  tau(C4-N5-N6-C7)
#  29  tau(H12-C3-C4-N5)
#  30  gamma(C4;C3,C2,H12)
#  31  delta(N6-C7-C8)
#  32  tau(C2-C4-N5-N9)
#  33  delta(O1-C2-C3)
#  34  nu(C7-C8)
#  35  nu(C2-C3)
#  36  nu(C4-N5)
#  37  gamma(C2;C3,C4,H13)
#  38  delta(C4-N5-N6)
#  39  tau(H16-C8-N9-N5)
#  40  tau(H11-C2-C3-H13)
#  41  tau(C3-C2-C4-N5)
#  42  delta(C2-C4-N5)

Wrote: /local/scratch/mv487/qm9s/experiment_1_phase2/ped/129703/129703_summary.csv
Wrote: /local/scratch/mv487/qm9s/experiment_1_phase2/ped/129703/129703_families.csv
Wrote: /local/scratch/mv487/qm9s/experiment_1_phase2/ped/129703/129703_ped.csv
Wrote: /local/scratch/mv487/qm9s/experiment_1_phase2/ped/129703/129703_ir_transitions.csv

# All generated files are in: /local/scratch/mv487/qm9s/experiment_1_phase2/ped/129703
# Manifest: /local/scratch/mv487/qm9s/experiment_1_phase2/ped/129703/129703_manifest.txt

--- stderr ---
Normal modes/frequencies absent or incomplete: diagonalizing Hessian.
