# Contact: romi@lens.unifi.it
# Manual: https://github.com/SebRoLENS/orca-ped-analyzer/blob/main/docs/ORCA_PED_Analyzer_Manual.md
# Check GitHub for updates and new releases: https://github.com/SebRoLENS/orca-ped-analyzer
#
# Molecule: 23 atoms | non-linear
# Bonds inferred: 24 | candidate ICs: 244 | selected ICs: 63
# Cartesian-Hessian reconstruction relative error: 4.065e-05
# Energy distribution: PED (PED is the backward-compatible default; TED includes kinetic-energy terms)
# Ring/cycle bonds detected: 7 | ring atoms: 6 | ring systems: 1
# VPT2: no matching .out file supplied/found -> harmonic/PED analysis only
#
 Mode   Harm/cm-1   VPT2/cm-1  Harm.Int/km mol-1  Assignment                                                     Grouped PED
------------------------------------------------------------------------------------------------------------------------------------------------------------------------------------------------
    6       77.25          --                 --  mixed C-C torsion / cyclic-ring torsional/out-of-plane deformation C-C torsion 56.18%; cyclic-ring torsional/out-of-plane deformation 17.28%; cyclic-ring out-of-plane deformation 11.97%; ring-site C-H out-of-plane bending 6.69%
    7      107.77          --                 --  mixed ring-site C-H out-of-plane bending / cyclic-ring torsional/out-of-plane deformation ring-site C-H out-of-plane bending 64.05%; cyclic-ring torsional/out-of-plane deformation 29.30%; cyclic-ring out-of-plane deformation 2.97%; C-C torsion 2.11%
    8      149.32          --                 --  mixed ring-site C-H out-of-plane bending / cyclic-ring torsional/out-of-plane deformation ring-site C-H out-of-plane bending 55.67%; cyclic-ring torsional/out-of-plane deformation 25.76%; cyclic-ring out-of-plane deformation 12.85%; C-C-C bending 2.68%
    9      210.77          --                 --  C-C torsion                                                    C-C torsion 89.74%; ring-site C-H out-of-plane bending 4.43%; cyclic-ring torsional/out-of-plane deformation 4.17%
   10      241.82          --                 --  C-C torsion                                                    C-C torsion 98.91%
   11      275.00          --                 --  mixed C-C torsion / ring-site C-H out-of-plane bending         C-C torsion 62.62%; ring-site C-H out-of-plane bending 14.53%; cyclic-ring torsional/out-of-plane deformation 8.60%; cyclic-ring out-of-plane deformation 6.26%
   12      318.85          --                 --  mixed C-C torsion / cyclic-ring torsional/out-of-plane deformation / ring-site C-H out-of-plane bending C-C torsion 46.11%; cyclic-ring torsional/out-of-plane deformation 22.65%; ring-site C-H out-of-plane bending 15.62%; C-C-C bending 4.37%
   13      375.68          --                 --  mixed ring-site C-H out-of-plane bending / C-C torsion         ring-site C-H out-of-plane bending 39.81%; C-C torsion 24.33%; C-C out-of-plane bending 12.79%; cyclic-ring torsional/out-of-plane deformation 5.98%
   14      388.70          --                 --  mixed ring-site C-H out-of-plane bending / C-C-C bending / C-C torsion ring-site C-H out-of-plane bending 31.38%; C-C-C bending 30.56%; C-C torsion 23.55%; C-C out-of-plane bending 4.58%
   15      414.36          --                 --  mixed cyclic-ring out-of-plane deformation / cyclic-ring deformation (C-C-O bend) cyclic-ring out-of-plane deformation 48.37%; cyclic-ring deformation (C-C-O bend) 23.27%; C-C torsion 7.57%; C-C-C bending 5.23%
   16      468.48          --                 --  mixed cyclic-ring torsional/out-of-plane deformation / ring-site C-H out-of-plane bending / cyclic-ring out-of-plane deformation cyclic-ring torsional/out-of-plane deformation 36.94%; ring-site C-H out-of-plane bending 27.00%; cyclic-ring out-of-plane deformation 16.51%; C-C torsion 9.16%
   17      613.63          --                 --  mixed cyclic-ring deformation (C-C-C bend) / cyclic-ring out-of-plane deformation / ring-site C-H out-of-plane bending cyclic-ring deformation (C-C-C bend) 18.86%; cyclic-ring out-of-plane deformation 17.40%; ring-site C-H out-of-plane bending 17.00%; C-C-C bending 9.90%
   18      671.34          --                 --  mixed cyclic-ring out-of-plane deformation / cyclic C-O stretching cyclic-ring out-of-plane deformation 23.84%; cyclic C-O stretching 20.49%; ring-site C-H out-of-plane bending 14.71%; C-C torsion 12.14%
   19      736.29          --                 --  mixed C-C torsion / ring-site C-H out-of-plane bending         C-C torsion 36.19%; ring-site C-H out-of-plane bending 19.84%; C-H bending 9.92%; cyclic-ring out-of-plane deformation 7.01%
   20      782.72          --                 --  mixed C-H bending / C-C torsion                                C-H bending 65.26%; C-C torsion 12.51%; ring-site C-H out-of-plane bending 8.42%; cyclic C-C stretching 6.75%
   21      803.74          --                 --  mixed cyclic C-C stretching / exocyclic C-C stretching         cyclic C-C stretching 44.38%; exocyclic C-C stretching 12.62%; C-H bending 9.73%; cyclic-ring torsional/out-of-plane deformation 7.17%
   22      853.87          --                 --  mixed cyclic-ring out-of-plane deformation / C-H bending       cyclic-ring out-of-plane deformation 34.48%; C-H bending 13.97%; cyclic-ring deformation (C-C-C bend) 13.32%; ring-site C-H out-of-plane bending 9.24%
   23      881.20          --                 --  mixed C-C torsion / C-H bending / ring-site C-H out-of-plane bending C-C torsion 23.50%; C-H bending 18.30%; ring-site C-H out-of-plane bending 17.32%; cyclic C-O stretching 12.37%
   24      907.82          --                 --  mixed mixed-phase cyclic C-C stretching / ring-site C-H out-of-plane bending / C-C torsion mixed-phase cyclic C-C stretching 25.71%; ring-site C-H out-of-plane bending 20.20%; C-C torsion 16.58%; cyclic-ring out-of-plane deformation 10.15%
   25      923.98          --                 --  mixed ring-site C-H out-of-plane bending / ring-site C-H in-plane bending ring-site C-H out-of-plane bending 36.66%; ring-site C-H in-plane bending 12.14%; cyclic-ring torsional/out-of-plane deformation 9.37%; cyclic-ring out-of-plane deformation 9.20%
   26      955.00          --                 --  mixed C-H bending / cyclic-ring out-of-plane deformation       C-H bending 21.54%; cyclic-ring out-of-plane deformation 17.86%; cyclic C-O stretching 13.68%; ring-site C-H out-of-plane bending 12.44%
   27      970.40          --                 --  mixed C-C stretching / C-H bending                             C-C stretching 39.93%; C-H bending 22.73%; in-phase cyclic C-C stretching 8.95%; ring-site C-H out-of-plane bending 5.99%
   28     1002.94          --                 --  mixed mixed-phase cyclic C-C stretching / cyclic-ring deformation (C-C-C bend) mixed-phase cyclic C-C stretching 32.37%; cyclic-ring deformation (C-C-C bend) 16.19%; ring-site C-H out-of-plane bending 12.38%; ring-site C-H in-plane bending 10.85%
   29     1044.60          --                 --  mixed C-H bending / cyclic-ring out-of-plane deformation / exocyclic C-C stretching C-H bending 29.35%; cyclic-ring out-of-plane deformation 17.20%; exocyclic C-C stretching 16.03%; cyclic C-C stretching 13.94%
   30     1048.81          --                 --  mixed C-H bending / cyclic-ring out-of-plane deformation       C-H bending 42.12%; cyclic-ring out-of-plane deformation 20.48%; ring-site C-H out-of-plane bending 14.26%; C-C torsion 6.98%
   31     1068.45          --                 --  mixed C-H bending / ring-site C-H out-of-plane bending         C-H bending 40.03%; ring-site C-H out-of-plane bending 11.40%; cyclic C-O stretching 8.50%; C-C stretching 6.35%
   32     1090.34          --                 --  mixed C-H bending / cyclic-ring out-of-plane deformation       C-H bending 57.44%; cyclic-ring out-of-plane deformation 8.97%; C-C stretching 7.82%; ring-site C-H in-plane bending 7.81%
   33     1134.60          --                 --  mixed C-H bending / C-C torsion                                C-H bending 23.01%; C-C torsion 17.89%; ring-site C-H out-of-plane bending 13.60%; cyclic-ring out-of-plane deformation 12.31%
   34     1156.65          --                 --  mixed C-H bending / ring-site C-H out-of-plane bending         C-H bending 30.02%; ring-site C-H out-of-plane bending 15.69%; cyclic-ring out-of-plane deformation 11.55%; cyclic-ring torsional/out-of-plane deformation 8.24%
   35     1204.03          --                 --  mixed ring-site C-H out-of-plane bending / ring-site C-H in-plane bending ring-site C-H out-of-plane bending 49.40%; ring-site C-H in-plane bending 27.08%; C-H bending 7.62%; cyclic-ring out-of-plane deformation 5.50%
   36     1221.83          --                 --  mixed ring-site C-H out-of-plane bending / cyclic-ring out-of-plane deformation ring-site C-H out-of-plane bending 24.56%; cyclic-ring out-of-plane deformation 19.36%; C-H bending 13.48%; ring-site C-H in-plane bending 13.09%
   37     1248.75          --                 --  mixed ring-site C-H in-plane bending / cyclic-ring out-of-plane deformation ring-site C-H in-plane bending 15.34%; cyclic-ring out-of-plane deformation 14.05%; C-C out-of-plane bending 13.36%; ring-site C-H out-of-plane bending 12.53%
   38     1269.34          --                 --  mixed ring-site C-H out-of-plane bending / ring-site C-H in-plane bending ring-site C-H out-of-plane bending 41.77%; ring-site C-H in-plane bending 16.47%; C-H bending 13.86%; cyclic-ring out-of-plane deformation 6.07%
   39     1293.83          --                 --  mixed ring-site C-H out-of-plane bending / ring-site C-H in-plane bending / C-C out-of-plane bending ring-site C-H out-of-plane bending 20.28%; ring-site C-H in-plane bending 20.26%; C-C out-of-plane bending 17.00%; C-H bending 14.58%
   40     1312.42          --                 --  mixed ring-site C-H in-plane bending / C-H bending / ring-site C-H out-of-plane bending ring-site C-H in-plane bending 33.41%; C-H bending 33.11%; ring-site C-H out-of-plane bending 23.01%; opposite-phase cyclic C-C stretching 3.13%
   41     1333.99          --                 --  mixed ring-site C-H out-of-plane bending / ring-site C-H in-plane bending / mixed-phase cyclic C-C stretching ring-site C-H out-of-plane bending 37.68%; ring-site C-H in-plane bending 18.99%; mixed-phase cyclic C-C stretching 17.49%; C-H bending 16.58%
   42     1358.81          --                 --  mixed ring-site C-H out-of-plane bending / C-C out-of-plane bending / C-H bending ring-site C-H out-of-plane bending 25.76%; C-C out-of-plane bending 23.13%; C-H bending 17.35%; ring-site C-H in-plane bending 9.17%
   43     1372.02          --                 --  mixed ring-site C-H out-of-plane bending / C-H bending         ring-site C-H out-of-plane bending 37.13%; C-H bending 21.35%; C-C out-of-plane bending 10.80%; C-H out-of-plane bending 8.84%
   44     1374.83          --                 --  mixed C-C out-of-plane bending / ring-site C-H out-of-plane bending / C-H bending C-C out-of-plane bending 33.97%; ring-site C-H out-of-plane bending 28.60%; C-H bending 20.45%; ring-site C-H in-plane bending 4.60%
   45     1410.52          --                 --  mixed C-H out-of-plane bending / C-H bending                   C-H out-of-plane bending 63.20%; C-H bending 34.08%
   46     1416.60          --                 --  mixed C-H out-of-plane bending / C-H bending                   C-H out-of-plane bending 62.80%; C-H bending 34.54%; C-C stretching 2.16%
   47     1459.04          --                 --  mixed ring-site C-H in-plane bending / C-H bending             ring-site C-H in-plane bending 25.97%; C-H bending 17.42%; C-H out-of-plane bending 11.77%; cyclic-ring out-of-plane deformation 11.72%
   48     1481.89          --                 --  C-H bending                                                    C-H bending 87.67%; ring-site C-H out-of-plane bending 6.56%
   49     1483.06          --                 --  ring-site C-H out-of-plane bending                             ring-site C-H out-of-plane bending 83.12%; ring-site C-H in-plane bending 9.14%; C-H bending 5.54%
   50     1492.19          --                 --  mixed C-H bending / C-C torsion / ring-site C-H out-of-plane bending C-H bending 38.39%; C-C torsion 25.84%; ring-site C-H out-of-plane bending 23.50%; C-H out-of-plane bending 7.91%
   51     1503.15          --                 --  mixed C-H bending / C-C torsion                                C-H bending 56.00%; C-C torsion 28.49%; C-H out-of-plane bending 7.59%; ring-site C-H out-of-plane bending 6.47%
   52     1504.54          --                 --  mixed C-H bending / C-C torsion                                C-H bending 57.78%; C-C torsion 24.44%; C-H out-of-plane bending 14.33%; ring-site C-H out-of-plane bending 2.56%
   53     1511.63          --                 --  mixed C-C torsion / C-H bending                                C-C torsion 52.15%; C-H bending 38.83%; C-H out-of-plane bending 5.03%
   54     1513.02          --                 --  C-C torsion                                                    C-C torsion 82.05%; C-H bending 14.03%
   55     3020.92          --                 --  mixed C-H stretching / mixed-phase ring-site C-H stretching    C-H stretching 76.59%; mixed-phase ring-site C-H stretching 22.60%
   56     3023.53          --                 --  C-H stretching                                                 C-H stretching 96.98%; ring-site C-H stretching 2.29%
   57     3025.80          --                 --  mixed-phase ring-site C-H stretching                           mixed-phase ring-site C-H stretching 85.93%; C-H stretching 13.06%
   58     3028.52          --                 --  mixed-phase ring-site C-H stretching                           mixed-phase ring-site C-H stretching 88.92%; C-H stretching 10.24%
   59     3034.54          --                 --  in-phase C-H stretching                                        in-phase C-H stretching 98.65%
   60     3048.45          --                 --  ring-site C-H stretching                                       ring-site C-H stretching 94.39%; C-H stretching 4.47%
   61     3062.90          --                 --  mixed-phase C-H stretching                                     mixed-phase C-H stretching 96.84%; ring-site C-H stretching 2.31%
   62     3068.95          --                 --  mixed-phase ring-site C-H stretching                           mixed-phase ring-site C-H stretching 87.45%; opposite-phase C-H stretching 11.63%
   63     3074.15          --                 --  mixed-phase ring-site C-H stretching                           mixed-phase ring-site C-H stretching 89.20%; mixed-phase C-H stretching 9.97%
   64     3079.90          --                 --  opposite-phase C-H stretching                                  opposite-phase C-H stretching 81.37%; mixed-phase ring-site C-H stretching 17.61%
   65     3096.55          --                 --  mixed-phase C-H stretching                                     mixed-phase C-H stretching 98.81%
   66     3104.21          --                 --  mixed-phase C-H stretching                                     mixed-phase C-H stretching 99.44%
   67     3112.12          --                 --  mixed-phase C-H stretching                                     mixed-phase C-H stretching 95.53%; ring-site C-H stretching 2.78%
   68     3130.70          --                 --  ring-site C-H stretching                                       ring-site C-H stretching 98.05%

# Selected internal-coordinate set:
#   1  nu(C1-H10)
#   2  nu(C2-C3)
#   3  nu(C4-H15)
#   4  nu(C6-H19)
#   5  nu(C7-C8)
#   6  nu(C5-H17)
#   7  nu(C4-H16)
#   8  nu(C6-H20)
#   9  nu(C1-H12)
#  10  nu(C2-H13)
#  11  nu(C7-H21)
#  12  nu(C8-O9)
#  13  nu(C2-H14)
#  14  nu(C1-H11)
#  15  nu(C6-H18)
#  16  nu(C7-H22)
#  17  gamma(O9;C8,C3,H23)
#  18  nu(C4-C5)
#  19  gamma(C6;C5,C4,H17)
#  20  gamma(C4;C3,C2,O9)
#  21  nu(C8-H23)
#  22  gamma(H22;C7,C8,H21)
#  23  gamma(H18;C6,H19,H20)
#  24  gamma(H11;C1,H10,H12)
#  25  gamma(H15;C4,C5,H16)
#  26  delta(H13-C2-H14)
#  27  delta(H10-C1-H12)
#  28  delta(H19-C6-H20)
#  29  delta(C3-C2-H14)
#  30  tau(H17-C5-C6-H18)
#  31  delta(C3-C2-H13)
#  32  tau(O9-C3-C8-C7)
#  33  tau(C6-C5-C7-H21)
#  34  tau(H17-C5-C7-H22)
#  35  tau(O9-C3-C4-H15)
#  36  gamma(C3;C8,O9,H23)
#  37  delta(C5-C4-H16)
#  38  tau(H11-C1-C2-C3)
#  39  delta(C7-C8-H23)
#  40  delta(C2-C1-H11)
#  41  nu(C3-C4)
#  42  delta(C5-C6-H18)
#  43  delta(C5-C7-H21)
#  44  nu(C5-C6)
#  45  delta(C3-C4-H15)
#  46  tau(H10-C1-C2-C3)
#  47  tau(C4-C5-C6-H19)
#  48  nu(C1-C2)
#  49  tau(C4-C5-C7-H22)
#  50  delta(C3-C8-C7)
#  51  delta(C2-C1-H10)
#  52  delta(C1-C2-H14)
#  53  nu(C5-C7)
#  54  delta(C5-C6-H19)
#  55  tau(C7-C5-C6-H20)
#  56  delta(C4-C3-O9)
#  57  tau(C2-C3-C8-C7)
#  58  tau(C3-C4-C5-H17)
#  59  delta(C6-C5-C7)
#  60  delta(C1-C2-C3)
#  61  tau(C1-C2-C3-C8)
#  62  gamma(C8;C3,C2,O9)
#  63  tau(C6-C5-C7-C8)

Wrote: /local/scratch/mv487/qm9s/experiment_1_phase2/ped/99207/99207_summary.csv
Wrote: /local/scratch/mv487/qm9s/experiment_1_phase2/ped/99207/99207_families.csv
Wrote: /local/scratch/mv487/qm9s/experiment_1_phase2/ped/99207/99207_ped.csv
Wrote: /local/scratch/mv487/qm9s/experiment_1_phase2/ped/99207/99207_ir_transitions.csv

# All generated files are in: /local/scratch/mv487/qm9s/experiment_1_phase2/ped/99207
# Manifest: /local/scratch/mv487/qm9s/experiment_1_phase2/ped/99207/99207_manifest.txt

--- stderr ---
Normal modes/frequencies absent or incomplete: diagonalizing Hessian.
