# Contact: romi@lens.unifi.it
# Manual: https://github.com/SebRoLENS/orca-ped-analyzer/blob/main/docs/ORCA_PED_Analyzer_Manual.md
# Check GitHub for updates and new releases: https://github.com/SebRoLENS/orca-ped-analyzer
#
# Molecule: 22 atoms | non-linear
# Bonds inferred: 22 | candidate ICs: 200 | selected ICs: 60
# Cartesian-Hessian reconstruction relative error: 5.239e-05
# Energy distribution: PED (PED is the backward-compatible default; TED includes kinetic-energy terms)
# Ring/cycle bonds detected: 3 | ring atoms: 3 | ring systems: 1
# VPT2: no matching .out file supplied/found -> harmonic/PED analysis only
#
 Mode   Harm/cm-1   VPT2/cm-1  Harm.Int/km mol-1  Assignment                                                     Grouped PED
------------------------------------------------------------------------------------------------------------------------------------------------------------------------------------------------
    6       57.68          --                 --  C-C torsion                                                    C-C torsion 97.13%
    7       97.44          --                 --  C-N-C bending                                                  C-N-C bending 75.62%; C-C torsion 6.70%; cyclic C-N stretching 4.66%; C-N torsion 2.92%
    8      155.48          --                 --  mixed C-C torsion / C-N-C bending                              C-C torsion 40.92%; C-N-C bending 25.40%; cyclic-ring torsional/out-of-plane deformation 8.75%; N-C-O bending 5.90%
    9      204.40          --                 --  mixed C-C torsion / C-N-C bending                              C-C torsion 60.09%; C-N-C bending 13.50%; cyclic-ring torsional/out-of-plane deformation 8.15%; C-H bending 5.09%
   10      211.39          --                 --  C-C torsion                                                    C-C torsion 97.86%
   11      233.37          --                 --  C-C torsion                                                    C-C torsion 95.11%
   12      235.56          --                 --  mixed C-C torsion / C-C-C bending                              C-C torsion 52.46%; C-C-C bending 16.65%; C-N out-of-plane bending 8.98%; C-H bending 8.74%
   13      288.74          --                 --  mixed C-C torsion / C-C-C bending                              C-C torsion 55.27%; C-C-C bending 31.83%; cyclic-ring out-of-plane deformation 6.03%; C-H bending 2.13%
   14      313.08          --                 --  mixed C-C torsion / C-C-C bending                              C-C torsion 22.12%; C-C-C bending 20.38%; C-H bending 12.39%; C-N torsion 11.52%
   15      331.08          --                 --  mixed C-C torsion / cyclic-ring torsional/out-of-plane deformation C-C torsion 28.76%; cyclic-ring torsional/out-of-plane deformation 22.83%; cyclic-ring out-of-plane deformation 12.01%; C-N-C bending 11.28%
   16      383.73          --                 --  mixed C-C-C bending / C-C torsion                              C-C-C bending 35.14%; C-C torsion 21.86%; C-H bending 11.26%; cyclic-ring torsional/out-of-plane deformation 10.22%
   17      417.80          --                 --  mixed C-C-C bending / cyclic-ring out-of-plane deformation     C-C-C bending 44.72%; cyclic-ring out-of-plane deformation 28.02%; C-H bending 10.34%; C-C torsion 8.01%
   18      459.10          --                 --  mixed C-C-C bending / C-N out-of-plane bending                 C-C-C bending 25.02%; C-N out-of-plane bending 20.79%; C-H bending 12.20%; C-N torsion 7.80%
   19      541.00          --                 --  mixed C-H bending / C-C torsion                                C-H bending 22.89%; C-C torsion 16.38%; cyclic-ring out-of-plane deformation 11.33%; cyclic-ring torsional/out-of-plane deformation 11.12%
   20      587.55          --                 --  mixed cyclic-ring torsional/out-of-plane deformation / in-phase exocyclic C-C stretching / cyclic C-N stretching cyclic-ring torsional/out-of-plane deformation 16.58%; in-phase exocyclic C-C stretching 15.75%; cyclic C-N stretching 15.49%; C-N out-of-plane bending 13.90%
   21      708.60          --                 --  mixed C-H bending / C-N out-of-plane bending                   C-H bending 21.10%; C-N out-of-plane bending 19.96%; C-C torsion 13.53%; C-C-C bending 12.89%
   22      820.09          --                 --  mixed in-phase C-C stretching / cyclic C-N stretching          in-phase C-C stretching 16.44%; cyclic C-N stretching 16.12%; N-C-O bending 14.93%; cyclic C-C stretching 11.79%
   23      884.31          --                 --  mixed in-phase C-C stretching / C-H bending / N-C-O bending    in-phase C-C stretching 21.56%; C-H bending 20.43%; N-C-O bending 18.41%; exocyclic C-C stretching 11.96%
   24      924.97          --                 --  mixed C-H bending / ring-site C-H out-of-plane bending         C-H bending 48.85%; ring-site C-H out-of-plane bending 21.99%; opposite-phase exocyclic C-C stretching 10.23%; C-C stretching 8.48%
   25      941.32          --                 --  C-H bending                                                    C-H bending 71.25%; C-C torsion 12.27%; C-C stretching 5.69%; ring-site C-H out-of-plane bending 5.54%
   26      954.12          --                 --  mixed opposite-phase cyclic C-N stretching / C-H bending       opposite-phase cyclic C-N stretching 44.04%; C-H bending 18.86%; ring-site C-H in-plane bending 7.59%; in-phase exocyclic C-C stretching 4.14%
   27      969.80          --                 --  mixed C-H bending / opposite-phase C-C stretching              C-H bending 68.41%; opposite-phase C-C stretching 18.59%; C-C torsion 6.62%; cyclic C-N stretching 2.54%
   28      994.72          --                 --  mixed C-H bending / ring-site C-H out-of-plane bending         C-H bending 64.70%; ring-site C-H out-of-plane bending 7.47%; cyclic C-C stretching 6.65%; exocyclic C-N stretching 5.82%
   29     1024.68          --                 --  C-N out-of-plane bending                                       C-N out-of-plane bending 77.92%; C-N torsion 15.12%; C-N-C bending 2.61%
   30     1066.80          --                 --  C-H bending                                                    C-H bending 76.31%; C-C torsion 9.41%; ring-site C-H in-plane bending 3.09%; cyclic-ring torsional/out-of-plane deformation 3.03%
   31     1106.84          --                 --  mixed C-H bending / opposite-phase C-C stretching              C-H bending 46.80%; opposite-phase C-C stretching 28.97%; cyclic C-C stretching 5.57%; exocyclic C-C stretching 5.24%
   32     1128.84          --                 --  ring-site C-H in-plane bending                                 ring-site C-H in-plane bending 80.04%; C-H bending 6.55%; cyclic C-N stretching 3.46%; cyclic-ring torsional/out-of-plane deformation 2.76%
   33     1139.03          --                 --  mixed ring-site C-H out-of-plane bending / ring-site C-H in-plane bending ring-site C-H out-of-plane bending 68.40%; ring-site C-H in-plane bending 14.46%; C-H bending 6.68%; C-C-C bending 2.41%
   34     1147.58          --                 --  mixed C-H bending / ring-site C-H out-of-plane bending         C-H bending 40.26%; ring-site C-H out-of-plane bending 22.78%; C-C-C bending 8.13%; ring-site C-H in-plane bending 6.85%
   35     1181.84          --                 --  mixed C-H bending / C-C-C bending                              C-H bending 61.04%; C-C-C bending 11.35%; C-C stretching 6.41%; ring-site C-H out-of-plane bending 5.39%
   36     1219.83          --                 --  mixed C-H bending / exocyclic C-C stretching                   C-H bending 25.22%; exocyclic C-C stretching 17.06%; C-C-C bending 12.22%; exocyclic C-N stretching 8.79%
   37     1270.26          --                 --  mixed C-H bending / mixed-phase exocyclic C-C stretching       C-H bending 36.67%; mixed-phase exocyclic C-C stretching 14.16%; cyclic-ring out-of-plane deformation 11.81%; exocyclic C-N stretching 6.84%
   38     1345.75          --                 --  C-H bending                                                    C-H bending 94.64%; C-C stretching 2.52%
   39     1375.26          --                 --  C-H bending                                                    C-H bending 80.85%; C-C torsion 7.79%; exocyclic C-C stretching 4.38%; C-C-C bending 2.23%
   40     1404.36          --                 --  mixed C-H bending / C-H out-of-plane bending                   C-H bending 56.33%; C-H out-of-plane bending 20.32%; in-phase cyclic C-N stretching 9.85%; exocyclic C-N stretching 4.29%
   41     1413.91          --                 --  mixed C-H bending / C-H out-of-plane bending                   C-H bending 61.73%; C-H out-of-plane bending 17.36%; in-phase cyclic C-N stretching 6.07%; mixed-phase C-C stretching 3.88%
   42     1415.50          --                 --  C-H bending                                                    C-H bending 78.94%; C-H out-of-plane bending 8.60%; exocyclic C-N stretching 4.69%; C-O stretching 2.91%
   43     1423.71          --                 --  mixed C-H bending / C-H out-of-plane bending                   C-H bending 69.02%; C-H out-of-plane bending 22.01%; exocyclic C-C stretching 3.77%
   44     1437.42          --                 --  mixed C-H bending / C-H out-of-plane bending                   C-H bending 48.65%; C-H out-of-plane bending 40.83%; in-phase cyclic C-N stretching 2.59%; exocyclic C-N stretching 2.12%
   45     1487.48          --                 --  C-H bending                                                    C-H bending 91.75%; C-C torsion 4.88%
   46     1494.21          --                 --  mixed C-H bending / C-C torsion                                C-H bending 64.48%; C-C torsion 27.48%; C-H out-of-plane bending 6.17%
   47     1501.91          --                 --  C-H bending                                                    C-H bending 82.82%; C-C torsion 13.70%; C-H out-of-plane bending 2.06%
   48     1506.76          --                 --  C-H bending                                                    C-H bending 86.53%; C-C torsion 7.93%; C-H out-of-plane bending 4.30%
   49     1512.40          --                 --  mixed C-H bending / ring-site C-H in-plane bending             C-H bending 49.94%; ring-site C-H in-plane bending 16.06%; C-C torsion 13.26%; ring-site C-H out-of-plane bending 10.53%
   50     1514.09          --                 --  mixed C-H bending / C-C torsion                                C-H bending 59.99%; C-C torsion 25.18%; C-H out-of-plane bending 12.87%
   51     1526.18          --                 --  mixed C-H bending / ring-site C-H in-plane bending / ring-site C-H out-of-plane bending C-H bending 28.45%; ring-site C-H in-plane bending 24.24%; ring-site C-H out-of-plane bending 19.24%; C-C torsion 19.10%
   52     1745.24          --                 --  C-O stretching                                                 C-O stretching 83.16%; exocyclic C-N stretching 7.52%; C-H bending 7.06%
   53     2966.14          --                 --  C-H stretching                                                 C-H stretching 98.84%
   54     3005.83          --                 --  C-H stretching                                                 C-H stretching 98.91%
   55     3036.02          --                 --  mixed-phase C-H stretching                                     mixed-phase C-H stretching 99.72%
   56     3039.40          --                 --  mixed-phase C-H stretching                                     mixed-phase C-H stretching 99.67%
   57     3041.66          --                 --  C-H stretching                                                 C-H stretching 99.61%
   58     3094.33          --                 --  mixed-phase C-H stretching                                     mixed-phase C-H stretching 99.39%
   59     3099.13          --                 --  mixed-phase C-H stretching                                     mixed-phase C-H stretching 99.49%
   60     3099.90          --                 --  mixed-phase C-H stretching                                     mixed-phase C-H stretching 99.29%
   61     3107.32          --                 --  mixed ring-site C-H stretching / opposite-phase C-H stretching ring-site C-H stretching 50.51%; opposite-phase C-H stretching 48.96%
   62     3109.71          --                 --  mixed-phase C-H stretching                                     mixed-phase C-H stretching 96.81%; ring-site C-H stretching 2.61%
   63     3112.33          --                 --  mixed mixed-phase C-H stretching / ring-site C-H stretching    mixed-phase C-H stretching 55.91%; ring-site C-H stretching 43.51%
   64     3119.38          --                 --  mixed-phase C-H stretching                                     mixed-phase C-H stretching 97.69%
   65     3199.39          --                 --  mixed-phase ring-site C-H stretching                           mixed-phase ring-site C-H stretching 99.13%

# Selected internal-coordinate set:
#   1  nu(C1-C2)
#   2  nu(C3-H15)
#   3  nu(C4-C5)
#   4  nu(C6-N7)
#   5  nu(C8-O9)
#   6  nu(C2-H13)
#   7  nu(C3-H14)
#   8  nu(C5-H17)
#   9  nu(C1-H10)
#  10  nu(C6-H20)
#  11  nu(C3-H16)
#  12  nu(C1-H12)
#  13  nu(C5-H18)
#  14  nu(C8-H22)
#  15  gamma(N7;C8,O9,H22)
#  16  gamma(H21;C6,N7,H20)
#  17  nu(C2-C4)
#  18  nu(C5-H19)
#  19  nu(C1-H11)
#  20  nu(C6-H21)
#  21  gamma(N7;C4,C2,C5)
#  22  delta(O9-C8-H22)
#  23  gamma(H16;C3,H14,H15)
#  24  nu(C4-N7)
#  25  tau(H12-C1-C2-H13)
#  26  delta(H14-C3-H15)
#  27  delta(H10-C1-H11)
#  28  delta(H18-C5-H19)
#  29  delta(N7-C6-H20)
#  30  delta(H17-C5-H19)
#  31  delta(C1-C2-H13)
#  32  delta(H17-C5-H18)
#  33  tau(C1-C2-C3-H16)
#  34  delta(C2-C1-H11)
#  35  delta(N7-C6-H21)
#  36  delta(C2-C1-H12)
#  37  delta(C2-C1-H10)
#  38  nu(N7-C8)
#  39  delta(C4-C5-H18)
#  40  delta(C2-C3-H16)
#  41  delta(N7-C8-O9)
#  42  tau(H10-C1-C2-C4)
#  43  tau(C6-N7-C8-H22)
#  44  nu(C2-C3)
#  45  delta(C2-C3-H14)
#  46  tau(C4-C2-C3-H14)
#  47  delta(C4-C5-H17)
#  48  delta(C3-C2-H13)
#  49  tau(H20-C6-N7-C4)
#  50  delta(C6-N7-C8)
#  51  delta(C4-C2-H13)
#  52  tau(C2-C4-C5-H18)
#  53  nu(C4-C6)
#  54  gamma(C5;C4,C6,N7)
#  55  delta(C4-N7-C8)
#  56  delta(C1-C2-C3)
#  57  delta(C1-C2-C4)
#  58  tau(C3-C2-C4-C5)
#  59  delta(C2-C4-C5)
#  60  tau(C5-C4-C6-N7)

Wrote: /local/scratch/mv487/qm9s/experiment_1_phase2/ped/53534/53534_summary.csv
Wrote: /local/scratch/mv487/qm9s/experiment_1_phase2/ped/53534/53534_families.csv
Wrote: /local/scratch/mv487/qm9s/experiment_1_phase2/ped/53534/53534_ped.csv
Wrote: /local/scratch/mv487/qm9s/experiment_1_phase2/ped/53534/53534_ir_transitions.csv

# All generated files are in: /local/scratch/mv487/qm9s/experiment_1_phase2/ped/53534
# Manifest: /local/scratch/mv487/qm9s/experiment_1_phase2/ped/53534/53534_manifest.txt

--- stderr ---
Normal modes/frequencies absent or incomplete: diagonalizing Hessian.
