# Contact: romi@lens.unifi.it
# Manual: https://github.com/SebRoLENS/orca-ped-analyzer/blob/main/docs/ORCA_PED_Analyzer_Manual.md
# Check GitHub for updates and new releases: https://github.com/SebRoLENS/orca-ped-analyzer
#
# Molecule: 20 atoms | non-linear
# Bonds inferred: 22 | candidate ICs: 233 | selected ICs: 54
# Cartesian-Hessian reconstruction relative error: 5.549e-05
# Energy distribution: PED (PED is the backward-compatible default; TED includes kinetic-energy terms)
# Ring/cycle bonds detected: 9 | ring atoms: 7 | ring systems: 1
# VPT2: no matching .out file supplied/found -> harmonic/PED analysis only
#
 Mode   Harm/cm-1   VPT2/cm-1  Harm.Int/km mol-1  Assignment                                                     Grouped PED
------------------------------------------------------------------------------------------------------------------------------------------------------------------------------------------------
    6       87.92          --                 --  C-C torsion                                                    C-C torsion 84.25%; C-H bending 3.97%; cyclic-ring torsional/out-of-plane deformation 3.35%; C-C-N bending 3.32%
    7      145.93          --                 --  mixed C-C-C bending / ring-site C-H out-of-plane bending       C-C-C bending 20.47%; ring-site C-H out-of-plane bending 14.27%; C-C torsion 12.16%; cyclic-ring torsional/out-of-plane deformation 11.35%
    8      185.80          --                 --  C-C torsion                                                    C-C torsion 95.18%
    9      258.41          --                 --  C-C torsion                                                    C-C torsion 88.18%; cyclic-ring torsional/out-of-plane deformation 3.43%
   10      311.78          --                 --  mixed cyclic-ring torsional/out-of-plane deformation / cyclic-ring torsional/out-of-plane deformation / ring-site C-H out-of-plane bending cyclic-ring torsional/out-of-plane deformation 23.39%; cyclic-ring torsional/out-of-plane deformation 23.25%; ring-site C-H out-of-plane bending 18.75%; C-C-C bending 17.03%
   11      411.97          --                 --  mixed ring-site C-H out-of-plane bending / ring-site C-H in-plane bending ring-site C-H out-of-plane bending 51.94%; ring-site C-H in-plane bending 18.24%; cyclic-ring torsional/out-of-plane deformation 10.43%; C-C torsion 5.29%
   12      476.28          --                 --  mixed ring-site C-H out-of-plane bending / cyclic-ring torsional/out-of-plane deformation / cyclic-ring torsional/out-of-plane deformation ring-site C-H out-of-plane bending 18.87%; cyclic-ring torsional/out-of-plane deformation 18.27%; cyclic-ring torsional/out-of-plane deformation 16.62%; C-C torsion 15.04%
   13      547.91          --                 --  mixed ring-site C-H out-of-plane bending / cyclic-ring out-of-plane deformation ring-site C-H out-of-plane bending 18.10%; cyclic-ring out-of-plane deformation 14.12%; cyclic-ring torsional/out-of-plane deformation 10.59%; C-C torsion 9.99%
   14      689.40          --                 --  mixed cyclic-ring out-of-plane deformation / cyclic-ring deformation (C-O-C bend) / cyclic-ring torsional/out-of-plane deformation cyclic-ring out-of-plane deformation 32.66%; cyclic-ring deformation (C-O-C bend) 20.94%; cyclic-ring torsional/out-of-plane deformation 17.07%; ring-site C-H out-of-plane bending 10.05%
   15      698.58          --                 --  mixed C-C torsion / C-H bending                                C-C torsion 30.02%; C-H bending 24.22%; cyclic-ring torsional/out-of-plane deformation 14.63%; cyclic C-N stretching 7.29%
   16      753.03          --                 --  mixed cyclic C-N stretching / ring-site C-H out-of-plane bending cyclic C-N stretching 25.88%; ring-site C-H out-of-plane bending 15.04%; ring-site C-H in-plane bending 12.09%; mixed-phase cyclic C-C stretching 11.43%
   17      793.55          --                 --  mixed C-H bending / C-C torsion                                C-H bending 37.62%; C-C torsion 19.14%; mixed-phase cyclic C-C stretching 11.52%; in-phase cyclic C-O stretching 9.10%
   18      832.54          --                 --  mixed C-H bending / cyclic C-N stretching                      C-H bending 25.83%; cyclic C-N stretching 19.46%; C-C torsion 8.33%; cyclic-ring out-of-plane deformation 7.93%
   19      834.09          --                 --  mixed mixed-phase cyclic C-C stretching / ring-site C-H in-plane bending mixed-phase cyclic C-C stretching 40.98%; ring-site C-H in-plane bending 23.98%; cyclic-ring torsional/out-of-plane deformation 13.06%; ring-site C-H out-of-plane bending 8.13%
   20      859.89          --                 --  mixed mixed-phase cyclic C-N stretching / in-phase cyclic C-C stretching mixed-phase cyclic C-N stretching 44.39%; in-phase cyclic C-C stretching 13.53%; cyclic-ring out-of-plane deformation 13.08%; ring-site C-H in-plane bending 6.94%
   21      868.98          --                 --  mixed ring-site C-H in-plane bending / opposite-phase cyclic C-O stretching ring-site C-H in-plane bending 17.27%; opposite-phase cyclic C-O stretching 14.44%; in-phase cyclic C-C stretching 13.38%; cyclic-ring out-of-plane deformation 8.78%
   22      927.24          --                 --  mixed C-H bending / mixed-phase cyclic C-N stretching          C-H bending 30.41%; mixed-phase cyclic C-N stretching 11.65%; mixed-phase cyclic C-O stretching 11.25%; in-phase cyclic C-C stretching 9.01%
   23      956.74          --                 --  mixed mixed-phase cyclic C-N stretching / C-H bending          mixed-phase cyclic C-N stretching 29.03%; C-H bending 28.91%; ring-site C-H in-plane bending 11.29%; opposite-phase cyclic C-O stretching 8.62%
   24      963.65          --                 --  mixed ring-site C-H in-plane bending / mixed-phase cyclic C-C stretching / in-phase cyclic C-O stretching ring-site C-H in-plane bending 35.79%; mixed-phase cyclic C-C stretching 17.83%; in-phase cyclic C-O stretching 15.59%; ring-site C-H out-of-plane bending 9.86%
   25      990.94          --                 --  mixed mixed-phase cyclic C-C stretching / cyclic C-O stretching / mixed-phase cyclic C-N stretching mixed-phase cyclic C-C stretching 19.19%; cyclic C-O stretching 18.41%; mixed-phase cyclic C-N stretching 16.77%; cyclic-ring out-of-plane deformation 14.06%
   26     1000.31          --                 --  mixed cyclic-ring deformation (C-O-C bend) / cyclic C-C stretching cyclic-ring deformation (C-O-C bend) 20.73%; cyclic C-C stretching 19.98%; cyclic C-O stretching 13.88%; ring-site C-H in-plane bending 11.52%
   27     1004.23          --                 --  mixed C-C stretching / cyclic C-O stretching                   C-C stretching 27.54%; cyclic C-O stretching 16.34%; ring-site C-H in-plane bending 13.55%; cyclic-ring out-of-plane deformation 13.42%
   28     1071.79          --                 --  mixed ring-site C-H in-plane bending / C-H bending             ring-site C-H in-plane bending 43.83%; C-H bending 15.06%; mixed-phase cyclic C-O stretching 9.72%; ring-site C-H out-of-plane bending 8.04%
   29     1076.90          --                 --  mixed ring-site C-H in-plane bending / ring-site C-H out-of-plane bending ring-site C-H in-plane bending 33.01%; ring-site C-H out-of-plane bending 18.98%; cyclic-ring out-of-plane deformation 11.66%; exocyclic C-C stretching 6.35%
   30     1130.59          --                 --  mixed C-H bending / mixed-phase cyclic C-N stretching          C-H bending 51.50%; mixed-phase cyclic C-N stretching 10.21%; C-C torsion 7.83%; ring-site C-H in-plane bending 6.38%
   31     1162.23          --                 --  mixed ring-site C-H in-plane bending / C-H bending             ring-site C-H in-plane bending 49.84%; C-H bending 17.95%; exocyclic C-C stretching 7.42%; in-phase cyclic C-C stretching 5.49%
   32     1177.75          --                 --  ring-site C-H in-plane bending                                 ring-site C-H in-plane bending 77.61%; opposite-phase cyclic C-C stretching 8.18%; ring-site C-H out-of-plane bending 6.66%; cyclic C-N stretching 4.11%
   33     1185.87          --                 --  mixed ring-site C-H out-of-plane bending / ring-site C-H in-plane bending ring-site C-H out-of-plane bending 46.20%; ring-site C-H in-plane bending 26.46%; cyclic C-C stretching 7.05%; cyclic C-N stretching 6.90%
   34     1202.29          --                 --  mixed ring-site C-H in-plane bending / opposite-phase cyclic C-C stretching ring-site C-H in-plane bending 42.55%; opposite-phase cyclic C-C stretching 18.39%; C-H bending 13.26%; ring-site C-H out-of-plane bending 9.77%
   35     1211.87          --                 --  mixed ring-site C-H in-plane bending / mixed-phase cyclic C-C stretching ring-site C-H in-plane bending 55.28%; mixed-phase cyclic C-C stretching 15.24%; ring-site C-H out-of-plane bending 13.17%; mixed-phase cyclic C-N stretching 5.40%
   36     1257.30          --                 --  mixed ring-site C-H in-plane bending / mixed-phase cyclic C-C stretching ring-site C-H in-plane bending 35.27%; mixed-phase cyclic C-C stretching 29.83%; ring-site C-H out-of-plane bending 12.08%; cyclic-ring deformation (C-O-C bend) 10.23%
   37     1273.28          --                 --  mixed ring-site C-H in-plane bending / C-H bending             ring-site C-H in-plane bending 59.08%; C-H bending 20.54%; cyclic C-C stretching 9.23%; cyclic-ring out-of-plane deformation 2.10%
   38     1280.03          --                 --  mixed ring-site C-H in-plane bending / ring-site C-H out-of-plane bending / C-H bending ring-site C-H in-plane bending 35.71%; ring-site C-H out-of-plane bending 30.51%; C-H bending 24.75%; mixed-phase cyclic C-C stretching 4.73%
   39     1292.91          --                 --  mixed C-H bending / ring-site C-H in-plane bending             C-H bending 62.08%; ring-site C-H in-plane bending 15.34%; ring-site C-H out-of-plane bending 8.71%; C-C torsion 6.23%
   40     1303.98          --                 --  mixed ring-site C-H in-plane bending / ring-site C-H out-of-plane bending ring-site C-H in-plane bending 61.66%; ring-site C-H out-of-plane bending 17.73%; in-phase cyclic C-C stretching 7.81%; C-H bending 5.50%
   41     1334.93          --                 --  mixed C-H bending / ring-site C-H in-plane bending             C-H bending 52.22%; ring-site C-H in-plane bending 24.99%; ring-site C-H out-of-plane bending 10.17%; in-phase cyclic C-O stretching 3.64%
   42     1347.68          --                 --  mixed C-H bending / ring-site C-H in-plane bending             C-H bending 59.27%; ring-site C-H in-plane bending 24.07%; ring-site C-H out-of-plane bending 8.18%; in-phase cyclic C-O stretching 2.15%
   43     1407.29          --                 --  mixed C-H bending / ring-site C-H in-plane bending             C-H bending 62.47%; ring-site C-H in-plane bending 19.65%; exocyclic C-C stretching 7.31%; cyclic C-C stretching 3.01%
   44     1421.00          --                 --  C-H bending                                                    C-H bending 90.26%; C-C stretching 5.67%; ring-site C-H in-plane bending 2.27%
   45     1482.11          --                 --  C-H bending                                                    C-H bending 82.14%; ring-site C-H out-of-plane bending 8.44%; ring-site C-H in-plane bending 7.75%
   46     1501.38          --                 --  mixed C-C torsion / C-H bending                                C-C torsion 77.76%; C-H bending 21.50%
   47     1502.44          --                 --  C-H bending                                                    C-H bending 85.86%; ring-site C-H out-of-plane bending 6.04%; ring-site C-H in-plane bending 5.85%
   48     1514.03          --                 --  mixed C-H bending / C-C torsion                                C-H bending 69.35%; C-C torsion 25.98%; ring-site C-H out-of-plane bending 2.01%; ring-site C-H in-plane bending 2.00%
   49     3013.51          --                 --  ring-site C-H stretching                                       ring-site C-H stretching 92.76%; C-H stretching 6.41%
   50     3024.25          --                 --  C-H stretching                                                 C-H stretching 94.83%; ring-site C-H stretching 4.40%
   51     3033.10          --                 --  in-phase C-H stretching                                        in-phase C-H stretching 99.51%
   52     3046.98          --                 --  ring-site C-H stretching                                       ring-site C-H stretching 98.69%
   53     3071.14          --                 --  mixed-phase C-H stretching                                     mixed-phase C-H stretching 96.22%; opposite-phase ring-site C-H stretching 2.87%
   54     3085.90          --                 --  mixed-phase ring-site C-H stretching                           mixed-phase ring-site C-H stretching 98.46%
   55     3091.90          --                 --  ring-site C-H stretching                                       ring-site C-H stretching 98.57%
   56     3095.37          --                 --  mixed-phase C-H stretching                                     mixed-phase C-H stretching 96.96%; ring-site C-H stretching 2.68%
   57     3102.04          --                 --  mixed-phase C-H stretching                                     mixed-phase C-H stretching 94.76%; mixed-phase ring-site C-H stretching 4.81%
   58     3108.35          --                 --  mixed-phase ring-site C-H stretching                           mixed-phase ring-site C-H stretching 91.95%; mixed-phase C-H stretching 7.23%
   59     3142.83          --                 --  ring-site C-H stretching                                       ring-site C-H stretching 98.53%

# Selected internal-coordinate set:
#   1  nu(C1-C2)
#   2  nu(C3-H15)
#   3  nu(C4-O5)
#   4  nu(C6-C7)
#   5  nu(N8-C9)
#   6  nu(C4-C9)
#   7  nu(C7-N8)
#   8  nu(C6-C9)
#   9  nu(C2-H13)
#  10  nu(C1-H10)
#  11  nu(O5-C6)
#  12  nu(C3-N8)
#  13  nu(C2-H14)
#  14  nu(C3-C4)
#  15  nu(C7-H18)
#  16  nu(C1-H11)
#  17  nu(C1-H12)
#  18  nu(C7-H19)
#  19  nu(C4-H16)
#  20  nu(C6-H17)
#  21  nu(C9-H20)
#  22  tau(H11-C1-C2-H14)
#  23  tau(H12-C1-C2-H13)
#  24  delta(C9-C4-H16)
#  25  delta(C2-C1-H10)
#  26  delta(C4-C3-H15)
#  27  delta(C9-C6-H17)
#  28  delta(N8-C3-H15)
#  29  delta(H18-C7-H19)
#  30  delta(C2-C1-H12)
#  31  delta(C2-C1-H11)
#  32  tau(O5-C4-C9-H20)
#  33  tau(H10-C1-C2-C3)
#  34  delta(N8-C7-H19)
#  35  tau(H17-C6-C9-N8)
#  36  delta(O5-C4-H16)
#  37  delta(C1-C2-H14)
#  38  delta(C1-C2-H13)
#  39  delta(C4-C9-H20)
#  40  delta(C6-C7-H19)
#  41  tau(C3-C4-O5-C6)
#  42  delta(H13-C2-H14)
#  43  tau(O5-C6-C7-H18)
#  44  delta(C2-C3-H15)
#  45  tau(O5-C4-C9-N8)
#  46  tau(H18-C7-N8-C3)
#  47  nu(C2-C3)
#  48  delta(C4-O5-C6)
#  49  delta(C3-C2-H13)
#  50  gamma(C9;N8,C3,C7)
#  51  delta(C1-C2-C3)
#  52  tau(C1-C2-C3-C4)
#  53  delta(C2-C3-N8)
#  54  tau(C3-N8-C9-C4)

Wrote: /local/scratch/mv487/qm9s/experiment_1_phase2/ped/103147/103147_summary.csv
Wrote: /local/scratch/mv487/qm9s/experiment_1_phase2/ped/103147/103147_families.csv
Wrote: /local/scratch/mv487/qm9s/experiment_1_phase2/ped/103147/103147_ped.csv
Wrote: /local/scratch/mv487/qm9s/experiment_1_phase2/ped/103147/103147_ir_transitions.csv

# All generated files are in: /local/scratch/mv487/qm9s/experiment_1_phase2/ped/103147
# Manifest: /local/scratch/mv487/qm9s/experiment_1_phase2/ped/103147/103147_manifest.txt

--- stderr ---
Normal modes/frequencies absent or incomplete: diagonalizing Hessian.
