# Contact: romi@lens.unifi.it
# Manual: https://github.com/SebRoLENS/orca-ped-analyzer/blob/main/docs/ORCA_PED_Analyzer_Manual.md
# Check GitHub for updates and new releases: https://github.com/SebRoLENS/orca-ped-analyzer
#
# Molecule: 15 atoms | non-linear
# Bonds inferred: 15 | candidate ICs: 91 | selected ICs: 39
# Cartesian-Hessian reconstruction relative error: 1.106e-05
# Energy distribution: PED (PED is the backward-compatible default; TED includes kinetic-energy terms)
# Ring/cycle bonds detected: 5 | ring atoms: 5 | ring systems: 1
# VPT2: no matching .out file supplied/found -> harmonic/PED analysis only
#
 Mode   Harm/cm-1   VPT2/cm-1  Harm.Int/km mol-1  Assignment                                                     Grouped PED
------------------------------------------------------------------------------------------------------------------------------------------------------------------------------------------------
    6       81.38          --                 --  cyclic-ring torsional/out-of-plane deformation                 cyclic-ring torsional/out-of-plane deformation 92.48%; C-N torsion 4.30%
    7      187.19          --                 --  mixed N-C-C bending / C-C-N bending                            N-C-C bending 33.57%; C-C-N bending 32.18%; O-N-C bending 12.69%; C-N-O bending 8.04%
    8      190.59          --                 --  mixed C-N torsion / cyclic-ring torsional/out-of-plane deformation C-N torsion 69.52%; cyclic-ring torsional/out-of-plane deformation 28.97%
    9      274.82          --                 --  mixed C-C-N bending / C-N-O bending / N-C-C bending            C-C-N bending 28.56%; C-N-O bending 26.94%; N-C-C bending 20.61%; O-N-C bending 18.70%
   10      282.38          --                 --  mixed C-N torsion / cyclic-ring torsional/out-of-plane deformation C-N torsion 65.21%; cyclic-ring torsional/out-of-plane deformation 20.73%; ring-site C-H out-of-plane bending 8.81%; ring-site C-H in-plane bending 2.83%
   11      317.24          --                 --  mixed C-N torsion / ring-site C-H out-of-plane bending         C-N torsion 59.39%; ring-site C-H out-of-plane bending 18.25%; ring-site C-H in-plane bending 12.10%; cyclic-ring torsional/out-of-plane deformation 6.92%
   12      423.25          --                 --  mixed O-N-C bending / C-C-N bending / cyclic-ring deformation (C-C-C bend) O-N-C bending 23.93%; C-C-N bending 19.20%; cyclic-ring deformation (C-C-C bend) 18.26%; mixed-phase cyclic C-C stretching 11.95%
   13      430.63          --                 --  mixed N-O torsion / C-N torsion                                N-O torsion 47.87%; C-N torsion 21.62%; ring-site C-H out-of-plane bending 11.76%; cyclic-ring torsional/out-of-plane deformation 9.82%
   14      451.86          --                 --  N-O torsion                                                    N-O torsion 86.73%; C-N torsion 8.58%; cyclic-ring torsional/out-of-plane deformation 2.42%
   15      531.03          --                 --  mixed C-N torsion / N-O torsion / cyclic-ring torsional/out-of-plane deformation C-N torsion 30.13%; N-O torsion 26.37%; cyclic-ring torsional/out-of-plane deformation 20.94%; ring-site C-H out-of-plane bending 15.18%
   16      546.88          --                 --  mixed in-phase cyclic C-C stretching / N-C-C bending / C-N-O bending in-phase cyclic C-C stretching 35.97%; N-C-C bending 20.88%; C-N-O bending 18.63%; cyclic-ring deformation (C-C-C bend) 7.18%
   17      670.08          --                 --  mixed cyclic-ring deformation (C-C-C bend) / O-N-C bending     cyclic-ring deformation (C-C-C bend) 50.76%; O-N-C bending 16.81%; mixed-phase cyclic C-C stretching 16.10%; C-N-O bending 4.75%
   18      686.27          --                 --  mixed ring-site C-H out-of-plane bending / C-N torsion         ring-site C-H out-of-plane bending 60.39%; C-N torsion 23.71%; cyclic-ring torsional/out-of-plane deformation 6.15%; ring-site C-H in-plane bending 5.94%
   19      762.37          --                 --  mixed cyclic-ring deformation (C-C-C bend) / cyclic C-C stretching cyclic-ring deformation (C-C-C bend) 55.26%; cyclic C-C stretching 24.93%; O-N-C bending 6.30%; C-N-O bending 4.15%
   20      784.12          --                 --  mixed ring-site C-H out-of-plane bending / C-N torsion         ring-site C-H out-of-plane bending 65.29%; C-N torsion 20.25%; ring-site C-H in-plane bending 8.08%; cyclic-ring torsional/out-of-plane deformation 5.62%
   21      832.59          --                 --  mixed cyclic-ring deformation (C-C-C bend) / cyclic C-C stretching / ring-site C-H in-plane bending cyclic-ring deformation (C-C-C bend) 41.21%; cyclic C-C stretching 25.70%; ring-site C-H in-plane bending 15.13%; C-N-O bending 10.46%
   22      931.98          --                 --  mixed-phase N-O stretching                                     mixed-phase N-O stretching 72.47%; mixed-phase cyclic C-C stretching 8.26%; cyclic-ring deformation (C-C-C bend) 4.29%; O-H bending 3.28%
   23      966.99          --                 --  mixed cyclic C-C stretching / ring-site C-H in-plane bending   cyclic C-C stretching 61.41%; ring-site C-H in-plane bending 15.54%; cyclic-ring deformation (C-C-C bend) 10.32%; in-phase N-O stretching 8.39%
   24      970.16          --                 --  mixed ring-site C-H out-of-plane bending / ring-site C-H in-plane bending ring-site C-H out-of-plane bending 57.73%; ring-site C-H in-plane bending 38.95%; C-N torsion 2.59%
   25      994.85          --                 --  ring-site C-H out-of-plane bending                             ring-site C-H out-of-plane bending 91.65%; ring-site C-H in-plane bending 7.60%
   26      995.19          --                 --  mixed N-O stretching / mixed-phase cyclic C-C stretching       N-O stretching 68.38%; mixed-phase cyclic C-C stretching 9.39%; ring-site C-H in-plane bending 7.32%; N-C-C bending 6.36%
   27     1104.24          --                 --  mixed ring-site C-H in-plane bending / mixed-phase cyclic C-C stretching ring-site C-H in-plane bending 36.74%; mixed-phase cyclic C-C stretching 25.12%; C-C-N bending 9.59%; cyclic-ring deformation (C-C-C bend) 7.67%
   28     1156.88          --                 --  mixed ring-site C-H in-plane bending / mixed-phase cyclic C-C stretching ring-site C-H in-plane bending 39.88%; mixed-phase cyclic C-C stretching 27.53%; C-C-N bending 8.41%; N-C-C bending 7.88%
   29     1170.14          --                 --  ring-site C-H in-plane bending                                 ring-site C-H in-plane bending 93.46%; ring-site C-H out-of-plane bending 5.91%
   30     1244.79          --                 --  mixed mixed-phase cyclic C-C stretching / cyclic-ring deformation (C-C-C bend) mixed-phase cyclic C-C stretching 52.29%; cyclic-ring deformation (C-C-C bend) 16.17%; O-H bending 9.34%; N-C-C bending 5.66%
   31     1302.73          --                 --  ring-site C-H in-plane bending                                 ring-site C-H in-plane bending 75.68%; mixed-phase cyclic C-C stretching 16.90%; O-H bending 3.18%
   32     1362.01          --                 --  mixed ring-site C-H in-plane bending / mixed-phase cyclic C-C stretching / O-H bending ring-site C-H in-plane bending 29.90%; mixed-phase cyclic C-C stretching 25.62%; O-H bending 20.17%; cyclic-ring deformation (C-C-C bend) 18.02%
   33     1393.91          --                 --  mixed O-H bending / ring-site C-H in-plane bending             O-H bending 56.15%; ring-site C-H in-plane bending 21.83%; mixed-phase cyclic C-C stretching 14.07%; cyclic-ring deformation (C-C-C bend) 2.76%
   34     1402.82          --                 --  O-H bending                                                    O-H bending 71.52%; mixed-phase cyclic C-C stretching 11.09%; ring-site C-H in-plane bending 6.55%; exocyclic C-N stretching 4.73%
   35     1465.44          --                 --  C-H bending                                                    C-H bending 80.68%; ring-site C-H in-plane bending 15.66%
   36     1642.40          --                 --  cyclic C-C stretching                                          cyclic C-C stretching 73.01%; ring-site C-H in-plane bending 16.01%; cyclic-ring deformation (C-C-C bend) 8.46%
   37     1660.99          --                 --  mixed exocyclic C-N stretching / in-phase cyclic C-C stretching exocyclic C-N stretching 69.14%; in-phase cyclic C-C stretching 15.87%; O-H bending 5.80%; cyclic-ring deformation (C-C-C bend) 3.70%
   38     1723.73          --                 --  mixed-phase exocyclic C-N stretching                           mixed-phase exocyclic C-N stretching 71.90%; mixed-phase cyclic C-C stretching 9.39%; cyclic-ring deformation (C-C-C bend) 5.40%; O-H bending 5.09%
   39     3035.68          --                 --  in-phase ring-site C-H stretching                              in-phase ring-site C-H stretching 98.98%
   40     3060.70          --                 --  opposite-phase ring-site C-H stretching                        opposite-phase ring-site C-H stretching 99.56%
   41     3201.74          --                 --  ring-site C-H stretching                                       ring-site C-H stretching 98.89%
   42     3249.57          --                 --  ring-site C-H stretching                                       ring-site C-H stretching 98.33%
   43     3797.32          --                 --  O-H stretching                                                 O-H stretching 99.93%
   44     3812.25          --                 --  O-H stretching                                                 O-H stretching 99.93%

# Selected internal-coordinate set:
#   1  nu(O1-H10)
#   2  nu(N2-C3)
#   3  nu(C4-C5)
#   4  nu(C6-H14)
#   5  nu(O9-H15)
#   6  nu(C7-N8)
#   7  nu(C4-H12)
#   8  nu(N8-O9)
#   9  nu(O1-N2)
#  10  nu(C4-H11)
#  11  tau(C7-N8-O9-H15)
#  12  tau(H10-O1-N2-C3)
#  13  tau(H13-C5-C6-H14)
#  14  nu(C5-H13)
#  15  delta(C7-C6-H14)
#  16  nu(C3-C4)
#  17  tau(C3-C7-N8-O9)
#  18  nu(C6-C7)
#  19  tau(O1-N2-C3-C4)
#  20  tau(C6-C7-N8-O9)
#  21  delta(C4-C5-H13)
#  22  delta(H11-C4-H12)
#  23  tau(C4-C5-C6-H14)
#  24  delta(N8-O9-H15)
#  25  delta(N2-O1-H10)
#  26  delta(C7-N8-O9)
#  27  delta(C3-C4-H11)
#  28  delta(C3-C4-H12)
#  29  delta(O1-N2-C3)
#  30  tau(N2-C3-C7-C6)
#  31  nu(C3-C7)
#  32  nu(C5-C6)
#  33  delta(C5-C6-C7)
#  34  delta(C5-C4-H12)
#  35  delta(C3-C4-C5)
#  36  tau(H13-C5-C6-C7)
#  37  delta(N2-C3-C4)
#  38  delta(C3-C7-N8)
#  39  tau(C4-C3-C7-N8)

Wrote: /local/scratch/mv487/qm9s/experiment_1_phase2/ped/3733/3733_summary.csv
Wrote: /local/scratch/mv487/qm9s/experiment_1_phase2/ped/3733/3733_families.csv
Wrote: /local/scratch/mv487/qm9s/experiment_1_phase2/ped/3733/3733_ped.csv
Wrote: /local/scratch/mv487/qm9s/experiment_1_phase2/ped/3733/3733_ir_transitions.csv

# All generated files are in: /local/scratch/mv487/qm9s/experiment_1_phase2/ped/3733
# Manifest: /local/scratch/mv487/qm9s/experiment_1_phase2/ped/3733/3733_manifest.txt

--- stderr ---
Normal modes/frequencies absent or incomplete: diagonalizing Hessian.
