# Contact: romi@lens.unifi.it
# Manual: https://github.com/SebRoLENS/orca-ped-analyzer/blob/main/docs/ORCA_PED_Analyzer_Manual.md
# Check GitHub for updates and new releases: https://github.com/SebRoLENS/orca-ped-analyzer
#
# Molecule: 23 atoms | non-linear
# Bonds inferred: 23 | candidate ICs: 221 | selected ICs: 63
# Cartesian-Hessian reconstruction relative error: 2.516e-05
# Energy distribution: PED (PED is the backward-compatible default; TED includes kinetic-energy terms)
# Ring/cycle bonds detected: 6 | ring atoms: 6 | ring systems: 1
# VPT2: no matching .out file supplied/found -> harmonic/PED analysis only
#
 Mode   Harm/cm-1   VPT2/cm-1  Harm.Int/km mol-1  Assignment                                                     Grouped PED
------------------------------------------------------------------------------------------------------------------------------------------------------------------------------------------------
    6       90.90          --                 --  ring-site C-H out-of-plane bending                             ring-site C-H out-of-plane bending 79.40%; cyclic-ring torsional/out-of-plane deformation 6.10%; ring-site C-H in-plane bending 6.08%; C-C out-of-plane bending 4.21%
    7      119.12          --                 --  mixed ring-site C-H out-of-plane bending / cyclic-ring torsional/out-of-plane deformation ring-site C-H out-of-plane bending 61.24%; cyclic-ring torsional/out-of-plane deformation 28.19%; cyclic-ring deformation (C-C-C bend) 3.47%; ring-site C-H in-plane bending 2.26%
    8      154.68          --                 --  mixed cyclic-ring torsional/out-of-plane deformation / ring-site C-H out-of-plane bending cyclic-ring torsional/out-of-plane deformation 58.02%; ring-site C-H out-of-plane bending 21.29%; cyclic-ring out-of-plane deformation 6.67%; C-C-C bending 6.38%
    9      234.28          --                 --  C-C torsion                                                    C-C torsion 99.18%
   10      238.14          --                 --  C-C torsion                                                    C-C torsion 94.20%; cyclic-ring torsional/out-of-plane deformation 2.68%
   11      250.66          --                 --  mixed C-C torsion / C-C-C bending                              C-C torsion 58.09%; C-C-C bending 19.13%; cyclic-ring out-of-plane deformation 8.05%; cyclic-ring torsional/out-of-plane deformation 6.22%
   12      309.86          --                 --  mixed C-C torsion / cyclic-ring torsional/out-of-plane deformation / C-C-C bending C-C torsion 24.56%; cyclic-ring torsional/out-of-plane deformation 23.07%; C-C-C bending 19.29%; cyclic-ring out-of-plane deformation 16.78%
   13      387.68          --                 --  mixed cyclic-ring deformation (C-C-C bend) / cyclic-ring out-of-plane deformation cyclic-ring deformation (C-C-C bend) 33.98%; cyclic-ring out-of-plane deformation 20.53%; ring-site C-H out-of-plane bending 14.80%; cyclic-ring torsional/out-of-plane deformation 6.87%
   14      391.93          --                 --  mixed cyclic-ring out-of-plane deformation / cyclic-ring deformation (C-C-C bend) / ring-site C-H out-of-plane bending cyclic-ring out-of-plane deformation 32.39%; cyclic-ring deformation (C-C-C bend) 25.84%; ring-site C-H out-of-plane bending 25.19%; C-C torsion 5.87%
   15      429.96          --                 --  mixed cyclic-ring out-of-plane deformation / ring-site C-H out-of-plane bending cyclic-ring out-of-plane deformation 42.69%; ring-site C-H out-of-plane bending 30.88%; cyclic-ring deformation (C-C-C bend) 8.32%; C-C torsion 6.88%
   16      440.95          --                 --  mixed cyclic-ring out-of-plane deformation / C-C-C bending     cyclic-ring out-of-plane deformation 53.70%; C-C-C bending 21.75%; ring-site C-H out-of-plane bending 7.62%; cyclic-ring torsional/out-of-plane deformation 5.41%
   17      479.58          --                 --  mixed ring-site C-H out-of-plane bending / cyclic-ring deformation (C-C-C bend) ring-site C-H out-of-plane bending 43.02%; cyclic-ring deformation (C-C-C bend) 23.18%; cyclic-ring out-of-plane deformation 12.12%; ring-site C-H in-plane bending 8.97%
   18      536.62          --                 --  mixed C-C-O bending / ring-site C-H out-of-plane bending / cyclic-ring out-of-plane deformation C-C-O bending 29.98%; ring-site C-H out-of-plane bending 23.19%; cyclic-ring out-of-plane deformation 16.01%; cyclic-ring torsional/out-of-plane deformation 6.38%
   19      627.70          --                 --  mixed ring-site C-H out-of-plane bending / in-phase cyclic C-C stretching / cyclic-ring out-of-plane deformation ring-site C-H out-of-plane bending 32.59%; in-phase cyclic C-C stretching 22.01%; cyclic-ring out-of-plane deformation 19.35%; ring-site C-H in-plane bending 10.59%
   20      832.24          --                 --  mixed ring-site C-H in-plane bending / ring-site C-H out-of-plane bending ring-site C-H in-plane bending 33.37%; ring-site C-H out-of-plane bending 29.48%; cyclic-ring out-of-plane deformation 10.80%; C-H bending 10.37%
   21      833.74          --                 --  mixed in-phase cyclic C-C stretching / ring-site C-H out-of-plane bending in-phase cyclic C-C stretching 54.49%; ring-site C-H out-of-plane bending 15.30%; C-H bending 8.19%; ring-site C-H in-plane bending 4.55%
   22      853.28          --                 --  mixed mixed-phase cyclic C-C stretching / opposite-phase exocyclic C-C stretching mixed-phase cyclic C-C stretching 46.84%; opposite-phase exocyclic C-C stretching 12.47%; C-H bending 11.98%; ring-site C-H out-of-plane bending 8.20%
   23      858.45          --                 --  mixed ring-site C-H out-of-plane bending / C-H bending         ring-site C-H out-of-plane bending 23.47%; C-H bending 16.95%; C-C torsion 14.10%; in-phase cyclic C-C stretching 13.38%
   24      889.79          --                 --  mixed ring-site C-H out-of-plane bending / ring-site C-H in-plane bending ring-site C-H out-of-plane bending 39.42%; ring-site C-H in-plane bending 29.14%; C-C torsion 9.35%; C-H bending 6.48%
   25      952.38          --                 --  mixed C-H bending / mixed-phase cyclic C-C stretching / C-C torsion C-H bending 49.53%; mixed-phase cyclic C-C stretching 18.73%; C-C torsion 15.38%; ring-site C-H out-of-plane bending 3.49%
   26      965.61          --                 --  mixed C-H bending / ring-site C-H in-plane bending             C-H bending 23.56%; ring-site C-H in-plane bending 17.39%; in-phase cyclic C-C stretching 12.89%; ring-site C-H out-of-plane bending 12.37%
   27      974.17          --                 --  mixed C-H bending / mixed-phase cyclic C-C stretching / C-C torsion C-H bending 35.60%; mixed-phase cyclic C-C stretching 31.02%; C-C torsion 16.20%; opposite-phase exocyclic C-C stretching 7.74%
   28     1013.07          --                 --  mixed C-H bending / ring-site C-H in-plane bending / ring-site C-H out-of-plane bending C-H bending 38.04%; ring-site C-H in-plane bending 16.24%; ring-site C-H out-of-plane bending 15.96%; opposite-phase cyclic C-C stretching 9.77%
   29     1054.60          --                 --  mixed opposite-phase exocyclic C-C stretching / C-H bending    opposite-phase exocyclic C-C stretching 30.14%; C-H bending 18.02%; cyclic-ring out-of-plane deformation 11.13%; ring-site C-H out-of-plane bending 9.29%
   30     1077.73          --                 --  mixed ring-site C-H in-plane bending / C-C torsion             ring-site C-H in-plane bending 58.50%; C-C torsion 9.61%; opposite-phase cyclic C-C stretching 7.97%; C-C out-of-plane bending 7.05%
   31     1109.70          --                 --  mixed in-phase exocyclic C-C stretching / cyclic-ring deformation (C-C-C bend) / ring-site C-H out-of-plane bending in-phase exocyclic C-C stretching 28.69%; cyclic-ring deformation (C-C-C bend) 18.44%; ring-site C-H out-of-plane bending 16.07%; cyclic-ring out-of-plane deformation 6.77%
   32     1130.35          --                 --  mixed mixed-phase cyclic C-C stretching / C-H bending / C-C torsion mixed-phase cyclic C-C stretching 34.25%; C-H bending 25.20%; C-C torsion 19.95%; ring-site C-H in-plane bending 5.90%
   33     1154.83          --                 --  mixed cyclic-ring out-of-plane deformation / ring-site C-H in-plane bending / C-H bending cyclic-ring out-of-plane deformation 30.26%; ring-site C-H in-plane bending 26.45%; C-H bending 21.85%; ring-site C-H out-of-plane bending 8.23%
   34     1191.77          --                 --  mixed C-C-C bending / mixed-phase cyclic C-C stretching / C-H bending C-C-C bending 23.72%; mixed-phase cyclic C-C stretching 21.93%; C-H bending 20.97%; C-C torsion 16.20%
   35     1247.10          --                 --  mixed mixed-phase cyclic C-C stretching / ring-site C-H out-of-plane bending / C-C out-of-plane bending mixed-phase cyclic C-C stretching 21.35%; ring-site C-H out-of-plane bending 18.90%; C-C out-of-plane bending 18.73%; ring-site C-H in-plane bending 17.15%
   36     1257.44          --                 --  mixed ring-site C-H in-plane bending / cyclic-ring out-of-plane deformation ring-site C-H in-plane bending 59.62%; cyclic-ring out-of-plane deformation 18.81%; C-H bending 6.92%; ring-site C-H out-of-plane bending 5.62%
   37     1290.00          --                 --  mixed ring-site C-H in-plane bending / ring-site C-H out-of-plane bending / C-C out-of-plane bending ring-site C-H in-plane bending 40.12%; ring-site C-H out-of-plane bending 20.14%; C-C out-of-plane bending 19.19%; opposite-phase cyclic C-C stretching 9.88%
   38     1296.77          --                 --  mixed ring-site C-H in-plane bending / cyclic-ring out-of-plane deformation / ring-site C-H out-of-plane bending ring-site C-H in-plane bending 32.21%; cyclic-ring out-of-plane deformation 19.46%; ring-site C-H out-of-plane bending 16.46%; C-H bending 9.45%
   39     1311.99          --                 --  mixed ring-site C-H out-of-plane bending / ring-site C-H in-plane bending / C-H bending ring-site C-H out-of-plane bending 33.16%; ring-site C-H in-plane bending 30.24%; C-H bending 15.04%; cyclic-ring out-of-plane deformation 13.80%
   40     1314.61          --                 --  mixed ring-site C-H out-of-plane bending / C-C out-of-plane bending / ring-site C-H in-plane bending ring-site C-H out-of-plane bending 29.35%; C-C out-of-plane bending 28.02%; ring-site C-H in-plane bending 26.91%; C-H bending 7.66%
   41     1370.65          --                 --  mixed cyclic-ring out-of-plane deformation / C-C torsion       cyclic-ring out-of-plane deformation 28.83%; C-C torsion 26.02%; ring-site C-H out-of-plane bending 14.70%; ring-site C-H in-plane bending 12.95%
   42     1370.73          --                 --  mixed C-C out-of-plane bending / C-H bending                   C-C out-of-plane bending 52.94%; C-H bending 13.43%; ring-site C-H in-plane bending 13.00%; mixed-phase cyclic C-C stretching 8.61%
   43     1379.42          --                 --  mixed ring-site C-H out-of-plane bending / C-H bending / cyclic-ring out-of-plane deformation ring-site C-H out-of-plane bending 28.52%; C-H bending 19.75%; cyclic-ring out-of-plane deformation 16.62%; C-C out-of-plane bending 14.02%
   44     1395.94          --                 --  mixed ring-site C-H in-plane bending / C-H bending             ring-site C-H in-plane bending 21.65%; C-H bending 19.89%; cyclic-ring out-of-plane deformation 13.94%; opposite-phase cyclic C-C stretching 12.06%
   45     1417.84          --                 --  mixed C-H bending / C-H out-of-plane bending                   C-H bending 50.62%; C-H out-of-plane bending 46.60%; exocyclic C-C stretching 2.17%
   46     1418.37          --                 --  mixed C-H bending / C-H out-of-plane bending                   C-H bending 57.55%; C-H out-of-plane bending 38.29%
   47     1466.38          --                 --  mixed C-H bending / ring-site C-H out-of-plane bending         C-H bending 46.99%; ring-site C-H out-of-plane bending 40.35%; ring-site C-H in-plane bending 10.67%
   48     1473.43          --                 --  mixed C-H bending / ring-site C-H out-of-plane bending         C-H bending 46.46%; ring-site C-H out-of-plane bending 38.61%; ring-site C-H in-plane bending 12.58%
   49     1493.36          --                 --  mixed ring-site C-H out-of-plane bending / C-H bending         ring-site C-H out-of-plane bending 48.64%; C-H bending 30.66%; ring-site C-H in-plane bending 12.55%; C-C torsion 5.12%
   50     1500.69          --                 --  mixed C-H bending / C-C torsion                                C-H bending 68.03%; C-C torsion 27.03%; C-H out-of-plane bending 3.11%
   51     1502.23          --                 --  mixed C-H bending / C-C torsion                                C-H bending 70.18%; C-C torsion 22.48%; C-H out-of-plane bending 6.17%
   52     1503.55          --                 --  mixed C-H bending / C-C torsion                                C-H bending 68.22%; C-C torsion 23.84%; C-H out-of-plane bending 6.78%
   53     1503.64          --                 --  mixed C-H bending / C-C torsion                                C-H bending 62.85%; C-C torsion 26.87%; ring-site C-H out-of-plane bending 5.65%
   54     1781.43          --                 --  exocyclic C-O stretching                                       exocyclic C-O stretching 78.19%; cyclic-ring deformation (C-C-C bend) 10.14%; in-phase cyclic C-C stretching 6.45%
   55     2987.55          --                 --  ring-site C-H stretching                                       ring-site C-H stretching 97.01%
   56     2989.56          --                 --  mixed-phase ring-site C-H stretching                           mixed-phase ring-site C-H stretching 96.72%
   57     2998.27          --                 --  mixed-phase ring-site C-H stretching                           mixed-phase ring-site C-H stretching 98.37%
   58     3003.39          --                 --  mixed-phase ring-site C-H stretching                           mixed-phase ring-site C-H stretching 96.68%; opposite-phase C-H stretching 2.26%
   59     3011.94          --                 --  mixed-phase ring-site C-H stretching                           mixed-phase ring-site C-H stretching 87.83%; in-phase C-H stretching 11.47%
   60     3021.73          --                 --  mixed-phase C-H stretching                                     mixed-phase C-H stretching 98.25%
   61     3023.32          --                 --  in-phase C-H stretching                                        in-phase C-H stretching 88.66%; mixed-phase ring-site C-H stretching 10.99%
   62     3048.57          --                 --  mixed-phase ring-site C-H stretching                           mixed-phase ring-site C-H stretching 96.68%; C-H stretching 2.25%
   63     3082.47          --                 --  mixed-phase C-H stretching                                     mixed-phase C-H stretching 96.13%; ring-site C-H stretching 3.17%
   64     3083.10          --                 --  mixed-phase C-H stretching                                     mixed-phase C-H stretching 92.98%; in-phase ring-site C-H stretching 6.35%
   65     3090.28          --                 --  mixed-phase C-H stretching                                     mixed-phase C-H stretching 92.78%; opposite-phase ring-site C-H stretching 6.46%
   66     3090.81          --                 --  mixed-phase C-H stretching                                     mixed-phase C-H stretching 95.88%; in-phase ring-site C-H stretching 3.32%
   67     3095.01          --                 --  opposite-phase ring-site C-H stretching                        opposite-phase ring-site C-H stretching 91.04%; opposite-phase C-H stretching 8.20%
   68     3096.63          --                 --  in-phase ring-site C-H stretching                              in-phase ring-site C-H stretching 93.03%; in-phase C-H stretching 5.96%

# Selected internal-coordinate set:
#   1  nu(C1-C2)
#   2  nu(C3-C4)
#   3  nu(C5-H18)
#   4  nu(C6-C7)
#   5  nu(C9-H22)
#   6  nu(C4-H16)
#   7  nu(C6-H21)
#   8  nu(C9-H23)
#   9  nu(C5-H17)
#  10  nu(C2-H13)
#  11  nu(C3-H15)
#  12  nu(C1-H10)
#  13  nu(C5-H19)
#  14  nu(C6-H20)
#  15  nu(C3-H14)
#  16  nu(C1-H11)
#  17  nu(C7-O8)
#  18  gamma(C7;C9,H22,H23)
#  19  nu(C1-H12)
#  20  tau(H15-C3-C4-H16)
#  21  gamma(C9;C2,C1,H13)
#  22  tau(O8-C7-C9-H22)
#  23  gamma(H20;C6,C7,H21)
#  24  gamma(H19;C5,H17,H18)
#  25  delta(C4-C3-H14)
#  26  delta(H17-C5-H18)
#  27  delta(H10-C1-H12)
#  28  delta(H22-C9-H23)
#  29  delta(H11-C1-H12)
#  30  tau(H14-C3-C4-C6)
#  31  delta(H10-C1-H11)
#  32  tau(H16-C4-C6-H21)
#  33  delta(C4-C3-H15)
#  34  delta(C6-C7-O8)
#  35  tau(C6-C4-C5-H19)
#  36  delta(C1-C2-H13)
#  37  tau(C3-C4-C6-H20)
#  38  tau(C6-C7-C9-H23)
#  39  gamma(C6;C4,C3,H16)
#  40  delta(C4-C5-H19)
#  41  delta(C2-C1-H10)
#  42  tau(H16-C4-C5-H17)
#  43  nu(C7-C9)
#  44  delta(C4-C6-H21)
#  45  gamma(C9;C2,C1,C3)
#  46  nu(C4-C6)
#  47  delta(C4-C5-H17)
#  48  delta(C6-C7-C9)
#  49  delta(C2-C1-H11)
#  50  nu(C4-C5)
#  51  nu(C2-C9)
#  52  delta(C7-C9-H22)
#  53  nu(C2-C3)
#  54  tau(C3-C4-C5-H18)
#  55  tau(H11-C1-C2-C9)
#  56  gamma(C3;C4,C5,C6)
#  57  delta(C2-C9-H22)
#  58  delta(C1-C2-C3)
#  59  tau(C2-C3-C4-C5)
#  60  delta(C7-C6-H21)
#  61  delta(C3-C2-C9)
#  62  delta(C3-C4-C5)
#  63  tau(C1-C2-C3-C4)

Wrote: /local/scratch/mv487/qm9s/experiment_1_phase2/ped/79795/79795_summary.csv
Wrote: /local/scratch/mv487/qm9s/experiment_1_phase2/ped/79795/79795_families.csv
Wrote: /local/scratch/mv487/qm9s/experiment_1_phase2/ped/79795/79795_ped.csv
Wrote: /local/scratch/mv487/qm9s/experiment_1_phase2/ped/79795/79795_ir_transitions.csv

# All generated files are in: /local/scratch/mv487/qm9s/experiment_1_phase2/ped/79795
# Manifest: /local/scratch/mv487/qm9s/experiment_1_phase2/ped/79795/79795_manifest.txt

--- stderr ---
Normal modes/frequencies absent or incomplete: diagonalizing Hessian.
