# Contact: romi@lens.unifi.it
# Manual: https://github.com/SebRoLENS/orca-ped-analyzer/blob/main/docs/ORCA_PED_Analyzer_Manual.md
# Check GitHub for updates and new releases: https://github.com/SebRoLENS/orca-ped-analyzer
#
# Molecule: 22 atoms | non-linear
# Bonds inferred: 22 | candidate ICs: 174 | selected ICs: 60
# Cartesian-Hessian reconstruction relative error: 2.114e-05
# Energy distribution: PED (PED is the backward-compatible default; TED includes kinetic-energy terms)
# Ring/cycle bonds detected: 5 | ring atoms: 5 | ring systems: 1
# VPT2: no matching .out file supplied/found -> harmonic/PED analysis only
#
 Mode   Harm/cm-1   VPT2/cm-1  Harm.Int/km mol-1  Assignment                                                     Grouped PED
------------------------------------------------------------------------------------------------------------------------------------------------------------------------------------------------
    7       53.70          --                 --  C-C torsion                                                    C-C torsion 99.60%
    8      130.46          --                 --  mixed C-C torsion / cyclic-ring torsional/out-of-plane deformation C-C torsion 58.81%; cyclic-ring torsional/out-of-plane deformation 18.72%; C-C-C bending 11.70%; C-C out-of-plane bending 6.86%
    9      189.16          --                 --  mixed C-C torsion / C-C-N bending                              C-C torsion 63.53%; C-C-N bending 23.56%; C-C-C bending 9.02%
   10      224.83          --                 --  C-C torsion                                                    C-C torsion 98.75%
   11      241.88          --                 --  mixed cyclic-ring torsional/out-of-plane deformation / C-C torsion cyclic-ring torsional/out-of-plane deformation 65.89%; C-C torsion 30.39%
   12      249.37          --                 --  C-C torsion                                                    C-C torsion 97.36%
   13      280.59          --                 --  C-C torsion                                                    C-C torsion 75.83%; C-C-C bending 16.53%
   14      375.98          --                 --  mixed C-C-C bending / C-C torsion                              C-C-C bending 61.94%; C-C torsion 14.26%; C-C out-of-plane bending 10.42%; C-H bending 9.82%
   15      392.99          --                 --  mixed C-C-C bending / cyclic-ring torsional/out-of-plane deformation / C-C torsion C-C-C bending 21.04%; cyclic-ring torsional/out-of-plane deformation 20.03%; C-C torsion 18.60%; C-C out-of-plane bending 10.85%
   16      449.88          --                 --  mixed ring-site N-H out-of-plane bending / cyclic-ring torsional/out-of-plane deformation ring-site N-H out-of-plane bending 53.66%; cyclic-ring torsional/out-of-plane deformation 14.17%; C-C-C bending 9.25%; ring-site C-H out-of-plane bending 8.51%
   17      501.37          --                 --  mixed C-C torsion / C-C-C bending / C-H bending                C-C torsion 35.82%; C-C-C bending 19.58%; C-H bending 17.35%; C-C-N bending 10.38%
   18      601.57          --                 --  mixed cyclic-ring deformation (C-C-N bend) / C-C torsion / opposite-phase exocyclic C-C stretching cyclic-ring deformation (C-C-N bend) 28.64%; C-C torsion 23.85%; opposite-phase exocyclic C-C stretching 19.19%; C-H bending 11.76%
   19      635.50          --                 --  mixed cyclic-ring torsional/out-of-plane deformation / C-C torsion / ring-site C-H out-of-plane bending cyclic-ring torsional/out-of-plane deformation 29.89%; C-C torsion 29.10%; ring-site C-H out-of-plane bending 17.51%; cyclic-ring out-of-plane deformation 16.24%
   20      687.03          --                 --  mixed ring-site C-H out-of-plane bending / cyclic-ring out-of-plane deformation ring-site C-H out-of-plane bending 54.83%; cyclic-ring out-of-plane deformation 34.73%; cyclic-ring torsional/out-of-plane deformation 5.35%; C-C torsion 2.21%
   21      697.22          --                 --  mixed in-phase exocyclic C-C stretching / C-C torsion / C-H bending in-phase exocyclic C-C stretching 29.37%; C-C torsion 21.06%; C-H bending 19.46%; cyclic C-N stretching 8.66%
   22      722.64          --                 --  mixed cyclic-ring out-of-plane deformation / cyclic-ring torsional/out-of-plane deformation cyclic-ring out-of-plane deformation 36.49%; cyclic-ring torsional/out-of-plane deformation 29.79%; ring-site C-H out-of-plane bending 14.90%; C-C torsion 10.91%
   23      830.23          --                 --  mixed ring-site C-H out-of-plane bending / cyclic-ring out-of-plane deformation ring-site C-H out-of-plane bending 55.49%; cyclic-ring out-of-plane deformation 40.15%; cyclic-ring torsional/out-of-plane deformation 2.29%
   24      879.46          --                 --  mixed in-phase C-C stretching / cyclic-ring deformation (C-C-N bend) in-phase C-C stretching 56.57%; cyclic-ring deformation (C-C-N bend) 12.81%; C-C torsion 11.62%; C-H bending 9.62%
   25      922.01          --                 --  mixed cyclic-ring deformation (C-C-N bend) / ring-site C-H in-plane bending cyclic-ring deformation (C-C-N bend) 66.34%; ring-site C-H in-plane bending 12.33%; cyclic C-C stretching 7.71%; ring-site N-H in-plane bending 5.45%
   26      931.37          --                 --  mixed C-H bending / C-C torsion                                C-H bending 69.08%; C-C torsion 20.51%; opposite-phase C-C stretching 5.27%; C-C out-of-plane bending 4.31%
   27      957.35          --                 --  mixed C-H bending / opposite-phase C-C stretching              C-H bending 67.79%; opposite-phase C-C stretching 19.02%; C-C torsion 12.25%
   28      982.34          --                 --  mixed C-H bending / cyclic C-C stretching                      C-H bending 61.00%; cyclic C-C stretching 16.16%; cyclic-ring deformation (C-C-N bend) 6.59%; ring-site C-H in-plane bending 5.90%
   29     1055.12          --                 --  mixed C-H bending / ring-site C-H in-plane bending / cyclic C-N stretching C-H bending 39.72%; ring-site C-H in-plane bending 18.17%; cyclic C-N stretching 17.55%; C-C out-of-plane bending 5.88%
   30     1061.36          --                 --  C-H bending                                                    C-H bending 81.96%; cyclic-ring torsional/out-of-plane deformation 12.47%; C-C torsion 5.02%
   31     1080.91          --                 --  mixed C-H bending / ring-site C-H in-plane bending             C-H bending 53.65%; ring-site C-H in-plane bending 13.92%; mixed-phase exocyclic C-C stretching 6.84%; cyclic C-N stretching 5.88%
   32     1106.83          --                 --  mixed cyclic C-N stretching / C-H bending / ring-site C-H in-plane bending cyclic C-N stretching 22.55%; C-H bending 18.71%; ring-site C-H in-plane bending 15.60%; cyclic-ring deformation (C-C-N bend) 15.02%
   33     1118.67          --                 --  mixed C-H bending / opposite-phase C-C stretching              C-H bending 36.47%; opposite-phase C-C stretching 35.59%; C-C-C bending 13.29%; C-C torsion 7.30%
   34     1159.94          --                 --  mixed mixed-phase cyclic C-N stretching / C-H bending          mixed-phase cyclic C-N stretching 30.41%; C-H bending 19.47%; ring-site C-H in-plane bending 13.97%; ring-site N-H in-plane bending 10.54%
   35     1197.59          --                 --  mixed C-H bending / C-C-C bending                              C-H bending 56.38%; C-C-C bending 9.06%; in-phase C-C stretching 6.93%; mixed-phase cyclic C-N stretching 5.77%
   36     1270.70          --                 --  mixed ring-site C-H in-plane bending / mixed-phase exocyclic C-C stretching ring-site C-H in-plane bending 28.23%; mixed-phase exocyclic C-C stretching 14.54%; cyclic-ring deformation (C-C-N bend) 13.20%; ring-site N-H in-plane bending 12.94%
   37     1286.75          --                 --  mixed mixed-phase cyclic C-C stretching / cyclic C-N stretching / C-H bending mixed-phase cyclic C-C stretching 26.11%; cyclic C-N stretching 20.44%; C-H bending 19.17%; in-phase exocyclic C-C stretching 14.97%
   38     1340.16          --                 --  mixed C-H bending / C-C out-of-plane bending                   C-H bending 59.82%; C-C out-of-plane bending 26.07%; opposite-phase C-C stretching 6.33%; C-C torsion 5.48%
   39     1360.15          --                 --  mixed C-C out-of-plane bending / C-H bending                   C-C out-of-plane bending 47.06%; C-H bending 29.69%; in-phase cyclic C-C stretching 7.98%; mixed-phase exocyclic C-C stretching 5.89%
   40     1403.37          --                 --  mixed C-H bending / C-H out-of-plane bending                   C-H bending 66.35%; C-H out-of-plane bending 31.15%; opposite-phase C-C stretching 2.18%
   41     1418.34          --                 --  mixed C-H bending / C-H out-of-plane bending                   C-H bending 49.56%; C-H out-of-plane bending 17.60%; mixed-phase cyclic C-C stretching 9.15%; cyclic C-N stretching 6.35%
   42     1424.23          --                 --  mixed C-H out-of-plane bending / C-H bending                   C-H out-of-plane bending 52.87%; C-H bending 43.63%; exocyclic C-C stretching 2.45%
   43     1432.93          --                 --  mixed C-H bending / C-H out-of-plane bending                   C-H bending 40.97%; C-H out-of-plane bending 21.90%; cyclic C-N stretching 9.18%; mixed-phase cyclic C-C stretching 8.82%
   44     1478.13          --                 --  mixed mixed-phase cyclic C-N stretching / cyclic-ring deformation (C-C-N bend) / ring-site N-H in-plane bending mixed-phase cyclic C-N stretching 22.83%; cyclic-ring deformation (C-C-N bend) 19.03%; ring-site N-H in-plane bending 17.27%; opposite-phase cyclic C-C stretching 17.26%
   45     1487.99          --                 --  mixed C-H bending / C-C torsion                                C-H bending 65.34%; C-C torsion 33.82%
   46     1490.06          --                 --  mixed C-H bending / C-C torsion                                C-H bending 66.11%; C-C torsion 32.77%
   47     1495.20          --                 --  C-H bending                                                    C-H bending 77.25%; C-C torsion 18.98%; C-H out-of-plane bending 3.34%
   48     1503.24          --                 --  mixed C-H bending / C-H out-of-plane bending                   C-H bending 63.16%; C-H out-of-plane bending 15.18%; C-C torsion 10.31%; in-phase cyclic C-C stretching 4.34%
   49     1505.31          --                 --  C-H bending                                                    C-H bending 72.08%; C-C torsion 10.86%; C-H out-of-plane bending 7.01%; cyclic C-C stretching 5.47%
   50     1511.12          --                 --  mixed C-H bending / C-C torsion                                C-H bending 55.59%; C-C torsion 25.08%; in-phase cyclic C-C stretching 7.41%; cyclic C-N stretching 2.88%
   51     1512.93          --                 --  mixed C-H bending / cyclic C-C stretching                      C-H bending 50.87%; cyclic C-C stretching 20.26%; C-C torsion 10.18%; ring-site C-H in-plane bending 6.16%
   52     1622.76          --                 --  mixed mixed-phase cyclic C-C stretching / in-phase exocyclic C-C stretching mixed-phase cyclic C-C stretching 50.30%; in-phase exocyclic C-C stretching 11.16%; ring-site N-H in-plane bending 8.53%; ring-site C-H in-plane bending 7.24%
   53     3020.69          --                 --  C-H stretching                                                 C-H stretching 99.63%
   54     3020.82          --                 --  mixed-phase C-H stretching                                     mixed-phase C-H stretching 99.72%
   55     3024.82          --                 --  C-H stretching                                                 C-H stretching 99.65%
   56     3046.70          --                 --  mixed-phase C-H stretching                                     mixed-phase C-H stretching 99.07%
   57     3060.30          --                 --  opposite-phase C-H stretching                                  opposite-phase C-H stretching 99.66%
   58     3076.04          --                 --  mixed-phase C-H stretching                                     mixed-phase C-H stretching 99.13%
   59     3086.23          --                 --  mixed-phase C-H stretching                                     mixed-phase C-H stretching 99.59%
   60     3097.78          --                 --  mixed-phase C-H stretching                                     mixed-phase C-H stretching 99.48%
   61     3101.23          --                 --  mixed-phase C-H stretching                                     mixed-phase C-H stretching 99.54%
   62     3103.11          --                 --  mixed-phase C-H stretching                                     mixed-phase C-H stretching 99.39%
   63     3231.79          --                 --  mixed-phase ring-site C-H stretching                           mixed-phase ring-site C-H stretching 98.90%
   64     3261.78          --                 --  ring-site C-H stretching                                       ring-site C-H stretching 98.29%
   65     3667.88          --                 --  ring-site N-H stretching                                       ring-site N-H stretching 99.35%

# Selected internal-coordinate set:
#   1  nu(C1-C2)
#   2  nu(C3-H14)
#   3  nu(C4-N9)
#   4  nu(C5-C7)
#   5  nu(C6-H17)
#   6  nu(C8-H21)
#   7  nu(C6-H18)
#   8  nu(C2-H13)
#   9  nu(C3-H16)
#  10  nu(C1-H10)
#  11  nu(C4-C5)
#  12  nu(C6-H19)
#  13  nu(C3-H15)
#  14  nu(C1-H12)
#  15  tau(N9-C4-C5-C7)
#  16  gamma(C7;C8,N9,H21)
#  17  nu(N9-H22)
#  18  nu(C7-H20)
#  19  tau(C5-C4-N9-H22)
#  20  nu(C1-H11)
#  21  tau(C4-C5-C7-H20)
#  22  delta(C7-C8-H21)
#  23  gamma(C4;C2,C1,H13)
#  24  gamma(H15;C3,H14,H16)
#  25  gamma(H19;C6,H17,H18)
#  26  delta(C5-C7-H20)
#  27  delta(C4-N9-H22)
#  28  delta(H17-C6-H18)
#  29  delta(H14-C3-H16)
#  30  delta(H11-C1-H12)
#  31  delta(H10-C1-H11)
#  32  delta(H10-C1-H12)
#  33  tau(C1-C2-C3-H15)
#  34  tau(N9-C4-C5-C6)
#  35  delta(C1-C2-H13)
#  36  delta(C5-C4-N9)
#  37  tau(C7-C5-C6-H19)
#  38  nu(C7-C8)
#  39  delta(C2-C3-H14)
#  40  delta(C5-C6-H19)
#  41  delta(C2-C1-H12)
#  42  nu(C8-N9)
#  43  tau(C4-C2-C3-H16)
#  44  delta(C2-C3-H16)
#  45  nu(C5-C6)
#  46  delta(C2-C1-H10)
#  47  nu(C2-C3)
#  48  tau(H11-C1-C2-C3)
#  49  tau(C2-C4-N9-C8)
#  50  delta(C7-C8-N9)
#  51  delta(C5-C6-H17)
#  52  nu(C2-C4)
#  53  tau(H10-C1-C2-C4)
#  54  tau(C4-C5-C6-H18)
#  55  tau(H21-C8-N9-C4)
#  56  delta(C1-C2-C3)
#  57  delta(C6-C5-C7)
#  58  delta(C1-C2-C4)
#  59  delta(C2-C4-N9)
#  60  tau(H13-C2-C4-N9)

Wrote: /local/scratch/mv487/qm9s/experiment_1_phase2/ped/23844/23844_summary.csv
Wrote: /local/scratch/mv487/qm9s/experiment_1_phase2/ped/23844/23844_families.csv
Wrote: /local/scratch/mv487/qm9s/experiment_1_phase2/ped/23844/23844_ped.csv
Wrote: /local/scratch/mv487/qm9s/experiment_1_phase2/ped/23844/23844_ir_transitions.csv

# All generated files are in: /local/scratch/mv487/qm9s/experiment_1_phase2/ped/23844
# Manifest: /local/scratch/mv487/qm9s/experiment_1_phase2/ped/23844/23844_manifest.txt

--- stderr ---
Normal modes/frequencies absent or incomplete: diagonalizing Hessian.
WARNING: found only 59 modes above threshold; expected 60.
