# Contact: romi@lens.unifi.it
# Manual: https://github.com/SebRoLENS/orca-ped-analyzer/blob/main/docs/ORCA_PED_Analyzer_Manual.md
# Check GitHub for updates and new releases: https://github.com/SebRoLENS/orca-ped-analyzer
#
# Molecule: 23 atoms | non-linear
# Bonds inferred: 23 | candidate ICs: 220 | selected ICs: 63
# Cartesian-Hessian reconstruction relative error: 4.209e-05
# Energy distribution: PED (PED is the backward-compatible default; TED includes kinetic-energy terms)
# Ring/cycle bonds detected: 4 | ring atoms: 4 | ring systems: 1
# VPT2: no matching .out file supplied/found -> harmonic/PED analysis only
#
 Mode   Harm/cm-1   VPT2/cm-1  Harm.Int/km mol-1  Assignment                                                     Grouped PED
------------------------------------------------------------------------------------------------------------------------------------------------------------------------------------------------
    6       73.29          --                 --  mixed ring-site C-H out-of-plane bending / C-C torsion / cyclic-ring torsional/out-of-plane deformation ring-site C-H out-of-plane bending 46.13%; C-C torsion 17.95%; cyclic-ring torsional/out-of-plane deformation 16.64%; C-O torsion 15.23%
    7      101.79          --                 --  C-C torsion                                                    C-C torsion 89.47%; ring-site C-H out-of-plane bending 4.44%; C-O torsion 2.06%; cyclic-ring torsional/out-of-plane deformation 2.04%
    8      165.61          --                 --  C-C torsion                                                    C-C torsion 76.31%; C-C-C bending 17.83%; C-C out-of-plane bending 2.03%
    9      229.98          --                 --  C-C torsion                                                    C-C torsion 94.29%; C-O torsion 2.95%
   10      261.44          --                 --  C-C torsion                                                    C-C torsion 74.84%; C-O torsion 11.68%; C-C-C bending 5.47%; C-C-O bending 2.75%
   11      275.17          --                 --  C-O torsion                                                    C-O torsion 92.46%; C-C torsion 7.28%
   12      279.85          --                 --  C-C torsion                                                    C-C torsion 83.29%; C-O torsion 15.74%
   13      306.35          --                 --  mixed C-C torsion / C-O torsion                                C-C torsion 47.18%; C-O torsion 40.66%; C-C-C bending 6.70%; ring-site C-H out-of-plane bending 2.92%
   14      308.34          --                 --  mixed C-O torsion / C-C torsion                                C-O torsion 54.84%; C-C torsion 31.30%; C-C-C bending 6.73%; ring-site C-H out-of-plane bending 3.63%
   15      354.64          --                 --  mixed C-O torsion / C-C torsion / C-C-O bending                C-O torsion 36.54%; C-C torsion 25.89%; C-C-O bending 19.08%; ring-site C-H out-of-plane bending 10.22%
   16      372.08          --                 --  mixed C-O torsion / C-C-C bending                              C-O torsion 50.09%; C-C-C bending 14.70%; C-C torsion 12.84%; ring-site C-H out-of-plane bending 10.26%
   17      408.73          --                 --  mixed ring-site C-H out-of-plane bending / C-O torsion / C-C-C bending ring-site C-H out-of-plane bending 33.05%; C-O torsion 29.78%; C-C-C bending 18.62%; C-C torsion 8.39%
   18      424.35          --                 --  mixed C-C torsion / C-C-C bending / ring-site C-H out-of-plane bending C-C torsion 40.13%; C-C-C bending 17.66%; ring-site C-H out-of-plane bending 15.25%; C-O torsion 10.21%
   19      467.24          --                 --  mixed ring-site C-H out-of-plane bending / C-C-O bending       ring-site C-H out-of-plane bending 45.17%; C-C-O bending 17.01%; ring-site C-H in-plane bending 11.12%; C-O torsion 8.67%
   20      517.94          --                 --  mixed C-C torsion / C-C-C bending                              C-C torsion 47.02%; C-C-C bending 15.20%; ring-site C-H out-of-plane bending 13.89%; C-O torsion 7.26%
   21      612.63          --                 --  mixed C-C torsion / C-H bending / C-C-C bending                C-C torsion 36.27%; C-H bending 18.23%; C-C-C bending 15.25%; C-C-O bending 9.12%
   22      719.22          --                 --  mixed mixed-phase cyclic C-C stretching / C-C torsion / opposite-phase exocyclic C-C stretching mixed-phase cyclic C-C stretching 33.43%; C-C torsion 20.83%; opposite-phase exocyclic C-C stretching 15.63%; C-H bending 7.59%
   23      788.92          --                 --  mixed C-C torsion / C-H bending                                C-C torsion 61.60%; C-H bending 33.23%
   24      842.35          --                 --  mixed ring-site C-H out-of-plane bending / C-C torsion / ring-site C-H in-plane bending ring-site C-H out-of-plane bending 20.72%; C-C torsion 16.98%; ring-site C-H in-plane bending 16.39%; cyclic C-C stretching 13.89%
   25      856.74          --                 --  ring-site C-H out-of-plane bending                             ring-site C-H out-of-plane bending 74.90%; ring-site C-H in-plane bending 8.97%; C-H bending 5.83%; C-C-C bending 2.61%
   26      903.59          --                 --  mixed ring-site C-H out-of-plane bending / mixed-phase exocyclic C-O stretching ring-site C-H out-of-plane bending 31.57%; mixed-phase exocyclic C-O stretching 17.66%; C-H bending 10.12%; cyclic C-C stretching 9.27%
   27      918.02          --                 --  mixed opposite-phase cyclic C-C stretching / C-C torsion       opposite-phase cyclic C-C stretching 29.72%; C-C torsion 26.90%; C-H bending 12.87%; ring-site C-H out-of-plane bending 9.98%
   28      948.02          --                 --  mixed C-H bending / C-C torsion                                C-H bending 39.27%; C-C torsion 23.27%; mixed-phase cyclic C-C stretching 14.72%; mixed-phase exocyclic C-O stretching 7.50%
   29      949.73          --                 --  mixed ring-site C-H out-of-plane bending / exocyclic C-O stretching ring-site C-H out-of-plane bending 20.26%; exocyclic C-O stretching 18.78%; C-C torsion 14.04%; ring-site C-H in-plane bending 12.86%
   30      966.47          --                 --  mixed C-H bending / C-C torsion                                C-H bending 41.49%; C-C torsion 25.94%; mixed-phase cyclic C-C stretching 14.78%; exocyclic C-O stretching 5.78%
   31      994.52          --                 --  mixed C-C stretching / cyclic C-C stretching / C-H bending     C-C stretching 31.84%; cyclic C-C stretching 20.67%; C-H bending 18.24%; C-C torsion 9.94%
   32     1039.70          --                 --  mixed C-C torsion / C-H bending                                C-C torsion 28.93%; C-H bending 22.26%; C-C out-of-plane bending 14.49%; ring-site C-H out-of-plane bending 9.88%
   33     1074.66          --                 --  mixed ring-site C-H in-plane bending / ring-site C-H out-of-plane bending ring-site C-H in-plane bending 28.21%; ring-site C-H out-of-plane bending 19.00%; C-H bending 14.47%; O-H bending 10.65%
   34     1094.27          --                 --  mixed C-H bending / C-C-C bending                              C-H bending 38.35%; C-C-C bending 12.08%; C-C stretching 10.46%; C-C torsion 9.53%
   35     1118.33          --                 --  mixed C-H bending / ring-site C-H out-of-plane bending         C-H bending 41.86%; ring-site C-H out-of-plane bending 15.69%; O-H bending 11.42%; C-C out-of-plane bending 7.04%
   36     1164.55          --                 --  mixed C-H bending / C-C out-of-plane bending                   C-H bending 31.29%; C-C out-of-plane bending 17.57%; C-C-C bending 11.07%; mixed-phase cyclic C-C stretching 9.24%
   37     1202.30          --                 --  mixed C-H bending / cyclic C-C stretching                      C-H bending 23.70%; cyclic C-C stretching 16.98%; C-C torsion 8.59%; O-H bending 7.46%
   38     1233.11          --                 --  mixed C-C out-of-plane bending / ring-site C-H out-of-plane bending C-C out-of-plane bending 56.95%; ring-site C-H out-of-plane bending 15.21%; C-H bending 7.64%; ring-site C-H in-plane bending 6.80%
   39     1245.46          --                 --  mixed C-C out-of-plane bending / ring-site C-H out-of-plane bending / C-H bending C-C out-of-plane bending 21.36%; ring-site C-H out-of-plane bending 16.12%; C-H bending 15.35%; ring-site C-H in-plane bending 14.65%
   40     1266.90          --                 --  mixed C-H bending / C-C out-of-plane bending                   C-H bending 29.31%; C-C out-of-plane bending 24.02%; opposite-phase cyclic C-C stretching 9.41%; ring-site C-H out-of-plane bending 8.34%
   41     1296.27          --                 --  mixed ring-site C-H in-plane bending / C-C out-of-plane bending / C-H bending ring-site C-H in-plane bending 20.11%; C-C out-of-plane bending 20.04%; C-H bending 15.83%; O-H bending 9.44%
   42     1317.77          --                 --  mixed C-C out-of-plane bending / O-H bending                   C-C out-of-plane bending 38.81%; O-H bending 13.31%; C-C torsion 12.26%; ring-site C-H in-plane bending 10.93%
   43     1331.15          --                 --  mixed C-H bending / C-C out-of-plane bending                   C-H bending 55.91%; C-C out-of-plane bending 14.25%; C-C torsion 12.99%; in-phase cyclic C-C stretching 5.00%
   44     1366.10          --                 --  mixed O-H bending / C-H bending / cyclic C-C stretching        O-H bending 27.92%; C-H bending 25.99%; cyclic C-C stretching 15.12%; C-C out-of-plane bending 10.07%
   45     1386.74          --                 --  mixed C-C out-of-plane bending / C-H bending                   C-C out-of-plane bending 57.87%; C-H bending 20.24%; C-H out-of-plane bending 5.60%; exocyclic C-C stretching 3.69%
   46     1411.97          --                 --  C-H bending                                                    C-H bending 95.46%; exocyclic C-C stretching 2.79%
   47     1416.76          --                 --  mixed C-H out-of-plane bending / C-H bending                   C-H out-of-plane bending 60.53%; C-H bending 34.76%; C-C out-of-plane bending 2.30%
   48     1459.42          --                 --  mixed C-H bending / ring-site C-H out-of-plane bending         C-H bending 49.39%; ring-site C-H out-of-plane bending 43.15%; ring-site C-H in-plane bending 6.31%
   49     1477.90          --                 --  mixed C-H bending / ring-site C-H out-of-plane bending         C-H bending 55.17%; ring-site C-H out-of-plane bending 22.88%; C-C torsion 16.69%; ring-site C-H in-plane bending 3.29%
   50     1485.78          --                 --  mixed C-H bending / C-C torsion                                C-H bending 64.59%; C-C torsion 24.35%; ring-site C-H out-of-plane bending 8.28%
   51     1495.66          --                 --  mixed C-H bending / C-C torsion                                C-H bending 62.72%; C-C torsion 33.91%; ring-site C-H out-of-plane bending 2.28%
   52     1503.96          --                 --  C-H bending                                                    C-H bending 81.82%; C-C torsion 17.33%
   53     1504.50          --                 --  mixed C-C torsion / C-H bending                                C-C torsion 65.43%; C-H bending 30.93%
   54     1513.50          --                 --  mixed C-H bending / C-C torsion                                C-H bending 57.78%; C-C torsion 29.79%; C-H out-of-plane bending 11.82%
   55     3015.07          --                 --  C-H stretching                                                 C-H stretching 99.18%
   56     3023.54          --                 --  C-H stretching                                                 C-H stretching 98.82%
   57     3026.73          --                 --  mixed-phase C-H stretching                                     mixed-phase C-H stretching 99.12%
   58     3053.91          --                 --  mixed-phase ring-site C-H stretching                           mixed-phase ring-site C-H stretching 98.75%
   59     3057.14          --                 --  mixed-phase C-H stretching                                     mixed-phase C-H stretching 95.25%; ring-site C-H stretching 3.34%
   60     3063.04          --                 --  ring-site C-H stretching                                       ring-site C-H stretching 95.21%; C-H stretching 4.04%
   61     3079.17          --                 --  mixed-phase C-H stretching                                     mixed-phase C-H stretching 98.72%
   62     3085.25          --                 --  mixed-phase C-H stretching                                     mixed-phase C-H stretching 98.82%
   63     3093.94          --                 --  mixed-phase C-H stretching                                     mixed-phase C-H stretching 99.15%
   64     3114.54          --                 --  mixed-phase ring-site C-H stretching                           mixed-phase ring-site C-H stretching 86.98%; mixed-phase C-H stretching 11.90%
   65     3116.84          --                 --  mixed-phase C-H stretching                                     mixed-phase C-H stretching 81.67%; mixed-phase ring-site C-H stretching 17.02%
   66     3122.71          --                 --  opposite-phase ring-site C-H stretching                        opposite-phase ring-site C-H stretching 92.80%; mixed-phase C-H stretching 5.99%
   67     3789.29          --                 --  O-H stretching                                                 O-H stretching 99.94%
   68     3796.59          --                 --  O-H stretching                                                 O-H stretching 99.93%

# Selected internal-coordinate set:
#   1  nu(C3-O4)
#   2  nu(C1-H10)
#   3  nu(C2-H13)
#   4  nu(C5-H17)
#   5  nu(C6-C7)
#   6  nu(C9-H22)
#   7  nu(O8-H21)
#   8  nu(C1-H12)
#   9  nu(C2-H14)
#  10  nu(O4-H15)
#  11  nu(C5-H16)
#  12  nu(C7-H18)
#  13  nu(C9-H23)
#  14  nu(C1-H11)
#  15  nu(C6-O8)
#  16  nu(C7-H19)
#  17  gamma(C3;C5,H16,H17)
#  18  gamma(C3;C9,H22,H23)
#  19  gamma(C3;C2,H13,H14)
#  20  nu(C7-H20)
#  21  tau(C7-C6-O8-H21)
#  22  tau(C2-C3-O4-H15)
#  23  delta(H22-C9-H23)
#  24  delta(H16-C5-H17)
#  25  gamma(H11;C1,H10,H12)
#  26  delta(H13-C2-H14)
#  27  delta(C6-O8-H21)
#  28  delta(C3-O4-H15)
#  29  delta(H10-C1-H12)
#  30  delta(H18-C7-H19)
#  31  delta(H18-C7-H20)
#  32  delta(H19-C7-H20)
#  33  nu(C2-C3)
#  34  tau(H11-C1-C2-C3)
#  35  tau(C5-C6-O8-H21)
#  36  nu(C3-C9)
#  37  nu(C3-C5)
#  38  delta(C6-C7-H20)
#  39  delta(C2-C1-H11)
#  40  gamma(H22;C9,C3,C6)
#  41  gamma(H17;C5,C3,C6)
#  42  tau(H10-C1-C2-C3)
#  43  nu(C5-C6)
#  44  tau(H13-C2-C3-O4)
#  45  nu(C1-C2)
#  46  delta(C2-C1-H10)
#  47  delta(C6-C7-H19)
#  48  delta(C2-C3-O4)
#  49  delta(C5-C6-O8)
#  50  tau(H12-C1-C2-H13)
#  51  nu(C6-C9)
#  52  tau(C9-C6-C7-H18)
#  53  delta(C1-C2-H14)
#  54  tau(C3-C5-C6-O8)
#  55  delta(C6-C5-H17)
#  56  tau(O4-C3-C9-H22)
#  57  tau(C1-C2-C3-C9)
#  58  delta(C2-C3-C9)
#  59  tau(C5-C6-C7-H19)
#  60  delta(C7-C6-C9)
#  61  delta(C1-C2-C3)
#  62  tau(C7-C6-C9-H22)
#  63  delta(C2-C3-C5)

Wrote: /local/scratch/mv487/qm9s/experiment_1_phase2/ped/95637/95637_summary.csv
Wrote: /local/scratch/mv487/qm9s/experiment_1_phase2/ped/95637/95637_families.csv
Wrote: /local/scratch/mv487/qm9s/experiment_1_phase2/ped/95637/95637_ped.csv
Wrote: /local/scratch/mv487/qm9s/experiment_1_phase2/ped/95637/95637_ir_transitions.csv

# All generated files are in: /local/scratch/mv487/qm9s/experiment_1_phase2/ped/95637
# Manifest: /local/scratch/mv487/qm9s/experiment_1_phase2/ped/95637/95637_manifest.txt

--- stderr ---
Normal modes/frequencies absent or incomplete: diagonalizing Hessian.
