# Contact: romi@lens.unifi.it
# Manual: https://github.com/SebRoLENS/orca-ped-analyzer/blob/main/docs/ORCA_PED_Analyzer_Manual.md
# Check GitHub for updates and new releases: https://github.com/SebRoLENS/orca-ped-analyzer
#
# Molecule: 14 atoms | non-linear
# Bonds inferred: 14 | candidate ICs: 109 | selected ICs: 36
# Cartesian-Hessian reconstruction relative error: 1.343e-05
# Energy distribution: PED (PED is the backward-compatible default; TED includes kinetic-energy terms)
# Ring/cycle bonds detected: 3 | ring atoms: 3 | ring systems: 1
# VPT2: no matching .out file supplied/found -> harmonic/PED analysis only
#
 Mode   Harm/cm-1   VPT2/cm-1  Harm.Int/km mol-1  Assignment                                                     Grouped PED
------------------------------------------------------------------------------------------------------------------------------------------------------------------------------------------------
    6       75.50          --                 --  C-C torsion                                                    C-C torsion 95.35%
    7      111.14          --                 --  mixed C-C-C bending / cyclic-ring torsional/out-of-plane deformation / C-C-N linear bending C-C-C bending 25.12%; cyclic-ring torsional/out-of-plane deformation 23.44%; C-C-N linear bending 19.37%; ring-site N-H out-of-plane bending 9.73%
    8      124.23          --                 --  mixed C-C-C bending / C-C-N linear bending / ring-site N-H out-of-plane bending C-C-C bending 28.23%; C-C-N linear bending 19.50%; ring-site N-H out-of-plane bending 15.50%; cyclic-ring torsional/out-of-plane deformation 13.97%
    9      161.35          --                 --  mixed C-C-C bending / C-C torsion                              C-C-C bending 35.32%; C-C torsion 27.55%; C-C-N linear bending 12.62%; cyclic-ring torsional/out-of-plane deformation 8.42%
   10      233.37          --                 --  mixed cyclic-ring torsional/out-of-plane deformation / C-C torsion / C-C-N linear bending cyclic-ring torsional/out-of-plane deformation 29.08%; C-C torsion 17.51%; C-C-N linear bending 16.02%; ring-site C-H out-of-plane bending 13.06%
   11      276.84          --                 --  mixed C-C-N linear bending / C-C-C bending                     C-C-N linear bending 31.58%; C-C-C bending 19.27%; O-C-C bending 14.89%; ring-site N-H out-of-plane bending 14.75%
   12      337.80          --                 --  mixed C-C torsion / cyclic-ring torsional/out-of-plane deformation C-C torsion 27.86%; cyclic-ring torsional/out-of-plane deformation 18.74%; C-C-C bending 13.96%; ring-site C-H out-of-plane bending 10.95%
   13      420.61          --                 --  mixed cyclic-ring torsional/out-of-plane deformation / ring-site C-H out-of-plane bending cyclic-ring torsional/out-of-plane deformation 29.31%; ring-site C-H out-of-plane bending 14.16%; ring-site N-H out-of-plane bending 11.72%; C-C-N linear bending 10.01%
   14      425.26          --                 --  C-O torsion                                                    C-O torsion 70.66%; C-C torsion 6.91%; O-C-C bending 6.49%; cyclic-ring torsional/out-of-plane deformation 3.00%
   15      487.93          --                 --  mixed C-C-N linear bending / C-C-C bending                     C-C-N linear bending 40.94%; C-C-C bending 23.96%; cyclic-ring out-of-plane deformation 9.06%; in-phase exocyclic C-C stretching 8.81%
   16      562.53          --                 --  mixed C-C-N linear bending / C-C-C bending / cyclic-ring torsional/out-of-plane deformation C-C-N linear bending 26.25%; C-C-C bending 20.93%; cyclic-ring torsional/out-of-plane deformation 18.25%; C-C torsion 12.35%
   17      597.06          --                 --  mixed C-C-N linear bending / C-C-C bending / opposite-phase cyclic C-N stretching C-C-N linear bending 25.43%; C-C-C bending 21.81%; opposite-phase cyclic C-N stretching 18.99%; cyclic-ring torsional/out-of-plane deformation 12.49%
   18      648.33          --                 --  mixed C-C-C bending / cyclic-ring torsional/out-of-plane deformation C-C-C bending 22.49%; cyclic-ring torsional/out-of-plane deformation 12.87%; ring-site N-H out-of-plane bending 12.80%; ring-site C-H in-plane bending 12.51%
   19      717.42          --                 --  mixed cyclic C-N stretching / in-phase exocyclic C-C stretching / O-C-C bending cyclic C-N stretching 29.90%; in-phase exocyclic C-C stretching 23.31%; O-C-C bending 17.55%; ring-site N-H out-of-plane bending 9.47%
   20      840.72          --                 --  mixed cyclic C-N stretching / ring-site N-H out-of-plane bending cyclic C-N stretching 25.24%; ring-site N-H out-of-plane bending 21.56%; C-C-C bending 11.01%; cyclic-ring torsional/out-of-plane deformation 7.68%
   21      897.98          --                 --  mixed cyclic C-N stretching / ring-site N-H out-of-plane bending cyclic C-N stretching 38.15%; ring-site N-H out-of-plane bending 16.47%; C-C torsion 8.58%; cyclic-ring out-of-plane deformation 7.48%
   22      939.17          --                 --  mixed C-H bending / mixed-phase exocyclic C-C stretching / C-C torsion C-H bending 25.61%; mixed-phase exocyclic C-C stretching 22.62%; C-C torsion 15.60%; cyclic C-N stretching 15.39%
   23      980.42          --                 --  mixed ring-site N-H out-of-plane bending / ring-site C-H in-plane bending ring-site N-H out-of-plane bending 27.46%; ring-site C-H in-plane bending 24.14%; ring-site C-H out-of-plane bending 13.08%; mixed-phase exocyclic C-C stretching 10.13%
   24     1037.60          --                 --  mixed ring-site N-H out-of-plane bending / ring-site C-H out-of-plane bending ring-site N-H out-of-plane bending 17.02%; ring-site C-H out-of-plane bending 16.38%; C-H bending 13.43%; mixed-phase exocyclic C-C stretching 10.63%
   25     1072.31          --                 --  mixed ring-site N-H out-of-plane bending / cyclic-ring out-of-plane deformation ring-site N-H out-of-plane bending 49.80%; cyclic-ring out-of-plane deformation 22.99%; C-O stretching 8.75%; exocyclic C-C stretching 6.10%
   26     1081.17          --                 --  mixed cyclic-ring out-of-plane deformation / ring-site N-H out-of-plane bending / C-O stretching cyclic-ring out-of-plane deformation 28.90%; ring-site N-H out-of-plane bending 27.38%; C-O stretching 24.04%; C-H bending 6.74%
   27     1190.42          --                 --  mixed C-H bending / O-H bending                                C-H bending 36.38%; O-H bending 13.23%; ring-site N-H out-of-plane bending 8.76%; cyclic-ring out-of-plane deformation 8.31%
   28     1209.84          --                 --  mixed ring-site N-H out-of-plane bending / ring-site C-H in-plane bending ring-site N-H out-of-plane bending 66.53%; ring-site C-H in-plane bending 22.58%; cyclic-ring out-of-plane deformation 4.50%
   29     1294.17          --                 --  mixed cyclic C-N stretching / ring-site C-H in-plane bending   cyclic C-N stretching 19.10%; ring-site C-H in-plane bending 17.36%; C-H bending 14.60%; O-H bending 12.06%
   30     1320.46          --                 --  mixed cyclic-ring out-of-plane deformation / mixed-phase exocyclic C-C stretching cyclic-ring out-of-plane deformation 34.01%; mixed-phase exocyclic C-C stretching 17.70%; ring-site C-H in-plane bending 14.04%; ring-site N-H out-of-plane bending 9.14%
   31     1395.31          --                 --  mixed C-H bending / O-H bending                                C-H bending 58.66%; O-H bending 14.97%; ring-site C-H in-plane bending 9.79%; C-C torsion 8.23%
   32     1423.86          --                 --  C-H bending                                                    C-H bending 82.88%; C-C torsion 5.25%; O-H bending 3.84%; exocyclic C-C stretching 3.69%
   33     1436.80          --                 --  mixed ring-site C-H in-plane bending / C-H bending             ring-site C-H in-plane bending 48.97%; C-H bending 10.07%; ring-site C-H out-of-plane bending 9.68%; in-phase cyclic C-N stretching 8.02%
   34     1498.25          --                 --  C-H bending                                                    C-H bending 83.35%; C-C torsion 15.14%
   35     2356.93          --                 --  C-N stretching                                                 C-N stretching 89.75%; exocyclic C-C stretching 10.06%
   36     2368.19          --                 --  C-N stretching                                                 C-N stretching 89.50%; exocyclic C-C stretching 10.40%
   37     3044.87          --                 --  C-H stretching                                                 C-H stretching 99.28%
   38     3114.52          --                 --  mixed-phase C-H stretching                                     mixed-phase C-H stretching 98.94%
   39     3151.51          --                 --  ring-site C-H stretching                                       ring-site C-H stretching 99.18%
   40     3504.93          --                 --  ring-site N-H stretching                                       ring-site N-H stretching 99.64%
   41     3791.55          --                 --  O-H stretching                                                 O-H stretching 99.91%

# Selected internal-coordinate set:
#   1  nu(C2-H11)
#   2  nu(C3-N4)
#   3  nu(C5-C6)
#   4  nu(C8-N9)
#   5  nu(O1-H10)
#   6  nu(C2-H12)
#   7  nu(N4-H13)
#   8  delta_lin1(C5-C6-N7)
#   9  delta_lin2(C5-C6-N7)
#  10  delta_lin2(C3-C8-N9)
#  11  delta_lin1(C3-C8-N9)
#  12  nu(O1-C2)
#  13  nu(C5-H14)
#  14  tau(H10-O1-C2-H12)
#  15  tau(C2-C3-N4-H13)
#  16  gamma(C3;N4,C5,H13)
#  17  nu(C2-C3)
#  18  nu(C6-N7)
#  19  tau(H13-N4-C5-H14)
#  20  delta(C2-O1-H10)
#  21  tau(C2-C3-C5-H14)
#  22  delta(O1-C2-H11)
#  23  delta(O1-C2-H12)
#  24  delta(H11-C2-H12)
#  25  nu(N4-C5)
#  26  nu(C3-C8)
#  27  delta(C3-C2-H11)
#  28  tau(C2-C3-C5-N4)
#  29  delta(C3-C5-C6)
#  30  tau(N4-C3-C5-C6)
#  31  delta(C3-C5-H14)
#  32  tau(H11-C2-C3-C8)
#  33  delta(C2-C3-C8)
#  34  delta(O1-C2-C3)
#  35  tau(H12-C2-C3-N4)
#  36  delta(C5-C3-C8)

Wrote: /local/scratch/mv487/qm9s/experiment_1_phase2/ped/97096/97096_summary.csv
Wrote: /local/scratch/mv487/qm9s/experiment_1_phase2/ped/97096/97096_families.csv
Wrote: /local/scratch/mv487/qm9s/experiment_1_phase2/ped/97096/97096_ped.csv
Wrote: /local/scratch/mv487/qm9s/experiment_1_phase2/ped/97096/97096_ir_transitions.csv

# All generated files are in: /local/scratch/mv487/qm9s/experiment_1_phase2/ped/97096
# Manifest: /local/scratch/mv487/qm9s/experiment_1_phase2/ped/97096/97096_manifest.txt

--- stderr ---
Normal modes/frequencies absent or incomplete: diagonalizing Hessian.
