# Contact: romi@lens.unifi.it
# Manual: https://github.com/SebRoLENS/orca-ped-analyzer/blob/main/docs/ORCA_PED_Analyzer_Manual.md
# Check GitHub for updates and new releases: https://github.com/SebRoLENS/orca-ped-analyzer
#
# Molecule: 21 atoms | non-linear
# Bonds inferred: 22 | candidate ICs: 222 | selected ICs: 57
# Cartesian-Hessian reconstruction relative error: 7.691e-05
# Energy distribution: PED (PED is the backward-compatible default; TED includes kinetic-energy terms)
# Ring/cycle bonds detected: 8 | ring atoms: 7 | ring systems: 1
# VPT2: no matching .out file supplied/found -> harmonic/PED analysis only
#
 Mode   Harm/cm-1   VPT2/cm-1  Harm.Int/km mol-1  Assignment                                                     Grouped PED
------------------------------------------------------------------------------------------------------------------------------------------------------------------------------------------------
    6       92.68          --                 --  mixed ring-site C-H out-of-plane bending / C-C torsion         ring-site C-H out-of-plane bending 60.05%; C-C torsion 21.56%; cyclic-ring torsional/out-of-plane deformation 17.50%
    7      106.84          --                 --  mixed ring-site C-H out-of-plane bending / cyclic-ring torsional/out-of-plane deformation ring-site C-H out-of-plane bending 61.77%; cyclic-ring torsional/out-of-plane deformation 31.34%; C-C torsion 5.45%
    8      215.55          --                 --  C-C torsion                                                    C-C torsion 98.88%
    9      227.96          --                 --  mixed ring-site C-H out-of-plane bending / C-C torsion         ring-site C-H out-of-plane bending 37.93%; C-C torsion 31.38%; cyclic-ring torsional/out-of-plane deformation 11.04%; cyclic-ring deformation (C-C-C bend) 10.91%
   10      251.41          --                 --  mixed C-C torsion / ring-site C-H out-of-plane bending         C-C torsion 46.80%; ring-site C-H out-of-plane bending 13.06%; C-O torsion 12.09%; C-C-C bending 11.22%
   11      267.43          --                 --  C-C torsion                                                    C-C torsion 87.83%; C-C-C bending 5.01%; ring-site C-H out-of-plane bending 2.49%
   12      362.41          --                 --  mixed ring-site C-H out-of-plane bending / C-C torsion         ring-site C-H out-of-plane bending 40.04%; C-C torsion 20.80%; cyclic-ring torsional/out-of-plane deformation 14.93%; C-C-O bending 14.72%
   13      424.03          --                 --  mixed C-C-O bending / ring-site C-H out-of-plane bending       C-C-O bending 46.84%; ring-site C-H out-of-plane bending 27.44%; C-H bending 7.84%; C-C torsion 5.06%
   14      448.87          --                 --  mixed ring-site C-H out-of-plane bending / C-C torsion         ring-site C-H out-of-plane bending 41.76%; C-C torsion 23.80%; C-C-O bending 8.40%; cyclic-ring deformation (C-C-C bend) 8.04%
   15      526.46          --                 --  mixed cyclic-ring torsional/out-of-plane deformation / C-C torsion cyclic-ring torsional/out-of-plane deformation 27.88%; C-C torsion 16.92%; C-C-O bending 12.15%; ring-site C-H out-of-plane bending 9.54%
   16      614.16          --                 --  mixed cyclic-ring deformation (C-C-C bend) / cyclic-ring out-of-plane deformation / C-C torsion cyclic-ring deformation (C-C-C bend) 29.76%; cyclic-ring out-of-plane deformation 22.75%; C-C torsion 16.11%; ring-site C-H out-of-plane bending 9.79%
   17      725.87          --                 --  mixed ring-site C-H out-of-plane bending / C-C torsion         ring-site C-H out-of-plane bending 35.15%; C-C torsion 32.81%; C-H bending 10.21%; ring-site C-H in-plane bending 9.03%
   18      731.27          --                 --  mixed ring-site C-H out-of-plane bending / cyclic-ring out-of-plane deformation ring-site C-H out-of-plane bending 48.56%; cyclic-ring out-of-plane deformation 14.80%; cyclic C-C stretching 12.68%; cyclic-ring deformation (C-C-C bend) 6.68%
   19      748.58          --                 --  mixed ring-site C-H out-of-plane bending / C-C torsion         ring-site C-H out-of-plane bending 40.15%; C-C torsion 24.34%; C-H bending 8.54%; cyclic-ring torsional/out-of-plane deformation 5.88%
   20      781.13          --                 --  mixed ring-site C-H out-of-plane bending / C-C torsion         ring-site C-H out-of-plane bending 43.23%; C-C torsion 12.83%; cyclic-ring out-of-plane deformation 6.84%; C-H bending 6.61%
   21      851.36          --                 --  mixed mixed-phase cyclic C-C stretching / ring-site C-H out-of-plane bending / cyclic-ring out-of-plane deformation mixed-phase cyclic C-C stretching 31.32%; ring-site C-H out-of-plane bending 17.60%; cyclic-ring out-of-plane deformation 15.40%; C-C torsion 12.67%
   22      866.56          --                 --  mixed ring-site C-H out-of-plane bending / mixed-phase cyclic C-C stretching ring-site C-H out-of-plane bending 34.24%; mixed-phase cyclic C-C stretching 26.53%; cyclic-ring torsional/out-of-plane deformation 12.99%; cyclic C-O stretching 7.52%
   23      906.14          --                 --  mixed C-H bending / ring-site C-H out-of-plane bending / mixed-phase cyclic C-C stretching C-H bending 22.06%; ring-site C-H out-of-plane bending 18.57%; mixed-phase cyclic C-C stretching 17.83%; cyclic C-O stretching 14.15%
   24      916.70          --                 --  mixed mixed-phase cyclic C-C stretching / ring-site C-H out-of-plane bending mixed-phase cyclic C-C stretching 34.76%; ring-site C-H out-of-plane bending 18.85%; cyclic-ring out-of-plane deformation 13.87%; cyclic-ring deformation (C-C-C bend) 10.33%
   25      957.30          --                 --  cyclic C-C stretching                                          cyclic C-C stretching 71.09%; ring-site C-H out-of-plane bending 16.88%; cyclic-ring out-of-plane deformation 4.01%; cyclic-ring deformation (C-C-C bend) 2.78%
   26     1005.81          --                 --  mixed ring-site C-H out-of-plane bending / cyclic-ring deformation (C-C-C bend) / mixed-phase cyclic C-C stretching ring-site C-H out-of-plane bending 29.19%; cyclic-ring deformation (C-C-C bend) 17.36%; mixed-phase cyclic C-C stretching 15.05%; C-H bending 11.09%
   27     1030.80          --                 --  mixed cyclic C-C stretching / C-H bending                      cyclic C-C stretching 29.49%; C-H bending 28.61%; C-C torsion 10.82%; cyclic C-O stretching 9.22%
   28     1066.73          --                 --  mixed C-H bending / C-C torsion                                C-H bending 38.85%; C-C torsion 18.77%; exocyclic C-O stretching 11.38%; ring-site C-H out-of-plane bending 8.27%
   29     1077.66          --                 --  mixed ring-site C-H out-of-plane bending / C-H bending         ring-site C-H out-of-plane bending 30.91%; C-H bending 17.73%; mixed-phase cyclic C-O stretching 10.62%; exocyclic C-C stretching 9.42%
   30     1103.52          --                 --  mixed C-H bending / ring-site C-H out-of-plane bending         C-H bending 32.54%; ring-site C-H out-of-plane bending 13.34%; mixed-phase cyclic C-C stretching 10.85%; cyclic C-O stretching 9.91%
   31     1111.00          --                 --  mixed cyclic C-C stretching / C-C torsion / C-H bending        cyclic C-C stretching 16.86%; C-C torsion 16.55%; C-H bending 15.83%; ring-site C-H out-of-plane bending 13.82%
   32     1142.53          --                 --  mixed ring-site C-H out-of-plane bending / mixed-phase cyclic C-C stretching ring-site C-H out-of-plane bending 24.70%; mixed-phase cyclic C-C stretching 13.24%; exocyclic C-O stretching 12.49%; C-H bending 10.03%
   33     1159.73          --                 --  mixed C-H bending / C-C-O bending                              C-H bending 27.78%; C-C-O bending 10.95%; cyclic-ring out-of-plane deformation 10.92%; ring-site C-H out-of-plane bending 10.43%
   34     1206.57          --                 --  mixed ring-site C-H out-of-plane bending / cyclic-ring out-of-plane deformation / mixed-phase cyclic C-C stretching ring-site C-H out-of-plane bending 48.62%; cyclic-ring out-of-plane deformation 21.74%; mixed-phase cyclic C-C stretching 16.17%; ring-site C-H in-plane bending 8.74%
   35     1222.43          --                 --  mixed ring-site C-H out-of-plane bending / ring-site C-H in-plane bending ring-site C-H out-of-plane bending 59.32%; ring-site C-H in-plane bending 15.54%; cyclic-ring out-of-plane deformation 10.80%; cyclic-ring torsional/out-of-plane deformation 5.10%
   36     1236.39          --                 --  mixed ring-site C-H out-of-plane bending / O-H bending / ring-site C-H in-plane bending ring-site C-H out-of-plane bending 36.43%; O-H bending 22.18%; ring-site C-H in-plane bending 17.40%; cyclic-ring out-of-plane deformation 14.74%
   37     1258.19          --                 --  mixed ring-site C-H out-of-plane bending / cyclic-ring out-of-plane deformation ring-site C-H out-of-plane bending 57.69%; cyclic-ring out-of-plane deformation 29.25%; ring-site C-H in-plane bending 5.85%
   38     1273.46          --                 --  mixed ring-site C-H out-of-plane bending / mixed-phase cyclic C-C stretching ring-site C-H out-of-plane bending 66.22%; mixed-phase cyclic C-C stretching 11.70%; cyclic-ring out-of-plane deformation 6.29%; cyclic-ring deformation (C-C-C bend) 6.17%
   39     1282.00          --                 --  mixed ring-site C-H out-of-plane bending / cyclic-ring out-of-plane deformation ring-site C-H out-of-plane bending 41.42%; cyclic-ring out-of-plane deformation 40.48%; mixed-phase cyclic C-C stretching 10.41%; ring-site C-H in-plane bending 4.70%
   40     1307.01          --                 --  mixed ring-site C-H out-of-plane bending / C-H bending         ring-site C-H out-of-plane bending 54.71%; C-H bending 11.56%; mixed-phase cyclic C-C stretching 10.98%; C-C torsion 10.91%
   41     1344.12          --                 --  mixed ring-site C-H out-of-plane bending / ring-site C-H in-plane bending ring-site C-H out-of-plane bending 57.64%; ring-site C-H in-plane bending 17.47%; C-C torsion 10.19%; cyclic-ring out-of-plane deformation 9.07%
   42     1354.50          --                 --  mixed ring-site C-H out-of-plane bending / ring-site C-H in-plane bending ring-site C-H out-of-plane bending 55.51%; ring-site C-H in-plane bending 15.92%; C-H bending 8.98%; opposite-phase cyclic C-C stretching 8.79%
   43     1371.87          --                 --  mixed ring-site C-H out-of-plane bending / ring-site C-H in-plane bending ring-site C-H out-of-plane bending 48.30%; ring-site C-H in-plane bending 24.57%; C-H bending 8.51%; C-C torsion 5.08%
   44     1394.42          --                 --  C-H bending                                                    C-H bending 77.99%; C-C torsion 10.20%; ring-site C-H out-of-plane bending 4.57%
   45     1412.70          --                 --  C-H bending                                                    C-H bending 88.71%; C-C torsion 3.63%; ring-site C-H in-plane bending 2.68%
   46     1427.87          --                 --  mixed ring-site C-H out-of-plane bending / C-H bending         ring-site C-H out-of-plane bending 49.15%; C-H bending 31.75%; ring-site C-H in-plane bending 5.97%; O-H bending 4.08%
   47     1475.67          --                 --  ring-site C-H out-of-plane bending                             ring-site C-H out-of-plane bending 72.52%; C-C torsion 15.13%; ring-site C-H in-plane bending 6.11%; C-H bending 4.04%
   48     1490.23          --                 --  mixed C-H bending / C-C torsion                                C-H bending 69.40%; C-C torsion 28.77%
   49     1496.16          --                 --  mixed C-C torsion / C-H bending                                C-C torsion 69.03%; C-H bending 22.14%; ring-site C-H out-of-plane bending 7.13%
   50     1508.00          --                 --  mixed ring-site C-H out-of-plane bending / C-H bending / C-C torsion ring-site C-H out-of-plane bending 37.47%; C-H bending 35.39%; C-C torsion 20.77%; ring-site C-H in-plane bending 4.36%
   51     3000.13          --                 --  mixed-phase ring-site C-H stretching                           mixed-phase ring-site C-H stretching 98.92%
   52     3029.28          --                 --  ring-site C-H stretching                                       ring-site C-H stretching 94.64%; in-phase C-H stretching 3.84%
   53     3044.62          --                 --  C-H stretching                                                 C-H stretching 96.63%; ring-site C-H stretching 2.75%
   54     3059.26          --                 --  mixed-phase ring-site C-H stretching                           mixed-phase ring-site C-H stretching 99.02%
   55     3076.40          --                 --  ring-site C-H stretching                                       ring-site C-H stretching 99.24%
   56     3078.14          --                 --  mixed-phase ring-site C-H stretching                           mixed-phase ring-site C-H stretching 97.74%
   57     3096.66          --                 --  ring-site C-H stretching                                       ring-site C-H stretching 98.63%
   58     3103.91          --                 --  opposite-phase C-H stretching                                  opposite-phase C-H stretching 97.34%
   59     3109.67          --                 --  mixed-phase ring-site C-H stretching                           mixed-phase ring-site C-H stretching 97.73%
   60     3126.77          --                 --  mixed mixed-phase C-H stretching / mixed-phase ring-site C-H stretching mixed-phase C-H stretching 53.26%; mixed-phase ring-site C-H stretching 45.55%
   61     3132.00          --                 --  mixed mixed-phase ring-site C-H stretching / mixed-phase C-H stretching mixed-phase ring-site C-H stretching 54.36%; mixed-phase C-H stretching 44.57%
   62     3816.71          --                 --  O-H stretching                                                 O-H stretching 99.94%

# Selected internal-coordinate set:
#   1  nu(C1-C2)
#   2  nu(O3-C4)
#   3  nu(C5-C6)
#   4  nu(C7-C8)
#   5  nu(O9-H21)
#   6  nu(C4-H14)
#   7  nu(C2-H13)
#   8  nu(C8-H20)
#   9  nu(C1-H11)
#  10  nu(C7-H19)
#  11  nu(C5-H15)
#  12  nu(C6-H17)
#  13  nu(C1-H12)
#  14  tau(H15-C5-C6-H17)
#  15  tau(H19-C7-C8-H20)
#  16  nu(C2-O3)
#  17  gamma(C7;C4,O3,H14)
#  18  nu(C1-H10)
#  19  delta(C8-O9-H21)
#  20  nu(C6-H18)
#  21  nu(C5-H16)
#  22  tau(C7-C8-O9-H21)
#  23  tau(H10-C1-C2-H13)
#  24  tau(C6-C7-C8-H20)
#  25  tau(H15-C5-C6-H18)
#  26  delta(H11-C1-H12)
#  27  delta(C7-C8-H20)
#  28  delta(C4-C5-H16)
#  29  delta(O3-C4-H14)
#  30  delta(C1-C2-H13)
#  31  tau(H18-C6-C7-H19)
#  32  tau(C7-C4-C5-H16)
#  33  delta(C2-C1-H11)
#  34  delta(C5-C6-H17)
#  35  nu(C8-O9)
#  36  delta(C2-C1-H10)
#  37  delta(C2-C1-H12)
#  38  tau(C7-C4-C5-H15)
#  39  tau(O3-C4-C7-H19)
#  40  tau(C4-C7-C8-O9)
#  41  tau(C2-O3-C4-H14)
#  42  tau(H12-C1-C2-O3)
#  43  nu(C4-C5)
#  44  delta(C6-C7-C8)
#  45  nu(C2-C8)
#  46  tau(H11-C1-C2-C8)
#  47  gamma(C7;C4,O3,C5)
#  48  nu(C6-C7)
#  49  tau(H10-C1-C2-O3)
#  50  tau(C4-C5-C6-H17)
#  51  nu(C4-C7)
#  52  delta(C7-C8-O9)
#  53  delta(C1-C2-C8)
#  54  tau(C5-C6-C7-C8)
#  55  delta(C5-C4-C7)
#  56  delta(C1-C2-O3)
#  57  tau(C1-C2-C8-C7)

Wrote: /local/scratch/mv487/qm9s/experiment_1_phase2/ped/127814/127814_summary.csv
Wrote: /local/scratch/mv487/qm9s/experiment_1_phase2/ped/127814/127814_families.csv
Wrote: /local/scratch/mv487/qm9s/experiment_1_phase2/ped/127814/127814_ped.csv
Wrote: /local/scratch/mv487/qm9s/experiment_1_phase2/ped/127814/127814_ir_transitions.csv

# All generated files are in: /local/scratch/mv487/qm9s/experiment_1_phase2/ped/127814
# Manifest: /local/scratch/mv487/qm9s/experiment_1_phase2/ped/127814/127814_manifest.txt

--- stderr ---
Normal modes/frequencies absent or incomplete: diagonalizing Hessian.
