# Contact: romi@lens.unifi.it
# Manual: https://github.com/SebRoLENS/orca-ped-analyzer/blob/main/docs/ORCA_PED_Analyzer_Manual.md
# Check GitHub for updates and new releases: https://github.com/SebRoLENS/orca-ped-analyzer
#
# Molecule: 17 atoms | non-linear
# Bonds inferred: 17 | candidate ICs: 127 | selected ICs: 45
# Cartesian-Hessian reconstruction relative error: 1.628e-05
# Energy distribution: PED (PED is the backward-compatible default; TED includes kinetic-energy terms)
# Ring/cycle bonds detected: 6 | ring atoms: 6 | ring systems: 1
# VPT2: no matching .out file supplied/found -> harmonic/PED analysis only
#
 Mode   Harm/cm-1   VPT2/cm-1  Harm.Int/km mol-1  Assignment                                                     Grouped PED
------------------------------------------------------------------------------------------------------------------------------------------------------------------------------------------------
    6       59.79          --                 --  mixed C-N torsion / cyclic-ring torsional/out-of-plane deformation C-N torsion 61.05%; cyclic-ring torsional/out-of-plane deformation 13.85%; ring-site C-H out-of-plane bending 9.79%; cyclic-ring deformation (C-C-C bend) 8.73%
    7      100.91          --                 --  cyclic-ring torsional/out-of-plane deformation                 cyclic-ring torsional/out-of-plane deformation 72.36%; ring-site C-H out-of-plane bending 15.40%; cyclic-ring out-of-plane deformation 5.08%; cyclic-ring deformation (C-C-C bend) 3.72%
    8      151.03          --                 --  ring-site C-H out-of-plane bending                             ring-site C-H out-of-plane bending 83.29%; cyclic-ring out-of-plane deformation 4.92%; cyclic-ring deformation (C-N-C bend) 3.70%; C-N torsion 2.37%
    9      180.21          --                 --  mixed N-C-C bending / C-N-C bending                            N-C-C bending 29.03%; C-N-C bending 17.14%; ring-site C-H out-of-plane bending 13.69%; C-N torsion 13.43%
   10      225.60          --                 --  mixed ring-site C-H out-of-plane bending / C-N torsion / cyclic-ring deformation (C-C-C bend) ring-site C-H out-of-plane bending 32.34%; C-N torsion 22.06%; cyclic-ring deformation (C-C-C bend) 19.68%; N-C-C bending 13.61%
   11      303.17          --                 --  mixed C-N-C bending / cyclic-ring deformation (C-C-C bend)     C-N-C bending 26.07%; cyclic-ring deformation (C-C-C bend) 17.90%; ring-site C-H out-of-plane bending 14.33%; C-N out-of-plane bending 12.74%
   12      358.74          --                 --  mixed C-N-C bending / cyclic-ring out-of-plane deformation     C-N-C bending 21.14%; cyclic-ring out-of-plane deformation 16.81%; ring-site C-H out-of-plane bending 14.67%; ring-site C-H in-plane bending 12.92%
   13      447.67          --                 --  mixed cyclic-ring deformation (C-O-C bend) / cyclic-ring deformation (C-N-C bend) cyclic-ring deformation (C-O-C bend) 45.57%; cyclic-ring deformation (C-N-C bend) 24.96%; ring-site C-H out-of-plane bending 6.81%; C-N-C bending 5.08%
   14      486.55          --                 --  ring-site C-H out-of-plane bending                             ring-site C-H out-of-plane bending 78.78%; cyclic-ring out-of-plane deformation 7.62%; ring-site C-H in-plane bending 5.54%
   15      563.95          --                 --  mixed O-C-O bending / cyclic C-O stretching                    O-C-O bending 27.49%; cyclic C-O stretching 11.46%; C-N-C bending 10.42%; cyclic-ring deformation (C-N-C bend) 9.50%
   16      625.87          --                 --  mixed cyclic-ring out-of-plane deformation / cyclic C-C stretching cyclic-ring out-of-plane deformation 30.43%; cyclic C-C stretching 12.01%; ring-site C-H out-of-plane bending 10.15%; cyclic-ring deformation (C-C-C bend) 9.87%
   17      694.65          --                 --  mixed C-N out-of-plane bending / N-H bending                   C-N out-of-plane bending 38.77%; N-H bending 10.97%; exocyclic C-N stretching 10.29%; cyclic-ring out-of-plane deformation 8.93%
   18      748.93          --                 --  mixed C-N out-of-plane bending / cyclic-ring out-of-plane deformation C-N out-of-plane bending 23.44%; cyclic-ring out-of-plane deformation 22.14%; cyclic-ring torsional/out-of-plane deformation 11.78%; N-H bending 10.00%
   19      800.07          --                 --  mixed cyclic C-O stretching / cyclic C-C stretching            cyclic C-O stretching 31.22%; cyclic C-C stretching 14.95%; cyclic-ring out-of-plane deformation 12.36%; cyclic-ring deformation (C-N-C bend) 10.57%
   20      861.09          --                 --  mixed ring-site C-H in-plane bending / mixed-phase cyclic C-C stretching ring-site C-H in-plane bending 41.57%; mixed-phase cyclic C-C stretching 12.02%; exocyclic C-N stretching 8.05%; ring-site C-H out-of-plane bending 7.66%
   21      895.05          --                 --  mixed cyclic C-N stretching / ring-site C-H in-plane bending   cyclic C-N stretching 38.39%; ring-site C-H in-plane bending 10.54%; opposite-phase cyclic C-O stretching 9.84%; cyclic-ring deformation (C-N-C bend) 9.26%
   22      948.98          --                 --  mixed cyclic-ring out-of-plane deformation / ring-site C-H out-of-plane bending cyclic-ring out-of-plane deformation 56.52%; ring-site C-H out-of-plane bending 23.23%; ring-site C-H in-plane bending 7.61%; cyclic-ring deformation (C-N-C bend) 5.14%
   23      974.96          --                 --  mixed ring-site C-H in-plane bending / cyclic-ring out-of-plane deformation ring-site C-H in-plane bending 17.57%; cyclic-ring out-of-plane deformation 13.33%; cyclic-ring deformation (C-O-C bend) 12.51%; cyclic-ring deformation (C-N-C bend) 11.60%
   24     1014.99          --                 --  mixed cyclic C-N stretching / cyclic-ring out-of-plane deformation / cyclic C-C stretching cyclic C-N stretching 20.93%; cyclic-ring out-of-plane deformation 19.42%; cyclic C-C stretching 15.89%; ring-site C-H in-plane bending 12.56%
   25     1032.31          --                 --  mixed C-H bending / ring-site C-H in-plane bending             C-H bending 22.29%; ring-site C-H in-plane bending 20.42%; ring-site C-H out-of-plane bending 8.53%; mixed-phase cyclic C-O stretching 8.18%
   26     1080.85          --                 --  mixed mixed-phase cyclic C-O stretching / ring-site C-H in-plane bending mixed-phase cyclic C-O stretching 60.51%; ring-site C-H in-plane bending 9.10%; C-N stretching 8.26%; cyclic C-N stretching 7.22%
   27     1114.31          --                 --  mixed C-N stretching / C-H bending                             C-N stretching 34.45%; C-H bending 16.42%; exocyclic C-N stretching 11.64%; opposite-phase cyclic C-C stretching 11.03%
   28     1153.12          --                 --  mixed C-H bending / C-N stretching                             C-H bending 67.70%; C-N stretching 9.75%; C-N out-of-plane bending 7.61%; exocyclic C-N stretching 5.64%
   29     1165.54          --                 --  mixed ring-site C-H in-plane bending / cyclic C-C stretching   ring-site C-H in-plane bending 22.58%; cyclic C-C stretching 15.50%; exocyclic C-N stretching 14.03%; cyclic-ring deformation (C-C-C bend) 12.63%
   30     1195.57          --                 --  mixed C-H bending / ring-site C-H in-plane bending             C-H bending 39.93%; ring-site C-H in-plane bending 9.50%; mixed-phase cyclic C-C stretching 9.48%; cyclic-ring out-of-plane deformation 7.33%
   31     1260.08          --                 --  ring-site C-H in-plane bending                                 ring-site C-H in-plane bending 74.60%; ring-site C-H out-of-plane bending 9.25%; C-H bending 4.85%; exocyclic C-N stretching 4.63%
   32     1292.39          --                 --  ring-site C-H in-plane bending                                 ring-site C-H in-plane bending 71.37%; mixed-phase cyclic C-C stretching 12.36%; ring-site C-H out-of-plane bending 4.92%; C-H bending 3.34%
   33     1361.35          --                 --  mixed ring-site C-H out-of-plane bending / ring-site C-H in-plane bending ring-site C-H out-of-plane bending 35.85%; ring-site C-H in-plane bending 33.60%; C-H bending 12.88%; N-H bending 7.85%
   34     1377.77          --                 --  ring-site C-H in-plane bending                                 ring-site C-H in-plane bending 76.03%; ring-site C-H out-of-plane bending 7.52%; cyclic C-N stretching 4.64%; cyclic C-C stretching 3.85%
   35     1403.51          --                 --  ring-site C-H in-plane bending                                 ring-site C-H in-plane bending 89.56%; cyclic C-N stretching 3.75%; cyclic C-O stretching 3.01%
   36     1463.53          --                 --  C-H bending                                                    C-H bending 97.07%
   37     1481.07          --                 --  C-H bending                                                    C-H bending 76.38%; ring-site C-H in-plane bending 13.01%; ring-site C-H out-of-plane bending 8.98%
   38     1496.39          --                 --  C-H bending                                                    C-H bending 90.89%; ring-site C-H in-plane bending 3.39%; ring-site C-H out-of-plane bending 2.16%
   39     1503.63          --                 --  mixed C-H bending / N-H bending                                C-H bending 69.60%; N-H bending 20.66%; C-N out-of-plane bending 2.65%; ring-site C-H out-of-plane bending 2.29%
   40     1525.81          --                 --  C-H bending                                                    C-H bending 79.59%; N-H bending 14.85%
   41     1728.92          --                 --  cyclic C-N stretching                                          cyclic C-N stretching 86.23%; cyclic C-O stretching 4.73%; cyclic-ring deformation (C-O-C bend) 3.33%; ring-site C-H in-plane bending 2.91%
   42     1871.53          --                 --  exocyclic C-O stretching                                       exocyclic C-O stretching 83.98%; cyclic C-C stretching 5.92%; cyclic-ring deformation (C-O-C bend) 3.10%; O-C-O bending 2.96%
   43     2960.32          --                 --  C-H stretching                                                 C-H stretching 99.41%
   44     3018.50          --                 --  ring-site C-H stretching                                       ring-site C-H stretching 99.35%
   45     3064.76          --                 --  mixed-phase C-H stretching                                     mixed-phase C-H stretching 99.40%
   46     3085.62          --                 --  mixed-phase ring-site C-H stretching                           mixed-phase ring-site C-H stretching 98.91%
   47     3094.52          --                 --  ring-site C-H stretching                                       ring-site C-H stretching 98.11%
   48     3109.75          --                 --  mixed-phase C-H stretching                                     mixed-phase C-H stretching 98.65%
   49     3189.05          --                 --  ring-site C-H stretching                                       ring-site C-H stretching 99.01%
   50     3525.51          --                 --  N-H stretching                                                 N-H stretching 99.63%

# Selected internal-coordinate set:
#   1  nu(C1-N2)
#   2  nu(C3-C4)
#   3  nu(N5-C6)
#   4  nu(O7-C8)
#   5  nu(C1-H10)
#   6  nu(C4-H16)
#   7  nu(N2-H13)
#   8  nu(C3-H14)
#   9  nu(C8-O9)
#  10  nu(C1-H12)
#  11  nu(C4-H15)
#  12  nu(C6-H17)
#  13  gamma(O7;C6,N5,H17)
#  14  gamma(O7;C8,C3,O9)
#  15  nu(C1-H11)
#  16  gamma(C3;N2,C1,H13)
#  17  nu(C4-N5)
#  18  tau(H14-C3-C4-N5)
#  19  delta(O7-C8-O9)
#  20  delta(H10-C1-H11)
#  21  delta(H15-C4-H16)
#  22  delta(C1-N2-H13)
#  23  delta(N5-C6-H17)
#  24  delta(H10-C1-H12)
#  25  delta(C4-C3-H14)
#  26  delta(H11-C1-H12)
#  27  delta(C3-C4-H16)
#  28  delta(C6-O7-C8)
#  29  delta(C3-C4-H15)
#  30  tau(H17-C6-O7-C8)
#  31  nu(C3-C8)
#  32  nu(C6-O7)
#  33  delta(N5-C4-H15)
#  34  delta(N2-C1-H12)
#  35  delta(C4-N5-C6)
#  36  nu(N2-C3)
#  37  delta(N2-C1-H10)
#  38  gamma(C4;C3,N2,C8)
#  39  tau(H16-C4-N5-C6)
#  40  tau(H10-C1-N2-C3)
#  41  delta(N2-C3-C8)
#  42  delta(C1-N2-C3)
#  43  tau(C1-N2-C3-C8)
#  44  delta(C4-C3-C8)
#  45  tau(N2-C3-C8-O7)

Wrote: /local/scratch/mv487/qm9s/experiment_1_phase2/ped/106438/106438_summary.csv
Wrote: /local/scratch/mv487/qm9s/experiment_1_phase2/ped/106438/106438_families.csv
Wrote: /local/scratch/mv487/qm9s/experiment_1_phase2/ped/106438/106438_ped.csv
Wrote: /local/scratch/mv487/qm9s/experiment_1_phase2/ped/106438/106438_ir_transitions.csv

# All generated files are in: /local/scratch/mv487/qm9s/experiment_1_phase2/ped/106438
# Manifest: /local/scratch/mv487/qm9s/experiment_1_phase2/ped/106438/106438_manifest.txt

--- stderr ---
Normal modes/frequencies absent or incomplete: diagonalizing Hessian.
