# Contact: romi@lens.unifi.it
# Manual: https://github.com/SebRoLENS/orca-ped-analyzer/blob/main/docs/ORCA_PED_Analyzer_Manual.md
# Check GitHub for updates and new releases: https://github.com/SebRoLENS/orca-ped-analyzer
#
# Molecule: 18 atoms | non-linear
# Bonds inferred: 20 | candidate ICs: 190 | selected ICs: 48
# Cartesian-Hessian reconstruction relative error: 2.684e-05
# Energy distribution: PED (PED is the backward-compatible default; TED includes kinetic-energy terms)
# Ring/cycle bonds detected: 10 | ring atoms: 8 | ring systems: 1
# VPT2: no matching .out file supplied/found -> harmonic/PED analysis only
#
 Mode   Harm/cm-1   VPT2/cm-1  Harm.Int/km mol-1  Assignment                                                     Grouped PED
------------------------------------------------------------------------------------------------------------------------------------------------------------------------------------------------
    6      126.64          --                 --  mixed ring-site C-H out-of-plane bending / cyclic-ring torsional/out-of-plane deformation ring-site C-H out-of-plane bending 51.39%; cyclic-ring torsional/out-of-plane deformation 26.89%; cyclic-ring deformation (C-C-N bend) 9.08%; cyclic-ring out-of-plane deformation 8.77%
    7      178.83          --                 --  mixed C-C torsion / ring-site C-H out-of-plane bending / cyclic-ring out-of-plane deformation C-C torsion 41.28%; ring-site C-H out-of-plane bending 29.13%; cyclic-ring out-of-plane deformation 18.58%; cyclic-ring deformation (N-C-C bend) 3.55%
    8      214.31          --                 --  ring-site C-H out-of-plane bending                             ring-site C-H out-of-plane bending 73.42%; cyclic-ring out-of-plane deformation 18.51%; C-C torsion 2.06%
    9      265.47          --                 --  mixed ring-site C-H out-of-plane bending / cyclic-ring deformation (N-C-C bend) / cyclic-ring out-of-plane deformation ring-site C-H out-of-plane bending 28.71%; cyclic-ring deformation (N-C-C bend) 18.07%; cyclic-ring out-of-plane deformation 16.47%; cyclic-ring torsional/out-of-plane deformation 15.95%
   10      329.37          --                 --  mixed C-C-C bending / ring-site C-H out-of-plane bending / cyclic-ring out-of-plane deformation C-C-C bending 41.68%; ring-site C-H out-of-plane bending 24.59%; cyclic-ring out-of-plane deformation 17.48%; C-H bending 5.44%
   11      441.71          --                 --  mixed cyclic-ring deformation (C-C-C bend) / ring-site C-H out-of-plane bending cyclic-ring deformation (C-C-C bend) 40.65%; ring-site C-H out-of-plane bending 14.43%; cyclic-ring out-of-plane deformation 12.34%; cyclic-ring deformation (C-C-N bend) 9.41%
   12      454.18          --                 --  mixed cyclic-ring deformation (C-C-N bend) / cyclic-ring out-of-plane deformation / ring-site C-H out-of-plane bending cyclic-ring deformation (C-C-N bend) 22.20%; cyclic-ring out-of-plane deformation 18.98%; ring-site C-H out-of-plane bending 17.39%; ring-site N-H out-of-plane bending 13.16%
   13      526.67          --                 --  mixed cyclic-ring out-of-plane deformation / ring-site C-H out-of-plane bending / ring-site N-H out-of-plane bending cyclic-ring out-of-plane deformation 32.66%; ring-site C-H out-of-plane bending 26.77%; ring-site N-H out-of-plane bending 15.35%; cyclic C-C stretching 4.66%
   14      561.35          --                 --  mixed cyclic-ring out-of-plane deformation / cyclic-ring deformation (N-C-C bend) cyclic-ring out-of-plane deformation 55.75%; cyclic-ring deformation (N-C-C bend) 10.03%; mixed-phase cyclic C-O stretching 7.24%; cyclic-ring deformation (C-C-O bend) 5.93%
   15      642.47          --                 --  mixed ring-site C-H out-of-plane bending / cyclic-ring out-of-plane deformation ring-site C-H out-of-plane bending 40.01%; cyclic-ring out-of-plane deformation 15.13%; cyclic-ring deformation (C-C-N bend) 10.52%; cyclic-ring deformation (N-C-C bend) 9.32%
   16      721.38          --                 --  mixed ring-site C-H out-of-plane bending / cyclic-ring out-of-plane deformation / cyclic C-C stretching ring-site C-H out-of-plane bending 28.62%; cyclic-ring out-of-plane deformation 25.16%; cyclic C-C stretching 17.04%; ring-site N-H out-of-plane bending 11.14%
   17      737.39          --                 --  mixed cyclic C-C stretching / cyclic C-N stretching / ring-site C-H out-of-plane bending cyclic C-C stretching 23.49%; cyclic C-N stretching 18.04%; ring-site C-H out-of-plane bending 15.76%; mixed-phase cyclic C-O stretching 13.97%
   18      818.33          --                 --  mixed ring-site C-H out-of-plane bending / mixed-phase cyclic C-C stretching ring-site C-H out-of-plane bending 33.39%; mixed-phase cyclic C-C stretching 28.37%; cyclic C-N stretching 13.15%; mixed-phase cyclic C-O stretching 7.32%
   19      822.06          --                 --  mixed cyclic-ring out-of-plane deformation / cyclic C-N stretching cyclic-ring out-of-plane deformation 48.87%; cyclic C-N stretching 13.96%; cyclic C-C stretching 12.20%; cyclic-ring deformation (C-C-C bend) 7.53%
   20      856.33          --                 --  mixed cyclic-ring out-of-plane deformation / ring-site C-H out-of-plane bending cyclic-ring out-of-plane deformation 40.68%; ring-site C-H out-of-plane bending 13.89%; mixed-phase cyclic C-O stretching 13.49%; in-phase cyclic C-C stretching 10.95%
   21      871.49          --                 --  mixed ring-site C-H out-of-plane bending / cyclic-ring out-of-plane deformation ring-site C-H out-of-plane bending 34.06%; cyclic-ring out-of-plane deformation 16.82%; cyclic C-O stretching 13.09%; ring-site N-H out-of-plane bending 11.61%
   22      916.93          --                 --  mixed ring-site C-H out-of-plane bending / cyclic-ring out-of-plane deformation ring-site C-H out-of-plane bending 68.78%; cyclic-ring out-of-plane deformation 16.17%; ring-site N-H in-plane bending 4.31%; cyclic C-N stretching 3.17%
   23      938.20          --                 --  mixed cyclic-ring out-of-plane deformation / ring-site C-H out-of-plane bending / mixed-phase cyclic C-C stretching cyclic-ring out-of-plane deformation 26.31%; ring-site C-H out-of-plane bending 24.94%; mixed-phase cyclic C-C stretching 16.07%; in-phase cyclic C-O stretching 12.85%
   24      964.65          --                 --  mixed opposite-phase cyclic C-C stretching / cyclic-ring out-of-plane deformation opposite-phase cyclic C-C stretching 28.76%; cyclic-ring out-of-plane deformation 16.64%; ring-site C-H out-of-plane bending 14.59%; cyclic C-N stretching 12.85%
   25     1003.40          --                 --  mixed cyclic-ring out-of-plane deformation / ring-site C-H out-of-plane bending / C-H bending cyclic-ring out-of-plane deformation 24.39%; ring-site C-H out-of-plane bending 24.09%; C-H bending 20.32%; mixed-phase cyclic C-C stretching 13.99%
   26     1038.43          --                 --  mixed ring-site C-H out-of-plane bending / C-H bending / cyclic-ring out-of-plane deformation ring-site C-H out-of-plane bending 33.51%; C-H bending 23.98%; cyclic-ring out-of-plane deformation 16.01%; ring-site N-H out-of-plane bending 6.23%
   27     1066.92          --                 --  mixed ring-site C-H out-of-plane bending / cyclic-ring out-of-plane deformation ring-site C-H out-of-plane bending 61.33%; cyclic-ring out-of-plane deformation 18.31%; in-phase cyclic C-O stretching 5.54%; ring-site C-H in-plane bending 3.79%
   28     1070.43          --                 --  mixed C-H bending / cyclic-ring out-of-plane deformation       C-H bending 59.04%; cyclic-ring out-of-plane deformation 21.80%; ring-site C-H out-of-plane bending 7.91%; ring-site C-H in-plane bending 3.01%
   29     1107.44          --                 --  ring-site C-H out-of-plane bending                             ring-site C-H out-of-plane bending 83.94%; cyclic-ring out-of-plane deformation 8.14%; ring-site C-H in-plane bending 2.96%; cyclic C-C stretching 2.03%
   30     1139.15          --                 --  mixed cyclic-ring out-of-plane deformation / ring-site C-H in-plane bending cyclic-ring out-of-plane deformation 25.22%; ring-site C-H in-plane bending 24.12%; C-H bending 15.00%; ring-site C-H out-of-plane bending 13.13%
   31     1155.85          --                 --  mixed ring-site C-H out-of-plane bending / ring-site N-H out-of-plane bending ring-site C-H out-of-plane bending 61.96%; ring-site N-H out-of-plane bending 15.35%; cyclic-ring out-of-plane deformation 7.94%; ring-site N-H in-plane bending 4.63%
   32     1180.66          --                 --  mixed ring-site C-H out-of-plane bending / ring-site N-H out-of-plane bending ring-site C-H out-of-plane bending 32.37%; ring-site N-H out-of-plane bending 32.29%; ring-site C-H in-plane bending 11.73%; mixed-phase cyclic C-C stretching 6.95%
   33     1206.53          --                 --  mixed ring-site C-H out-of-plane bending / exocyclic C-C stretching / ring-site N-H in-plane bending ring-site C-H out-of-plane bending 22.24%; exocyclic C-C stretching 19.19%; ring-site N-H in-plane bending 17.55%; in-phase cyclic C-C stretching 11.11%
   34     1244.71          --                 --  mixed mixed-phase cyclic C-C stretching / ring-site C-H in-plane bending mixed-phase cyclic C-C stretching 36.14%; ring-site C-H in-plane bending 29.12%; ring-site C-H out-of-plane bending 14.02%; cyclic C-N stretching 5.86%
   35     1283.55          --                 --  mixed ring-site C-H out-of-plane bending / ring-site C-H in-plane bending / mixed-phase cyclic C-C stretching ring-site C-H out-of-plane bending 35.17%; ring-site C-H in-plane bending 25.53%; mixed-phase cyclic C-C stretching 25.20%; in-phase cyclic C-O stretching 7.58%
   36     1348.14          --                 --  mixed ring-site C-H in-plane bending / cyclic-ring out-of-plane deformation ring-site C-H in-plane bending 66.02%; cyclic-ring out-of-plane deformation 10.26%; ring-site C-H out-of-plane bending 10.04%; C-H bending 6.23%
   37     1400.44          --                 --  mixed ring-site C-H out-of-plane bending / ring-site C-H in-plane bending / mixed-phase cyclic C-C stretching ring-site C-H out-of-plane bending 32.50%; ring-site C-H in-plane bending 28.70%; mixed-phase cyclic C-C stretching 16.90%; C-H bending 10.74%
   38     1416.65          --                 --  mixed C-H bending / ring-site C-H in-plane bending             C-H bending 44.64%; ring-site C-H in-plane bending 16.45%; cyclic-ring out-of-plane deformation 11.74%; mixed-phase cyclic C-C stretching 10.92%
   39     1422.14          --                 --  mixed C-H bending / ring-site C-H in-plane bending             C-H bending 66.95%; ring-site C-H in-plane bending 13.33%; cyclic-ring out-of-plane deformation 6.49%; opposite-phase cyclic C-C stretching 5.27%
   40     1429.05          --                 --  mixed mixed-phase cyclic C-C stretching / ring-site C-H in-plane bending mixed-phase cyclic C-C stretching 45.58%; ring-site C-H in-plane bending 19.70%; ring-site C-H out-of-plane bending 13.44%; in-phase cyclic C-O stretching 5.44%
   41     1465.38          --                 --  mixed mixed-phase cyclic C-C stretching / ring-site C-H in-plane bending mixed-phase cyclic C-C stretching 38.95%; ring-site C-H in-plane bending 23.12%; ring-site C-H out-of-plane bending 11.22%; cyclic-ring out-of-plane deformation 7.37%
   42     1482.66          --                 --  C-H bending                                                    C-H bending 98.25%
   43     1495.70          --                 --  C-H bending                                                    C-H bending 94.45%; cyclic C-C stretching 2.08%
   44     1706.49          --                 --  mixed mixed-phase cyclic C-C stretching / ring-site C-H in-plane bending mixed-phase cyclic C-C stretching 69.33%; ring-site C-H in-plane bending 5.89%; cyclic-ring out-of-plane deformation 5.32%; cyclic-ring deformation (C-C-C bend) 5.08%
   45     3017.23          --                 --  C-H stretching                                                 C-H stretching 99.58%
   46     3061.66          --                 --  opposite-phase C-H stretching                                  opposite-phase C-H stretching 99.55%
   47     3103.53          --                 --  mixed-phase ring-site C-H stretching                           mixed-phase ring-site C-H stretching 96.06%; C-H stretching 2.91%
   48     3106.25          --                 --  mixed-phase C-H stretching                                     mixed-phase C-H stretching 94.97%; ring-site C-H stretching 4.53%
   49     3113.38          --                 --  mixed-phase ring-site C-H stretching                           mixed-phase ring-site C-H stretching 97.34%
   50     3122.60          --                 --  mixed-phase ring-site C-H stretching                           mixed-phase ring-site C-H stretching 98.95%
   51     3135.88          --                 --  ring-site C-H stretching                                       ring-site C-H stretching 99.08%
   52     3148.48          --                 --  ring-site C-H stretching                                       ring-site C-H stretching 98.90%
   53     3485.51          --                 --  ring-site N-H stretching                                       ring-site N-H stretching 99.70%

# Selected internal-coordinate set:
#   1  nu(C1-C2)
#   2  nu(C3-H13)
#   3  nu(C4-N5)
#   4  nu(C6-C7)
#   5  nu(C9-H18)
#   6  nu(N5-H15)
#   7  nu(C1-H10)
#   8  nu(O8-C9)
#   9  nu(C6-H16)
#  10  nu(C7-H17)
#  11  nu(C4-H14)
#  12  nu(C1-H12)
#  13  tau(H16-C6-C7-H17)
#  14  tau(H14-C4-N5-H15)
#  15  gamma(C2;C9,O8,H18)
#  16  gamma(C2;C3,C4,H13)
#  17  nu(C1-H11)
#  18  nu(C2-C3)
#  19  delta(C2-C3-H13)
#  20  delta(O8-C9-H18)
#  21  nu(C7-O8)
#  22  delta(N5-C4-H14)
#  23  tau(H16-C6-C7-O8)
#  24  delta(H10-C1-H12)
#  25  tau(C3-C4-N5-H15)
#  26  delta(H10-C1-H11)
#  27  delta(C7-C6-H16)
#  28  delta(H11-C1-H12)
#  29  gamma(C1;C2,C3,C9)
#  30  gamma(H17;C7,O8,C9)
#  31  delta(C4-N5-H15)
#  32  gamma(C6;C4,N5,H14)
#  33  tau(N5-C6-C7-H17)
#  34  delta(C2-C1-H11)
#  35  nu(C2-C9)
#  36  delta(C6-C7-O8)
#  37  nu(C3-C4)
#  38  gamma(C2;C9,C7,O8)
#  39  delta(C3-C4-N5)
#  40  delta(C2-C1-H10)
#  41  gamma(C6;C4,C3,N5)
#  42  nu(C4-C6)
#  43  tau(H11-C1-C2-C9)
#  44  nu(C7-C9)
#  45  delta(N5-C6-C7)
#  46  delta(C1-C2-C9)
#  47  tau(C1-C2-C3-C4)
#  48  delta(C3-C2-C9)

Wrote: /local/scratch/mv487/qm9s/experiment_1_phase2/ped/68923/68923_summary.csv
Wrote: /local/scratch/mv487/qm9s/experiment_1_phase2/ped/68923/68923_families.csv
Wrote: /local/scratch/mv487/qm9s/experiment_1_phase2/ped/68923/68923_ped.csv
Wrote: /local/scratch/mv487/qm9s/experiment_1_phase2/ped/68923/68923_ir_transitions.csv

# All generated files are in: /local/scratch/mv487/qm9s/experiment_1_phase2/ped/68923
# Manifest: /local/scratch/mv487/qm9s/experiment_1_phase2/ped/68923/68923_manifest.txt

--- stderr ---
Normal modes/frequencies absent or incomplete: diagonalizing Hessian.
