# Contact: romi@lens.unifi.it
# Manual: https://github.com/SebRoLENS/orca-ped-analyzer/blob/main/docs/ORCA_PED_Analyzer_Manual.md
# Check GitHub for updates and new releases: https://github.com/SebRoLENS/orca-ped-analyzer
#
# Molecule: 13 atoms | non-linear
# Bonds inferred: 13 | candidate ICs: 107 | selected ICs: 33
# Cartesian-Hessian reconstruction relative error: 1.846e-05
# Energy distribution: PED (PED is the backward-compatible default; TED includes kinetic-energy terms)
# Ring/cycle bonds detected: 4 | ring atoms: 4 | ring systems: 1
# VPT2: no matching .out file supplied/found -> harmonic/PED analysis only
#
 Mode   Harm/cm-1   VPT2/cm-1  Harm.Int/km mol-1  Assignment                                                     Grouped PED
------------------------------------------------------------------------------------------------------------------------------------------------------------------------------------------------
    6       63.68          --                 --  mixed ring-site C-H out-of-plane bending / cyclic-ring torsional/out-of-plane deformation ring-site C-H out-of-plane bending 69.18%; cyclic-ring torsional/out-of-plane deformation 25.21%
    7      128.95          --                 --  mixed C-C-C bending / C-C-N linear bending / N-C-C bending     C-C-C bending 34.64%; C-C-N linear bending 21.04%; N-C-C bending 15.37%; N-C-C linear bending 15.35%
    8      198.07          --                 --  mixed C-C-C bending / N-C-C linear bending / C-C-N linear bending C-C-C bending 19.80%; N-C-C linear bending 19.06%; C-C-N linear bending 18.13%; ring-site C-H out-of-plane bending 14.64%
    9      223.33          --                 --  mixed C-C-C bending / N-C-C linear bending / C-C-N linear bending C-C-C bending 25.79%; N-C-C linear bending 24.34%; C-C-N linear bending 18.83%; N-C-C bending 9.77%
   10      292.94          --                 --  mixed ring-site C-H out-of-plane bending / cyclic-ring torsional/out-of-plane deformation ring-site C-H out-of-plane bending 60.49%; cyclic-ring torsional/out-of-plane deformation 24.48%; N-C-C linear bending 5.02%; C-C-N linear bending 5.01%
   11      469.94          --                 --  mixed cyclic-ring deformation (C-N-C bend) / N-C-C linear bending / ring-site C-H out-of-plane bending cyclic-ring deformation (C-N-C bend) 18.97%; N-C-C linear bending 16.83%; ring-site C-H out-of-plane bending 15.98%; in-phase exocyclic C-C stretching 11.00%
   12      526.44          --                 --  mixed C-C-N linear bending / N-C-C linear bending              C-C-N linear bending 28.01%; N-C-C linear bending 12.44%; C-C-C bending 12.14%; N-C-C bending 9.05%
   13      556.99          --                 --  mixed ring-site C-H out-of-plane bending / C-C-C bending       ring-site C-H out-of-plane bending 34.40%; C-C-C bending 23.62%; ring-site C-H in-plane bending 13.44%; N-C-C linear bending 9.09%
   14      584.23          --                 --  mixed ring-site N-H out-of-plane bending / ring-site N-H in-plane bending ring-site N-H out-of-plane bending 33.24%; ring-site N-H in-plane bending 15.26%; cyclic-ring deformation (C-N-C bend) 10.45%; C-C-N bending 6.80%
   15      663.06          --                 --  mixed cyclic-ring deformation (C-N-C bend) / ring-site N-H out-of-plane bending cyclic-ring deformation (C-N-C bend) 23.11%; ring-site N-H out-of-plane bending 22.01%; ring-site N-H in-plane bending 12.65%; ring-site C-H out-of-plane bending 11.33%
   16      780.48          --                 --  mixed ring-site C-H out-of-plane bending / ring-site N-H out-of-plane bending ring-site C-H out-of-plane bending 40.62%; ring-site N-H out-of-plane bending 19.61%; ring-site N-H in-plane bending 9.74%; in-phase cyclic C-N stretching 6.92%
   17      813.99          --                 --  mixed exocyclic C-C stretching / ring-site N-H out-of-plane bending / ring-site C-H out-of-plane bending exocyclic C-C stretching 23.28%; ring-site N-H out-of-plane bending 18.63%; ring-site C-H out-of-plane bending 17.34%; ring-site N-H in-plane bending 8.85%
   18      922.16          --                 --  mixed cyclic C-C stretching / exocyclic C-C stretching         cyclic C-C stretching 44.07%; exocyclic C-C stretching 9.66%; cyclic-ring deformation (C-N-C bend) 9.32%; ring-site N-H in-plane bending 7.86%
   19      969.87          --                 --  mixed mixed-phase cyclic C-C stretching / ring-site C-H in-plane bending mixed-phase cyclic C-C stretching 46.22%; ring-site C-H in-plane bending 11.32%; ring-site C-H out-of-plane bending 11.21%; mixed-phase exocyclic C-C stretching 8.75%
   20      996.29          --                 --  mixed cyclic C-N stretching / cyclic-ring deformation (C-N-C bend) / mixed-phase cyclic C-C stretching cyclic C-N stretching 29.82%; cyclic-ring deformation (C-N-C bend) 20.29%; mixed-phase cyclic C-C stretching 15.48%; N-C-C bending 6.91%
   21     1030.88          --                 --  mixed mixed-phase cyclic C-N stretching / exocyclic C-C stretching mixed-phase cyclic C-N stretching 62.84%; exocyclic C-C stretching 8.57%; ring-site N-H out-of-plane bending 6.84%; cyclic-ring deformation (C-N-C bend) 4.89%
   22     1065.82          --                 --  mixed ring-site C-H out-of-plane bending / cyclic-ring torsional/out-of-plane deformation ring-site C-H out-of-plane bending 32.47%; cyclic-ring torsional/out-of-plane deformation 11.98%; ring-site C-H in-plane bending 10.87%; exocyclic C-C stretching 10.46%
   23     1094.41          --                 --  mixed in-phase cyclic C-N stretching / exocyclic C-C stretching in-phase cyclic C-N stretching 23.98%; exocyclic C-C stretching 17.83%; in-phase cyclic C-C stretching 15.00%; ring-site C-H out-of-plane bending 14.66%
   24     1155.18          --                 --  mixed ring-site C-H out-of-plane bending / ring-site C-H in-plane bending ring-site C-H out-of-plane bending 45.44%; ring-site C-H in-plane bending 35.80%; cyclic C-C stretching 5.91%; cyclic-ring deformation (C-N-C bend) 4.54%
   25     1234.36          --                 --  mixed ring-site C-H out-of-plane bending / ring-site C-H in-plane bending ring-site C-H out-of-plane bending 61.33%; ring-site C-H in-plane bending 20.02%; cyclic C-C stretching 8.95%; ring-site N-H in-plane bending 3.37%
   26     1267.83          --                 --  mixed ring-site C-H out-of-plane bending / ring-site C-H in-plane bending ring-site C-H out-of-plane bending 58.15%; ring-site C-H in-plane bending 31.67%; cyclic C-C stretching 3.64%
   27     1285.04          --                 --  mixed ring-site C-H out-of-plane bending / ring-site C-H in-plane bending ring-site C-H out-of-plane bending 58.30%; ring-site C-H in-plane bending 24.14%; cyclic C-C stretching 4.97%; in-phase cyclic C-N stretching 4.16%
   28     1341.57          --                 --  mixed ring-site C-H out-of-plane bending / ring-site N-H in-plane bending ring-site C-H out-of-plane bending 54.22%; ring-site N-H in-plane bending 30.95%; ring-site C-H in-plane bending 4.53%; cyclic C-C stretching 2.84%
   29     1369.89          --                 --  mixed ring-site C-H out-of-plane bending / ring-site C-H in-plane bending ring-site C-H out-of-plane bending 60.09%; ring-site C-H in-plane bending 17.65%; mixed-phase exocyclic C-C stretching 5.15%; ring-site N-H in-plane bending 4.89%
   30     1415.33          --                 --  mixed ring-site C-H out-of-plane bending / ring-site N-H in-plane bending ring-site C-H out-of-plane bending 51.98%; ring-site N-H in-plane bending 34.11%; in-phase exocyclic C-C stretching 4.08%; ring-site C-H in-plane bending 4.01%
   31     1492.92          --                 --  mixed ring-site C-H out-of-plane bending / ring-site C-H in-plane bending ring-site C-H out-of-plane bending 74.96%; ring-site C-H in-plane bending 21.84%; in-phase cyclic C-C stretching 2.63%
   32     2348.26          --                 --  C-N stretching                                                 C-N stretching 91.16%; exocyclic C-C stretching 8.75%
   33     2363.04          --                 --  C-N stretching                                                 C-N stretching 90.61%; exocyclic C-C stretching 9.24%
   34     3025.76          --                 --  ring-site C-H stretching                                       ring-site C-H stretching 99.16%
   35     3074.95          --                 --  ring-site C-H stretching                                       ring-site C-H stretching 99.20%
   36     3111.44          --                 --  in-phase ring-site C-H stretching                              in-phase ring-site C-H stretching 99.48%
   37     3176.04          --                 --  opposite-phase ring-site C-H stretching                        opposite-phase ring-site C-H stretching 99.23%
   38     3535.48          --                 --  ring-site N-H stretching                                       ring-site N-H stretching 99.50%

# Selected internal-coordinate set:
#   1  nu(N1-C2)
#   2  nu(C3-C4)
#   3  nu(C5-N6)
#   4  nu(C7-N8)
#   5  nu(C3-N6)
#   6  nu(C4-C5)
#   7  nu(C4-H10)
#   8  nu(C5-H12)
#   9  nu(C3-H9)
#  10  delta_lin2(N1-C2-C3)
#  11  delta_lin2(C5-C7-N8)
#  12  delta_lin1(C5-C7-N8)
#  13  delta_lin1(N1-C2-C3)
#  14  nu(N6-H13)
#  15  nu(C4-H11)
#  16  gamma(H13;N6,C3,C5)
#  17  tau(H10-C4-C5-H12)
#  18  tau(H9-C3-C4-H11)
#  19  delta(C4-C5-H12)
#  20  tau(H9-C3-N6-C5)
#  21  delta(C3-C4-H11)
#  22  delta(C5-C4-H10)
#  23  nu(C2-C3)
#  24  nu(C5-C7)
#  25  delta(C5-N6-H13)
#  26  tau(C3-C4-C5-H12)
#  27  tau(N6-C3-C4-H11)
#  28  delta(C3-N6-C5)
#  29  delta(N6-C5-C7)
#  30  delta(C4-C5-C7)
#  31  delta(C2-C3-N6)
#  32  delta(C2-C3-C4)
#  33  tau(C4-C3-N6-C5)

Wrote: /local/scratch/mv487/qm9s/experiment_1_phase2/ped/10065/10065_summary.csv
Wrote: /local/scratch/mv487/qm9s/experiment_1_phase2/ped/10065/10065_families.csv
Wrote: /local/scratch/mv487/qm9s/experiment_1_phase2/ped/10065/10065_ped.csv
Wrote: /local/scratch/mv487/qm9s/experiment_1_phase2/ped/10065/10065_ir_transitions.csv

# All generated files are in: /local/scratch/mv487/qm9s/experiment_1_phase2/ped/10065
# Manifest: /local/scratch/mv487/qm9s/experiment_1_phase2/ped/10065/10065_manifest.txt

--- stderr ---
Normal modes/frequencies absent or incomplete: diagonalizing Hessian.
