# Contact: romi@lens.unifi.it
# Manual: https://github.com/SebRoLENS/orca-ped-analyzer/blob/main/docs/ORCA_PED_Analyzer_Manual.md
# Check GitHub for updates and new releases: https://github.com/SebRoLENS/orca-ped-analyzer
#
# Molecule: 23 atoms | non-linear
# Bonds inferred: 23 | candidate ICs: 214 | selected ICs: 63
# Cartesian-Hessian reconstruction relative error: 3.298e-05
# Energy distribution: PED (PED is the backward-compatible default; TED includes kinetic-energy terms)
# Ring/cycle bonds detected: 4 | ring atoms: 4 | ring systems: 1
# VPT2: no matching .out file supplied/found -> harmonic/PED analysis only
#
 Mode   Harm/cm-1   VPT2/cm-1  Harm.Int/km mol-1  Assignment                                                     Grouped PED
------------------------------------------------------------------------------------------------------------------------------------------------------------------------------------------------
    6       68.03          --                 --  C-C torsion                                                    C-C torsion 89.18%; C-C-C bending 2.68%; ring-site C-H out-of-plane bending 2.30%
    7       94.08          --                 --  C-C torsion                                                    C-C torsion 90.53%; C-O torsion 5.33%
    8      122.25          --                 --  mixed ring-site C-H out-of-plane bending / O-C-C bending       ring-site C-H out-of-plane bending 34.43%; O-C-C bending 16.02%; cyclic-ring torsional/out-of-plane deformation 14.30%; C-C torsion 13.33%
    9      142.04          --                 --  mixed cyclic-ring torsional/out-of-plane deformation / ring-site C-H out-of-plane bending cyclic-ring torsional/out-of-plane deformation 44.44%; ring-site C-H out-of-plane bending 39.35%; C-C-C bending 6.69%; C-O torsion 2.46%
   10      226.93          --                 --  C-O torsion                                                    C-O torsion 88.18%; C-C torsion 5.87%; cyclic-ring torsional/out-of-plane deformation 2.82%
   11      263.37          --                 --  mixed cyclic-ring torsional/out-of-plane deformation / C-C torsion / C-O torsion cyclic-ring torsional/out-of-plane deformation 25.59%; C-C torsion 22.13%; C-O torsion 18.42%; C-C-C bending 18.13%
   12      269.60          --                 --  mixed C-C torsion / C-O torsion                                C-C torsion 65.13%; C-O torsion 11.37%; C-C-C bending 8.45%; cyclic-ring torsional/out-of-plane deformation 5.18%
   13      273.45          --                 --  C-C torsion                                                    C-C torsion 84.05%; C-O torsion 6.02%; O-C-C bending 3.51%
   14      290.48          --                 --  C-C torsion                                                    C-C torsion 97.59%
   15      336.99          --                 --  mixed C-C-C bending / C-O-C bending                            C-C-C bending 34.45%; C-O-C bending 19.56%; C-C torsion 11.21%; C-H bending 8.79%
   16      357.75          --                 --  mixed C-C-C bending / C-C torsion                              C-C-C bending 46.52%; C-C torsion 24.01%; ring-site C-H out-of-plane bending 12.80%; C-H bending 6.58%
   17      415.61          --                 --  mixed cyclic-ring out-of-plane deformation / C-C torsion       cyclic-ring out-of-plane deformation 39.41%; C-C torsion 17.72%; C-C-C bending 8.92%; ring-site C-H out-of-plane bending 8.90%
   18      512.14          --                 --  mixed C-C torsion / C-H bending / C-C-C bending                C-C torsion 24.46%; C-H bending 18.44%; C-C-C bending 16.67%; ring-site C-H out-of-plane bending 13.33%
   19      517.77          --                 --  mixed C-C-C bending / C-C torsion                              C-C-C bending 29.06%; C-C torsion 28.73%; C-H bending 11.52%; ring-site C-H out-of-plane bending 7.65%
   20      614.95          --                 --  mixed C-C torsion / ring-site C-H out-of-plane bending         C-C torsion 31.70%; ring-site C-H out-of-plane bending 11.39%; exocyclic C-O stretching 9.69%; cyclic-ring torsional/out-of-plane deformation 8.99%
   21      755.66          --                 --  mixed ring-site C-H out-of-plane bending / ring-site C-H in-plane bending ring-site C-H out-of-plane bending 29.40%; ring-site C-H in-plane bending 25.65%; exocyclic C-C stretching 11.09%; cyclic C-C stretching 10.72%
   22      816.55          --                 --  mixed cyclic C-C stretching / ring-site C-H out-of-plane bending / C-C torsion cyclic C-C stretching 21.81%; ring-site C-H out-of-plane bending 21.39%; C-C torsion 17.20%; C-H bending 9.78%
   23      894.17          --                 --  mixed ring-site C-H in-plane bending / mixed-phase exocyclic C-C stretching / mixed-phase cyclic C-C stretching ring-site C-H in-plane bending 24.17%; mixed-phase exocyclic C-C stretching 18.22%; mixed-phase cyclic C-C stretching 16.32%; ring-site C-H out-of-plane bending 14.85%
   24      900.26          --                 --  mixed C-H bending / mixed-phase cyclic C-C stretching / C-C torsion C-H bending 34.98%; mixed-phase cyclic C-C stretching 26.45%; C-C torsion 18.81%; ring-site C-H in-plane bending 7.17%
   25      912.38          --                 --  mixed C-H bending / mixed-phase cyclic C-C stretching          C-H bending 62.27%; mixed-phase cyclic C-C stretching 15.02%; ring-site C-H out-of-plane bending 6.67%; C-C torsion 5.55%
   26      941.63          --                 --  mixed mixed-phase cyclic C-C stretching / C-H bending          mixed-phase cyclic C-C stretching 31.46%; C-H bending 14.30%; C-C torsion 12.83%; exocyclic C-O stretching 10.57%
   27      961.24          --                 --  mixed C-H bending / in-phase C-O stretching                    C-H bending 34.00%; in-phase C-O stretching 27.10%; cyclic C-C stretching 14.62%; C-C torsion 7.88%
   28      971.63          --                 --  mixed C-H bending / exocyclic C-O stretching / C-C torsion     C-H bending 26.86%; exocyclic C-O stretching 18.07%; C-C torsion 15.40%; C-O stretching 12.77%
   29     1023.16          --                 --  mixed C-H bending / ring-site C-H out-of-plane bending / ring-site C-H in-plane bending C-H bending 27.33%; ring-site C-H out-of-plane bending 17.65%; ring-site C-H in-plane bending 15.23%; C-C torsion 11.85%
   30     1089.71          --                 --  mixed C-H bending / cyclic-ring torsional/out-of-plane deformation C-H bending 45.36%; cyclic-ring torsional/out-of-plane deformation 8.40%; O-H bending 8.36%; C-C torsion 7.48%
   31     1127.76          --                 --  mixed mixed-phase C-O stretching / C-H bending                 mixed-phase C-O stretching 27.96%; C-H bending 24.40%; cyclic C-C stretching 10.81%; C-C out-of-plane bending 9.87%
   32     1142.26          --                 --  mixed opposite-phase C-O stretching / C-H bending              opposite-phase C-O stretching 26.27%; C-H bending 22.95%; ring-site C-H out-of-plane bending 12.38%; cyclic C-C stretching 9.69%
   33     1154.24          --                 --  mixed ring-site C-H out-of-plane bending / C-H bending         ring-site C-H out-of-plane bending 21.00%; C-H bending 18.27%; exocyclic C-C stretching 12.79%; C-C out-of-plane bending 12.05%
   34     1173.20          --                 --  mixed C-H bending / ring-site C-H out-of-plane bending         C-H bending 61.02%; ring-site C-H out-of-plane bending 14.56%; C-C-C bending 4.47%; C-O torsion 4.23%
   35     1186.70          --                 --  mixed C-H bending / C-C-C bending                              C-H bending 57.59%; C-C-C bending 7.50%; cyclic C-C stretching 7.41%; C-O torsion 4.54%
   36     1194.10          --                 --  mixed C-H bending / ring-site C-H out-of-plane bending         C-H bending 50.55%; ring-site C-H out-of-plane bending 10.87%; C-C-C bending 7.75%; exocyclic C-O stretching 6.28%
   37     1206.76          --                 --  mixed C-C out-of-plane bending / ring-site C-H in-plane bending / ring-site C-H out-of-plane bending C-C out-of-plane bending 23.37%; ring-site C-H in-plane bending 18.28%; ring-site C-H out-of-plane bending 16.10%; C-H bending 14.04%
   38     1229.73          --                 --  mixed C-H bending / C-C out-of-plane bending                   C-H bending 51.43%; C-C out-of-plane bending 9.82%; ring-site C-H in-plane bending 7.48%; C-O stretching 5.47%
   39     1246.41          --                 --  mixed ring-site C-H out-of-plane bending / ring-site C-H in-plane bending / C-H bending ring-site C-H out-of-plane bending 40.38%; ring-site C-H in-plane bending 22.69%; C-H bending 19.15%; C-C out-of-plane bending 8.06%
   40     1269.63          --                 --  mixed C-H bending / C-C out-of-plane bending                   C-H bending 37.64%; C-C out-of-plane bending 27.04%; C-C torsion 10.39%; ring-site C-H in-plane bending 9.33%
   41     1281.43          --                 --  mixed C-H bending / C-C out-of-plane bending                   C-H bending 56.57%; C-C out-of-plane bending 12.53%; ring-site C-H in-plane bending 10.38%; ring-site C-H out-of-plane bending 7.77%
   42     1304.66          --                 --  mixed C-H bending / ring-site C-H out-of-plane bending / C-C out-of-plane bending C-H bending 32.25%; ring-site C-H out-of-plane bending 26.81%; C-C out-of-plane bending 16.67%; C-C-C bending 6.20%
   43     1355.80          --                 --  mixed O-H bending / C-H bending                                O-H bending 34.32%; C-H bending 13.51%; cyclic C-C stretching 13.15%; cyclic-ring torsional/out-of-plane deformation 7.48%
   44     1373.95          --                 --  C-H bending                                                    C-H bending 71.30%; ring-site C-H out-of-plane bending 8.46%; C-C out-of-plane bending 5.27%; C-C torsion 4.62%
   45     1414.99          --                 --  mixed C-H out-of-plane bending / C-H bending                   C-H out-of-plane bending 62.92%; C-H bending 33.41%; exocyclic C-C stretching 2.19%
   46     1435.60          --                 --  C-H bending                                                    C-H bending 88.62%; ring-site C-H out-of-plane bending 3.86%; exocyclic C-C stretching 3.43%
   47     1480.76          --                 --  C-H bending                                                    C-H bending 89.63%; ring-site C-H out-of-plane bending 3.73%; C-O torsion 2.27%
   48     1483.94          --                 --  mixed ring-site C-H out-of-plane bending / C-H bending         ring-site C-H out-of-plane bending 42.97%; C-H bending 37.05%; C-C torsion 9.30%; ring-site C-H in-plane bending 7.42%
   49     1486.08          --                 --  mixed C-O torsion / C-H bending                                C-O torsion 76.45%; C-H bending 22.11%
   50     1497.46          --                 --  mixed C-H bending / C-C torsion                                C-H bending 61.52%; C-C torsion 26.15%; C-H out-of-plane bending 10.17%
   51     1500.02          --                 --  mixed C-H bending / C-C torsion                                C-H bending 64.52%; C-C torsion 30.10%; ring-site C-H in-plane bending 2.04%
   52     1504.11          --                 --  C-H bending                                                    C-H bending 79.29%; C-C torsion 9.43%; ring-site C-H out-of-plane bending 3.57%; C-O torsion 3.24%
   53     1507.12          --                 --  C-H bending                                                    C-H bending 73.42%; ring-site C-H in-plane bending 11.18%; ring-site C-H out-of-plane bending 8.08%; C-O torsion 3.37%
   54     1526.52          --                 --  C-H bending                                                    C-H bending 89.81%; C-C torsion 9.22%
   55     2951.50          --                 --  in-phase C-H stretching                                        in-phase C-H stretching 99.17%
   56     2970.65          --                 --  in-phase C-H stretching                                        in-phase C-H stretching 99.64%
   57     2980.36          --                 --  opposite-phase C-H stretching                                  opposite-phase C-H stretching 96.97%
   58     3010.62          --                 --  opposite-phase C-H stretching                                  opposite-phase C-H stretching 99.44%
   59     3019.66          --                 --  C-H stretching                                                 C-H stretching 99.13%
   60     3049.21          --                 --  mixed-phase ring-site C-H stretching                           mixed-phase ring-site C-H stretching 99.33%
   61     3055.82          --                 --  ring-site C-H stretching                                       ring-site C-H stretching 98.80%
   62     3072.50          --                 --  mixed-phase ring-site C-H stretching                           mixed-phase ring-site C-H stretching 96.28%; C-H stretching 2.58%
   63     3080.90          --                 --  mixed-phase C-H stretching                                     mixed-phase C-H stretching 97.15%
   64     3103.85          --                 --  mixed-phase ring-site C-H stretching                           mixed-phase ring-site C-H stretching 79.63%; opposite-phase C-H stretching 19.47%
   65     3106.22          --                 --  mixed opposite-phase C-H stretching / mixed-phase ring-site C-H stretching opposite-phase C-H stretching 78.64%; mixed-phase ring-site C-H stretching 20.52%
   66     3113.93          --                 --  C-H stretching                                                 C-H stretching 99.44%
   67     3121.47          --                 --  mixed-phase ring-site C-H stretching                           mixed-phase ring-site C-H stretching 98.37%
   68     3788.36          --                 --  O-H stretching                                                 O-H stretching 99.94%

# Selected internal-coordinate set:
#   1  nu(C1-O2)
#   2  nu(C3-C4)
#   3  nu(C5-H17)
#   4  nu(C6-C7)
#   5  nu(C8-H21)
#   6  nu(O9-H23)
#   7  nu(C1-H12)
#   8  nu(C8-H22)
#   9  nu(C5-H16)
#  10  nu(C4-H15)
#  11  nu(C6-H18)
#  12  nu(C3-H14)
#  13  nu(C8-H20)
#  14  nu(C3-H13)
#  15  nu(C1-H10)
#  16  nu(C7-O9)
#  17  tau(C6-C7-O9-H23)
#  18  gamma(C4;C5,H16,H17)
#  19  nu(C1-H11)
#  20  nu(C6-H19)
#  21  nu(O2-C3)
#  22  gamma(C7;C4,C3,H15)
#  23  gamma(H18;C6,C7,H19)
#  24  delta(H16-C5-H17)
#  25  gamma(H21;C8,H20,H22)
#  26  tau(H12-C1-O2-C3)
#  27  delta(C7-O9-H23)
#  28  delta(H20-C8-H22)
#  29  delta(H10-C1-H11)
#  30  delta(H13-C3-H14)
#  31  delta(O2-C1-H11)
#  32  delta(O2-C1-H10)
#  33  delta(C3-C4-H15)
#  34  delta(C7-C6-H19)
#  35  tau(C6-C7-C8-H21)
#  36  tau(C4-C5-C6-H18)
#  37  delta(C4-C3-H13)
#  38  nu(C7-C8)
#  39  delta(O2-C1-H12)
#  40  tau(H18-C6-C7-C8)
#  41  delta(C4-C3-H14)
#  42  delta(C7-C8-H21)
#  43  delta(C6-C5-H17)
#  44  tau(H14-C3-C4-C5)
#  45  tau(O9-C7-C8-H20)
#  46  nu(C4-C5)
#  47  nu(C5-C6)
#  48  delta(C4-C5-H17)
#  49  tau(H11-C1-O2-C3)
#  50  delta(C7-C8-H22)
#  51  nu(C4-C7)
#  52  delta(C1-O2-C3)
#  53  tau(C4-C7-C8-H22)
#  54  tau(C1-O2-C3-C4)
#  55  gamma(O9;C7,C4,C6)
#  56  tau(C5-C6-C7-C8)
#  57  delta(O2-C3-H13)
#  58  delta(C3-C4-C5)
#  59  tau(O2-C3-C4-C7)
#  60  delta(C6-C7-C8)
#  61  tau(H15-C4-C5-C6)
#  62  delta(C4-C7-C8)
#  63  delta(O2-C3-C4)

Wrote: /local/scratch/mv487/qm9s/experiment_1_phase2/ped/112034/112034_summary.csv
Wrote: /local/scratch/mv487/qm9s/experiment_1_phase2/ped/112034/112034_families.csv
Wrote: /local/scratch/mv487/qm9s/experiment_1_phase2/ped/112034/112034_ped.csv
Wrote: /local/scratch/mv487/qm9s/experiment_1_phase2/ped/112034/112034_ir_transitions.csv

# All generated files are in: /local/scratch/mv487/qm9s/experiment_1_phase2/ped/112034
# Manifest: /local/scratch/mv487/qm9s/experiment_1_phase2/ped/112034/112034_manifest.txt

--- stderr ---
Normal modes/frequencies absent or incomplete: diagonalizing Hessian.
