# Contact: romi@lens.unifi.it
# Manual: https://github.com/SebRoLENS/orca-ped-analyzer/blob/main/docs/ORCA_PED_Analyzer_Manual.md
# Check GitHub for updates and new releases: https://github.com/SebRoLENS/orca-ped-analyzer
#
# Molecule: 22 atoms | non-linear
# Bonds inferred: 22 | candidate ICs: 199 | selected ICs: 60
# Cartesian-Hessian reconstruction relative error: 4.967e-05
# Energy distribution: PED (PED is the backward-compatible default; TED includes kinetic-energy terms)
# Ring/cycle bonds detected: 3 | ring atoms: 3 | ring systems: 1
# VPT2: no matching .out file supplied/found -> harmonic/PED analysis only
#
 Mode   Harm/cm-1   VPT2/cm-1  Harm.Int/km mol-1  Assignment                                                     Grouped PED
------------------------------------------------------------------------------------------------------------------------------------------------------------------------------------------------
    6       54.09          --                 --  mixed C-C torsion / C-N torsion                                C-C torsion 44.61%; C-N torsion 39.28%; C-C-C bending 2.96%; cyclic-ring torsional/out-of-plane deformation 2.01%
    7       58.58          --                 --  mixed C-C torsion / C-N torsion                                C-C torsion 56.98%; C-N torsion 21.89%; C-N-C bending 4.62%; C-N out-of-plane bending 3.58%
    8      134.51          --                 --  mixed C-N-C bending / C-C torsion                              C-N-C bending 25.57%; C-C torsion 22.44%; cyclic-ring torsional/out-of-plane deformation 11.92%; cyclic-ring torsional/out-of-plane deformation 7.79%
    9      163.65          --                 --  C-C torsion                                                    C-C torsion 84.87%; cyclic-ring torsional/out-of-plane deformation 4.52%; cyclic-ring torsional/out-of-plane deformation 3.62%
   10      201.00          --                 --  C-C torsion                                                    C-C torsion 95.01%
   11      225.07          --                 --  C-C torsion                                                    C-C torsion 92.43%
   12      231.72          --                 --  C-C torsion                                                    C-C torsion 99.39%
   13      281.57          --                 --  mixed C-C-C bending / C-C torsion / C-C-N bending              C-C-C bending 30.39%; C-C torsion 28.44%; C-C-N bending 16.07%; C-N out-of-plane bending 8.40%
   14      337.79          --                 --  mixed cyclic-ring torsional/out-of-plane deformation / C-C torsion / ring-site C-H out-of-plane bending cyclic-ring torsional/out-of-plane deformation 31.50%; C-C torsion 24.35%; ring-site C-H out-of-plane bending 18.89%; C-C-O bending 8.30%
   15      346.62          --                 --  mixed C-C torsion / C-C-C bending                              C-C torsion 37.87%; C-C-C bending 19.27%; C-H bending 9.10%; C-C out-of-plane bending 8.31%
   16      374.24          --                 --  mixed C-C-C bending / C-C out-of-plane bending / cyclic-ring out-of-plane deformation C-C-C bending 30.70%; C-C out-of-plane bending 28.03%; cyclic-ring out-of-plane deformation 21.04%; C-H bending 7.45%
   17      393.18          --                 --  mixed cyclic-ring torsional/out-of-plane deformation / ring-site C-H out-of-plane bending cyclic-ring torsional/out-of-plane deformation 25.82%; ring-site C-H out-of-plane bending 23.47%; cyclic-ring out-of-plane deformation 13.88%; C-C torsion 12.77%
   18      453.73          --                 --  mixed C-C torsion / C-N-C bending                              C-C torsion 32.57%; C-N-C bending 16.78%; C-C stretching 9.65%; cyclic-ring out-of-plane deformation 8.74%
   19      514.03          --                 --  mixed C-C out-of-plane bending / cyclic-ring torsional/out-of-plane deformation C-C out-of-plane bending 24.45%; cyclic-ring torsional/out-of-plane deformation 18.81%; C-H bending 13.34%; C-C torsion 11.39%
   20      530.62          --                 --  mixed cyclic-ring torsional/out-of-plane deformation / ring-site C-H out-of-plane bending cyclic-ring torsional/out-of-plane deformation 24.83%; ring-site C-H out-of-plane bending 23.20%; C-C-O bending 14.08%; C-C torsion 12.68%
   21      715.40          --                 --  mixed in-phase exocyclic C-C stretching / opposite-phase cyclic C-N stretching / cyclic C-C stretching in-phase exocyclic C-C stretching 39.96%; opposite-phase cyclic C-N stretching 15.63%; cyclic C-C stretching 15.07%; C-C out-of-plane bending 7.66%
   22      772.78          --                 --  mixed cyclic C-N stretching / C-H bending                      cyclic C-N stretching 21.57%; C-H bending 14.90%; C-C torsion 14.20%; cyclic C-C stretching 8.00%
   23      892.99          --                 --  mixed C-H bending / C-C torsion                                C-H bending 39.10%; C-C torsion 13.80%; opposite-phase cyclic C-N stretching 10.98%; ring-site C-H out-of-plane bending 7.99%
   24      904.34          --                 --  mixed C-H bending / mixed-phase cyclic C-N stretching          C-H bending 41.66%; mixed-phase cyclic C-N stretching 16.57%; C-C stretching 12.46%; C-C torsion 7.40%
   25      922.03          --                 --  mixed ring-site C-H out-of-plane bending / mixed-phase exocyclic C-C stretching ring-site C-H out-of-plane bending 33.43%; mixed-phase exocyclic C-C stretching 22.79%; C-H bending 13.93%; mixed-phase C-C stretching 9.34%
   26      929.00          --                 --  mixed C-C stretching / C-O out-of-plane bending                C-C stretching 30.81%; C-O out-of-plane bending 30.14%; C-H bending 13.41%; cyclic C-N stretching 8.34%
   27      964.00          --                 --  C-H bending                                                    C-H bending 85.17%; opposite-phase exocyclic C-C stretching 5.38%; ring-site C-H out-of-plane bending 3.97%; C-C torsion 3.79%
   28      991.67          --                 --  mixed C-H bending / cyclic C-C stretching                      C-H bending 40.61%; cyclic C-C stretching 11.76%; exocyclic C-N stretching 9.95%; in-phase exocyclic C-C stretching 9.38%
   29     1027.37          --                 --  mixed C-H bending / ring-site C-H out-of-plane bending         C-H bending 50.64%; ring-site C-H out-of-plane bending 31.51%; C-C torsion 9.18%; opposite-phase exocyclic C-C stretching 2.41%
   30     1065.90          --                 --  mixed ring-site C-H out-of-plane bending / C-H bending / opposite-phase C-C stretching ring-site C-H out-of-plane bending 34.10%; C-H bending 20.08%; opposite-phase C-C stretching 16.31%; C-O out-of-plane bending 12.97%
   31     1092.14          --                 --  mixed C-H bending / cyclic C-N stretching / ring-site C-H out-of-plane bending C-H bending 34.80%; cyclic C-N stretching 19.34%; ring-site C-H out-of-plane bending 18.82%; C-C out-of-plane bending 16.53%
   32     1119.56          --                 --  mixed C-H bending / mixed-phase C-C stretching                 C-H bending 39.41%; mixed-phase C-C stretching 19.31%; C-C-N bending 11.84%; C-O out-of-plane bending 7.87%
   33     1127.70          --                 --  mixed C-C out-of-plane bending / ring-site C-H out-of-plane bending C-C out-of-plane bending 58.96%; ring-site C-H out-of-plane bending 28.68%; C-H bending 7.17%
   34     1148.04          --                 --  mixed C-H bending / C-C out-of-plane bending                   C-H bending 52.87%; C-C out-of-plane bending 18.39%; cyclic-ring torsional/out-of-plane deformation 15.31%; ring-site C-H out-of-plane bending 3.95%
   35     1163.02          --                 --  mixed C-H bending / C-C stretching                             C-H bending 44.03%; C-C stretching 16.95%; ring-site C-H out-of-plane bending 8.14%; C-O out-of-plane bending 7.69%
   36     1199.48          --                 --  mixed ring-site C-H out-of-plane bending / exocyclic C-N stretching / C-H bending ring-site C-H out-of-plane bending 26.04%; exocyclic C-N stretching 25.75%; C-H bending 17.63%; C-C out-of-plane bending 7.83%
   37     1289.79          --                 --  mixed opposite-phase exocyclic C-C stretching / C-H bending / cyclic-ring out-of-plane deformation opposite-phase exocyclic C-C stretching 32.15%; C-H bending 30.91%; cyclic-ring out-of-plane deformation 15.35%; cyclic-ring torsional/out-of-plane deformation 7.52%
   38     1310.48          --                 --  mixed C-N out-of-plane bending / C-H bending                   C-N out-of-plane bending 46.39%; C-H bending 42.36%; mixed-phase C-C stretching 4.67%
   39     1345.67          --                 --  mixed C-H bending / C-N out-of-plane bending                   C-H bending 61.73%; C-N out-of-plane bending 22.92%; C-H out-of-plane bending 4.44%; C-C torsion 2.67%
   40     1373.21          --                 --  mixed C-H bending / cyclic C-C stretching / cyclic C-N stretching C-H bending 29.66%; cyclic C-C stretching 19.87%; cyclic C-N stretching 18.04%; C-C-C bending 9.29%
   41     1400.14          --                 --  C-H bending                                                    C-H bending 88.34%; C-N out-of-plane bending 4.21%; opposite-phase C-C stretching 2.96%
   42     1411.26          --                 --  C-H bending                                                    C-H bending 87.15%; C-H out-of-plane bending 6.75%
   43     1417.32          --                 --  mixed C-H bending / C-H out-of-plane bending                   C-H bending 70.98%; C-H out-of-plane bending 20.86%; mixed-phase exocyclic C-C stretching 5.80%
   44     1429.06          --                 --  mixed C-H bending / C-H out-of-plane bending                   C-H bending 49.32%; C-H out-of-plane bending 46.62%; exocyclic C-C stretching 2.63%
   45     1484.59          --                 --  C-H bending                                                    C-H bending 87.86%; C-C torsion 11.11%
   46     1491.48          --                 --  C-H bending                                                    C-H bending 87.75%; C-H out-of-plane bending 6.28%; C-C torsion 5.12%
   47     1492.78          --                 --  C-H bending                                                    C-H bending 80.45%; C-C torsion 18.86%
   48     1501.86          --                 --  C-H bending                                                    C-H bending 85.61%; C-C torsion 12.83%
   49     1505.65          --                 --  C-H bending                                                    C-H bending 73.89%; C-C torsion 17.91%; ring-site C-H out-of-plane bending 5.91%
   50     1509.80          --                 --  mixed C-H bending / C-H out-of-plane bending                   C-H bending 69.88%; C-H out-of-plane bending 14.26%; ring-site C-H out-of-plane bending 10.40%; C-C torsion 4.47%
   51     1518.08          --                 --  mixed C-H bending / ring-site C-H out-of-plane bending         C-H bending 61.87%; ring-site C-H out-of-plane bending 22.85%; cyclic C-C stretching 4.48%; C-C torsion 4.24%
   52     1804.63          --                 --  C-O stretching                                                 C-O stretching 88.40%; C-H bending 5.10%; C-C stretching 4.04%
   53     2897.78          --                 --  C-H stretching                                                 C-H stretching 98.96%
   54     3000.92          --                 --  C-H stretching                                                 C-H stretching 99.26%
   55     3025.17          --                 --  C-H stretching                                                 C-H stretching 99.66%
   56     3034.15          --                 --  C-H stretching                                                 C-H stretching 99.44%
   57     3038.48          --                 --  in-phase C-H stretching                                        in-phase C-H stretching 99.67%
   58     3078.10          --                 --  ring-site C-H stretching                                       ring-site C-H stretching 98.79%
   59     3080.12          --                 --  mixed-phase C-H stretching                                     mixed-phase C-H stretching 99.30%
   60     3086.84          --                 --  mixed-phase C-H stretching                                     mixed-phase C-H stretching 99.60%
   61     3106.35          --                 --  opposite-phase C-H stretching                                  opposite-phase C-H stretching 99.16%
   62     3115.46          --                 --  mixed-phase C-H stretching                                     mixed-phase C-H stretching 99.34%
   63     3116.31          --                 --  mixed-phase C-H stretching                                     mixed-phase C-H stretching 99.20%
   64     3119.37          --                 --  mixed-phase C-H stretching                                     mixed-phase C-H stretching 99.04%
   65     3161.89          --                 --  mixed-phase ring-site C-H stretching                           mixed-phase ring-site C-H stretching 99.04%

# Selected internal-coordinate set:
#   1  nu(C1-C2)
#   2  nu(C3-H14)
#   3  nu(N5-C7)
#   4  nu(C6-H15)
#   5  nu(C8-H17)
#   6  nu(C9-H20)
#   7  nu(C8-H19)
#   8  nu(C9-H21)
#   9  nu(C2-H13)
#  10  nu(C1-H10)
#  11  nu(C6-H16)
#  12  nu(C8-H18)
#  13  nu(C9-H22)
#  14  nu(C1-H11)
#  15  nu(C3-O4)
#  16  gamma(O4;C3,C2,H14)
#  17  gamma(C7;C6,H15,H16)
#  18  gamma(N5;C2,C1,H13)
#  19  nu(C1-H12)
#  20  nu(C7-C9)
#  21  gamma(C8;C7,N5,C9)
#  22  delta(O4-C3-H14)
#  23  delta(H15-C6-H16)
#  24  gamma(H17;C8,H18,H19)
#  25  nu(C2-N5)
#  26  delta(H18-C8-H19)
#  27  delta(H21-C9-H22)
#  28  delta(H10-C1-H11)
#  29  delta(H20-C9-H21)
#  30  delta(H10-C1-H12)
#  31  delta(H20-C9-H22)
#  32  delta(H11-C1-H12)
#  33  tau(C9-C7-C8-H17)
#  34  delta(C1-C2-H13)
#  35  nu(N5-C6)
#  36  delta(C7-C9-H22)
#  37  gamma(H16;C6,N5,C7)
#  38  delta(C7-C8-H17)
#  39  delta(C2-C3-O4)
#  40  nu(C7-C8)
#  41  delta(C2-C1-H11)
#  42  nu(C2-C3)
#  43  delta(C2-C1-H10)
#  44  tau(N5-C7-C8-H19)
#  45  tau(C2-N5-C6-C7)
#  46  delta(C7-C9-H21)
#  47  delta(C7-C8-H19)
#  48  tau(H10-C1-C2-C3)
#  49  tau(N5-C2-C3-O4)
#  50  tau(H16-C6-C7-C9)
#  51  nu(C6-C7)
#  52  delta(C2-N5-C6)
#  53  tau(C8-C7-C9-H22)
#  54  delta(C1-C2-C3)
#  55  gamma(C9;C7,N5,C6)
#  56  tau(H12-C1-C2-N5)
#  57  delta(C8-C7-C9)
#  58  delta(C1-C2-N5)
#  59  tau(C3-C2-N5-C6)
#  60  tau(N5-C6-C7-C9)

Wrote: /local/scratch/mv487/qm9s/experiment_1_phase2/ped/55826/55826_summary.csv
Wrote: /local/scratch/mv487/qm9s/experiment_1_phase2/ped/55826/55826_families.csv
Wrote: /local/scratch/mv487/qm9s/experiment_1_phase2/ped/55826/55826_ped.csv
Wrote: /local/scratch/mv487/qm9s/experiment_1_phase2/ped/55826/55826_ir_transitions.csv

# All generated files are in: /local/scratch/mv487/qm9s/experiment_1_phase2/ped/55826
# Manifest: /local/scratch/mv487/qm9s/experiment_1_phase2/ped/55826/55826_manifest.txt

--- stderr ---
Normal modes/frequencies absent or incomplete: diagonalizing Hessian.
