# Contact: romi@lens.unifi.it
# Manual: https://github.com/SebRoLENS/orca-ped-analyzer/blob/main/docs/ORCA_PED_Analyzer_Manual.md
# Check GitHub for updates and new releases: https://github.com/SebRoLENS/orca-ped-analyzer
#
# Molecule: 15 atoms | non-linear
# Bonds inferred: 16 | candidate ICs: 128 | selected ICs: 39
# Cartesian-Hessian reconstruction relative error: 3.175e-05
# Energy distribution: PED (PED is the backward-compatible default; TED includes kinetic-energy terms)
# Ring/cycle bonds detected: 8 | ring atoms: 8 | ring systems: 2
# VPT2: no matching .out file supplied/found -> harmonic/PED analysis only
#
 Mode   Harm/cm-1   VPT2/cm-1  Harm.Int/km mol-1  Assignment                                                     Grouped PED
------------------------------------------------------------------------------------------------------------------------------------------------------------------------------------------------
    6       72.06          --                 --  mixed C-O torsion / inter-ring C-C torsion                     C-O torsion 60.95%; inter-ring C-C torsion 31.09%; C-C-C bending 2.93%; cyclic-ring torsional/out-of-plane deformation 2.00%
    7      148.93          --                 --  mixed C-O torsion / cyclic-ring torsional/out-of-plane deformation / cyclic-ring torsional/out-of-plane deformation C-O torsion 34.04%; cyclic-ring torsional/out-of-plane deformation 27.72%; cyclic-ring torsional/out-of-plane deformation 17.02%; C-C-C bending 12.60%
    8      184.31          --                 --  mixed C-O torsion / cyclic-ring torsional/out-of-plane deformation C-O torsion 32.64%; cyclic-ring torsional/out-of-plane deformation 16.42%; C-C-N bending 13.11%; C-C-C bending 11.13%
    9      319.34          --                 --  mixed O-C-C bending / C-C-N bending / ring-site C-H out-of-plane bending O-C-C bending 30.04%; C-C-N bending 17.20%; ring-site C-H out-of-plane bending 16.01%; cyclic-ring torsional/out-of-plane deformation 15.25%
   10      386.62          --                 --  mixed O-C-C bending / ring-site C-H out-of-plane bending       O-C-C bending 25.74%; ring-site C-H out-of-plane bending 14.86%; C-O torsion 14.85%; cyclic-ring torsional/out-of-plane deformation 11.69%
   11      467.21          --                 --  mixed O-C-C bending / cyclic-ring out-of-plane deformation     O-C-C bending 34.34%; cyclic-ring out-of-plane deformation 15.30%; ring-site C-H out-of-plane bending 10.05%; C-O torsion 8.94%
   12      512.02          --                 --  C-O torsion                                                    C-O torsion 96.61%
   13      546.87          --                 --  mixed C-O torsion / O-C-C bending                              C-O torsion 49.00%; O-C-C bending 19.99%; cyclic-ring torsional/out-of-plane deformation 6.50%; inter-ring C-C stretching 5.78%
   14      589.27          --                 --  ring-site N-H out-of-plane bending                             ring-site N-H out-of-plane bending 99.56%
   15      696.63          --                 --  mixed C-C-C bending / ring-site C-H in-plane bending           C-C-C bending 19.49%; ring-site C-H in-plane bending 15.96%; O-C-C bending 10.27%; cyclic-ring out-of-plane deformation 9.89%
   16      729.86          --                 --  ring-site N-H out-of-plane bending                             ring-site N-H out-of-plane bending 94.87%; cyclic-ring torsional/out-of-plane deformation 3.57%
   17      757.80          --                 --  mixed cyclic-ring out-of-plane deformation / cyclic C-C stretching cyclic-ring out-of-plane deformation 30.02%; cyclic C-C stretching 23.02%; ring-site C-H out-of-plane bending 14.94%; ring-site C-H in-plane bending 10.67%
   18      795.06          --                 --  mixed cyclic-ring torsional/out-of-plane deformation / ring-site C-H out-of-plane bending cyclic-ring torsional/out-of-plane deformation 38.21%; ring-site C-H out-of-plane bending 26.10%; cyclic-ring out-of-plane deformation 9.68%; ring-site N-H out-of-plane bending 5.78%
   19      833.34          --                 --  mixed ring-site C-H out-of-plane bending / cyclic-ring out-of-plane deformation ring-site C-H out-of-plane bending 40.17%; cyclic-ring out-of-plane deformation 20.36%; mixed-phase cyclic C-C stretching 12.88%; ring-site C-H in-plane bending 5.98%
   20      938.92          --                 --  mixed ring-site C-H out-of-plane bending / cyclic-ring out-of-plane deformation ring-site C-H out-of-plane bending 48.09%; cyclic-ring out-of-plane deformation 15.54%; ring-site C-H in-plane bending 14.09%; cyclic C-C stretching 6.52%
   21     1008.69          --                 --  mixed cyclic C-C stretching / exocyclic C-O stretching / cyclic-ring out-of-plane deformation cyclic C-C stretching 36.71%; exocyclic C-O stretching 19.36%; cyclic-ring out-of-plane deformation 16.54%; cyclic-ring deformation (C-N-N bend) 8.41%
   22     1021.20          --                 --  mixed cyclic C-N stretching / mixed-phase cyclic N-N stretching / cyclic-ring deformation (N-N-N bend) cyclic C-N stretching 39.96%; mixed-phase cyclic N-N stretching 28.26%; cyclic-ring deformation (N-N-N bend) 15.71%; ring-site C-H out-of-plane bending 7.69%
   23     1049.09          --                 --  mixed ring-site C-H out-of-plane bending / cyclic-ring out-of-plane deformation ring-site C-H out-of-plane bending 36.29%; cyclic-ring out-of-plane deformation 21.71%; ring-site C-H in-plane bending 13.78%; cyclic C-C stretching 6.65%
   24     1062.93          --                 --  mixed ring-site C-H out-of-plane bending / cyclic-ring out-of-plane deformation ring-site C-H out-of-plane bending 40.79%; cyclic-ring out-of-plane deformation 35.10%; ring-site C-H in-plane bending 14.54%; cyclic C-C stretching 3.81%
   25     1087.27          --                 --  mixed cyclic-ring deformation (C-N-N bend) / ring-site C-H out-of-plane bending cyclic-ring deformation (C-N-N bend) 42.32%; ring-site C-H out-of-plane bending 12.39%; in-phase cyclic C-N stretching 8.04%; cyclic N-N stretching 7.87%
   26     1125.71          --                 --  mixed ring-site C-H out-of-plane bending / C-O torsion         ring-site C-H out-of-plane bending 61.00%; C-O torsion 13.83%; ring-site C-H in-plane bending 13.46%; cyclic-ring out-of-plane deformation 5.30%
   27     1135.47          --                 --  mixed cyclic N-N stretching / cyclic-ring deformation (N-N-N bend) cyclic N-N stretching 66.53%; cyclic-ring deformation (N-N-N bend) 24.54%; ring-site C-H out-of-plane bending 3.32%
   28     1146.63          --                 --  mixed cyclic-ring out-of-plane deformation / C-O torsion / ring-site C-H in-plane bending cyclic-ring out-of-plane deformation 27.41%; C-O torsion 16.18%; ring-site C-H in-plane bending 15.48%; O-H bending 9.52%
   29     1175.81          --                 --  mixed cyclic-ring deformation (N-N-N bend) / mixed-phase cyclic N-N stretching cyclic-ring deformation (N-N-N bend) 43.05%; mixed-phase cyclic N-N stretching 38.63%; ring-site N-H in-plane bending 6.96%; cyclic C-N stretching 5.75%
   30     1228.39          --                 --  mixed cyclic C-C stretching / exocyclic C-O stretching / ring-site C-H in-plane bending cyclic C-C stretching 26.12%; exocyclic C-O stretching 23.05%; ring-site C-H in-plane bending 18.33%; C-H bending 10.97%
   31     1245.41          --                 --  mixed cyclic N-N stretching / opposite-phase cyclic C-N stretching cyclic N-N stretching 66.21%; opposite-phase cyclic C-N stretching 23.33%; cyclic C-C stretching 3.33%
   32     1320.34          --                 --  mixed mixed-phase cyclic C-N stretching / mixed-phase cyclic N-N stretching mixed-phase cyclic C-N stretching 21.26%; mixed-phase cyclic N-N stretching 19.72%; ring-site C-H in-plane bending 13.60%; cyclic-ring deformation (C-N-N bend) 11.64%
   33     1355.86          --                 --  mixed C-H bending / ring-site C-H in-plane bending             C-H bending 24.53%; ring-site C-H in-plane bending 13.70%; cyclic C-N stretching 13.63%; cyclic-ring out-of-plane deformation 11.07%
   34     1369.16          --                 --  mixed mixed-phase cyclic C-N stretching / O-H bending          mixed-phase cyclic C-N stretching 19.62%; O-H bending 13.62%; ring-site N-H in-plane bending 10.13%; ring-site C-H out-of-plane bending 8.45%
   35     1461.46          --                 --  mixed O-H bending / C-H bending / ring-site C-H in-plane bending O-H bending 30.09%; C-H bending 24.63%; ring-site C-H in-plane bending 16.25%; ring-site C-H out-of-plane bending 14.93%
   36     1488.60          --                 --  mixed ring-site N-H in-plane bending / mixed-phase cyclic N-N stretching ring-site N-H in-plane bending 35.13%; mixed-phase cyclic N-N stretching 14.94%; O-H bending 9.05%; inter-ring C-C stretching 7.64%
   37     1493.24          --                 --  mixed ring-site C-H out-of-plane bending / C-H bending         ring-site C-H out-of-plane bending 15.04%; C-H bending 14.92%; ring-site C-H in-plane bending 14.22%; cyclic-ring out-of-plane deformation 12.22%
   38     1557.88          --                 --  mixed cyclic C-N stretching / inter-ring C-C stretching        cyclic C-N stretching 35.66%; inter-ring C-C stretching 26.37%; cyclic-ring deformation (C-N-N bend) 11.34%; C-C-N bending 6.91%
   39     3127.74          --                 --  in-phase ring-site C-H stretching                              in-phase ring-site C-H stretching 99.33%
   40     3174.65          --                 --  mixed-phase ring-site C-H stretching                           mixed-phase ring-site C-H stretching 98.74%
   41     3184.13          --                 --  ring-site C-H stretching                                       ring-site C-H stretching 99.16%
   42     3218.11          --                 --  opposite-phase ring-site C-H stretching                        opposite-phase ring-site C-H stretching 99.37%
   43     3633.77          --                 --  ring-site N-H stretching                                       ring-site N-H stretching 98.59%
   44     3660.61          --                 --  O-H stretching                                                 O-H stretching 99.50%

# Selected internal-coordinate set:
#   1  nu(O1-C2)
#   2  nu(C3-C4)
#   3  nu(C5-N6)
#   4  nu(N7-N8)
#   5  nu(N8-N9)
#   6  nu(O1-H10)
#   7  nu(C2-H11)
#   8  nu(C3-H13)
#   9  nu(N6-N7)
#  10  nu(C5-N9)
#  11  nu(C4-H14)
#  12  tau(N6-C5-N9-N8)
#  13  gamma(H15;N7,N6,N8)
#  14  tau(H10-O1-C2-H11)
#  15  tau(H13-C3-C4-H14)
#  16  tau(C4-C5-N9-N8)
#  17  nu(C3-H12)
#  18  nu(N7-H15)
#  19  tau(H10-O1-C2-C3)
#  20  tau(H12-C3-C4-H14)
#  21  delta(C3-C4-H14)
#  22  delta(O1-C2-H11)
#  23  delta(C2-O1-H10)
#  24  delta(C5-N9-N8)
#  25  delta(N6-N7-H15)
#  26  delta(C4-C3-H13)
#  27  delta(C4-C3-H12)
#  28  delta(N6-N7-N8)
#  29  gamma(C2;C3,C4,H12)
#  30  delta(C2-C4-C5)
#  31  nu(C2-C3)
#  32  tau(H15-N7-N8-N9)
#  33  nu(C4-C5)
#  34  delta(O1-C2-C3)
#  35  gamma(C2;C3,C4,H13)
#  36  tau(C2-C4-C5-N6)
#  37  delta(C4-C5-N9)
#  38  delta(O1-C2-C4)
#  39  tau(C3-C2-C4-C5)

Wrote: /local/scratch/mv487/qm9s/experiment_1_phase2/ped/121156/121156_summary.csv
Wrote: /local/scratch/mv487/qm9s/experiment_1_phase2/ped/121156/121156_families.csv
Wrote: /local/scratch/mv487/qm9s/experiment_1_phase2/ped/121156/121156_ped.csv
Wrote: /local/scratch/mv487/qm9s/experiment_1_phase2/ped/121156/121156_ir_transitions.csv

# All generated files are in: /local/scratch/mv487/qm9s/experiment_1_phase2/ped/121156
# Manifest: /local/scratch/mv487/qm9s/experiment_1_phase2/ped/121156/121156_manifest.txt

--- stderr ---
Normal modes/frequencies absent or incomplete: diagonalizing Hessian.
