# Contact: romi@lens.unifi.it
# Manual: https://github.com/SebRoLENS/orca-ped-analyzer/blob/main/docs/ORCA_PED_Analyzer_Manual.md
# Check GitHub for updates and new releases: https://github.com/SebRoLENS/orca-ped-analyzer
#
# Molecule: 21 atoms | non-linear
# Bonds inferred: 22 | candidate ICs: 229 | selected ICs: 57
# Cartesian-Hessian reconstruction relative error: 2.761e-05
# Energy distribution: PED (PED is the backward-compatible default; TED includes kinetic-energy terms)
# Ring/cycle bonds detected: 7 | ring atoms: 6 | ring systems: 1
# VPT2: no matching .out file supplied/found -> harmonic/PED analysis only
#
 Mode   Harm/cm-1   VPT2/cm-1  Harm.Int/km mol-1  Assignment                                                     Grouped PED
------------------------------------------------------------------------------------------------------------------------------------------------------------------------------------------------
    6       51.02          --                 --  ring-site C-H out-of-plane bending                             ring-site C-H out-of-plane bending 82.90%; cyclic-ring torsional/out-of-plane deformation 6.55%; C-C torsion 3.36%; ring-site C-H in-plane bending 2.47%
    7      130.06          --                 --  mixed ring-site C-H out-of-plane bending / cyclic-ring deformation (C-C-C bend) / cyclic-ring torsional/out-of-plane deformation ring-site C-H out-of-plane bending 35.42%; cyclic-ring deformation (C-C-C bend) 31.26%; cyclic-ring torsional/out-of-plane deformation 15.72%; cyclic-ring out-of-plane deformation 6.71%
    8      170.61          --                 --  C-C torsion                                                    C-C torsion 98.50%
    9      205.83          --                 --  mixed C-C-C bending / C-C torsion                              C-C-C bending 41.30%; C-C torsion 26.24%; ring-site C-H in-plane bending 7.48%; cyclic-ring deformation (C-C-C bend) 6.31%
   10      214.16          --                 --  C-C torsion                                                    C-C torsion 70.33%; cyclic-ring deformation (C-C-C bend) 17.80%; ring-site C-H out-of-plane bending 4.41%; ring-site C-H in-plane bending 2.90%
   11      250.24          --                 --  mixed C-C torsion / ring-site C-H out-of-plane bending / cyclic-ring deformation (C-C-C bend) C-C torsion 35.39%; ring-site C-H out-of-plane bending 22.14%; cyclic-ring deformation (C-C-C bend) 16.34%; ring-site C-H in-plane bending 12.94%
   12      315.22          --                 --  mixed C-C out-of-plane bending / ring-site C-H in-plane bending C-C out-of-plane bending 44.24%; ring-site C-H in-plane bending 10.58%; C-H bending 8.75%; ring-site C-H out-of-plane bending 7.22%
   13      385.62          --                 --  mixed cyclic-ring out-of-plane deformation / C-H bending       cyclic-ring out-of-plane deformation 48.03%; C-H bending 13.55%; ring-site C-H out-of-plane bending 9.06%; ring-site C-H in-plane bending 8.20%
   14      451.23          --                 --  mixed cyclic-ring deformation (C-C-C bend) / ring-site C-H out-of-plane bending cyclic-ring deformation (C-C-C bend) 45.67%; ring-site C-H out-of-plane bending 18.62%; C-H bending 10.41%; ring-site C-H in-plane bending 7.56%
   15      504.17          --                 --  mixed cyclic-ring deformation (C-C-C bend) / cyclic-ring out-of-plane deformation cyclic-ring deformation (C-C-C bend) 18.52%; cyclic-ring out-of-plane deformation 15.62%; ring-site C-H in-plane bending 12.62%; ring-site C-H out-of-plane bending 10.29%
   16      570.37          --                 --  mixed cyclic-ring deformation (C-C-C bend) / mixed-phase cyclic C-C stretching cyclic-ring deformation (C-C-C bend) 53.89%; mixed-phase cyclic C-C stretching 9.41%; ring-site C-H out-of-plane bending 8.13%; exocyclic C-C stretching 6.53%
   17      603.59          --                 --  mixed mixed-phase cyclic C-C stretching / C-H bending          mixed-phase cyclic C-C stretching 29.58%; C-H bending 14.82%; C-C torsion 9.03%; cyclic-ring deformation (C-C-C bend) 8.86%
   18      706.23          --                 --  mixed cyclic-ring deformation (C-C-C bend) / ring-site C-H out-of-plane bending / mixed-phase cyclic C-C stretching cyclic-ring deformation (C-C-C bend) 46.02%; ring-site C-H out-of-plane bending 17.56%; mixed-phase cyclic C-C stretching 15.43%; ring-site C-H in-plane bending 7.63%
   19      764.38          --                 --  mixed mixed-phase cyclic C-C stretching / ring-site C-H out-of-plane bending mixed-phase cyclic C-C stretching 43.30%; ring-site C-H out-of-plane bending 18.65%; cyclic-ring deformation (C-C-C bend) 10.00%; C-H bending 8.53%
   20      796.82          --                 --  mixed mixed-phase cyclic C-C stretching / ring-site C-H out-of-plane bending mixed-phase cyclic C-C stretching 25.94%; ring-site C-H out-of-plane bending 22.49%; ring-site C-H in-plane bending 14.50%; C-H bending 10.30%
   21      832.37          --                 --  mixed mixed-phase cyclic C-C stretching / cyclic-ring deformation (C-C-C bend) / ring-site C-H out-of-plane bending mixed-phase cyclic C-C stretching 39.08%; cyclic-ring deformation (C-C-C bend) 21.47%; ring-site C-H out-of-plane bending 15.80%; ring-site C-H in-plane bending 13.47%
   22      876.61          --                 --  mixed cyclic C-C stretching / cyclic-ring deformation (C-C-C bend) / C-H bending cyclic C-C stretching 26.91%; cyclic-ring deformation (C-C-C bend) 23.63%; C-H bending 21.37%; ring-site C-H out-of-plane bending 11.25%
   23      890.92          --                 --  mixed opposite-phase cyclic C-C stretching / C-H bending       opposite-phase cyclic C-C stretching 50.06%; C-H bending 27.32%; cyclic-ring deformation (C-C-C bend) 9.97%; ring-site C-H in-plane bending 5.15%
   24      931.52          --                 --  mixed ring-site C-H out-of-plane bending / C-H bending / ring-site C-H in-plane bending ring-site C-H out-of-plane bending 29.80%; C-H bending 27.69%; ring-site C-H in-plane bending 25.45%; mixed-phase cyclic C-C stretching 7.00%
   25      958.28          --                 --  mixed mixed-phase cyclic C-C stretching / C-H bending          mixed-phase cyclic C-C stretching 36.44%; C-H bending 30.15%; cyclic-ring deformation (C-C-C bend) 12.58%; ring-site C-H in-plane bending 12.46%
   26      990.62          --                 --  mixed C-H bending / ring-site C-H out-of-plane bending         C-H bending 47.79%; ring-site C-H out-of-plane bending 15.58%; mixed-phase cyclic C-C stretching 14.06%; ring-site C-H in-plane bending 11.06%
   27     1023.07          --                 --  mixed C-H bending / ring-site C-H in-plane bending / mixed-phase cyclic C-C stretching C-H bending 27.84%; ring-site C-H in-plane bending 23.74%; mixed-phase cyclic C-C stretching 21.22%; ring-site C-H out-of-plane bending 9.74%
   28     1067.49          --                 --  mixed ring-site C-H in-plane bending / ring-site C-H out-of-plane bending ring-site C-H in-plane bending 47.10%; ring-site C-H out-of-plane bending 24.09%; mixed-phase cyclic C-C stretching 12.78%; C-C out-of-plane bending 4.11%
   29     1084.47          --                 --  mixed mixed-phase cyclic C-C stretching / C-H bending / ring-site C-H out-of-plane bending mixed-phase cyclic C-C stretching 20.77%; C-H bending 18.46%; ring-site C-H out-of-plane bending 17.53%; ring-site C-H in-plane bending 15.03%
   30     1108.98          --                 --  mixed mixed-phase cyclic C-C stretching / C-H bending / exocyclic C-C stretching mixed-phase cyclic C-C stretching 22.13%; C-H bending 19.59%; exocyclic C-C stretching 16.32%; ring-site C-H in-plane bending 12.90%
   31     1115.01          --                 --  mixed mixed-phase cyclic C-C stretching / ring-site C-H out-of-plane bending / C-H bending mixed-phase cyclic C-C stretching 28.30%; ring-site C-H out-of-plane bending 23.26%; C-H bending 19.62%; ring-site C-H in-plane bending 18.90%
   32     1131.33          --                 --  mixed C-H bending / mixed-phase cyclic C-C stretching / ring-site C-H in-plane bending C-H bending 26.43%; mixed-phase cyclic C-C stretching 23.40%; ring-site C-H in-plane bending 17.86%; cyclic-ring deformation (C-C-C bend) 12.75%
   33     1145.83          --                 --  mixed ring-site C-H out-of-plane bending / mixed-phase cyclic C-C stretching ring-site C-H out-of-plane bending 33.62%; mixed-phase cyclic C-C stretching 22.21%; C-H bending 14.32%; in-phase exocyclic C-C stretching 12.57%
   34     1165.80          --                 --  mixed C-H bending / mixed-phase cyclic C-C stretching          C-H bending 23.46%; mixed-phase cyclic C-C stretching 19.70%; ring-site C-H out-of-plane bending 14.32%; opposite-phase exocyclic C-C stretching 13.10%
   35     1207.37          --                 --  mixed ring-site C-H in-plane bending / ring-site C-H out-of-plane bending / C-H bending ring-site C-H in-plane bending 33.63%; ring-site C-H out-of-plane bending 28.45%; C-H bending 17.22%; opposite-phase cyclic C-C stretching 6.55%
   36     1227.25          --                 --  mixed ring-site C-H in-plane bending / C-H bending / ring-site C-H out-of-plane bending ring-site C-H in-plane bending 33.62%; C-H bending 23.18%; ring-site C-H out-of-plane bending 20.94%; cyclic-ring out-of-plane deformation 9.61%
   37     1244.96          --                 --  mixed ring-site C-H in-plane bending / C-C out-of-plane bending ring-site C-H in-plane bending 51.96%; C-C out-of-plane bending 14.81%; mixed-phase cyclic C-C stretching 11.68%; C-H bending 6.89%
   38     1271.37          --                 --  mixed C-C out-of-plane bending / ring-site C-H in-plane bending C-C out-of-plane bending 60.00%; ring-site C-H in-plane bending 25.63%; mixed-phase cyclic C-C stretching 7.57%; C-H bending 3.50%
   39     1304.39          --                 --  mixed ring-site C-H out-of-plane bending / C-C out-of-plane bending / ring-site C-H in-plane bending ring-site C-H out-of-plane bending 27.74%; C-C out-of-plane bending 26.28%; ring-site C-H in-plane bending 25.80%; mixed-phase cyclic C-C stretching 11.91%
   40     1319.06          --                 --  mixed ring-site C-H in-plane bending / ring-site C-H out-of-plane bending ring-site C-H in-plane bending 41.14%; ring-site C-H out-of-plane bending 24.53%; C-C out-of-plane bending 13.72%; mixed-phase cyclic C-C stretching 8.94%
   41     1339.79          --                 --  mixed C-H bending / ring-site C-H in-plane bending             C-H bending 56.28%; ring-site C-H in-plane bending 28.02%; in-phase cyclic C-C stretching 6.12%; exocyclic C-C stretching 3.73%
   42     1369.61          --                 --  mixed C-H bending / ring-site C-H out-of-plane bending         C-H bending 57.64%; ring-site C-H out-of-plane bending 30.18%; ring-site C-H in-plane bending 3.94%; cyclic C-C stretching 3.16%
   43     1413.43          --                 --  mixed C-H out-of-plane bending / C-H bending                   C-H out-of-plane bending 57.01%; C-H bending 39.58%; exocyclic C-C stretching 2.19%
   44     1421.50          --                 --  C-H bending                                                    C-H bending 94.01%; exocyclic C-C stretching 4.44%
   45     1488.49          --                 --  mixed C-H bending / ring-site C-H out-of-plane bending         C-H bending 55.59%; ring-site C-H out-of-plane bending 20.93%; ring-site C-H in-plane bending 11.83%; C-C torsion 7.64%
   46     1497.64          --                 --  C-H bending                                                    C-H bending 94.94%; C-C torsion 3.47%
   47     1498.23          --                 --  C-H bending                                                    C-H bending 96.40%; C-C torsion 2.61%
   48     1501.13          --                 --  mixed C-H bending / C-C torsion                                C-H bending 68.99%; C-C torsion 13.66%; C-H out-of-plane bending 13.64%
   49     1505.52          --                 --  mixed C-H bending / C-C torsion                                C-H bending 66.01%; C-C torsion 12.57%; ring-site C-H out-of-plane bending 11.50%; ring-site C-H in-plane bending 5.33%
   50     1841.14          --                 --  exocyclic C-O stretching                                       exocyclic C-O stretching 71.81%; cyclic-ring deformation (C-C-C bend) 16.25%; in-phase cyclic C-C stretching 9.42%
   51     2999.62          --                 --  ring-site C-H stretching                                       ring-site C-H stretching 98.33%
   52     3026.50          --                 --  C-H stretching                                                 C-H stretching 98.76%
   53     3035.13          --                 --  in-phase C-H stretching                                        in-phase C-H stretching 98.30%
   54     3042.11          --                 --  ring-site C-H stretching                                       ring-site C-H stretching 94.13%; C-H stretching 4.38%
   55     3055.95          --                 --  ring-site C-H stretching                                       ring-site C-H stretching 97.37%
   56     3085.28          --                 --  opposite-phase C-H stretching                                  opposite-phase C-H stretching 99.16%
   57     3091.59          --                 --  mixed-phase ring-site C-H stretching                           mixed-phase ring-site C-H stretching 91.84%; mixed-phase C-H stretching 7.34%
   58     3096.22          --                 --  mixed mixed-phase C-H stretching / mixed-phase ring-site C-H stretching mixed-phase C-H stretching 73.47%; mixed-phase ring-site C-H stretching 25.90%
   59     3097.24          --                 --  mixed-phase C-H stretching                                     mixed-phase C-H stretching 81.19%; mixed-phase ring-site C-H stretching 18.22%
   60     3100.65          --                 --  mixed mixed-phase ring-site C-H stretching / mixed-phase C-H stretching mixed-phase ring-site C-H stretching 50.14%; mixed-phase C-H stretching 49.01%
   61     3103.82          --                 --  opposite-phase C-H stretching                                  opposite-phase C-H stretching 81.48%; mixed-phase ring-site C-H stretching 17.87%
   62     3116.50          --                 --  mixed-phase ring-site C-H stretching                           mixed-phase ring-site C-H stretching 97.41%

# Selected internal-coordinate set:
#   1  nu(C1-C2)
#   2  nu(C3-H14)
#   3  nu(C5-C7)
#   4  nu(C6-H18)
#   5  nu(C4-C9)
#   6  nu(C4-C5)
#   7  nu(C7-C9)
#   8  nu(C6-H19)
#   9  nu(C3-H15)
#  10  nu(C2-H13)
#  11  nu(C1-H11)
#  12  nu(C5-H17)
#  13  nu(C6-H20)
#  14  nu(C1-H12)
#  15  tau(C4-C5-C7-O8)
#  16  gamma(C2;C3,H14,H15)
#  17  nu(C1-H10)
#  18  nu(C9-H21)
#  19  nu(C4-H16)
#  20  gamma(C9;C2,C1,H13)
#  21  gamma(H21;C9,C4,C7)
#  22  nu(C7-O8)
#  23  delta(H14-C3-H15)
#  24  gamma(H20;C6,H18,H19)
#  25  delta(C4-C5-H17)
#  26  delta(H18-C6-H19)
#  27  delta(H11-C1-H12)
#  28  delta(H10-C1-H12)
#  29  delta(H10-C1-H11)
#  30  delta(C7-C5-H17)
#  31  delta(C9-C4-H16)
#  32  delta(C1-C2-H13)
#  33  tau(C7-C5-C6-H20)
#  34  delta(O8-C7-C9)
#  35  delta(C3-C4-H16)
#  36  tau(C3-C2-C9-H21)
#  37  delta(C5-C6-H18)
#  38  delta(C2-C1-H10)
#  39  delta(C2-C3-C4)
#  40  gamma(H15;C3,C2,C4)
#  41  nu(C3-C4)
#  42  delta(C5-C6-H19)
#  43  tau(C4-C5-C6-H19)
#  44  delta(C2-C9-C7)
#  45  nu(C5-C6)
#  46  tau(H10-C1-C2-H13)
#  47  nu(C2-C9)
#  48  delta(C6-C5-H17)
#  49  delta(C2-C1-H11)
#  50  delta(C5-C7-C9)
#  51  nu(C2-C3)
#  52  delta(C2-C3-H15)
#  53  gamma(C1;C2,C3,C9)
#  54  delta(C6-C5-C7)
#  55  delta(C3-C4-C5)
#  56  tau(H13-C2-C3-C4)
#  57  tau(H13-C2-C9-C7)

Wrote: /local/scratch/mv487/qm9s/experiment_1_phase2/ped/83518/83518_summary.csv
Wrote: /local/scratch/mv487/qm9s/experiment_1_phase2/ped/83518/83518_families.csv
Wrote: /local/scratch/mv487/qm9s/experiment_1_phase2/ped/83518/83518_ped.csv
Wrote: /local/scratch/mv487/qm9s/experiment_1_phase2/ped/83518/83518_ir_transitions.csv

# All generated files are in: /local/scratch/mv487/qm9s/experiment_1_phase2/ped/83518
# Manifest: /local/scratch/mv487/qm9s/experiment_1_phase2/ped/83518/83518_manifest.txt

--- stderr ---
Normal modes/frequencies absent or incomplete: diagonalizing Hessian.
