# Contact: romi@lens.unifi.it
# Manual: https://github.com/SebRoLENS/orca-ped-analyzer/blob/main/docs/ORCA_PED_Analyzer_Manual.md
# Check GitHub for updates and new releases: https://github.com/SebRoLENS/orca-ped-analyzer
#
# Molecule: 20 atoms | non-linear
# Bonds inferred: 20 | candidate ICs: 170 | selected ICs: 54
# Cartesian-Hessian reconstruction relative error: 1.804e-05
# Energy distribution: PED (PED is the backward-compatible default; TED includes kinetic-energy terms)
# Ring/cycle bonds detected: 4 | ring atoms: 4 | ring systems: 1
# VPT2: no matching .out file supplied/found -> harmonic/PED analysis only
#
 Mode   Harm/cm-1   VPT2/cm-1  Harm.Int/km mol-1  Assignment                                                     Grouped PED
------------------------------------------------------------------------------------------------------------------------------------------------------------------------------------------------
    6       35.98          --                 --  mixed C-C torsion / cyclic-ring torsional/out-of-plane deformation C-C torsion 54.04%; cyclic-ring torsional/out-of-plane deformation 23.36%; C-O out-of-plane bending 5.84%; C-N torsion 4.77%
    7      104.70          --                 --  mixed ring-site C-H out-of-plane bending / cyclic-ring torsional/out-of-plane deformation ring-site C-H out-of-plane bending 52.61%; cyclic-ring torsional/out-of-plane deformation 24.43%; C-O torsion 10.20%; C-N torsion 3.39%
    8      111.40          --                 --  mixed ring-site C-H out-of-plane bending / C-C-C bending       ring-site C-H out-of-plane bending 65.49%; C-C-C bending 7.91%; O-C-C bending 5.53%; cyclic-ring out-of-plane deformation 4.71%
    9      137.17          --                 --  mixed C-O torsion / ring-site C-H out-of-plane bending         C-O torsion 60.35%; ring-site C-H out-of-plane bending 15.86%; cyclic-ring torsional/out-of-plane deformation 10.18%; C-N torsion 3.74%
   10      186.90          --                 --  mixed ring-site C-H out-of-plane bending / cyclic-ring torsional/out-of-plane deformation ring-site C-H out-of-plane bending 62.60%; cyclic-ring torsional/out-of-plane deformation 11.07%; C-O torsion 8.13%; C-N torsion 6.38%
   11      226.82          --                 --  C-N torsion                                                    C-N torsion 94.40%
   12      260.27          --                 --  mixed C-N torsion / cyclic-ring out-of-plane deformation       C-N torsion 54.49%; cyclic-ring out-of-plane deformation 17.79%; C-N-C bending 9.76%; cyclic-ring torsional/out-of-plane deformation 3.35%
   13      289.64          --                 --  mixed cyclic-ring out-of-plane deformation / C-N torsion       cyclic-ring out-of-plane deformation 35.69%; C-N torsion 18.95%; C-O-C bending 10.95%; C-C-C bending 5.88%
   14      338.41          --                 --  mixed ring-site C-H out-of-plane bending / O-C-O bending       ring-site C-H out-of-plane bending 23.65%; O-C-O bending 11.59%; cyclic-ring out-of-plane deformation 11.12%; C-O-C bending 11.03%
   15      371.59          --                 --  mixed ring-site C-H out-of-plane bending / cyclic-ring out-of-plane deformation / C-N-C bending ring-site C-H out-of-plane bending 28.72%; cyclic-ring out-of-plane deformation 22.88%; C-N-C bending 17.36%; C-N torsion 8.70%
   16      434.06          --                 --  mixed ring-site C-H out-of-plane bending / C-N-C bending       ring-site C-H out-of-plane bending 23.50%; C-N-C bending 19.57%; cyclic-ring out-of-plane deformation 12.87%; O-C-C bending 9.67%
   17      596.28          --                 --  mixed ring-site C-H out-of-plane bending / ring-site C-H in-plane bending ring-site C-H out-of-plane bending 44.44%; ring-site C-H in-plane bending 15.95%; exocyclic C-C stretching 7.00%; C-O out-of-plane bending 6.78%
   18      674.89          --                 --  mixed cyclic-ring deformation (C-N-C bend) / exocyclic C-N stretching cyclic-ring deformation (C-N-C bend) 45.33%; exocyclic C-N stretching 11.56%; in-phase cyclic C-N stretching 11.06%; ring-site C-H in-plane bending 9.68%
   19      784.92          --                 --  mixed ring-site C-H out-of-plane bending / O-C-O bending       ring-site C-H out-of-plane bending 21.95%; O-C-O bending 20.34%; C-O out-of-plane bending 12.93%; ring-site C-H in-plane bending 12.28%
   20      807.72          --                 --  mixed ring-site C-H in-plane bending / ring-site C-H out-of-plane bending ring-site C-H in-plane bending 41.21%; ring-site C-H out-of-plane bending 30.07%; C-O out-of-plane bending 6.91%; cyclic-ring deformation (C-N-C bend) 5.24%
   21      851.89          --                 --  mixed ring-site C-H out-of-plane bending / ring-site C-H in-plane bending ring-site C-H out-of-plane bending 38.90%; ring-site C-H in-plane bending 25.08%; C-O stretching 5.48%; mixed-phase cyclic C-C stretching 4.06%
   22      934.59          --                 --  mixed mixed-phase cyclic C-C stretching / C-O stretching       mixed-phase cyclic C-C stretching 43.87%; C-O stretching 20.32%; ring-site C-H in-plane bending 13.16%; ring-site C-H out-of-plane bending 7.37%
   23      954.31          --                 --  mixed ring-site C-H in-plane bending / cyclic C-N stretching / ring-site C-H out-of-plane bending ring-site C-H in-plane bending 26.94%; cyclic C-N stretching 21.77%; ring-site C-H out-of-plane bending 17.47%; cyclic C-C stretching 11.80%
   24      974.14          --                 --  mixed cyclic C-C stretching / C-O stretching                   cyclic C-C stretching 34.58%; C-O stretching 30.64%; cyclic-ring deformation (C-N-C bend) 11.66%; ring-site C-H in-plane bending 5.85%
   25      991.55          --                 --  mixed mixed-phase cyclic C-N stretching / C-H bending          mixed-phase cyclic C-N stretching 44.81%; C-H bending 29.39%; cyclic C-C stretching 5.23%; ring-site C-H in-plane bending 4.41%
   26     1050.64          --                 --  mixed ring-site C-H in-plane bending / mixed-phase C-O stretching ring-site C-H in-plane bending 30.06%; mixed-phase C-O stretching 23.61%; exocyclic C-C stretching 10.31%; ring-site C-H out-of-plane bending 10.30%
   27     1095.75          --                 --  mixed ring-site C-H out-of-plane bending / ring-site C-H in-plane bending ring-site C-H out-of-plane bending 44.76%; ring-site C-H in-plane bending 26.49%; C-H bending 9.27%; cyclic C-C stretching 8.27%
   28     1145.15          --                 --  mixed ring-site C-H in-plane bending / C-H bending             ring-site C-H in-plane bending 48.68%; C-H bending 19.04%; cyclic C-C stretching 10.29%; C-N torsion 4.02%
   29     1163.31          --                 --  mixed ring-site C-H in-plane bending / C-H bending / ring-site C-H out-of-plane bending ring-site C-H in-plane bending 36.97%; C-H bending 22.30%; ring-site C-H out-of-plane bending 17.39%; cyclic C-N stretching 7.86%
   30     1174.01          --                 --  C-H bending                                                    C-H bending 98.85%
   31     1199.04          --                 --  mixed ring-site C-H in-plane bending / C-H bending / ring-site C-H out-of-plane bending ring-site C-H in-plane bending 42.58%; C-H bending 22.93%; ring-site C-H out-of-plane bending 19.41%; cyclic C-C stretching 3.26%
   32     1208.41          --                 --  mixed C-H bending / ring-site C-H in-plane bending             C-H bending 65.43%; ring-site C-H in-plane bending 11.30%; O-C-O bending 6.14%; C-O-C bending 3.34%
   33     1212.24          --                 --  mixed exocyclic C-N stretching / ring-site C-H out-of-plane bending / ring-site C-H in-plane bending exocyclic C-N stretching 28.33%; ring-site C-H out-of-plane bending 20.38%; ring-site C-H in-plane bending 16.91%; cyclic C-N stretching 14.44%
   34     1222.40          --                 --  mixed mixed-phase C-O stretching / C-H bending / ring-site C-H in-plane bending mixed-phase C-O stretching 34.74%; C-H bending 30.74%; ring-site C-H in-plane bending 17.61%; O-C-O bending 7.59%
   35     1237.72          --                 --  mixed ring-site C-H out-of-plane bending / C-H bending / ring-site C-H in-plane bending ring-site C-H out-of-plane bending 39.16%; C-H bending 20.97%; ring-site C-H in-plane bending 20.23%; mixed-phase cyclic C-N stretching 9.53%
   36     1264.80          --                 --  ring-site C-H in-plane bending                                 ring-site C-H in-plane bending 81.80%; ring-site C-H out-of-plane bending 7.23%
   37     1289.10          --                 --  mixed ring-site C-H in-plane bending / ring-site C-H out-of-plane bending / C-H bending ring-site C-H in-plane bending 38.15%; ring-site C-H out-of-plane bending 31.27%; C-H bending 15.72%; opposite-phase cyclic C-C stretching 5.96%
   38     1333.11          --                 --  mixed ring-site C-H in-plane bending / ring-site C-H out-of-plane bending ring-site C-H in-plane bending 48.48%; ring-site C-H out-of-plane bending 26.51%; cyclic-ring deformation (C-N-C bend) 5.66%; cyclic C-C stretching 4.82%
   39     1389.81          --                 --  mixed ring-site C-H in-plane bending / ring-site C-H out-of-plane bending ring-site C-H in-plane bending 47.28%; ring-site C-H out-of-plane bending 13.57%; exocyclic C-C stretching 12.28%; C-H bending 8.45%
   40     1452.06          --                 --  mixed C-H out-of-plane bending / C-H bending                   C-H out-of-plane bending 65.18%; C-H bending 31.71%
   41     1476.24          --                 --  C-H bending                                                    C-H bending 94.78%; C-O stretching 2.16%
   42     1486.97          --                 --  C-H bending                                                    C-H bending 99.24%
   43     1491.31          --                 --  mixed C-H bending / C-N torsion                                C-H bending 59.86%; C-N torsion 33.30%; ring-site C-H out-of-plane bending 2.52%
   44     1499.42          --                 --  C-H bending                                                    C-H bending 78.19%; ring-site C-H in-plane bending 11.57%; ring-site C-H out-of-plane bending 8.84%
   45     1500.31          --                 --  C-H bending                                                    C-H bending 99.17%
   46     1501.39          --                 --  mixed C-H bending / C-H out-of-plane bending                   C-H bending 62.58%; C-H out-of-plane bending 16.33%; C-N torsion 14.21%; ring-site C-H out-of-plane bending 3.35%
   47     1527.56          --                 --  mixed ring-site C-H out-of-plane bending / ring-site C-H in-plane bending ring-site C-H out-of-plane bending 50.09%; ring-site C-H in-plane bending 22.45%; C-H bending 22.27%
   48     1794.95          --                 --  C-O stretching                                                 C-O stretching 81.87%; O-C-C bending 6.19%; exocyclic C-C stretching 4.85%; O-C-O bending 3.18%
   49     2915.76          --                 --  C-H stretching                                                 C-H stretching 98.90%
   50     2950.89          --                 --  mixed-phase ring-site C-H stretching                           mixed-phase ring-site C-H stretching 99.01%
   51     2967.16          --                 --  ring-site C-H stretching                                       ring-site C-H stretching 98.75%
   52     3054.12          --                 --  C-H stretching                                                 C-H stretching 99.70%
   53     3062.30          --                 --  C-H stretching                                                 C-H stretching 98.34%
   54     3067.01          --                 --  ring-site C-H stretching                                       ring-site C-H stretching 97.85%
   55     3096.98          --                 --  in-phase ring-site C-H stretching                              in-phase ring-site C-H stretching 99.25%
   56     3108.76          --                 --  mixed-phase C-H stretching                                     mixed-phase C-H stretching 99.30%
   57     3125.98          --                 --  opposite-phase C-H stretching                                  opposite-phase C-H stretching 99.52%
   58     3151.20          --                 --  opposite-phase ring-site C-H stretching                        opposite-phase ring-site C-H stretching 99.21%
   59     3159.54          --                 --  mixed-phase C-H stretching                                     mixed-phase C-H stretching 99.35%

# Selected internal-coordinate set:
#   1  nu(C1-H11)
#   2  nu(O2-C3)
#   3  nu(C5-C6)
#   4  nu(C7-N8)
#   5  nu(C9-H18)
#   6  nu(C5-N8)
#   7  nu(C6-C7)
#   8  nu(C9-H19)
#   9  nu(C1-H12)
#  10  nu(C9-H20)
#  11  nu(C7-H16)
#  12  nu(C5-H13)
#  13  nu(C1-H10)
#  14  nu(C6-H15)
#  15  nu(C3-O4)
#  16  gamma(O2;C3,O4,C5)
#  17  nu(C7-H17)
#  18  nu(C1-O2)
#  19  nu(C6-H14)
#  20  gamma(C9;N8,C5,C7)
#  21  delta(O2-C3-O4)
#  22  gamma(H19;C9,H18,H20)
#  23  tau(H13-C5-C6-H15)
#  24  delta(H18-C9-H20)
#  25  delta(H10-C1-H11)
#  26  tau(H15-C6-C7-H16)
#  27  delta(H10-C1-H12)
#  28  delta(C6-C5-H13)
#  29  delta(H11-C1-H12)
#  30  delta(C7-C6-H14)
#  31  tau(C1-O2-C3-C5)
#  32  tau(H14-C6-C7-H17)
#  33  tau(C7-N8-C9-H19)
#  34  delta(C6-C7-H17)
#  35  tau(H16-C7-N8-C5)
#  36  delta(O2-C1-H10)
#  37  delta(N8-C9-H19)
#  38  delta(C3-C5-C6)
#  39  delta(H14-C6-H15)
#  40  tau(C5-N8-C9-H18)
#  41  nu(N8-C9)
#  42  nu(C3-C5)
#  43  tau(H10-C1-O2-C3)
#  44  delta(N8-C9-H18)
#  45  delta(C5-C6-H14)
#  46  delta(O2-C1-H11)
#  47  delta(N8-C7-H16)
#  48  delta(O2-C3-C5)
#  49  delta(C5-N8-C7)
#  50  delta(C1-O2-C3)
#  51  tau(O2-C3-C5-C6)
#  52  tau(C3-C5-C6-C7)
#  53  delta(N8-C5-H13)
#  54  delta(C7-N8-C9)

Wrote: /local/scratch/mv487/qm9s/experiment_1_phase2/ped/91312/91312_summary.csv
Wrote: /local/scratch/mv487/qm9s/experiment_1_phase2/ped/91312/91312_families.csv
Wrote: /local/scratch/mv487/qm9s/experiment_1_phase2/ped/91312/91312_ped.csv
Wrote: /local/scratch/mv487/qm9s/experiment_1_phase2/ped/91312/91312_ir_transitions.csv

# All generated files are in: /local/scratch/mv487/qm9s/experiment_1_phase2/ped/91312
# Manifest: /local/scratch/mv487/qm9s/experiment_1_phase2/ped/91312/91312_manifest.txt

--- stderr ---
Normal modes/frequencies absent or incomplete: diagonalizing Hessian.
