# Contact: romi@lens.unifi.it
# Manual: https://github.com/SebRoLENS/orca-ped-analyzer/blob/main/docs/ORCA_PED_Analyzer_Manual.md
# Check GitHub for updates and new releases: https://github.com/SebRoLENS/orca-ped-analyzer
#
# Molecule: 19 atoms | non-linear
# Bonds inferred: 20 | candidate ICs: 188 | selected ICs: 51
# Cartesian-Hessian reconstruction relative error: 3.580e-05
# Energy distribution: PED (PED is the backward-compatible default; TED includes kinetic-energy terms)
# Ring/cycle bonds detected: 8 | ring atoms: 7 | ring systems: 1
# VPT2: no matching .out file supplied/found -> harmonic/PED analysis only
#
 Mode   Harm/cm-1   VPT2/cm-1  Harm.Int/km mol-1  Assignment                                                     Grouped PED
------------------------------------------------------------------------------------------------------------------------------------------------------------------------------------------------
    6       51.00          --                 --  mixed ring-site C-H out-of-plane bending / cyclic-ring torsional/out-of-plane deformation ring-site C-H out-of-plane bending 48.24%; cyclic-ring torsional/out-of-plane deformation 40.28%; cyclic-ring torsional/out-of-plane deformation 8.82%
    7       98.89          --                 --  C-C torsion                                                    C-C torsion 94.40%; ring-site C-H out-of-plane bending 2.51%
    8      177.03          --                 --  mixed C-C-C bending / ring-site C-H out-of-plane bending / cyclic-ring torsional/out-of-plane deformation C-C-C bending 37.87%; ring-site C-H out-of-plane bending 18.91%; cyclic-ring torsional/out-of-plane deformation 18.89%; O-C-C bending 9.13%
    9      201.79          --                 --  mixed ring-site C-H out-of-plane bending / cyclic-ring torsional/out-of-plane deformation / C-C torsion ring-site C-H out-of-plane bending 37.22%; cyclic-ring torsional/out-of-plane deformation 32.75%; C-C torsion 18.77%; cyclic-ring deformation (C-C-O bend) 3.42%
   10      254.42          --                 --  mixed C-O torsion / ring-site C-H out-of-plane bending / cyclic-ring torsional/out-of-plane deformation C-O torsion 35.95%; ring-site C-H out-of-plane bending 29.18%; cyclic-ring torsional/out-of-plane deformation 25.59%; cyclic-ring deformation (C-C-O bend) 3.95%
   11      295.03          --                 --  mixed cyclic-ring torsional/out-of-plane deformation / ring-site C-H out-of-plane bending / O-C-C bending cyclic-ring torsional/out-of-plane deformation 39.32%; ring-site C-H out-of-plane bending 25.78%; O-C-C bending 17.01%; C-C-C bending 8.90%
   12      321.43          --                 --  mixed cyclic-ring deformation (C-C-O bend) / C-C torsion       cyclic-ring deformation (C-C-O bend) 39.08%; C-C torsion 22.80%; ring-site C-H out-of-plane bending 9.12%; cyclic-ring torsional/out-of-plane deformation 7.48%
   13      335.24          --                 --  mixed cyclic-ring torsional/out-of-plane deformation / ring-site C-H out-of-plane bending cyclic-ring torsional/out-of-plane deformation 33.24%; ring-site C-H out-of-plane bending 30.55%; C-C torsion 12.13%; cyclic-ring out-of-plane deformation 7.58%
   14      469.58          --                 --  mixed cyclic-ring deformation (C-C-O bend) / O-C-C bending     cyclic-ring deformation (C-C-O bend) 23.53%; O-C-C bending 22.51%; cyclic C-C stretching 11.84%; ring-site C-H out-of-plane bending 11.73%
   15      486.35          --                 --  mixed cyclic-ring out-of-plane deformation / ring-site C-H out-of-plane bending cyclic-ring out-of-plane deformation 35.04%; ring-site C-H out-of-plane bending 18.03%; C-C-C bending 14.15%; cyclic-ring torsional/out-of-plane deformation 8.08%
   16      528.11          --                 --  mixed cyclic-ring deformation (O-C-C bend) / in-phase cyclic C-C stretching cyclic-ring deformation (O-C-C bend) 27.70%; in-phase cyclic C-C stretching 13.13%; C-C-C bending 12.73%; O-C-C bending 9.82%
   17      698.12          --                 --  mixed cyclic-ring deformation (C-C-O bend) / C-C torsion       cyclic-ring deformation (C-C-O bend) 39.59%; C-C torsion 19.66%; cyclic-ring deformation (O-C-C bend) 9.02%; C-H bending 8.59%
   18      807.88          --                 --  mixed in-phase cyclic C-C stretching / cyclic-ring out-of-plane deformation in-phase cyclic C-C stretching 30.57%; cyclic-ring out-of-plane deformation 30.19%; ring-site C-H out-of-plane bending 11.55%; C-C torsion 7.35%
   19      833.15          --                 --  mixed cyclic-ring out-of-plane deformation / cyclic C-O stretching cyclic-ring out-of-plane deformation 40.93%; cyclic C-O stretching 16.96%; cyclic-ring deformation (O-C-C bend) 13.25%; C-H bending 6.00%
   20      862.63          --                 --  mixed mixed-phase cyclic C-C stretching / exocyclic C-C stretching mixed-phase cyclic C-C stretching 40.06%; exocyclic C-C stretching 13.97%; cyclic-ring deformation (C-C-O bend) 9.84%; C-C torsion 7.23%
   21      906.61          --                 --  mixed cyclic-ring out-of-plane deformation / mixed-phase cyclic C-C stretching cyclic-ring out-of-plane deformation 39.30%; mixed-phase cyclic C-C stretching 14.84%; ring-site C-H out-of-plane bending 10.92%; C-C torsion 8.98%
   22      928.81          --                 --  mixed mixed-phase cyclic C-O stretching / C-C torsion          mixed-phase cyclic C-O stretching 69.17%; C-C torsion 11.42%; cyclic C-C stretching 8.08%; ring-site C-H out-of-plane bending 3.75%
   23      952.47          --                 --  mixed cyclic C-O stretching / mixed-phase cyclic C-C stretching cyclic C-O stretching 58.48%; mixed-phase cyclic C-C stretching 19.07%; ring-site C-H out-of-plane bending 9.87%; cyclic-ring out-of-plane deformation 4.97%
   24      983.26          --                 --  mixed C-H bending / cyclic-ring out-of-plane deformation / ring-site C-H out-of-plane bending C-H bending 26.13%; cyclic-ring out-of-plane deformation 21.24%; ring-site C-H out-of-plane bending 17.13%; cyclic-ring deformation (C-C-O bend) 9.52%
   25     1028.60          --                 --  mixed C-C torsion / C-H bending                                C-C torsion 29.37%; C-H bending 13.38%; cyclic C-C stretching 11.45%; mixed-phase cyclic C-O stretching 10.53%
   26     1041.22          --                 --  mixed C-O stretching / C-C torsion                             C-O stretching 54.42%; C-C torsion 6.78%; ring-site C-H out-of-plane bending 6.50%; C-H bending 6.21%
   27     1078.21          --                 --  mixed mixed-phase cyclic C-O stretching / cyclic-ring deformation (C-C-O bend) mixed-phase cyclic C-O stretching 31.13%; cyclic-ring deformation (C-C-O bend) 12.18%; ring-site C-H in-plane bending 9.35%; cyclic-ring out-of-plane deformation 9.06%
   28     1098.84          --                 --  mixed mixed-phase cyclic C-O stretching / cyclic C-C stretching mixed-phase cyclic C-O stretching 36.58%; cyclic C-C stretching 9.24%; ring-site C-H out-of-plane bending 9.11%; C-H bending 6.67%
   29     1126.77          --                 --  mixed ring-site C-H in-plane bending / cyclic-ring out-of-plane deformation ring-site C-H in-plane bending 57.95%; cyclic-ring out-of-plane deformation 26.15%; C-C torsion 4.91%; ring-site C-H out-of-plane bending 3.95%
   30     1136.99          --                 --  mixed C-C torsion / C-H bending                                C-C torsion 38.91%; C-H bending 15.35%; ring-site C-H out-of-plane bending 14.73%; C-C-C bending 5.94%
   31     1166.94          --                 --  mixed cyclic-ring out-of-plane deformation / ring-site C-H in-plane bending cyclic-ring out-of-plane deformation 60.04%; ring-site C-H in-plane bending 18.75%; C-C torsion 10.30%; C-H bending 3.83%
   32     1197.53          --                 --  mixed ring-site C-H in-plane bending / C-C torsion             ring-site C-H in-plane bending 43.12%; C-C torsion 17.82%; mixed-phase cyclic C-C stretching 8.52%; cyclic-ring out-of-plane deformation 6.08%
   33     1231.69          --                 --  mixed opposite-phase cyclic C-C stretching / C-C torsion / cyclic-ring out-of-plane deformation opposite-phase cyclic C-C stretching 29.01%; C-C torsion 17.07%; cyclic-ring out-of-plane deformation 17.06%; C-H bending 8.17%
   34     1239.46          --                 --  mixed C-H bending / ring-site C-H in-plane bending             C-H bending 48.25%; ring-site C-H in-plane bending 19.24%; C-C torsion 7.70%; O-H bending 6.02%
   35     1255.03          --                 --  mixed ring-site C-H in-plane bending / C-H bending             ring-site C-H in-plane bending 28.89%; C-H bending 19.65%; O-H bending 9.92%; ring-site C-H out-of-plane bending 9.63%
   36     1269.02          --                 --  mixed ring-site C-H in-plane bending / C-C torsion             ring-site C-H in-plane bending 29.52%; C-C torsion 27.47%; O-H bending 13.01%; C-H bending 10.10%
   37     1289.16          --                 --  mixed C-C torsion / C-H bending                                C-C torsion 44.21%; C-H bending 34.70%; ring-site C-H in-plane bending 5.63%; ring-site C-H out-of-plane bending 4.89%
   38     1337.62          --                 --  mixed ring-site C-H in-plane bending / ring-site C-H out-of-plane bending ring-site C-H in-plane bending 50.71%; ring-site C-H out-of-plane bending 25.65%; mixed-phase cyclic C-C stretching 10.52%; cyclic-ring deformation (O-C-C bend) 3.98%
   39     1363.67          --                 --  mixed C-H bending / C-C torsion                                C-H bending 64.23%; C-C torsion 17.47%; ring-site C-H out-of-plane bending 5.43%; mixed-phase cyclic C-C stretching 5.38%
   40     1375.67          --                 --  mixed ring-site C-H out-of-plane bending / ring-site C-H in-plane bending ring-site C-H out-of-plane bending 52.28%; ring-site C-H in-plane bending 15.44%; in-phase cyclic C-C stretching 14.67%; C-H bending 9.64%
   41     1424.02          --                 --  mixed mixed-phase cyclic C-C stretching / C-H bending / ring-site C-H in-plane bending mixed-phase cyclic C-C stretching 40.06%; C-H bending 16.34%; ring-site C-H in-plane bending 15.51%; C-C torsion 11.17%
   42     1455.60          --                 --  C-H bending                                                    C-H bending 74.58%; O-H bending 7.50%; exocyclic C-C stretching 6.96%; C-C torsion 5.71%
   43     1508.26          --                 --  mixed C-H bending / ring-site C-H out-of-plane bending         C-H bending 67.84%; ring-site C-H out-of-plane bending 17.79%; ring-site C-H in-plane bending 12.09%
   44     1521.10          --                 --  mixed C-C torsion / C-H bending                                C-C torsion 53.41%; C-H bending 36.07%; ring-site C-H out-of-plane bending 4.67%; ring-site C-H in-plane bending 2.63%
   45     1525.14          --                 --  mixed ring-site C-H out-of-plane bending / C-H bending         ring-site C-H out-of-plane bending 56.84%; C-H bending 21.28%; ring-site C-H in-plane bending 9.70%; C-C torsion 8.59%
   46     1535.30          --                 --  C-H bending                                                    C-H bending 70.45%; ring-site C-H in-plane bending 9.51%; cyclic C-C stretching 8.14%; cyclic-ring out-of-plane deformation 7.81%
   47     2993.39          --                 --  in-phase C-H stretching                                        in-phase C-H stretching 94.03%; ring-site C-H stretching 5.32%
   48     2996.24          --                 --  mixed-phase ring-site C-H stretching                           mixed-phase ring-site C-H stretching 94.34%; in-phase C-H stretching 4.77%
   49     3001.01          --                 --  ring-site C-H stretching                                       ring-site C-H stretching 98.71%
   50     3027.11          --                 --  opposite-phase C-H stretching                                  opposite-phase C-H stretching 96.77%; ring-site C-H stretching 2.11%
   51     3079.04          --                 --  in-phase ring-site C-H stretching                              in-phase ring-site C-H stretching 99.05%
   52     3086.88          --                 --  mixed-phase ring-site C-H stretching                           mixed-phase ring-site C-H stretching 99.15%
   53     3088.84          --                 --  ring-site C-H stretching                                       ring-site C-H stretching 97.49%
   54     3132.99          --                 --  ring-site C-H stretching                                       ring-site C-H stretching 99.28%
   55     3161.32          --                 --  opposite-phase ring-site C-H stretching                        opposite-phase ring-site C-H stretching 99.42%
   56     3825.08          --                 --  O-H stretching                                                 O-H stretching 99.92%

# Selected internal-coordinate set:
#   1  nu(O1-H10)
#   2  nu(C2-C3)
#   3  nu(C4-O5)
#   4  nu(C6-C7)
#   5  nu(C8-O9)
#   6  nu(C4-H15)
#   7  nu(C6-H16)
#   8  nu(C3-H13)
#   9  nu(C2-H11)
#  10  nu(C8-H19)
#  11  nu(C2-H12)
#  12  nu(C4-H14)
#  13  gamma(O9;C8,C7,H18)
#  14  nu(C6-H17)
#  15  nu(C3-C7)
#  16  nu(O5-C6)
#  17  nu(O1-C2)
#  18  nu(C8-H18)
#  19  tau(H10-O1-C2-C3)
#  20  gamma(H14;C4,O5,H15)
#  21  gamma(C8;C7,C3,C6)
#  22  tau(H11-C2-C3-H13)
#  23  delta(O9-C8-H19)
#  24  delta(O5-C6-H16)
#  25  delta(C2-O1-H10)
#  26  delta(H16-C6-H17)
#  27  delta(H18-C8-H19)
#  28  delta(O1-C2-H12)
#  29  delta(C2-C3-H13)
#  30  delta(O5-C4-H15)
#  31  tau(C2-C3-C4-H14)
#  32  delta(O5-C6-H17)
#  33  delta(C3-C2-H12)
#  34  delta(C3-C2-H11)
#  35  gamma(C7;C8,O9,H19)
#  36  gamma(C7;C8,O9,H18)
#  37  tau(H15-C4-O5-C6)
#  38  delta(C3-C4-O5)
#  39  tau(H12-C2-C3-H13)
#  40  nu(C3-C4)
#  41  tau(C4-O5-C6-H17)
#  42  nu(C7-C8)
#  43  delta(O5-C6-C7)
#  44  delta(O1-C2-C3)
#  45  tau(C3-C4-O5-C6)
#  46  delta(C6-C7-O9)
#  47  tau(O1-C2-C3-C7)
#  48  delta(C2-C3-C4)
#  49  delta(C2-C3-C7)
#  50  tau(C6-C7-O9-C8)
#  51  tau(C2-C3-C7-C6)

Wrote: /local/scratch/mv487/qm9s/experiment_1_phase2/ped/107509/107509_summary.csv
Wrote: /local/scratch/mv487/qm9s/experiment_1_phase2/ped/107509/107509_families.csv
Wrote: /local/scratch/mv487/qm9s/experiment_1_phase2/ped/107509/107509_ped.csv
Wrote: /local/scratch/mv487/qm9s/experiment_1_phase2/ped/107509/107509_ir_transitions.csv

# All generated files are in: /local/scratch/mv487/qm9s/experiment_1_phase2/ped/107509
# Manifest: /local/scratch/mv487/qm9s/experiment_1_phase2/ped/107509/107509_manifest.txt

--- stderr ---
Normal modes/frequencies absent or incomplete: diagonalizing Hessian.
