# Contact: romi@lens.unifi.it
# Manual: https://github.com/SebRoLENS/orca-ped-analyzer/blob/main/docs/ORCA_PED_Analyzer_Manual.md
# Check GitHub for updates and new releases: https://github.com/SebRoLENS/orca-ped-analyzer
#
# Molecule: 19 atoms | non-linear
# Bonds inferred: 19 | candidate ICs: 161 | selected ICs: 51
# Cartesian-Hessian reconstruction relative error: 2.653e-05
# Energy distribution: PED (PED is the backward-compatible default; TED includes kinetic-energy terms)
# Ring/cycle bonds detected: 6 | ring atoms: 6 | ring systems: 1
# VPT2: no matching .out file supplied/found -> harmonic/PED analysis only
#
 Mode   Harm/cm-1   VPT2/cm-1  Harm.Int/km mol-1  Assignment                                                     Grouped PED
------------------------------------------------------------------------------------------------------------------------------------------------------------------------------------------------
    6       72.44          --                 --  mixed C-C torsion / ring-site C-H out-of-plane bending         C-C torsion 38.25%; ring-site C-H out-of-plane bending 33.21%; cyclic-ring torsional/out-of-plane deformation 11.82%; cyclic-ring torsional/out-of-plane deformation 7.53%
    7       97.93          --                 --  C-C torsion                                                    C-C torsion 97.34%
    8      160.54          --                 --  mixed ring-site C-H out-of-plane bending / C-C torsion / cyclic-ring torsional/out-of-plane deformation ring-site C-H out-of-plane bending 32.56%; C-C torsion 24.72%; cyclic-ring torsional/out-of-plane deformation 21.10%; cyclic-ring deformation (C-O-C bend) 11.20%
    9      165.88          --                 --  mixed ring-site C-H out-of-plane bending / C-C-C bending / C-C torsion ring-site C-H out-of-plane bending 28.23%; C-C-C bending 27.13%; C-C torsion 21.32%; cyclic-ring deformation (C-C-O bend) 6.24%
   10      202.02          --                 --  C-C torsion                                                    C-C torsion 88.26%; ring-site C-H out-of-plane bending 7.95%
   11      268.58          --                 --  C-C torsion                                                    C-C torsion 84.10%; ring-site C-H out-of-plane bending 7.04%; cyclic-ring torsional/out-of-plane deformation 4.09%; cyclic-ring deformation (C-O-C bend) 2.41%
   12      351.19          --                 --  mixed C-C-C bending / C-C torsion                              C-C-C bending 34.71%; C-C torsion 23.64%; cyclic-ring deformation (C-O-C bend) 13.06%; C-H bending 7.30%
   13      415.00          --                 --  cyclic-ring deformation (C-O-C bend)                           cyclic-ring deformation (C-O-C bend) 76.12%; cyclic-ring deformation (C-C-O bend) 5.68%; O-C-O bending 4.40%; C-C-C bending 3.42%
   14      450.40          --                 --  mixed C-C torsion / cyclic-ring deformation (C-C-O bend)       C-C torsion 41.74%; cyclic-ring deformation (C-C-O bend) 22.14%; C-C-C bending 9.56%; C-H bending 8.03%
   15      508.08          --                 --  mixed ring-site C-H out-of-plane bending / C-C torsion / cyclic-ring deformation (C-C-O bend) ring-site C-H out-of-plane bending 25.93%; C-C torsion 20.75%; cyclic-ring deformation (C-C-O bend) 18.09%; ring-site C-H in-plane bending 9.31%
   16      539.18          --                 --  mixed O-C-O bending / C-C-C bending                            O-C-O bending 20.53%; C-C-C bending 13.60%; cyclic-ring out-of-plane deformation 11.82%; ring-site C-H out-of-plane bending 9.96%
   17      566.47          --                 --  mixed cyclic-ring out-of-plane deformation / ring-site C-H out-of-plane bending cyclic-ring out-of-plane deformation 27.62%; ring-site C-H out-of-plane bending 24.81%; cyclic-ring deformation (C-C-O bend) 12.57%; cyclic-ring deformation (C-O-C bend) 10.95%
   18      715.51          --                 --  mixed cyclic-ring deformation (C-O-C bend) / cyclic-ring deformation (C-C-O bend) cyclic-ring deformation (C-O-C bend) 27.90%; cyclic-ring deformation (C-C-O bend) 15.10%; O-C-O bending 11.19%; mixed-phase cyclic C-O stretching 9.42%
   19      763.12          --                 --  mixed C-C torsion / C-H bending                                C-C torsion 48.39%; C-H bending 26.62%; cyclic C-O stretching 13.35%; cyclic C-C stretching 4.43%
   20      787.36          --                 --  mixed C-C torsion / C-H bending                                C-C torsion 42.95%; C-H bending 29.05%; cyclic C-O stretching 9.68%; cyclic C-C stretching 7.15%
   21      891.40          --                 --  mixed cyclic C-O stretching / cyclic-ring deformation (C-O-C bend) / C-H bending cyclic C-O stretching 25.72%; cyclic-ring deformation (C-O-C bend) 25.15%; C-H bending 20.67%; cyclic-ring deformation (C-C-O bend) 8.64%
   22      944.28          --                 --  mixed C-H bending / C-C stretching                             C-H bending 53.43%; C-C stretching 11.84%; C-C torsion 11.22%; exocyclic C-C stretching 6.18%
   23      995.60          --                 --  mixed C-H bending / C-H out-of-plane bending                   C-H bending 29.78%; C-H out-of-plane bending 15.50%; cyclic-ring deformation (C-C-O bend) 12.33%; cyclic C-C stretching 10.94%
   24     1016.84          --                 --  mixed C-H bending / C-C stretching / mixed-phase cyclic C-O stretching C-H bending 23.55%; C-C stretching 21.87%; mixed-phase cyclic C-O stretching 16.73%; ring-site C-H in-plane bending 11.97%
   25     1022.62          --                 --  mixed ring-site C-H in-plane bending / ring-site C-H out-of-plane bending ring-site C-H in-plane bending 39.80%; ring-site C-H out-of-plane bending 30.08%; cyclic-ring out-of-plane deformation 11.76%; cyclic-ring deformation (C-O-C bend) 5.72%
   26     1072.04          --                 --  mixed cyclic C-O stretching / C-C stretching                   cyclic C-O stretching 48.67%; C-C stretching 13.30%; cyclic-ring deformation (C-O-C bend) 9.32%; O-C-O bending 6.01%
   27     1102.81          --                 --  mixed mixed-phase cyclic C-O stretching / ring-site C-H in-plane bending mixed-phase cyclic C-O stretching 29.95%; ring-site C-H in-plane bending 17.39%; C-H out-of-plane bending 10.57%; C-H bending 9.54%
   28     1124.80          --                 --  mixed mixed-phase cyclic C-O stretching / ring-site C-H in-plane bending mixed-phase cyclic C-O stretching 58.93%; ring-site C-H in-plane bending 15.52%; cyclic C-C stretching 6.64%; exocyclic C-C stretching 5.57%
   29     1155.59          --                 --  mixed C-H bending / C-H out-of-plane bending                   C-H bending 19.45%; C-H out-of-plane bending 14.85%; mixed-phase cyclic C-O stretching 13.69%; C-C-C bending 12.37%
   30     1171.03          --                 --  mixed C-H bending / ring-site C-H in-plane bending             C-H bending 48.16%; ring-site C-H in-plane bending 13.36%; C-C torsion 9.80%; exocyclic C-C stretching 9.35%
   31     1226.40          --                 --  mixed mixed-phase cyclic C-O stretching / mixed-phase cyclic C-C stretching / ring-site C-H in-plane bending mixed-phase cyclic C-O stretching 42.83%; mixed-phase cyclic C-C stretching 22.39%; ring-site C-H in-plane bending 15.21%; O-C-O bending 10.30%
   32     1272.03          --                 --  ring-site C-H in-plane bending                                 ring-site C-H in-plane bending 76.36%; C-C torsion 10.59%; C-H bending 8.63%
   33     1276.25          --                 --  mixed ring-site C-H in-plane bending / C-H bending             ring-site C-H in-plane bending 66.77%; C-H bending 23.90%; ring-site C-H out-of-plane bending 3.88%; C-C torsion 2.11%
   34     1319.42          --                 --  mixed C-H bending / ring-site C-H in-plane bending             C-H bending 44.55%; ring-site C-H in-plane bending 36.57%; C-C torsion 8.31%; cyclic-ring deformation (C-O-C bend) 2.57%
   35     1322.69          --                 --  mixed C-H bending / C-H out-of-plane bending / C-C torsion     C-H bending 46.56%; C-H out-of-plane bending 27.73%; C-C torsion 18.49%
   36     1371.25          --                 --  mixed ring-site C-H in-plane bending / C-H out-of-plane bending ring-site C-H in-plane bending 57.29%; C-H out-of-plane bending 11.47%; ring-site C-H out-of-plane bending 10.35%; C-H bending 7.11%
   37     1402.99          --                 --  mixed C-H out-of-plane bending / C-H bending                   C-H out-of-plane bending 44.12%; C-H bending 29.34%; ring-site C-H in-plane bending 11.51%; C-C torsion 6.93%
   38     1407.20          --                 --  mixed ring-site C-H in-plane bending / C-C torsion / C-H bending ring-site C-H in-plane bending 44.62%; C-C torsion 22.36%; C-H bending 20.47%; C-H out-of-plane bending 3.66%
   39     1420.30          --                 --  mixed C-H bending / C-H out-of-plane bending                   C-H bending 47.41%; C-H out-of-plane bending 44.09%; ring-site C-H in-plane bending 3.52%; C-C stretching 2.35%
   40     1436.30          --                 --  mixed ring-site C-H in-plane bending / C-H bending             ring-site C-H in-plane bending 58.22%; C-H bending 13.98%; cyclic C-C stretching 7.50%; C-H out-of-plane bending 6.09%
   41     1473.71          --                 --  mixed ring-site C-H out-of-plane bending / ring-site C-H in-plane bending ring-site C-H out-of-plane bending 49.37%; ring-site C-H in-plane bending 40.35%; C-H out-of-plane bending 4.17%; C-H bending 2.25%
   42     1482.59          --                 --  mixed C-H out-of-plane bending / C-C torsion                   C-H out-of-plane bending 47.32%; C-C torsion 38.74%; C-H bending 12.25%
   43     1502.00          --                 --  C-H bending                                                    C-H bending 76.26%; C-C torsion 16.50%; C-H out-of-plane bending 6.72%
   44     1505.72          --                 --  C-H bending                                                    C-H bending 74.96%; ring-site C-H in-plane bending 16.34%; C-C torsion 3.15%; C-H out-of-plane bending 3.04%
   45     1513.10          --                 --  mixed C-C torsion / C-H bending                                C-C torsion 54.51%; C-H bending 38.49%; C-H out-of-plane bending 5.04%
   46     1820.14          --                 --  exocyclic C-O stretching                                       exocyclic C-O stretching 81.80%; cyclic-ring deformation (C-O-C bend) 7.64%; cyclic C-C stretching 4.13%; O-C-O bending 3.00%
   47     2955.81          --                 --  ring-site C-H stretching                                       ring-site C-H stretching 98.32%
   48     2985.42          --                 --  ring-site C-H stretching                                       ring-site C-H stretching 99.65%
   49     3028.80          --                 --  in-phase C-H stretching                                        in-phase C-H stretching 96.31%; ring-site C-H stretching 2.66%
   50     3035.51          --                 --  C-H stretching                                                 C-H stretching 99.56%
   51     3051.32          --                 --  ring-site C-H stretching                                       ring-site C-H stretching 94.93%; C-H stretching 4.02%
   52     3063.61          --                 --  mixed-phase C-H stretching                                     mixed-phase C-H stretching 96.34%; ring-site C-H stretching 2.61%
   53     3096.30          --                 --  opposite-phase C-H stretching                                  opposite-phase C-H stretching 98.89%
   54     3110.37          --                 --  mixed-phase ring-site C-H stretching                           mixed-phase ring-site C-H stretching 95.67%; opposite-phase C-H stretching 3.50%
   55     3117.34          --                 --  mixed-phase C-H stretching                                     mixed-phase C-H stretching 96.84%; ring-site C-H stretching 2.29%
   56     3122.57          --                 --  ring-site C-H stretching                                       ring-site C-H stretching 99.40%

# Selected internal-coordinate set:
#   1  nu(C1-H12)
#   2  nu(C2-C3)
#   3  nu(C4-H16)
#   4  nu(O5-C6)
#   5  nu(C8-H18)
#   6  nu(C1-H11)
#   7  nu(C8-H19)
#   8  nu(C2-H13)
#   9  nu(C3-O9)
#  10  nu(C4-H17)
#  11  nu(C2-H14)
#  12  nu(C1-H10)
#  13  nu(C6-O7)
#  14  nu(C3-H15)
#  15  nu(C8-O9)
#  16  gamma(C8;C6,O5,O7)
#  17  nu(C4-O5)
#  18  tau(H19-C8-O9-C3)
#  19  tau(H14-C2-C3-H15)
#  20  gamma(H10;C1,H11,H12)
#  21  tau(H18-C8-O9-C3)
#  22  delta(H16-C4-H17)
#  23  delta(O5-C4-H17)
#  24  delta(H11-C1-H12)
#  25  tau(H10-C1-C2-H13)
#  26  delta(O5-C6-O7)
#  27  delta(O9-C8-H18)
#  28  delta(C3-C2-H14)
#  29  delta(O5-C4-H16)
#  30  delta(C2-C3-H15)
#  31  delta(O9-C8-H19)
#  32  gamma(H13;C2,C3,H14)
#  33  delta(C2-C1-H12)
#  34  delta(C4-O5-C6)
#  35  tau(C4-O5-C6-O7)
#  36  tau(H12-C1-C2-H13)
#  37  nu(C3-C4)
#  38  delta(C3-C4-H17)
#  39  delta(C6-C8-H18)
#  40  nu(C6-C8)
#  41  delta(C3-O9-C8)
#  42  delta(C1-C2-H13)
#  43  nu(C1-C2)
#  44  tau(H11-C1-C2-C3)
#  45  delta(C2-C1-H11)
#  46  tau(C1-C2-C3-C4)
#  47  delta(C2-C3-C4)
#  48  delta(O9-C3-H15)
#  49  delta(C1-C2-C3)
#  50  tau(C2-C3-C4-O5)
#  51  delta(C3-C4-O5)

Wrote: /local/scratch/mv487/qm9s/experiment_1_phase2/ped/106564/106564_summary.csv
Wrote: /local/scratch/mv487/qm9s/experiment_1_phase2/ped/106564/106564_families.csv
Wrote: /local/scratch/mv487/qm9s/experiment_1_phase2/ped/106564/106564_ped.csv
Wrote: /local/scratch/mv487/qm9s/experiment_1_phase2/ped/106564/106564_ir_transitions.csv

# All generated files are in: /local/scratch/mv487/qm9s/experiment_1_phase2/ped/106564
# Manifest: /local/scratch/mv487/qm9s/experiment_1_phase2/ped/106564/106564_manifest.txt

--- stderr ---
Normal modes/frequencies absent or incomplete: diagonalizing Hessian.
