# Contact: romi@lens.unifi.it
# Manual: https://github.com/SebRoLENS/orca-ped-analyzer/blob/main/docs/ORCA_PED_Analyzer_Manual.md
# Check GitHub for updates and new releases: https://github.com/SebRoLENS/orca-ped-analyzer
#
# Molecule: 15 atoms | non-linear
# Bonds inferred: 16 | candidate ICs: 136 | selected ICs: 39
# Cartesian-Hessian reconstruction relative error: 5.455e-06
# Energy distribution: PED (PED is the backward-compatible default; TED includes kinetic-energy terms)
# Ring/cycle bonds detected: 6 | ring atoms: 5 | ring systems: 1
# VPT2: no matching .out file supplied/found -> harmonic/PED analysis only
#
 Mode   Harm/cm-1   VPT2/cm-1  Harm.Int/km mol-1  Assignment                                                     Grouped PED
------------------------------------------------------------------------------------------------------------------------------------------------------------------------------------------------
    6       90.41          --                 --  mixed C-C-C linear bending / cyclic-ring torsional/out-of-plane deformation / cyclic-ring out-of-plane deformation C-C-C linear bending 35.36%; cyclic-ring torsional/out-of-plane deformation 29.34%; cyclic-ring out-of-plane deformation 21.18%; C-C-C bending 11.39%
    7      150.43          --                 --  mixed ring-site C-H out-of-plane bending / cyclic-ring torsional/out-of-plane deformation ring-site C-H out-of-plane bending 48.17%; cyclic-ring torsional/out-of-plane deformation 31.14%; C-C-C linear bending 9.14%; C-C-O bending 7.27%
    8      170.75          --                 --  mixed C-C-C linear bending / C-C-O bending / cyclic-ring torsional/out-of-plane deformation C-C-C linear bending 42.19%; C-C-O bending 18.01%; cyclic-ring torsional/out-of-plane deformation 17.05%; C-C-C bending 10.30%
    9      196.76          --                 --  mixed ring-site C-H out-of-plane bending / cyclic-ring torsional/out-of-plane deformation / C-C-C linear bending ring-site C-H out-of-plane bending 47.93%; cyclic-ring torsional/out-of-plane deformation 26.11%; C-C-C linear bending 18.00%; C-C-C bending 5.22%
   10      292.61          --                 --  mixed ring-site C-H out-of-plane bending / cyclic-ring torsional/out-of-plane deformation ring-site C-H out-of-plane bending 66.74%; cyclic-ring torsional/out-of-plane deformation 27.54%; C-C-C linear bending 3.87%
   11      415.94          --                 --  mixed C-C-C linear bending / cyclic C-C stretching             C-C-C linear bending 61.21%; cyclic C-C stretching 15.04%; cyclic-ring torsional/out-of-plane deformation 9.30%; cyclic-ring out-of-plane deformation 6.17%
   12      444.62          --                 --  mixed cyclic-ring torsional/out-of-plane deformation / ring-site C-H out-of-plane bending cyclic-ring torsional/out-of-plane deformation 60.06%; ring-site C-H out-of-plane bending 16.91%; C-C-C linear bending 9.52%; C-C-C bending 5.18%
   13      487.61          --                 --  mixed cyclic-ring deformation (C-C-C bend) / opposite-phase cyclic C-C stretching cyclic-ring deformation (C-C-C bend) 33.08%; opposite-phase cyclic C-C stretching 15.12%; C-C-C linear bending 12.81%; C-C-C bending 12.35%
   14      553.03          --                 --  mixed C-C-O bending / C-C-C linear bending / cyclic-ring torsional/out-of-plane deformation C-C-O bending 34.07%; C-C-C linear bending 22.76%; cyclic-ring torsional/out-of-plane deformation 20.57%; C-C-C bending 7.91%
   15      560.25          --                 --  mixed cyclic-ring deformation (C-C-C bend) / C-C-O bending / ring-site C-H out-of-plane bending cyclic-ring deformation (C-C-C bend) 21.85%; C-C-O bending 21.21%; ring-site C-H out-of-plane bending 16.01%; C-C-C linear bending 11.49%
   16      618.57          --                 --  mixed ring-site C-H out-of-plane bending / cyclic-ring torsional/out-of-plane deformation ring-site C-H out-of-plane bending 48.37%; cyclic-ring torsional/out-of-plane deformation 21.59%; cyclic-ring out-of-plane deformation 12.41%; C-C-C linear bending 10.77%
   17      658.19          --                 --  mixed in-phase cyclic C-C stretching / in-phase exocyclic C-C stretching / C-C-H linear bending in-phase cyclic C-C stretching 32.04%; in-phase exocyclic C-C stretching 24.65%; C-C-H linear bending 18.07%; cyclic-ring torsional/out-of-plane deformation 7.69%
   18      662.79          --                 --  C-C-H linear bending                                           C-C-H linear bending 96.34%; C-C-C linear bending 2.12%
   19      666.58          --                 --  C-C-H linear bending                                           C-C-H linear bending 83.29%; cyclic C-C stretching 7.13%; in-phase exocyclic C-C stretching 5.20%
   20      703.88          --                 --  C-C-H linear bending                                           C-C-H linear bending 82.08%; C-C-C linear bending 4.63%; opposite-phase cyclic C-O stretching 4.40%; ring-site C-H out-of-plane bending 3.85%
   21      706.39          --                 --  C-C-H linear bending                                           C-C-H linear bending 95.05%; C-C-C linear bending 3.94%
   22      723.22          --                 --  mixed opposite-phase cyclic C-O stretching / ring-site C-H out-of-plane bending opposite-phase cyclic C-O stretching 38.06%; ring-site C-H out-of-plane bending 28.01%; cyclic-ring deformation (C-C-C bend) 11.86%; cyclic-ring torsional/out-of-plane deformation 11.17%
   23      775.96          --                 --  mixed ring-site C-H out-of-plane bending / ring-site C-H in-plane bending ring-site C-H out-of-plane bending 40.38%; ring-site C-H in-plane bending 39.45%; mixed-phase cyclic C-C stretching 12.90%; in-phase cyclic C-O stretching 6.34%
   24      856.73          --                 --  mixed in-phase cyclic C-O stretching / mixed-phase cyclic C-C stretching / ring-site C-H in-plane bending in-phase cyclic C-O stretching 24.43%; mixed-phase cyclic C-C stretching 23.47%; ring-site C-H in-plane bending 21.60%; ring-site C-H out-of-plane bending 12.41%
   25      934.31          --                 --  cyclic C-C stretching                                          cyclic C-C stretching 74.10%; cyclic-ring deformation (C-C-C bend) 10.21%; ring-site C-H out-of-plane bending 7.66%; ring-site C-H in-plane bending 3.75%
   26      979.33          --                 --  mixed opposite-phase cyclic C-C stretching / opposite-phase cyclic C-O stretching opposite-phase cyclic C-C stretching 52.36%; opposite-phase cyclic C-O stretching 20.61%; C-C-C bending 8.78%; ring-site C-H out-of-plane bending 6.21%
   27     1042.49          --                 --  mixed ring-site C-H out-of-plane bending / cyclic-ring torsional/out-of-plane deformation ring-site C-H out-of-plane bending 64.75%; cyclic-ring torsional/out-of-plane deformation 18.54%; ring-site C-H in-plane bending 7.00%; cyclic-ring deformation (C-C-C bend) 3.16%
   28     1125.49          --                 --  mixed ring-site C-H out-of-plane bending / ring-site C-H in-plane bending ring-site C-H out-of-plane bending 68.87%; ring-site C-H in-plane bending 10.78%; in-phase cyclic C-C stretching 10.16%; in-phase exocyclic C-C stretching 3.20%
   29     1155.31          --                 --  mixed mixed-phase cyclic C-C stretching / in-phase cyclic C-O stretching mixed-phase cyclic C-C stretching 49.77%; in-phase cyclic C-O stretching 19.19%; ring-site C-H out-of-plane bending 11.88%; C-C-O bending 5.53%
   30     1180.68          --                 --  mixed opposite-phase exocyclic C-C stretching / cyclic-ring deformation (C-C-C bend) / ring-site C-H out-of-plane bending opposite-phase exocyclic C-C stretching 26.55%; cyclic-ring deformation (C-C-C bend) 19.95%; ring-site C-H out-of-plane bending 18.02%; ring-site C-H in-plane bending 12.67%
   31     1216.58          --                 --  mixed ring-site C-H in-plane bending / ring-site C-H out-of-plane bending ring-site C-H in-plane bending 65.76%; ring-site C-H out-of-plane bending 25.42%; opposite-phase exocyclic C-C stretching 4.16%
   32     1228.10          --                 --  mixed ring-site C-H out-of-plane bending / ring-site C-H in-plane bending ring-site C-H out-of-plane bending 58.92%; ring-site C-H in-plane bending 23.90%; cyclic C-C stretching 11.54%
   33     1284.40          --                 --  mixed ring-site C-H out-of-plane bending / ring-site C-H in-plane bending / opposite-phase cyclic C-C stretching ring-site C-H out-of-plane bending 33.14%; ring-site C-H in-plane bending 20.77%; opposite-phase cyclic C-C stretching 19.64%; cyclic-ring deformation (C-C-C bend) 14.05%
   34     1399.02          --                 --  mixed cyclic C-C stretching / in-phase exocyclic C-C stretching / in-phase cyclic C-O stretching cyclic C-C stretching 34.47%; in-phase exocyclic C-C stretching 24.41%; in-phase cyclic C-O stretching 16.22%; ring-site C-H out-of-plane bending 6.00%
   35     1469.80          --                 --  mixed ring-site C-H out-of-plane bending / ring-site C-H in-plane bending ring-site C-H out-of-plane bending 70.55%; ring-site C-H in-plane bending 26.93%
   36     1493.52          --                 --  ring-site C-H out-of-plane bending                             ring-site C-H out-of-plane bending 81.11%; ring-site C-H in-plane bending 11.33%; in-phase cyclic C-C stretching 5.58%
   37     2224.73          --                 --  in-phase C-C stretching                                        in-phase C-C stretching 81.71%; in-phase exocyclic C-C stretching 13.53%; in-phase C-H stretching 4.31%
   38     2228.50          --                 --  opposite-phase C-C stretching                                  opposite-phase C-C stretching 81.69%; opposite-phase exocyclic C-C stretching 13.49%; opposite-phase C-H stretching 4.32%
   39     3075.88          --                 --  mixed-phase ring-site C-H stretching                           mixed-phase ring-site C-H stretching 99.67%
   40     3081.15          --                 --  in-phase ring-site C-H stretching                              in-phase ring-site C-H stretching 99.26%
   41     3127.76          --                 --  mixed-phase ring-site C-H stretching                           mixed-phase ring-site C-H stretching 98.66%
   42     3142.60          --                 --  mixed-phase ring-site C-H stretching                           mixed-phase ring-site C-H stretching 99.67%
   43     3475.74          --                 --  opposite-phase C-H stretching                                  opposite-phase C-H stretching 95.56%; opposite-phase C-C stretching 4.36%
   44     3476.37          --                 --  in-phase C-H stretching                                        in-phase C-H stretching 95.57%; in-phase C-C stretching 4.36%

# Selected internal-coordinate set:
#   1  nu(C1-C2)
#   2  nu(C4-C5)
#   3  nu(C6-O7)
#   4  nu(C8-C9)
#   5  nu(C3-C4)
#   6  nu(C5-C6)
#   7  delta_lin2(C2-C1-H10)
#   8  delta_lin2(C8-C9-H15)
#   9  delta_lin1(C2-C1-H10)
#  10  delta_lin1(C8-C9-H15)
#  11  nu(C3-C6)
#  12  nu(C4-H11)
#  13  nu(C5-H13)
#  14  nu(C3-O7)
#  15  nu(C5-H14)
#  16  nu(C4-H12)
#  17  nu(C9-H15)
#  18  nu(C1-H10)
#  19  tau(C4-C3-C6-O7)
#  20  gamma(C3;C6,C5,C8)
#  21  tau(H11-C4-C5-H14)
#  22  tau(H12-C4-C5-H13)
#  23  delta(C4-C5-H14)
#  24  delta(C4-C5-H13)
#  25  delta(C2-C3-O7)
#  26  delta_lin2(C1-C2-C3)
#  27  tau(C6-C3-C4-H11)
#  28  delta(C5-C4-H12)
#  29  delta(C5-C6-C8)
#  30  tau(C3-C4-C5-H13)
#  31  nu(C6-C8)
#  32  nu(C2-C3)
#  33  tau(H11-C4-C5-C6)
#  34  delta_lin1(C1-C2-C3)
#  35  delta_lin1(C6-C8-C9)
#  36  delta_lin2(C6-C8-C9)
#  37  delta(C3-C6-C5)
#  38  tau(C2-C3-C4-C5)
#  39  tau(C4-C5-C6-C3)

Wrote: /local/scratch/mv487/qm9s/experiment_1_phase2/ped/30775/30775_summary.csv
Wrote: /local/scratch/mv487/qm9s/experiment_1_phase2/ped/30775/30775_families.csv
Wrote: /local/scratch/mv487/qm9s/experiment_1_phase2/ped/30775/30775_ped.csv
Wrote: /local/scratch/mv487/qm9s/experiment_1_phase2/ped/30775/30775_ir_transitions.csv

# All generated files are in: /local/scratch/mv487/qm9s/experiment_1_phase2/ped/30775
# Manifest: /local/scratch/mv487/qm9s/experiment_1_phase2/ped/30775/30775_manifest.txt

--- stderr ---
Normal modes/frequencies absent or incomplete: diagonalizing Hessian.
