# Contact: romi@lens.unifi.it
# Manual: https://github.com/SebRoLENS/orca-ped-analyzer/blob/main/docs/ORCA_PED_Analyzer_Manual.md
# Check GitHub for updates and new releases: https://github.com/SebRoLENS/orca-ped-analyzer
#
# Molecule: 18 atoms | non-linear
# Bonds inferred: 18 | candidate ICs: 152 | selected ICs: 48
# Cartesian-Hessian reconstruction relative error: 1.805e-05
# Energy distribution: PED (PED is the backward-compatible default; TED includes kinetic-energy terms)
# Ring/cycle bonds detected: 3 | ring atoms: 3 | ring systems: 1
# VPT2: no matching .out file supplied/found -> harmonic/PED analysis only
#
 Mode   Harm/cm-1   VPT2/cm-1  Harm.Int/km mol-1  Assignment                                                     Grouped PED
------------------------------------------------------------------------------------------------------------------------------------------------------------------------------------------------
    6       59.15          --                 --  C-C torsion                                                    C-C torsion 81.25%; ring-site C-H out-of-plane bending 10.38%; C-C out-of-plane bending 2.87%; C-C-C linear bending 2.42%
    7      108.22          --                 --  mixed cyclic-ring torsional/out-of-plane deformation / cyclic-ring out-of-plane deformation / C-C out-of-plane bending cyclic-ring torsional/out-of-plane deformation 30.91%; cyclic-ring out-of-plane deformation 19.81%; C-C out-of-plane bending 15.22%; C-C-C linear bending 14.82%
    8      178.28          --                 --  mixed ring-site C-H out-of-plane bending / C-C out-of-plane bending / C-C-O bending ring-site C-H out-of-plane bending 24.94%; C-C out-of-plane bending 20.76%; C-C-O bending 17.61%; C-C-C linear bending 12.42%
    9      219.06          --                 --  C-C torsion                                                    C-C torsion 99.48%
   10      236.83          --                 --  C-C torsion                                                    C-C torsion 93.17%; C-C-C linear bending 2.23%
   11      240.13          --                 --  C-C torsion                                                    C-C torsion 80.39%; C-C-C linear bending 5.77%; ring-site C-H out-of-plane bending 3.59%; C-C-C bending 3.29%
   12      302.26          --                 --  mixed C-C-C bending / C-C torsion / C-C out-of-plane bending   C-C-C bending 35.58%; C-C torsion 17.34%; C-C out-of-plane bending 16.24%; C-C-C linear bending 10.70%
   13      335.97          --                 --  mixed C-C torsion / C-C out-of-plane bending                   C-C torsion 56.58%; C-C out-of-plane bending 15.53%; C-C-C bending 14.82%; C-H bending 5.34%
   14      421.52          --                 --  mixed C-C torsion / C-C-C bending / C-H bending                C-C torsion 31.65%; C-C-C bending 24.35%; C-H bending 15.09%; C-C-C linear bending 9.22%
   15      476.11          --                 --  mixed C-C-O bending / ring-site C-H out-of-plane bending / C-C-C bending C-C-O bending 20.65%; ring-site C-H out-of-plane bending 17.34%; C-C-C bending 16.79%; C-H bending 8.65%
   16      555.52          --                 --  mixed ring-site C-H out-of-plane bending / C-C-C linear bending ring-site C-H out-of-plane bending 49.20%; C-C-C linear bending 12.97%; C-C out-of-plane bending 12.93%; cyclic-ring out-of-plane deformation 6.88%
   17      614.63          --                 --  mixed cyclic-ring out-of-plane deformation / cyclic-ring torsional/out-of-plane deformation cyclic-ring out-of-plane deformation 17.05%; cyclic-ring torsional/out-of-plane deformation 16.28%; C-C out-of-plane bending 12.49%; C-C-C linear bending 10.02%
   18      664.26          --                 --  C-C-H linear bending                                           C-C-H linear bending 96.55%; C-C-C linear bending 2.53%
   19      699.04          --                 --  C-C-H linear bending                                           C-C-H linear bending 94.98%; C-C-C linear bending 3.68%
   20      776.36          --                 --  mixed in-phase exocyclic C-C stretching / C-H bending / cyclic C-C stretching in-phase exocyclic C-C stretching 16.55%; C-H bending 16.25%; cyclic C-C stretching 15.93%; C-C torsion 15.52%
   21      829.29          --                 --  mixed opposite-phase cyclic C-O stretching / cyclic-ring out-of-plane deformation opposite-phase cyclic C-O stretching 52.59%; cyclic-ring out-of-plane deformation 13.22%; C-H bending 7.00%; C-C torsion 5.37%
   22      877.19          --                 --  mixed in-phase C-C stretching / C-H bending                    in-phase C-C stretching 42.76%; C-H bending 17.66%; cyclic C-O stretching 8.72%; C-C torsion 7.54%
   23      937.65          --                 --  mixed C-H bending / C-C torsion                                C-H bending 66.39%; C-C torsion 23.83%; C-C stretching 3.43%; C-C out-of-plane bending 2.11%
   24      951.16          --                 --  mixed C-H bending / cyclic C-O stretching                      C-H bending 53.50%; cyclic C-O stretching 12.12%; exocyclic C-C stretching 10.97%; C-C stretching 6.62%
   25      968.65          --                 --  mixed C-H bending / C-C out-of-plane bending                   C-H bending 53.44%; C-C out-of-plane bending 9.28%; C-C torsion 8.85%; mixed-phase exocyclic C-C stretching 8.56%
   26      986.06          --                 --  mixed exocyclic C-C stretching / cyclic C-O stretching         exocyclic C-C stretching 17.55%; cyclic C-O stretching 16.86%; C-H bending 14.77%; C-C out-of-plane bending 12.74%
   27     1072.64          --                 --  mixed C-C out-of-plane bending / ring-site C-H in-plane bending C-C out-of-plane bending 57.17%; ring-site C-H in-plane bending 15.34%; C-H bending 10.89%; C-C torsion 3.52%
   28     1119.27          --                 --  mixed C-H bending / opposite-phase C-C stretching / ring-site C-H in-plane bending C-H bending 26.62%; opposite-phase C-C stretching 25.03%; ring-site C-H in-plane bending 17.04%; ring-site C-H out-of-plane bending 12.12%
   29     1161.08          --                 --  mixed C-C out-of-plane bending / ring-site C-H out-of-plane bending / ring-site C-H in-plane bending C-C out-of-plane bending 31.36%; ring-site C-H out-of-plane bending 26.68%; ring-site C-H in-plane bending 24.79%; C-H bending 5.66%
   30     1185.00          --                 --  mixed C-H bending / C-C-C bending                              C-H bending 56.01%; C-C-C bending 10.71%; ring-site C-H in-plane bending 9.66%; in-phase C-C stretching 6.00%
   31     1208.97          --                 --  mixed C-H bending / exocyclic C-C stretching                   C-H bending 43.10%; exocyclic C-C stretching 17.07%; C-C torsion 13.92%; ring-site C-H in-plane bending 8.07%
   32     1276.34          --                 --  mixed ring-site C-H in-plane bending / cyclic C-C stretching   ring-site C-H in-plane bending 39.28%; cyclic C-C stretching 20.84%; ring-site C-H out-of-plane bending 14.19%; in-phase cyclic C-O stretching 8.99%
   33     1324.31          --                 --  mixed C-C out-of-plane bending / C-H bending / ring-site C-H in-plane bending C-C out-of-plane bending 28.50%; C-H bending 27.47%; ring-site C-H in-plane bending 24.68%; C-C torsion 9.44%
   34     1348.47          --                 --  mixed C-H bending / C-C out-of-plane bending                   C-H bending 61.15%; C-C out-of-plane bending 21.39%; opposite-phase C-C stretching 6.35%; C-C torsion 5.78%
   35     1391.58          --                 --  mixed ring-site C-H in-plane bending / C-C out-of-plane bending ring-site C-H in-plane bending 39.31%; C-C out-of-plane bending 34.23%; mixed-phase exocyclic C-C stretching 8.67%; C-H bending 5.65%
   36     1405.42          --                 --  mixed C-H bending / C-H out-of-plane bending                   C-H bending 65.45%; C-H out-of-plane bending 31.56%; opposite-phase C-C stretching 2.57%
   37     1424.22          --                 --  mixed C-H bending / C-H out-of-plane bending                   C-H bending 69.55%; C-H out-of-plane bending 23.57%; in-phase C-C stretching 2.71%
   38     1458.16          --                 --  mixed ring-site C-H in-plane bending / C-C out-of-plane bending ring-site C-H in-plane bending 24.79%; C-C out-of-plane bending 21.20%; cyclic C-C stretching 13.07%; C-H bending 12.38%
   39     1493.22          --                 --  mixed C-H bending / C-C torsion                                C-H bending 75.82%; C-C torsion 21.61%; C-H out-of-plane bending 2.26%
   40     1496.26          --                 --  C-H bending                                                    C-H bending 81.00%; C-C torsion 15.86%; C-H out-of-plane bending 2.81%
   41     1508.59          --                 --  C-H bending                                                    C-H bending 80.26%; C-C torsion 14.18%; C-H out-of-plane bending 3.79%
   42     1516.67          --                 --  mixed C-H bending / C-C torsion                                C-H bending 69.86%; C-C torsion 24.63%
   43     2226.12          --                 --  C-C stretching                                                 C-C stretching 83.26%; exocyclic C-C stretching 12.14%; C-H stretching 4.44%
   44     3023.08          --                 --  mixed-phase C-H stretching                                     mixed-phase C-H stretching 99.68%
   45     3026.19          --                 --  C-H stretching                                                 C-H stretching 99.36%
   46     3047.06          --                 --  C-H stretching                                                 C-H stretching 93.49%; ring-site C-H stretching 5.58%
   47     3073.66          --                 --  ring-site C-H stretching                                       ring-site C-H stretching 88.63%; mixed-phase C-H stretching 10.47%
   48     3083.11          --                 --  mixed-phase C-H stretching                                     mixed-phase C-H stretching 99.26%
   49     3091.47          --                 --  mixed-phase C-H stretching                                     mixed-phase C-H stretching 94.95%; ring-site C-H stretching 4.64%
   50     3099.02          --                 --  opposite-phase C-H stretching                                  opposite-phase C-H stretching 99.18%
   51     3105.31          --                 --  mixed-phase C-H stretching                                     mixed-phase C-H stretching 99.20%
   52     3113.92          --                 --  ring-site C-H stretching                                       ring-site C-H stretching 98.87%
   53     3476.08          --                 --  C-H stretching                                                 C-H stretching 95.53%; C-C stretching 4.40%

# Selected internal-coordinate set:
#   1  nu(C6-H17)
#   2  nu(C1-H9)
#   3  nu(C2-C3)
#   4  nu(C4-O5)
#   5  nu(C7-C8)
#   6  nu(C1-H11)
#   7  nu(C2-H12)
#   8  nu(C3-H15)
#   9  delta_lin1(C7-C8-H18)
#  10  delta_lin2(C7-C8-H18)
#  11  nu(C4-H16)
#  12  nu(C1-H10)
#  13  nu(C3-H13)
#  14  nu(O5-C6)
#  15  gamma(C7;C6,O5,H17)
#  16  nu(C3-H14)
#  17  gamma(C2;C4,O5,H16)
#  18  gamma(C1;C2,C3,H12)
#  19  nu(C8-H18)
#  20  delta(O5-C6-H17)
#  21  gamma(H10;C1,H9,H11)
#  22  delta(O5-C4-H16)
#  23  delta(H9-C1-H11)
#  24  delta(H13-C3-H15)
#  25  delta(H14-C3-H15)
#  26  delta(H13-C3-H14)
#  27  tau(H10-C1-C2-C3)
#  28  delta(C3-C2-H12)
#  29  gamma(C7;C6,C4,O5)
#  30  delta(C2-C1-H11)
#  31  nu(C6-C7)
#  32  delta_lin2(C6-C7-C8)
#  33  delta(C2-C3-H14)
#  34  delta(C2-C4-O5)
#  35  nu(C1-C2)
#  36  tau(H11-C1-C2-H12)
#  37  nu(C2-C4)
#  38  delta(C2-C3-H15)
#  39  delta(C2-C1-H9)
#  40  delta_lin1(C6-C7-C8)
#  41  nu(C4-C6)
#  42  tau(C4-C2-C3-H15)
#  43  tau(C3-C2-C4-O5)
#  44  tau(C1-C2-C3-H14)
#  45  delta(C3-C2-C4)
#  46  delta(C1-C2-C3)
#  47  tau(H16-C4-C6-C7)
#  48  tau(C2-C4-O5-C6)

Wrote: /local/scratch/mv487/qm9s/experiment_1_phase2/ped/12564/12564_summary.csv
Wrote: /local/scratch/mv487/qm9s/experiment_1_phase2/ped/12564/12564_families.csv
Wrote: /local/scratch/mv487/qm9s/experiment_1_phase2/ped/12564/12564_ped.csv
Wrote: /local/scratch/mv487/qm9s/experiment_1_phase2/ped/12564/12564_ir_transitions.csv

# All generated files are in: /local/scratch/mv487/qm9s/experiment_1_phase2/ped/12564
# Manifest: /local/scratch/mv487/qm9s/experiment_1_phase2/ped/12564/12564_manifest.txt

--- stderr ---
Normal modes/frequencies absent or incomplete: diagonalizing Hessian.
