# Contact: romi@lens.unifi.it
# Manual: https://github.com/SebRoLENS/orca-ped-analyzer/blob/main/docs/ORCA_PED_Analyzer_Manual.md
# Check GitHub for updates and new releases: https://github.com/SebRoLENS/orca-ped-analyzer
#
# Molecule: 19 atoms | non-linear
# Bonds inferred: 20 | candidate ICs: 204 | selected ICs: 51
# Cartesian-Hessian reconstruction relative error: 9.582e-05
# Energy distribution: PED (PED is the backward-compatible default; TED includes kinetic-energy terms)
# Ring/cycle bonds detected: 7 | ring atoms: 6 | ring systems: 1
# VPT2: no matching .out file supplied/found -> harmonic/PED analysis only
#
 Mode   Harm/cm-1   VPT2/cm-1  Harm.Int/km mol-1  Assignment                                                     Grouped PED
------------------------------------------------------------------------------------------------------------------------------------------------------------------------------------------------
    6       84.49          --                 --  mixed C-C torsion / ring-site C-H out-of-plane bending         C-C torsion 48.15%; ring-site C-H out-of-plane bending 33.21%; C-C-C bending 10.72%; cyclic-ring torsional/out-of-plane deformation 2.29%
    7      105.44          --                 --  ring-site C-H out-of-plane bending                             ring-site C-H out-of-plane bending 95.55%
    8      172.07          --                 --  ring-site C-H out-of-plane bending                             ring-site C-H out-of-plane bending 73.90%; C-C-C bending 8.97%; cyclic-ring torsional/out-of-plane deformation 8.55%; ring-site C-H in-plane bending 2.60%
    9      177.17          --                 --  ring-site C-H out-of-plane bending                             ring-site C-H out-of-plane bending 71.58%; cyclic-ring torsional/out-of-plane deformation 10.91%; C-C-C bending 7.45%; cyclic-ring deformation (C-C-C bend) 2.42%
   10      304.69          --                 --  C-O torsion                                                    C-O torsion 70.21%; O-C-C bending 8.40%; ring-site C-H out-of-plane bending 5.53%; cyclic-ring out-of-plane deformation 4.19%
   11      367.52          --                 --  mixed ring-site C-H out-of-plane bending / O-C-C bending       ring-site C-H out-of-plane bending 62.64%; O-C-C bending 7.13%; cyclic-ring torsional/out-of-plane deformation 5.97%; C-C out-of-plane bending 5.84%
   12      387.34          --                 --  mixed cyclic-ring torsional/out-of-plane deformation / C-C-O bending cyclic-ring torsional/out-of-plane deformation 24.58%; C-C-O bending 24.57%; ring-site C-H out-of-plane bending 11.27%; C-C-C bending 8.72%
   13      395.91          --                 --  mixed ring-site C-H out-of-plane bending / O-C-C bending       ring-site C-H out-of-plane bending 65.76%; O-C-C bending 8.52%; C-C out-of-plane bending 6.18%; cyclic-ring deformation (C-C-C bend) 4.57%
   14      474.50          --                 --  mixed ring-site C-H out-of-plane bending / cyclic-ring out-of-plane deformation ring-site C-H out-of-plane bending 52.51%; cyclic-ring out-of-plane deformation 29.69%; O-C-C bending 5.45%; ring-site C-H in-plane bending 4.97%
   15      510.73          --                 --  mixed ring-site C-H out-of-plane bending / mixed-phase cyclic C-C stretching ring-site C-H out-of-plane bending 29.28%; mixed-phase cyclic C-C stretching 14.16%; C-C-O bending 13.18%; exocyclic C-C stretching 10.76%
   16      635.58          --                 --  mixed cyclic-ring deformation (C-C-C bend) / cyclic-ring out-of-plane deformation cyclic-ring deformation (C-C-C bend) 30.51%; cyclic-ring out-of-plane deformation 23.03%; ring-site C-H out-of-plane bending 10.11%; cyclic-ring torsional/out-of-plane deformation 8.81%
   17      663.33          --                 --  mixed cyclic-ring deformation (C-C-C bend) / ring-site C-H out-of-plane bending / mixed-phase cyclic C-C stretching cyclic-ring deformation (C-C-C bend) 45.34%; ring-site C-H out-of-plane bending 24.25%; mixed-phase cyclic C-C stretching 18.61%; cyclic-ring out-of-plane deformation 3.95%
   18      746.72          --                 --  mixed cyclic-ring out-of-plane deformation / mixed-phase cyclic C-C stretching / cyclic-ring deformation (C-C-C bend) cyclic-ring out-of-plane deformation 39.24%; mixed-phase cyclic C-C stretching 25.14%; cyclic-ring deformation (C-C-C bend) 15.29%; ring-site C-H out-of-plane bending 12.15%
   19      827.21          --                 --  mixed in-phase cyclic C-C stretching / cyclic-ring deformation (C-C-C bend) / ring-site C-H out-of-plane bending in-phase cyclic C-C stretching 35.59%; cyclic-ring deformation (C-C-C bend) 23.44%; ring-site C-H out-of-plane bending 17.07%; ring-site C-H in-plane bending 16.76%
   20      846.87          --                 --  mixed mixed-phase cyclic C-C stretching / ring-site C-H out-of-plane bending / ring-site C-H in-plane bending mixed-phase cyclic C-C stretching 45.09%; ring-site C-H out-of-plane bending 27.51%; ring-site C-H in-plane bending 15.38%; C-C-O bending 5.87%
   21      895.73          --                 --  mixed ring-site C-H out-of-plane bending / ring-site C-H in-plane bending ring-site C-H out-of-plane bending 67.34%; ring-site C-H in-plane bending 19.05%; C-C out-of-plane bending 4.10%; opposite-phase cyclic C-C stretching 3.33%
   22      917.20          --                 --  mixed cyclic C-C stretching / ring-site C-H out-of-plane bending cyclic C-C stretching 68.82%; ring-site C-H out-of-plane bending 8.30%; C-C-O bending 6.27%; ring-site C-H in-plane bending 6.07%
   23      946.35          --                 --  mixed cyclic-ring out-of-plane deformation / mixed-phase cyclic C-C stretching / ring-site C-H out-of-plane bending cyclic-ring out-of-plane deformation 40.41%; mixed-phase cyclic C-C stretching 19.42%; ring-site C-H out-of-plane bending 18.77%; exocyclic C-C stretching 8.16%
   24      989.09          --                 --  mixed ring-site C-H out-of-plane bending / mixed-phase cyclic C-C stretching / ring-site C-H in-plane bending ring-site C-H out-of-plane bending 40.82%; mixed-phase cyclic C-C stretching 25.68%; ring-site C-H in-plane bending 17.05%; C-C out-of-plane bending 11.51%
   25     1011.82          --                 --  mixed mixed-phase cyclic C-C stretching / cyclic-ring out-of-plane deformation / cyclic-ring deformation (C-C-C bend) mixed-phase cyclic C-C stretching 34.58%; cyclic-ring out-of-plane deformation 20.64%; cyclic-ring deformation (C-C-C bend) 16.93%; ring-site C-H out-of-plane bending 11.91%
   26     1041.17          --                 --  mixed ring-site C-H out-of-plane bending / cyclic-ring out-of-plane deformation / ring-site C-H in-plane bending ring-site C-H out-of-plane bending 26.50%; cyclic-ring out-of-plane deformation 25.60%; ring-site C-H in-plane bending 25.15%; mixed-phase cyclic C-C stretching 10.26%
   27     1043.15          --                 --  mixed C-C out-of-plane bending / ring-site C-H out-of-plane bending C-C out-of-plane bending 40.42%; ring-site C-H out-of-plane bending 37.46%; ring-site C-H in-plane bending 9.56%; mixed-phase cyclic C-C stretching 9.18%
   28     1079.28          --                 --  mixed exocyclic C-O stretching / in-phase cyclic C-C stretching exocyclic C-O stretching 49.22%; in-phase cyclic C-C stretching 11.82%; cyclic-ring deformation (C-C-C bend) 9.37%; ring-site C-H in-plane bending 9.18%
   29     1109.16          --                 --  mixed ring-site C-H in-plane bending / ring-site C-H out-of-plane bending ring-site C-H in-plane bending 29.27%; ring-site C-H out-of-plane bending 14.06%; mixed-phase cyclic C-C stretching 10.36%; O-H bending 7.87%
   30     1115.98          --                 --  mixed mixed-phase cyclic C-C stretching / ring-site C-H out-of-plane bending / cyclic-ring deformation (C-C-C bend) mixed-phase cyclic C-C stretching 30.76%; ring-site C-H out-of-plane bending 22.40%; cyclic-ring deformation (C-C-C bend) 17.86%; ring-site C-H in-plane bending 10.61%
   31     1122.45          --                 --  mixed ring-site C-H out-of-plane bending / cyclic-ring out-of-plane deformation / ring-site C-H in-plane bending ring-site C-H out-of-plane bending 46.14%; cyclic-ring out-of-plane deformation 32.83%; ring-site C-H in-plane bending 17.58%
   32     1188.12          --                 --  mixed ring-site C-H out-of-plane bending / ring-site C-H in-plane bending / O-H bending ring-site C-H out-of-plane bending 35.61%; ring-site C-H in-plane bending 27.48%; O-H bending 16.39%; C-H bending 10.13%
   33     1188.34          --                 --  mixed ring-site C-H out-of-plane bending / ring-site C-H in-plane bending ring-site C-H out-of-plane bending 42.57%; ring-site C-H in-plane bending 36.40%; C-C out-of-plane bending 8.34%; cyclic-ring out-of-plane deformation 4.19%
   34     1236.80          --                 --  mixed cyclic-ring out-of-plane deformation / cyclic C-C stretching / exocyclic C-C stretching cyclic-ring out-of-plane deformation 33.42%; cyclic C-C stretching 24.06%; exocyclic C-C stretching 15.36%; ring-site C-H in-plane bending 13.40%
   35     1296.70          --                 --  mixed ring-site C-H out-of-plane bending / mixed-phase cyclic C-C stretching / C-C out-of-plane bending ring-site C-H out-of-plane bending 31.33%; mixed-phase cyclic C-C stretching 23.76%; C-C out-of-plane bending 22.63%; cyclic-ring out-of-plane deformation 8.59%
   36     1304.03          --                 --  mixed ring-site C-H in-plane bending / ring-site C-H out-of-plane bending / C-C out-of-plane bending ring-site C-H in-plane bending 35.15%; ring-site C-H out-of-plane bending 27.71%; C-C out-of-plane bending 24.05%; mixed-phase cyclic C-C stretching 9.22%
   37     1321.47          --                 --  mixed C-C out-of-plane bending / ring-site C-H out-of-plane bending / ring-site C-H in-plane bending C-C out-of-plane bending 49.08%; ring-site C-H out-of-plane bending 26.59%; ring-site C-H in-plane bending 18.23%; cyclic-ring out-of-plane deformation 3.31%
   38     1336.39          --                 --  mixed ring-site C-H in-plane bending / ring-site C-H out-of-plane bending ring-site C-H in-plane bending 34.93%; ring-site C-H out-of-plane bending 13.71%; O-H bending 13.45%; mixed-phase cyclic C-C stretching 11.75%
   39     1356.36          --                 --  mixed ring-site C-H in-plane bending / cyclic-ring out-of-plane deformation ring-site C-H in-plane bending 30.97%; cyclic-ring out-of-plane deformation 25.79%; C-H bending 13.41%; ring-site C-H out-of-plane bending 12.41%
   40     1359.70          --                 --  mixed ring-site C-H out-of-plane bending / C-C out-of-plane bending / ring-site C-H in-plane bending ring-site C-H out-of-plane bending 27.85%; C-C out-of-plane bending 25.03%; ring-site C-H in-plane bending 24.42%; mixed-phase cyclic C-C stretching 12.41%
   41     1406.53          --                 --  mixed in-phase cyclic C-C stretching / ring-site C-H in-plane bending in-phase cyclic C-C stretching 35.95%; ring-site C-H in-plane bending 26.79%; ring-site C-H out-of-plane bending 11.10%; C-C out-of-plane bending 9.56%
   42     1441.76          --                 --  mixed C-H bending / ring-site C-H out-of-plane bending         C-H bending 62.16%; ring-site C-H out-of-plane bending 18.28%; O-H bending 6.34%; cyclic C-C stretching 3.99%
   43     1469.71          --                 --  mixed C-H bending / ring-site C-H out-of-plane bending         C-H bending 67.24%; ring-site C-H out-of-plane bending 11.75%; cyclic C-C stretching 6.14%; ring-site C-H in-plane bending 3.72%
   44     1491.89          --                 --  mixed ring-site C-H out-of-plane bending / C-H bending         ring-site C-H out-of-plane bending 58.49%; C-H bending 30.68%; ring-site C-H in-plane bending 8.87%
   45     1501.30          --                 --  mixed ring-site C-H out-of-plane bending / C-H bending         ring-site C-H out-of-plane bending 59.34%; C-H bending 28.01%; ring-site C-H in-plane bending 10.47%
   46     1768.93          --                 --  C-O stretching                                                 C-O stretching 85.84%; C-H bending 6.41%; exocyclic C-C stretching 4.83%
   47     2927.52          --                 --  C-H stretching                                                 C-H stretching 98.78%
   48     3029.44          --                 --  mixed-phase ring-site C-H stretching                           mixed-phase ring-site C-H stretching 99.21%
   49     3032.66          --                 --  ring-site C-H stretching                                       ring-site C-H stretching 99.16%
   50     3073.47          --                 --  mixed-phase ring-site C-H stretching                           mixed-phase ring-site C-H stretching 98.07%
   51     3080.61          --                 --  mixed-phase ring-site C-H stretching                           mixed-phase ring-site C-H stretching 99.20%
   52     3097.66          --                 --  ring-site C-H stretching                                       ring-site C-H stretching 99.09%
   53     3158.41          --                 --  mixed-phase ring-site C-H stretching                           mixed-phase ring-site C-H stretching 98.65%
   54     3163.19          --                 --  opposite-phase ring-site C-H stretching                        opposite-phase ring-site C-H stretching 98.42%
   55     3175.01          --                 --  ring-site C-H stretching                                       ring-site C-H stretching 98.78%
   56     3787.04          --                 --  O-H stretching                                                 O-H stretching 99.87%

# Selected internal-coordinate set:
#   1  nu(O1-H10)
#   2  nu(C2-C3)
#   3  nu(C4-C5)
#   4  nu(C6-H16)
#   5  nu(C7-H18)
#   6  nu(C8-O9)
#   7  nu(C6-H17)
#   8  nu(C3-H13)
#   9  nu(C2-H11)
#  10  nu(C8-H19)
#  11  nu(C5-H15)
#  12  nu(C3-H12)
#  13  nu(C4-H14)
#  14  tau(H14-C4-C5-H15)
#  15  gamma(C7;C8,O9,H19)
#  16  nu(O1-C2)
#  17  gamma(C2;C6,H16,H17)
#  18  tau(H10-O1-C2-H11)
#  19  delta(C4-C7-H18)
#  20  tau(C5-C4-C7-H18)
#  21  delta(O9-C8-H19)
#  22  gamma(H12;C3,C2,H13)
#  23  delta(H16-C6-H17)
#  24  delta(C4-C5-H15)
#  25  delta(C2-O1-H10)
#  26  gamma(C7;C5,C4,H15)
#  27  delta(O1-C2-H11)
#  28  delta(C2-C3-H13)
#  29  gamma(C7;C4,C5,H14)
#  30  tau(H12-C3-C4-C5)
#  31  tau(H14-C4-C7-C8)
#  32  gamma(C3;C2,O1,H11)
#  33  gamma(H16;C6,C2,C5)
#  34  nu(C7-C8)
#  35  delta(C4-C3-H13)
#  36  delta(C7-C8-O9)
#  37  delta(C4-C5-C6)
#  38  nu(C2-C6)
#  39  nu(C3-C4)
#  40  tau(C5-C7-C8-O9)
#  41  nu(C5-C6)
#  42  tau(C7-C5-C6-H16)
#  43  tau(C3-C4-C5-C7)
#  44  gamma(C3;C2,O1,C6)
#  45  delta(O1-C2-C6)
#  46  delta(C5-C4-H14)
#  47  tau(H11-C2-C6-H16)
#  48  delta(C4-C7-C8)
#  49  nu(C5-C7)
#  50  delta(C2-C3-C4)
#  51  tau(H13-C3-C4-C7)

Wrote: /local/scratch/mv487/qm9s/experiment_1_phase2/ped/83577/83577_summary.csv
Wrote: /local/scratch/mv487/qm9s/experiment_1_phase2/ped/83577/83577_families.csv
Wrote: /local/scratch/mv487/qm9s/experiment_1_phase2/ped/83577/83577_ped.csv
Wrote: /local/scratch/mv487/qm9s/experiment_1_phase2/ped/83577/83577_ir_transitions.csv

# All generated files are in: /local/scratch/mv487/qm9s/experiment_1_phase2/ped/83577
# Manifest: /local/scratch/mv487/qm9s/experiment_1_phase2/ped/83577/83577_manifest.txt

--- stderr ---
Normal modes/frequencies absent or incomplete: diagonalizing Hessian.
