# Contact: romi@lens.unifi.it
# Manual: https://github.com/SebRoLENS/orca-ped-analyzer/blob/main/docs/ORCA_PED_Analyzer_Manual.md
# Check GitHub for updates and new releases: https://github.com/SebRoLENS/orca-ped-analyzer
#
# Molecule: 17 atoms | non-linear
# Bonds inferred: 19 | candidate ICs: 189 | selected ICs: 45
# Cartesian-Hessian reconstruction relative error: 2.666e-05
# Energy distribution: PED (PED is the backward-compatible default; TED includes kinetic-energy terms)
# Ring/cycle bonds detected: 8 | ring atoms: 6 | ring systems: 1
# VPT2: no matching .out file supplied/found -> harmonic/PED analysis only
#
 Mode   Harm/cm-1   VPT2/cm-1  Harm.Int/km mol-1  Assignment                                                     Grouped PED
------------------------------------------------------------------------------------------------------------------------------------------------------------------------------------------------
    6      102.73          --                 --  mixed C-N torsion / cyclic-ring out-of-plane deformation       C-N torsion 37.68%; cyclic-ring out-of-plane deformation 26.94%; cyclic-ring deformation (C-C-C bend) 10.53%; C-C torsion 6.59%
    7      185.89          --                 --  C-C torsion                                                    C-C torsion 91.32%; cyclic-ring torsional/out-of-plane deformation 2.73%
    8      211.85          --                 --  C-C torsion                                                    C-C torsion 97.39%
    9      224.39          --                 --  mixed cyclic-ring torsional/out-of-plane deformation / cyclic-ring out-of-plane deformation cyclic-ring torsional/out-of-plane deformation 34.99%; cyclic-ring out-of-plane deformation 25.86%; C-C torsion 13.97%; C-C-N bending 5.30%
   10      312.48          --                 --  mixed C-C-C bending / cyclic-ring torsional/out-of-plane deformation C-C-C bending 36.63%; cyclic-ring torsional/out-of-plane deformation 19.08%; C-H bending 12.16%; C-C torsion 10.44%
   11      328.10          --                 --  mixed C-N torsion / N-O torsion                                C-N torsion 34.60%; N-O torsion 27.60%; cyclic-ring torsional/out-of-plane deformation 11.18%; C-C torsion 8.20%
   12      406.19          --                 --  mixed N-O torsion / C-N torsion                                N-O torsion 53.55%; C-N torsion 17.13%; C-C-C bending 6.22%; cyclic-ring out-of-plane deformation 5.14%
   13      488.06          --                 --  mixed cyclic C-C stretching / C-C torsion / C-C-N bending      cyclic C-C stretching 18.34%; C-C torsion 16.72%; C-C-N bending 15.97%; C-N-O bending 12.16%
   14      566.60          --                 --  mixed cyclic-ring out-of-plane deformation / cyclic-ring deformation (C-N-C bend) cyclic-ring out-of-plane deformation 32.10%; cyclic-ring deformation (C-N-C bend) 19.98%; C-H bending 10.18%; cyclic-ring deformation (C-C-C bend) 9.52%
   15      668.74          --                 --  mixed mixed-phase cyclic C-C stretching / C-N-O bending        mixed-phase cyclic C-C stretching 25.36%; C-N-O bending 16.19%; ring-site C-H out-of-plane bending 10.49%; cyclic-ring out-of-plane deformation 10.23%
   16      682.69          --                 --  mixed in-phase cyclic C-N stretching / cyclic-ring torsional/out-of-plane deformation in-phase cyclic C-N stretching 24.70%; cyclic-ring torsional/out-of-plane deformation 14.93%; cyclic-ring out-of-plane deformation 11.51%; mixed-phase cyclic C-C stretching 10.11%
   17      748.89          --                 --  mixed mixed-phase cyclic C-C stretching / cyclic-ring out-of-plane deformation mixed-phase cyclic C-C stretching 33.43%; cyclic-ring out-of-plane deformation 24.83%; mixed-phase cyclic C-N stretching 14.52%; cyclic-ring deformation (C-N-C bend) 6.44%
   18      763.29          --                 --  mixed cyclic-ring out-of-plane deformation / cyclic-ring deformation (C-C-C bend) cyclic-ring out-of-plane deformation 30.33%; cyclic-ring deformation (C-C-C bend) 13.39%; C-C torsion 10.53%; cyclic C-N stretching 10.24%
   19      791.05          --                 --  mixed cyclic-ring deformation (C-N-C bend) / cyclic C-C stretching / cyclic-ring deformation (C-C-C bend) cyclic-ring deformation (C-N-C bend) 24.46%; cyclic C-C stretching 21.04%; cyclic-ring deformation (C-C-C bend) 20.77%; cyclic-ring out-of-plane deformation 12.68%
   20      823.61          --                 --  mixed mixed-phase cyclic C-N stretching / mixed-phase cyclic C-C stretching mixed-phase cyclic C-N stretching 30.02%; mixed-phase cyclic C-C stretching 29.76%; ring-site C-H out-of-plane bending 13.55%; cyclic-ring out-of-plane deformation 9.56%
   21      876.41          --                 --  mixed mixed-phase cyclic C-N stretching / cyclic-ring deformation (C-N-C bend) mixed-phase cyclic C-N stretching 38.29%; cyclic-ring deformation (C-N-C bend) 16.22%; cyclic C-C stretching 11.64%; C-H bending 9.56%
   22      881.67          --                 --  mixed mixed-phase cyclic C-C stretching / C-H bending          mixed-phase cyclic C-C stretching 44.55%; C-H bending 21.96%; C-C torsion 10.78%; exocyclic C-C stretching 4.29%
   23      917.08          --                 --  mixed N-O stretching / mixed-phase cyclic C-N stretching       N-O stretching 35.61%; mixed-phase cyclic C-N stretching 19.51%; ring-site C-H out-of-plane bending 9.22%; C-H bending 7.95%
   24      939.10          --                 --  mixed N-O stretching / ring-site C-H out-of-plane bending / cyclic C-N stretching N-O stretching 26.74%; ring-site C-H out-of-plane bending 21.52%; cyclic C-N stretching 17.15%; in-phase cyclic C-C stretching 11.71%
   25      971.76          --                 --  mixed ring-site C-H out-of-plane bending / mixed-phase cyclic C-C stretching / cyclic-ring out-of-plane deformation ring-site C-H out-of-plane bending 32.74%; mixed-phase cyclic C-C stretching 25.50%; cyclic-ring out-of-plane deformation 17.42%; cyclic-ring deformation (C-C-C bend) 9.94%
   26     1037.01          --                 --  mixed cyclic-ring out-of-plane deformation / C-H bending / in-phase cyclic C-C stretching cyclic-ring out-of-plane deformation 23.43%; C-H bending 18.94%; in-phase cyclic C-C stretching 16.81%; C-C torsion 16.32%
   27     1050.97          --                 --  mixed ring-site C-H out-of-plane bending / cyclic-ring out-of-plane deformation / C-H bending ring-site C-H out-of-plane bending 23.09%; cyclic-ring out-of-plane deformation 22.82%; C-H bending 22.09%; ring-site C-H in-plane bending 6.97%
   28     1095.16          --                 --  mixed C-C torsion / C-H bending                                C-C torsion 39.03%; C-H bending 32.66%; cyclic C-N stretching 13.58%; cyclic-ring torsional/out-of-plane deformation 3.98%
   29     1120.04          --                 --  mixed mixed-phase cyclic C-C stretching / ring-site C-H out-of-plane bending mixed-phase cyclic C-C stretching 26.93%; ring-site C-H out-of-plane bending 22.40%; in-phase cyclic C-N stretching 14.93%; ring-site C-H in-plane bending 9.92%
   30     1127.74          --                 --  mixed ring-site C-H out-of-plane bending / exocyclic C-C stretching ring-site C-H out-of-plane bending 61.87%; exocyclic C-C stretching 7.51%; cyclic-ring out-of-plane deformation 7.18%; in-phase cyclic C-N stretching 5.10%
   31     1152.79          --                 --  mixed C-H bending / exocyclic C-C stretching                   C-H bending 25.36%; exocyclic C-C stretching 20.62%; cyclic-ring out-of-plane deformation 10.87%; cyclic-ring deformation (C-N-C bend) 9.03%
   32     1171.30          --                 --  mixed ring-site C-H out-of-plane bending / ring-site C-H in-plane bending ring-site C-H out-of-plane bending 36.51%; ring-site C-H in-plane bending 23.48%; cyclic C-C stretching 14.95%; cyclic-ring out-of-plane deformation 6.38%
   33     1214.60          --                 --  mixed ring-site C-H out-of-plane bending / mixed-phase cyclic C-C stretching ring-site C-H out-of-plane bending 35.54%; mixed-phase cyclic C-C stretching 29.40%; C-H bending 10.83%; cyclic-ring out-of-plane deformation 9.34%
   34     1243.04          --                 --  mixed mixed-phase cyclic C-C stretching / cyclic-ring deformation (C-C-C bend) / ring-site C-H out-of-plane bending mixed-phase cyclic C-C stretching 26.55%; cyclic-ring deformation (C-C-C bend) 17.83%; ring-site C-H out-of-plane bending 15.78%; O-H bending 8.15%
   35     1259.44          --                 --  mixed mixed-phase cyclic C-C stretching / C-C torsion          mixed-phase cyclic C-C stretching 34.51%; C-C torsion 21.42%; ring-site C-H in-plane bending 10.87%; in-phase cyclic C-N stretching 10.85%
   36     1306.49          --                 --  mixed C-C torsion / mixed-phase cyclic C-C stretching / cyclic C-N stretching C-C torsion 29.56%; mixed-phase cyclic C-C stretching 20.58%; cyclic C-N stretching 16.45%; ring-site C-H in-plane bending 10.04%
   37     1388.88          --                 --  mixed O-H bending / C-H bending                                O-H bending 50.25%; C-H bending 35.50%; cyclic C-C stretching 6.79%
   38     1397.74          --                 --  mixed C-H bending / O-H bending                                C-H bending 54.15%; O-H bending 22.14%; opposite-phase cyclic C-C stretching 9.32%; cyclic-ring out-of-plane deformation 3.03%
   39     1420.26          --                 --  C-H bending                                                    C-H bending 87.55%; exocyclic C-C stretching 8.45%
   40     1490.88          --                 --  mixed C-H bending / C-C torsion                                C-H bending 67.65%; C-C torsion 31.06%
   41     1499.23          --                 --  mixed C-C torsion / C-H bending                                C-C torsion 74.69%; C-H bending 24.63%
   42     1780.43          --                 --  exocyclic C-N stretching                                       exocyclic C-N stretching 76.09%; in-phase cyclic C-C stretching 15.38%; O-H bending 2.74%; cyclic-ring deformation (C-C-C bend) 2.48%
   43     3034.58          --                 --  in-phase C-H stretching                                        in-phase C-H stretching 99.47%
   44     3062.82          --                 --  ring-site C-H stretching                                       ring-site C-H stretching 93.80%; C-H stretching 4.94%
   45     3097.25          --                 --  opposite-phase C-H stretching                                  opposite-phase C-H stretching 99.09%
   46     3110.33          --                 --  mixed-phase C-H stretching                                     mixed-phase C-H stretching 95.33%; ring-site C-H stretching 4.22%
   47     3169.15          --                 --  ring-site C-H stretching                                       ring-site C-H stretching 99.23%
   48     3210.47          --                 --  ring-site C-H stretching                                       ring-site C-H stretching 98.72%
   49     3240.62          --                 --  ring-site C-H stretching                                       ring-site C-H stretching 98.46%
   50     3817.47          --                 --  O-H stretching                                                 O-H stretching 99.94%

# Selected internal-coordinate set:
#   1  nu(C1-C2)
#   2  nu(C3-C4)
#   3  nu(C5-N6)
#   4  nu(N8-O9)
#   5  nu(C3-C7)
#   6  nu(O9-H17)
#   7  nu(C5-C7)
#   8  nu(C1-H12)
#   9  nu(C2-H13)
#  10  nu(C4-N6)
#  11  nu(C1-H11)
#  12  tau(C7-N8-O9-H17)
#  13  nu(C4-C5)
#  14  nu(C2-N6)
#  15  nu(C1-H10)
#  16  gamma(H14;C3,C4,C7)
#  17  nu(C3-H14)
#  18  nu(C5-H16)
#  19  delta(N8-O9-H17)
#  20  tau(H10-C1-C2-H13)
#  21  gamma(C4;C5,C7,H16)
#  22  nu(C4-H15)
#  23  delta(H11-C1-H12)
#  24  tau(C7-C3-C4-H15)
#  25  delta(C2-C1-H12)
#  26  tau(N6-C2-C3-H14)
#  27  tau(C3-C7-N8-O9)
#  28  delta(C7-N8-O9)
#  29  delta(C2-C1-H11)
#  30  delta(C2-C1-H10)
#  31  tau(C5-C7-N8-O9)
#  32  delta(N6-C5-H16)
#  33  delta(C1-C2-H13)
#  34  gamma(H15;C4,C5,N6)
#  35  nu(C7-N8)
#  36  tau(H11-C1-C2-N6)
#  37  tau(H10-C1-C2-C3)
#  38  nu(C2-C3)
#  39  gamma(C2;N6,C4,C5)
#  40  delta(C1-C2-C3)
#  41  delta(C2-N6-C4)
#  42  delta(C4-C5-C7)
#  43  delta(C5-C7-N8)
#  44  tau(C1-C2-C3-C4)
#  45  gamma(C2;C3,C4,C7)

Wrote: /local/scratch/mv487/qm9s/experiment_1_phase2/ped/21630/21630_summary.csv
Wrote: /local/scratch/mv487/qm9s/experiment_1_phase2/ped/21630/21630_families.csv
Wrote: /local/scratch/mv487/qm9s/experiment_1_phase2/ped/21630/21630_ped.csv
Wrote: /local/scratch/mv487/qm9s/experiment_1_phase2/ped/21630/21630_ir_transitions.csv

# All generated files are in: /local/scratch/mv487/qm9s/experiment_1_phase2/ped/21630
# Manifest: /local/scratch/mv487/qm9s/experiment_1_phase2/ped/21630/21630_manifest.txt

--- stderr ---
Normal modes/frequencies absent or incomplete: diagonalizing Hessian.
