# Contact: romi@lens.unifi.it
# Manual: https://github.com/SebRoLENS/orca-ped-analyzer/blob/main/docs/ORCA_PED_Analyzer_Manual.md
# Check GitHub for updates and new releases: https://github.com/SebRoLENS/orca-ped-analyzer
#
# Molecule: 20 atoms | non-linear
# Bonds inferred: 20 | candidate ICs: 162 | selected ICs: 54
# Cartesian-Hessian reconstruction relative error: 2.508e-05
# Energy distribution: PED (PED is the backward-compatible default; TED includes kinetic-energy terms)
# Ring/cycle bonds detected: 5 | ring atoms: 5 | ring systems: 1
# VPT2: no matching .out file supplied/found -> harmonic/PED analysis only
#
 Mode   Harm/cm-1   VPT2/cm-1  Harm.Int/km mol-1  Assignment                                                     Grouped PED
------------------------------------------------------------------------------------------------------------------------------------------------------------------------------------------------
    6       69.61          --                 --  mixed cyclic-ring torsional/out-of-plane deformation / cyclic-ring torsional/out-of-plane deformation cyclic-ring torsional/out-of-plane deformation 65.37%; cyclic-ring torsional/out-of-plane deformation 26.26%; ring-site C-H out-of-plane bending 4.65%
    7      108.65          --                 --  mixed C-O torsion / cyclic-ring torsional/out-of-plane deformation C-O torsion 66.19%; cyclic-ring torsional/out-of-plane deformation 17.97%; C-C torsion 7.56%; cyclic-ring torsional/out-of-plane deformation 5.81%
    8      179.97          --                 --  mixed C-O torsion / C-C torsion                                C-O torsion 72.19%; C-C torsion 25.38%
    9      207.83          --                 --  C-C torsion                                                    C-C torsion 79.40%; C-O torsion 11.38%; C-O-C bending 2.44%; cyclic-ring torsional/out-of-plane deformation 2.36%
   10      225.42          --                 --  C-C torsion                                                    C-C torsion 93.91%; C-O torsion 3.17%
   11      239.09          --                 --  C-C torsion                                                    C-C torsion 98.86%
   12      296.34          --                 --  C-C torsion                                                    C-C torsion 79.80%; cyclic-ring torsional/out-of-plane deformation 5.60%; C-O torsion 5.27%; C-C-C bending 2.49%
   13      313.98          --                 --  mixed C-C torsion / C-C-O bending                              C-C torsion 43.18%; C-C-O bending 11.05%; cyclic-ring torsional/out-of-plane deformation 8.52%; cyclic-ring torsional/out-of-plane deformation 7.97%
   14      353.52          --                 --  mixed C-C torsion / C-C-O bending                              C-C torsion 41.89%; C-C-O bending 20.49%; C-O-C bending 9.97%; ring-site C-H out-of-plane bending 8.00%
   15      381.99          --                 --  mixed O-C-C bending / C-O torsion                              O-C-C bending 31.47%; C-O torsion 30.60%; C-C torsion 11.47%; C-H bending 7.73%
   16      495.44          --                 --  mixed C-C torsion / C-C-C bending                              C-C torsion 27.33%; C-C-C bending 10.79%; C-H bending 9.43%; ring-site C-H out-of-plane bending 8.65%
   17      532.11          --                 --  mixed cyclic-ring torsional/out-of-plane deformation / C-C torsion cyclic-ring torsional/out-of-plane deformation 34.71%; C-C torsion 20.20%; C-H bending 9.96%; exocyclic C-C stretching 7.02%
   18      592.96          --                 --  mixed ring-site C-H out-of-plane bending / cyclic-ring torsional/out-of-plane deformation ring-site C-H out-of-plane bending 27.30%; cyclic-ring torsional/out-of-plane deformation 12.73%; cyclic-ring deformation (C-O-C bend) 9.53%; mixed-phase exocyclic C-C stretching 8.48%
   19      661.94          --                 --  mixed exocyclic C-C stretching / C-C torsion                   exocyclic C-C stretching 22.73%; C-C torsion 14.85%; C-H bending 12.67%; cyclic-ring deformation (C-O-C bend) 8.73%
   20      736.10          --                 --  mixed cyclic C-O stretching / C-H bending                      cyclic C-O stretching 29.54%; C-H bending 12.28%; cyclic-ring deformation (C-N-C bend) 11.27%; cyclic-ring deformation (C-O-C bend) 9.63%
   21      819.96          --                 --  mixed mixed-phase cyclic C-O stretching / C-C torsion          mixed-phase cyclic C-O stretching 32.68%; C-C torsion 30.99%; C-H bending 11.16%; cyclic C-C stretching 7.94%
   22      850.89          --                 --  mixed cyclic C-N stretching / cyclic-ring deformation (C-O-C bend) / C-H bending cyclic C-N stretching 34.36%; cyclic-ring deformation (C-O-C bend) 20.05%; C-H bending 19.51%; C-C torsion 10.55%
   23      895.41          --                 --  mixed C-H bending / exocyclic C-O stretching / C-C torsion     C-H bending 22.70%; exocyclic C-O stretching 17.27%; C-C torsion 17.23%; cyclic-ring deformation (C-N-C bend) 14.03%
   24      939.61          --                 --  mixed cyclic-ring deformation (C-N-C bend) / cyclic-ring deformation (C-O-C bend) / C-H bending cyclic-ring deformation (C-N-C bend) 23.51%; cyclic-ring deformation (C-O-C bend) 20.26%; C-H bending 17.43%; C-C torsion 12.60%
   25      956.50          --                 --  mixed cyclic-ring out-of-plane deformation / ring-site C-H out-of-plane bending cyclic-ring out-of-plane deformation 58.88%; ring-site C-H out-of-plane bending 38.03%
   26     1021.34          --                 --  mixed C-H bending / C-C torsion                                C-H bending 46.28%; C-C torsion 16.88%; opposite-phase cyclic C-O stretching 10.21%; C-O stretching 8.32%
   27     1065.67          --                 --  mixed C-H bending / mixed-phase cyclic C-O stretching          C-H bending 53.57%; mixed-phase cyclic C-O stretching 15.51%; C-C torsion 14.27%; cyclic-ring deformation (C-N-C bend) 3.50%
   28     1084.42          --                 --  mixed C-O stretching / C-H bending                             C-O stretching 41.46%; C-H bending 18.03%; exocyclic C-O stretching 7.57%; C-C torsion 5.82%
   29     1109.99          --                 --  mixed C-C torsion / C-H bending                                C-C torsion 38.21%; C-H bending 31.15%; cyclic C-N stretching 12.65%; C-O stretching 5.00%
   30     1140.32          --                 --  mixed mixed-phase exocyclic C-C stretching / C-H bending       mixed-phase exocyclic C-C stretching 31.72%; C-H bending 26.36%; cyclic-ring deformation (C-N-C bend) 9.97%; C-C torsion 9.90%
   31     1162.55          --                 --  mixed C-H bending / cyclic C-O stretching                      C-H bending 43.89%; cyclic C-O stretching 23.37%; C-C torsion 9.99%; exocyclic C-C stretching 5.59%
   32     1174.38          --                 --  C-H bending                                                    C-H bending 82.49%; C-O torsion 10.04%; exocyclic C-C stretching 2.20%
   33     1180.45          --                 --  mixed C-H bending / exocyclic C-C stretching                   C-H bending 45.92%; exocyclic C-C stretching 15.36%; cyclic-ring torsional/out-of-plane deformation 11.92%; C-C-O bending 5.55%
   34     1224.10          --                 --  mixed C-H bending / exocyclic C-O stretching                   C-H bending 51.97%; exocyclic C-O stretching 17.35%; C-O torsion 5.90%; cyclic-ring torsional/out-of-plane deformation 4.91%
   35     1256.66          --                 --  mixed C-H bending / cyclic C-C stretching                      C-H bending 26.26%; cyclic C-C stretching 16.70%; cyclic-ring deformation (C-O-C bend) 11.63%; C-C torsion 9.75%
   36     1328.82          --                 --  mixed C-C torsion / C-H bending                                C-C torsion 51.46%; C-H bending 23.35%; cyclic C-N stretching 7.31%; exocyclic C-C stretching 3.55%
   37     1339.22          --                 --  ring-site C-H in-plane bending                                 ring-site C-H in-plane bending 72.92%; mixed-phase cyclic C-N stretching 10.66%; cyclic C-O stretching 6.46%; C-H bending 2.58%
   38     1372.08          --                 --  mixed C-H bending / in-phase exocyclic C-C stretching          C-H bending 61.48%; in-phase exocyclic C-C stretching 7.78%; cyclic C-C stretching 7.31%; C-C torsion 7.28%
   39     1415.92          --                 --  mixed C-H bending / C-H out-of-plane bending                   C-H bending 55.70%; C-H out-of-plane bending 40.14%; opposite-phase exocyclic C-C stretching 3.47%
   40     1419.41          --                 --  mixed C-H out-of-plane bending / C-H bending                   C-H out-of-plane bending 54.82%; C-H bending 41.63%; exocyclic C-C stretching 2.79%
   41     1475.82          --                 --  C-H bending                                                    C-H bending 82.25%; C-C torsion 10.91%; C-H out-of-plane bending 4.13%
   42     1488.55          --                 --  mixed C-C torsion / C-H bending                                C-C torsion 71.06%; C-H bending 25.57%
   43     1491.02          --                 --  C-H bending                                                    C-H bending 82.43%; C-C torsion 15.57%
   44     1492.49          --                 --  mixed C-H bending / C-C torsion                                C-H bending 57.97%; C-C torsion 22.00%; C-O torsion 14.37%; C-H out-of-plane bending 5.26%
   45     1499.51          --                 --  C-C torsion                                                    C-C torsion 83.87%; C-H bending 14.47%
   46     1509.69          --                 --  mixed C-H bending / C-C torsion                                C-H bending 68.47%; C-C torsion 23.31%; C-H out-of-plane bending 3.95%; C-O torsion 3.76%
   47     1513.51          --                 --  C-H bending                                                    C-H bending 77.15%; C-C torsion 11.15%; C-O torsion 9.96%
   48     1700.01          --                 --  cyclic C-N stretching                                          cyclic C-N stretching 76.60%; ring-site C-H in-plane bending 8.91%; cyclic-ring deformation (C-O-C bend) 6.29%; cyclic C-O stretching 4.46%
   49     3018.83          --                 --  C-H stretching                                                 C-H stretching 99.03%
   50     3025.56          --                 --  ring-site C-H stretching                                       ring-site C-H stretching 95.93%; C-H stretching 3.20%
   51     3048.84          --                 --  C-H stretching                                                 C-H stretching 99.40%
   52     3050.42          --                 --  C-H stretching                                                 C-H stretching 98.28%
   53     3084.62          --                 --  opposite-phase C-H stretching                                  opposite-phase C-H stretching 99.50%
   54     3111.64          --                 --  opposite-phase C-H stretching                                  opposite-phase C-H stretching 99.29%
   55     3120.17          --                 --  mixed-phase C-H stretching                                     mixed-phase C-H stretching 98.99%
   56     3127.61          --                 --  mixed-phase C-H stretching                                     mixed-phase C-H stretching 99.35%
   57     3129.82          --                 --  mixed-phase C-H stretching                                     mixed-phase C-H stretching 99.43%
   58     3137.09          --                 --  mixed-phase C-H stretching                                     mixed-phase C-H stretching 98.79%
   59     3206.63          --                 --  ring-site C-H stretching                                       ring-site C-H stretching 98.61%

# Selected internal-coordinate set:
#   1  nu(C8-C9)
#   2  nu(C1-H10)
#   3  nu(O2-C3)
#   4  nu(C4-H13)
#   5  nu(O5-C6)
#   6  nu(C4-H14)
#   7  nu(C8-H17)
#   8  nu(C1-H11)
#   9  nu(C9-H20)
#  10  nu(C6-H16)
#  11  nu(C3-O5)
#  12  nu(C4-H15)
#  13  nu(C1-H12)
#  14  nu(N7-C8)
#  15  nu(C9-H19)
#  16  gamma(N7;C6,O5,H16)
#  17  nu(C9-H18)
#  18  nu(C1-O2)
#  19  nu(C3-C8)
#  20  nu(C6-N7)
#  21  tau(H11-C1-O2-C3)
#  22  gamma(H15;C4,H13,H14)
#  23  tau(H17-C8-C9-H18)
#  24  delta(H13-C4-H14)
#  25  delta(H19-C9-H20)
#  26  delta(H10-C1-H12)
#  27  tau(O5-C3-C4-H15)
#  28  delta(O2-C1-H10)
#  29  delta(O2-C1-H12)
#  30  tau(O5-C3-C8-N7)
#  31  delta(C9-C8-H17)
#  32  delta(O5-C6-H16)
#  33  delta(C8-C9-H19)
#  34  delta(C8-C9-H18)
#  35  delta(C8-C9-H20)
#  36  delta(O2-C1-H11)
#  37  delta(C3-C4-H15)
#  38  delta(C3-O5-C6)
#  39  tau(C3-O5-C6-H16)
#  40  tau(C3-C8-C9-H20)
#  41  tau(C8-C3-C4-H13)
#  42  nu(C3-C4)
#  43  delta(C3-C4-H14)
#  44  tau(H10-C1-O2-C3)
#  45  tau(C3-C8-C9-H18)
#  46  delta(C1-O2-C3)
#  47  delta(C6-N7-C8)
#  48  tau(O2-C3-C4-H14)
#  49  tau(C1-O2-C3-C8)
#  50  tau(O5-C3-C8-C9)
#  51  tau(C4-C3-O5-C6)
#  52  delta(C3-C8-C9)
#  53  delta(O2-C3-C4)
#  54  delta(C4-C3-O5)

Wrote: /local/scratch/mv487/qm9s/experiment_1_phase2/ped/96103/96103_summary.csv
Wrote: /local/scratch/mv487/qm9s/experiment_1_phase2/ped/96103/96103_families.csv
Wrote: /local/scratch/mv487/qm9s/experiment_1_phase2/ped/96103/96103_ped.csv
Wrote: /local/scratch/mv487/qm9s/experiment_1_phase2/ped/96103/96103_ir_transitions.csv

# All generated files are in: /local/scratch/mv487/qm9s/experiment_1_phase2/ped/96103
# Manifest: /local/scratch/mv487/qm9s/experiment_1_phase2/ped/96103/96103_manifest.txt

--- stderr ---
Normal modes/frequencies absent or incomplete: diagonalizing Hessian.
