# Contact: romi@lens.unifi.it
# Manual: https://github.com/SebRoLENS/orca-ped-analyzer/blob/main/docs/ORCA_PED_Analyzer_Manual.md
# Check GitHub for updates and new releases: https://github.com/SebRoLENS/orca-ped-analyzer
#
# Molecule: 23 atoms | non-linear
# Bonds inferred: 22 | candidate ICs: 171 | selected ICs: 63
# Cartesian-Hessian reconstruction relative error: 2.571e-05
# Energy distribution: PED (PED is the backward-compatible default; TED includes kinetic-energy terms)
# Ring/cycle bonds detected: 0 | ring atoms: 0 | ring systems: 0
# VPT2: no matching .out file supplied/found -> harmonic/PED analysis only
#
 Mode   Harm/cm-1   VPT2/cm-1  Harm.Int/km mol-1  Assignment                                                     Grouped PED
------------------------------------------------------------------------------------------------------------------------------------------------------------------------------------------------
    6       77.21          --                 --  C-N torsion                                                    C-N torsion 96.81%
    7       81.59          --                 --  C-N torsion                                                    C-N torsion 96.92%; C-N-C bending 2.22%
    8      104.15          --                 --  C-N torsion                                                    C-N torsion 96.83%
    9      123.20          --                 --  C-N torsion                                                    C-N torsion 95.71%
   10      162.09          --                 --  C-N torsion                                                    C-N torsion 92.51%; C-C torsion 5.81%
   11      176.76          --                 --  C-N torsion                                                    C-N torsion 94.47%; C-C torsion 3.83%
   12      199.18          --                 --  C-N torsion                                                    C-N torsion 95.77%
   13      213.39          --                 --  C-C torsion                                                    C-C torsion 91.47%; C-N torsion 7.23%
   14      259.22          --                 --  C-N torsion                                                    C-N torsion 74.33%; C-N-C bending 17.19%; C-C-N bending 2.40%; N-C-N bending 2.04%
   15      275.34          --                 --  mixed C-N torsion / C-C torsion                                C-N torsion 52.20%; C-C torsion 44.12%
   16      340.33          --                 --  mixed C-N torsion / C-N-C bending                              C-N torsion 69.19%; C-N-C bending 11.64%; C-C torsion 10.75%; C-C-N bending 3.01%
   17      365.62          --                 --  mixed C-N torsion / C-C torsion / C-N-C bending                C-N torsion 33.10%; C-C torsion 32.31%; C-N-C bending 28.88%; in-phase C-N stretching 2.86%
   18      395.54          --                 --  mixed C-C torsion / C-N-C bending / C-N torsion                C-C torsion 43.59%; C-N-C bending 26.53%; C-N torsion 20.29%; O-C-N bending 3.30%
   19      438.23          --                 --  mixed C-N torsion / C-N-C bending / C-C-N bending              C-N torsion 43.69%; C-N-C bending 23.60%; C-C-N bending 18.09%; C-H bending 7.88%
   20      563.99          --                 --  mixed C-N torsion / N-C-N bending / C-N-C bending              C-N torsion 17.85%; N-C-N bending 16.35%; C-N-C bending 15.96%; C-C-N bending 14.15%
   21      576.32          --                 --  mixed mixed-phase C-N stretching / O-C-N bending / C-N torsion mixed-phase C-N stretching 24.13%; O-C-N bending 21.30%; C-N torsion 17.63%; C-N-C bending 16.94%
   22      734.01          --                 --  mixed C-N stretching / N-C-N bending                           C-N stretching 50.48%; N-C-N bending 19.32%; C-N torsion 9.78%; O-C-N bending 5.74%
   23      782.02          --                 --  mixed C-N torsion / C-N out-of-plane bending                   C-N torsion 60.05%; C-N out-of-plane bending 22.59%; C-H bending 8.50%; C-C torsion 4.70%
   24      795.52          --                 --  mixed C-N torsion / C-H bending / C-C torsion                  C-N torsion 39.19%; C-H bending 31.02%; C-C torsion 16.59%; C-N out-of-plane bending 8.10%
   25      876.77          --                 --  mixed mixed-phase C-N stretching / C-H bending                 mixed-phase C-N stretching 33.87%; C-H bending 27.72%; C-C stretching 14.65%; C-C torsion 9.42%
   26      973.68          --                 --  mixed mixed-phase C-N stretching / C-C stretching / C-H bending mixed-phase C-N stretching 33.95%; C-C stretching 28.25%; C-H bending 26.30%; C-C torsion 4.39%
   27     1038.82          --                 --  mixed C-H bending / mixed-phase C-N stretching / C-C stretching C-H bending 38.70%; mixed-phase C-N stretching 36.39%; C-C stretching 17.08%; C-N torsion 4.57%
   28     1076.44          --                 --  C-H bending                                                    C-H bending 76.43%; opposite-phase C-N stretching 14.46%; C-N torsion 6.93%
   29     1090.40          --                 --  mixed C-H bending / mixed-phase C-N stretching                 C-H bending 60.10%; mixed-phase C-N stretching 13.76%; C-C torsion 13.17%; C-C stretching 4.84%
   30     1106.28          --                 --  mixed C-H bending / C-C torsion                                C-H bending 58.90%; C-C torsion 12.93%; C-N torsion 10.55%; C-C-N bending 6.93%
   31     1124.91          --                 --  C-H bending                                                    C-H bending 81.35%; C-N torsion 17.21%
   32     1145.80          --                 --  C-H bending                                                    C-H bending 77.56%; C-N torsion 10.61%; mixed-phase C-N stretching 7.11%
   33     1154.85          --                 --  mixed C-H bending / mixed-phase C-N stretching                 C-H bending 50.17%; mixed-phase C-N stretching 25.18%; C-N torsion 13.21%; O-C-N bending 4.46%
   34     1169.51          --                 --  C-H bending                                                    C-H bending 72.84%; C-N torsion 19.45%; opposite-phase C-N stretching 3.52%; C-N-C bending 3.00%
   35     1241.26          --                 --  mixed C-H bending / mixed-phase C-N stretching                 C-H bending 33.55%; mixed-phase C-N stretching 29.54%; C-N-C bending 11.44%; C-N torsion 11.07%
   36     1257.13          --                 --  mixed mixed-phase C-N stretching / C-H bending                 mixed-phase C-N stretching 41.59%; C-H bending 28.62%; N-C-N bending 7.86%; C-N-C bending 6.83%
   37     1306.25          --                 --  mixed C-H bending / mixed-phase C-N stretching                 C-H bending 50.57%; mixed-phase C-N stretching 19.14%; C-N torsion 17.24%; C-N-C bending 6.85%
   38     1360.23          --                 --  mixed C-H bending / mixed-phase C-N stretching                 C-H bending 46.62%; mixed-phase C-N stretching 25.47%; C-N-C bending 9.98%; C-H out-of-plane bending 5.39%
   39     1395.71          --                 --  mixed C-H bending / C-N torsion                                C-H bending 70.95%; C-N torsion 22.84%; C-N stretching 2.69%
   40     1412.80          --                 --  C-H bending                                                    C-H bending 73.96%; C-N torsion 14.24%; C-C stretching 6.94%; C-N stretching 2.19%
   41     1416.40          --                 --  mixed C-H bending / mixed-phase C-N stretching                 C-H bending 55.04%; mixed-phase C-N stretching 23.64%; C-H out-of-plane bending 7.53%; C-N-C bending 5.23%
   42     1449.89          --                 --  mixed C-H bending / C-H out-of-plane bending                   C-H bending 74.10%; C-H out-of-plane bending 23.77%
   43     1461.71          --                 --  mixed C-H bending / C-H out-of-plane bending                   C-H bending 63.34%; C-H out-of-plane bending 23.84%; C-N torsion 8.04%; C-N stretching 2.56%
   44     1476.94          --                 --  mixed C-H bending / C-N torsion                                C-H bending 47.20%; C-N torsion 31.24%; C-H out-of-plane bending 13.98%; C-C torsion 4.07%
   45     1484.04          --                 --  C-H bending                                                    C-H bending 76.15%; C-N torsion 19.21%; C-H out-of-plane bending 2.01%
   46     1488.78          --                 --  mixed C-H bending / C-N torsion                                C-H bending 47.55%; C-N torsion 31.20%; C-H out-of-plane bending 13.97%; C-C torsion 4.05%
   47     1495.33          --                 --  C-H bending                                                    C-H bending 80.48%; C-C torsion 15.71%; C-N torsion 2.61%
   48     1501.40          --                 --  C-H bending                                                    C-H bending 72.37%; C-N torsion 17.88%; opposite-phase C-N stretching 3.52%; C-C torsion 2.87%
   49     1505.63          --                 --  mixed C-H bending / C-C torsion                                C-H bending 69.39%; C-C torsion 17.62%; C-N torsion 10.79%
   50     1508.42          --                 --  mixed C-H bending / C-N torsion                                C-H bending 69.96%; C-N torsion 17.50%; C-C torsion 10.54%
   51     1513.76          --                 --  mixed C-C torsion / C-H bending                                C-C torsion 50.89%; C-H bending 33.37%; C-N torsion 14.40%
   52     1522.20          --                 --  C-H bending                                                    C-H bending 78.11%; C-N torsion 13.50%; C-H out-of-plane bending 5.77%
   53     1535.80          --                 --  mixed C-H bending / C-H out-of-plane bending                   C-H bending 68.96%; C-H out-of-plane bending 12.31%; C-N torsion 8.35%; opposite-phase C-N stretching 7.55%
   54     1702.28          --                 --  mixed C-O stretching / N-C-N bending                           C-O stretching 64.78%; N-C-N bending 12.38%; in-phase C-N stretching 11.50%; C-N-C bending 4.43%
   55     2985.64          --                 --  C-H stretching                                                 C-H stretching 99.58%
   56     2998.97          --                 --  C-H stretching                                                 C-H stretching 99.57%
   57     3004.27          --                 --  C-H stretching                                                 C-H stretching 99.68%
   58     3031.63          --                 --  mixed-phase C-H stretching                                     mixed-phase C-H stretching 99.35%
   59     3034.09          --                 --  C-H stretching                                                 C-H stretching 99.53%
   60     3054.34          --                 --  mixed-phase C-H stretching                                     mixed-phase C-H stretching 99.45%
   61     3054.97          --                 --  mixed-phase C-H stretching                                     mixed-phase C-H stretching 99.49%
   62     3073.01          --                 --  mixed-phase C-H stretching                                     mixed-phase C-H stretching 99.54%
   63     3085.25          --                 --  mixed-phase C-H stretching                                     mixed-phase C-H stretching 99.12%
   64     3110.52          --                 --  mixed-phase C-H stretching                                     mixed-phase C-H stretching 99.22%
   65     3126.42          --                 --  mixed-phase C-H stretching                                     mixed-phase C-H stretching 99.58%
   66     3142.19          --                 --  C-H stretching                                                 C-H stretching 99.45%
   67     3147.61          --                 --  mixed-phase C-H stretching                                     mixed-phase C-H stretching 99.36%
   68     3158.92          --                 --  C-H stretching                                                 C-H stretching 99.35%

# Selected internal-coordinate set:
#   1  nu(C1-C2)
#   2  nu(N3-C4)
#   3  nu(N7-C8)
#   4  nu(C9-H21)
#   5  nu(C5-O6)
#   6  nu(C9-H22)
#   7  nu(C8-H18)
#   8  nu(C2-H14)
#   9  nu(C4-H16)
#  10  nu(C1-H12)
#  11  nu(C9-H23)
#  12  nu(C4-H15)
#  13  nu(C2-H13)
#  14  nu(C8-H20)
#  15  nu(C1-H11)
#  16  gamma(N3;C5,O6,N7)
#  17  nu(C5-N7)
#  18  nu(C4-H17)
#  19  nu(C1-H10)
#  20  nu(C8-H19)
#  21  nu(C2-N3)
#  22  delta(O6-C5-N7)
#  23  gamma(H23;C9,H21,H22)
#  24  tau(H14-C2-N3-C4)
#  25  delta(H21-C9-H22)
#  26  tau(H11-C1-C2-H13)
#  27  tau(C2-N3-C4-H15)
#  28  delta(H18-C8-H20)
#  29  delta(H16-C4-H17)
#  30  delta(H18-C8-H19)
#  31  delta(H10-C1-H12)
#  32  delta(H19-C8-H20)
#  33  tau(C8-N7-C9-H23)
#  34  delta(C1-C2-H13)
#  35  delta(N3-C4-H16)
#  36  delta(N3-C4-H17)
#  37  delta(C2-C1-H10)
#  38  delta(C2-C1-H12)
#  39  delta(C2-C1-H11)
#  40  tau(C5-N7-C9-H23)
#  41  delta(N3-C4-H15)
#  42  delta(N3-C2-H14)
#  43  delta(N7-C8-H20)
#  44  delta(N7-C9-H21)
#  45  nu(N7-C9)
#  46  nu(N3-C5)
#  47  tau(C8-N7-C9-H21)
#  48  tau(H12-C1-C2-N3)
#  49  tau(H14-C2-N3-C5)
#  50  tau(H11-C1-C2-N3)
#  51  delta(N7-C8-H18)
#  52  delta(N7-C9-H22)
#  53  delta(N3-C5-N7)
#  54  tau(C5-N3-C4-H16)
#  55  tau(C5-N7-C8-H18)
#  56  delta(C8-N7-C9)
#  57  delta(C1-C2-N3)
#  58  delta(C2-N3-C4)
#  59  delta(C5-N7-C9)
#  60  tau(N3-C5-N7-C8)
#  61  tau(H13-C2-N3-C5)
#  62  tau(C2-N3-C5-N7)
#  63  delta(C2-N3-C5)

Wrote: /local/scratch/mv487/qm9s/experiment_1_phase2/ped/92803/92803_summary.csv
Wrote: /local/scratch/mv487/qm9s/experiment_1_phase2/ped/92803/92803_families.csv
Wrote: /local/scratch/mv487/qm9s/experiment_1_phase2/ped/92803/92803_ped.csv
Wrote: /local/scratch/mv487/qm9s/experiment_1_phase2/ped/92803/92803_ir_transitions.csv

# All generated files are in: /local/scratch/mv487/qm9s/experiment_1_phase2/ped/92803
# Manifest: /local/scratch/mv487/qm9s/experiment_1_phase2/ped/92803/92803_manifest.txt

--- stderr ---
Normal modes/frequencies absent or incomplete: diagonalizing Hessian.
