# Contact: romi@lens.unifi.it
# Manual: https://github.com/SebRoLENS/orca-ped-analyzer/blob/main/docs/ORCA_PED_Analyzer_Manual.md
# Check GitHub for updates and new releases: https://github.com/SebRoLENS/orca-ped-analyzer
#
# Molecule: 16 atoms | non-linear
# Bonds inferred: 17 | candidate ICs: 167 | selected ICs: 42
# Cartesian-Hessian reconstruction relative error: 2.542e-05
# Energy distribution: PED (PED is the backward-compatible default; TED includes kinetic-energy terms)
# Ring/cycle bonds detected: 7 | ring atoms: 6 | ring systems: 1
# VPT2: no matching .out file supplied/found -> harmonic/PED analysis only
#
 Mode   Harm/cm-1   VPT2/cm-1  Harm.Int/km mol-1  Assignment                                                     Grouped PED
------------------------------------------------------------------------------------------------------------------------------------------------------------------------------------------------
    6       94.28          --                 --  mixed cyclic-ring torsional/out-of-plane deformation / cyclic-ring torsional/out-of-plane deformation cyclic-ring torsional/out-of-plane deformation 49.60%; cyclic-ring torsional/out-of-plane deformation 32.45%; ring-site C-H out-of-plane bending 14.88%
    7      169.03          --                 --  mixed ring-site C-H out-of-plane bending / cyclic-ring torsional/out-of-plane deformation / C-C-C bending ring-site C-H out-of-plane bending 38.69%; cyclic-ring torsional/out-of-plane deformation 24.30%; C-C-C bending 16.13%; cyclic-ring torsional/out-of-plane deformation 6.13%
    8      196.22          --                 --  C-C torsion                                                    C-C torsion 95.05%; cyclic-ring deformation (C-C-C bend) 2.55%
    9      223.16          --                 --  mixed C-C torsion / cyclic-ring torsional/out-of-plane deformation C-C torsion 39.10%; cyclic-ring torsional/out-of-plane deformation 32.11%; cyclic-ring deformation (C-C-C bend) 14.29%; cyclic-ring torsional/out-of-plane deformation 6.67%
   10      327.63          --                 --  mixed C-C torsion / cyclic-ring deformation (C-C-C bend) / cyclic-ring torsional/out-of-plane deformation C-C torsion 22.14%; cyclic-ring deformation (C-C-C bend) 21.28%; cyclic-ring torsional/out-of-plane deformation 19.58%; C-C out-of-plane bending 12.92%
   11      416.99          --                 --  mixed ring-site C-H out-of-plane bending / cyclic-ring torsional/out-of-plane deformation ring-site C-H out-of-plane bending 32.97%; cyclic-ring torsional/out-of-plane deformation 17.47%; C-C-C bending 13.58%; cyclic-ring deformation (C-C-C bend) 12.31%
   12      457.10          --                 --  mixed cyclic-ring torsional/out-of-plane deformation / cyclic-ring torsional/out-of-plane deformation / ring-site C-H out-of-plane bending cyclic-ring torsional/out-of-plane deformation 26.80%; cyclic-ring torsional/out-of-plane deformation 22.50%; ring-site C-H out-of-plane bending 20.25%; cyclic-ring deformation (C-C-C bend) 11.73%
   13      516.24          --                 --  mixed cyclic-ring deformation (C-O-C bend) / C-C-O bending / mixed-phase cyclic C-C stretching cyclic-ring deformation (C-O-C bend) 33.61%; C-C-O bending 26.35%; mixed-phase cyclic C-C stretching 20.02%; cyclic-ring torsional/out-of-plane deformation 7.21%
   14      523.13          --                 --  mixed ring-site C-H out-of-plane bending / cyclic-ring torsional/out-of-plane deformation / ring-site C-H in-plane bending ring-site C-H out-of-plane bending 30.63%; cyclic-ring torsional/out-of-plane deformation 26.35%; ring-site C-H in-plane bending 22.45%; cyclic-ring torsional/out-of-plane deformation 19.87%
   15      552.80          --                 --  mixed ring-site C-H out-of-plane bending / C-C out-of-plane bending ring-site C-H out-of-plane bending 18.56%; C-C out-of-plane bending 14.86%; mixed-phase cyclic C-C stretching 14.22%; cyclic-ring torsional/out-of-plane deformation 11.43%
   16      784.87          --                 --  mixed ring-site C-H out-of-plane bending / mixed-phase cyclic C-C stretching ring-site C-H out-of-plane bending 28.58%; mixed-phase cyclic C-C stretching 27.66%; C-C torsion 11.81%; exocyclic C-C stretching 7.13%
   17      798.05          --                 --  mixed mixed-phase cyclic C-C stretching / ring-site C-H out-of-plane bending mixed-phase cyclic C-C stretching 34.97%; ring-site C-H out-of-plane bending 20.35%; cyclic C-O stretching 9.38%; exocyclic C-C stretching 7.11%
   18      851.02          --                 --  mixed mixed-phase cyclic C-O stretching / cyclic-ring deformation (C-O-C bend) mixed-phase cyclic C-O stretching 30.38%; cyclic-ring deformation (C-O-C bend) 14.88%; C-C out-of-plane bending 14.16%; ring-site C-H out-of-plane bending 13.44%
   19      886.07          --                 --  mixed mixed-phase cyclic C-C stretching / C-C out-of-plane bending / ring-site C-H out-of-plane bending mixed-phase cyclic C-C stretching 20.63%; C-C out-of-plane bending 18.43%; ring-site C-H out-of-plane bending 18.35%; C-C torsion 17.13%
   20      892.05          --                 --  mixed ring-site C-H out-of-plane bending / mixed-phase cyclic C-C stretching ring-site C-H out-of-plane bending 30.52%; mixed-phase cyclic C-C stretching 24.63%; ring-site C-H in-plane bending 9.64%; C-H bending 8.32%
   21      964.23          --                 --  mixed cyclic C-C stretching / ring-site C-H out-of-plane bending cyclic C-C stretching 39.76%; ring-site C-H out-of-plane bending 14.07%; ring-site C-H in-plane bending 13.27%; cyclic-ring deformation (C-O-C bend) 8.30%
   22     1000.62          --                 --  mixed C-H bending / ring-site C-H in-plane bending / C-C torsion C-H bending 25.14%; ring-site C-H in-plane bending 22.46%; C-C torsion 17.04%; mixed-phase cyclic C-O stretching 10.55%
   23     1020.62          --                 --  mixed ring-site C-H out-of-plane bending / cyclic-ring torsional/out-of-plane deformation ring-site C-H out-of-plane bending 33.95%; cyclic-ring torsional/out-of-plane deformation 14.74%; C-H bending 13.18%; ring-site C-H in-plane bending 11.57%
   24     1056.09          --                 --  mixed ring-site C-H out-of-plane bending / ring-site C-H in-plane bending ring-site C-H out-of-plane bending 60.24%; ring-site C-H in-plane bending 19.46%; cyclic-ring torsional/out-of-plane deformation 12.65%; opposite-phase cyclic C-C stretching 3.30%
   25     1072.95          --                 --  mixed ring-site C-H in-plane bending / cyclic C-O stretching   ring-site C-H in-plane bending 21.44%; cyclic C-O stretching 16.27%; C-H bending 12.04%; opposite-phase cyclic C-C stretching 9.41%
   26     1100.10          --                 --  mixed mixed-phase cyclic C-C stretching / ring-site C-H out-of-plane bending mixed-phase cyclic C-C stretching 27.61%; ring-site C-H out-of-plane bending 21.04%; exocyclic C-C stretching 14.30%; cyclic C-O stretching 8.80%
   27     1128.50          --                 --  mixed C-C out-of-plane bending / C-H bending                   C-C out-of-plane bending 37.30%; C-H bending 24.22%; ring-site C-H in-plane bending 11.08%; ring-site C-H out-of-plane bending 9.05%
   28     1163.52          --                 --  mixed ring-site C-H out-of-plane bending / opposite-phase cyclic C-C stretching ring-site C-H out-of-plane bending 31.03%; opposite-phase cyclic C-C stretching 14.91%; C-C out-of-plane bending 12.33%; C-H bending 12.04%
   29     1182.53          --                 --  mixed C-H bending / ring-site C-H out-of-plane bending         C-H bending 22.13%; ring-site C-H out-of-plane bending 20.86%; exocyclic C-C stretching 13.05%; C-C torsion 11.55%
   30     1207.89          --                 --  mixed ring-site C-H in-plane bending / ring-site C-H out-of-plane bending ring-site C-H in-plane bending 36.52%; ring-site C-H out-of-plane bending 27.27%; C-C out-of-plane bending 10.60%; mixed-phase cyclic C-C stretching 9.01%
   31     1238.82          --                 --  mixed in-phase cyclic C-O stretching / cyclic-ring deformation (C-O-C bend) in-phase cyclic C-O stretching 21.29%; cyclic-ring deformation (C-O-C bend) 13.81%; cyclic C-C stretching 11.67%; C-C out-of-plane bending 10.61%
   32     1348.58          --                 --  mixed ring-site C-H in-plane bending / mixed-phase cyclic C-C stretching ring-site C-H in-plane bending 32.07%; mixed-phase cyclic C-C stretching 22.26%; C-C out-of-plane bending 13.99%; cyclic-ring deformation (C-O-C bend) 10.67%
   33     1417.67          --                 --  mixed C-H out-of-plane bending / C-H bending                   C-H out-of-plane bending 49.80%; C-H bending 18.20%; ring-site C-H out-of-plane bending 10.60%; mixed-phase cyclic C-C stretching 9.65%
   34     1427.72          --                 --  mixed C-H out-of-plane bending / C-H bending                   C-H out-of-plane bending 42.05%; C-H bending 37.22%; exocyclic C-C stretching 5.68%; cyclic C-C stretching 4.59%
   35     1461.90          --                 --  mixed ring-site C-H out-of-plane bending / ring-site C-H in-plane bending ring-site C-H out-of-plane bending 63.07%; ring-site C-H in-plane bending 25.96%; cyclic C-C stretching 6.88%
   36     1494.24          --                 --  mixed C-H bending / C-C torsion / ring-site C-H out-of-plane bending C-H bending 23.74%; C-C torsion 22.06%; ring-site C-H out-of-plane bending 17.39%; mixed-phase cyclic C-C stretching 15.28%
   37     1496.94          --                 --  mixed C-C torsion / C-H bending / mixed-phase cyclic C-C stretching C-C torsion 30.63%; C-H bending 23.72%; mixed-phase cyclic C-C stretching 15.15%; C-H out-of-plane bending 12.55%
   38     1514.06          --                 --  mixed C-H bending / mixed-phase cyclic C-C stretching          C-H bending 46.01%; mixed-phase cyclic C-C stretching 19.51%; C-H out-of-plane bending 12.17%; C-C torsion 6.87%
   39     1912.59          --                 --  exocyclic C-O stretching                                       exocyclic C-O stretching 78.05%; cyclic-ring deformation (C-O-C bend) 8.62%; cyclic C-C stretching 8.05%; cyclic C-O stretching 4.25%
   40     3027.06          --                 --  in-phase C-H stretching                                        in-phase C-H stretching 99.56%
   41     3082.63          --                 --  in-phase ring-site C-H stretching                              in-phase ring-site C-H stretching 98.32%
   42     3087.19          --                 --  mixed-phase C-H stretching                                     mixed-phase C-H stretching 98.50%
   43     3089.09          --                 --  opposite-phase C-H stretching                                  opposite-phase C-H stretching 96.89%; ring-site C-H stretching 2.49%
   44     3121.86          --                 --  in-phase ring-site C-H stretching                              in-phase ring-site C-H stretching 99.26%
   45     3136.30          --                 --  opposite-phase ring-site C-H stretching                        opposite-phase ring-site C-H stretching 99.36%
   46     3143.67          --                 --  ring-site C-H stretching                                       ring-site C-H stretching 96.91%; C-H stretching 2.40%
   47     3211.13          --                 --  opposite-phase ring-site C-H stretching                        opposite-phase ring-site C-H stretching 99.40%

# Selected internal-coordinate set:
#   1  nu(C1-H9)
#   2  nu(C2-H12)
#   3  nu(C3-C4)
#   4  nu(C5-C6)
#   5  nu(C6-O8)
#   6  nu(C1-H10)
#   7  nu(C5-H16)
#   8  nu(C3-H13)
#   9  nu(C1-H11)
#  10  nu(C4-O8)
#  11  tau(H16-C5-C6-O8)
#  12  gamma(H14;C3,C4,H13)
#  13  gamma(C1;C2,C4,H12)
#  14  tau(O7-C6-O8-C4)
#  15  delta(C4-C2-H12)
#  16  nu(C3-H14)
#  17  nu(C5-H15)
#  18  nu(C6-O7)
#  19  tau(H15-C5-C6-O8)
#  20  gamma(H9;C1,H10,H11)
#  21  nu(C2-C4)
#  22  delta(H10-C1-H11)
#  23  delta(C4-C3-H13)
#  24  delta(C6-C5-H15)
#  25  delta(C6-C5-H16)
#  26  gamma(H14;C3,C2,C4)
#  27  tau(H9-C1-C2-H12)
#  28  delta(C5-C6-O7)
#  29  delta(C2-C1-H9)
#  30  tau(C4-C5-C6-O8)
#  31  nu(C4-C5)
#  32  nu(C1-C2)
#  33  tau(H10-C1-C2-C4)
#  34  tau(H13-C3-C4-C5)
#  35  delta(C2-C1-H10)
#  36  delta(C4-O8-C6)
#  37  nu(C2-C3)
#  38  delta(C1-C2-C4)
#  39  delta(C3-C4-C5)
#  40  tau(C1-C2-C4-O8)
#  41  tau(C2-C3-C4-O8)
#  42  tau(C2-C4-O8-C6)

Wrote: /local/scratch/mv487/qm9s/experiment_1_phase2/ped/7540/7540_summary.csv
Wrote: /local/scratch/mv487/qm9s/experiment_1_phase2/ped/7540/7540_families.csv
Wrote: /local/scratch/mv487/qm9s/experiment_1_phase2/ped/7540/7540_ped.csv
Wrote: /local/scratch/mv487/qm9s/experiment_1_phase2/ped/7540/7540_ir_transitions.csv

# All generated files are in: /local/scratch/mv487/qm9s/experiment_1_phase2/ped/7540
# Manifest: /local/scratch/mv487/qm9s/experiment_1_phase2/ped/7540/7540_manifest.txt

--- stderr ---
Normal modes/frequencies absent or incomplete: diagonalizing Hessian.
