# Contact: romi@lens.unifi.it
# Manual: https://github.com/SebRoLENS/orca-ped-analyzer/blob/main/docs/ORCA_PED_Analyzer_Manual.md
# Check GitHub for updates and new releases: https://github.com/SebRoLENS/orca-ped-analyzer
#
# Molecule: 17 atoms | non-linear
# Bonds inferred: 18 | candidate ICs: 140 | selected ICs: 45
# Cartesian-Hessian reconstruction relative error: 1.684e-05
# Energy distribution: PED (PED is the backward-compatible default; TED includes kinetic-energy terms)
# Ring/cycle bonds detected: 9 | ring atoms: 8 | ring systems: 1
# VPT2: no matching .out file supplied/found -> harmonic/PED analysis only
#
 Mode   Harm/cm-1   VPT2/cm-1  Harm.Int/km mol-1  Assignment                                                     Grouped PED
------------------------------------------------------------------------------------------------------------------------------------------------------------------------------------------------
    6      106.68          --                 --  mixed ring-site C-H out-of-plane bending / C-C torsion         ring-site C-H out-of-plane bending 58.77%; C-C torsion 31.04%; cyclic-ring torsional/out-of-plane deformation 6.25%
    7      127.79          --                 --  ring-site C-H out-of-plane bending                             ring-site C-H out-of-plane bending 97.93%
    8      177.86          --                 --  ring-site C-H out-of-plane bending                             ring-site C-H out-of-plane bending 78.67%; cyclic-ring torsional/out-of-plane deformation 10.36%; cyclic-ring torsional/out-of-plane deformation 7.89%
    9      245.44          --                 --  mixed ring-site C-H out-of-plane bending / cyclic-ring torsional/out-of-plane deformation ring-site C-H out-of-plane bending 65.90%; cyclic-ring torsional/out-of-plane deformation 20.28%; cyclic-ring out-of-plane deformation 11.54%
   10      252.63          --                 --  mixed C-C-O bending / ring-site C-H out-of-plane bending       C-C-O bending 38.96%; ring-site C-H out-of-plane bending 21.88%; cyclic-ring torsional/out-of-plane deformation 8.24%; in-phase cyclic C-C stretching 6.85%
   11      353.49          --                 --  mixed ring-site C-H out-of-plane bending / cyclic-ring torsional/out-of-plane deformation ring-site C-H out-of-plane bending 45.76%; cyclic-ring torsional/out-of-plane deformation 32.49%; cyclic-ring torsional/out-of-plane deformation 12.59%; cyclic-ring out-of-plane deformation 7.53%
   12      514.69          --                 --  mixed cyclic-ring deformation (C-C-O bend) / C-C-O bending / mixed-phase cyclic C-C stretching cyclic-ring deformation (C-C-O bend) 26.33%; C-C-O bending 19.88%; mixed-phase cyclic C-C stretching 19.03%; mixed-phase cyclic C-O stretching 13.19%
   13      583.02          --                 --  mixed cyclic-ring deformation (C-C-O bend) / cyclic-ring deformation (C-C-C bend) cyclic-ring deformation (C-C-O bend) 27.38%; cyclic-ring deformation (C-C-C bend) 24.62%; exocyclic C-C stretching 14.21%; cyclic C-O stretching 10.42%
   14      590.24          --                 --  mixed cyclic-ring torsional/out-of-plane deformation / ring-site C-H out-of-plane bending cyclic-ring torsional/out-of-plane deformation 67.48%; ring-site C-H out-of-plane bending 16.00%; cyclic-ring torsional/out-of-plane deformation 8.44%; cyclic-ring out-of-plane deformation 4.07%
   15      635.02          --                 --  mixed cyclic-ring deformation (C-C-O bend) / mixed-phase cyclic C-C stretching cyclic-ring deformation (C-C-O bend) 40.75%; mixed-phase cyclic C-C stretching 17.49%; ring-site C-H in-plane bending 12.58%; ring-site C-H out-of-plane bending 10.68%
   16      652.14          --                 --  mixed ring-site C-H out-of-plane bending / cyclic-ring out-of-plane deformation ring-site C-H out-of-plane bending 52.63%; cyclic-ring out-of-plane deformation 29.21%; cyclic-ring torsional/out-of-plane deformation 12.24%; cyclic C-C stretching 2.01%
   17      690.28          --                 --  mixed ring-site C-H out-of-plane bending / cyclic-ring torsional/out-of-plane deformation ring-site C-H out-of-plane bending 56.71%; cyclic-ring torsional/out-of-plane deformation 21.01%; cyclic-ring torsional/out-of-plane deformation 17.28%; cyclic-ring out-of-plane deformation 3.11%
   18      751.02          --                 --  mixed ring-site C-H in-plane bending / cyclic C-C stretching / ring-site C-H out-of-plane bending ring-site C-H in-plane bending 28.25%; cyclic C-C stretching 18.64%; ring-site C-H out-of-plane bending 15.33%; cyclic-ring deformation (C-C-C bend) 13.61%
   19      782.00          --                 --  mixed cyclic-ring deformation (C-C-O bend) / exocyclic C-C stretching cyclic-ring deformation (C-C-O bend) 58.86%; exocyclic C-C stretching 9.61%; opposite-phase cyclic C-C stretching 9.22%; opposite-phase cyclic C-O stretching 6.33%
   20      851.48          --                 --  mixed ring-site C-H out-of-plane bending / ring-site C-H in-plane bending ring-site C-H out-of-plane bending 39.63%; ring-site C-H in-plane bending 37.29%; cyclic C-O stretching 11.05%; cyclic C-C stretching 5.81%
   21      935.64          --                 --  mixed cyclic C-C stretching / ring-site C-H out-of-plane bending cyclic C-C stretching 54.87%; ring-site C-H out-of-plane bending 19.97%; ring-site C-H in-plane bending 12.26%; cyclic-ring deformation (C-C-O bend) 4.86%
   22      940.16          --                 --  mixed C-H bending / cyclic C-O stretching                      C-H bending 45.00%; cyclic C-O stretching 31.23%; mixed-phase cyclic C-C stretching 8.90%; ring-site C-H in-plane bending 6.33%
   23      980.45          --                 --  mixed cyclic C-O stretching / cyclic-ring deformation (C-C-C bend) cyclic C-O stretching 48.81%; cyclic-ring deformation (C-C-C bend) 14.60%; ring-site C-H out-of-plane bending 14.04%; cyclic C-C stretching 13.99%
   24     1058.07          --                 --  mixed C-H bending / ring-site C-H out-of-plane bending         C-H bending 40.97%; ring-site C-H out-of-plane bending 34.32%; ring-site C-H in-plane bending 7.78%; cyclic-ring deformation (C-C-O bend) 5.21%
   25     1064.21          --                 --  mixed ring-site C-H out-of-plane bending / C-H bending / cyclic-ring deformation (C-C-O bend) ring-site C-H out-of-plane bending 22.09%; C-H bending 21.78%; cyclic-ring deformation (C-C-O bend) 15.76%; cyclic-ring deformation (C-C-C bend) 9.48%
   26     1080.18          --                 --  mixed ring-site C-H out-of-plane bending / ring-site C-H in-plane bending ring-site C-H out-of-plane bending 59.89%; ring-site C-H in-plane bending 15.26%; mixed-phase cyclic C-O stretching 11.19%; cyclic-ring deformation (C-C-O bend) 6.11%
   27     1095.89          --                 --  mixed mixed-phase cyclic C-O stretching / ring-site C-H out-of-plane bending mixed-phase cyclic C-O stretching 66.07%; ring-site C-H out-of-plane bending 16.04%; ring-site C-H in-plane bending 5.61%; opposite-phase cyclic C-C stretching 3.69%
   28     1138.69          --                 --  mixed C-H bending / cyclic C-O stretching                      C-H bending 42.00%; cyclic C-O stretching 19.35%; cyclic C-C stretching 11.26%; ring-site C-H in-plane bending 9.99%
   29     1205.24          --                 --  mixed ring-site C-H in-plane bending / ring-site C-H out-of-plane bending ring-site C-H in-plane bending 50.25%; ring-site C-H out-of-plane bending 42.08%; cyclic C-O stretching 2.55%
   30     1240.09          --                 --  mixed ring-site C-H in-plane bending / ring-site C-H out-of-plane bending ring-site C-H in-plane bending 46.64%; ring-site C-H out-of-plane bending 29.94%; mixed-phase cyclic C-C stretching 8.30%; exocyclic C-C stretching 5.65%
   31     1253.47          --                 --  mixed cyclic-ring deformation (C-C-O bend) / ring-site C-H in-plane bending cyclic-ring deformation (C-C-O bend) 23.69%; ring-site C-H in-plane bending 22.34%; mixed-phase cyclic C-O stretching 14.21%; ring-site C-H out-of-plane bending 12.97%
   32     1281.13          --                 --  mixed ring-site C-H in-plane bending / mixed-phase cyclic C-O stretching ring-site C-H in-plane bending 37.06%; mixed-phase cyclic C-O stretching 31.18%; opposite-phase cyclic C-C stretching 13.14%; cyclic-ring deformation (C-C-O bend) 7.10%
   33     1305.31          --                 --  mixed ring-site C-H out-of-plane bending / ring-site C-H in-plane bending ring-site C-H out-of-plane bending 40.27%; ring-site C-H in-plane bending 40.19%; mixed-phase cyclic C-C stretching 10.26%; cyclic-ring deformation (C-C-O bend) 4.11%
   34     1380.83          --                 --  mixed ring-site C-H in-plane bending / ring-site C-H out-of-plane bending ring-site C-H in-plane bending 55.58%; ring-site C-H out-of-plane bending 22.84%; mixed-phase cyclic C-C stretching 8.87%; cyclic-ring deformation (C-C-O bend) 3.64%
   35     1421.04          --                 --  mixed C-H bending / mixed-phase cyclic C-C stretching          C-H bending 67.32%; mixed-phase cyclic C-C stretching 14.99%; ring-site C-H in-plane bending 6.03%; cyclic-ring deformation (C-C-O bend) 5.13%
   36     1432.73          --                 --  mixed C-H bending / mixed-phase cyclic C-C stretching / cyclic-ring deformation (C-C-O bend) C-H bending 34.97%; mixed-phase cyclic C-C stretching 27.80%; cyclic-ring deformation (C-C-O bend) 15.81%; ring-site C-H in-plane bending 7.21%
   37     1476.82          --                 --  C-H bending                                                    C-H bending 99.27%
   38     1493.18          --                 --  C-H bending                                                    C-H bending 78.83%; ring-site C-H out-of-plane bending 16.56%; ring-site C-H in-plane bending 2.51%
   39     1496.52          --                 --  mixed ring-site C-H out-of-plane bending / C-H bending         ring-site C-H out-of-plane bending 58.37%; C-H bending 29.58%; ring-site C-H in-plane bending 7.23%; cyclic C-C stretching 2.66%
   40     1518.69          --                 --  ring-site C-H out-of-plane bending                             ring-site C-H out-of-plane bending 81.67%; ring-site C-H in-plane bending 15.23%
   41     1632.65          --                 --  mixed cyclic C-C stretching / cyclic C-O stretching            cyclic C-C stretching 64.16%; cyclic C-O stretching 15.89%; cyclic-ring deformation (C-C-O bend) 7.13%; exocyclic C-C stretching 4.10%
   42     1709.94          --                 --  mixed mixed-phase cyclic C-C stretching / cyclic-ring deformation (C-C-O bend) mixed-phase cyclic C-C stretching 66.85%; cyclic-ring deformation (C-C-O bend) 17.10%; exocyclic C-C stretching 5.52%; cyclic C-O stretching 4.23%
   43     3027.99          --                 --  C-H stretching                                                 C-H stretching 99.60%
   44     3034.28          --                 --  ring-site C-H stretching                                       ring-site C-H stretching 99.10%
   45     3040.57          --                 --  mixed-phase ring-site C-H stretching                           mixed-phase ring-site C-H stretching 99.53%
   46     3074.17          --                 --  opposite-phase C-H stretching                                  opposite-phase C-H stretching 99.65%
   47     3084.46          --                 --  mixed-phase ring-site C-H stretching                           mixed-phase ring-site C-H stretching 99.30%
   48     3117.39          --                 --  mixed-phase C-H stretching                                     mixed-phase C-H stretching 99.54%
   49     3122.02          --                 --  mixed-phase ring-site C-H stretching                           mixed-phase ring-site C-H stretching 99.21%
   50     3303.92          --                 --  ring-site C-H stretching                                       ring-site C-H stretching 98.36%

# Selected internal-coordinate set:
#   1  nu(C1-H10)
#   2  nu(C2-O9)
#   3  nu(C3-C4)
#   4  nu(C5-O6)
#   5  nu(C7-C8)
#   6  nu(C5-H15)
#   7  nu(C1-H12)
#   8  nu(C4-H13)
#   9  nu(C8-O9)
#  10  nu(C3-C7)
#  11  nu(C1-H11)
#  12  nu(C5-H16)
#  13  tau(H17-C8-O9-C2)
#  14  tau(C7-C8-O9-C2)
#  15  nu(C4-H14)
#  16  tau(O6-C7-C8-O9)
#  17  gamma(C2;C3,C4,C7)
#  18  nu(C1-C2)
#  19  nu(C8-H17)
#  20  nu(C4-C5)
#  21  nu(O6-C7)
#  22  delta(H10-C1-H11)
#  23  tau(H13-C4-C5-H16)
#  24  delta(H11-C1-H12)
#  25  delta(H10-C1-H12)
#  26  tau(H14-C4-C5-H15)
#  27  delta(C7-C8-H17)
#  28  delta(C4-C5-H15)
#  29  delta(C5-C4-H14)
#  30  tau(H14-C4-C5-O6)
#  31  tau(C1-C2-O9-C8)
#  32  delta(C5-C4-H13)
#  33  delta(C4-C5-H16)
#  34  delta(C2-C1-H11)
#  35  delta(C3-C4-C5)
#  36  delta(C7-C8-O9)
#  37  delta(C3-C7-O6)
#  38  delta(C3-C2-O9)
#  39  tau(H13-C4-C5-O6)
#  40  delta(C2-C1-H12)
#  41  delta(C1-C2-O9)
#  42  tau(H11-C1-C2-O9)
#  43  tau(H16-C5-O6-C7)
#  44  tau(C4-C3-C7-C8)
#  45  nu(C2-C3)

Wrote: /local/scratch/mv487/qm9s/experiment_1_phase2/ped/24870/24870_summary.csv
Wrote: /local/scratch/mv487/qm9s/experiment_1_phase2/ped/24870/24870_families.csv
Wrote: /local/scratch/mv487/qm9s/experiment_1_phase2/ped/24870/24870_ped.csv
Wrote: /local/scratch/mv487/qm9s/experiment_1_phase2/ped/24870/24870_ir_transitions.csv

# All generated files are in: /local/scratch/mv487/qm9s/experiment_1_phase2/ped/24870
# Manifest: /local/scratch/mv487/qm9s/experiment_1_phase2/ped/24870/24870_manifest.txt

--- stderr ---
Normal modes/frequencies absent or incomplete: diagonalizing Hessian.
