# Contact: romi@lens.unifi.it
# Manual: https://github.com/SebRoLENS/orca-ped-analyzer/blob/main/docs/ORCA_PED_Analyzer_Manual.md
# Check GitHub for updates and new releases: https://github.com/SebRoLENS/orca-ped-analyzer
#
# Molecule: 19 atoms | non-linear
# Bonds inferred: 19 | candidate ICs: 153 | selected ICs: 51
# Cartesian-Hessian reconstruction relative error: 2.678e-05
# Energy distribution: PED (PED is the backward-compatible default; TED includes kinetic-energy terms)
# Ring/cycle bonds detected: 5 | ring atoms: 5 | ring systems: 1
# VPT2: no matching .out file supplied/found -> harmonic/PED analysis only
#
 Mode   Harm/cm-1   VPT2/cm-1  Harm.Int/km mol-1  Assignment                                                     Grouped PED
------------------------------------------------------------------------------------------------------------------------------------------------------------------------------------------------
    6       51.14          --                 --  mixed ring-site C-H out-of-plane bending / cyclic-ring torsional/out-of-plane deformation / cyclic-ring torsional/out-of-plane deformation ring-site C-H out-of-plane bending 35.44%; cyclic-ring torsional/out-of-plane deformation 33.89%; cyclic-ring torsional/out-of-plane deformation 27.69%
    7       83.09          --                 --  mixed cyclic-ring torsional/out-of-plane deformation / ring-site C-H out-of-plane bending cyclic-ring torsional/out-of-plane deformation 47.23%; ring-site C-H out-of-plane bending 37.52%; C-C torsion 6.19%; cyclic-ring out-of-plane deformation 4.17%
    8      156.14          --                 --  C-C torsion                                                    C-C torsion 91.11%; cyclic-ring torsional/out-of-plane deformation 7.37%
    9      189.39          --                 --  C-C torsion                                                    C-C torsion 76.79%; cyclic-ring torsional/out-of-plane deformation 14.78%; cyclic-ring torsional/out-of-plane deformation 4.46%; ring-site C-H out-of-plane bending 2.87%
   10      213.46          --                 --  C-C torsion                                                    C-C torsion 95.28%
   11      243.30          --                 --  C-C torsion                                                    C-C torsion 87.89%; cyclic-ring torsional/out-of-plane deformation 5.37%
   12      249.89          --                 --  mixed C-C torsion / cyclic-ring torsional/out-of-plane deformation C-C torsion 62.34%; cyclic-ring torsional/out-of-plane deformation 16.99%; ring-site C-H out-of-plane bending 9.87%; C-C-O bending 3.76%
   13      341.55          --                 --  mixed C-C torsion / cyclic-ring torsional/out-of-plane deformation C-C torsion 46.60%; cyclic-ring torsional/out-of-plane deformation 17.01%; cyclic-ring torsional/out-of-plane deformation 14.33%; C-C-C bending 9.95%
   14      345.65          --                 --  mixed cyclic-ring torsional/out-of-plane deformation / cyclic-ring out-of-plane deformation cyclic-ring torsional/out-of-plane deformation 29.77%; cyclic-ring out-of-plane deformation 16.38%; C-C-O bending 13.39%; C-C torsion 12.68%
   15      419.38          --                 --  mixed C-C-O bending / ring-site C-H out-of-plane bending       C-C-O bending 27.20%; ring-site C-H out-of-plane bending 16.74%; cyclic-ring torsional/out-of-plane deformation 13.32%; C-H bending 12.53%
   16      560.50          --                 --  mixed cyclic-ring torsional/out-of-plane deformation / C-C torsion cyclic-ring torsional/out-of-plane deformation 46.09%; C-C torsion 23.08%; C-H bending 8.41%; cyclic-ring deformation (O-C-C bend) 7.95%
   17      612.19          --                 --  mixed cyclic-ring torsional/out-of-plane deformation / C-C torsion cyclic-ring torsional/out-of-plane deformation 29.12%; C-C torsion 16.86%; exocyclic C-C stretching 11.94%; cyclic C-C stretching 9.20%
   18      690.19          --                 --  mixed C-C-O bending / cyclic-ring deformation (C-C-C bend)     C-C-O bending 24.59%; cyclic-ring deformation (C-C-C bend) 24.29%; exocyclic C-C stretching 9.55%; C-H bending 9.07%
   19      753.56          --                 --  mixed cyclic-ring out-of-plane deformation / C-C-O bending     cyclic-ring out-of-plane deformation 39.86%; C-C-O bending 11.03%; ring-site C-H out-of-plane bending 7.72%; exocyclic C-C stretching 7.65%
   20      794.66          --                 --  mixed cyclic C-C stretching / C-H bending                      cyclic C-C stretching 17.97%; C-H bending 17.36%; cyclic-ring torsional/out-of-plane deformation 14.94%; C-C torsion 12.65%
   21      824.50          --                 --  mixed ring-site C-H out-of-plane bending / C-H bending         ring-site C-H out-of-plane bending 62.74%; C-H bending 9.21%; C-C torsion 8.11%; cyclic-ring torsional/out-of-plane deformation 4.83%
   22      845.77          --                 --  mixed cyclic C-O stretching / C-H bending                      cyclic C-O stretching 22.04%; C-H bending 14.53%; cyclic-ring deformation (O-C-C bend) 12.95%; mixed-phase exocyclic C-C stretching 12.08%
   23      904.00          --                 --  mixed C-H bending / cyclic C-O stretching                      C-H bending 33.99%; cyclic C-O stretching 29.35%; mixed-phase exocyclic C-C stretching 7.50%; cyclic C-C stretching 7.28%
   24      961.69          --                 --  mixed mixed-phase cyclic C-C stretching / C-H bending / mixed-phase exocyclic C-C stretching mixed-phase cyclic C-C stretching 36.40%; C-H bending 17.95%; mixed-phase exocyclic C-C stretching 16.08%; cyclic-ring deformation (C-C-C bend) 10.33%
   25     1014.56          --                 --  mixed C-H bending / C-H out-of-plane bending                   C-H bending 37.62%; C-H out-of-plane bending 22.78%; cyclic-ring out-of-plane deformation 9.27%; in-phase exocyclic C-C stretching 6.87%
   26     1025.98          --                 --  mixed C-H bending / C-H out-of-plane bending                   C-H bending 30.06%; C-H out-of-plane bending 10.79%; C-C torsion 9.92%; ring-site C-H out-of-plane bending 9.76%
   27     1041.24          --                 --  mixed C-H bending / C-C torsion                                C-H bending 56.16%; C-C torsion 20.31%; ring-site C-H out-of-plane bending 8.70%; C-H out-of-plane bending 3.59%
   28     1069.46          --                 --  mixed mixed-phase exocyclic C-C stretching / cyclic-ring deformation (O-C-C bend) mixed-phase exocyclic C-C stretching 25.98%; cyclic-ring deformation (O-C-C bend) 15.98%; in-phase cyclic C-O stretching 14.88%; C-H bending 12.95%
   29     1096.99          --                 --  C-H bending                                                    C-H bending 71.34%; C-C torsion 11.49%; cyclic C-O stretching 4.82%; cyclic-ring torsional/out-of-plane deformation 3.95%
   30     1116.35          --                 --  mixed mixed-phase cyclic C-O stretching / mixed-phase exocyclic C-C stretching mixed-phase cyclic C-O stretching 30.84%; mixed-phase exocyclic C-C stretching 18.17%; cyclic-ring deformation (O-C-C bend) 8.98%; C-C torsion 7.08%
   31     1126.85          --                 --  mixed C-H bending / C-C torsion                                C-H bending 30.55%; C-C torsion 22.62%; opposite-phase cyclic C-O stretching 13.06%; cyclic-ring torsional/out-of-plane deformation 11.42%
   32     1211.50          --                 --  mixed exocyclic C-C stretching / ring-site C-H in-plane bending exocyclic C-C stretching 22.33%; ring-site C-H in-plane bending 16.90%; cyclic-ring deformation (C-C-C bend) 12.28%; cyclic C-C stretching 11.71%
   33     1258.98          --                 --  mixed ring-site C-H out-of-plane bending / ring-site C-H in-plane bending ring-site C-H out-of-plane bending 47.88%; ring-site C-H in-plane bending 17.50%; C-C torsion 11.34%; cyclic C-C stretching 9.01%
   34     1297.07          --                 --  mixed C-C torsion / ring-site C-H in-plane bending             C-C torsion 34.06%; ring-site C-H in-plane bending 22.94%; mixed-phase cyclic C-C stretching 11.52%; ring-site C-H out-of-plane bending 10.59%
   35     1347.79          --                 --  mixed ring-site C-H in-plane bending / ring-site C-H out-of-plane bending ring-site C-H in-plane bending 54.61%; ring-site C-H out-of-plane bending 9.00%; C-H bending 8.02%; exocyclic C-C stretching 7.55%
   36     1355.66          --                 --  mixed C-C torsion / C-H bending                                C-C torsion 54.37%; C-H bending 13.16%; mixed-phase cyclic C-C stretching 12.62%; ring-site C-H in-plane bending 7.80%
   37     1369.46          --                 --  mixed C-H bending / ring-site C-H out-of-plane bending         C-H bending 55.53%; ring-site C-H out-of-plane bending 25.79%; cyclic C-C stretching 4.17%; C-C torsion 3.92%
   38     1411.92          --                 --  mixed C-H bending / C-H out-of-plane bending                   C-H bending 54.36%; C-H out-of-plane bending 42.43%; exocyclic C-C stretching 2.15%
   39     1416.21          --                 --  C-H bending                                                    C-H bending 86.36%; ring-site C-H in-plane bending 2.88%; C-O stretching 2.20%; C-C torsion 2.20%
   40     1422.25          --                 --  mixed C-H out-of-plane bending / C-H bending                   C-H out-of-plane bending 52.19%; C-H bending 43.40%; exocyclic C-C stretching 3.50%
   41     1482.66          --                 --  mixed C-H bending / C-C torsion                                C-H bending 48.45%; C-C torsion 42.71%; C-H out-of-plane bending 6.56%
   42     1488.53          --                 --  mixed C-H bending / C-C torsion                                C-H bending 61.73%; C-C torsion 28.77%; C-H out-of-plane bending 8.45%
   43     1493.60          --                 --  mixed C-H bending / C-H out-of-plane bending                   C-H bending 59.90%; C-H out-of-plane bending 18.58%; C-C torsion 18.46%
   44     1500.90          --                 --  mixed C-H bending / C-C torsion                                C-H bending 59.35%; C-C torsion 29.70%; C-H out-of-plane bending 10.46%
   45     1715.56          --                 --  cyclic C-C stretching                                          cyclic C-C stretching 73.12%; exocyclic C-C stretching 6.72%; cyclic-ring deformation (O-C-C bend) 5.51%; C-C-C bending 4.04%
   46     1822.78          --                 --  C-O stretching                                                 C-O stretching 88.30%; C-H bending 4.56%; exocyclic C-C stretching 3.58%
   47     2847.05          --                 --  C-H stretching                                                 C-H stretching 97.84%
   48     2950.74          --                 --  ring-site C-H stretching                                       ring-site C-H stretching 98.01%
   49     2979.30          --                 --  ring-site C-H stretching                                       ring-site C-H stretching 98.09%
   50     3023.86          --                 --  C-H stretching                                                 C-H stretching 99.46%
   51     3036.97          --                 --  C-H stretching                                                 C-H stretching 99.54%
   52     3068.78          --                 --  opposite-phase C-H stretching                                  opposite-phase C-H stretching 99.69%
   53     3104.69          --                 --  mixed-phase C-H stretching                                     mixed-phase C-H stretching 99.15%
   54     3111.67          --                 --  mixed-phase C-H stretching                                     mixed-phase C-H stretching 99.47%
   55     3119.97          --                 --  opposite-phase C-H stretching                                  opposite-phase C-H stretching 98.95%
   56     3207.55          --                 --  ring-site C-H stretching                                       ring-site C-H stretching 98.42%

# Selected internal-coordinate set:
#   1  nu(C1-H10)
#   2  nu(C2-O3)
#   3  nu(C4-H14)
#   4  nu(C5-O6)
#   5  nu(C7-C8)
#   6  nu(C9-H18)
#   7  nu(C9-H19)
#   8  nu(C2-H13)
#   9  nu(C1-H11)
#  10  nu(C9-H17)
#  11  nu(O3-C4)
#  12  nu(C1-H12)
#  13  nu(C5-H15)
#  14  nu(C2-C8)
#  15  gamma(H16;C7,C4,C8)
#  16  gamma(H15;C5,C4,O6)
#  17  nu(C7-H16)
#  18  tau(C2-O3-C4-H14)
#  19  delta(O6-C5-H15)
#  20  gamma(H10;C1,H11,H12)
#  21  gamma(H17;C9,H18,H19)
#  22  tau(H13-C2-O3-C4)
#  23  tau(C2-C8-C9-H17)
#  24  delta(C8-C7-H16)
#  25  delta(H18-C9-H19)
#  26  delta(H11-C1-H12)
#  27  tau(H10-C1-C2-H13)
#  28  tau(C4-C7-C8-C9)
#  29  delta(O3-C4-H14)
#  30  tau(C2-O3-C4-C5)
#  31  delta(O3-C2-C8)
#  32  delta(C2-C1-H11)
#  33  delta(C8-C9-H17)
#  34  delta(C4-C5-O6)
#  35  nu(C4-C5)
#  36  tau(H11-C1-C2-H13)
#  37  delta(C4-C7-C8)
#  38  nu(C1-C2)
#  39  tau(O3-C4-C5-H15)
#  40  delta(C2-C1-H12)
#  41  nu(C8-C9)
#  42  tau(C7-C8-C9-H19)
#  43  delta(C8-C9-H18)
#  44  delta(C1-C2-H13)
#  45  nu(C4-C7)
#  46  tau(H12-C1-C2-O3)
#  47  delta(C1-C2-O3)
#  48  tau(C5-C4-C7-C8)
#  49  delta(C2-C8-C9)
#  50  gamma(C5;C4,O3,C7)
#  51  tau(O3-C2-C8-C7)

Wrote: /local/scratch/mv487/qm9s/experiment_1_phase2/ped/80054/80054_summary.csv
Wrote: /local/scratch/mv487/qm9s/experiment_1_phase2/ped/80054/80054_families.csv
Wrote: /local/scratch/mv487/qm9s/experiment_1_phase2/ped/80054/80054_ped.csv
Wrote: /local/scratch/mv487/qm9s/experiment_1_phase2/ped/80054/80054_ir_transitions.csv

# All generated files are in: /local/scratch/mv487/qm9s/experiment_1_phase2/ped/80054
# Manifest: /local/scratch/mv487/qm9s/experiment_1_phase2/ped/80054/80054_manifest.txt

--- stderr ---
Normal modes/frequencies absent or incomplete: diagonalizing Hessian.
