# Contact: romi@lens.unifi.it
# Manual: https://github.com/SebRoLENS/orca-ped-analyzer/blob/main/docs/ORCA_PED_Analyzer_Manual.md
# Check GitHub for updates and new releases: https://github.com/SebRoLENS/orca-ped-analyzer
#
# Molecule: 18 atoms | non-linear
# Bonds inferred: 19 | candidate ICs: 176 | selected ICs: 48
# Cartesian-Hessian reconstruction relative error: 3.805e-05
# Energy distribution: PED (PED is the backward-compatible default; TED includes kinetic-energy terms)
# Ring/cycle bonds detected: 8 | ring atoms: 7 | ring systems: 1
# VPT2: no matching .out file supplied/found -> harmonic/PED analysis only
#
 Mode   Harm/cm-1   VPT2/cm-1  Harm.Int/km mol-1  Assignment                                                     Grouped PED
------------------------------------------------------------------------------------------------------------------------------------------------------------------------------------------------
    6       65.22          --                 --  mixed ring-site C-H out-of-plane bending / cyclic-ring torsional/out-of-plane deformation ring-site C-H out-of-plane bending 59.98%; cyclic-ring torsional/out-of-plane deformation 37.41%
    7      156.83          --                 --  mixed ring-site C-H out-of-plane bending / cyclic-ring torsional/out-of-plane deformation / cyclic-ring deformation (C-C-C bend) ring-site C-H out-of-plane bending 39.21%; cyclic-ring torsional/out-of-plane deformation 33.45%; cyclic-ring deformation (C-C-C bend) 21.40%; cyclic-ring out-of-plane deformation 2.54%
    8      240.11          --                 --  ring-site C-H out-of-plane bending                             ring-site C-H out-of-plane bending 79.81%; cyclic-ring deformation (C-C-C bend) 5.39%; cyclic-ring torsional/out-of-plane deformation 4.44%; ring-site C-H in-plane bending 3.31%
    9      300.42          --                 --  mixed C-O torsion / cyclic-ring deformation (C-C-C bend) / O-C-C bending C-O torsion 43.16%; cyclic-ring deformation (C-C-C bend) 17.17%; O-C-C bending 17.13%; ring-site C-H out-of-plane bending 10.54%
   10      345.39          --                 --  mixed O-C-C bending / ring-site C-H out-of-plane bending / cyclic-ring deformation (C-C-C bend) O-C-C bending 30.05%; ring-site C-H out-of-plane bending 24.01%; cyclic-ring deformation (C-C-C bend) 17.41%; cyclic-ring torsional/out-of-plane deformation 13.47%
   11      368.74          --                 --  mixed ring-site C-H out-of-plane bending / cyclic-ring deformation (C-C-C bend) ring-site C-H out-of-plane bending 19.69%; cyclic-ring deformation (C-C-C bend) 15.22%; cyclic-ring deformation (C-C-O bend) 14.78%; O-C-C bending 14.65%
   12      400.05          --                 --  mixed ring-site C-H out-of-plane bending / O-C-C bending       ring-site C-H out-of-plane bending 66.77%; O-C-C bending 20.29%; cyclic-ring out-of-plane deformation 4.27%
   13      439.55          --                 --  mixed ring-site C-H out-of-plane bending / O-C-C bending       ring-site C-H out-of-plane bending 55.72%; O-C-C bending 26.96%; ring-site C-H in-plane bending 8.12%; C-C-N bending 5.39%
   14      468.27          --                 --  mixed ring-site C-H out-of-plane bending / cyclic-ring deformation (C-C-C bend) ring-site C-H out-of-plane bending 29.96%; cyclic-ring deformation (C-C-C bend) 21.37%; cyclic-ring deformation (C-C-O bend) 14.41%; ring-site C-H in-plane bending 9.98%
   15      540.54          --                 --  mixed ring-site C-H out-of-plane bending / cyclic-ring torsional/out-of-plane deformation ring-site C-H out-of-plane bending 48.34%; cyclic-ring torsional/out-of-plane deformation 10.99%; C-C-N bending 7.09%; O-C-C bending 7.05%
   16      645.31          --                 --  mixed ring-site C-H out-of-plane bending / mixed-phase cyclic C-C stretching / ring-site C-H in-plane bending ring-site C-H out-of-plane bending 32.07%; mixed-phase cyclic C-C stretching 23.03%; ring-site C-H in-plane bending 15.32%; cyclic-ring deformation (C-C-O bend) 13.95%
   17      666.27          --                 --  mixed C-N torsion / ring-site C-H out-of-plane bending / cyclic-ring deformation (C-C-C bend) C-N torsion 36.59%; ring-site C-H out-of-plane bending 18.35%; cyclic-ring deformation (C-C-C bend) 16.49%; mixed-phase cyclic C-C stretching 10.54%
   18      741.72          --                 --  mixed ring-site C-H out-of-plane bending / mixed-phase cyclic C-C stretching ring-site C-H out-of-plane bending 39.32%; mixed-phase cyclic C-C stretching 14.58%; cyclic-ring deformation (C-C-C bend) 12.93%; ring-site C-H in-plane bending 12.30%
   19      757.48          --                 --  mixed ring-site C-H out-of-plane bending / cyclic C-C stretching / cyclic C-O stretching ring-site C-H out-of-plane bending 37.50%; cyclic C-C stretching 19.22%; cyclic C-O stretching 18.36%; ring-site C-H in-plane bending 4.84%
   20      885.33          --                 --  mixed C-N torsion / ring-site C-H out-of-plane bending         C-N torsion 42.37%; ring-site C-H out-of-plane bending 28.98%; ring-site C-H in-plane bending 13.05%; mixed-phase cyclic C-C stretching 4.73%
   21      891.52          --                 --  mixed C-N torsion / mixed-phase cyclic C-C stretching / ring-site C-H out-of-plane bending C-N torsion 36.48%; mixed-phase cyclic C-C stretching 21.07%; ring-site C-H out-of-plane bending 18.44%; ring-site C-H in-plane bending 7.46%
   22      909.72          --                 --  C-N torsion                                                    C-N torsion 73.07%; ring-site C-H out-of-plane bending 10.09%; ring-site C-H in-plane bending 5.84%; cyclic C-C stretching 3.99%
   23      923.66          --                 --  mixed opposite-phase cyclic C-C stretching / ring-site C-H out-of-plane bending opposite-phase cyclic C-C stretching 34.56%; ring-site C-H out-of-plane bending 21.44%; cyclic-ring out-of-plane deformation 14.96%; cyclic-ring torsional/out-of-plane deformation 6.05%
   24      947.01          --                 --  mixed ring-site C-H out-of-plane bending / ring-site C-H in-plane bending ring-site C-H out-of-plane bending 40.90%; ring-site C-H in-plane bending 14.57%; cyclic C-O stretching 7.86%; cyclic-ring out-of-plane deformation 7.76%
   25      976.02          --                 --  mixed cyclic C-C stretching / ring-site C-H out-of-plane bending cyclic C-C stretching 27.29%; ring-site C-H out-of-plane bending 18.14%; ring-site C-H in-plane bending 14.68%; cyclic-ring deformation (C-C-C bend) 9.61%
   26      990.25          --                 --  mixed ring-site C-H out-of-plane bending / mixed-phase cyclic C-C stretching ring-site C-H out-of-plane bending 41.22%; mixed-phase cyclic C-C stretching 26.64%; cyclic-ring out-of-plane deformation 9.74%; mixed-phase cyclic C-O stretching 5.09%
   27     1047.22          --                 --  mixed mixed-phase cyclic C-C stretching / ring-site C-H out-of-plane bending / cyclic C-O stretching mixed-phase cyclic C-C stretching 23.15%; ring-site C-H out-of-plane bending 18.84%; cyclic C-O stretching 18.60%; ring-site C-H in-plane bending 17.38%
   28     1073.32          --                 --  ring-site C-H out-of-plane bending                             ring-site C-H out-of-plane bending 77.46%; ring-site C-H in-plane bending 10.71%; cyclic-ring deformation (C-C-C bend) 4.00%; cyclic C-C stretching 2.77%
   29     1089.01          --                 --  mixed mixed-phase cyclic C-O stretching / ring-site C-H in-plane bending / cyclic-ring deformation (C-C-C bend) mixed-phase cyclic C-O stretching 27.08%; ring-site C-H in-plane bending 21.14%; cyclic-ring deformation (C-C-C bend) 15.61%; ring-site C-H out-of-plane bending 10.93%
   30     1107.29          --                 --  mixed ring-site C-H out-of-plane bending / mixed-phase cyclic C-C stretching / ring-site C-H in-plane bending ring-site C-H out-of-plane bending 28.71%; mixed-phase cyclic C-C stretching 25.28%; ring-site C-H in-plane bending 16.96%; cyclic-ring out-of-plane deformation 10.55%
   31     1126.68          --                 --  mixed ring-site C-H out-of-plane bending / opposite-phase cyclic C-O stretching / N-H bending ring-site C-H out-of-plane bending 24.09%; opposite-phase cyclic C-O stretching 19.85%; N-H bending 15.40%; ring-site C-H in-plane bending 10.95%
   32     1195.50          --                 --  mixed ring-site C-H in-plane bending / ring-site C-H out-of-plane bending ring-site C-H in-plane bending 49.78%; ring-site C-H out-of-plane bending 27.58%; exocyclic C-O stretching 7.03%; in-phase cyclic C-C stretching 5.11%
   33     1263.50          --                 --  mixed ring-site C-H in-plane bending / ring-site C-H out-of-plane bending ring-site C-H in-plane bending 51.18%; ring-site C-H out-of-plane bending 20.64%; O-H bending 14.34%; mixed-phase cyclic C-C stretching 6.72%
   34     1276.49          --                 --  mixed ring-site C-H in-plane bending / ring-site C-H out-of-plane bending ring-site C-H in-plane bending 54.29%; ring-site C-H out-of-plane bending 22.64%; mixed-phase cyclic C-C stretching 8.15%; exocyclic C-O stretching 5.49%
   35     1280.66          --                 --  mixed ring-site C-H in-plane bending / mixed-phase cyclic C-C stretching ring-site C-H in-plane bending 45.54%; mixed-phase cyclic C-C stretching 23.46%; N-H bending 13.06%; O-C-C bending 6.05%
   36     1312.01          --                 --  mixed ring-site C-H in-plane bending / O-H bending             ring-site C-H in-plane bending 60.36%; O-H bending 19.33%; N-H bending 5.08%; ring-site C-H out-of-plane bending 4.01%
   37     1340.05          --                 --  mixed mixed-phase cyclic C-C stretching / N-H bending          mixed-phase cyclic C-C stretching 22.44%; N-H bending 14.91%; ring-site C-H in-plane bending 12.48%; O-C-C bending 10.88%
   38     1378.10          --                 --  mixed ring-site C-H out-of-plane bending / ring-site C-H in-plane bending / mixed-phase cyclic C-C stretching ring-site C-H out-of-plane bending 43.58%; ring-site C-H in-plane bending 36.17%; mixed-phase cyclic C-C stretching 17.52%
   39     1404.51          --                 --  mixed ring-site C-H in-plane bending / mixed-phase cyclic C-C stretching / ring-site C-H out-of-plane bending ring-site C-H in-plane bending 38.39%; mixed-phase cyclic C-C stretching 28.18%; ring-site C-H out-of-plane bending 15.45%; exocyclic C-O stretching 7.06%
   40     1424.83          --                 --  ring-site C-H in-plane bending                                 ring-site C-H in-plane bending 72.12%; mixed-phase cyclic C-C stretching 8.60%; ring-site C-H out-of-plane bending 5.64%; cyclic C-O stretching 4.19%
   41     1472.62          --                 --  ring-site C-H out-of-plane bending                             ring-site C-H out-of-plane bending 80.23%; ring-site C-H in-plane bending 14.40%; cyclic C-C stretching 2.88%
   42     1492.20          --                 --  mixed ring-site C-H out-of-plane bending / in-phase cyclic C-C stretching ring-site C-H out-of-plane bending 65.34%; in-phase cyclic C-C stretching 16.35%; ring-site C-H in-plane bending 14.16%
   43     1515.22          --                 --  C-H bending                                                    C-H bending 76.67%; ring-site C-H in-plane bending 14.35%; ring-site C-H out-of-plane bending 7.90%
   44     1732.07          --                 --  mixed exocyclic C-N stretching / cyclic-ring deformation (C-C-O bend) exocyclic C-N stretching 69.59%; cyclic-ring deformation (C-C-O bend) 16.19%; cyclic C-C stretching 8.29%; ring-site C-H in-plane bending 2.16%
   45     3028.81          --                 --  ring-site C-H stretching                                       ring-site C-H stretching 99.19%
   46     3044.73          --                 --  ring-site C-H stretching                                       ring-site C-H stretching 99.16%
   47     3091.96          --                 --  mixed-phase ring-site C-H stretching                           mixed-phase ring-site C-H stretching 99.17%
   48     3115.73          --                 --  mixed-phase ring-site C-H stretching                           mixed-phase ring-site C-H stretching 99.19%
   49     3130.28          --                 --  in-phase ring-site C-H stretching                              in-phase ring-site C-H stretching 99.33%
   50     3202.50          --                 --  ring-site C-H stretching                                       ring-site C-H stretching 98.70%
   51     3223.20          --                 --  opposite-phase ring-site C-H stretching                        opposite-phase ring-site C-H stretching 99.47%
   52     3463.02          --                 --  N-H stretching                                                 N-H stretching 99.75%
   53     3782.53          --                 --  O-H stretching                                                 O-H stretching 99.87%

# Selected internal-coordinate set:
#   1  nu(O1-H10)
#   2  nu(C2-C3)
#   3  nu(C4-C5)
#   4  nu(N6-H14)
#   5  nu(C8-C9)
#   6  nu(C9-H18)
#   7  nu(C8-H15)
#   8  nu(C4-H13)
#   9  nu(C5-O7)
#  10  nu(C3-H11)
#  11  nu(C9-H17)
#  12  tau(O7-C5-N6-H14)
#  13  nu(C8-H16)
#  14  gamma(H12;C3,C2,H11)
#  15  nu(O1-C2)
#  16  gamma(C2;C4,C5,H13)
#  17  nu(O7-C8)
#  18  nu(C3-H12)
#  19  delta(C5-N6-H14)
#  20  tau(H10-O1-C2-C9)
#  21  gamma(H17;C9,C8,H18)
#  22  delta(C2-O1-H10)
#  23  tau(C4-C5-N6-H14)
#  24  delta(H15-C8-H16)
#  25  delta(O1-C2-C4)
#  26  delta(O7-C8-H15)
#  27  nu(C5-N6)
#  28  delta(C5-C4-H13)
#  29  delta(C2-C3-H11)
#  30  delta(C8-C9-H18)
#  31  delta(O7-C8-H16)
#  32  gamma(H12;C3,C2,C4)
#  33  tau(C5-O7-C8-H16)
#  34  tau(O1-C2-C9-H17)
#  35  tau(O7-C8-C9-H18)
#  36  nu(C2-C4)
#  37  delta(C4-C5-O7)
#  38  tau(C9-C2-C3-H11)
#  39  delta(C9-C8-H15)
#  40  nu(C3-C4)
#  41  nu(C2-C9)
#  42  delta(O1-C2-C9)
#  43  delta(C2-C9-C8)
#  44  delta(C4-C5-N6)
#  45  tau(O1-C2-C9-C8)
#  46  delta(C3-C4-C5)
#  47  tau(C3-C2-C9-H18)
#  48  tau(C2-C4-C5-N6)

Wrote: /local/scratch/mv487/qm9s/experiment_1_phase2/ped/63641/63641_summary.csv
Wrote: /local/scratch/mv487/qm9s/experiment_1_phase2/ped/63641/63641_families.csv
Wrote: /local/scratch/mv487/qm9s/experiment_1_phase2/ped/63641/63641_ped.csv
Wrote: /local/scratch/mv487/qm9s/experiment_1_phase2/ped/63641/63641_ir_transitions.csv

# All generated files are in: /local/scratch/mv487/qm9s/experiment_1_phase2/ped/63641
# Manifest: /local/scratch/mv487/qm9s/experiment_1_phase2/ped/63641/63641_manifest.txt

--- stderr ---
Normal modes/frequencies absent or incomplete: diagonalizing Hessian.
