# Contact: romi@lens.unifi.it
# Manual: https://github.com/SebRoLENS/orca-ped-analyzer/blob/main/docs/ORCA_PED_Analyzer_Manual.md
# Check GitHub for updates and new releases: https://github.com/SebRoLENS/orca-ped-analyzer
#
# Molecule: 21 atoms | non-linear
# Bonds inferred: 23 | candidate ICs: 252 | selected ICs: 57
# Cartesian-Hessian reconstruction relative error: 4.172e-05
# Energy distribution: PED (PED is the backward-compatible default; TED includes kinetic-energy terms)
# Ring/cycle bonds detected: 9 | ring atoms: 7 | ring systems: 1
# VPT2: no matching .out file supplied/found -> harmonic/PED analysis only
#
 Mode   Harm/cm-1   VPT2/cm-1  Harm.Int/km mol-1  Assignment                                                     Grouped PED
------------------------------------------------------------------------------------------------------------------------------------------------------------------------------------------------
    6      136.45          --                 --  mixed cyclic-ring torsional/out-of-plane deformation / ring-site C-H out-of-plane bending cyclic-ring torsional/out-of-plane deformation 70.16%; ring-site C-H out-of-plane bending 20.91%; cyclic-ring deformation (O-C-C bend) 2.56%
    7      212.37          --                 --  mixed cyclic-ring torsional/out-of-plane deformation / C-C out-of-plane bending cyclic-ring torsional/out-of-plane deformation 69.53%; C-C out-of-plane bending 8.27%; C-C torsion 5.06%; cyclic-ring deformation (C-C-O bend) 4.74%
    8      219.23          --                 --  C-C torsion                                                    C-C torsion 82.23%; cyclic-ring torsional/out-of-plane deformation 5.07%; C-H bending 3.56%; C-C out-of-plane bending 3.35%
    9      235.82          --                 --  mixed C-C torsion / cyclic-ring torsional/out-of-plane deformation C-C torsion 41.78%; cyclic-ring torsional/out-of-plane deformation 40.48%; cyclic-ring out-of-plane deformation 6.35%; cyclic-ring deformation (C-C-O bend) 4.42%
   10      242.82          --                 --  mixed cyclic-ring torsional/out-of-plane deformation / C-C-C bending cyclic-ring torsional/out-of-plane deformation 45.67%; C-C-C bending 30.71%; C-H bending 5.59%; cyclic-ring out-of-plane deformation 4.09%
   11      274.60          --                 --  mixed cyclic-ring out-of-plane deformation / cyclic-ring torsional/out-of-plane deformation cyclic-ring out-of-plane deformation 25.51%; cyclic-ring torsional/out-of-plane deformation 14.37%; cyclic-ring deformation (O-C-C bend) 11.14%; C-H bending 10.05%
   12      326.27          --                 --  mixed cyclic-ring torsional/out-of-plane deformation / cyclic-ring deformation (O-C-C bend) cyclic-ring torsional/out-of-plane deformation 58.11%; cyclic-ring deformation (O-C-C bend) 12.50%; ring-site C-H out-of-plane bending 8.87%; cyclic-ring out-of-plane deformation 7.07%
   13      394.57          --                 --  mixed cyclic-ring torsional/out-of-plane deformation / ring-site C-H out-of-plane bending cyclic-ring torsional/out-of-plane deformation 31.92%; ring-site C-H out-of-plane bending 24.81%; ring-site C-H in-plane bending 11.23%; C-H bending 8.71%
   14      486.63          --                 --  mixed cyclic-ring torsional/out-of-plane deformation / ring-site C-H out-of-plane bending cyclic-ring torsional/out-of-plane deformation 40.69%; ring-site C-H out-of-plane bending 19.24%; cyclic-ring deformation (C-C-O bend) 12.16%; cyclic-ring deformation (C-C-C bend) 7.23%
   15      533.31          --                 --  mixed cyclic-ring torsional/out-of-plane deformation / cyclic-ring deformation (C-C-O bend) / cyclic-ring deformation (O-C-C bend) cyclic-ring torsional/out-of-plane deformation 21.46%; cyclic-ring deformation (C-C-O bend) 20.25%; cyclic-ring deformation (O-C-C bend) 15.12%; ring-site C-H out-of-plane bending 11.11%
   16      642.86          --                 --  mixed cyclic-ring deformation (C-C-C bend) / mixed-phase cyclic C-C stretching cyclic-ring deformation (C-C-C bend) 57.58%; mixed-phase cyclic C-C stretching 14.84%; cyclic-ring torsional/out-of-plane deformation 10.62%; exocyclic C-C stretching 4.31%
   17      682.08          --                 --  mixed cyclic-ring torsional/out-of-plane deformation / cyclic-ring deformation (O-C-C bend) cyclic-ring torsional/out-of-plane deformation 23.53%; cyclic-ring deformation (O-C-C bend) 21.86%; cyclic C-C stretching 13.36%; cyclic-ring deformation (C-C-O bend) 11.82%
   18      783.52          --                 --  mixed cyclic C-C stretching / ring-site C-H out-of-plane bending cyclic C-C stretching 37.08%; ring-site C-H out-of-plane bending 16.98%; mixed-phase cyclic C-O stretching 11.75%; cyclic-ring deformation (C-C-O bend) 10.03%
   19      789.43          --                 --  mixed cyclic-ring torsional/out-of-plane deformation / mixed-phase cyclic C-O stretching / mixed-phase cyclic C-C stretching cyclic-ring torsional/out-of-plane deformation 36.84%; mixed-phase cyclic C-O stretching 19.91%; mixed-phase cyclic C-C stretching 16.35%; cyclic-ring deformation (C-C-C bend) 12.31%
   20      824.08          --                 --  mixed mixed-phase cyclic C-C stretching / ring-site C-H out-of-plane bending mixed-phase cyclic C-C stretching 30.74%; ring-site C-H out-of-plane bending 24.76%; ring-site C-H in-plane bending 14.21%; C-H bending 13.25%
   21      836.66          --                 --  mixed mixed-phase cyclic C-C stretching / ring-site C-H out-of-plane bending / cyclic C-O stretching mixed-phase cyclic C-C stretching 32.55%; ring-site C-H out-of-plane bending 24.32%; cyclic C-O stretching 15.49%; cyclic-ring out-of-plane deformation 7.24%
   22      864.34          --                 --  mixed mixed-phase cyclic C-C stretching / mixed-phase cyclic C-O stretching mixed-phase cyclic C-C stretching 40.01%; mixed-phase cyclic C-O stretching 17.34%; cyclic-ring torsional/out-of-plane deformation 14.32%; C-H bending 10.93%
   23      886.05          --                 --  mixed cyclic C-C stretching / C-H bending                      cyclic C-C stretching 31.51%; C-H bending 24.26%; ring-site C-H in-plane bending 13.35%; cyclic-ring deformation (C-C-C bend) 6.94%
   24      909.80          --                 --  mixed mixed-phase cyclic C-C stretching / C-H bending          mixed-phase cyclic C-C stretching 51.93%; C-H bending 21.40%; cyclic-ring torsional/out-of-plane deformation 9.13%; cyclic-ring deformation (O-C-C bend) 5.96%
   25      927.21          --                 --  mixed cyclic-ring deformation (C-C-C bend) / C-H bending / mixed-phase cyclic C-C stretching cyclic-ring deformation (C-C-C bend) 27.27%; C-H bending 21.95%; mixed-phase cyclic C-C stretching 20.02%; cyclic-ring deformation (O-C-C bend) 7.54%
   26      955.65          --                 --  mixed mixed-phase cyclic C-C stretching / C-H bending          mixed-phase cyclic C-C stretching 32.34%; C-H bending 21.93%; cyclic-ring out-of-plane deformation 10.40%; ring-site C-H in-plane bending 8.87%
   27      982.31          --                 --  mixed in-phase cyclic C-O stretching / cyclic-ring out-of-plane deformation / ring-site C-H out-of-plane bending in-phase cyclic C-O stretching 26.50%; cyclic-ring out-of-plane deformation 18.71%; ring-site C-H out-of-plane bending 18.05%; C-H bending 17.81%
   28     1011.61          --                 --  mixed C-H bending / ring-site C-H out-of-plane bending / ring-site C-H in-plane bending C-H bending 33.96%; ring-site C-H out-of-plane bending 18.74%; ring-site C-H in-plane bending 16.63%; mixed-phase cyclic C-C stretching 12.07%
   29     1049.10          --                 --  mixed ring-site C-H out-of-plane bending / ring-site C-H in-plane bending ring-site C-H out-of-plane bending 48.71%; ring-site C-H in-plane bending 20.68%; cyclic-ring out-of-plane deformation 13.01%; C-H bending 5.29%
   30     1074.23          --                 --  mixed ring-site C-H in-plane bending / C-H bending             ring-site C-H in-plane bending 22.99%; C-H bending 21.86%; mixed-phase cyclic C-C stretching 14.46%; cyclic-ring deformation (C-C-C bend) 10.96%
   31     1102.39          --                 --  mixed ring-site C-H out-of-plane bending / C-H bending         ring-site C-H out-of-plane bending 37.86%; C-H bending 19.66%; mixed-phase cyclic C-C stretching 14.39%; ring-site C-H in-plane bending 9.23%
   32     1127.07          --                 --  mixed ring-site C-H out-of-plane bending / cyclic-ring torsional/out-of-plane deformation / C-H bending ring-site C-H out-of-plane bending 22.26%; cyclic-ring torsional/out-of-plane deformation 17.70%; C-H bending 16.95%; mixed-phase cyclic C-C stretching 16.11%
   33     1156.43          --                 --  mixed C-H bending / mixed-phase cyclic C-C stretching / ring-site C-H in-plane bending C-H bending 40.37%; mixed-phase cyclic C-C stretching 18.33%; ring-site C-H in-plane bending 15.02%; ring-site C-H out-of-plane bending 7.48%
   34     1185.09          --                 --  mixed C-H bending / cyclic C-C stretching / ring-site C-H in-plane bending C-H bending 25.89%; cyclic C-C stretching 17.68%; ring-site C-H in-plane bending 15.85%; ring-site C-H out-of-plane bending 15.32%
   35     1205.86          --                 --  mixed ring-site C-H in-plane bending / mixed-phase cyclic C-C stretching / C-H bending ring-site C-H in-plane bending 40.37%; mixed-phase cyclic C-C stretching 20.30%; C-H bending 15.98%; C-C out-of-plane bending 11.33%
   36     1216.95          --                 --  mixed mixed-phase cyclic C-C stretching / ring-site C-H in-plane bending mixed-phase cyclic C-C stretching 19.34%; ring-site C-H in-plane bending 17.87%; ring-site C-H out-of-plane bending 13.57%; cyclic-ring deformation (C-C-O bend) 11.76%
   37     1241.89          --                 --  mixed ring-site C-H in-plane bending / cyclic C-C stretching   ring-site C-H in-plane bending 63.79%; cyclic C-C stretching 15.82%; cyclic-ring out-of-plane deformation 6.04%; cyclic C-O stretching 3.41%
   38     1250.93          --                 --  mixed C-C out-of-plane bending / ring-site C-H in-plane bending / mixed-phase cyclic C-C stretching C-C out-of-plane bending 27.81%; ring-site C-H in-plane bending 25.04%; mixed-phase cyclic C-C stretching 19.68%; C-H bending 13.47%
   39     1264.04          --                 --  mixed C-C out-of-plane bending / ring-site C-H in-plane bending C-C out-of-plane bending 33.96%; ring-site C-H in-plane bending 24.15%; mixed-phase cyclic C-C stretching 14.96%; ring-site C-H out-of-plane bending 10.23%
   40     1313.28          --                 --  mixed ring-site C-H in-plane bending / C-C out-of-plane bending ring-site C-H in-plane bending 45.63%; C-C out-of-plane bending 26.08%; mixed-phase cyclic C-C stretching 13.50%; cyclic-ring torsional/out-of-plane deformation 4.63%
   41     1324.41          --                 --  mixed mixed-phase cyclic C-C stretching / ring-site C-H in-plane bending mixed-phase cyclic C-C stretching 27.20%; ring-site C-H in-plane bending 18.31%; exocyclic C-C stretching 14.77%; ring-site C-H out-of-plane bending 9.99%
   42     1360.10          --                 --  mixed C-H bending / ring-site C-H in-plane bending / mixed-phase cyclic C-C stretching C-H bending 31.13%; ring-site C-H in-plane bending 20.78%; mixed-phase cyclic C-C stretching 18.86%; in-phase cyclic C-O stretching 9.92%
   43     1375.49          --                 --  mixed C-H bending / ring-site C-H in-plane bending             C-H bending 40.85%; ring-site C-H in-plane bending 22.96%; mixed-phase cyclic C-C stretching 13.66%; in-phase cyclic C-O stretching 5.92%
   44     1411.40          --                 --  C-H bending                                                    C-H bending 93.92%; exocyclic C-C stretching 4.73%
   45     1415.43          --                 --  C-H bending                                                    C-H bending 94.19%; exocyclic C-C stretching 4.93%
   46     1476.64          --                 --  C-H bending                                                    C-H bending 76.85%; ring-site C-H out-of-plane bending 11.48%; ring-site C-H in-plane bending 8.60%; cyclic C-C stretching 2.19%
   47     1496.10          --                 --  C-H bending                                                    C-H bending 97.79%
   48     1496.79          --                 --  C-H bending                                                    C-H bending 97.58%
   49     1497.06          --                 --  C-H bending                                                    C-H bending 98.49%
   50     1510.82          --                 --  C-H bending                                                    C-H bending 98.85%
   51     3012.69          --                 --  C-H stretching                                                 C-H stretching 99.46%
   52     3022.07          --                 --  C-H stretching                                                 C-H stretching 87.81%; ring-site C-H stretching 11.78%
   53     3031.62          --                 --  ring-site C-H stretching                                       ring-site C-H stretching 86.62%; in-phase C-H stretching 12.27%
   54     3055.48          --                 --  ring-site C-H stretching                                       ring-site C-H stretching 98.34%
   55     3067.98          --                 --  opposite-phase C-H stretching                                  opposite-phase C-H stretching 99.38%
   56     3073.26          --                 --  opposite-phase C-H stretching                                  opposite-phase C-H stretching 99.46%
   57     3082.30          --                 --  mixed-phase C-H stretching                                     mixed-phase C-H stretching 99.02%
   58     3084.79          --                 --  ring-site C-H stretching                                       ring-site C-H stretching 98.13%
   59     3111.61          --                 --  mixed-phase ring-site C-H stretching                           mixed-phase ring-site C-H stretching 88.67%; mixed-phase C-H stretching 10.67%
   60     3116.69          --                 --  mixed-phase C-H stretching                                     mixed-phase C-H stretching 87.60%; mixed-phase ring-site C-H stretching 11.97%
   61     3156.56          --                 --  mixed-phase ring-site C-H stretching                           mixed-phase ring-site C-H stretching 98.88%
   62     3176.46          --                 --  ring-site C-H stretching                                       ring-site C-H stretching 98.38%

# Selected internal-coordinate set:
#   1  nu(C1-C2)
#   2  nu(C3-H14)
#   3  nu(C4-C5)
#   4  nu(C6-O7)
#   5  nu(C8-C9)
#   6  nu(C2-H13)
#   7  nu(C3-H15)
#   8  nu(C5-H16)
#   9  nu(C1-H11)
#  10  nu(C9-H21)
#  11  nu(C6-H19)
#  12  nu(C1-H12)
#  13  nu(C5-H18)
#  14  tau(H20-C8-C9-H21)
#  15  gamma(C4;C6,O7,H19)
#  16  gamma(C4;C3,H14,H15)
#  17  nu(C8-H20)
#  18  nu(C5-H17)
#  19  nu(C1-H10)
#  20  gamma(C9;C2,C1,H13)
#  21  nu(O7-C8)
#  22  delta(O7-C6-H19)
#  23  gamma(C3;C4,C5,C9)
#  24  delta(H14-C3-H15)
#  25  tau(O7-C8-C9-H21)
#  26  delta(H16-C5-H18)
#  27  delta(H11-C1-H12)
#  28  delta(H17-C5-H18)
#  29  delta(H10-C1-H12)
#  30  delta(C8-C9-H21)
#  31  delta(H10-C1-H11)
#  32  delta(H16-C5-H17)
#  33  delta(C5-C4-C9)
#  34  delta(C1-C2-H13)
#  35  delta(O7-C8-H20)
#  36  nu(C4-C9)
#  37  delta(C2-C3-H14)
#  38  delta(C2-C1-H10)
#  39  delta(C4-C6-O7)
#  40  nu(C3-C4)
#  41  delta(C4-C5-H18)
#  42  delta(O7-C8-C9)
#  43  nu(C2-C9)
#  44  delta(C2-C1-H11)
#  45  tau(C9-C2-C3-H15)
#  46  nu(C2-C3)
#  47  delta(C4-C5-H16)
#  48  tau(H12-C1-C2-C3)
#  49  nu(C6-C8)
#  50  tau(C6-C4-C9-C2)
#  51  tau(C3-C4-C5-H17)
#  52  nu(C4-C6)
#  53  delta(C3-C2-H13)
#  54  tau(C6-C8-C9-C2)
#  55  tau(C1-C2-C3-C4)
#  56  tau(C3-C4-C9-C8)
#  57  delta(C3-C2-C9)

Wrote: /local/scratch/mv487/qm9s/experiment_1_phase2/ped/82424/82424_summary.csv
Wrote: /local/scratch/mv487/qm9s/experiment_1_phase2/ped/82424/82424_families.csv
Wrote: /local/scratch/mv487/qm9s/experiment_1_phase2/ped/82424/82424_ped.csv
Wrote: /local/scratch/mv487/qm9s/experiment_1_phase2/ped/82424/82424_ir_transitions.csv

# All generated files are in: /local/scratch/mv487/qm9s/experiment_1_phase2/ped/82424
# Manifest: /local/scratch/mv487/qm9s/experiment_1_phase2/ped/82424/82424_manifest.txt

--- stderr ---
Normal modes/frequencies absent or incomplete: diagonalizing Hessian.
