# Contact: romi@lens.unifi.it
# Manual: https://github.com/SebRoLENS/orca-ped-analyzer/blob/main/docs/ORCA_PED_Analyzer_Manual.md
# Check GitHub for updates and new releases: https://github.com/SebRoLENS/orca-ped-analyzer
#
# Molecule: 17 atoms | non-linear
# Bonds inferred: 18 | candidate ICs: 162 | selected ICs: 45
# Cartesian-Hessian reconstruction relative error: 2.491e-05
# Energy distribution: PED (PED is the backward-compatible default; TED includes kinetic-energy terms)
# Ring/cycle bonds detected: 8 | ring atoms: 7 | ring systems: 1
# VPT2: no matching .out file supplied/found -> harmonic/PED analysis only
#
 Mode   Harm/cm-1   VPT2/cm-1  Harm.Int/km mol-1  Assignment                                                     Grouped PED
------------------------------------------------------------------------------------------------------------------------------------------------------------------------------------------------
    6      109.24          --                 --  mixed cyclic-ring torsional/out-of-plane deformation / ring-site C-H out-of-plane bending cyclic-ring torsional/out-of-plane deformation 61.93%; ring-site C-H out-of-plane bending 13.94%; cyclic-ring out-of-plane deformation 10.05%; C-C-C bending 8.34%
    7      145.16          --                 --  mixed ring-site C-H out-of-plane bending / cyclic-ring torsional/out-of-plane deformation / cyclic-ring out-of-plane deformation ring-site C-H out-of-plane bending 44.73%; cyclic-ring torsional/out-of-plane deformation 17.47%; cyclic-ring out-of-plane deformation 15.84%; N-C-C linear bending 14.95%
    8      214.61          --                 --  mixed ring-site C-H out-of-plane bending / cyclic-ring torsional/out-of-plane deformation / C-C-C bending ring-site C-H out-of-plane bending 38.56%; cyclic-ring torsional/out-of-plane deformation 18.90%; C-C-C bending 15.65%; N-C-C linear bending 10.85%
    9      249.73          --                 --  ring-site C-H out-of-plane bending                             ring-site C-H out-of-plane bending 77.05%; cyclic-ring out-of-plane deformation 8.76%; ring-site C-H in-plane bending 6.19%; cyclic-ring deformation (C-C-C bend) 2.88%
   10      330.53          --                 --  mixed ring-site C-H out-of-plane bending / cyclic-ring out-of-plane deformation / cyclic-ring deformation (C-C-N bend) ring-site C-H out-of-plane bending 33.04%; cyclic-ring out-of-plane deformation 28.41%; cyclic-ring deformation (C-C-N bend) 21.35%; C-C-C bending 5.88%
   11      380.51          --                 --  mixed ring-site C-H out-of-plane bending / cyclic-ring deformation (C-C-N bend) / cyclic-ring deformation (C-C-C bend) ring-site C-H out-of-plane bending 36.38%; cyclic-ring deformation (C-C-N bend) 18.99%; cyclic-ring deformation (C-C-C bend) 17.45%; N-C-C linear bending 7.06%
   12      513.35          --                 --  mixed cyclic-ring out-of-plane deformation / ring-site C-H out-of-plane bending cyclic-ring out-of-plane deformation 34.22%; ring-site C-H out-of-plane bending 20.46%; cyclic-ring deformation (C-C-C bend) 14.23%; exocyclic C-C stretching 10.90%
   13      546.66          --                 --  mixed cyclic-ring deformation (C-C-C bend) / ring-site C-H out-of-plane bending / C-C-C bending cyclic-ring deformation (C-C-C bend) 22.68%; ring-site C-H out-of-plane bending 17.87%; C-C-C bending 15.41%; N-C-C linear bending 14.71%
   14      571.56          --                 --  mixed ring-site C-H out-of-plane bending / N-C-C linear bending ring-site C-H out-of-plane bending 26.49%; N-C-C linear bending 21.54%; cyclic C-C stretching 12.86%; cyclic-ring deformation (C-C-C bend) 10.53%
   15      638.37          --                 --  mixed cyclic-ring out-of-plane deformation / cyclic-ring deformation (C-C-N bend) cyclic-ring out-of-plane deformation 41.83%; cyclic-ring deformation (C-C-N bend) 26.50%; cyclic C-N stretching 8.33%; ring-site N-H in-plane bending 7.75%
   16      676.31          --                 --  mixed cyclic C-C stretching / cyclic-ring deformation (C-C-C bend) / cyclic C-N stretching cyclic C-C stretching 21.98%; cyclic-ring deformation (C-C-C bend) 17.11%; cyclic C-N stretching 16.31%; ring-site C-H out-of-plane bending 11.37%
   17      737.82          --                 --  mixed ring-site C-H out-of-plane bending / cyclic-ring out-of-plane deformation / cyclic-ring deformation (C-C-C bend) ring-site C-H out-of-plane bending 41.16%; cyclic-ring out-of-plane deformation 18.17%; cyclic-ring deformation (C-C-C bend) 15.25%; cyclic C-C stretching 8.41%
   18      788.04          --                 --  mixed cyclic-ring out-of-plane deformation / ring-site C-H out-of-plane bending / ring-site C-H in-plane bending cyclic-ring out-of-plane deformation 27.22%; ring-site C-H out-of-plane bending 27.05%; ring-site C-H in-plane bending 24.85%; cyclic-ring deformation (C-C-C bend) 13.53%
   19      816.59          --                 --  mixed ring-site C-H out-of-plane bending / cyclic-ring out-of-plane deformation ring-site C-H out-of-plane bending 52.21%; cyclic-ring out-of-plane deformation 16.44%; cyclic-ring deformation (C-C-C bend) 8.92%; ring-site C-H in-plane bending 7.88%
   20      844.40          --                 --  mixed mixed-phase cyclic C-C stretching / cyclic-ring deformation (C-C-N bend) mixed-phase cyclic C-C stretching 31.83%; cyclic-ring deformation (C-C-N bend) 25.39%; cyclic-ring out-of-plane deformation 14.42%; ring-site N-H in-plane bending 9.02%
   21      885.24          --                 --  mixed cyclic C-C stretching / ring-site C-H out-of-plane bending cyclic C-C stretching 49.14%; ring-site C-H out-of-plane bending 20.58%; exocyclic C-C stretching 9.60%; cyclic-ring out-of-plane deformation 8.43%
   22      924.49          --                 --  mixed cyclic C-C stretching / cyclic C-N stretching / ring-site C-H in-plane bending cyclic C-C stretching 32.58%; cyclic C-N stretching 21.27%; ring-site C-H in-plane bending 18.51%; cyclic-ring deformation (C-C-N bend) 10.63%
   23      941.26          --                 --  mixed ring-site C-H out-of-plane bending / mixed-phase cyclic C-C stretching ring-site C-H out-of-plane bending 36.58%; mixed-phase cyclic C-C stretching 23.11%; ring-site C-H in-plane bending 10.21%; cyclic-ring deformation (C-C-N bend) 8.75%
   24      976.99          --                 --  mixed mixed-phase cyclic C-C stretching / cyclic C-N stretching / ring-site C-H in-plane bending mixed-phase cyclic C-C stretching 29.63%; cyclic C-N stretching 21.11%; ring-site C-H in-plane bending 16.45%; cyclic-ring deformation (C-C-C bend) 10.11%
   25     1011.62          --                 --  mixed ring-site C-H in-plane bending / mixed-phase cyclic C-C stretching ring-site C-H in-plane bending 40.41%; mixed-phase cyclic C-C stretching 23.24%; ring-site C-H out-of-plane bending 9.94%; cyclic-ring out-of-plane deformation 6.86%
   26     1047.59          --                 --  mixed mixed-phase cyclic C-C stretching / ring-site C-H out-of-plane bending mixed-phase cyclic C-C stretching 31.05%; ring-site C-H out-of-plane bending 23.18%; ring-site C-H in-plane bending 12.21%; mixed-phase cyclic C-N stretching 12.16%
   27     1061.10          --                 --  mixed ring-site C-H in-plane bending / ring-site C-H out-of-plane bending ring-site C-H in-plane bending 56.85%; ring-site C-H out-of-plane bending 13.47%; cyclic C-C stretching 8.21%; cyclic C-N stretching 6.11%
   28     1114.23          --                 --  mixed ring-site C-H in-plane bending / mixed-phase cyclic C-C stretching / ring-site C-H out-of-plane bending ring-site C-H in-plane bending 33.52%; mixed-phase cyclic C-C stretching 26.55%; ring-site C-H out-of-plane bending 16.30%; cyclic-ring out-of-plane deformation 6.39%
   29     1152.68          --                 --  mixed ring-site C-H out-of-plane bending / mixed-phase cyclic C-C stretching ring-site C-H out-of-plane bending 24.94%; mixed-phase cyclic C-C stretching 22.24%; C-C out-of-plane bending 13.84%; ring-site C-H in-plane bending 13.33%
   30     1169.95          --                 --  mixed mixed-phase cyclic C-N stretching / ring-site C-H out-of-plane bending / ring-site C-H in-plane bending mixed-phase cyclic C-N stretching 24.55%; ring-site C-H out-of-plane bending 22.12%; ring-site C-H in-plane bending 18.61%; cyclic-ring deformation (C-C-C bend) 12.53%
   31     1202.39          --                 --  ring-site C-H in-plane bending                                 ring-site C-H in-plane bending 82.42%; ring-site C-H out-of-plane bending 14.00%
   32     1206.98          --                 --  mixed ring-site C-H out-of-plane bending / ring-site C-H in-plane bending ring-site C-H out-of-plane bending 39.08%; ring-site C-H in-plane bending 28.30%; C-C out-of-plane bending 12.42%; opposite-phase cyclic C-C stretching 10.25%
   33     1232.08          --                 --  mixed ring-site C-H out-of-plane bending / C-C out-of-plane bending ring-site C-H out-of-plane bending 44.38%; C-C out-of-plane bending 35.52%; ring-site C-H in-plane bending 12.99%; cyclic C-C stretching 3.46%
   34     1259.34          --                 --  mixed ring-site C-H out-of-plane bending / C-C out-of-plane bending / ring-site C-H in-plane bending ring-site C-H out-of-plane bending 48.85%; C-C out-of-plane bending 20.65%; ring-site C-H in-plane bending 19.70%; opposite-phase cyclic C-C stretching 7.39%
   35     1277.71          --                 --  mixed ring-site C-H in-plane bending / opposite-phase cyclic C-C stretching / ring-site C-H out-of-plane bending ring-site C-H in-plane bending 32.84%; opposite-phase cyclic C-C stretching 22.72%; ring-site C-H out-of-plane bending 15.45%; cyclic-ring deformation (C-C-C bend) 14.59%
   36     1346.30          --                 --  ring-site C-H in-plane bending                                 ring-site C-H in-plane bending 76.60%; in-phase cyclic C-C stretching 5.90%; ring-site N-H in-plane bending 5.86%; ring-site C-H out-of-plane bending 5.81%
   37     1441.30          --                 --  mixed ring-site N-H in-plane bending / ring-site C-H in-plane bending ring-site N-H in-plane bending 48.29%; ring-site C-H in-plane bending 21.03%; cyclic-ring out-of-plane deformation 8.91%; mixed-phase cyclic C-C stretching 6.90%
   38     1474.07          --                 --  mixed ring-site C-H out-of-plane bending / C-H bending         ring-site C-H out-of-plane bending 50.59%; C-H bending 47.06%
   39     1491.26          --                 --  mixed ring-site C-H out-of-plane bending / ring-site C-H in-plane bending ring-site C-H out-of-plane bending 60.62%; ring-site C-H in-plane bending 22.53%; C-H bending 12.44%; in-phase cyclic C-C stretching 3.46%
   40     1520.52          --                 --  mixed C-H bending / ring-site C-H in-plane bending             C-H bending 68.92%; ring-site C-H in-plane bending 18.51%; ring-site C-H out-of-plane bending 10.67%
   41     1728.44          --                 --  mixed-phase cyclic C-C stretching                              mixed-phase cyclic C-C stretching 75.26%; cyclic-ring deformation (C-C-C bend) 13.75%; ring-site C-H in-plane bending 6.18%; cyclic-ring deformation (C-C-N bend) 2.84%
   42     2333.70          --                 --  C-N stretching                                                 C-N stretching 91.55%; exocyclic C-C stretching 8.35%
   43     2965.34          --                 --  ring-site C-H stretching                                       ring-site C-H stretching 99.16%
   44     3049.86          --                 --  ring-site C-H stretching                                       ring-site C-H stretching 99.18%
   45     3062.09          --                 --  ring-site C-H stretching                                       ring-site C-H stretching 99.47%
   46     3077.68          --                 --  in-phase ring-site C-H stretching                              in-phase ring-site C-H stretching 99.38%
   47     3120.61          --                 --  mixed-phase ring-site C-H stretching                           mixed-phase ring-site C-H stretching 99.23%
   48     3150.31          --                 --  opposite-phase ring-site C-H stretching                        opposite-phase ring-site C-H stretching 99.28%
   49     3207.27          --                 --  ring-site C-H stretching                                       ring-site C-H stretching 98.79%
   50     3554.70          --                 --  ring-site N-H stretching                                       ring-site N-H stretching 99.69%

# Selected internal-coordinate set:
#   1  nu(C2-C3)
#   2  nu(C4-H10)
#   3  nu(C5-C6)
#   4  nu(C7-C8)
#   5  nu(N9-H17)
#   6  nu(C4-H11)
#   7  nu(C8-H15)
#   8  delta_lin2(N1-C2-C3)
#   9  delta_lin1(N1-C2-C3)
#  10  nu(C5-H13)
#  11  nu(C8-H16)
#  12  nu(C7-H14)
#  13  gamma(C3;C4,H10,H11)
#  14  gamma(H12;C5,C6,H13)
#  15  gamma(C6;C7,C8,H14)
#  16  gamma(C8;N9,C3,H17)
#  17  nu(C3-N9)
#  18  nu(C3-C6)
#  19  nu(C5-H12)
#  20  delta(C8-C7-H14)
#  21  delta(H10-C4-H11)
#  22  nu(N1-C2)
#  23  delta(H15-C8-H16)
#  24  delta(C3-N9-H17)
#  25  delta(C6-C5-H13)
#  26  tau(C3-C4-C5-H12)
#  27  delta(C7-C8-H16)
#  28  nu(C3-C4)
#  29  delta(C7-C8-H15)
#  30  gamma(C7;C6,C3,C5)
#  31  gamma(H10;C4,C3,C5)
#  32  nu(C8-N9)
#  33  delta(N9-C8-H15)
#  34  nu(C6-C7)
#  35  delta(C4-C5-H12)
#  36  nu(C4-C5)
#  37  delta(C7-C8-N9)
#  38  delta(C3-C6-C7)
#  39  delta(C4-C3-N9)
#  40  tau(C2-C3-C4-H10)
#  41  delta(C2-C3-C4)
#  42  delta(C3-C6-C5)
#  43  tau(H10-C4-C5-C6)
#  44  tau(C2-C3-N9-C8)
#  45  tau(C6-C7-C8-H15)

Wrote: /local/scratch/mv487/qm9s/experiment_1_phase2/ped/31253/31253_summary.csv
Wrote: /local/scratch/mv487/qm9s/experiment_1_phase2/ped/31253/31253_families.csv
Wrote: /local/scratch/mv487/qm9s/experiment_1_phase2/ped/31253/31253_ped.csv
Wrote: /local/scratch/mv487/qm9s/experiment_1_phase2/ped/31253/31253_ir_transitions.csv

# All generated files are in: /local/scratch/mv487/qm9s/experiment_1_phase2/ped/31253
# Manifest: /local/scratch/mv487/qm9s/experiment_1_phase2/ped/31253/31253_manifest.txt

--- stderr ---
Normal modes/frequencies absent or incomplete: diagonalizing Hessian.
