# Contact: romi@lens.unifi.it
# Manual: https://github.com/SebRoLENS/orca-ped-analyzer/blob/main/docs/ORCA_PED_Analyzer_Manual.md
# Check GitHub for updates and new releases: https://github.com/SebRoLENS/orca-ped-analyzer
#
# Molecule: 17 atoms | non-linear
# Bonds inferred: 17 | candidate ICs: 146 | selected ICs: 45
# Cartesian-Hessian reconstruction relative error: 4.670e-05
# Energy distribution: PED (PED is the backward-compatible default; TED includes kinetic-energy terms)
# Ring/cycle bonds detected: 4 | ring atoms: 4 | ring systems: 1
# VPT2: no matching .out file supplied/found -> harmonic/PED analysis only
#
 Mode   Harm/cm-1   VPT2/cm-1  Harm.Int/km mol-1  Assignment                                                     Grouped PED
------------------------------------------------------------------------------------------------------------------------------------------------------------------------------------------------
    6       90.87          --                 --  mixed cyclic-ring torsional/out-of-plane deformation / cyclic-ring torsional/out-of-plane deformation cyclic-ring torsional/out-of-plane deformation 59.97%; cyclic-ring torsional/out-of-plane deformation 20.78%; C-N torsion 12.78%; cyclic-ring out-of-plane deformation 4.12%
    7      187.06          --                 --  C-N torsion                                                    C-N torsion 96.79%
    8      194.22          --                 --  C-C torsion                                                    C-C torsion 78.31%; C-N torsion 17.41%
    9      224.97          --                 --  mixed C-N torsion / C-C torsion                                C-N torsion 72.47%; C-C torsion 21.81%
   10      234.77          --                 --  mixed C-N torsion / C-C torsion                                C-N torsion 45.30%; C-C torsion 43.45%; C-C out-of-plane bending 4.32%
   11      258.83          --                 --  mixed C-N torsion / C-C torsion                                C-N torsion 68.33%; C-C torsion 19.38%; cyclic-ring out-of-plane deformation 2.81%; cyclic-ring torsional/out-of-plane deformation 2.73%
   12      321.98          --                 --  mixed C-C torsion / cyclic-ring out-of-plane deformation       C-C torsion 36.33%; cyclic-ring out-of-plane deformation 24.14%; C-H bending 7.95%; cyclic-ring torsional/out-of-plane deformation 7.72%
   13      343.37          --                 --  mixed cyclic-ring out-of-plane deformation / C-C out-of-plane bending / cyclic-ring torsional/out-of-plane deformation cyclic-ring out-of-plane deformation 24.34%; C-C out-of-plane bending 19.34%; cyclic-ring torsional/out-of-plane deformation 16.68%; cyclic-ring torsional/out-of-plane deformation 13.12%
   14      405.71          --                 --  mixed cyclic-ring torsional/out-of-plane deformation / C-C out-of-plane bending cyclic-ring torsional/out-of-plane deformation 33.38%; C-C out-of-plane bending 22.55%; cyclic-ring out-of-plane deformation 11.59%; C-C torsion 10.40%
   15      467.28          --                 --  mixed cyclic-ring out-of-plane deformation / cyclic-ring torsional/out-of-plane deformation cyclic-ring out-of-plane deformation 34.98%; cyclic-ring torsional/out-of-plane deformation 22.94%; C-N torsion 14.87%; O-C-C bending 5.31%
   16      584.22          --                 --  mixed C-N torsion / C-C out-of-plane bending                   C-N torsion 16.71%; C-C out-of-plane bending 15.21%; cyclic-ring out-of-plane deformation 13.49%; C-C torsion 11.36%
   17      623.40          --                 --  mixed cyclic-ring deformation (O-C-C bend) / in-phase exocyclic C-C stretching cyclic-ring deformation (O-C-C bend) 31.88%; in-phase exocyclic C-C stretching 22.77%; cyclic-ring torsional/out-of-plane deformation 7.65%; cyclic-ring out-of-plane deformation 5.62%
   18      709.98          --                 --  mixed cyclic-ring torsional/out-of-plane deformation / O-C-C bending cyclic-ring torsional/out-of-plane deformation 22.60%; O-C-C bending 14.91%; cyclic C-O stretching 12.88%; cyclic C-C stretching 9.83%
   19      762.29          --                 --  mixed C-N torsion / N-H bending                                C-N torsion 36.36%; N-H bending 22.52%; mixed-phase cyclic C-C stretching 14.88%; cyclic C-O stretching 9.29%
   20      805.48          --                 --  mixed cyclic-ring deformation (O-C-C bend) / mixed-phase cyclic C-O stretching cyclic-ring deformation (O-C-C bend) 50.73%; mixed-phase cyclic C-O stretching 23.70%; cyclic-ring torsional/out-of-plane deformation 4.23%; C-N torsion 4.05%
   21      837.38          --                 --  mixed C-N torsion / mixed-phase cyclic C-O stretching / N-H bending C-N torsion 26.38%; mixed-phase cyclic C-O stretching 24.77%; N-H bending 15.62%; cyclic C-C stretching 7.96%
   22      912.62          --                 --  mixed cyclic C-C stretching / C-N torsion / N-H bending        cyclic C-C stretching 30.55%; C-N torsion 18.48%; N-H bending 15.99%; cyclic C-O stretching 9.09%
   23      950.83          --                 --  C-H bending                                                    C-H bending 77.45%; opposite-phase exocyclic C-C stretching 15.82%; C-C torsion 4.24%
   24      983.71          --                 --  mixed C-H bending / in-phase exocyclic C-C stretching          C-H bending 30.78%; in-phase exocyclic C-C stretching 22.84%; mixed-phase cyclic C-C stretching 14.19%; opposite-phase cyclic C-O stretching 9.54%
   25     1013.72          --                 --  C-H bending                                                    C-H bending 82.09%; C-C torsion 11.85%
   26     1082.39          --                 --  mixed C-H bending / cyclic C-O stretching                      C-H bending 48.81%; cyclic C-O stretching 24.74%; mixed-phase cyclic C-C stretching 9.13%; O-C-C bending 8.62%
   27     1133.77          --                 --  mixed C-N torsion / N-H bending / C-H bending                  C-N torsion 36.43%; N-H bending 21.32%; C-H bending 19.11%; opposite-phase exocyclic C-C stretching 9.12%
   28     1181.98          --                 --  mixed C-N torsion / ring-site C-H in-plane bending / exocyclic C-N stretching C-N torsion 28.76%; ring-site C-H in-plane bending 18.52%; exocyclic C-N stretching 18.39%; C-H bending 9.99%
   29     1203.33          --                 --  mixed ring-site C-H in-plane bending / C-H bending             ring-site C-H in-plane bending 28.95%; C-H bending 16.18%; N-H bending 14.76%; C-N torsion 14.36%
   30     1241.22          --                 --  mixed C-H bending / in-phase cyclic C-O stretching             C-H bending 23.10%; in-phase cyclic C-O stretching 16.27%; cyclic C-C stretching 10.21%; C-N torsion 9.63%
   31     1279.17          --                 --  mixed C-H bending / cyclic C-C stretching / C-C out-of-plane bending C-H bending 28.07%; cyclic C-C stretching 19.84%; C-C out-of-plane bending 18.96%; exocyclic C-C stretching 8.43%
   32     1297.24          --                 --  mixed opposite-phase exocyclic C-C stretching / cyclic-ring out-of-plane deformation / C-N torsion opposite-phase exocyclic C-C stretching 23.70%; cyclic-ring out-of-plane deformation 22.37%; C-N torsion 16.04%; C-H bending 13.44%
   33     1415.00          --                 --  mixed C-H bending / C-H out-of-plane bending                   C-H bending 54.20%; C-H out-of-plane bending 39.07%; opposite-phase exocyclic C-C stretching 5.16%
   34     1423.48          --                 --  mixed C-H bending / C-H out-of-plane bending                   C-H bending 56.32%; C-H out-of-plane bending 28.90%; ring-site C-H in-plane bending 4.13%; N-H bending 3.27%
   35     1436.16          --                 --  mixed C-H bending / C-H out-of-plane bending                   C-H bending 50.96%; C-H out-of-plane bending 24.21%; ring-site C-H in-plane bending 8.04%; N-H bending 6.24%
   36     1478.42          --                 --  C-H bending                                                    C-H bending 80.65%; C-C torsion 17.30%
   37     1490.46          --                 --  C-H bending                                                    C-H bending 88.98%; C-C torsion 6.18%; C-H out-of-plane bending 4.27%
   38     1499.80          --                 --  C-H bending                                                    C-H bending 82.00%; C-C torsion 13.06%
   39     1512.72          --                 --  C-H bending                                                    C-H bending 88.48%; C-C torsion 7.29%; C-H out-of-plane bending 3.08%
   40     1677.05          --                 --  mixed N-H bending / C-N torsion                                N-H bending 53.31%; C-N torsion 41.62%; exocyclic C-N stretching 2.69%
   41     1889.29          --                 --  exocyclic C-O stretching                                       exocyclic C-O stretching 70.86%; cyclic-ring deformation (O-C-C bend) 17.51%; cyclic C-C stretching 6.53%; cyclic C-O stretching 3.98%
   42     3036.22          --                 --  in-phase C-H stretching                                        in-phase C-H stretching 99.57%
   43     3044.86          --                 --  in-phase C-H stretching                                        in-phase C-H stretching 99.47%
   44     3077.41          --                 --  ring-site C-H stretching                                       ring-site C-H stretching 98.59%
   45     3104.05          --                 --  opposite-phase C-H stretching                                  opposite-phase C-H stretching 99.39%
   46     3108.85          --                 --  mixed-phase C-H stretching                                     mixed-phase C-H stretching 99.15%
   47     3111.71          --                 --  mixed-phase C-H stretching                                     mixed-phase C-H stretching 99.47%
   48     3117.84          --                 --  mixed-phase C-H stretching                                     mixed-phase C-H stretching 99.44%
   49     3519.92          --                 --  in-phase N-H stretching                                        in-phase N-H stretching 99.87%
   50     3600.12          --                 --  opposite-phase N-H stretching                                  opposite-phase N-H stretching 99.70%

# Selected internal-coordinate set:
#   1  nu(C1-H10)
#   2  nu(C2-C3)
#   3  nu(C5-O6)
#   4  nu(C7-N8)
#   5  nu(C1-H9)
#   6  nu(C7-H15)
#   7  nu(C3-H14)
#   8  nu(C2-O4)
#   9  nu(N8-H16)
#  10  nu(C1-H11)
#  11  nu(C3-H12)
#  12  nu(N8-H17)
#  13  delta(O6-C5-C7)
#  14  tau(O6-C5-C7-C2)
#  15  nu(C3-H13)
#  16  tau(H15-C7-N8-H17)
#  17  gamma(C1;C2,C3,O4)
#  18  gamma(H11;C1,H9,H10)
#  19  tau(H15-C7-N8-H16)
#  20  delta(H9-C1-H10)
#  21  delta(H12-C3-H14)
#  22  delta(H12-C3-H13)
#  23  tau(H11-C1-C2-O4)
#  24  delta(N8-C7-H15)
#  25  delta(H13-C3-H14)
#  26  nu(O4-C5)
#  27  delta(C7-N8-H17)
#  28  nu(C5-C7)
#  29  gamma(O4;C2,C3,C7)
#  30  delta(C7-N8-H16)
#  31  delta(C2-C1-H11)
#  32  tau(O4-C5-C7-N8)
#  33  tau(C2-C7-N8-H16)
#  34  delta(C2-C3-H12)
#  35  tau(H9-C1-C2-C3)
#  36  nu(C1-C2)
#  37  delta(C2-C3-H14)
#  38  delta(C5-C7-H15)
#  39  delta(C2-C1-H9)
#  40  tau(C7-C2-C3-H12)
#  41  delta(O4-C5-C7)
#  42  tau(C1-C2-C7-C5)
#  43  tau(C3-C2-O4-C5)
#  44  nu(C2-C7)
#  45  gamma(C1;C2,O4,C7)

Wrote: /local/scratch/mv487/qm9s/experiment_1_phase2/ped/5535/5535_summary.csv
Wrote: /local/scratch/mv487/qm9s/experiment_1_phase2/ped/5535/5535_families.csv
Wrote: /local/scratch/mv487/qm9s/experiment_1_phase2/ped/5535/5535_ped.csv
Wrote: /local/scratch/mv487/qm9s/experiment_1_phase2/ped/5535/5535_ir_transitions.csv

# All generated files are in: /local/scratch/mv487/qm9s/experiment_1_phase2/ped/5535
# Manifest: /local/scratch/mv487/qm9s/experiment_1_phase2/ped/5535/5535_manifest.txt

--- stderr ---
Normal modes/frequencies absent or incomplete: diagonalizing Hessian.
