# Contact: romi@lens.unifi.it
# Manual: https://github.com/SebRoLENS/orca-ped-analyzer/blob/main/docs/ORCA_PED_Analyzer_Manual.md
# Check GitHub for updates and new releases: https://github.com/SebRoLENS/orca-ped-analyzer
#
# Molecule: 16 atoms | non-linear
# Bonds inferred: 16 | candidate ICs: 110 | selected ICs: 42
# Cartesian-Hessian reconstruction relative error: 1.137e-05
# Energy distribution: PED (PED is the backward-compatible default; TED includes kinetic-energy terms)
# Ring/cycle bonds detected: 5 | ring atoms: 5 | ring systems: 1
# VPT2: no matching .out file supplied/found -> harmonic/PED analysis only
#
 Mode   Harm/cm-1   VPT2/cm-1  Harm.Int/km mol-1  Assignment                                                     Grouped PED
------------------------------------------------------------------------------------------------------------------------------------------------------------------------------------------------
    6       40.68          --                 --  mixed C-N torsion / C-C torsion                                C-N torsion 54.03%; C-C torsion 34.27%; cyclic-ring torsional/out-of-plane deformation 2.42%
    7      125.74          --                 --  mixed cyclic-ring out-of-plane deformation / cyclic-ring torsional/out-of-plane deformation cyclic-ring out-of-plane deformation 59.22%; cyclic-ring torsional/out-of-plane deformation 27.89%; C-C-N bending 6.56%
    8      150.26          --                 --  mixed C-C torsion / N-C-C bending                              C-C torsion 63.39%; N-C-C bending 14.39%; C-C-N linear bending 13.98%; C-N-C bending 3.05%
    9      165.81          --                 --  mixed cyclic-ring torsional/out-of-plane deformation / cyclic-ring out-of-plane deformation cyclic-ring torsional/out-of-plane deformation 52.14%; cyclic-ring out-of-plane deformation 41.72%; C-C-N linear bending 3.47%
   10      222.90          --                 --  C-C torsion                                                    C-C torsion 98.99%
   11      354.30          --                 --  C-C torsion                                                    C-C torsion 86.36%; C-N-C bending 8.62%; C-C-N linear bending 2.14%
   12      383.77          --                 --  mixed C-C-N bending / C-H bending                              C-C-N bending 42.79%; C-H bending 13.94%; C-H out-of-plane bending 11.60%; C-C torsion 9.92%
   13      501.36          --                 --  mixed cyclic-ring torsional/out-of-plane deformation / C-C-N linear bending / cyclic-ring out-of-plane deformation cyclic-ring torsional/out-of-plane deformation 42.59%; C-C-N linear bending 29.72%; cyclic-ring out-of-plane deformation 20.54%; C-C-N bending 2.34%
   14      559.63          --                 --  mixed cyclic-ring deformation (N-C-N bend) / C-C-N linear bending cyclic-ring deformation (N-C-N bend) 19.79%; C-C-N linear bending 14.37%; exocyclic C-C stretching 11.26%; C-C-N bending 9.08%
   15      605.18          --                 --  mixed C-C torsion / N-C-C bending / cyclic-ring deformation (N-C-N bend) C-C torsion 20.01%; N-C-C bending 18.45%; cyclic-ring deformation (N-C-N bend) 16.81%; exocyclic C-C stretching 15.29%
   16      643.61          --                 --  mixed ring-site C-H out-of-plane bending / cyclic-ring out-of-plane deformation ring-site C-H out-of-plane bending 44.66%; cyclic-ring out-of-plane deformation 27.09%; C-C-N bending 7.38%; cyclic-ring torsional/out-of-plane deformation 7.20%
   17      693.48          --                 --  mixed exocyclic C-N stretching / cyclic C-N stretching         exocyclic C-N stretching 24.94%; cyclic C-N stretching 11.90%; C-H bending 10.94%; cyclic-ring out-of-plane deformation 8.00%
   18      700.34          --                 --  mixed cyclic-ring out-of-plane deformation / ring-site C-H out-of-plane bending cyclic-ring out-of-plane deformation 67.44%; ring-site C-H out-of-plane bending 16.42%; cyclic-ring torsional/out-of-plane deformation 6.59%; C-C-N linear bending 2.39%
   19      764.98          --                 --  ring-site C-H out-of-plane bending                             ring-site C-H out-of-plane bending 94.97%; cyclic-ring out-of-plane deformation 2.16%
   20      802.81          --                 --  mixed C-C torsion / C-H bending / C-H out-of-plane bending     C-C torsion 38.86%; C-H bending 30.61%; C-H out-of-plane bending 28.18%
   21      876.40          --                 --  ring-site C-H out-of-plane bending                             ring-site C-H out-of-plane bending 99.83%
   22      937.36          --                 --  cyclic-ring deformation (C-C-N bend)                           cyclic-ring deformation (C-C-N bend) 75.73%; cyclic C-N stretching 12.45%; cyclic-ring deformation (N-C-N bend) 5.26%; C-C torsion 2.19%
   23      968.07          --                 --  mixed C-C stretching / C-H bending                             C-C stretching 47.49%; C-H bending 32.10%; C-C torsion 8.27%; cyclic C-N stretching 3.18%
   24     1083.21          --                 --  mixed ring-site C-H in-plane bending / C-H bending / mixed-phase cyclic C-N stretching ring-site C-H in-plane bending 31.08%; C-H bending 19.85%; mixed-phase cyclic C-N stretching 16.66%; C-C stretching 6.92%
   25     1107.51          --                 --  mixed C-H bending / C-C torsion                                C-H bending 51.88%; C-C torsion 22.44%; C-C stretching 10.95%; C-C-N bending 7.39%
   26     1111.77          --                 --  mixed ring-site C-H in-plane bending / C-H bending / cyclic C-C stretching ring-site C-H in-plane bending 31.86%; C-H bending 20.37%; cyclic C-C stretching 15.93%; cyclic C-N stretching 10.74%
   27     1174.65          --                 --  mixed mixed-phase cyclic C-N stretching / cyclic-ring deformation (N-C-N bend) / ring-site C-H in-plane bending mixed-phase cyclic C-N stretching 35.09%; cyclic-ring deformation (N-C-N bend) 18.11%; ring-site C-H in-plane bending 15.82%; C-H bending 12.21%
   28     1212.29          --                 --  mixed mixed-phase cyclic C-N stretching / C-H bending          mixed-phase cyclic C-N stretching 43.90%; C-H bending 19.86%; C-H out-of-plane bending 9.80%; cyclic C-C stretching 8.57%
   29     1282.55          --                 --  mixed C-H bending / mixed-phase cyclic C-N stretching / cyclic-ring deformation (N-C-N bend) C-H bending 26.76%; mixed-phase cyclic C-N stretching 15.97%; cyclic-ring deformation (N-C-N bend) 15.59%; C-H out-of-plane bending 12.42%
   30     1310.52          --                 --  mixed mixed-phase cyclic C-N stretching / ring-site C-H in-plane bending mixed-phase cyclic C-N stretching 40.37%; ring-site C-H in-plane bending 14.82%; exocyclic C-N stretching 9.94%; C-H out-of-plane bending 9.14%
   31     1391.60          --                 --  mixed C-H out-of-plane bending / C-H bending                   C-H out-of-plane bending 47.77%; C-H bending 33.91%; mixed-phase cyclic C-N stretching 5.57%; exocyclic C-N stretching 4.90%
   32     1414.12          --                 --  mixed mixed-phase cyclic C-N stretching / C-H bending          mixed-phase cyclic C-N stretching 56.61%; C-H bending 14.47%; C-C torsion 14.05%; cyclic-ring deformation (C-C-N bend) 7.08%
   33     1421.98          --                 --  C-H bending                                                    C-H bending 75.73%; mixed-phase cyclic C-N stretching 6.63%; cyclic-ring deformation (N-C-N bend) 4.47%; ring-site C-H in-plane bending 3.67%
   34     1427.45          --                 --  mixed C-H bending / mixed-phase cyclic C-N stretching          C-H bending 48.92%; mixed-phase cyclic C-N stretching 14.57%; cyclic-ring deformation (N-C-N bend) 8.95%; cyclic C-C stretching 8.69%
   35     1474.75          --                 --  mixed mixed-phase cyclic C-N stretching / C-H out-of-plane bending mixed-phase cyclic C-N stretching 28.24%; C-H out-of-plane bending 18.95%; ring-site C-H in-plane bending 13.66%; C-H bending 8.25%
   36     1496.03          --                 --  mixed C-H bending / C-C torsion                                C-H bending 76.02%; C-C torsion 23.40%
   37     1501.21          --                 --  C-H bending                                                    C-H bending 82.87%; C-H out-of-plane bending 4.85%; opposite-phase cyclic C-N stretching 4.14%; C-C torsion 3.55%
   38     1515.25          --                 --  mixed C-C torsion / C-H out-of-plane bending / C-H bending     C-C torsion 36.83%; C-H out-of-plane bending 27.97%; C-H bending 26.99%; mixed-phase cyclic C-N stretching 4.00%
   39     1530.95          --                 --  mixed cyclic C-C stretching / cyclic C-N stretching / ring-site C-H in-plane bending cyclic C-C stretching 31.77%; cyclic C-N stretching 19.61%; ring-site C-H in-plane bending 16.10%; C-H out-of-plane bending 10.19%
   40     2344.56          --                 --  C-N stretching                                                 C-N stretching 87.10%; exocyclic C-C stretching 12.42%
   41     3043.38          --                 --  in-phase C-H stretching                                        in-phase C-H stretching 99.61%
   42     3069.13          --                 --  C-H stretching                                                 C-H stretching 99.28%
   43     3103.05          --                 --  mixed-phase C-H stretching                                     mixed-phase C-H stretching 98.96%
   44     3113.24          --                 --  mixed-phase C-H stretching                                     mixed-phase C-H stretching 99.23%
   45     3126.78          --                 --  mixed-phase C-H stretching                                     mixed-phase C-H stretching 99.24%
   46     3249.52          --                 --  mixed-phase ring-site C-H stretching                           mixed-phase ring-site C-H stretching 98.46%
   47     3271.20          --                 --  ring-site C-H stretching                                       ring-site C-H stretching 98.78%

# Selected internal-coordinate set:
#   1  nu(C1-C2)
#   2  nu(N3-C4)
#   3  nu(C5-N6)
#   4  nu(C8-N9)
#   5  nu(N6-C7)
#   6  nu(C1-H10)
#   7  nu(C2-H13)
#   8  delta_lin2(C7-C8-N9)
#   9  nu(C4-C5)
#  10  nu(N3-C7)
#  11  nu(C2-H14)
#  12  nu(C1-H11)
#  13  gamma(H16;C5,C4,N6)
#  14  tau(H15-C4-C5-N6)
#  15  delta_lin1(C7-C8-N9)
#  16  nu(C1-H12)
#  17  gamma(C2;N3,C4,C7)
#  18  nu(C5-H16)
#  19  nu(C4-H15)
#  20  gamma(H14;C2,C1,H13)
#  21  delta(H10-C1-H12)
#  22  delta(H10-C1-H11)
#  23  delta(H11-C1-H12)
#  24  delta(N3-C7-N6)
#  25  delta(C5-C4-H15)
#  26  delta(C1-C2-H13)
#  27  delta(N6-C5-H16)
#  28  gamma(C8;C7,N3,N6)
#  29  gamma(H14;C2,C1,N3)
#  30  nu(C7-C8)
#  31  delta(C2-C1-H10)
#  32  delta(C4-C5-N6)
#  33  tau(H12-C1-C2-H13)
#  34  delta(C2-C1-H11)
#  35  nu(C2-N3)
#  36  tau(H16-C5-N6-C7)
#  37  tau(H10-C1-C2-N3)
#  38  delta(N3-C7-C8)
#  39  delta(C1-C2-N3)
#  40  tau(C4-N3-C7-C8)
#  41  delta(C2-N3-C7)
#  42  tau(H13-C2-N3-C4)

Wrote: /local/scratch/mv487/qm9s/experiment_1_phase2/ped/29694/29694_summary.csv
Wrote: /local/scratch/mv487/qm9s/experiment_1_phase2/ped/29694/29694_families.csv
Wrote: /local/scratch/mv487/qm9s/experiment_1_phase2/ped/29694/29694_ped.csv
Wrote: /local/scratch/mv487/qm9s/experiment_1_phase2/ped/29694/29694_ir_transitions.csv

# All generated files are in: /local/scratch/mv487/qm9s/experiment_1_phase2/ped/29694
# Manifest: /local/scratch/mv487/qm9s/experiment_1_phase2/ped/29694/29694_manifest.txt

--- stderr ---
Normal modes/frequencies absent or incomplete: diagonalizing Hessian.
