# Contact: romi@lens.unifi.it
# Manual: https://github.com/SebRoLENS/orca-ped-analyzer/blob/main/docs/ORCA_PED_Analyzer_Manual.md
# Check GitHub for updates and new releases: https://github.com/SebRoLENS/orca-ped-analyzer
#
# Molecule: 21 atoms | non-linear
# Bonds inferred: 24 | candidate ICs: 291 | selected ICs: 57
# Cartesian-Hessian reconstruction relative error: 2.992e-05
# Energy distribution: PED (PED is the backward-compatible default; TED includes kinetic-energy terms)
# Ring/cycle bonds detected: 10 | ring atoms: 7 | ring systems: 1
# VPT2: no matching .out file supplied/found -> harmonic/PED analysis only
#
 Mode   Harm/cm-1   VPT2/cm-1  Harm.Int/km mol-1  Assignment                                                     Grouped PED
------------------------------------------------------------------------------------------------------------------------------------------------------------------------------------------------
    6      174.25          --                 --  mixed C-C torsion / cyclic-ring out-of-plane deformation       C-C torsion 43.57%; cyclic-ring out-of-plane deformation 38.23%; C-H bending 5.45%; C-H out-of-plane bending 4.22%
    7      191.43          --                 --  C-C torsion                                                    C-C torsion 94.56%; C-H bending 2.76%
    8      197.48          --                 --  C-C torsion                                                    C-C torsion 98.94%
    9      224.99          --                 --  C-C torsion                                                    C-C torsion 83.87%; cyclic-ring torsional/out-of-plane deformation 4.62%; C-H bending 3.90%; ring-site C-H out-of-plane bending 2.44%
   10      263.99          --                 --  mixed ring-site C-H out-of-plane bending / C-C torsion / cyclic-ring deformation (C-C-C bend) ring-site C-H out-of-plane bending 27.14%; C-C torsion 16.13%; cyclic-ring deformation (C-C-C bend) 15.67%; C-H bending 9.89%
   11      289.30          --                 --  mixed cyclic-ring out-of-plane deformation / C-C torsion       cyclic-ring out-of-plane deformation 51.49%; C-C torsion 22.96%; C-H bending 11.32%; opposite-phase cyclic C-C stretching 5.42%
   12      439.60          --                 --  mixed ring-site C-H out-of-plane bending / cyclic-ring deformation (C-C-C bend) ring-site C-H out-of-plane bending 55.40%; cyclic-ring deformation (C-C-C bend) 20.24%; ring-site C-H in-plane bending 13.06%; C-C torsion 3.81%
   13      556.50          --                 --  mixed cyclic-ring torsional/out-of-plane deformation / mixed-phase cyclic C-C stretching cyclic-ring torsional/out-of-plane deformation 54.05%; mixed-phase cyclic C-C stretching 15.82%; mixed-phase exocyclic C-C stretching 12.09%; ring-site C-H out-of-plane bending 6.34%
   14      591.17          --                 --  mixed cyclic-ring torsional/out-of-plane deformation / cyclic-ring out-of-plane deformation cyclic-ring torsional/out-of-plane deformation 19.76%; cyclic-ring out-of-plane deformation 12.77%; mixed-phase cyclic C-C stretching 12.32%; C-C torsion 11.81%
   15      615.40          --                 --  mixed cyclic-ring deformation (C-C-C bend) / cyclic-ring torsional/out-of-plane deformation / cyclic C-C stretching cyclic-ring deformation (C-C-C bend) 23.14%; cyclic-ring torsional/out-of-plane deformation 16.41%; cyclic C-C stretching 15.80%; in-phase exocyclic C-C stretching 13.77%
   16      730.96          --                 --  mixed mixed-phase cyclic C-C stretching / cyclic-ring torsional/out-of-plane deformation / cyclic-ring deformation (C-C-C bend) mixed-phase cyclic C-C stretching 25.41%; cyclic-ring torsional/out-of-plane deformation 22.85%; cyclic-ring deformation (C-C-C bend) 18.12%; ring-site C-H out-of-plane bending 16.07%
   17      742.69          --                 --  mixed mixed-phase cyclic C-C stretching / cyclic-ring deformation (C-C-C bend) mixed-phase cyclic C-C stretching 38.59%; cyclic-ring deformation (C-C-C bend) 20.21%; cyclic-ring torsional/out-of-plane deformation 13.13%; ring-site C-H out-of-plane bending 10.30%
   18      798.54          --                 --  mixed mixed-phase cyclic C-C stretching / cyclic-ring torsional/out-of-plane deformation mixed-phase cyclic C-C stretching 40.20%; cyclic-ring torsional/out-of-plane deformation 20.08%; cyclic-ring deformation (C-C-C bend) 9.17%; C-H bending 8.47%
   19      810.63          --                 --  mixed mixed-phase cyclic C-C stretching / cyclic-ring torsional/out-of-plane deformation mixed-phase cyclic C-C stretching 47.54%; cyclic-ring torsional/out-of-plane deformation 16.87%; ring-site C-H out-of-plane bending 12.23%; cyclic-ring deformation (C-C-C bend) 10.45%
   20      828.32          --                 --  mixed mixed-phase cyclic C-C stretching / cyclic-ring torsional/out-of-plane deformation mixed-phase cyclic C-C stretching 46.20%; cyclic-ring torsional/out-of-plane deformation 17.00%; ring-site C-H out-of-plane bending 14.34%; ring-site C-H in-plane bending 13.13%
   21      846.37          --                 --  mixed mixed-phase cyclic C-C stretching / C-H bending          mixed-phase cyclic C-C stretching 52.06%; C-H bending 12.46%; ring-site C-H out-of-plane bending 8.18%; cyclic-ring torsional/out-of-plane deformation 8.01%
   22      888.88          --                 --  mixed mixed-phase cyclic C-C stretching / C-H bending          mixed-phase cyclic C-C stretching 28.85%; C-H bending 25.07%; ring-site C-H out-of-plane bending 11.12%; cyclic-ring deformation (C-C-C bend) 10.80%
   23      898.79          --                 --  mixed mixed-phase cyclic C-C stretching / C-H bending          mixed-phase cyclic C-C stretching 27.02%; C-H bending 26.27%; ring-site C-H out-of-plane bending 13.20%; C-H out-of-plane bending 11.56%
   24      926.50          --                 --  mixed ring-site C-H out-of-plane bending / mixed-phase cyclic C-C stretching / ring-site C-H in-plane bending ring-site C-H out-of-plane bending 28.56%; mixed-phase cyclic C-C stretching 27.64%; ring-site C-H in-plane bending 18.52%; cyclic-ring deformation (C-C-C bend) 15.28%
   25      944.09          --                 --  mixed mixed-phase cyclic C-C stretching / ring-site C-H out-of-plane bending / C-H bending mixed-phase cyclic C-C stretching 32.88%; ring-site C-H out-of-plane bending 22.44%; C-H bending 16.46%; ring-site C-H in-plane bending 14.30%
   26      965.95          --                 --  mixed C-H bending / cyclic-ring deformation (C-C-C bend) / mixed-phase cyclic C-C stretching C-H bending 34.80%; cyclic-ring deformation (C-C-C bend) 26.36%; mixed-phase cyclic C-C stretching 22.39%; ring-site C-H in-plane bending 6.77%
   27      985.32          --                 --  mixed cyclic C-C stretching / ring-site C-H in-plane bending   cyclic C-C stretching 47.33%; ring-site C-H in-plane bending 30.93%; ring-site C-H out-of-plane bending 11.61%; cyclic-ring torsional/out-of-plane deformation 4.89%
   28     1028.83          --                 --  mixed ring-site C-H in-plane bending / ring-site C-H out-of-plane bending ring-site C-H in-plane bending 56.89%; ring-site C-H out-of-plane bending 20.84%; cyclic-ring deformation (C-C-C bend) 10.89%; cyclic C-C stretching 9.01%
   29     1042.11          --                 --  mixed ring-site C-H in-plane bending / mixed-phase cyclic C-C stretching / ring-site C-H out-of-plane bending ring-site C-H in-plane bending 32.52%; mixed-phase cyclic C-C stretching 25.74%; ring-site C-H out-of-plane bending 20.36%; cyclic-ring deformation (C-C-C bend) 11.51%
   30     1083.05          --                 --  mixed ring-site C-H out-of-plane bending / ring-site C-H in-plane bending / C-H bending ring-site C-H out-of-plane bending 43.86%; ring-site C-H in-plane bending 22.32%; C-H bending 18.30%; mixed-phase cyclic C-C stretching 8.87%
   31     1103.29          --                 --  mixed C-H out-of-plane bending / C-H bending                   C-H out-of-plane bending 46.16%; C-H bending 31.03%; ring-site C-H in-plane bending 5.68%; cyclic-ring torsional/out-of-plane deformation 5.50%
   32     1110.07          --                 --  mixed C-H bending / ring-site C-H out-of-plane bending         C-H bending 45.85%; ring-site C-H out-of-plane bending 17.91%; mixed-phase cyclic C-C stretching 12.24%; ring-site C-H in-plane bending 9.43%
   33     1147.47          --                 --  mixed C-H bending / C-H out-of-plane bending                   C-H bending 50.76%; C-H out-of-plane bending 20.78%; mixed-phase cyclic C-C stretching 7.66%; ring-site C-H in-plane bending 6.79%
   34     1161.53          --                 --  mixed ring-site C-H out-of-plane bending / mixed-phase cyclic C-C stretching / ring-site C-H in-plane bending ring-site C-H out-of-plane bending 34.54%; mixed-phase cyclic C-C stretching 28.20%; ring-site C-H in-plane bending 24.61%; cyclic-ring torsional/out-of-plane deformation 6.14%
   35     1172.22          --                 --  mixed ring-site C-H in-plane bending / mixed-phase cyclic C-C stretching ring-site C-H in-plane bending 47.50%; mixed-phase cyclic C-C stretching 18.10%; ring-site C-H out-of-plane bending 10.24%; C-H bending 10.17%
   36     1180.92          --                 --  mixed mixed-phase cyclic C-C stretching / C-H bending / ring-site C-H in-plane bending mixed-phase cyclic C-C stretching 28.12%; C-H bending 27.04%; ring-site C-H in-plane bending 19.74%; exocyclic C-C stretching 7.61%
   37     1197.10          --                 --  mixed ring-site C-H in-plane bending / cyclic C-C stretching   ring-site C-H in-plane bending 68.10%; cyclic C-C stretching 13.54%; ring-site C-H out-of-plane bending 9.32%; exocyclic C-C stretching 4.04%
   38     1210.98          --                 --  mixed ring-site C-H in-plane bending / ring-site C-H out-of-plane bending ring-site C-H in-plane bending 41.01%; ring-site C-H out-of-plane bending 24.34%; cyclic C-C stretching 11.92%; C-H bending 8.71%
   39     1239.31          --                 --  mixed ring-site C-H in-plane bending / mixed-phase cyclic C-C stretching ring-site C-H in-plane bending 59.70%; mixed-phase cyclic C-C stretching 15.19%; cyclic-ring deformation (C-C-C bend) 8.46%; ring-site C-H out-of-plane bending 6.08%
   40     1261.73          --                 --  mixed mixed-phase cyclic C-C stretching / ring-site C-H in-plane bending / ring-site C-H out-of-plane bending mixed-phase cyclic C-C stretching 28.37%; ring-site C-H in-plane bending 25.35%; ring-site C-H out-of-plane bending 23.85%; C-H bending 8.58%
   41     1281.46          --                 --  mixed ring-site C-H out-of-plane bending / mixed-phase cyclic C-C stretching ring-site C-H out-of-plane bending 45.81%; mixed-phase cyclic C-C stretching 26.86%; ring-site C-H in-plane bending 13.95%; cyclic-ring deformation (C-C-C bend) 5.65%
   42     1336.81          --                 --  mixed mixed-phase cyclic C-C stretching / opposite-phase exocyclic C-C stretching / cyclic-ring torsional/out-of-plane deformation mixed-phase cyclic C-C stretching 27.06%; opposite-phase exocyclic C-C stretching 18.17%; cyclic-ring torsional/out-of-plane deformation 18.03%; ring-site C-H in-plane bending 9.52%
   43     1413.58          --                 --  mixed C-H out-of-plane bending / C-H bending                   C-H out-of-plane bending 54.66%; C-H bending 41.67%; exocyclic C-C stretching 2.32%
   44     1418.14          --                 --  C-H bending                                                    C-H bending 86.20%; C-H out-of-plane bending 7.97%; exocyclic C-C stretching 3.01%
   45     1461.17          --                 --  mixed cyclic C-C stretching / in-phase exocyclic C-C stretching / C-H bending cyclic C-C stretching 40.28%; in-phase exocyclic C-C stretching 19.60%; C-H bending 17.64%; C-H out-of-plane bending 14.69%
   46     1485.71          --                 --  mixed C-H bending / C-H out-of-plane bending                   C-H bending 51.11%; C-H out-of-plane bending 41.80%; C-C torsion 6.69%
   47     1490.16          --                 --  C-H bending                                                    C-H bending 75.39%; C-H out-of-plane bending 19.11%; C-C torsion 3.00%
   48     1493.25          --                 --  C-H bending                                                    C-H bending 77.95%; ring-site C-H out-of-plane bending 10.87%; ring-site C-H in-plane bending 10.26%
   49     1497.82          --                 --  mixed C-H bending / C-C torsion                                C-H bending 68.27%; C-C torsion 17.06%; C-H out-of-plane bending 13.79%
   50     1507.36          --                 --  C-H bending                                                    C-H bending 78.69%; C-C torsion 7.43%; cyclic C-C stretching 6.09%; C-H out-of-plane bending 4.83%
   51     3010.54          --                 --  mixed-phase C-H stretching                                     mixed-phase C-H stretching 99.58%
   52     3013.06          --                 --  C-H stretching                                                 C-H stretching 99.44%
   53     3031.32          --                 --  in-phase ring-site C-H stretching                              in-phase ring-site C-H stretching 99.19%
   54     3062.36          --                 --  mixed-phase C-H stretching                                     mixed-phase C-H stretching 99.28%
   55     3063.47          --                 --  mixed-phase C-H stretching                                     mixed-phase C-H stretching 99.42%
   56     3075.35          --                 --  mixed-phase C-H stretching                                     mixed-phase C-H stretching 99.26%
   57     3078.98          --                 --  mixed-phase C-H stretching                                     mixed-phase C-H stretching 99.28%
   58     3082.79          --                 --  opposite-phase ring-site C-H stretching                        opposite-phase ring-site C-H stretching 98.85%
   59     3103.17          --                 --  ring-site C-H stretching                                       ring-site C-H stretching 99.08%
   60     3109.49          --                 --  ring-site C-H stretching                                       ring-site C-H stretching 98.83%
   61     3130.88          --                 --  ring-site C-H stretching                                       ring-site C-H stretching 98.91%
   62     3173.65          --                 --  ring-site C-H stretching                                       ring-site C-H stretching 98.15%

# Selected internal-coordinate set:
#   1  nu(C1-C2)
#   2  nu(C3-C4)
#   3  nu(C5-C6)
#   4  nu(C7-C8)
#   5  nu(C9-H19)
#   6  nu(C6-C7)
#   7  nu(C3-C8)
#   8  nu(C4-C7)
#   9  nu(C9-H20)
#  10  nu(C4-C5)
#  11  nu(C1-H10)
#  12  nu(C9-H21)
#  13  nu(C5-H15)
#  14  nu(C1-H11)
#  15  gamma(H13;C3,C4,C8)
#  16  nu(C1-H12)
#  17  nu(C2-C6)
#  18  nu(C5-H16)
#  19  gamma(C8;C2,C1,C6)
#  20  nu(C4-H14)
#  21  nu(C6-H17)
#  22  nu(C3-H13)
#  23  nu(C7-H18)
#  24  gamma(H19;C9,H20,H21)
#  25  nu(C2-C8)
#  26  delta(H20-C9-H21)
#  27  delta(H11-C1-H12)
#  28  delta(C7-C4-H14)
#  29  delta(H10-C1-H12)
#  30  delta(C6-C7-H18)
#  31  delta(H10-C1-H11)
#  32  delta(H15-C5-H16)
#  33  tau(C5-C6-C7-H18)
#  34  tau(H14-C4-C7-C6)
#  35  tau(C3-C2-C6-H17)
#  36  delta(C2-C6-H17)
#  37  delta(C4-C3-H13)
#  38  gamma(H20;C9,C8,H19)
#  39  delta(C4-C5-H16)
#  40  delta(C6-C5-H16)
#  41  delta(C2-C1-H11)
#  42  delta(C8-C9-H19)
#  43  tau(H15-C5-C6-C2)
#  44  tau(C3-C8-C9-H19)
#  45  tau(C7-C8-C9-H20)
#  46  nu(C8-C9)
#  47  tau(C3-C4-C5-H15)
#  48  delta(C2-C1-H10)
#  49  tau(C2-C8-C9-H21)
#  50  delta(C3-C4-C5)
#  51  tau(H12-C1-C2-C3)
#  52  tau(C6-C7-C8-C3)
#  53  gamma(C1;C2,C3,C8)
#  54  delta(C4-C3-C8)
#  55  delta(C8-C9-H20)
#  56  tau(C2-C3-C8-C7)
#  57  nu(C2-C3)

Wrote: /local/scratch/mv487/qm9s/experiment_1_phase2/ped/61321/61321_summary.csv
Wrote: /local/scratch/mv487/qm9s/experiment_1_phase2/ped/61321/61321_families.csv
Wrote: /local/scratch/mv487/qm9s/experiment_1_phase2/ped/61321/61321_ped.csv
Wrote: /local/scratch/mv487/qm9s/experiment_1_phase2/ped/61321/61321_ir_transitions.csv

# All generated files are in: /local/scratch/mv487/qm9s/experiment_1_phase2/ped/61321
# Manifest: /local/scratch/mv487/qm9s/experiment_1_phase2/ped/61321/61321_manifest.txt

--- stderr ---
Normal modes/frequencies absent or incomplete: diagonalizing Hessian.
