# Contact: romi@lens.unifi.it
# Manual: https://github.com/SebRoLENS/orca-ped-analyzer/blob/main/docs/ORCA_PED_Analyzer_Manual.md
# Check GitHub for updates and new releases: https://github.com/SebRoLENS/orca-ped-analyzer
#
# Molecule: 18 atoms | non-linear
# Bonds inferred: 19 | candidate ICs: 171 | selected ICs: 48
# Cartesian-Hessian reconstruction relative error: 1.480e-05
# Energy distribution: PED (PED is the backward-compatible default; TED includes kinetic-energy terms)
# Ring/cycle bonds detected: 7 | ring atoms: 7 | ring systems: 2
# VPT2: no matching .out file supplied/found -> harmonic/PED analysis only
#
 Mode   Harm/cm-1   VPT2/cm-1  Harm.Int/km mol-1  Assignment                                                     Grouped PED
------------------------------------------------------------------------------------------------------------------------------------------------------------------------------------------------
    6       45.02          --                 --  mixed ring-site C-H out-of-plane bending / cyclic-ring torsional/out-of-plane deformation ring-site C-H out-of-plane bending 67.58%; cyclic-ring torsional/out-of-plane deformation 24.08%; inter-ring C-C torsion 5.21%
    7       91.43          --                 --  inter-ring C-C torsion                                         inter-ring C-C torsion 99.01%
    8      123.31          --                 --  inter-ring C-C torsion                                         inter-ring C-C torsion 80.53%; C-C-C bending 9.76%; C-C-C linear bending 3.41%; C-C out-of-plane bending 2.45%
    9      187.66          --                 --  mixed inter-ring C-C torsion / C-C-C bending / ring-site C-H in-plane bending inter-ring C-C torsion 29.82%; C-C-C bending 18.89%; ring-site C-H in-plane bending 17.82%; ring-site C-H out-of-plane bending 16.29%
   10      232.14          --                 --  mixed C-C-C bending / ring-site C-H out-of-plane bending       C-C-C bending 41.70%; ring-site C-H out-of-plane bending 19.96%; inter-ring C-C torsion 11.21%; C-C-C linear bending 10.74%
   11      269.70          --                 --  mixed ring-site C-H out-of-plane bending / inter-ring C-C torsion ring-site C-H out-of-plane bending 55.90%; inter-ring C-C torsion 15.26%; C-C-C linear bending 10.02%; ring-site C-H in-plane bending 9.17%
   12      416.73          --                 --  mixed C-C-C bending / inter-ring C-C torsion / ring-site C-H out-of-plane bending C-C-C bending 27.46%; inter-ring C-C torsion 21.86%; ring-site C-H out-of-plane bending 16.75%; cyclic-ring deformation (C-O-C bend) 8.45%
   13      494.85          --                 --  mixed ring-site C-H out-of-plane bending / C-C-C bending       ring-site C-H out-of-plane bending 38.01%; C-C-C bending 22.34%; C-C-C linear bending 9.80%; cyclic-ring torsional/out-of-plane deformation 6.75%
   14      529.12          --                 --  mixed ring-site C-H out-of-plane bending / C-C-C bending       ring-site C-H out-of-plane bending 28.65%; C-C-C bending 27.11%; C-C-C linear bending 10.05%; cyclic-ring torsional/out-of-plane deformation 7.65%
   15      639.12          --                 --  mixed ring-site C-H out-of-plane bending / ring-site C-H in-plane bending ring-site C-H out-of-plane bending 47.82%; ring-site C-H in-plane bending 28.19%; C-C-C bending 6.70%; cyclic C-N stretching 3.75%
   16      668.24          --                 --  C-C-H linear bending                                           C-C-H linear bending 93.32%; C-C-C linear bending 3.81%
   17      703.80          --                 --  mixed ring-site C-H out-of-plane bending / inter-ring C-C torsion ring-site C-H out-of-plane bending 23.45%; inter-ring C-C torsion 20.68%; ring-site C-H in-plane bending 14.75%; inter-ring C-C stretching 8.92%
   18      710.89          --                 --  C-C-H linear bending                                           C-C-H linear bending 91.61%; C-C-C linear bending 3.22%
   19      785.02          --                 --  mixed ring-site C-H out-of-plane bending / cyclic-ring deformation (C-O-C bend) ring-site C-H out-of-plane bending 33.68%; cyclic-ring deformation (C-O-C bend) 20.22%; exocyclic C-C stretching 8.36%; C-C out-of-plane bending 6.78%
   20      838.03          --                 --  mixed ring-site C-H out-of-plane bending / cyclic C-N stretching ring-site C-H out-of-plane bending 33.42%; cyclic C-N stretching 17.79%; cyclic-ring out-of-plane deformation 12.89%; ring-site N-H out-of-plane bending 11.74%
   21      846.12          --                 --  mixed cyclic C-N stretching / cyclic-ring out-of-plane deformation cyclic C-N stretching 31.05%; cyclic-ring out-of-plane deformation 21.93%; ring-site N-H out-of-plane bending 12.85%; inter-ring C-C torsion 9.54%
   22      911.65          --                 --  mixed cyclic C-N stretching / cyclic C-C stretching            cyclic C-N stretching 21.89%; cyclic C-C stretching 13.83%; cyclic-ring deformation (C-O-C bend) 10.32%; ring-site C-H in-plane bending 9.14%
   23      937.50          --                 --  mixed cyclic C-O stretching / cyclic-ring deformation (C-O-C bend) / ring-site C-H out-of-plane bending cyclic C-O stretching 30.06%; cyclic-ring deformation (C-O-C bend) 17.81%; ring-site C-H out-of-plane bending 15.25%; cyclic-ring out-of-plane deformation 12.19%
   24      961.93          --                 --  mixed ring-site C-H in-plane bending / inter-ring C-C torsion  ring-site C-H in-plane bending 28.36%; inter-ring C-C torsion 26.91%; cyclic-ring out-of-plane deformation 13.62%; opposite-phase cyclic C-O stretching 8.66%
   25      978.54          --                 --  mixed opposite-phase cyclic C-O stretching / ring-site C-H out-of-plane bending opposite-phase cyclic C-O stretching 39.74%; ring-site C-H out-of-plane bending 18.77%; cyclic-ring out-of-plane deformation 10.64%; ring-site C-H in-plane bending 9.15%
   26     1008.26          --                 --  mixed ring-site C-H out-of-plane bending / cyclic-ring out-of-plane deformation ring-site C-H out-of-plane bending 20.03%; cyclic-ring out-of-plane deformation 15.36%; ring-site C-H in-plane bending 14.19%; ring-site N-H out-of-plane bending 12.47%
   27     1010.59          --                 --  mixed ring-site C-H out-of-plane bending / mixed-phase cyclic C-C stretching ring-site C-H out-of-plane bending 24.97%; mixed-phase cyclic C-C stretching 21.54%; cyclic-ring out-of-plane deformation 14.84%; ring-site C-H in-plane bending 12.38%
   28     1080.81          --                 --  mixed ring-site C-H out-of-plane bending / C-C-C bending       ring-site C-H out-of-plane bending 32.49%; C-C-C bending 13.46%; exocyclic C-C stretching 13.41%; ring-site C-H in-plane bending 13.19%
   29     1088.79          --                 --  mixed C-C out-of-plane bending / ring-site C-H in-plane bending C-C out-of-plane bending 22.02%; ring-site C-H in-plane bending 13.42%; cyclic-ring out-of-plane deformation 12.68%; ring-site C-H out-of-plane bending 9.59%
   30     1134.83          --                 --  mixed ring-site C-H out-of-plane bending / C-C out-of-plane bending / inter-ring C-C torsion ring-site C-H out-of-plane bending 36.51%; C-C out-of-plane bending 22.96%; inter-ring C-C torsion 16.53%; ring-site C-H in-plane bending 8.83%
   31     1142.88          --                 --  mixed inter-ring C-C torsion / ring-site C-H in-plane bending / ring-site C-H out-of-plane bending inter-ring C-C torsion 36.52%; ring-site C-H in-plane bending 27.58%; ring-site C-H out-of-plane bending 26.97%
   32     1166.60          --                 --  mixed ring-site C-H out-of-plane bending / inter-ring C-C torsion / ring-site C-H in-plane bending ring-site C-H out-of-plane bending 45.45%; inter-ring C-C torsion 19.31%; ring-site C-H in-plane bending 16.15%; C-C out-of-plane bending 5.90%
   33     1191.09          --                 --  mixed cyclic-ring out-of-plane deformation / ring-site C-H out-of-plane bending / ring-site N-H out-of-plane bending cyclic-ring out-of-plane deformation 31.85%; ring-site C-H out-of-plane bending 25.51%; ring-site N-H out-of-plane bending 17.25%; ring-site C-H in-plane bending 13.33%
   34     1256.77          --                 --  mixed C-C out-of-plane bending / ring-site C-H in-plane bending / ring-site C-H out-of-plane bending C-C out-of-plane bending 30.26%; ring-site C-H in-plane bending 29.35%; ring-site C-H out-of-plane bending 26.31%; mixed-phase cyclic C-C stretching 8.61%
   35     1265.78          --                 --  mixed ring-site C-H out-of-plane bending / ring-site C-H in-plane bending / cyclic-ring out-of-plane deformation ring-site C-H out-of-plane bending 35.23%; ring-site C-H in-plane bending 27.41%; cyclic-ring out-of-plane deformation 25.35%; ring-site N-H out-of-plane bending 6.48%
   36     1271.66          --                 --  mixed ring-site C-H out-of-plane bending / cyclic-ring out-of-plane deformation / C-C out-of-plane bending ring-site C-H out-of-plane bending 41.99%; cyclic-ring out-of-plane deformation 19.52%; C-C out-of-plane bending 17.20%; ring-site C-H in-plane bending 14.92%
   37     1295.21          --                 --  mixed ring-site C-H in-plane bending / ring-site N-H out-of-plane bending ring-site C-H in-plane bending 31.84%; ring-site N-H out-of-plane bending 27.45%; in-phase cyclic C-N stretching 12.32%; cyclic-ring out-of-plane deformation 10.78%
   38     1308.06          --                 --  mixed ring-site C-H in-plane bending / ring-site C-H out-of-plane bending ring-site C-H in-plane bending 64.61%; ring-site C-H out-of-plane bending 9.40%; C-C out-of-plane bending 7.38%; cyclic-ring out-of-plane deformation 6.07%
   39     1363.67          --                 --  mixed ring-site C-H out-of-plane bending / ring-site C-H in-plane bending ring-site C-H out-of-plane bending 48.33%; ring-site C-H in-plane bending 45.57%
   40     1390.35          --                 --  ring-site C-H in-plane bending                                 ring-site C-H in-plane bending 81.09%; ring-site C-H out-of-plane bending 13.35%
   41     1422.72          --                 --  mixed ring-site C-H in-plane bending / inter-ring C-C stretching ring-site C-H in-plane bending 46.98%; inter-ring C-C stretching 12.45%; cyclic-ring out-of-plane deformation 12.22%; ring-site C-H out-of-plane bending 12.01%
   42     1499.03          --                 --  mixed ring-site C-H out-of-plane bending / ring-site C-H in-plane bending ring-site C-H out-of-plane bending 65.15%; ring-site C-H in-plane bending 20.02%; C-H bending 6.36%; in-phase cyclic C-C stretching 5.80%
   43     1513.89          --                 --  mixed C-H bending / ring-site C-H in-plane bending             C-H bending 66.91%; ring-site C-H in-plane bending 18.36%; ring-site C-H out-of-plane bending 8.47%; in-phase cyclic C-N stretching 3.96%
   44     2223.17          --                 --  C-C stretching                                                 C-C stretching 84.16%; exocyclic C-C stretching 11.11%; C-H stretching 4.53%
   45     3025.41          --                 --  ring-site C-H stretching                                       ring-site C-H stretching 98.49%
   46     3039.03          --                 --  ring-site C-H stretching                                       ring-site C-H stretching 99.02%
   47     3090.03          --                 --  ring-site C-H stretching                                       ring-site C-H stretching 99.40%
   48     3112.08          --                 --  mixed-phase ring-site C-H stretching                           mixed-phase ring-site C-H stretching 99.36%
   49     3115.06          --                 --  ring-site C-H stretching                                       ring-site C-H stretching 99.10%
   50     3151.29          --                 --  opposite-phase ring-site C-H stretching                        opposite-phase ring-site C-H stretching 99.23%
   51     3199.99          --                 --  opposite-phase ring-site C-H stretching                        opposite-phase ring-site C-H stretching 99.40%
   52     3470.75          --                 --  ring-site N-H stretching                                       ring-site N-H stretching 99.60%
   53     3475.28          --                 --  C-H stretching                                                 C-H stretching 95.50%; C-C stretching 4.43%

# Selected internal-coordinate set:
#   1  nu(C3-H11)
#   2  nu(C1-C2)
#   3  nu(C4-C5)
#   4  nu(C7-N9)
#   5  nu(C8-H16)
#   6  nu(C5-O6)
#   7  nu(N9-H18)
#   8  nu(C3-O6)
#   9  delta_lin2(C2-C1-H10)
#  10  delta_lin1(C2-C1-H10)
#  11  nu(C4-H12)
#  12  nu(C7-H15)
#  13  nu(C8-H17)
#  14  nu(C5-H14)
#  15  tau(H15-C7-N9-H18)
#  16  nu(C3-C4)
#  17  gamma(C7;C8,H16,H17)
#  18  nu(C4-H13)
#  19  gamma(C7;N9,C8,H18)
#  20  nu(C1-H10)
#  21  delta(H16-C8-H17)
#  22  delta(O6-C5-H14)
#  23  gamma(H11;C3,C4,O6)
#  24  delta(N9-C7-H15)
#  25  delta(C4-C5-H14)
#  26  tau(C2-C3-C4-H12)
#  27  tau(H13-C4-C5-O6)
#  28  gamma(H18;N9,C7,C8)
#  29  tau(H12-C4-C5-O6)
#  30  gamma(C4;C3,C2,H11)
#  31  delta(C5-C4-H13)
#  32  delta_lin2(C1-C2-C3)
#  33  delta(C5-C7-C8)
#  34  nu(C8-N9)
#  35  nu(C2-C3)
#  36  tau(C5-C7-C8-H16)
#  37  delta_lin1(C1-C2-C3)
#  38  nu(C5-C7)
#  39  delta(C7-C8-H17)
#  40  delta(C7-C5-H14)
#  41  tau(H11-C3-O6-C5)
#  42  tau(O6-C5-C7-H15)
#  43  tau(C4-C5-C7-C8)
#  44  delta(C2-C3-C4)
#  45  gamma(C8;N9,C7,H18)
#  46  delta(C4-C5-C7)
#  47  tau(C2-C3-C4-C5)
#  48  delta(C3-O6-C5)

Wrote: /local/scratch/mv487/qm9s/experiment_1_phase2/ped/32016/32016_summary.csv
Wrote: /local/scratch/mv487/qm9s/experiment_1_phase2/ped/32016/32016_families.csv
Wrote: /local/scratch/mv487/qm9s/experiment_1_phase2/ped/32016/32016_ped.csv
Wrote: /local/scratch/mv487/qm9s/experiment_1_phase2/ped/32016/32016_ir_transitions.csv

# All generated files are in: /local/scratch/mv487/qm9s/experiment_1_phase2/ped/32016
# Manifest: /local/scratch/mv487/qm9s/experiment_1_phase2/ped/32016/32016_manifest.txt

--- stderr ---
Normal modes/frequencies absent or incomplete: diagonalizing Hessian.
