# Contact: romi@lens.unifi.it
# Manual: https://github.com/SebRoLENS/orca-ped-analyzer/blob/main/docs/ORCA_PED_Analyzer_Manual.md
# Check GitHub for updates and new releases: https://github.com/SebRoLENS/orca-ped-analyzer
#
# Molecule: 16 atoms | non-linear
# Bonds inferred: 16 | candidate ICs: 139 | selected ICs: 42
# Cartesian-Hessian reconstruction relative error: 2.874e-05
# Energy distribution: PED (PED is the backward-compatible default; TED includes kinetic-energy terms)
# Ring/cycle bonds detected: 3 | ring atoms: 3 | ring systems: 1
# VPT2: no matching .out file supplied/found -> harmonic/PED analysis only
#
 Mode   Harm/cm-1   VPT2/cm-1  Harm.Int/km mol-1  Assignment                                                     Grouped PED
------------------------------------------------------------------------------------------------------------------------------------------------------------------------------------------------
    6      126.73          --                 --  mixed cyclic-ring torsional/out-of-plane deformation / cyclic-ring out-of-plane deformation / C-C torsion cyclic-ring torsional/out-of-plane deformation 24.06%; cyclic-ring out-of-plane deformation 23.36%; C-C torsion 15.34%; ring-site C-H out-of-plane bending 11.27%
    7      135.96          --                 --  mixed cyclic-ring torsional/out-of-plane deformation / C-C torsion cyclic-ring torsional/out-of-plane deformation 40.95%; C-C torsion 21.88%; cyclic-ring out-of-plane deformation 14.62%; C-C out-of-plane bending 6.33%
    8      167.61          --                 --  mixed C-C-N linear bending / N-C-C bending                     C-C-N linear bending 31.52%; N-C-C bending 29.10%; cyclic-ring torsional/out-of-plane deformation 14.31%; C-C-C bending 7.29%
    9      195.47          --                 --  mixed cyclic-ring torsional/out-of-plane deformation / C-C out-of-plane bending cyclic-ring torsional/out-of-plane deformation 27.52%; C-C out-of-plane bending 21.56%; C-C-C bending 12.83%; C-N torsion 10.36%
   10      214.33          --                 --  mixed ring-site C-H out-of-plane bending / cyclic-ring out-of-plane deformation ring-site C-H out-of-plane bending 32.00%; cyclic-ring out-of-plane deformation 22.92%; C-N torsion 11.28%; C-C-O bending 6.46%
   11      240.10          --                 --  mixed ring-site C-H out-of-plane bending / C-C-C bending / C-N torsion ring-site C-H out-of-plane bending 35.02%; C-C-C bending 17.72%; C-N torsion 17.71%; C-O torsion 11.58%
   12      296.77          --                 --  mixed C-C-C bending / cyclic-ring out-of-plane deformation     C-C-C bending 29.01%; cyclic-ring out-of-plane deformation 12.67%; N-C-C bending 12.47%; C-C-N bending 12.15%
   13      379.29          --                 --  C-O torsion                                                    C-O torsion 78.15%; C-N torsion 9.23%; N-H bending 2.92%
   14      431.40          --                 --  mixed C-C out-of-plane bending / C-C-C bending                 C-C out-of-plane bending 27.19%; C-C-C bending 24.41%; C-C-N bending 14.30%; C-C-N linear bending 9.95%
   15      467.61          --                 --  mixed ring-site C-H out-of-plane bending / cyclic-ring out-of-plane deformation ring-site C-H out-of-plane bending 34.39%; cyclic-ring out-of-plane deformation 9.32%; cyclic-ring torsional/out-of-plane deformation 8.22%; exocyclic C-C stretching 8.02%
   16      574.79          --                 --  mixed cyclic C-C stretching / C-C-N linear bending             cyclic C-C stretching 21.58%; C-C-N linear bending 17.04%; C-C-C bending 12.34%; N-C-C bending 11.91%
   17      587.49          --                 --  mixed cyclic-ring out-of-plane deformation / ring-site C-H out-of-plane bending / C-C-N linear bending cyclic-ring out-of-plane deformation 24.06%; ring-site C-H out-of-plane bending 19.43%; C-C-N linear bending 15.01%; N-C-C bending 12.97%
   18      595.13          --                 --  mixed C-C-O bending / C-H bending                              C-C-O bending 19.67%; C-H bending 11.60%; ring-site C-H out-of-plane bending 10.58%; C-N out-of-plane bending 9.52%
   19      704.49          --                 --  mixed cyclic-ring out-of-plane deformation / cyclic C-C stretching cyclic-ring out-of-plane deformation 33.36%; cyclic C-C stretching 16.38%; exocyclic C-N stretching 11.12%; ring-site C-H out-of-plane bending 6.11%
   20      782.78          --                 --  mixed opposite-phase cyclic C-C stretching / C-H bending       opposite-phase cyclic C-C stretching 40.65%; C-H bending 16.78%; C-N out-of-plane bending 11.42%; exocyclic C-C stretching 6.15%
   21      801.72          --                 --  mixed C-N out-of-plane bending / N-H bending                   C-N out-of-plane bending 54.78%; N-H bending 31.51%; exocyclic C-N stretching 3.06%
   22      854.14          --                 --  mixed ring-site C-H out-of-plane bending / cyclic-ring out-of-plane deformation ring-site C-H out-of-plane bending 30.72%; cyclic-ring out-of-plane deformation 20.64%; opposite-phase cyclic C-C stretching 12.10%; C-C out-of-plane bending 11.18%
   23      989.50          --                 --  mixed ring-site C-H out-of-plane bending / C-H bending / C-C out-of-plane bending ring-site C-H out-of-plane bending 34.97%; C-H bending 20.19%; C-C out-of-plane bending 19.24%; C-O out-of-plane bending 8.53%
   24     1028.04          --                 --  mixed C-H bending / ring-site C-H out-of-plane bending         C-H bending 46.04%; ring-site C-H out-of-plane bending 23.87%; C-C out-of-plane bending 10.04%; exocyclic C-N stretching 5.94%
   25     1044.02          --                 --  mixed opposite-phase exocyclic C-C stretching / cyclic-ring out-of-plane deformation / in-phase cyclic C-C stretching opposite-phase exocyclic C-C stretching 24.24%; cyclic-ring out-of-plane deformation 18.69%; in-phase cyclic C-C stretching 16.01%; C-O out-of-plane bending 14.26%
   26     1077.06          --                 --  mixed C-O out-of-plane bending / exocyclic C-O stretching / ring-site C-H in-plane bending C-O out-of-plane bending 26.85%; exocyclic C-O stretching 23.28%; ring-site C-H in-plane bending 17.05%; C-H bending 11.71%
   27     1136.48          --                 --  mixed C-C out-of-plane bending / ring-site C-H out-of-plane bending / C-H bending C-C out-of-plane bending 38.72%; ring-site C-H out-of-plane bending 24.31%; C-H bending 22.74%; cyclic-ring out-of-plane deformation 3.69%
   28     1172.67          --                 --  mixed C-C out-of-plane bending / ring-site C-H out-of-plane bending C-C out-of-plane bending 26.66%; ring-site C-H out-of-plane bending 17.31%; C-H bending 13.97%; ring-site C-H in-plane bending 8.64%
   29     1211.16          --                 --  mixed exocyclic C-O stretching / O-H bending                   exocyclic C-O stretching 27.02%; O-H bending 15.69%; ring-site C-H out-of-plane bending 14.48%; N-H bending 14.18%
   30     1263.38          --                 --  mixed O-H bending / C-H bending                                O-H bending 38.41%; C-H bending 17.45%; exocyclic C-N stretching 9.53%; C-C-C bending 6.63%
   31     1290.20          --                 --  mixed N-H bending / cyclic C-C stretching                      N-H bending 53.23%; cyclic C-C stretching 11.80%; C-H bending 8.41%; exocyclic C-C stretching 6.44%
   32     1314.12          --                 --  mixed exocyclic C-N stretching / ring-site C-H in-plane bending exocyclic C-N stretching 28.46%; ring-site C-H in-plane bending 13.19%; ring-site C-H out-of-plane bending 11.03%; exocyclic C-C stretching 6.99%
   33     1381.97          --                 --  mixed C-H bending / ring-site C-H out-of-plane bending         C-H bending 58.92%; ring-site C-H out-of-plane bending 18.61%; C-O out-of-plane bending 6.54%; ring-site C-H in-plane bending 6.41%
   34     1425.71          --                 --  C-H bending                                                    C-H bending 89.83%; exocyclic C-C stretching 6.28%; ring-site C-H out-of-plane bending 2.31%
   35     1467.58          --                 --  mixed C-H bending / C-O out-of-plane bending                   C-H bending 38.03%; C-O out-of-plane bending 12.10%; ring-site C-H in-plane bending 11.54%; in-phase cyclic C-C stretching 10.16%
   36     1496.64          --                 --  C-H bending                                                    C-H bending 99.23%
   37     1507.97          --                 --  C-H bending                                                    C-H bending 90.61%
   38     1656.08          --                 --  N-H bending                                                    N-H bending 92.56%; C-N out-of-plane bending 4.73%
   39     2341.56          --                 --  C-N stretching                                                 C-N stretching 89.61%; exocyclic C-C stretching 10.19%
   40     3041.30          --                 --  C-H stretching                                                 C-H stretching 99.67%
   41     3094.70          --                 --  opposite-phase C-H stretching                                  opposite-phase C-H stretching 99.31%
   42     3127.39          --                 --  mixed-phase C-H stretching                                     mixed-phase C-H stretching 85.13%; mixed-phase ring-site C-H stretching 13.95%
   43     3137.20          --                 --  mixed-phase ring-site C-H stretching                           mixed-phase ring-site C-H stretching 93.92%; C-H stretching 5.34%
   44     3151.85          --                 --  ring-site C-H stretching                                       ring-site C-H stretching 90.67%; C-H stretching 8.80%
   45     3508.25          --                 --  in-phase N-H stretching                                        in-phase N-H stretching 99.83%
   46     3592.31          --                 --  opposite-phase N-H stretching                                  opposite-phase N-H stretching 99.77%
   47     3796.57          --                 --  O-H stretching                                                 O-H stretching 99.91%

# Selected internal-coordinate set:
#   1  nu(C1-C2)
#   2  nu(C3-C5)
#   3  nu(O4-H14)
#   4  nu(N6-H15)
#   5  nu(C7-N8)
#   6  nu(N6-H16)
#   7  nu(C1-H10)
#   8  nu(C2-H12)
#   9  delta_lin1(C5-C7-N8)
#  10  nu(C3-H13)
#  11  nu(C1-H11)
#  12  delta_lin2(C5-C7-N8)
#  13  gamma(C5;N6,H15,H16)
#  14  gamma(O4;C3,C5,H13)
#  15  nu(C1-H9)
#  16  gamma(C5;C2,C1,H12)
#  17  nu(C3-O4)
#  18  delta(H15-N6-H16)
#  19  tau(C5-C3-O4-H14)
#  20  nu(C5-C7)
#  21  delta(H10-C1-H11)
#  22  delta(C1-C2-H12)
#  23  delta(H9-C1-H11)
#  24  delta(C5-C3-H13)
#  25  delta(H9-C1-H10)
#  26  delta(C3-O4-H14)
#  27  nu(C2-C5)
#  28  nu(C5-N6)
#  29  tau(H12-C2-C5-N6)
#  30  delta(C2-C1-H10)
#  31  tau(C7-C5-N6-H15)
#  32  delta(C2-C3-O4)
#  33  delta(C2-C1-H11)
#  34  delta(C5-N6-H15)
#  35  delta(C2-C5-N6)
#  36  gamma(C3;C5,C2,N6)
#  37  tau(H12-C2-C3-O4)
#  38  tau(H10-C1-C2-C5)
#  39  delta(N6-C5-C7)
#  40  tau(C1-C2-C5-C7)
#  41  delta(C1-C2-C5)
#  42  gamma(C3;C5,C2,C7)

Wrote: /local/scratch/mv487/qm9s/experiment_1_phase2/ped/8990/8990_summary.csv
Wrote: /local/scratch/mv487/qm9s/experiment_1_phase2/ped/8990/8990_families.csv
Wrote: /local/scratch/mv487/qm9s/experiment_1_phase2/ped/8990/8990_ped.csv
Wrote: /local/scratch/mv487/qm9s/experiment_1_phase2/ped/8990/8990_ir_transitions.csv

# All generated files are in: /local/scratch/mv487/qm9s/experiment_1_phase2/ped/8990
# Manifest: /local/scratch/mv487/qm9s/experiment_1_phase2/ped/8990/8990_manifest.txt

--- stderr ---
Normal modes/frequencies absent or incomplete: diagonalizing Hessian.
