# Contact: romi@lens.unifi.it
# Manual: https://github.com/SebRoLENS/orca-ped-analyzer/blob/main/docs/ORCA_PED_Analyzer_Manual.md
# Check GitHub for updates and new releases: https://github.com/SebRoLENS/orca-ped-analyzer
#
# Molecule: 23 atoms | non-linear
# Bonds inferred: 24 | candidate ICs: 244 | selected ICs: 63
# Cartesian-Hessian reconstruction relative error: 3.336e-05
# Energy distribution: PED (PED is the backward-compatible default; TED includes kinetic-energy terms)
# Ring/cycle bonds detected: 9 | ring atoms: 8 | ring systems: 1
# VPT2: no matching .out file supplied/found -> harmonic/PED analysis only
#
 Mode   Harm/cm-1   VPT2/cm-1  Harm.Int/km mol-1  Assignment                                                     Grouped PED
------------------------------------------------------------------------------------------------------------------------------------------------------------------------------------------------
    6      121.98          --                 --  cyclic-ring torsional/out-of-plane deformation                 cyclic-ring torsional/out-of-plane deformation 75.59%; cyclic-ring torsional/out-of-plane deformation 18.44%; ring-site C-H out-of-plane bending 2.23%
    7      142.26          --                 --  mixed cyclic-ring torsional/out-of-plane deformation / cyclic-ring torsional/out-of-plane deformation / ring-site C-H out-of-plane bending cyclic-ring torsional/out-of-plane deformation 49.66%; cyclic-ring torsional/out-of-plane deformation 28.66%; ring-site C-H out-of-plane bending 15.14%; C-C-C bending 3.08%
    8      232.69          --                 --  C-C torsion                                                    C-C torsion 97.73%
    9      240.44          --                 --  mixed C-C-C bending / ring-site C-H out-of-plane bending / cyclic-ring deformation (O-C-C bend) C-C-C bending 23.54%; ring-site C-H out-of-plane bending 21.05%; cyclic-ring deformation (O-C-C bend) 16.89%; cyclic-ring torsional/out-of-plane deformation 15.12%
   10      275.61          --                 --  mixed ring-site C-H out-of-plane bending / C-C-C bending       ring-site C-H out-of-plane bending 39.80%; C-C-C bending 19.51%; cyclic-ring torsional/out-of-plane deformation 14.63%; cyclic-ring deformation (O-C-C bend) 7.92%
   11      325.19          --                 --  mixed C-C-C bending / ring-site C-H out-of-plane bending / cyclic-ring torsional/out-of-plane deformation C-C-C bending 28.16%; ring-site C-H out-of-plane bending 21.28%; cyclic-ring torsional/out-of-plane deformation 17.49%; C-C torsion 9.32%
   12      351.94          --                 --  mixed cyclic-ring torsional/out-of-plane deformation / cyclic-ring deformation (O-C-C bend) / C-C-C bending cyclic-ring torsional/out-of-plane deformation 32.29%; cyclic-ring deformation (O-C-C bend) 22.29%; C-C-C bending 20.26%; ring-site C-H out-of-plane bending 14.99%
   13      407.15          --                 --  mixed cyclic-ring deformation (O-C-C bend) / ring-site C-H out-of-plane bending cyclic-ring deformation (O-C-C bend) 40.42%; ring-site C-H out-of-plane bending 11.37%; C-C-C bending 9.59%; cyclic-ring torsional/out-of-plane deformation 8.87%
   14      435.90          --                 --  mixed ring-site C-H out-of-plane bending / C-C-C bending       ring-site C-H out-of-plane bending 46.33%; C-C-C bending 16.48%; ring-site C-H in-plane bending 10.66%; cyclic-ring torsional/out-of-plane deformation 7.88%
   15      451.29          --                 --  mixed ring-site C-H out-of-plane bending / cyclic-ring deformation (O-C-C bend) ring-site C-H out-of-plane bending 28.58%; cyclic-ring deformation (O-C-C bend) 19.44%; ring-site C-H in-plane bending 12.51%; C-C-C bending 11.87%
   16      510.50          --                 --  mixed cyclic-ring torsional/out-of-plane deformation / cyclic-ring torsional/out-of-plane deformation cyclic-ring torsional/out-of-plane deformation 35.32%; cyclic-ring torsional/out-of-plane deformation 26.34%; ring-site C-H out-of-plane bending 12.01%; ring-site C-H in-plane bending 6.70%
   17      582.17          --                 --  mixed ring-site C-H out-of-plane bending / ring-site C-H in-plane bending / cyclic-ring torsional/out-of-plane deformation ring-site C-H out-of-plane bending 36.72%; ring-site C-H in-plane bending 19.74%; cyclic-ring torsional/out-of-plane deformation 15.26%; cyclic-ring deformation (O-C-C bend) 9.28%
   18      734.36          --                 --  mixed cyclic-ring out-of-plane deformation / opposite-phase cyclic C-C stretching cyclic-ring out-of-plane deformation 23.05%; opposite-phase cyclic C-C stretching 14.69%; ring-site C-H out-of-plane bending 14.30%; ring-site C-H in-plane bending 13.68%
   19      785.08          --                 --  mixed ring-site C-H in-plane bending / ring-site C-H out-of-plane bending ring-site C-H in-plane bending 68.71%; ring-site C-H out-of-plane bending 23.48%; cyclic C-C stretching 3.21%
   20      804.99          --                 --  mixed ring-site C-H in-plane bending / cyclic C-C stretching   ring-site C-H in-plane bending 30.54%; cyclic C-C stretching 30.26%; C-C-C bending 9.63%; ring-site C-H out-of-plane bending 9.31%
   21      849.20          --                 --  mixed ring-site C-H out-of-plane bending / ring-site C-H in-plane bending ring-site C-H out-of-plane bending 35.71%; ring-site C-H in-plane bending 23.45%; cyclic-ring out-of-plane deformation 14.24%; mixed-phase cyclic C-C stretching 8.25%
   22      866.35          --                 --  mixed ring-site C-H in-plane bending / ring-site C-H out-of-plane bending ring-site C-H in-plane bending 30.56%; ring-site C-H out-of-plane bending 27.39%; cyclic-ring out-of-plane deformation 12.75%; cyclic C-O stretching 11.78%
   23      917.07          --                 --  mixed ring-site C-H out-of-plane bending / mixed-phase cyclic C-C stretching ring-site C-H out-of-plane bending 41.16%; mixed-phase cyclic C-C stretching 21.78%; C-H bending 11.05%; ring-site C-H in-plane bending 9.47%
   24      933.23          --                 --  ring-site C-H out-of-plane bending                             ring-site C-H out-of-plane bending 71.58%; cyclic-ring out-of-plane deformation 7.92%; cyclic C-C stretching 5.95%; ring-site C-H in-plane bending 4.34%
   25      942.91          --                 --  mixed cyclic-ring out-of-plane deformation / mixed-phase cyclic C-C stretching / ring-site C-H in-plane bending cyclic-ring out-of-plane deformation 21.63%; mixed-phase cyclic C-C stretching 18.08%; ring-site C-H in-plane bending 17.49%; ring-site C-H out-of-plane bending 13.80%
   26      969.43          --                 --  mixed cyclic-ring out-of-plane deformation / ring-site C-H out-of-plane bending cyclic-ring out-of-plane deformation 20.99%; ring-site C-H out-of-plane bending 20.48%; ring-site C-H in-plane bending 14.79%; cyclic C-C stretching 12.55%
   27      976.47          --                 --  mixed ring-site C-H in-plane bending / mixed-phase cyclic C-C stretching / C-H bending ring-site C-H in-plane bending 31.15%; mixed-phase cyclic C-C stretching 25.47%; C-H bending 20.05%; cyclic-ring deformation (O-C-C bend) 6.23%
   28      998.26          --                 --  mixed ring-site C-H in-plane bending / mixed-phase cyclic C-C stretching / C-H bending ring-site C-H in-plane bending 37.55%; mixed-phase cyclic C-C stretching 21.81%; C-H bending 15.33%; ring-site C-H out-of-plane bending 10.29%
   29     1007.90          --                 --  mixed ring-site C-H in-plane bending / mixed-phase cyclic C-C stretching ring-site C-H in-plane bending 55.95%; mixed-phase cyclic C-C stretching 10.08%; C-H bending 9.62%; ring-site C-H out-of-plane bending 8.31%
   30     1039.12          --                 --  mixed ring-site C-H out-of-plane bending / cyclic-ring out-of-plane deformation ring-site C-H out-of-plane bending 69.03%; cyclic-ring out-of-plane deformation 17.13%; ring-site C-H in-plane bending 7.64%; cyclic C-C stretching 4.10%
   31     1067.17          --                 --  mixed cyclic C-C stretching / mixed-phase cyclic C-O stretching / exocyclic C-C stretching cyclic C-C stretching 24.77%; mixed-phase cyclic C-O stretching 17.98%; exocyclic C-C stretching 16.94%; ring-site C-H out-of-plane bending 11.16%
   32     1076.51          --                 --  mixed ring-site C-H out-of-plane bending / cyclic-ring out-of-plane deformation ring-site C-H out-of-plane bending 55.09%; cyclic-ring out-of-plane deformation 26.32%; ring-site C-H in-plane bending 14.04%
   33     1099.79          --                 --  mixed mixed-phase cyclic C-O stretching / ring-site C-H in-plane bending mixed-phase cyclic C-O stretching 34.07%; ring-site C-H in-plane bending 27.07%; opposite-phase cyclic C-C stretching 14.13%; exocyclic C-C stretching 10.08%
   34     1155.07          --                 --  mixed ring-site C-H in-plane bending / C-H bending             ring-site C-H in-plane bending 32.32%; C-H bending 28.47%; cyclic C-C stretching 9.09%; C-C-C bending 8.81%
   35     1165.16          --                 --  mixed ring-site C-H in-plane bending / mixed-phase cyclic C-C stretching ring-site C-H in-plane bending 40.15%; mixed-phase cyclic C-C stretching 22.03%; C-C-C bending 12.23%; C-H bending 8.11%
   36     1188.66          --                 --  mixed ring-site C-H in-plane bending / ring-site C-H out-of-plane bending ring-site C-H in-plane bending 62.97%; ring-site C-H out-of-plane bending 27.81%; cyclic-ring out-of-plane deformation 2.54%
   37     1198.58          --                 --  mixed ring-site C-H in-plane bending / ring-site C-H out-of-plane bending ring-site C-H in-plane bending 64.97%; ring-site C-H out-of-plane bending 11.67%; mixed-phase cyclic C-C stretching 7.15%; C-C-C bending 6.80%
   38     1268.91          --                 --  mixed ring-site C-H in-plane bending / cyclic C-O stretching   ring-site C-H in-plane bending 51.93%; cyclic C-O stretching 10.83%; cyclic-ring out-of-plane deformation 10.77%; mixed-phase cyclic C-C stretching 9.57%
   39     1280.82          --                 --  mixed ring-site C-H in-plane bending / mixed-phase cyclic C-C stretching ring-site C-H in-plane bending 68.67%; mixed-phase cyclic C-C stretching 8.57%; cyclic-ring out-of-plane deformation 5.98%; ring-site C-H out-of-plane bending 5.06%
   40     1293.84          --                 --  ring-site C-H in-plane bending                                 ring-site C-H in-plane bending 77.86%; ring-site C-H out-of-plane bending 6.74%; cyclic C-O stretching 3.22%; cyclic-ring out-of-plane deformation 3.17%
   41     1310.98          --                 --  mixed ring-site C-H in-plane bending / C-C out-of-plane bending ring-site C-H in-plane bending 64.05%; C-C out-of-plane bending 10.78%; C-H bending 6.19%; cyclic-ring torsional/out-of-plane deformation 3.77%
   42     1343.02          --                 --  ring-site C-H in-plane bending                                 ring-site C-H in-plane bending 80.95%; C-C out-of-plane bending 4.98%; C-H bending 2.97%; ring-site C-H out-of-plane bending 2.87%
   43     1366.03          --                 --  mixed ring-site C-H in-plane bending / C-C out-of-plane bending / opposite-phase cyclic C-C stretching ring-site C-H in-plane bending 36.51%; C-C out-of-plane bending 19.69%; opposite-phase cyclic C-C stretching 17.29%; cyclic-ring deformation (O-C-C bend) 11.50%
   44     1378.64          --                 --  mixed ring-site C-H in-plane bending / mixed-phase cyclic C-C stretching ring-site C-H in-plane bending 58.64%; mixed-phase cyclic C-C stretching 16.45%; C-C out-of-plane bending 13.42%; cyclic-ring deformation (O-C-C bend) 3.50%
   45     1401.49          --                 --  mixed ring-site C-H in-plane bending / mixed-phase cyclic C-C stretching ring-site C-H in-plane bending 53.06%; mixed-phase cyclic C-C stretching 14.27%; C-C out-of-plane bending 10.01%; C-H out-of-plane bending 6.03%
   46     1410.19          --                 --  ring-site C-H in-plane bending                                 ring-site C-H in-plane bending 79.27%; C-H out-of-plane bending 5.73%; C-H bending 4.80%; ring-site C-H out-of-plane bending 3.09%
   47     1417.63          --                 --  mixed C-H out-of-plane bending / C-H bending                   C-H out-of-plane bending 47.79%; C-H bending 38.53%; ring-site C-H in-plane bending 10.06%
   48     1458.22          --                 --  mixed ring-site C-H out-of-plane bending / ring-site C-H in-plane bending ring-site C-H out-of-plane bending 42.05%; ring-site C-H in-plane bending 41.92%; cyclic-ring out-of-plane deformation 10.32%; C-H bending 4.55%
   49     1476.40          --                 --  mixed C-H bending / ring-site C-H in-plane bending             C-H bending 66.89%; ring-site C-H in-plane bending 17.52%; ring-site C-H out-of-plane bending 13.97%
   50     1487.99          --                 --  C-H bending                                                    C-H bending 71.23%; ring-site C-H in-plane bending 17.34%; ring-site C-H out-of-plane bending 8.68%
   51     1498.18          --                 --  mixed C-H bending / ring-site C-H out-of-plane bending         C-H bending 51.13%; ring-site C-H out-of-plane bending 20.52%; ring-site C-H in-plane bending 18.35%; in-phase cyclic C-C stretching 4.94%
   52     1501.27          --                 --  mixed C-H bending / C-C torsion                                C-H bending 46.88%; C-C torsion 40.30%; C-H out-of-plane bending 5.24%; ring-site C-H in-plane bending 3.42%
   53     1503.20          --                 --  mixed C-H bending / C-H out-of-plane bending                   C-H bending 68.98%; C-H out-of-plane bending 14.42%; C-C torsion 10.91%; ring-site C-H in-plane bending 2.20%
   54     1508.61          --                 --  mixed C-H bending / ring-site C-H out-of-plane bending / ring-site C-H in-plane bending C-H bending 48.15%; ring-site C-H out-of-plane bending 19.83%; ring-site C-H in-plane bending 18.04%; in-phase cyclic C-C stretching 6.90%
   55     2977.23          --                 --  ring-site C-H stretching                                       ring-site C-H stretching 99.23%
   56     2992.40          --                 --  ring-site C-H stretching                                       ring-site C-H stretching 97.37%
   57     3010.39          --                 --  mixed-phase ring-site C-H stretching                           mixed-phase ring-site C-H stretching 97.77%
   58     3015.92          --                 --  mixed ring-site C-H stretching / in-phase C-H stretching       ring-site C-H stretching 67.84%; in-phase C-H stretching 31.72%
   59     3021.99          --                 --  mixed in-phase C-H stretching / ring-site C-H stretching       in-phase C-H stretching 66.22%; ring-site C-H stretching 33.40%
   60     3056.74          --                 --  opposite-phase ring-site C-H stretching                        opposite-phase ring-site C-H stretching 97.82%
   61     3062.93          --                 --  mixed-phase ring-site C-H stretching                           mixed-phase ring-site C-H stretching 95.71%; mixed-phase C-H stretching 3.34%
   62     3081.65          --                 --  mixed-phase C-H stretching                                     mixed-phase C-H stretching 93.71%; in-phase ring-site C-H stretching 5.79%
   63     3084.55          --                 --  opposite-phase C-H stretching                                  opposite-phase C-H stretching 99.04%
   64     3091.57          --                 --  ring-site C-H stretching                                       ring-site C-H stretching 99.28%
   65     3125.12          --                 --  mixed-phase ring-site C-H stretching                           mixed-phase ring-site C-H stretching 99.73%
   66     3129.63          --                 --  ring-site C-H stretching                                       ring-site C-H stretching 99.13%
   67     3206.97          --                 --  mixed-phase ring-site C-H stretching                           mixed-phase ring-site C-H stretching 99.05%
   68     3220.45          --                 --  mixed-phase ring-site C-H stretching                           mixed-phase ring-site C-H stretching 99.58%

# Selected internal-coordinate set:
#   1  nu(C1-H11)
#   2  nu(C2-C3)
#   3  nu(C4-O5)
#   4  nu(C6-C9)
#   5  nu(C7-C8)
#   6  nu(C4-H17)
#   7  nu(C2-H13)
#   8  nu(C1-H10)
#   9  nu(C9-H22)
#  10  nu(C3-H15)
#  11  nu(C7-H19)
#  12  nu(C1-H12)
#  13  nu(C8-H20)
#  14  nu(C4-H16)
#  15  nu(C9-H23)
#  16  nu(C3-H14)
#  17  tau(H19-C7-C8-H20)
#  18  nu(O5-C6)
#  19  gamma(C1;C2,C3,H13)
#  20  tau(C4-O5-C6-C9)
#  21  nu(C8-H21)
#  22  nu(C7-H18)
#  23  tau(H19-C7-C8-H21)
#  24  gamma(H12;C1,H10,H11)
#  25  delta(H14-C3-H15)
#  26  delta(H16-C4-H17)
#  27  delta(H22-C9-H23)
#  28  delta(H10-C1-H11)
#  29  tau(H18-C7-C8-H20)
#  30  tau(C4-O5-C6-C8)
#  31  delta(C2-C3-H15)
#  32  delta(C6-C9-H23)
#  33  delta(C3-C2-H13)
#  34  delta(O5-C4-H17)
#  35  tau(H12-C1-C2-C3)
#  36  delta(C7-C8-H21)
#  37  delta(C8-C7-H19)
#  38  tau(O5-C6-C7-H18)
#  39  delta(C6-C9-H22)
#  40  delta(C2-C3-H14)
#  41  delta(C3-C4-H17)
#  42  delta(C7-C8-H20)
#  43  delta(C3-C4-H16)
#  44  nu(C6-C8)
#  45  delta(C2-C1-H10)
#  46  delta(C2-C9-H22)
#  47  nu(C1-C2)
#  48  nu(C3-C4)
#  49  delta(C4-C3-H14)
#  50  tau(H11-C1-C2-C9)
#  51  delta(C2-C1-H11)
#  52  gamma(C6;C8,C7,H20)
#  53  nu(C2-C9)
#  54  gamma(C6;C8,C7,H21)
#  55  tau(C1-C2-C9-C6)
#  56  delta(C1-C2-C9)
#  57  tau(C2-C3-C4-H17)
#  58  delta(O5-C6-C9)
#  59  tau(C9-C2-C3-H14)
#  60  delta(O5-C6-C8)
#  61  tau(C8-C6-C9-C2)
#  62  tau(O5-C6-C8-C7)
#  63  delta(C1-C2-C3)

Wrote: /local/scratch/mv487/qm9s/experiment_1_phase2/ped/88834/88834_summary.csv
Wrote: /local/scratch/mv487/qm9s/experiment_1_phase2/ped/88834/88834_families.csv
Wrote: /local/scratch/mv487/qm9s/experiment_1_phase2/ped/88834/88834_ped.csv
Wrote: /local/scratch/mv487/qm9s/experiment_1_phase2/ped/88834/88834_ir_transitions.csv

# All generated files are in: /local/scratch/mv487/qm9s/experiment_1_phase2/ped/88834
# Manifest: /local/scratch/mv487/qm9s/experiment_1_phase2/ped/88834/88834_manifest.txt

--- stderr ---
Normal modes/frequencies absent or incomplete: diagonalizing Hessian.
