# Contact: romi@lens.unifi.it
# Manual: https://github.com/SebRoLENS/orca-ped-analyzer/blob/main/docs/ORCA_PED_Analyzer_Manual.md
# Check GitHub for updates and new releases: https://github.com/SebRoLENS/orca-ped-analyzer
#
# Molecule: 17 atoms | non-linear
# Bonds inferred: 20 | candidate ICs: 222 | selected ICs: 45
# Cartesian-Hessian reconstruction relative error: 2.441e-05
# Energy distribution: PED (PED is the backward-compatible default; TED includes kinetic-energy terms)
# Ring/cycle bonds detected: 11 | ring atoms: 8 | ring systems: 1
# VPT2: no matching .out file supplied/found -> harmonic/PED analysis only
#
 Mode   Harm/cm-1   VPT2/cm-1  Harm.Int/km mol-1  Assignment                                                     Grouped PED
------------------------------------------------------------------------------------------------------------------------------------------------------------------------------------------------
    6      138.65          --                 --  cyclic-ring torsional/out-of-plane deformation                 cyclic-ring torsional/out-of-plane deformation 70.30%; ring-site C-H out-of-plane bending 9.02%; cyclic-ring deformation (C-C-N bend) 8.64%; cyclic-ring out-of-plane deformation 7.71%
    7      164.24          --                 --  mixed C-O torsion / cyclic-ring torsional/out-of-plane deformation C-O torsion 52.52%; cyclic-ring torsional/out-of-plane deformation 34.59%; cyclic-ring deformation (C-C-N bend) 4.90%; cyclic C-C stretching 2.45%
    8      193.68          --                 --  mixed cyclic-ring torsional/out-of-plane deformation / ring-site C-H out-of-plane bending cyclic-ring torsional/out-of-plane deformation 54.09%; ring-site C-H out-of-plane bending 27.03%; cyclic-ring out-of-plane deformation 12.25%
    9      271.66          --                 --  mixed cyclic-ring torsional/out-of-plane deformation / cyclic-ring out-of-plane deformation cyclic-ring torsional/out-of-plane deformation 63.72%; cyclic-ring out-of-plane deformation 16.17%; ring-site C-H out-of-plane bending 8.86%; ring-site C-H in-plane bending 5.42%
   10      330.23          --                 --  mixed cyclic-ring deformation (C-C-N bend) / cyclic-ring torsional/out-of-plane deformation / ring-site C-H out-of-plane bending cyclic-ring deformation (C-C-N bend) 45.33%; cyclic-ring torsional/out-of-plane deformation 26.92%; ring-site C-H out-of-plane bending 15.39%; cyclic-ring out-of-plane deformation 7.90%
   11      378.29          --                 --  mixed ring-site C-H out-of-plane bending / cyclic-ring torsional/out-of-plane deformation ring-site C-H out-of-plane bending 43.62%; cyclic-ring torsional/out-of-plane deformation 29.79%; cyclic-ring deformation (C-C-N bend) 11.72%; cyclic-ring out-of-plane deformation 5.92%
   12      501.49          --                 --  mixed cyclic C-C stretching / cyclic-ring deformation (C-C-C bend) / cyclic-ring out-of-plane deformation cyclic C-C stretching 35.06%; cyclic-ring deformation (C-C-C bend) 16.09%; cyclic-ring out-of-plane deformation 15.39%; cyclic C-N stretching 9.29%
   13      585.84          --                 --  mixed cyclic-ring deformation (C-C-C bend) / ring-site C-H out-of-plane bending cyclic-ring deformation (C-C-C bend) 31.50%; ring-site C-H out-of-plane bending 17.19%; cyclic-ring torsional/out-of-plane deformation 14.77%; cyclic-ring out-of-plane deformation 14.41%
   14      642.97          --                 --  mixed cyclic-ring out-of-plane deformation / cyclic-ring deformation (C-C-N bend) / cyclic-ring deformation (C-C-C bend) cyclic-ring out-of-plane deformation 25.30%; cyclic-ring deformation (C-C-N bend) 19.82%; cyclic-ring deformation (C-C-C bend) 17.20%; ring-site C-H out-of-plane bending 16.26%
   15      736.04          --                 --  mixed mixed-phase cyclic C-N stretching / cyclic-ring out-of-plane deformation / cyclic-ring torsional/out-of-plane deformation mixed-phase cyclic C-N stretching 37.94%; cyclic-ring out-of-plane deformation 21.89%; cyclic-ring torsional/out-of-plane deformation 15.85%; ring-site C-H out-of-plane bending 13.13%
   16      749.74          --                 --  mixed mixed-phase cyclic C-N stretching / cyclic-ring deformation (C-C-C bend) mixed-phase cyclic C-N stretching 69.25%; cyclic-ring deformation (C-C-C bend) 9.09%; cyclic-ring out-of-plane deformation 6.09%; mixed-phase cyclic C-C stretching 4.66%
   17      793.78          --                 --  mixed mixed-phase cyclic C-N stretching / mixed-phase cyclic C-C stretching mixed-phase cyclic C-N stretching 30.91%; mixed-phase cyclic C-C stretching 27.96%; ring-site C-H out-of-plane bending 14.35%; cyclic-ring out-of-plane deformation 9.35%
   18      807.93          --                 --  mixed cyclic-ring deformation (C-C-C bend) / mixed-phase cyclic C-N stretching / cyclic-ring out-of-plane deformation cyclic-ring deformation (C-C-C bend) 34.46%; mixed-phase cyclic C-N stretching 19.88%; cyclic-ring out-of-plane deformation 16.54%; mixed-phase cyclic C-C stretching 10.57%
   19      861.90          --                 --  mixed cyclic-ring out-of-plane deformation / ring-site C-H out-of-plane bending / mixed-phase cyclic C-N stretching cyclic-ring out-of-plane deformation 21.48%; ring-site C-H out-of-plane bending 20.92%; mixed-phase cyclic C-N stretching 17.80%; ring-site N-H out-of-plane bending 10.09%
   20      899.07          --                 --  mixed cyclic-ring out-of-plane deformation / cyclic-ring deformation (C-C-C bend) cyclic-ring out-of-plane deformation 37.24%; cyclic-ring deformation (C-C-C bend) 12.28%; ring-site C-H out-of-plane bending 12.26%; mixed-phase cyclic C-N stretching 12.20%
   21      927.15          --                 --  mixed ring-site C-H out-of-plane bending / ring-site C-H in-plane bending / cyclic-ring deformation (C-C-C bend) ring-site C-H out-of-plane bending 26.40%; ring-site C-H in-plane bending 19.17%; cyclic-ring deformation (C-C-C bend) 16.36%; cyclic-ring out-of-plane deformation 15.19%
   22      962.45          --                 --  mixed ring-site C-H out-of-plane bending / cyclic-ring out-of-plane deformation / mixed-phase cyclic C-C stretching ring-site C-H out-of-plane bending 28.61%; cyclic-ring out-of-plane deformation 26.90%; mixed-phase cyclic C-C stretching 20.96%; ring-site C-H in-plane bending 5.97%
   23      963.71          --                 --  mixed cyclic-ring out-of-plane deformation / mixed-phase cyclic C-N stretching / mixed-phase cyclic C-C stretching cyclic-ring out-of-plane deformation 27.82%; mixed-phase cyclic C-N stretching 19.84%; mixed-phase cyclic C-C stretching 15.52%; ring-site C-H in-plane bending 15.43%
   24      979.48          --                 --  mixed ring-site C-H out-of-plane bending / ring-site C-H in-plane bending / cyclic-ring out-of-plane deformation ring-site C-H out-of-plane bending 29.69%; ring-site C-H in-plane bending 19.86%; cyclic-ring out-of-plane deformation 18.12%; in-phase cyclic C-C stretching 10.74%
   25     1002.71          --                 --  mixed mixed-phase cyclic C-C stretching / ring-site C-H out-of-plane bending / cyclic C-N stretching mixed-phase cyclic C-C stretching 36.40%; ring-site C-H out-of-plane bending 26.26%; cyclic C-N stretching 19.75%; cyclic-ring torsional/out-of-plane deformation 5.85%
   26     1035.54          --                 --  mixed cyclic-ring out-of-plane deformation / ring-site C-H out-of-plane bending cyclic-ring out-of-plane deformation 41.88%; ring-site C-H out-of-plane bending 24.00%; cyclic C-N stretching 8.93%; mixed-phase cyclic C-C stretching 8.21%
   27     1041.49          --                 --  mixed ring-site C-H in-plane bending / mixed-phase cyclic C-C stretching ring-site C-H in-plane bending 30.61%; mixed-phase cyclic C-C stretching 20.48%; cyclic-ring deformation (C-C-C bend) 10.86%; ring-site C-H out-of-plane bending 10.66%
   28     1067.30          --                 --  mixed ring-site C-H out-of-plane bending / cyclic-ring out-of-plane deformation ring-site C-H out-of-plane bending 33.68%; cyclic-ring out-of-plane deformation 16.70%; ring-site C-H in-plane bending 12.90%; ring-site N-H in-plane bending 8.89%
   29     1118.32          --                 --  mixed cyclic-ring out-of-plane deformation / exocyclic C-O stretching / ring-site C-H out-of-plane bending cyclic-ring out-of-plane deformation 27.59%; exocyclic C-O stretching 27.16%; ring-site C-H out-of-plane bending 18.48%; cyclic C-C stretching 8.77%
   30     1123.29          --                 --  mixed ring-site C-H out-of-plane bending / cyclic-ring deformation (C-C-C bend) ring-site C-H out-of-plane bending 48.11%; cyclic-ring deformation (C-C-C bend) 14.50%; cyclic-ring out-of-plane deformation 13.85%; cyclic C-C stretching 9.46%
   31     1135.95          --                 --  mixed cyclic-ring out-of-plane deformation / ring-site C-H out-of-plane bending cyclic-ring out-of-plane deformation 47.99%; ring-site C-H out-of-plane bending 25.89%; exocyclic C-O stretching 6.98%; in-phase cyclic C-C stretching 6.61%
   32     1165.38          --                 --  mixed ring-site C-H out-of-plane bending / O-H bending / ring-site C-H in-plane bending ring-site C-H out-of-plane bending 35.45%; O-H bending 17.48%; ring-site C-H in-plane bending 15.34%; mixed-phase cyclic C-C stretching 11.63%
   33     1177.66          --                 --  mixed ring-site C-H out-of-plane bending / cyclic C-C stretching ring-site C-H out-of-plane bending 48.67%; cyclic C-C stretching 19.30%; cyclic-ring out-of-plane deformation 10.81%; cyclic-ring deformation (C-C-C bend) 4.84%
   34     1230.20          --                 --  mixed cyclic-ring out-of-plane deformation / ring-site C-H out-of-plane bending cyclic-ring out-of-plane deformation 48.07%; ring-site C-H out-of-plane bending 22.07%; ring-site N-H out-of-plane bending 11.20%; mixed-phase cyclic C-C stretching 5.79%
   35     1250.31          --                 --  mixed ring-site C-H out-of-plane bending / ring-site C-H in-plane bending ring-site C-H out-of-plane bending 34.52%; ring-site C-H in-plane bending 32.87%; ring-site N-H out-of-plane bending 13.26%; cyclic-ring out-of-plane deformation 8.53%
   36     1270.06          --                 --  mixed O-H bending / ring-site C-H out-of-plane bending / mixed-phase cyclic C-C stretching O-H bending 28.41%; ring-site C-H out-of-plane bending 22.59%; mixed-phase cyclic C-C stretching 22.17%; cyclic C-N stretching 7.84%
   37     1300.26          --                 --  mixed ring-site C-H in-plane bending / mixed-phase cyclic C-C stretching / ring-site C-H out-of-plane bending ring-site C-H in-plane bending 28.82%; mixed-phase cyclic C-C stretching 25.39%; ring-site C-H out-of-plane bending 23.30%; cyclic-ring deformation (C-C-N bend) 4.71%
   38     1307.54          --                 --  mixed mixed-phase cyclic C-C stretching / ring-site C-H in-plane bending mixed-phase cyclic C-C stretching 31.51%; ring-site C-H in-plane bending 24.74%; cyclic-ring deformation (C-C-C bend) 11.75%; ring-site N-H in-plane bending 8.20%
   39     1362.94          --                 --  mixed mixed-phase cyclic C-C stretching / ring-site C-H in-plane bending / cyclic-ring deformation (C-C-C bend) mixed-phase cyclic C-C stretching 30.95%; ring-site C-H in-plane bending 25.93%; cyclic-ring deformation (C-C-C bend) 18.17%; ring-site C-H out-of-plane bending 9.11%
   40     1438.03          --                 --  mixed ring-site C-H in-plane bending / ring-site C-H out-of-plane bending ring-site C-H in-plane bending 29.24%; ring-site C-H out-of-plane bending 26.39%; mixed-phase cyclic C-C stretching 14.92%; O-H bending 11.23%
   41     1451.96          --                 --  mixed mixed-phase cyclic C-C stretching / ring-site C-H out-of-plane bending mixed-phase cyclic C-C stretching 53.04%; ring-site C-H out-of-plane bending 22.20%; ring-site C-H in-plane bending 14.68%; cyclic-ring out-of-plane deformation 3.54%
   42     1525.60          --                 --  mixed ring-site C-H in-plane bending / mixed-phase cyclic C-C stretching / ring-site C-H out-of-plane bending ring-site C-H in-plane bending 29.89%; mixed-phase cyclic C-C stretching 26.33%; ring-site C-H out-of-plane bending 20.33%; cyclic-ring out-of-plane deformation 17.40%
   43     3036.64          --                 --  ring-site C-H stretching                                       ring-site C-H stretching 97.90%
   44     3096.23          --                 --  in-phase ring-site C-H stretching                              in-phase ring-site C-H stretching 99.09%
   45     3153.70          --                 --  ring-site C-H stretching                                       ring-site C-H stretching 99.06%
   46     3171.26          --                 --  opposite-phase ring-site C-H stretching                        opposite-phase ring-site C-H stretching 98.47%
   47     3179.52          --                 --  opposite-phase ring-site C-H stretching                        opposite-phase ring-site C-H stretching 98.98%
   48     3182.08          --                 --  in-phase ring-site C-H stretching                              in-phase ring-site C-H stretching 98.82%
   49     3499.52          --                 --  ring-site N-H stretching                                       ring-site N-H stretching 99.68%
   50     3820.75          --                 --  O-H stretching                                                 O-H stretching 99.87%

# Selected internal-coordinate set:
#   1  nu(O1-H10)
#   2  nu(C2-C6)
#   3  nu(C3-C4)
#   4  nu(C7-C8)
#   5  nu(N9-H17)
#   6  nu(N5-C6)
#   7  nu(C2-C3)
#   8  nu(C8-H16)
#   9  nu(C2-H11)
#  10  nu(C3-N5)
#  11  tau(C4-C7-C8-H16)
#  12  nu(C4-H13)
#  13  delta(C7-N9-H17)
#  14  nu(C6-H14)
#  15  delta(C2-O1-H10)
#  16  nu(C4-N5)
#  17  tau(C8-C7-N9-H17)
#  18  nu(C8-H15)
#  19  tau(H10-O1-C2-H11)
#  20  tau(C4-C7-C8-H15)
#  21  gamma(H14;C6,C2,N5)
#  22  nu(C3-H12)
#  23  nu(C4-C7)
#  24  gamma(N5;C3,C2,H12)
#  25  tau(C2-C3-C4-H13)
#  26  delta(C7-C8-H16)
#  27  tau(H11-C2-C6-C7)
#  28  tau(H14-C6-C7-C4)
#  29  gamma(N9;C8,C7,H16)
#  30  nu(O1-C2)
#  31  delta(C3-C4-H13)
#  32  delta(C7-C8-H15)
#  33  delta(C2-C3-H12)
#  34  delta(C6-C2-H11)
#  35  nu(C8-N9)
#  36  gamma(O1;C2,C3,C6)
#  37  delta(C3-C2-C6)
#  38  delta(C6-C7-N9)
#  39  nu(C6-C7)
#  40  delta(C3-C4-C7)
#  41  gamma(N9;C8,C7,H15)
#  42  tau(O1-C2-C3-N5)
#  43  tau(C3-C4-C7-C8)
#  44  tau(O1-C2-C6-N5)
#  45  tau(C2-C6-C7-C8)

Wrote: /local/scratch/mv487/qm9s/experiment_1_phase2/ped/72678/72678_summary.csv
Wrote: /local/scratch/mv487/qm9s/experiment_1_phase2/ped/72678/72678_families.csv
Wrote: /local/scratch/mv487/qm9s/experiment_1_phase2/ped/72678/72678_ped.csv
Wrote: /local/scratch/mv487/qm9s/experiment_1_phase2/ped/72678/72678_ir_transitions.csv

# All generated files are in: /local/scratch/mv487/qm9s/experiment_1_phase2/ped/72678
# Manifest: /local/scratch/mv487/qm9s/experiment_1_phase2/ped/72678/72678_manifest.txt

--- stderr ---
Normal modes/frequencies absent or incomplete: diagonalizing Hessian.
