# Contact: romi@lens.unifi.it
# Manual: https://github.com/SebRoLENS/orca-ped-analyzer/blob/main/docs/ORCA_PED_Analyzer_Manual.md
# Check GitHub for updates and new releases: https://github.com/SebRoLENS/orca-ped-analyzer
#
# Molecule: 16 atoms | non-linear
# Bonds inferred: 16 | candidate ICs: 103 | selected ICs: 42
# Cartesian-Hessian reconstruction relative error: 1.291e-05
# Energy distribution: PED (PED is the backward-compatible default; TED includes kinetic-energy terms)
# Ring/cycle bonds detected: 5 | ring atoms: 5 | ring systems: 1
# VPT2: no matching .out file supplied/found -> harmonic/PED analysis only
#
 Mode   Harm/cm-1   VPT2/cm-1  Harm.Int/km mol-1  Assignment                                                     Grouped PED
------------------------------------------------------------------------------------------------------------------------------------------------------------------------------------------------
    6       47.78          --                 --  mixed C-N torsion / C-C torsion                                C-N torsion 63.65%; C-C torsion 20.36%; C-C-N bending 6.32%; C-N-C bending 2.61%
    7       55.21          --                 --  C-N torsion                                                    C-N torsion 80.13%; C-N out-of-plane bending 17.84%
    8      104.93          --                 --  mixed C-N torsion / C-C torsion                                C-N torsion 64.01%; C-C torsion 19.48%; cyclic-ring torsional/out-of-plane deformation 7.53%; C-N out-of-plane bending 3.47%
    9      202.01          --                 --  mixed C-N out-of-plane bending / C-N torsion / C-N-C bending   C-N out-of-plane bending 34.50%; C-N torsion 30.47%; C-N-C bending 16.07%; cyclic-ring torsional/out-of-plane deformation 11.42%
   10      288.05          --                 --  mixed cyclic-ring torsional/out-of-plane deformation / C-C-N bending / C-N torsion cyclic-ring torsional/out-of-plane deformation 35.02%; C-C-N bending 22.21%; C-N torsion 15.25%; N-C-C bending 11.15%
   11      351.65          --                 --  mixed C-N torsion / cyclic-ring torsional/out-of-plane deformation C-N torsion 44.13%; cyclic-ring torsional/out-of-plane deformation 24.94%; C-C-N bending 13.18%; cyclic-ring torsional/out-of-plane deformation 3.71%
   12      407.37          --                 --  mixed C-N out-of-plane bending / C-N torsion                   C-N out-of-plane bending 41.85%; C-N torsion 34.69%; O-C-C bending 6.69%; C-N-C bending 5.91%
   13      420.18          --                 --  mixed ring-site N-H out-of-plane bending / cyclic-ring torsional/out-of-plane deformation ring-site N-H out-of-plane bending 57.57%; cyclic-ring torsional/out-of-plane deformation 27.47%; cyclic-ring torsional/out-of-plane deformation 7.42%; ring-site C-H out-of-plane bending 4.72%
   14      499.41          --                 --  mixed C-N out-of-plane bending / C-N torsion                   C-N out-of-plane bending 57.02%; C-N torsion 32.71%; N-H bending 2.34%
   15      632.71          --                 --  mixed C-N out-of-plane bending / C-H bending                   C-N out-of-plane bending 18.29%; C-H bending 14.41%; C-C-N bending 9.91%; exocyclic C-N stretching 9.22%
   16      638.68          --                 --  mixed cyclic-ring torsional/out-of-plane deformation / ring-site N-H out-of-plane bending cyclic-ring torsional/out-of-plane deformation 41.55%; ring-site N-H out-of-plane bending 12.08%; cyclic-ring out-of-plane deformation 8.50%; ring-site C-H out-of-plane bending 7.78%
   17      658.63          --                 --  mixed C-H out-of-plane bending / C-N out-of-plane bending      C-H out-of-plane bending 27.21%; C-N out-of-plane bending 18.89%; C-N torsion 14.17%; C-H bending 12.82%
   18      711.52          --                 --  mixed C-N out-of-plane bending / C-N torsion / cyclic-ring torsional/out-of-plane deformation C-N out-of-plane bending 36.25%; C-N torsion 26.85%; cyclic-ring torsional/out-of-plane deformation 16.91%; cyclic-ring torsional/out-of-plane deformation 11.48%
   19      739.28          --                 --  mixed cyclic-ring out-of-plane deformation / ring-site C-H out-of-plane bending cyclic-ring out-of-plane deformation 45.70%; ring-site C-H out-of-plane bending 24.69%; C-N torsion 12.33%; cyclic-ring torsional/out-of-plane deformation 6.76%
   20      769.90          --                 --  mixed C-H bending / C-H out-of-plane bending                   C-H bending 31.07%; C-H out-of-plane bending 17.26%; C-O out-of-plane bending 11.63%; C-N torsion 8.99%
   21      836.88          --                 --  mixed ring-site C-H out-of-plane bending / cyclic-ring out-of-plane deformation ring-site C-H out-of-plane bending 48.54%; cyclic-ring out-of-plane deformation 45.39%; C-N torsion 3.35%
   22      947.13          --                 --  mixed cyclic-ring deformation (N-C-C bend) / cyclic-ring deformation (C-N-N bend) cyclic-ring deformation (N-C-C bend) 56.80%; cyclic-ring deformation (C-N-N bend) 27.94%; ring-site C-H in-plane bending 7.16%; cyclic C-C stretching 2.59%
   23      984.32          --                 --  mixed cyclic-ring deformation (N-C-C bend) / cyclic-ring deformation (C-N-N bend) / cyclic C-C stretching cyclic-ring deformation (N-C-C bend) 23.17%; cyclic-ring deformation (C-N-N bend) 22.59%; cyclic C-C stretching 20.23%; ring-site C-H in-plane bending 12.45%
   24     1030.44          --                 --  mixed C-C stretching / C-C-N bending / O-C-C bending           C-C stretching 37.70%; C-C-N bending 17.27%; O-C-C bending 16.08%; C-O out-of-plane bending 8.89%
   25     1053.96          --                 --  mixed cyclic N-N stretching / ring-site C-H in-plane bending   cyclic N-N stretching 41.21%; ring-site C-H in-plane bending 30.79%; mixed-phase cyclic C-C stretching 11.91%; C-N stretching 4.13%
   26     1092.04          --                 --  mixed C-H out-of-plane bending / C-O out-of-plane bending      C-H out-of-plane bending 40.21%; C-O out-of-plane bending 22.98%; ring-site C-H in-plane bending 7.23%; C-H bending 5.38%
   27     1123.85          --                 --  mixed mixed-phase cyclic C-N stretching / ring-site C-H in-plane bending mixed-phase cyclic C-N stretching 26.40%; ring-site C-H in-plane bending 20.33%; C-H out-of-plane bending 10.76%; C-H bending 9.09%
   28     1140.18          --                 --  mixed C-N stretching / ring-site C-H in-plane bending          C-N stretching 48.16%; ring-site C-H in-plane bending 10.90%; cyclic C-C stretching 7.10%; C-H bending 5.14%
   29     1201.01          --                 --  mixed cyclic N-N stretching / cyclic C-N stretching            cyclic N-N stretching 26.89%; cyclic C-N stretching 21.26%; ring-site N-H in-plane bending 12.35%; C-H bending 6.85%
   30     1260.48          --                 --  mixed C-H bending / cyclic N-N stretching                      C-H bending 63.60%; cyclic N-N stretching 5.07%; cyclic C-N stretching 4.77%; C-N stretching 4.47%
   31     1325.29          --                 --  mixed C-N out-of-plane bending / ring-site C-H in-plane bending C-N out-of-plane bending 33.05%; ring-site C-H in-plane bending 18.40%; C-H bending 8.84%; exocyclic C-N stretching 8.65%
   32     1342.99          --                 --  mixed C-N out-of-plane bending / C-H bending                   C-N out-of-plane bending 44.38%; C-H bending 30.20%; ring-site C-H in-plane bending 5.43%; cyclic C-C stretching 3.94%
   33     1371.28          --                 --  mixed cyclic C-N stretching / opposite-phase cyclic C-C stretching cyclic C-N stretching 38.64%; opposite-phase cyclic C-C stretching 14.47%; C-H bending 11.71%; C-N out-of-plane bending 7.85%
   34     1400.84          --                 --  mixed C-H bending / C-N out-of-plane bending                   C-H bending 67.74%; C-N out-of-plane bending 18.67%; C-C stretching 3.65%; C-N stretching 2.22%
   35     1450.87          --                 --  mixed C-H bending / C-H out-of-plane bending                   C-H bending 68.06%; C-H out-of-plane bending 22.31%
   36     1472.40          --                 --  mixed cyclic C-N stretching / N-H bending / mixed-phase cyclic C-C stretching cyclic C-N stretching 22.01%; N-H bending 21.81%; mixed-phase cyclic C-C stretching 19.05%; ring-site C-H in-plane bending 9.14%
   37     1499.98          --                 --  mixed ring-site N-H in-plane bending / cyclic C-N stretching / N-H bending ring-site N-H in-plane bending 29.58%; cyclic C-N stretching 20.97%; N-H bending 15.51%; cyclic-ring deformation (N-C-C bend) 11.46%
   38     1523.92          --                 --  mixed cyclic C-C stretching / exocyclic C-N stretching / cyclic-ring deformation (C-N-N bend) cyclic C-C stretching 28.39%; exocyclic C-N stretching 20.94%; cyclic-ring deformation (C-N-N bend) 15.36%; ring-site N-H in-plane bending 8.62%
   39     1605.89          --                 --  mixed cyclic C-N stretching / cyclic C-C stretching            cyclic C-N stretching 26.45%; cyclic C-C stretching 18.43%; exocyclic C-N stretching 14.47%; ring-site C-H in-plane bending 12.10%
   40     1808.86          --                 --  C-O stretching                                                 C-O stretching 88.94%; C-H bending 4.45%; C-C stretching 3.66%
   41     2899.33          --                 --  C-H stretching                                                 C-H stretching 98.90%
   42     3000.61          --                 --  C-H stretching                                                 C-H stretching 99.12%
   43     3060.36          --                 --  mixed-phase C-H stretching                                     mixed-phase C-H stretching 99.27%
   44     3254.82          --                 --  mixed-phase ring-site C-H stretching                           mixed-phase ring-site C-H stretching 98.41%
   45     3272.47          --                 --  ring-site C-H stretching                                       ring-site C-H stretching 98.64%
   46     3611.75          --                 --  N-H stretching                                                 N-H stretching 99.59%
   47     3675.24          --                 --  ring-site N-H stretching                                       ring-site N-H stretching 99.29%

# Selected internal-coordinate set:
#   1  nu(O1-C2)
#   2  nu(C3-H11)
#   3  nu(N4-H13)
#   4  nu(C5-N6)
#   5  nu(N7-C8)
#   6  nu(C9-H16)
#   7  nu(C3-H12)
#   8  nu(N6-N7)
#   9  nu(C2-H10)
#  10  nu(C8-H15)
#  11  gamma(C8;C9,C5,H16)
#  12  tau(C5-N6-N7-C8)
#  13  tau(C5-N6-N7-H14)
#  14  gamma(O1;C2,C3,H10)
#  15  nu(N4-C5)
#  16  gamma(N4;C3,H11,H12)
#  17  tau(N6-N7-C8-H15)
#  18  delta(C5-C9-H16)
#  19  nu(N7-H14)
#  20  delta(O1-C2-H10)
#  21  gamma(C3;N4,C5,H13)
#  22  delta(C5-N4-H13)
#  23  delta(H11-C3-H12)
#  24  delta(N7-C8-H15)
#  25  nu(C5-C9)
#  26  delta(N6-N7-H14)
#  27  tau(H13-N4-C5-C9)
#  28  delta(C5-N6-N7)
#  29  delta(O1-C2-C3)
#  30  gamma(H12;C3,C2,N4)
#  31  nu(C2-C3)
#  32  nu(C8-C9)
#  33  nu(C3-N4)
#  34  delta(N7-C8-C9)
#  35  tau(C3-N4-C5-N6)
#  36  tau(O1-C2-C3-N4)
#  37  delta(C2-C3-H12)
#  38  delta(N4-C5-C9)
#  39  delta(C2-C3-N4)
#  40  tau(N4-C5-C9-C8)
#  41  tau(H12-C3-N4-C5)
#  42  delta(C3-N4-C5)

Wrote: /local/scratch/mv487/qm9s/experiment_1_phase2/ped/120707/120707_summary.csv
Wrote: /local/scratch/mv487/qm9s/experiment_1_phase2/ped/120707/120707_families.csv
Wrote: /local/scratch/mv487/qm9s/experiment_1_phase2/ped/120707/120707_ped.csv
Wrote: /local/scratch/mv487/qm9s/experiment_1_phase2/ped/120707/120707_ir_transitions.csv

# All generated files are in: /local/scratch/mv487/qm9s/experiment_1_phase2/ped/120707
# Manifest: /local/scratch/mv487/qm9s/experiment_1_phase2/ped/120707/120707_manifest.txt

--- stderr ---
Normal modes/frequencies absent or incomplete: diagonalizing Hessian.
