# Contact: romi@lens.unifi.it
# Manual: https://github.com/SebRoLENS/orca-ped-analyzer/blob/main/docs/ORCA_PED_Analyzer_Manual.md
# Check GitHub for updates and new releases: https://github.com/SebRoLENS/orca-ped-analyzer
#
# Molecule: 17 atoms | non-linear
# Bonds inferred: 21 | candidate ICs: 348 | selected ICs: 45
# Cartesian-Hessian reconstruction relative error: 2.388e-05
# Energy distribution: PED (PED is the backward-compatible default; TED includes kinetic-energy terms)
# Ring/cycle bonds detected: 10 | ring atoms: 6 | ring systems: 1
# VPT2: no matching .out file supplied/found -> harmonic/PED analysis only
#
 Mode   Harm/cm-1   VPT2/cm-1  Harm.Int/km mol-1  Assignment                                                     Grouped PED
------------------------------------------------------------------------------------------------------------------------------------------------------------------------------------------------
    6      183.22          --                 --  mixed cyclic-ring torsional/out-of-plane deformation / cyclic-ring out-of-plane deformation cyclic-ring torsional/out-of-plane deformation 44.13%; cyclic-ring out-of-plane deformation 33.21%; C-O torsion 9.68%; C-C-O bending 7.51%
    7      226.61          --                 --  mixed C-O torsion / cyclic-ring torsional/out-of-plane deformation / cyclic-ring out-of-plane deformation C-O torsion 29.78%; cyclic-ring torsional/out-of-plane deformation 29.62%; cyclic-ring out-of-plane deformation 16.44%; mixed-phase cyclic C-C stretching 7.71%
    8      231.79          --                 --  mixed C-O torsion / cyclic-ring out-of-plane deformation       C-O torsion 41.72%; cyclic-ring out-of-plane deformation 23.47%; cyclic-ring torsional/out-of-plane deformation 13.74%; ring-site C-H out-of-plane bending 11.75%
    9      238.51          --                 --  mixed cyclic-ring torsional/out-of-plane deformation / cyclic-ring out-of-plane deformation cyclic-ring torsional/out-of-plane deformation 44.51%; cyclic-ring out-of-plane deformation 32.28%; mixed-phase cyclic C-C stretching 7.50%; C-O torsion 5.98%
   10      271.00          --                 --  mixed cyclic-ring torsional/out-of-plane deformation / C-O torsion cyclic-ring torsional/out-of-plane deformation 60.35%; C-O torsion 15.66%; ring-site C-H out-of-plane bending 12.61%; C-C-O bending 4.08%
   11      285.95          --                 --  mixed ring-site C-H out-of-plane bending / cyclic-ring torsional/out-of-plane deformation / cyclic-ring out-of-plane deformation ring-site C-H out-of-plane bending 37.82%; cyclic-ring torsional/out-of-plane deformation 28.21%; cyclic-ring out-of-plane deformation 20.80%; O-C-C linear bending 6.18%
   12      293.62          --                 --  mixed cyclic-ring torsional/out-of-plane deformation / cyclic-ring out-of-plane deformation / ring-site C-H out-of-plane bending cyclic-ring torsional/out-of-plane deformation 41.20%; cyclic-ring out-of-plane deformation 25.38%; ring-site C-H out-of-plane bending 19.26%; C-O torsion 13.15%
   13      344.30          --                 --  mixed cyclic-ring out-of-plane deformation / cyclic-ring torsional/out-of-plane deformation cyclic-ring out-of-plane deformation 52.06%; cyclic-ring torsional/out-of-plane deformation 24.15%; ring-site C-H out-of-plane bending 5.91%; O-C-C linear bending 5.42%
   14      475.41          --                 --  mixed cyclic-ring torsional/out-of-plane deformation / ring-site C-H out-of-plane bending / cyclic-ring out-of-plane deformation cyclic-ring torsional/out-of-plane deformation 39.85%; ring-site C-H out-of-plane bending 19.82%; cyclic-ring out-of-plane deformation 17.10%; mixed-phase cyclic C-C stretching 13.61%
   15      502.18          --                 --  mixed cyclic-ring out-of-plane deformation / ring-site C-H out-of-plane bending cyclic-ring out-of-plane deformation 43.29%; ring-site C-H out-of-plane bending 31.79%; cyclic-ring torsional/out-of-plane deformation 12.46%; mixed-phase cyclic C-C stretching 8.02%
   16      545.27          --                 --  mixed cyclic-ring torsional/out-of-plane deformation / mixed-phase cyclic C-C stretching cyclic-ring torsional/out-of-plane deformation 52.11%; mixed-phase cyclic C-C stretching 14.59%; ring-site C-H out-of-plane bending 13.97%; cyclic-ring out-of-plane deformation 12.04%
   17      606.04          --                 --  mixed in-phase exocyclic C-O stretching / cyclic-ring out-of-plane deformation in-phase exocyclic C-O stretching 51.38%; cyclic-ring out-of-plane deformation 21.20%; cyclic C-C stretching 17.47%; ring-site C-H out-of-plane bending 6.60%
   18      640.89          --                 --  mixed mixed-phase cyclic C-C stretching / cyclic-ring out-of-plane deformation mixed-phase cyclic C-C stretching 52.94%; cyclic-ring out-of-plane deformation 24.85%; ring-site C-H out-of-plane bending 15.92%; O-C-C linear bending 2.75%
   19      684.92          --                 --  mixed cyclic-ring out-of-plane deformation / cyclic-ring torsional/out-of-plane deformation / mixed-phase cyclic C-C stretching cyclic-ring out-of-plane deformation 19.83%; cyclic-ring torsional/out-of-plane deformation 17.98%; mixed-phase cyclic C-C stretching 17.86%; exocyclic C-O stretching 17.05%
   20      722.65          --                 --  mixed ring-site C-H out-of-plane bending / mixed-phase cyclic C-C stretching ring-site C-H out-of-plane bending 61.97%; mixed-phase cyclic C-C stretching 12.78%; cyclic-ring out-of-plane deformation 11.96%; opposite-phase exocyclic C-O stretching 4.62%
   21      804.24          --                 --  mixed cyclic-ring torsional/out-of-plane deformation / cyclic C-C stretching cyclic-ring torsional/out-of-plane deformation 51.31%; cyclic C-C stretching 25.42%; cyclic-ring out-of-plane deformation 16.83%; ring-site C-H out-of-plane bending 3.07%
   22      898.55          --                 --  mixed-phase cyclic C-C stretching                              mixed-phase cyclic C-C stretching 72.74%; ring-site C-H out-of-plane bending 11.27%; cyclic-ring torsional/out-of-plane deformation 7.84%; exocyclic C-O stretching 3.90%
   23      911.18          --                 --  mixed ring-site C-H out-of-plane bending / mixed-phase cyclic C-C stretching / cyclic-ring out-of-plane deformation ring-site C-H out-of-plane bending 39.22%; mixed-phase cyclic C-C stretching 23.30%; cyclic-ring out-of-plane deformation 21.60%; cyclic-ring torsional/out-of-plane deformation 6.67%
   24      945.01          --                 --  mixed mixed-phase cyclic C-C stretching / ring-site C-H out-of-plane bending / cyclic-ring torsional/out-of-plane deformation mixed-phase cyclic C-C stretching 30.44%; ring-site C-H out-of-plane bending 29.29%; cyclic-ring torsional/out-of-plane deformation 19.48%; ring-site C-H in-plane bending 7.78%
   25      998.94          --                 --  mixed ring-site C-H out-of-plane bending / mixed-phase cyclic C-C stretching ring-site C-H out-of-plane bending 50.26%; mixed-phase cyclic C-C stretching 20.53%; cyclic-ring out-of-plane deformation 11.08%; cyclic-ring torsional/out-of-plane deformation 6.13%
   26     1025.35          --                 --  mixed mixed-phase cyclic C-C stretching / ring-site C-H out-of-plane bending / cyclic-ring torsional/out-of-plane deformation mixed-phase cyclic C-C stretching 30.91%; ring-site C-H out-of-plane bending 26.63%; cyclic-ring torsional/out-of-plane deformation 19.83%; O-H bending 7.68%
   27     1057.53          --                 --  mixed ring-site C-H out-of-plane bending / ring-site C-H in-plane bending ring-site C-H out-of-plane bending 61.19%; ring-site C-H in-plane bending 14.24%; cyclic-ring torsional/out-of-plane deformation 7.74%; O-H bending 6.71%
   28     1074.33          --                 --  ring-site C-H out-of-plane bending                             ring-site C-H out-of-plane bending 72.54%; mixed-phase cyclic C-C stretching 11.80%; cyclic-ring torsional/out-of-plane deformation 5.07%; O-H bending 4.78%
   29     1101.31          --                 --  ring-site C-H out-of-plane bending                             ring-site C-H out-of-plane bending 71.04%; ring-site C-H in-plane bending 13.08%; cyclic-ring out-of-plane deformation 6.28%; opposite-phase exocyclic C-O stretching 2.89%
   30     1106.81          --                 --  ring-site C-H out-of-plane bending                             ring-site C-H out-of-plane bending 88.65%; cyclic C-C stretching 3.10%; cyclic-ring torsional/out-of-plane deformation 2.68%; exocyclic C-O stretching 2.51%
   31     1140.15          --                 --  mixed cyclic-ring out-of-plane deformation / ring-site C-H out-of-plane bending cyclic-ring out-of-plane deformation 30.55%; ring-site C-H out-of-plane bending 22.48%; mixed-phase cyclic C-C stretching 12.66%; ring-site C-H in-plane bending 10.26%
   32     1142.14          --                 --  mixed ring-site C-H out-of-plane bending / cyclic-ring out-of-plane deformation ring-site C-H out-of-plane bending 27.63%; cyclic-ring out-of-plane deformation 17.94%; ring-site C-H in-plane bending 14.21%; mixed-phase cyclic C-C stretching 13.49%
   33     1186.40          --                 --  mixed C-C out-of-plane bending / ring-site C-H out-of-plane bending / mixed-phase cyclic C-C stretching C-C out-of-plane bending 31.05%; ring-site C-H out-of-plane bending 26.88%; mixed-phase cyclic C-C stretching 16.26%; cyclic-ring torsional/out-of-plane deformation 11.92%
   34     1220.82          --                 --  mixed ring-site C-H out-of-plane bending / C-C out-of-plane bending ring-site C-H out-of-plane bending 34.52%; C-C out-of-plane bending 21.57%; mixed-phase cyclic C-C stretching 12.35%; O-H bending 11.12%
   35     1236.24          --                 --  mixed ring-site C-H out-of-plane bending / C-C out-of-plane bending ring-site C-H out-of-plane bending 32.52%; C-C out-of-plane bending 15.16%; mixed-phase cyclic C-C stretching 14.29%; O-H bending 13.23%
   36     1276.78          --                 --  mixed cyclic-ring torsional/out-of-plane deformation / O-H bending cyclic-ring torsional/out-of-plane deformation 26.56%; O-H bending 14.93%; exocyclic C-O stretching 14.89%; cyclic C-C stretching 13.50%
   37     1300.68          --                 --  mixed O-H bending / cyclic-ring torsional/out-of-plane deformation O-H bending 61.63%; cyclic-ring torsional/out-of-plane deformation 18.10%; in-phase cyclic C-C stretching 5.97%; in-phase exocyclic C-O stretching 4.33%
   38     1324.17          --                 --  mixed opposite-phase exocyclic C-O stretching / mixed-phase cyclic C-C stretching / O-H bending opposite-phase exocyclic C-O stretching 25.79%; mixed-phase cyclic C-C stretching 18.83%; O-H bending 16.00%; cyclic-ring torsional/out-of-plane deformation 11.48%
   39     1346.87          --                 --  mixed mixed-phase exocyclic C-O stretching / mixed-phase cyclic C-C stretching / O-H bending mixed-phase exocyclic C-O stretching 22.15%; mixed-phase cyclic C-C stretching 21.91%; O-H bending 21.46%; ring-site C-H out-of-plane bending 11.87%
   40     1428.74          --                 --  mixed cyclic C-C stretching / ring-site C-H out-of-plane bending / exocyclic C-O stretching cyclic C-C stretching 26.49%; ring-site C-H out-of-plane bending 23.63%; exocyclic C-O stretching 16.45%; O-H bending 12.56%
   41     1504.91          --                 --  mixed ring-site C-H out-of-plane bending / C-H bending         ring-site C-H out-of-plane bending 65.34%; C-H bending 28.46%; ring-site C-H in-plane bending 3.23%; cyclic C-C stretching 2.35%
   42     1524.73          --                 --  mixed ring-site C-H out-of-plane bending / C-H bending         ring-site C-H out-of-plane bending 50.78%; C-H bending 21.32%; cyclic C-C stretching 10.26%; ring-site C-H in-plane bending 9.94%
   43     3034.16          --                 --  ring-site C-H stretching                                       ring-site C-H stretching 99.50%
   44     3057.04          --                 --  in-phase ring-site C-H stretching                              in-phase ring-site C-H stretching 99.34%
   45     3110.42          --                 --  mixed-phase ring-site C-H stretching                           mixed-phase ring-site C-H stretching 99.17%
   46     3118.79          --                 --  opposite-phase ring-site C-H stretching                        opposite-phase ring-site C-H stretching 98.29%
   47     3128.44          --                 --  ring-site C-H stretching                                       ring-site C-H stretching 98.59%
   48     3789.75          --                 --  O-H stretching                                                 O-H stretching 99.95%
   49     3797.56          --                 --  O-H stretching                                                 O-H stretching 99.80%
   50     3799.35          --                 --  O-H stretching                                                 O-H stretching 99.94%

# Selected internal-coordinate set:
#   1  nu(O1-C2)
#   2  nu(C3-C4)
#   3  nu(O5-H13)
#   4  nu(C6-C7)
#   5  nu(O9-H17)
#   6  nu(C4-C8)
#   7  nu(C7-C8)
#   8  nu(C4-C6)
#   9  nu(O1-H10)
#  10  delta(C2-C3-H12)
#  11  delta(C2-C3-H11)
#  12  nu(C7-H16)
#  13  delta(C8-O9-H17)
#  14  gamma(H14;C6,C4,C7)
#  15  delta_lin2(O1-C2-C4)
#  16  delta(C4-O5-H13)
#  17  nu(C7-H15)
#  18  tau(H10-O1-C2-C8)
#  19  nu(C2-C8)
#  20  nu(C6-H14)
#  21  nu(C3-H11)
#  22  nu(C3-H12)
#  23  tau(C8-C4-O5-H13)
#  24  tau(C2-C8-O9-H17)
#  25  delta(C2-O1-H10)
#  26  delta(H15-C7-H16)
#  27  tau(C8-C2-C3-H12)
#  28  gamma(C8;C7,H15,H16)
#  29  nu(C4-O5)
#  30  tau(C6-C2-C3-H11)
#  31  nu(C8-O9)
#  32  gamma(O5;C4,C3,C8)
#  33  tau(C3-C2-C8-O9)
#  34  tau(C3-C2-C6-H14)
#  35  gamma(H15;C7,C6,C8)
#  36  nu(C2-C3)
#  37  delta(C2-C8-O9)
#  38  nu(C2-C6)
#  39  gamma(O5;C4,C6,C8)
#  40  tau(O1-C2-C6-C7)
#  41  tau(H15-C7-C8-C2)
#  42  tau(C3-C2-C4-C6)
#  43  tau(C2-C6-C7-H15)
#  44  tau(O5-C4-C6-C7)
#  45  tau(C8-C2-C4-C6)

Wrote: /local/scratch/mv487/qm9s/experiment_1_phase2/ped/65116/65116_summary.csv
Wrote: /local/scratch/mv487/qm9s/experiment_1_phase2/ped/65116/65116_families.csv
Wrote: /local/scratch/mv487/qm9s/experiment_1_phase2/ped/65116/65116_ped.csv
Wrote: /local/scratch/mv487/qm9s/experiment_1_phase2/ped/65116/65116_ir_transitions.csv

# All generated files are in: /local/scratch/mv487/qm9s/experiment_1_phase2/ped/65116
# Manifest: /local/scratch/mv487/qm9s/experiment_1_phase2/ped/65116/65116_manifest.txt

--- stderr ---
Normal modes/frequencies absent or incomplete: diagonalizing Hessian.
