# Contact: romi@lens.unifi.it
# Manual: https://github.com/SebRoLENS/orca-ped-analyzer/blob/main/docs/ORCA_PED_Analyzer_Manual.md
# Check GitHub for updates and new releases: https://github.com/SebRoLENS/orca-ped-analyzer
#
# Molecule: 16 atoms | non-linear
# Bonds inferred: 19 | candidate ICs: 236 | selected ICs: 42
# Cartesian-Hessian reconstruction relative error: 6.299e-05
# Energy distribution: PED (PED is the backward-compatible default; TED includes kinetic-energy terms)
# Ring/cycle bonds detected: 10 | ring atoms: 7 | ring systems: 1
# VPT2: no matching .out file supplied/found -> harmonic/PED analysis only
#
 Mode   Harm/cm-1   VPT2/cm-1  Harm.Int/km mol-1  Assignment                                                     Grouped PED
------------------------------------------------------------------------------------------------------------------------------------------------------------------------------------------------
    6      189.22          --                 --  mixed cyclic-ring torsional/out-of-plane deformation / ring-site C-H out-of-plane bending cyclic-ring torsional/out-of-plane deformation 60.96%; ring-site C-H out-of-plane bending 21.13%; cyclic-ring deformation (C-C-C bend) 16.07%
    7      294.16          --                 --  mixed cyclic-ring torsional/out-of-plane deformation / mixed-phase cyclic C-C stretching cyclic-ring torsional/out-of-plane deformation 50.61%; mixed-phase cyclic C-C stretching 19.79%; C-O torsion 10.75%; C-C out-of-plane bending 9.75%
    8      374.15          --                 --  mixed C-O torsion / cyclic-ring torsional/out-of-plane deformation C-O torsion 63.10%; cyclic-ring torsional/out-of-plane deformation 21.33%; C-C out-of-plane bending 7.19%; opposite-phase cyclic C-C stretching 6.65%
    9      556.62          --                 --  mixed cyclic-ring torsional/out-of-plane deformation / cyclic C-C stretching cyclic-ring torsional/out-of-plane deformation 48.48%; cyclic C-C stretching 16.80%; cyclic-ring deformation (C-C-C bend) 10.56%; exocyclic C-O stretching 8.76%
   10      616.36          --                 --  cyclic-ring torsional/out-of-plane deformation                 cyclic-ring torsional/out-of-plane deformation 73.11%; cyclic-ring deformation (C-C-C bend) 12.99%; C-C out-of-plane bending 7.97%; ring-site C-H out-of-plane bending 4.54%
   11      719.06          --                 --  mixed cyclic-ring torsional/out-of-plane deformation / cyclic-ring deformation (C-C-C bend) / ring-site C-H out-of-plane bending cyclic-ring torsional/out-of-plane deformation 32.10%; cyclic-ring deformation (C-C-C bend) 31.20%; ring-site C-H out-of-plane bending 25.48%; opposite-phase cyclic C-C stretching 5.56%
   12      750.96          --                 --  mixed mixed-phase cyclic C-C stretching / cyclic-ring torsional/out-of-plane deformation / ring-site C-H out-of-plane bending mixed-phase cyclic C-C stretching 49.64%; cyclic-ring torsional/out-of-plane deformation 20.13%; ring-site C-H out-of-plane bending 18.46%; cyclic-ring deformation (C-C-C bend) 6.47%
   13      766.15          --                 --  mixed cyclic-ring torsional/out-of-plane deformation / cyclic C-C stretching / cyclic-ring deformation (C-C-C bend) cyclic-ring torsional/out-of-plane deformation 34.55%; cyclic C-C stretching 26.84%; cyclic-ring deformation (C-C-C bend) 26.00%; ring-site C-H out-of-plane bending 9.07%
   14      770.97          --                 --  mixed mixed-phase cyclic C-C stretching / ring-site C-H out-of-plane bending mixed-phase cyclic C-C stretching 61.51%; ring-site C-H out-of-plane bending 16.31%; cyclic-ring deformation (C-C-C bend) 12.64%; ring-site C-H in-plane bending 4.19%
   15      789.47          --                 --  mixed cyclic-ring deformation (C-C-C bend) / mixed-phase cyclic C-C stretching / ring-site C-H out-of-plane bending cyclic-ring deformation (C-C-C bend) 33.25%; mixed-phase cyclic C-C stretching 31.03%; ring-site C-H out-of-plane bending 25.96%; cyclic-ring torsional/out-of-plane deformation 6.55%
   16      817.48          --                 --  mixed mixed-phase cyclic C-C stretching / ring-site C-H out-of-plane bending mixed-phase cyclic C-C stretching 56.18%; ring-site C-H out-of-plane bending 20.77%; cyclic-ring torsional/out-of-plane deformation 14.50%; ring-site C-H in-plane bending 4.53%
   17      845.07          --                 --  mixed mixed-phase cyclic C-C stretching / ring-site C-H out-of-plane bending mixed-phase cyclic C-C stretching 60.55%; ring-site C-H out-of-plane bending 25.44%; ring-site C-H in-plane bending 9.57%; cyclic-ring torsional/out-of-plane deformation 4.13%
   18      861.29          --                 --  mixed cyclic C-C stretching / ring-site C-H in-plane bending   cyclic C-C stretching 45.64%; ring-site C-H in-plane bending 23.23%; cyclic-ring deformation (C-C-C bend) 13.51%; cyclic-ring torsional/out-of-plane deformation 8.68%
   19      862.06          --                 --  mixed mixed-phase cyclic C-C stretching / cyclic-ring deformation (C-C-C bend) mixed-phase cyclic C-C stretching 53.09%; cyclic-ring deformation (C-C-C bend) 20.14%; cyclic-ring torsional/out-of-plane deformation 10.98%; ring-site C-H out-of-plane bending 8.43%
   20      957.26          --                 --  mixed mixed-phase cyclic C-C stretching / cyclic-ring torsional/out-of-plane deformation mixed-phase cyclic C-C stretching 48.61%; cyclic-ring torsional/out-of-plane deformation 25.85%; ring-site C-H out-of-plane bending 10.27%; cyclic-ring deformation (C-C-C bend) 5.94%
   21      973.78          --                 --  mixed mixed-phase cyclic C-C stretching / ring-site C-H out-of-plane bending mixed-phase cyclic C-C stretching 56.21%; ring-site C-H out-of-plane bending 15.09%; cyclic-ring deformation (C-C-C bend) 11.21%; ring-site C-H in-plane bending 10.76%
   22      975.82          --                 --  mixed mixed-phase cyclic C-C stretching / ring-site C-H out-of-plane bending / ring-site C-H in-plane bending mixed-phase cyclic C-C stretching 43.75%; ring-site C-H out-of-plane bending 31.92%; ring-site C-H in-plane bending 17.58%; cyclic-ring torsional/out-of-plane deformation 5.41%
   23      990.25          --                 --  mixed mixed-phase cyclic C-C stretching / ring-site C-H out-of-plane bending mixed-phase cyclic C-C stretching 57.24%; ring-site C-H out-of-plane bending 24.98%; cyclic-ring torsional/out-of-plane deformation 13.30%; ring-site C-H in-plane bending 2.77%
   24     1017.85          --                 --  mixed cyclic-ring deformation (C-C-C bend) / cyclic C-C stretching / ring-site C-H out-of-plane bending cyclic-ring deformation (C-C-C bend) 30.43%; cyclic C-C stretching 29.74%; ring-site C-H out-of-plane bending 20.14%; ring-site C-H in-plane bending 9.87%
   25     1036.38          --                 --  ring-site C-H out-of-plane bending                             ring-site C-H out-of-plane bending 77.78%; mixed-phase cyclic C-C stretching 8.02%; cyclic-ring torsional/out-of-plane deformation 6.20%; ring-site C-H in-plane bending 4.26%
   26     1050.52          --                 --  mixed ring-site C-H out-of-plane bending / ring-site C-H in-plane bending / opposite-phase cyclic C-C stretching ring-site C-H out-of-plane bending 38.62%; ring-site C-H in-plane bending 26.63%; opposite-phase cyclic C-C stretching 23.28%; cyclic-ring torsional/out-of-plane deformation 7.66%
   27     1062.45          --                 --  mixed cyclic C-C stretching / ring-site C-H out-of-plane bending / cyclic-ring deformation (C-C-C bend) cyclic C-C stretching 34.29%; ring-site C-H out-of-plane bending 19.68%; cyclic-ring deformation (C-C-C bend) 18.99%; exocyclic C-O stretching 11.34%
   28     1102.79          --                 --  mixed exocyclic C-O stretching / cyclic C-C stretching         exocyclic C-O stretching 36.13%; cyclic C-C stretching 23.48%; cyclic-ring torsional/out-of-plane deformation 10.92%; O-H bending 9.71%
   29     1161.39          --                 --  mixed ring-site C-H out-of-plane bending / ring-site C-H in-plane bending ring-site C-H out-of-plane bending 59.86%; ring-site C-H in-plane bending 27.20%; C-C out-of-plane bending 6.27%; cyclic-ring torsional/out-of-plane deformation 3.32%
   30     1174.13          --                 --  mixed mixed-phase cyclic C-C stretching / ring-site C-H out-of-plane bending / C-C out-of-plane bending mixed-phase cyclic C-C stretching 29.90%; ring-site C-H out-of-plane bending 27.49%; C-C out-of-plane bending 17.19%; cyclic-ring torsional/out-of-plane deformation 13.82%
   31     1178.03          --                 --  mixed ring-site C-H out-of-plane bending / ring-site C-H in-plane bending / in-phase cyclic C-C stretching ring-site C-H out-of-plane bending 42.79%; ring-site C-H in-plane bending 27.79%; in-phase cyclic C-C stretching 18.30%; cyclic-ring torsional/out-of-plane deformation 8.43%
   32     1186.13          --                 --  mixed mixed-phase cyclic C-C stretching / ring-site C-H in-plane bending mixed-phase cyclic C-C stretching 49.29%; ring-site C-H in-plane bending 26.68%; ring-site C-H out-of-plane bending 12.96%; cyclic-ring deformation (C-C-C bend) 5.61%
   33     1229.48          --                 --  mixed ring-site C-H out-of-plane bending / ring-site C-H in-plane bending ring-site C-H out-of-plane bending 56.13%; ring-site C-H in-plane bending 21.53%; C-C out-of-plane bending 13.05%; cyclic C-C stretching 4.81%
   34     1237.50          --                 --  mixed mixed-phase cyclic C-C stretching / ring-site C-H in-plane bending / ring-site C-H out-of-plane bending mixed-phase cyclic C-C stretching 27.20%; ring-site C-H in-plane bending 24.58%; ring-site C-H out-of-plane bending 21.66%; C-H bending 9.84%
   35     1256.40          --                 --  mixed mixed-phase cyclic C-C stretching / ring-site C-H out-of-plane bending mixed-phase cyclic C-C stretching 35.55%; ring-site C-H out-of-plane bending 33.45%; cyclic-ring torsional/out-of-plane deformation 12.71%; exocyclic C-O stretching 5.73%
   36     1288.90          --                 --  mixed O-H bending / ring-site C-H out-of-plane bending         O-H bending 26.74%; ring-site C-H out-of-plane bending 18.56%; mixed-phase cyclic C-C stretching 14.93%; C-H bending 12.81%
   37     1302.28          --                 --  mixed ring-site C-H out-of-plane bending / opposite-phase cyclic C-C stretching / C-C out-of-plane bending ring-site C-H out-of-plane bending 28.95%; opposite-phase cyclic C-C stretching 27.19%; C-C out-of-plane bending 19.49%; ring-site C-H in-plane bending 11.10%
   38     1351.09          --                 --  mixed in-phase cyclic C-C stretching / ring-site C-H in-plane bending in-phase cyclic C-C stretching 56.33%; ring-site C-H in-plane bending 14.80%; ring-site C-H out-of-plane bending 12.23%; cyclic-ring deformation (C-C-C bend) 7.98%
   39     1432.35          --                 --  mixed C-H bending / ring-site C-H out-of-plane bending         C-H bending 56.27%; ring-site C-H out-of-plane bending 23.01%; O-H bending 11.67%; in-phase cyclic C-C stretching 5.17%
   40     3080.12          --                 --  ring-site C-H stretching                                       ring-site C-H stretching 98.83%
   41     3129.03          --                 --  opposite-phase ring-site C-H stretching                        opposite-phase ring-site C-H stretching 98.61%
   42     3130.02          --                 --  in-phase ring-site C-H stretching                              in-phase ring-site C-H stretching 98.85%
   43     3156.85          --                 --  ring-site C-H stretching                                       ring-site C-H stretching 98.78%
   44     3190.79          --                 --  opposite-phase ring-site C-H stretching                        opposite-phase ring-site C-H stretching 98.63%
   45     3191.88          --                 --  mixed-phase ring-site C-H stretching                           mixed-phase ring-site C-H stretching 98.46%
   46     3206.91          --                 --  ring-site C-H stretching                                       ring-site C-H stretching 98.20%
   47     3784.76          --                 --  O-H stretching                                                 O-H stretching 99.91%

# Selected internal-coordinate set:
#   1  nu(C6-C7)
#   2  nu(O1-C2)
#   3  nu(C3-H11)
#   4  nu(C4-C5)
#   5  nu(C8-H16)
#   6  nu(C2-H10)
#   7  nu(O1-H9)
#   8  nu(C4-C6)
#   9  nu(C3-C4)
#  10  nu(C5-C8)
#  11  tau(H9-O1-C2-H10)
#  12  nu(C7-C8)
#  13  nu(C3-C7)
#  14  nu(C5-C6)
#  15  gamma(H11;C3,C4,C7)
#  16  gamma(C8;C2,O1,H10)
#  17  nu(C7-H15)
#  18  gamma(H16;C8,C5,C7)
#  19  nu(C4-H12)
#  20  nu(C5-H13)
#  21  nu(C6-H14)
#  22  tau(H13-C5-C8-C7)
#  23  delta(C2-O1-H9)
#  24  tau(C7-C3-C4-H12)
#  25  delta(O1-C2-H10)
#  26  tau(H14-C6-C7-C3)
#  27  delta(C3-C7-H15)
#  28  delta(C8-C7-H15)
#  29  tau(C3-C2-C8-H16)
#  30  tau(C8-C2-C3-H11)
#  31  delta(C7-C6-H14)
#  32  gamma(H12;C4,C5,C6)
#  33  delta(C8-C5-H13)
#  34  nu(C2-C8)
#  35  delta(C2-C8-C5)
#  36  nu(C2-C3)
#  37  tau(C3-C2-C8-C5)
#  38  delta(C4-C6-C7)
#  39  tau(C3-C4-C6-C5)
#  40  tau(C2-C3-C4-C6)
#  41  tau(O1-C2-C3-C7)
#  42  tau(H10-C2-C8-C5)

Wrote: /local/scratch/mv487/qm9s/experiment_1_phase2/ped/17580/17580_summary.csv
Wrote: /local/scratch/mv487/qm9s/experiment_1_phase2/ped/17580/17580_families.csv
Wrote: /local/scratch/mv487/qm9s/experiment_1_phase2/ped/17580/17580_ped.csv
Wrote: /local/scratch/mv487/qm9s/experiment_1_phase2/ped/17580/17580_ir_transitions.csv

# All generated files are in: /local/scratch/mv487/qm9s/experiment_1_phase2/ped/17580
# Manifest: /local/scratch/mv487/qm9s/experiment_1_phase2/ped/17580/17580_manifest.txt

--- stderr ---
Normal modes/frequencies absent or incomplete: diagonalizing Hessian.
