# Contact: romi@lens.unifi.it
# Manual: https://github.com/SebRoLENS/orca-ped-analyzer/blob/main/docs/ORCA_PED_Analyzer_Manual.md
# Check GitHub for updates and new releases: https://github.com/SebRoLENS/orca-ped-analyzer
#
# Molecule: 14 atoms | non-linear
# Bonds inferred: 14 | candidate ICs: 82 | selected ICs: 36
# Cartesian-Hessian reconstruction relative error: 6.544e-06
# Energy distribution: PED (PED is the backward-compatible default; TED includes kinetic-energy terms)
# Ring/cycle bonds detected: 5 | ring atoms: 5 | ring systems: 1
# VPT2: no matching .out file supplied/found -> harmonic/PED analysis only
#
 Mode   Harm/cm-1   VPT2/cm-1  Harm.Int/km mol-1  Assignment                                                     Grouped PED
------------------------------------------------------------------------------------------------------------------------------------------------------------------------------------------------
    6      132.85          --                 --  mixed C-C torsion / cyclic-ring torsional/out-of-plane deformation C-C torsion 63.28%; cyclic-ring torsional/out-of-plane deformation 22.88%; C-C-N linear bending 7.20%; cyclic-ring torsional/out-of-plane deformation 6.06%
    7      140.00          --                 --  mixed N-C-C bending / C-C-N linear bending / C-C-C bending     N-C-C bending 29.15%; C-C-N linear bending 24.15%; C-C-C bending 23.53%; C-C-O bending 18.78%
    8      148.70          --                 --  C-C torsion                                                    C-C torsion 96.32%
    9      199.66          --                 --  mixed cyclic-ring torsional/out-of-plane deformation / C-C torsion / cyclic-ring torsional/out-of-plane deformation cyclic-ring torsional/out-of-plane deformation 39.64%; C-C torsion 33.73%; cyclic-ring torsional/out-of-plane deformation 16.95%; C-H bending 6.05%
   10      268.41          --                 --  mixed C-C-O bending / C-C-C bending                            C-C-O bending 43.24%; C-C-C bending 40.29%; N-C-N bending 4.65%; N-H bending 2.76%
   11      299.92          --                 --  mixed C-C-O bending / C-N torsion / cyclic-ring torsional/out-of-plane deformation C-C-O bending 21.69%; C-N torsion 19.31%; cyclic-ring torsional/out-of-plane deformation 17.84%; C-C-C bending 17.22%
   12      332.76          --                 --  mixed cyclic-ring torsional/out-of-plane deformation / C-N out-of-plane bending cyclic-ring torsional/out-of-plane deformation 28.28%; C-N out-of-plane bending 20.53%; N-H bending 13.20%; C-N torsion 10.06%
   13      427.09          --                 --  mixed C-C-C bending / C-C-O bending / N-C-N bending            C-C-C bending 35.25%; C-C-O bending 27.56%; N-C-N bending 18.88%; C-C-N linear bending 9.39%
   14      499.41          --                 --  mixed C-N out-of-plane bending / C-C-N linear bending / cyclic-ring torsional/out-of-plane deformation C-N out-of-plane bending 30.92%; C-C-N linear bending 24.57%; cyclic-ring torsional/out-of-plane deformation 16.88%; N-H bending 12.93%
   15      508.72          --                 --  mixed C-N out-of-plane bending / N-H bending                   C-N out-of-plane bending 55.27%; N-H bending 23.70%; C-N torsion 8.47%; cyclic-ring torsional/out-of-plane deformation 3.22%
   16      546.48          --                 --  mixed exocyclic C-C stretching / cyclic-ring deformation (C-N-C bend) / C-N out-of-plane bending exocyclic C-C stretching 23.34%; cyclic-ring deformation (C-N-C bend) 19.86%; C-N out-of-plane bending 15.93%; N-C-C bending 9.00%
   17      599.19          --                 --  mixed C-C-O bending / C-C-C bending                            C-C-O bending 29.73%; C-C-C bending 10.55%; N-C-C bending 10.43%; N-C-N bending 10.39%
   18      654.98          --                 --  mixed C-C-C bending / exocyclic C-C stretching                 C-C-C bending 44.46%; exocyclic C-C stretching 21.11%; C-C-N linear bending 6.62%; exocyclic C-N stretching 6.32%
   19      661.46          --                 --  mixed cyclic-ring torsional/out-of-plane deformation / cyclic-ring torsional/out-of-plane deformation cyclic-ring torsional/out-of-plane deformation 61.44%; cyclic-ring torsional/out-of-plane deformation 12.74%; C-C torsion 12.13%; C-C-N linear bending 8.77%
   20      736.45          --                 --  cyclic-ring torsional/out-of-plane deformation                 cyclic-ring torsional/out-of-plane deformation 78.09%; C-N out-of-plane bending 6.67%; cyclic-ring torsional/out-of-plane deformation 6.38%; N-H bending 3.93%
   21      816.67          --                 --  mixed cyclic-ring deformation (C-N-C bend) / in-phase exocyclic C-C stretching cyclic-ring deformation (C-N-C bend) 33.69%; in-phase exocyclic C-C stretching 18.19%; exocyclic C-N stretching 12.22%; N-C-N bending 9.88%
   22      953.55          --                 --  mixed cyclic C-O stretching / C-H bending                      cyclic C-O stretching 45.62%; C-H bending 34.09%; N-H bending 8.01%; C-C-O bending 7.81%
   23     1000.07          --                 --  mixed opposite-phase cyclic C-O stretching / C-H bending       opposite-phase cyclic C-O stretching 49.91%; C-H bending 28.08%; cyclic-ring deformation (C-N-C bend) 7.40%; cyclic C-N stretching 6.11%
   24     1064.66          --                 --  C-H bending                                                    C-H bending 93.86%; cyclic-ring torsional/out-of-plane deformation 2.63%
   25     1116.85          --                 --  mixed N-H bending / cyclic-ring deformation (C-N-C bend) / cyclic C-N stretching N-H bending 27.27%; cyclic-ring deformation (C-N-C bend) 17.89%; cyclic C-N stretching 15.97%; C-H bending 13.53%
   26     1149.43          --                 --  mixed opposite-phase cyclic C-N stretching / C-C-O bending / C-H bending opposite-phase cyclic C-N stretching 23.68%; C-C-O bending 19.12%; C-H bending 17.97%; cyclic C-O stretching 11.78%
   27     1229.17          --                 --  mixed mixed-phase cyclic C-O stretching / cyclic C-N stretching mixed-phase cyclic C-O stretching 25.80%; cyclic C-N stretching 20.41%; C-C-C bending 13.26%; exocyclic C-C stretching 11.62%
   28     1324.37          --                 --  mixed mixed-phase cyclic C-N stretching / mixed-phase exocyclic C-C stretching / C-C-C bending mixed-phase cyclic C-N stretching 28.53%; mixed-phase exocyclic C-C stretching 27.06%; C-C-C bending 22.04%; cyclic-ring deformation (C-N-C bend) 8.46%
   29     1406.95          --                 --  mixed C-H bending / cyclic C-O stretching                      C-H bending 21.29%; cyclic C-O stretching 17.11%; N-H bending 13.55%; cyclic-ring deformation (C-N-C bend) 12.23%
   30     1431.52          --                 --  C-H bending                                                    C-H bending 82.79%; exocyclic C-C stretching 5.93%; C-C-C bending 2.59%; cyclic C-O stretching 2.53%
   31     1475.60          --                 --  C-H bending                                                    C-H bending 95.07%; C-C torsion 4.80%
   32     1488.87          --                 --  C-H bending                                                    C-H bending 93.65%; C-C torsion 2.12%
   33     1613.88          --                 --  N-H bending                                                    N-H bending 74.31%; cyclic C-N stretching 19.47%
   34     1647.76          --                 --  mixed cyclic C-C stretching / C-C-O bending                    cyclic C-C stretching 46.42%; C-C-O bending 12.79%; exocyclic C-C stretching 11.79%; N-H bending 9.37%
   35     1700.69          --                 --  mixed cyclic C-N stretching / exocyclic C-N stretching / N-H bending cyclic C-N stretching 32.57%; exocyclic C-N stretching 25.46%; N-H bending 23.95%; cyclic C-C stretching 8.69%
   36     2350.06          --                 --  C-N stretching                                                 C-N stretching 87.04%; exocyclic C-C stretching 12.61%
   37     3032.63          --                 --  C-H stretching                                                 C-H stretching 99.59%
   38     3081.31          --                 --  opposite-phase C-H stretching                                  opposite-phase C-H stretching 99.64%
   39     3130.24          --                 --  mixed-phase C-H stretching                                     mixed-phase C-H stretching 98.89%
   40     3584.57          --                 --  in-phase N-H stretching                                        in-phase N-H stretching 99.70%
   41     3694.88          --                 --  opposite-phase N-H stretching                                  opposite-phase N-H stretching 99.82%

# Selected internal-coordinate set:
#   1  nu(C1-C2)
#   2  nu(C3-N4)
#   3  nu(C5-N6)
#   4  nu(C8-N9)
#   5  nu(C1-H11)
#   6  delta_lin2(C3-C8-N9)
#   7  nu(N6-H13)
#   8  nu(C5-O7)
#   9  nu(C1-H12)
#  10  tau(N4-C5-O7-C2)
#  11  nu(C2-O7)
#  12  tau(N6-C5-O7-C2)
#  13  delta_lin1(C3-C8-N9)
#  14  nu(C1-H10)
#  15  nu(N6-H14)
#  16  nu(N4-C5)
#  17  nu(C2-C3)
#  18  tau(H10-C1-C2-C3)
#  19  delta(H11-C1-H12)
#  20  delta(H13-N6-H14)
#  21  delta(H10-C1-H11)
#  22  delta(H10-C1-H12)
#  23  nu(C3-C8)
#  24  gamma(C5;N6,H13,H14)
#  25  delta(C2-C1-H12)
#  26  delta(N4-C5-N6)
#  27  tau(O7-C2-C3-N4)
#  28  delta(C1-C2-C3)
#  29  delta(C3-N4-C5)
#  30  tau(O7-C2-C3-C8)
#  31  tau(O7-C5-N6-H13)
#  32  delta(C5-N6-H13)
#  33  delta(C2-C1-H11)
#  34  tau(H11-C1-C2-O7)
#  35  delta(N4-C3-C8)
#  36  delta(C1-C2-O7)

Wrote: /local/scratch/mv487/qm9s/experiment_1_phase2/ped/25212/25212_summary.csv
Wrote: /local/scratch/mv487/qm9s/experiment_1_phase2/ped/25212/25212_families.csv
Wrote: /local/scratch/mv487/qm9s/experiment_1_phase2/ped/25212/25212_ped.csv
Wrote: /local/scratch/mv487/qm9s/experiment_1_phase2/ped/25212/25212_ir_transitions.csv

# All generated files are in: /local/scratch/mv487/qm9s/experiment_1_phase2/ped/25212
# Manifest: /local/scratch/mv487/qm9s/experiment_1_phase2/ped/25212/25212_manifest.txt

--- stderr ---
Normal modes/frequencies absent or incomplete: diagonalizing Hessian.
