# Contact: romi@lens.unifi.it
# Manual: https://github.com/SebRoLENS/orca-ped-analyzer/blob/main/docs/ORCA_PED_Analyzer_Manual.md
# Check GitHub for updates and new releases: https://github.com/SebRoLENS/orca-ped-analyzer
#
# Molecule: 16 atoms | non-linear
# Bonds inferred: 16 | candidate ICs: 125 | selected ICs: 42
# Cartesian-Hessian reconstruction relative error: 8.396e-06
# Energy distribution: PED (PED is the backward-compatible default; TED includes kinetic-energy terms)
# Ring/cycle bonds detected: 3 | ring atoms: 3 | ring systems: 1
# VPT2: no matching .out file supplied/found -> harmonic/PED analysis only
#
 Mode   Harm/cm-1   VPT2/cm-1  Harm.Int/km mol-1  Assignment                                                     Grouped PED
------------------------------------------------------------------------------------------------------------------------------------------------------------------------------------------------
    6       58.15          --                 --  mixed C-C-C linear bending / cyclic-ring torsional/out-of-plane deformation C-C-C linear bending 41.15%; cyclic-ring torsional/out-of-plane deformation 30.38%; C-C torsion 10.80%; O-C-C bending 6.05%
    7       76.34          --                 --  mixed C-C torsion / C-C-C linear bending                       C-C torsion 53.61%; C-C-C linear bending 14.44%; cyclic-ring torsional/out-of-plane deformation 12.34%; C-C out-of-plane bending 10.33%
    8      106.01          --                 --  mixed C-C-C linear bending / C-C torsion                       C-C-C linear bending 38.44%; C-C torsion 26.90%; O-C-C bending 10.47%; C-C out-of-plane bending 7.88%
    9      168.84          --                 --  mixed cyclic-ring torsional/out-of-plane deformation / C-C-C linear bending cyclic-ring torsional/out-of-plane deformation 40.22%; C-C-C linear bending 22.19%; C-C-C bending 10.88%; C-C out-of-plane bending 10.88%
   10      211.57          --                 --  C-C torsion                                                    C-C torsion 94.84%
   11      243.70          --                 --  C-C torsion                                                    C-C torsion 91.22%; C-C-C linear bending 2.53%
   12      265.50          --                 --  mixed C-C-C linear bending / O-C-C bending                     C-C-C linear bending 35.20%; O-C-C bending 16.08%; C-C-C bending 13.77%; C-C-N linear bending 9.91%
   13      368.68          --                 --  mixed C-C torsion / C-C-C linear bending                       C-C torsion 43.30%; C-C-C linear bending 21.32%; cyclic-ring torsional/out-of-plane deformation 10.34%; C-C-O bending 6.81%
   14      441.28          --                 --  mixed C-C torsion / C-C-O bending                              C-C torsion 56.92%; C-C-O bending 17.82%; C-H bending 6.77%; C-C-C linear bending 3.23%
   15      503.96          --                 --  mixed C-C torsion / C-C-O bending                              C-C torsion 32.41%; C-C-O bending 11.90%; O-C-C bending 9.66%; C-C out-of-plane bending 8.18%
   16      531.60          --                 --  mixed C-C-N linear bending / C-C-C linear bending              C-C-N linear bending 52.97%; C-C-C linear bending 21.96%; cyclic-ring torsional/out-of-plane deformation 9.72%; C-C out-of-plane bending 4.22%
   17      555.14          --                 --  mixed C-C-N linear bending / C-C-C linear bending              C-C-N linear bending 44.93%; C-C-C linear bending 43.10%; C-C stretching 3.42%; exocyclic C-C stretching 3.42%
   18      586.73          --                 --  mixed cyclic-ring torsional/out-of-plane deformation / C-C-C linear bending / C-C out-of-plane bending cyclic-ring torsional/out-of-plane deformation 25.73%; C-C-C linear bending 25.54%; C-C out-of-plane bending 15.69%; O-C-C bending 13.88%
   19      721.35          --                 --  mixed in-phase exocyclic C-C stretching / C-C stretching       in-phase exocyclic C-C stretching 18.79%; C-C stretching 13.06%; C-C out-of-plane bending 11.98%; O-C-C bending 9.69%
   20      764.17          --                 --  mixed C-C torsion / C-H bending                                C-C torsion 51.74%; C-H bending 22.93%; mixed-phase cyclic C-O stretching 14.35%; cyclic-ring torsional/out-of-plane deformation 4.76%
   21      838.39          --                 --  mixed C-H bending / opposite-phase cyclic C-O stretching / C-C torsion C-H bending 30.81%; opposite-phase cyclic C-O stretching 29.41%; C-C torsion 21.15%; C-C out-of-plane bending 7.28%
   22      858.80          --                 --  mixed C-H bending / cyclic C-C stretching                      C-H bending 23.89%; cyclic C-C stretching 14.81%; cyclic C-O stretching 13.48%; cyclic-ring torsional/out-of-plane deformation 12.75%
   23      930.43          --                 --  mixed C-H bending / cyclic C-O stretching                      C-H bending 31.58%; cyclic C-O stretching 24.55%; C-C stretching 11.36%; exocyclic C-C stretching 7.99%
   24     1008.71          --                 --  mixed C-C stretching / C-C out-of-plane bending / C-H bending  C-C stretching 25.34%; C-C out-of-plane bending 20.16%; C-H bending 19.11%; cyclic C-O stretching 13.85%
   25     1048.58          --                 --  mixed C-H bending / C-C out-of-plane bending / mixed-phase C-C stretching C-H bending 40.01%; C-C out-of-plane bending 20.54%; mixed-phase C-C stretching 20.52%; C-C torsion 7.48%
   26     1086.28          --                 --  mixed C-C out-of-plane bending / C-H bending / ring-site C-H in-plane bending C-C out-of-plane bending 40.70%; C-H bending 22.24%; ring-site C-H in-plane bending 15.69%; C-C torsion 9.43%
   27     1133.64          --                 --  mixed C-C out-of-plane bending / C-H bending                   C-C out-of-plane bending 34.51%; C-H bending 25.74%; in-phase C-C stretching 8.05%; mixed-phase exocyclic C-C stretching 6.98%
   28     1175.87          --                 --  mixed C-H bending / exocyclic C-C stretching                   C-H bending 55.54%; exocyclic C-C stretching 11.21%; C-C torsion 8.74%; C-C out-of-plane bending 7.49%
   29     1195.39          --                 --  mixed C-C out-of-plane bending / mixed-phase exocyclic C-C stretching / C-C stretching C-C out-of-plane bending 33.80%; mixed-phase exocyclic C-C stretching 26.23%; C-C stretching 17.95%; cyclic C-C stretching 4.38%
   30     1279.61          --                 --  mixed cyclic C-C stretching / ring-site C-H in-plane bending / in-phase cyclic C-O stretching cyclic C-C stretching 26.05%; ring-site C-H in-plane bending 25.97%; in-phase cyclic C-O stretching 15.18%; in-phase exocyclic C-C stretching 12.67%
   31     1297.70          --                 --  mixed C-H bending / C-C torsion                                C-H bending 74.37%; C-C torsion 20.70%; ring-site C-H in-plane bending 2.13%
   32     1349.49          --                 --  mixed C-H bending / C-C torsion                                C-H bending 57.14%; C-C torsion 31.27%; C-C out-of-plane bending 2.62%; C-C stretching 2.34%
   33     1393.23          --                 --  mixed ring-site C-H in-plane bending / C-C out-of-plane bending / C-H bending ring-site C-H in-plane bending 30.33%; C-C out-of-plane bending 19.14%; C-H bending 18.83%; mixed-phase exocyclic C-C stretching 13.91%
   34     1420.44          --                 --  mixed C-H bending / C-H out-of-plane bending                   C-H bending 52.74%; C-H out-of-plane bending 44.14%; C-C stretching 2.26%
   35     1454.58          --                 --  mixed C-H bending / cyclic C-C stretching                      C-H bending 50.15%; cyclic C-C stretching 15.78%; exocyclic C-C stretching 10.77%; cyclic C-O stretching 9.44%
   36     1481.71          --                 --  mixed C-H bending / C-C torsion                                C-H bending 62.50%; C-C torsion 35.98%
   37     1504.23          --                 --  C-H bending                                                    C-H bending 76.00%; C-C torsion 16.69%; C-H out-of-plane bending 7.14%
   38     1511.41          --                 --  mixed C-C torsion / C-H bending                                C-C torsion 48.35%; C-H bending 47.30%
   39     2263.61          --                 --  mixed C-N stretching / C-C stretching                          C-N stretching 49.57%; C-C stretching 44.44%; exocyclic C-C stretching 5.93%
   40     2390.48          --                 --  mixed opposite-phase C-C stretching / C-N stretching           opposite-phase C-C stretching 60.24%; C-N stretching 36.84%; exocyclic C-C stretching 2.90%
   41     3031.21          --                 --  C-H stretching                                                 C-H stretching 99.18%
   42     3035.28          --                 --  C-H stretching                                                 C-H stretching 99.63%
   43     3075.86          --                 --  mixed-phase C-H stretching                                     mixed-phase C-H stretching 82.79%; ring-site C-H stretching 16.19%
   44     3092.09          --                 --  mixed ring-site C-H stretching / mixed-phase C-H stretching    ring-site C-H stretching 66.17%; mixed-phase C-H stretching 33.13%
   45     3103.34          --                 --  mixed-phase C-H stretching                                     mixed-phase C-H stretching 83.60%; mixed-phase ring-site C-H stretching 16.06%
   46     3110.30          --                 --  opposite-phase C-H stretching                                  opposite-phase C-H stretching 97.51%
   47     3116.48          --                 --  ring-site C-H stretching                                       ring-site C-H stretching 97.76%

# Selected internal-coordinate set:
#   1  nu(C1-H10)
#   2  nu(C2-C3)
#   3  nu(O4-C5)
#   4  nu(C7-C8)
#   5  nu(C1-H12)
#   6  nu(C2-H14)
#   7  delta_lin1(C7-C8-N9)
#   8  delta_lin2(C7-C8-N9)
#   9  nu(C5-H16)
#  10  nu(C3-H15)
#  11  nu(C1-H11)
#  12  nu(C2-H13)
#  13  gamma(C6;C5,O4,H16)
#  14  gamma(C5;C3,C2,H15)
#  15  delta_lin1(C5-C6-C7)
#  16  nu(C5-C6)
#  17  nu(C8-N9)
#  18  gamma(H10;C1,H11,H12)
#  19  delta(H13-C2-H14)
#  20  delta_lin2(C5-C6-C7)
#  21  delta(H11-C1-H12)
#  22  delta(O4-C5-H16)
#  23  delta(C2-C3-H15)
#  24  delta(C3-C2-H13)
#  25  tau(H10-C1-C2-H14)
#  26  nu(C3-O4)
#  27  delta(C1-C2-H14)
#  28  delta(C2-C1-H11)
#  29  nu(C6-C7)
#  30  nu(C1-C2)
#  31  delta(C2-C3-O4)
#  32  tau(H11-C1-C2-H14)
#  33  nu(C3-C5)
#  34  delta(O4-C5-C6)
#  35  delta(C2-C1-H12)
#  36  delta_lin2(C6-C7-C8)
#  37  tau(H12-C1-C2-C3)
#  38  delta_lin1(C6-C7-C8)
#  39  delta(C1-C2-C3)
#  40  tau(C2-C3-O4-C5)
#  41  tau(C1-C2-C3-C5)
#  42  tau(C3-O4-C5-C6)

Wrote: /local/scratch/mv487/qm9s/experiment_1_phase2/ped/105038/105038_summary.csv
Wrote: /local/scratch/mv487/qm9s/experiment_1_phase2/ped/105038/105038_families.csv
Wrote: /local/scratch/mv487/qm9s/experiment_1_phase2/ped/105038/105038_ped.csv
Wrote: /local/scratch/mv487/qm9s/experiment_1_phase2/ped/105038/105038_ir_transitions.csv

# All generated files are in: /local/scratch/mv487/qm9s/experiment_1_phase2/ped/105038
# Manifest: /local/scratch/mv487/qm9s/experiment_1_phase2/ped/105038/105038_manifest.txt

--- stderr ---
Normal modes/frequencies absent or incomplete: diagonalizing Hessian.
