# Contact: romi@lens.unifi.it
# Manual: https://github.com/SebRoLENS/orca-ped-analyzer/blob/main/docs/ORCA_PED_Analyzer_Manual.md
# Check GitHub for updates and new releases: https://github.com/SebRoLENS/orca-ped-analyzer
#
# Molecule: 11 atoms | non-linear
# Bonds inferred: 11 | candidate ICs: 78 | selected ICs: 27
# Cartesian-Hessian reconstruction relative error: 5.284e-05
# Energy distribution: PED (PED is the backward-compatible default; TED includes kinetic-energy terms)
# Ring/cycle bonds detected: 4 | ring atoms: 4 | ring systems: 1
# VPT2: no matching .out file supplied/found -> harmonic/PED analysis only
#
 Mode   Harm/cm-1   VPT2/cm-1  Harm.Int/km mol-1  Assignment                                                     Grouped PED
------------------------------------------------------------------------------------------------------------------------------------------------------------------------------------------------
    6       84.99          --                 --  mixed cyclic-ring torsional/out-of-plane deformation / ring-site C-H out-of-plane bending cyclic-ring torsional/out-of-plane deformation 67.64%; ring-site C-H out-of-plane bending 26.13%
    7      129.41          --                 --  mixed C-C-N linear bending / O-C-C bending                     C-C-N linear bending 66.37%; O-C-C bending 14.43%; cyclic-ring torsional/out-of-plane deformation 10.70%; C-C-C bending 7.90%
    8      176.96          --                 --  mixed C-C-N linear bending / O-C-C bending                     C-C-N linear bending 51.14%; O-C-C bending 25.19%; C-C-C bending 12.16%; cyclic-ring torsional/out-of-plane deformation 7.70%
    9      193.98          --                 --  mixed C-C-N linear bending / C-C-C bending / O-C-C bending     C-C-N linear bending 34.21%; C-C-C bending 24.07%; O-C-C bending 22.19%; cyclic-ring torsional/out-of-plane deformation 16.58%
   10      279.36          --                 --  mixed cyclic-ring torsional/out-of-plane deformation / C-C-N linear bending / ring-site C-H out-of-plane bending cyclic-ring torsional/out-of-plane deformation 36.91%; C-C-N linear bending 24.45%; ring-site C-H out-of-plane bending 23.57%; O-C-C bending 8.07%
   11      458.66          --                 --  mixed O-C-C bending / cyclic-ring deformation (C-O-C bend)     O-C-C bending 40.50%; cyclic-ring deformation (C-O-C bend) 22.86%; cyclic C-C stretching 13.06%; in-phase cyclic C-O stretching 12.03%
   12      485.22          --                 --  mixed C-C-N linear bending / C-C-C bending                     C-C-N linear bending 37.13%; C-C-C bending 20.80%; ring-site C-H out-of-plane bending 14.08%; cyclic-ring torsional/out-of-plane deformation 13.59%
   13      503.40          --                 --  mixed ring-site C-H out-of-plane bending / cyclic-ring out-of-plane deformation / O-C-C bending ring-site C-H out-of-plane bending 24.72%; cyclic-ring out-of-plane deformation 23.14%; O-C-C bending 19.22%; C-C-N linear bending 15.27%
   14      524.03          --                 --  mixed cyclic-ring deformation (C-O-C bend) / in-phase exocyclic C-C stretching cyclic-ring deformation (C-O-C bend) 35.05%; in-phase exocyclic C-C stretching 30.05%; cyclic C-C stretching 9.24%; cyclic C-O stretching 6.77%
   15      526.64          --                 --  mixed ring-site C-H out-of-plane bending / cyclic-ring torsional/out-of-plane deformation ring-site C-H out-of-plane bending 46.47%; cyclic-ring torsional/out-of-plane deformation 19.91%; cyclic-ring out-of-plane deformation 14.47%; O-C-C bending 9.74%
   16      594.05          --                 --  mixed C-C-N linear bending / in-phase exocyclic C-C stretching C-C-N linear bending 40.22%; in-phase exocyclic C-C stretching 30.93%; O-C-C bending 10.73%; cyclic-ring torsional/out-of-plane deformation 8.20%
   17      625.19          --                 --  mixed O-C-C bending / opposite-phase cyclic C-C stretching / C-C-N linear bending O-C-C bending 43.07%; opposite-phase cyclic C-C stretching 23.43%; C-C-N linear bending 16.03%; C-C-C bending 9.01%
   18      799.16          --                 --  mixed opposite-phase cyclic C-O stretching / opposite-phase cyclic C-C stretching opposite-phase cyclic C-O stretching 47.51%; opposite-phase cyclic C-C stretching 25.65%; cyclic-ring deformation (C-O-C bend) 14.47%; O-C-C bending 5.21%
   19      892.35          --                 --  mixed ring-site C-H in-plane bending / opposite-phase exocyclic C-C stretching ring-site C-H in-plane bending 53.79%; opposite-phase exocyclic C-C stretching 19.65%; ring-site C-H out-of-plane bending 10.94%; cyclic-ring out-of-plane deformation 5.86%
   20      903.38          --                 --  mixed mixed-phase cyclic C-O stretching / opposite-phase cyclic C-C stretching mixed-phase cyclic C-O stretching 54.04%; opposite-phase cyclic C-C stretching 20.02%; O-C-C bending 12.94%; cyclic-ring deformation (C-O-C bend) 3.43%
   21      950.07          --                 --  mixed cyclic C-C stretching / cyclic-ring deformation (C-O-C bend) / cyclic C-O stretching cyclic C-C stretching 41.87%; cyclic-ring deformation (C-O-C bend) 31.90%; cyclic C-O stretching 18.39%; O-C-C bending 2.95%
   22     1080.92          --                 --  mixed ring-site C-H out-of-plane bending / cyclic-ring torsional/out-of-plane deformation ring-site C-H out-of-plane bending 38.54%; cyclic-ring torsional/out-of-plane deformation 23.35%; opposite-phase exocyclic C-C stretching 14.93%; cyclic-ring out-of-plane deformation 10.15%
   23     1108.13          --                 --  mixed cyclic C-C stretching / in-phase exocyclic C-C stretching / cyclic C-O stretching cyclic C-C stretching 32.37%; in-phase exocyclic C-C stretching 28.74%; cyclic C-O stretching 20.65%; cyclic-ring torsional/out-of-plane deformation 4.87%
   24     1122.37          --                 --  mixed cyclic-ring deformation (C-O-C bend) / cyclic C-O stretching / in-phase cyclic C-C stretching cyclic-ring deformation (C-O-C bend) 33.53%; cyclic C-O stretching 25.70%; in-phase cyclic C-C stretching 19.84%; O-C-C bending 15.45%
   25     1239.85          --                 --  mixed ring-site C-H in-plane bending / opposite-phase exocyclic C-C stretching ring-site C-H in-plane bending 35.81%; opposite-phase exocyclic C-C stretching 30.91%; O-C-C bending 8.63%; ring-site C-H out-of-plane bending 7.98%
   26     1240.18          --                 --  mixed ring-site C-H out-of-plane bending / ring-site C-H in-plane bending ring-site C-H out-of-plane bending 41.93%; ring-site C-H in-plane bending 40.31%; mixed-phase cyclic C-C stretching 13.23%; cyclic C-O stretching 2.23%
   27     1457.55          --                 --  mixed ring-site C-H in-plane bending / ring-site C-H out-of-plane bending ring-site C-H in-plane bending 50.47%; ring-site C-H out-of-plane bending 44.31%; cyclic C-C stretching 4.39%
   28     1957.60          --                 --  exocyclic C-O stretching                                       exocyclic C-O stretching 82.43%; cyclic C-C stretching 6.82%; cyclic-ring deformation (C-O-C bend) 6.79%; cyclic C-O stretching 3.37%
   29     2374.42          --                 --  opposite-phase C-N stretching                                  opposite-phase C-N stretching 89.45%; opposite-phase exocyclic C-C stretching 10.35%
   30     2376.37          --                 --  in-phase C-N stretching                                        in-phase C-N stretching 91.20%; in-phase exocyclic C-C stretching 8.71%
   31     3107.36          --                 --  in-phase ring-site C-H stretching                              in-phase ring-site C-H stretching 99.50%
   32     3171.64          --                 --  opposite-phase ring-site C-H stretching                        opposite-phase ring-site C-H stretching 99.50%

# Selected internal-coordinate set:
#   1  nu(C2-C3)
#   2  nu(C4-O5)
#   3  nu(C6-N7)
#   4  nu(C8-N9)
#   5  nu(C2-O5)
#   6  nu(C3-C4)
#   7  gamma(O1;C2,C3,O5)
#   8  delta_lin1(C4-C6-N7)
#   9  delta_lin1(C4-C8-N9)
#  10  delta_lin2(C4-C8-N9)
#  11  delta_lin2(C4-C6-N7)
#  12  nu(C3-H11)
#  13  nu(C3-H10)
#  14  nu(O1-C2)
#  15  tau(H10-C3-C4-O5)
#  16  tau(H11-C3-C4-O5)
#  17  delta(C4-C3-H10)
#  18  delta(C4-C3-H11)
#  19  delta(O1-C2-C3)
#  20  nu(C4-C6)
#  21  nu(C4-C8)
#  22  delta(C2-O5-C4)
#  23  delta(O5-C4-C8)
#  24  delta(O5-C4-C6)
#  25  tau(C6-C4-O5-C2)
#  26  delta(C3-C4-C8)
#  27  tau(C3-C4-O5-C2)

Wrote: /local/scratch/mv487/qm9s/experiment_1_phase2/ped/40040/40040_summary.csv
Wrote: /local/scratch/mv487/qm9s/experiment_1_phase2/ped/40040/40040_families.csv
Wrote: /local/scratch/mv487/qm9s/experiment_1_phase2/ped/40040/40040_ped.csv
Wrote: /local/scratch/mv487/qm9s/experiment_1_phase2/ped/40040/40040_ir_transitions.csv

# All generated files are in: /local/scratch/mv487/qm9s/experiment_1_phase2/ped/40040
# Manifest: /local/scratch/mv487/qm9s/experiment_1_phase2/ped/40040/40040_manifest.txt

--- stderr ---
Normal modes/frequencies absent or incomplete: diagonalizing Hessian.
