# Contact: romi@lens.unifi.it
# Manual: https://github.com/SebRoLENS/orca-ped-analyzer/blob/main/docs/ORCA_PED_Analyzer_Manual.md
# Check GitHub for updates and new releases: https://github.com/SebRoLENS/orca-ped-analyzer
#
# Molecule: 12 atoms | non-linear
# Bonds inferred: 12 | candidate ICs: 70 | selected ICs: 30
# Cartesian-Hessian reconstruction relative error: 3.238e-05
# Energy distribution: PED (PED is the backward-compatible default; TED includes kinetic-energy terms)
# Ring/cycle bonds detected: 5 | ring atoms: 5 | ring systems: 1
# VPT2: no matching .out file supplied/found -> harmonic/PED analysis only
#
 Mode   Harm/cm-1   VPT2/cm-1  Harm.Int/km mol-1  Assignment                                                     Grouped PED
------------------------------------------------------------------------------------------------------------------------------------------------------------------------------------------------
    6       76.89          --                 --  mixed cyclic-ring torsional/out-of-plane deformation / cyclic-ring out-of-plane deformation / C-N torsion cyclic-ring torsional/out-of-plane deformation 38.90%; cyclic-ring out-of-plane deformation 33.24%; C-N torsion 19.21%; C-C torsion 5.04%
    7       99.07          --                 --  C-C torsion                                                    C-C torsion 81.54%; cyclic-ring torsional/out-of-plane deformation 11.10%; cyclic-ring torsional/out-of-plane deformation 4.30%
    8      188.85          --                 --  mixed C-N-N bending / C-C-N bending / C-C-O bending            C-N-N bending 43.20%; C-C-N bending 36.22%; C-C-O bending 17.17%
    9      210.67          --                 --  mixed C-C torsion / cyclic-ring torsional/out-of-plane deformation / cyclic-ring out-of-plane deformation C-C torsion 38.32%; cyclic-ring torsional/out-of-plane deformation 29.65%; cyclic-ring out-of-plane deformation 26.10%; cyclic-ring torsional/out-of-plane deformation 5.50%
   10      301.61          --                 --  mixed cyclic-ring torsional/out-of-plane deformation / cyclic-ring torsional/out-of-plane deformation / cyclic-ring out-of-plane deformation cyclic-ring torsional/out-of-plane deformation 31.02%; cyclic-ring torsional/out-of-plane deformation 27.69%; cyclic-ring out-of-plane deformation 23.01%; C-C torsion 17.50%
   11      364.01          --                 --  C-N-N bending                                                  C-N-N bending 92.51%; C-C-O bending 2.91%; C-H bending 2.15%
   12      501.89          --                 --  mixed C-N-N bending / exocyclic C-C stretching                 C-N-N bending 61.22%; exocyclic C-C stretching 11.68%; C-C-N bending 9.38%; cyclic-ring deformation (N-N-C bend) 5.89%
   13      695.49          --                 --  cyclic-ring out-of-plane deformation                           cyclic-ring out-of-plane deformation 87.71%; cyclic-ring torsional/out-of-plane deformation 8.32%; C-C torsion 3.01%
   14      727.25          --                 --  mixed exocyclic C-N stretching / C-N-N bending                 exocyclic C-N stretching 40.90%; C-N-N bending 28.17%; cyclic N-N stretching 12.59%; C-C-O bending 8.95%
   15      734.12          --                 --  mixed cyclic-ring torsional/out-of-plane deformation / C-C torsion cyclic-ring torsional/out-of-plane deformation 72.38%; C-C torsion 21.46%; cyclic-ring torsional/out-of-plane deformation 5.75%
   16      786.82          --                 --  mixed C-C-O bending / exocyclic C-C stretching / mixed-phase cyclic C-N stretching C-C-O bending 41.31%; exocyclic C-C stretching 23.20%; mixed-phase cyclic C-N stretching 19.09%; cyclic N-N stretching 4.19%
   17      985.16          --                 --  mixed mixed-phase cyclic N-N stretching / C-H bending          mixed-phase cyclic N-N stretching 59.91%; C-H bending 21.49%; cyclic-ring deformation (N-N-C bend) 9.13%; cyclic C-N stretching 4.84%
   18     1018.22          --                 --  mixed C-C torsion / cyclic-ring torsional/out-of-plane deformation C-C torsion 75.37%; cyclic-ring torsional/out-of-plane deformation 24.50%
   19     1058.94          --                 --  mixed cyclic N-N stretching / C-H bending / cyclic C-N stretching cyclic N-N stretching 25.96%; C-H bending 23.99%; cyclic C-N stretching 22.44%; cyclic-ring deformation (N-N-C bend) 13.67%
   20     1103.60          --                 --  mixed cyclic-ring deformation (N-N-C bend) / mixed-phase cyclic N-N stretching cyclic-ring deformation (N-N-C bend) 58.83%; mixed-phase cyclic N-N stretching 18.87%; cyclic C-N stretching 11.39%; C-H bending 4.85%
   21     1150.89          --                 --  C-H bending                                                    C-H bending 88.55%; cyclic-ring out-of-plane deformation 7.15%; cyclic-ring torsional/out-of-plane deformation 4.11%
   22     1243.94          --                 --  mixed mixed-phase cyclic N-N stretching / C-H bending / C-N-N bending mixed-phase cyclic N-N stretching 45.55%; C-H bending 30.03%; C-N-N bending 18.70%; cyclic C-N stretching 2.75%
   23     1277.57          --                 --  mixed opposite-phase cyclic C-N stretching / mixed-phase cyclic N-N stretching / C-N-N bending opposite-phase cyclic C-N stretching 29.73%; mixed-phase cyclic N-N stretching 23.59%; C-N-N bending 21.78%; C-H bending 14.97%
   24     1390.13          --                 --  mixed exocyclic C-N stretching / cyclic N-N stretching / C-N-N bending exocyclic C-N stretching 24.46%; cyclic N-N stretching 22.89%; C-N-N bending 18.78%; cyclic C-N stretching 13.51%
   25     1394.26          --                 --  mixed C-H bending / C-N-N bending                              C-H bending 53.63%; C-N-N bending 17.35%; mixed-phase cyclic N-N stretching 11.66%; cyclic C-N stretching 10.56%
   26     1428.99          --                 --  mixed mixed-phase cyclic C-N stretching / cyclic N-N stretching / C-H bending mixed-phase cyclic C-N stretching 28.99%; cyclic N-N stretching 17.49%; C-H bending 17.26%; C-N-N bending 9.88%
   27     1458.04          --                 --  C-H bending                                                    C-H bending 95.43%
   28     1482.74          --                 --  C-H bending                                                    C-H bending 99.59%
   29     1491.80          --                 --  mixed C-H bending / cyclic C-N stretching                      C-H bending 51.07%; cyclic C-N stretching 20.68%; exocyclic C-C stretching 10.90%; cyclic-ring deformation (N-N-C bend) 6.81%
   30     1512.52          --                 --  C-H bending                                                    C-H bending 84.79%; cyclic C-N stretching 5.59%; C-N-N bending 3.09%; cyclic N-N stretching 2.64%
   31     1798.95          --                 --  C-O stretching                                                 C-O stretching 86.88%; C-H bending 5.58%; exocyclic C-C stretching 4.68%
   32     2938.55          --                 --  C-H stretching                                                 C-H stretching 98.90%
   33     3070.57          --                 --  C-H stretching                                                 C-H stretching 99.63%
   34     3143.63          --                 --  opposite-phase C-H stretching                                  opposite-phase C-H stretching 99.36%
   35     3175.73          --                 --  mixed-phase C-H stretching                                     mixed-phase C-H stretching 98.65%

# Selected internal-coordinate set:
#   1  nu(C1-N2)
#   2  nu(N4-C5)
#   3  nu(C6-O7)
#   4  nu(N3-N4)
#   5  nu(C1-H10)
#   6  nu(C5-N8)
#   7  nu(C1-H9)
#   8  nu(C6-H12)
#   9  tau(N3-N4-C5-N8)
#  10  tau(N3-N4-C5-C6)
#  11  nu(N2-N8)
#  12  gamma(N8;N2,C1,N3)
#  13  nu(C1-H11)
#  14  nu(N2-N3)
#  15  delta(O7-C6-H12)
#  16  tau(N8-C5-C6-O7)
#  17  delta(H10-C1-H11)
#  18  delta(H9-C1-H10)
#  19  delta(N3-N4-C5)
#  20  delta(H9-C1-H11)
#  21  tau(N4-C5-C6-H12)
#  22  delta(N2-C1-H10)
#  23  delta(C5-C6-O7)
#  24  nu(C5-C6)
#  25  delta(C1-N2-N3)
#  26  delta(N2-C1-H9)
#  27  delta(C1-N2-N8)
#  28  tau(H10-C1-N2-N8)
#  29  tau(C1-N2-N3-N4)
#  30  delta(C6-C5-N8)

Wrote: /local/scratch/mv487/qm9s/experiment_1_phase2/ped/19397/19397_summary.csv
Wrote: /local/scratch/mv487/qm9s/experiment_1_phase2/ped/19397/19397_families.csv
Wrote: /local/scratch/mv487/qm9s/experiment_1_phase2/ped/19397/19397_ped.csv
Wrote: /local/scratch/mv487/qm9s/experiment_1_phase2/ped/19397/19397_ir_transitions.csv

# All generated files are in: /local/scratch/mv487/qm9s/experiment_1_phase2/ped/19397
# Manifest: /local/scratch/mv487/qm9s/experiment_1_phase2/ped/19397/19397_manifest.txt

--- stderr ---
Normal modes/frequencies absent or incomplete: diagonalizing Hessian.
