# Contact: romi@lens.unifi.it
# Manual: https://github.com/SebRoLENS/orca-ped-analyzer/blob/main/docs/ORCA_PED_Analyzer_Manual.md
# Check GitHub for updates and new releases: https://github.com/SebRoLENS/orca-ped-analyzer
#
# Molecule: 19 atoms | non-linear
# Bonds inferred: 20 | candidate ICs: 192 | selected ICs: 51
# Cartesian-Hessian reconstruction relative error: 3.658e-05
# Energy distribution: PED (PED is the backward-compatible default; TED includes kinetic-energy terms)
# Ring/cycle bonds detected: 9 | ring atoms: 8 | ring systems: 1
# VPT2: no matching .out file supplied/found -> harmonic/PED analysis only
#
 Mode   Harm/cm-1   VPT2/cm-1  Harm.Int/km mol-1  Assignment                                                     Grouped PED
------------------------------------------------------------------------------------------------------------------------------------------------------------------------------------------------
    6      113.86          --                 --  mixed ring-site C-H out-of-plane bending / cyclic-ring torsional/out-of-plane deformation ring-site C-H out-of-plane bending 60.80%; cyclic-ring torsional/out-of-plane deformation 22.61%; cyclic-ring deformation (C-C-C bend) 15.15%
    7      177.33          --                 --  mixed ring-site C-H out-of-plane bending / cyclic-ring deformation (C-C-C bend) ring-site C-H out-of-plane bending 65.27%; cyclic-ring deformation (C-C-C bend) 32.11%
    8      208.95          --                 --  ring-site C-H out-of-plane bending                             ring-site C-H out-of-plane bending 80.56%; cyclic-ring deformation (C-C-C bend) 16.86%
    9      321.33          --                 --  mixed ring-site C-H out-of-plane bending / cyclic-ring deformation (C-C-C bend) ring-site C-H out-of-plane bending 57.67%; cyclic-ring deformation (C-C-C bend) 29.95%; cyclic-ring torsional/out-of-plane deformation 8.87%
   10      340.77          --                 --  mixed ring-site C-H out-of-plane bending / cyclic-ring deformation (C-C-C bend) ring-site C-H out-of-plane bending 47.79%; cyclic-ring deformation (C-C-C bend) 34.70%; cyclic-ring torsional/out-of-plane deformation 10.92%; ring-site C-H in-plane bending 4.34%
   11      389.62          --                 --  mixed ring-site C-H out-of-plane bending / cyclic-ring deformation (C-C-C bend) ring-site C-H out-of-plane bending 47.97%; cyclic-ring deformation (C-C-C bend) 35.82%; ring-site C-H in-plane bending 5.98%; opposite-phase cyclic C-C stretching 5.51%
   12      465.33          --                 --  mixed cyclic-ring deformation (C-C-C bend) / ring-site C-H out-of-plane bending / O-C-C bending cyclic-ring deformation (C-C-C bend) 38.37%; ring-site C-H out-of-plane bending 24.60%; O-C-C bending 21.65%; mixed-phase cyclic C-C stretching 11.93%
   13      523.15          --                 --  mixed ring-site C-H out-of-plane bending / cyclic-ring deformation (C-C-C bend) ring-site C-H out-of-plane bending 55.17%; cyclic-ring deformation (C-C-C bend) 32.23%; cyclic C-C stretching 7.99%; ring-site C-H in-plane bending 3.16%
   14      635.36          --                 --  mixed ring-site C-H out-of-plane bending / cyclic-ring deformation (C-C-C bend) ring-site C-H out-of-plane bending 51.28%; cyclic-ring deformation (C-C-C bend) 18.16%; ring-site C-H in-plane bending 15.07%; cyclic-ring torsional/out-of-plane deformation 8.62%
   15      662.52          --                 --  mixed ring-site C-H out-of-plane bending / cyclic-ring deformation (C-C-C bend) / cyclic C-C stretching ring-site C-H out-of-plane bending 40.62%; cyclic-ring deformation (C-C-C bend) 32.12%; cyclic C-C stretching 21.87%; ring-site C-H in-plane bending 4.77%
   16      740.19          --                 --  mixed cyclic-ring deformation (C-C-C bend) / ring-site C-H out-of-plane bending cyclic-ring deformation (C-C-C bend) 42.11%; ring-site C-H out-of-plane bending 38.22%; ring-site C-H in-plane bending 14.12%; opposite-phase cyclic C-C stretching 4.81%
   17      747.04          --                 --  mixed mixed-phase cyclic C-C stretching / cyclic-ring deformation (C-C-C bend) / ring-site C-H out-of-plane bending mixed-phase cyclic C-C stretching 34.37%; cyclic-ring deformation (C-C-C bend) 32.85%; ring-site C-H out-of-plane bending 28.43%; ring-site C-H in-plane bending 3.21%
   18      785.24          --                 --  mixed ring-site C-H out-of-plane bending / cyclic C-C stretching ring-site C-H out-of-plane bending 53.80%; cyclic C-C stretching 23.52%; cyclic-ring deformation (C-C-C bend) 14.99%; ring-site C-H in-plane bending 2.98%
   19      820.87          --                 --  mixed mixed-phase cyclic C-C stretching / ring-site C-H out-of-plane bending mixed-phase cyclic C-C stretching 65.79%; ring-site C-H out-of-plane bending 26.27%; cyclic-ring deformation (C-C-C bend) 3.48%; ring-site C-H in-plane bending 2.58%
   20      851.64          --                 --  mixed mixed-phase cyclic C-C stretching / cyclic-ring deformation (C-C-C bend) / ring-site C-H out-of-plane bending mixed-phase cyclic C-C stretching 35.78%; cyclic-ring deformation (C-C-C bend) 33.63%; ring-site C-H out-of-plane bending 18.54%; ring-site C-H in-plane bending 7.26%
   21      872.33          --                 --  mixed ring-site C-H out-of-plane bending / mixed-phase cyclic C-C stretching / cyclic-ring deformation (C-C-C bend) ring-site C-H out-of-plane bending 31.39%; mixed-phase cyclic C-C stretching 27.26%; cyclic-ring deformation (C-C-C bend) 26.80%; ring-site C-H in-plane bending 13.59%
   22      910.25          --                 --  mixed mixed-phase cyclic C-C stretching / ring-site C-H out-of-plane bending / ring-site C-H in-plane bending mixed-phase cyclic C-C stretching 29.54%; ring-site C-H out-of-plane bending 25.02%; ring-site C-H in-plane bending 20.66%; cyclic-ring deformation (C-C-C bend) 17.98%
   23      947.52          --                 --  mixed mixed-phase cyclic C-C stretching / cyclic-ring deformation (C-C-C bend) / ring-site C-H out-of-plane bending mixed-phase cyclic C-C stretching 47.45%; cyclic-ring deformation (C-C-C bend) 23.26%; ring-site C-H out-of-plane bending 19.74%; ring-site C-H in-plane bending 6.90%
   24      995.14          --                 --  ring-site C-H out-of-plane bending                             ring-site C-H out-of-plane bending 93.61%; cyclic-ring deformation (C-C-C bend) 3.57%
   25     1019.52          --                 --  mixed ring-site C-H out-of-plane bending / mixed-phase cyclic C-C stretching ring-site C-H out-of-plane bending 42.10%; mixed-phase cyclic C-C stretching 17.12%; ring-site C-H in-plane bending 14.81%; cyclic-ring deformation (C-C-C bend) 14.11%
   26     1050.19          --                 --  mixed ring-site C-H out-of-plane bending / ring-site C-H in-plane bending / mixed-phase cyclic C-C stretching ring-site C-H out-of-plane bending 36.62%; ring-site C-H in-plane bending 20.81%; mixed-phase cyclic C-C stretching 20.38%; cyclic-ring deformation (C-C-C bend) 12.85%
   27     1057.48          --                 --  mixed mixed-phase cyclic C-C stretching / cyclic-ring deformation (C-C-C bend) / ring-site C-H out-of-plane bending mixed-phase cyclic C-C stretching 38.03%; cyclic-ring deformation (C-C-C bend) 25.45%; ring-site C-H out-of-plane bending 19.48%; ring-site C-H in-plane bending 10.78%
   28     1067.58          --                 --  mixed mixed-phase cyclic C-C stretching / ring-site C-H out-of-plane bending mixed-phase cyclic C-C stretching 35.56%; ring-site C-H out-of-plane bending 33.48%; cyclic-ring deformation (C-C-C bend) 14.15%; ring-site C-H in-plane bending 12.74%
   29     1094.54          --                 --  mixed mixed-phase cyclic C-C stretching / ring-site C-H out-of-plane bending mixed-phase cyclic C-C stretching 43.31%; ring-site C-H out-of-plane bending 27.63%; cyclic-ring deformation (C-C-C bend) 14.74%; cyclic-ring torsional/out-of-plane deformation 7.21%
   30     1132.59          --                 --  mixed ring-site C-H out-of-plane bending / ring-site C-H in-plane bending ring-site C-H out-of-plane bending 53.90%; ring-site C-H in-plane bending 30.93%; mixed-phase cyclic C-C stretching 9.59%; cyclic-ring deformation (C-C-C bend) 4.64%
   31     1162.69          --                 --  mixed ring-site C-H out-of-plane bending / mixed-phase cyclic C-C stretching ring-site C-H out-of-plane bending 66.27%; mixed-phase cyclic C-C stretching 13.50%; ring-site C-H in-plane bending 11.36%; O-C-C bending 4.18%
   32     1205.07          --                 --  mixed ring-site C-H out-of-plane bending / ring-site C-H in-plane bending ring-site C-H out-of-plane bending 53.86%; ring-site C-H in-plane bending 34.89%; mixed-phase cyclic C-C stretching 6.17%; cyclic-ring deformation (C-C-C bend) 3.14%
   33     1235.70          --                 --  mixed ring-site C-H out-of-plane bending / ring-site C-H in-plane bending / mixed-phase cyclic C-C stretching ring-site C-H out-of-plane bending 46.88%; ring-site C-H in-plane bending 25.20%; mixed-phase cyclic C-C stretching 20.21%; cyclic-ring deformation (C-C-C bend) 6.59%
   34     1242.28          --                 --  mixed ring-site C-H in-plane bending / ring-site C-H out-of-plane bending ring-site C-H in-plane bending 59.18%; ring-site C-H out-of-plane bending 26.42%; cyclic-ring torsional/out-of-plane deformation 6.04%; mixed-phase cyclic C-C stretching 5.44%
   35     1262.75          --                 --  ring-site C-H in-plane bending                                 ring-site C-H in-plane bending 70.39%; ring-site C-H out-of-plane bending 18.89%; mixed-phase cyclic C-C stretching 6.60%; cyclic-ring deformation (C-C-C bend) 3.56%
   36     1282.12          --                 --  mixed ring-site C-H in-plane bending / ring-site C-H out-of-plane bending ring-site C-H in-plane bending 42.60%; ring-site C-H out-of-plane bending 42.03%; mixed-phase cyclic C-C stretching 9.29%; cyclic-ring deformation (C-C-C bend) 5.07%
   37     1316.89          --                 --  mixed ring-site C-H out-of-plane bending / ring-site C-H in-plane bending / mixed-phase cyclic C-C stretching ring-site C-H out-of-plane bending 40.98%; ring-site C-H in-plane bending 39.08%; mixed-phase cyclic C-C stretching 16.81%; cyclic-ring deformation (C-C-C bend) 2.50%
   38     1330.36          --                 --  mixed ring-site C-H out-of-plane bending / ring-site C-H in-plane bending ring-site C-H out-of-plane bending 51.76%; ring-site C-H in-plane bending 22.67%; mixed-phase cyclic C-C stretching 16.20%; cyclic-ring deformation (C-C-C bend) 5.17%
   39     1373.79          --                 --  mixed ring-site C-H in-plane bending / ring-site C-H out-of-plane bending ring-site C-H in-plane bending 59.22%; ring-site C-H out-of-plane bending 20.61%; mixed-phase cyclic C-C stretching 14.16%; cyclic-ring deformation (C-C-C bend) 5.33%
   40     1389.14          --                 --  mixed ring-site C-H in-plane bending / ring-site C-H out-of-plane bending ring-site C-H in-plane bending 60.88%; ring-site C-H out-of-plane bending 32.19%; opposite-phase cyclic C-C stretching 6.09%
   41     1422.20          --                 --  mixed ring-site C-H in-plane bending / opposite-phase cyclic C-C stretching ring-site C-H in-plane bending 67.85%; opposite-phase cyclic C-C stretching 12.53%; ring-site C-H out-of-plane bending 11.44%; cyclic-ring deformation (C-C-C bend) 7.69%
   42     1483.83          --                 --  mixed C-H bending / ring-site C-H out-of-plane bending         C-H bending 69.17%; ring-site C-H out-of-plane bending 22.62%; ring-site C-H in-plane bending 7.00%
   43     1499.13          --                 --  ring-site C-H out-of-plane bending                             ring-site C-H out-of-plane bending 91.51%; ring-site C-H in-plane bending 6.01%
   44     1508.56          --                 --  mixed ring-site C-H out-of-plane bending / C-H bending         ring-site C-H out-of-plane bending 50.47%; C-H bending 41.21%; ring-site C-H in-plane bending 6.88%
   45     1696.16          --                 --  mixed-phase cyclic C-C stretching                              mixed-phase cyclic C-C stretching 79.39%; ring-site C-H in-plane bending 12.13%; cyclic-ring deformation (C-C-C bend) 5.60%
   46     1854.63          --                 --  exocyclic C-O stretching                                       exocyclic C-O stretching 72.72%; cyclic-ring deformation (C-C-C bend) 15.69%; in-phase cyclic C-C stretching 9.80%
   47     3006.28          --                 --  ring-site C-H stretching                                       ring-site C-H stretching 99.53%
   48     3029.81          --                 --  in-phase ring-site C-H stretching                              in-phase ring-site C-H stretching 99.14%
   49     3054.59          --                 --  ring-site C-H stretching                                       ring-site C-H stretching 99.08%
   50     3065.77          --                 --  mixed-phase ring-site C-H stretching                           mixed-phase ring-site C-H stretching 99.09%
   51     3069.64          --                 --  mixed-phase ring-site C-H stretching                           mixed-phase ring-site C-H stretching 99.50%
   52     3077.94          --                 --  mixed-phase ring-site C-H stretching                           mixed-phase ring-site C-H stretching 99.43%
   53     3094.23          --                 --  ring-site C-H stretching                                       ring-site C-H stretching 98.73%
   54     3131.16          --                 --  mixed-phase ring-site C-H stretching                           mixed-phase ring-site C-H stretching 99.44%
   55     3140.54          --                 --  mixed-phase ring-site C-H stretching                           mixed-phase ring-site C-H stretching 98.13%
   56     3166.96          --                 --  ring-site C-H stretching                                       ring-site C-H stretching 98.85%

# Selected internal-coordinate set:
#   1  nu(O1-C2)
#   2  nu(C3-C4)
#   3  nu(C5-H13)
#   4  nu(C6-C7)
#   5  nu(C8-C9)
#   6  nu(C8-H17)
#   7  nu(C9-H19)
#   8  nu(C4-H12)
#   9  nu(C8-H16)
#  10  nu(C7-H15)
#  11  nu(C3-H10)
#  12  nu(C9-H18)
#  13  nu(C6-H14)
#  14  tau(H14-C6-C7-H15)
#  15  tau(H10-C3-C4-H12)
#  16  tau(O1-C2-C5-H13)
#  17  tau(C5-C6-C7-H15)
#  18  delta(O1-C2-C5)
#  19  nu(C4-H11)
#  20  tau(C3-C4-C5-H13)
#  21  delta(C7-C6-H14)
#  22  gamma(H19;C9,C8,H18)
#  23  delta(H16-C8-H17)
#  24  delta(C4-C3-H10)
#  25  delta(C9-C8-H16)
#  26  tau(C2-C3-C4-H11)
#  27  tau(C9-C3-C4-H12)
#  28  tau(C3-C2-C5-H13)
#  29  tau(C2-C3-C9-H19)
#  30  delta(C8-C9-H18)
#  31  tau(H14-C6-C7-C8)
#  32  delta(C8-C7-H15)
#  33  delta(C3-C4-H11)
#  34  delta(C9-C8-H17)
#  35  tau(H12-C4-C5-C6)
#  36  nu(C2-C5)
#  37  nu(C4-C5)
#  38  nu(C5-C6)
#  39  nu(C7-C8)
#  40  tau(H16-C8-C9-H18)
#  41  nu(C3-C9)
#  42  delta(C5-C6-C7)
#  43  nu(C2-C3)
#  44  delta(C3-C9-C8)
#  45  tau(H17-C8-C9-C3)
#  46  delta(C3-C2-C5)
#  47  tau(C3-C2-C5-C4)
#  48  delta(C7-C8-H16)
#  49  delta(C6-C7-C8)
#  50  delta(C2-C5-C6)
#  51  delta(C2-C3-C9)

Wrote: /local/scratch/mv487/qm9s/experiment_1_phase2/ped/39331/39331_summary.csv
Wrote: /local/scratch/mv487/qm9s/experiment_1_phase2/ped/39331/39331_families.csv
Wrote: /local/scratch/mv487/qm9s/experiment_1_phase2/ped/39331/39331_ped.csv
Wrote: /local/scratch/mv487/qm9s/experiment_1_phase2/ped/39331/39331_ir_transitions.csv

# All generated files are in: /local/scratch/mv487/qm9s/experiment_1_phase2/ped/39331
# Manifest: /local/scratch/mv487/qm9s/experiment_1_phase2/ped/39331/39331_manifest.txt

--- stderr ---
Normal modes/frequencies absent or incomplete: diagonalizing Hessian.
