# Contact: romi@lens.unifi.it
# Manual: https://github.com/SebRoLENS/orca-ped-analyzer/blob/main/docs/ORCA_PED_Analyzer_Manual.md
# Check GitHub for updates and new releases: https://github.com/SebRoLENS/orca-ped-analyzer
#
# Molecule: 18 atoms | non-linear
# Bonds inferred: 20 | candidate ICs: 212 | selected ICs: 48
# Cartesian-Hessian reconstruction relative error: 2.294e-05
# Energy distribution: PED (PED is the backward-compatible default; TED includes kinetic-energy terms)
# Ring/cycle bonds detected: 8 | ring atoms: 6 | ring systems: 1
# VPT2: no matching .out file supplied/found -> harmonic/PED analysis only
#
 Mode   Harm/cm-1   VPT2/cm-1  Harm.Int/km mol-1  Assignment                                                     Grouped PED
------------------------------------------------------------------------------------------------------------------------------------------------------------------------------------------------
    6      134.76          --                 --  C-C torsion                                                    C-C torsion 94.87%
    7      152.84          --                 --  C-C torsion                                                    C-C torsion 70.07%; cyclic-ring torsional/out-of-plane deformation 15.62%; cyclic-ring out-of-plane deformation 9.13%; cyclic-ring torsional/out-of-plane deformation 2.67%
    8      186.51          --                 --  mixed C-C torsion / cyclic-ring torsional/out-of-plane deformation C-C torsion 46.80%; cyclic-ring torsional/out-of-plane deformation 36.99%; cyclic-ring torsional/out-of-plane deformation 4.40%; C-C-C bending 3.45%
    9      216.26          --                 --  mixed cyclic-ring out-of-plane deformation / C-C torsion / C-C-C bending cyclic-ring out-of-plane deformation 36.12%; C-C torsion 28.50%; C-C-C bending 26.38%; cyclic-ring torsional/out-of-plane deformation 4.97%
   10      244.59          --                 --  C-C torsion                                                    C-C torsion 98.01%
   11      260.26          --                 --  mixed C-C torsion / C-C-C bending                              C-C torsion 64.00%; C-C-C bending 12.09%; cyclic-ring torsional/out-of-plane deformation 8.89%; cyclic-ring torsional/out-of-plane deformation 5.19%
   12      325.50          --                 --  mixed cyclic-ring out-of-plane deformation / cyclic-ring torsional/out-of-plane deformation cyclic-ring out-of-plane deformation 49.68%; cyclic-ring torsional/out-of-plane deformation 25.44%; C-C torsion 9.18%; C-C-C bending 6.49%
   13      458.96          --                 --  mixed cyclic-ring out-of-plane deformation / C-C-C bending     cyclic-ring out-of-plane deformation 32.69%; C-C-C bending 18.08%; C-C torsion 11.69%; mixed-phase cyclic C-C stretching 9.66%
   14      482.18          --                 --  mixed cyclic-ring out-of-plane deformation / cyclic-ring torsional/out-of-plane deformation cyclic-ring out-of-plane deformation 27.72%; cyclic-ring torsional/out-of-plane deformation 15.70%; C-C-C bending 12.26%; C-C-O bending 12.24%
   15      623.37          --                 --  mixed cyclic-ring torsional/out-of-plane deformation / cyclic-ring torsional/out-of-plane deformation / mixed-phase cyclic C-C stretching cyclic-ring torsional/out-of-plane deformation 33.20%; cyclic-ring torsional/out-of-plane deformation 16.69%; mixed-phase cyclic C-C stretching 15.81%; cyclic-ring out-of-plane deformation 7.90%
   16      657.51          --                 --  mixed mixed-phase cyclic C-N stretching / cyclic-ring out-of-plane deformation mixed-phase cyclic C-N stretching 45.30%; cyclic-ring out-of-plane deformation 12.54%; C-C torsion 8.96%; cyclic-ring deformation (C-N-C bend) 7.08%
   17      725.92          --                 --  mixed cyclic C-N stretching / cyclic-ring torsional/out-of-plane deformation / cyclic-ring torsional/out-of-plane deformation cyclic C-N stretching 28.18%; cyclic-ring torsional/out-of-plane deformation 19.04%; cyclic-ring torsional/out-of-plane deformation 16.54%; C-C torsion 8.42%
   18      758.19          --                 --  mixed cyclic-ring torsional/out-of-plane deformation / opposite-phase cyclic C-N stretching cyclic-ring torsional/out-of-plane deformation 30.14%; opposite-phase cyclic C-N stretching 27.94%; cyclic-ring deformation (C-N-C bend) 13.71%; cyclic-ring torsional/out-of-plane deformation 5.97%
   19      785.16          --                 --  mixed cyclic C-N stretching / mixed-phase cyclic C-C stretching cyclic C-N stretching 38.56%; mixed-phase cyclic C-C stretching 25.12%; mixed-phase exocyclic C-C stretching 12.88%; C-C torsion 5.00%
   20      818.42          --                 --  mixed cyclic-ring out-of-plane deformation / mixed-phase cyclic C-N stretching cyclic-ring out-of-plane deformation 28.24%; mixed-phase cyclic C-N stretching 21.36%; C-C torsion 11.96%; cyclic-ring torsional/out-of-plane deformation 10.52%
   21      860.69          --                 --  mixed cyclic-ring deformation (C-N-C bend) / cyclic C-N stretching cyclic-ring deformation (C-N-C bend) 34.43%; cyclic C-N stretching 23.34%; cyclic-ring torsional/out-of-plane deformation 8.80%; C-C torsion 7.67%
   22      911.81          --                 --  mixed mixed-phase cyclic C-C stretching / C-H bending          mixed-phase cyclic C-C stretching 39.66%; C-H bending 19.54%; cyclic-ring torsional/out-of-plane deformation 11.32%; C-C torsion 7.28%
   23      935.54          --                 --  mixed mixed-phase cyclic C-C stretching / cyclic-ring deformation (C-N-C bend) mixed-phase cyclic C-C stretching 27.99%; cyclic-ring deformation (C-N-C bend) 22.59%; C-H bending 14.09%; cyclic-ring torsional/out-of-plane deformation 11.01%
   24     1008.18          --                 --  mixed C-H bending / mixed-phase cyclic C-N stretching          C-H bending 41.27%; mixed-phase cyclic C-N stretching 23.98%; cyclic C-C stretching 7.22%; ring-site C-H out-of-plane bending 6.26%
   25     1020.58          --                 --  mixed C-H bending / ring-site C-H out-of-plane bending / C-C torsion C-H bending 36.30%; ring-site C-H out-of-plane bending 26.71%; C-C torsion 22.21%; cyclic C-C stretching 3.21%
   26     1061.25          --                 --  mixed exocyclic C-C stretching / C-H bending                   exocyclic C-C stretching 31.36%; C-H bending 20.30%; ring-site C-H out-of-plane bending 13.74%; cyclic C-C stretching 13.46%
   27     1065.76          --                 --  mixed C-H bending / ring-site C-H out-of-plane bending         C-H bending 24.07%; ring-site C-H out-of-plane bending 21.75%; mixed-phase cyclic C-C stretching 14.65%; C-C torsion 10.89%
   28     1084.04          --                 --  mixed C-H bending / cyclic-ring out-of-plane deformation       C-H bending 56.80%; cyclic-ring out-of-plane deformation 15.93%; cyclic-ring torsional/out-of-plane deformation 5.43%; ring-site C-H out-of-plane bending 3.72%
   29     1106.51          --                 --  mixed C-C torsion / C-H bending                                C-C torsion 16.13%; C-H bending 14.32%; cyclic C-C stretching 13.30%; cyclic C-N stretching 8.28%
   30     1122.16          --                 --  mixed C-H bending / ring-site C-H out-of-plane bending         C-H bending 27.64%; ring-site C-H out-of-plane bending 25.94%; C-C torsion 13.84%; cyclic-ring torsional/out-of-plane deformation 12.44%
   31     1168.24          --                 --  mixed ring-site C-H in-plane bending / ring-site C-H out-of-plane bending ring-site C-H in-plane bending 46.49%; ring-site C-H out-of-plane bending 18.33%; mixed-phase cyclic C-C stretching 13.77%; cyclic C-N stretching 5.00%
   32     1200.25          --                 --  mixed ring-site C-H out-of-plane bending / cyclic C-C stretching ring-site C-H out-of-plane bending 43.37%; cyclic C-C stretching 16.78%; cyclic-ring torsional/out-of-plane deformation 9.57%; C-H bending 6.48%
   33     1253.64          --                 --  mixed ring-site C-H out-of-plane bending / C-C torsion         ring-site C-H out-of-plane bending 31.91%; C-C torsion 28.84%; cyclic C-C stretching 7.61%; cyclic-ring out-of-plane deformation 6.58%
   34     1273.42          --                 --  mixed C-C torsion / C-H bending                                C-C torsion 67.75%; C-H bending 10.02%; mixed-phase cyclic C-C stretching 8.58%; C-C-C bending 3.24%
   35     1282.06          --                 --  mixed cyclic C-C stretching / C-H bending                      cyclic C-C stretching 24.54%; C-H bending 17.97%; C-C-C bending 13.98%; cyclic C-N stretching 13.36%
   36     1379.05          --                 --  mixed ring-site C-H out-of-plane bending / C-H out-of-plane bending ring-site C-H out-of-plane bending 43.77%; C-H out-of-plane bending 16.20%; C-H bending 11.97%; cyclic C-C stretching 9.77%
   37     1408.02          --                 --  mixed C-H out-of-plane bending / C-H bending                   C-H out-of-plane bending 43.62%; C-H bending 25.09%; ring-site C-H out-of-plane bending 13.05%; mixed-phase cyclic C-C stretching 6.07%
   38     1418.55          --                 --  mixed C-H out-of-plane bending / C-H bending                   C-H out-of-plane bending 56.21%; C-H bending 40.92%; exocyclic C-C stretching 2.53%
   39     1434.97          --                 --  mixed C-H out-of-plane bending / C-H bending                   C-H out-of-plane bending 43.69%; C-H bending 23.11%; exocyclic C-C stretching 13.68%; mixed-phase cyclic C-C stretching 5.02%
   40     1484.86          --                 --  C-C torsion                                                    C-C torsion 79.46%; C-H bending 16.11%; C-H out-of-plane bending 2.17%
   41     1495.46          --                 --  mixed C-H bending / C-H out-of-plane bending                   C-H bending 69.56%; C-H out-of-plane bending 17.54%; C-C torsion 11.96%
   42     1502.34          --                 --  mixed C-H bending / C-C torsion                                C-H bending 60.11%; C-C torsion 24.54%; C-H out-of-plane bending 13.96%
   43     1503.15          --                 --  mixed C-C torsion / C-H bending                                C-C torsion 68.57%; C-H bending 27.37%; C-H out-of-plane bending 2.71%
   44     1849.25          --                 --  exocyclic C-O stretching                                       exocyclic C-O stretching 79.09%; in-phase cyclic C-C stretching 15.38%; cyclic-ring torsional/out-of-plane deformation 2.19%
   45     3030.09          --                 --  C-H stretching                                                 C-H stretching 95.95%; ring-site C-H stretching 3.74%
   46     3037.54          --                 --  ring-site C-H stretching                                       ring-site C-H stretching 89.52%; mixed-phase C-H stretching 9.56%
   47     3039.83          --                 --  in-phase C-H stretching                                        in-phase C-H stretching 95.63%; ring-site C-H stretching 3.90%
   48     3090.30          --                 --  opposite-phase C-H stretching                                  opposite-phase C-H stretching 99.42%
   49     3102.39          --                 --  mixed-phase C-H stretching                                     mixed-phase C-H stretching 99.32%
   50     3104.59          --                 --  mixed-phase C-H stretching                                     mixed-phase C-H stretching 97.42%; ring-site C-H stretching 2.00%
   51     3113.63          --                 --  opposite-phase C-H stretching                                  opposite-phase C-H stretching 99.26%
   52     3152.19          --                 --  ring-site C-H stretching                                       ring-site C-H stretching 98.65%
   53     3156.23          --                 --  ring-site C-H stretching                                       ring-site C-H stretching 98.70%

# Selected internal-coordinate set:
#   1  nu(C1-H11)
#   2  nu(C2-C3)
#   3  nu(N4-C5)
#   4  nu(C6-C8)
#   5  nu(C9-H16)
#   6  nu(C5-C6)
#   7  nu(N4-C8)
#   8  nu(C2-C5)
#   9  nu(C1-H12)
#  10  nu(C9-H18)
#  11  nu(C1-H10)
#  12  nu(C9-H17)
#  13  nu(C3-N4)
#  14  nu(C2-H13)
#  15  gamma(O7;C6,C5,C8)
#  16  gamma(H14;C3,C2,N4)
#  17  nu(C5-H15)
#  18  nu(C3-H14)
#  19  gamma(H17;C9,H16,H18)
#  20  nu(C6-O7)
#  21  gamma(H10;C1,H11,H12)
#  22  tau(H10-C1-C2-H13)
#  23  delta(H11-C1-H12)
#  24  delta(H16-C9-H18)
#  25  gamma(C9;C8,N4,C6)
#  26  gamma(H13;C2,C3,C5)
#  27  delta(N4-C5-H15)
#  28  delta(C5-C6-O7)
#  29  gamma(H14;C3,N4,C8)
#  30  tau(C3-N4-C5-H15)
#  31  tau(C6-C8-C9-H17)
#  32  delta(C2-C1-H11)
#  33  delta(C8-C9-H17)
#  34  tau(H11-C1-C2-H13)
#  35  tau(C8-C3-N4-C5)
#  36  delta(C3-N4-C5)
#  37  nu(C1-C2)
#  38  tau(N4-C8-C9-H16)
#  39  delta(C2-C1-H12)
#  40  nu(C8-C9)
#  41  delta(C8-C9-H16)
#  42  tau(C3-N4-C5-C6)
#  43  tau(H11-C1-C2-C5)
#  44  delta(C1-C2-C5)
#  45  tau(C1-C2-C5-C6)
#  46  tau(C2-C3-C8-C9)
#  47  tau(C3-C2-C5-C6)
#  48  delta(C3-C8-C9)

Wrote: /local/scratch/mv487/qm9s/experiment_1_phase2/ped/72466/72466_summary.csv
Wrote: /local/scratch/mv487/qm9s/experiment_1_phase2/ped/72466/72466_families.csv
Wrote: /local/scratch/mv487/qm9s/experiment_1_phase2/ped/72466/72466_ped.csv
Wrote: /local/scratch/mv487/qm9s/experiment_1_phase2/ped/72466/72466_ir_transitions.csv

# All generated files are in: /local/scratch/mv487/qm9s/experiment_1_phase2/ped/72466
# Manifest: /local/scratch/mv487/qm9s/experiment_1_phase2/ped/72466/72466_manifest.txt

--- stderr ---
Normal modes/frequencies absent or incomplete: diagonalizing Hessian.
