# Contact: romi@lens.unifi.it
# Manual: https://github.com/SebRoLENS/orca-ped-analyzer/blob/main/docs/ORCA_PED_Analyzer_Manual.md
# Check GitHub for updates and new releases: https://github.com/SebRoLENS/orca-ped-analyzer
#
# Molecule: 22 atoms | non-linear
# Bonds inferred: 22 | candidate ICs: 198 | selected ICs: 60
# Cartesian-Hessian reconstruction relative error: 4.545e-05
# Energy distribution: PED (PED is the backward-compatible default; TED includes kinetic-energy terms)
# Ring/cycle bonds detected: 5 | ring atoms: 5 | ring systems: 1
# VPT2: no matching .out file supplied/found -> harmonic/PED analysis only
#
 Mode   Harm/cm-1   VPT2/cm-1  Harm.Int/km mol-1  Assignment                                                     Grouped PED
------------------------------------------------------------------------------------------------------------------------------------------------------------------------------------------------
    6       64.65          --                 --  mixed cyclic-ring torsional/out-of-plane deformation / ring-site C-H out-of-plane bending cyclic-ring torsional/out-of-plane deformation 69.74%; ring-site C-H out-of-plane bending 26.10%; C-N torsion 2.91%
    7      163.42          --                 --  mixed cyclic-ring torsional/out-of-plane deformation / ring-site C-H out-of-plane bending cyclic-ring torsional/out-of-plane deformation 50.12%; ring-site C-H out-of-plane bending 45.92%
    8      201.90          --                 --  mixed cyclic-ring torsional/out-of-plane deformation / C-C-N bending cyclic-ring torsional/out-of-plane deformation 32.30%; C-C-N bending 26.70%; C-N-O bending 12.06%; C-C out-of-plane bending 9.73%
    9      233.46          --                 --  C-C torsion                                                    C-C torsion 89.68%; C-C out-of-plane bending 3.72%; cyclic-ring torsional/out-of-plane deformation 2.57%
   10      260.19          --                 --  mixed C-C torsion / C-N torsion / cyclic-ring torsional/out-of-plane deformation C-C torsion 31.87%; C-N torsion 25.85%; cyclic-ring torsional/out-of-plane deformation 15.86%; ring-site C-H out-of-plane bending 7.63%
   11      277.82          --                 --  mixed C-N torsion / cyclic-ring torsional/out-of-plane deformation / ring-site C-H out-of-plane bending C-N torsion 46.00%; cyclic-ring torsional/out-of-plane deformation 22.73%; ring-site C-H out-of-plane bending 22.19%; C-C torsion 5.56%
   12      307.01          --                 --  mixed ring-site C-H out-of-plane bending / cyclic-ring torsional/out-of-plane deformation ring-site C-H out-of-plane bending 30.35%; cyclic-ring torsional/out-of-plane deformation 25.53%; C-N torsion 13.76%; C-C-C bending 13.22%
   13      337.65          --                 --  mixed cyclic-ring torsional/out-of-plane deformation / C-C-C bending cyclic-ring torsional/out-of-plane deformation 38.59%; C-C-C bending 30.39%; ring-site C-H out-of-plane bending 13.40%; C-N torsion 9.23%
   14      380.38          --                 --  mixed ring-site C-H out-of-plane bending / C-N torsion / N-O torsion ring-site C-H out-of-plane bending 34.42%; C-N torsion 24.74%; N-O torsion 17.16%; cyclic-ring torsional/out-of-plane deformation 15.53%
   15      383.65          --                 --  mixed C-C out-of-plane bending / ring-site C-H out-of-plane bending C-C out-of-plane bending 39.63%; ring-site C-H out-of-plane bending 24.81%; C-N torsion 6.07%; C-C-C bending 4.97%
   16      407.71          --                 --  mixed ring-site C-H out-of-plane bending / C-C-C bending       ring-site C-H out-of-plane bending 59.95%; C-C-C bending 9.86%; cyclic-ring torsional/out-of-plane deformation 8.94%; cyclic-ring out-of-plane deformation 5.94%
   17      481.99          --                 --  mixed C-N torsion / cyclic-ring torsional/out-of-plane deformation C-N torsion 33.05%; cyclic-ring torsional/out-of-plane deformation 16.67%; C-C out-of-plane bending 13.53%; ring-site C-H out-of-plane bending 10.54%
   18      508.29          --                 --  mixed C-N torsion / cyclic-ring torsional/out-of-plane deformation / ring-site C-H out-of-plane bending C-N torsion 33.94%; cyclic-ring torsional/out-of-plane deformation 20.08%; ring-site C-H out-of-plane bending 17.09%; C-C out-of-plane bending 6.84%
   19      590.80          --                 --  mixed cyclic-ring deformation (C-C-C bend) / ring-site C-H in-plane bending cyclic-ring deformation (C-C-C bend) 28.66%; ring-site C-H in-plane bending 23.63%; cyclic-ring torsional/out-of-plane deformation 8.85%; ring-site C-H out-of-plane bending 8.80%
   20      670.60          --                 --  mixed C-N-O bending / ring-site C-H out-of-plane bending       C-N-O bending 23.85%; ring-site C-H out-of-plane bending 18.02%; mixed-phase cyclic C-C stretching 13.59%; C-C-N bending 12.93%
   21      746.89          --                 --  mixed ring-site C-H in-plane bending / ring-site C-H out-of-plane bending / mixed-phase cyclic C-C stretching ring-site C-H in-plane bending 31.63%; ring-site C-H out-of-plane bending 26.86%; mixed-phase cyclic C-C stretching 15.42%; exocyclic C-C stretching 9.19%
   22      794.81          --                 --  mixed ring-site C-H out-of-plane bending / cyclic C-C stretching / ring-site C-H in-plane bending ring-site C-H out-of-plane bending 36.90%; cyclic C-C stretching 26.78%; ring-site C-H in-plane bending 16.68%; exocyclic C-C stretching 5.88%
   23      838.03          --                 --  mixed mixed-phase cyclic C-C stretching / ring-site C-H in-plane bending / cyclic-ring deformation (C-C-C bend) mixed-phase cyclic C-C stretching 35.99%; ring-site C-H in-plane bending 17.27%; cyclic-ring deformation (C-C-C bend) 15.34%; ring-site C-H out-of-plane bending 11.82%
   24      906.65          --                 --  mixed cyclic-ring out-of-plane deformation / ring-site C-H out-of-plane bending / ring-site C-H in-plane bending cyclic-ring out-of-plane deformation 20.45%; ring-site C-H out-of-plane bending 20.13%; ring-site C-H in-plane bending 17.76%; in-phase cyclic C-C stretching 14.02%
   25      907.86          --                 --  mixed mixed-phase cyclic C-C stretching / N-O stretching       mixed-phase cyclic C-C stretching 26.14%; N-O stretching 17.44%; C-H bending 14.93%; ring-site C-H in-plane bending 12.13%
   26      941.47          --                 --  mixed N-O stretching / C-C out-of-plane bending                N-O stretching 44.52%; C-C out-of-plane bending 13.32%; mixed-phase cyclic C-C stretching 12.16%; C-H bending 9.74%
   27      952.87          --                 --  mixed C-H bending / opposite-phase exocyclic C-C stretching    C-H bending 64.72%; opposite-phase exocyclic C-C stretching 12.52%; ring-site C-H in-plane bending 8.08%; cyclic-ring out-of-plane deformation 5.39%
   28      964.26          --                 --  mixed C-H bending / ring-site C-H in-plane bending             C-H bending 35.05%; ring-site C-H in-plane bending 23.99%; exocyclic C-C stretching 10.17%; cyclic-ring out-of-plane deformation 9.96%
   29      982.19          --                 --  mixed ring-site C-H in-plane bending / cyclic C-C stretching / C-H bending ring-site C-H in-plane bending 33.74%; cyclic C-C stretching 23.18%; C-H bending 19.60%; ring-site C-H out-of-plane bending 8.80%
   30     1002.27          --                 --  mixed mixed-phase cyclic C-C stretching / ring-site C-H in-plane bending mixed-phase cyclic C-C stretching 38.97%; ring-site C-H in-plane bending 22.52%; ring-site C-H out-of-plane bending 13.90%; C-C out-of-plane bending 6.05%
   31     1054.52          --                 --  mixed C-H bending / ring-site C-H in-plane bending             C-H bending 46.62%; ring-site C-H in-plane bending 19.78%; ring-site C-H out-of-plane bending 10.57%; cyclic-ring torsional/out-of-plane deformation 10.13%
   32     1090.46          --                 --  mixed ring-site C-H in-plane bending / ring-site C-H out-of-plane bending / C-H bending ring-site C-H in-plane bending 47.17%; ring-site C-H out-of-plane bending 20.87%; C-H bending 17.36%; opposite-phase exocyclic C-C stretching 8.92%
   33     1171.90          --                 --  mixed ring-site C-H in-plane bending / ring-site C-H out-of-plane bending ring-site C-H in-plane bending 63.80%; ring-site C-H out-of-plane bending 11.40%; C-C out-of-plane bending 8.19%; mixed-phase cyclic C-C stretching 6.90%
   34     1185.45          --                 --  mixed C-C out-of-plane bending / mixed-phase cyclic C-C stretching / C-H bending C-C out-of-plane bending 25.26%; mixed-phase cyclic C-C stretching 19.85%; C-H bending 18.71%; ring-site C-H out-of-plane bending 12.31%
   35     1217.23          --                 --  mixed ring-site C-H in-plane bending / ring-site C-H out-of-plane bending / mixed-phase cyclic C-C stretching ring-site C-H in-plane bending 25.49%; ring-site C-H out-of-plane bending 21.69%; mixed-phase cyclic C-C stretching 16.46%; C-H bending 9.24%
   36     1232.17          --                 --  mixed C-C out-of-plane bending / ring-site C-H in-plane bending C-C out-of-plane bending 26.76%; ring-site C-H in-plane bending 19.85%; ring-site C-H out-of-plane bending 13.91%; C-H bending 10.63%
   37     1262.71          --                 --  mixed ring-site C-H in-plane bending / C-H bending / mixed-phase cyclic C-C stretching ring-site C-H in-plane bending 23.96%; C-H bending 18.36%; mixed-phase cyclic C-C stretching 16.69%; cyclic-ring out-of-plane deformation 11.67%
   38     1290.03          --                 --  mixed ring-site C-H in-plane bending / ring-site C-H out-of-plane bending ring-site C-H in-plane bending 31.65%; ring-site C-H out-of-plane bending 20.12%; C-C out-of-plane bending 14.14%; opposite-phase cyclic C-C stretching 9.59%
   39     1296.78          --                 --  mixed C-C out-of-plane bending / ring-site C-H in-plane bending C-C out-of-plane bending 59.16%; ring-site C-H in-plane bending 25.29%; ring-site C-H out-of-plane bending 5.54%; opposite-phase cyclic C-C stretching 3.91%
   40     1323.61          --                 --  mixed ring-site C-H in-plane bending / ring-site C-H out-of-plane bending ring-site C-H in-plane bending 46.82%; ring-site C-H out-of-plane bending 17.44%; C-H bending 7.18%; mixed-phase cyclic C-C stretching 6.66%
   41     1353.38          --                 --  mixed C-C out-of-plane bending / ring-site C-H in-plane bending C-C out-of-plane bending 46.91%; ring-site C-H in-plane bending 39.91%; cyclic C-C stretching 3.54%; C-H bending 3.35%
   42     1382.10          --                 --  mixed O-H bending / cyclic C-C stretching                      O-H bending 50.19%; cyclic C-C stretching 10.20%; C-C out-of-plane bending 9.98%; ring-site C-H in-plane bending 9.67%
   43     1407.59          --                 --  C-H bending                                                    C-H bending 93.78%; opposite-phase exocyclic C-C stretching 4.51%
   44     1427.65          --                 --  C-H bending                                                    C-H bending 90.41%; in-phase exocyclic C-C stretching 2.70%; ring-site C-H in-plane bending 2.65%; C-C out-of-plane bending 2.50%
   45     1472.39          --                 --  mixed C-H bending / ring-site C-H out-of-plane bending         C-H bending 42.04%; ring-site C-H out-of-plane bending 37.82%; ring-site C-H in-plane bending 13.93%; cyclic-ring out-of-plane deformation 4.32%
   46     1477.40          --                 --  mixed C-H bending / ring-site C-H out-of-plane bending         C-H bending 61.17%; ring-site C-H out-of-plane bending 20.63%; ring-site C-H in-plane bending 9.28%; cyclic-ring out-of-plane deformation 7.69%
   47     1489.29          --                 --  C-H bending                                                    C-H bending 96.04%
   48     1494.90          --                 --  C-H bending                                                    C-H bending 87.68%; ring-site C-H out-of-plane bending 6.09%; ring-site C-H in-plane bending 4.59%
   49     1509.58          --                 --  C-H bending                                                    C-H bending 83.88%; ring-site C-H out-of-plane bending 7.37%; ring-site C-H in-plane bending 6.02%
   50     1511.39          --                 --  C-H bending                                                    C-H bending 82.20%; ring-site C-H out-of-plane bending 8.52%; ring-site C-H in-plane bending 6.65%
   51     1512.75          --                 --  C-H bending                                                    C-H bending 98.30%
   52     1741.51          --                 --  exocyclic C-N stretching                                       exocyclic C-N stretching 72.98%; in-phase cyclic C-C stretching 9.03%; ring-site C-H in-plane bending 5.61%; O-H bending 3.52%
   53     3013.00          --                 --  ring-site C-H stretching                                       ring-site C-H stretching 93.83%; in-phase C-H stretching 5.57%
   54     3018.95          --                 --  mixed-phase C-H stretching                                     mixed-phase C-H stretching 95.51%; mixed-phase ring-site C-H stretching 4.20%
   55     3024.97          --                 --  in-phase C-H stretching                                        in-phase C-H stretching 86.48%; mixed-phase ring-site C-H stretching 13.18%
   56     3034.45          --                 --  ring-site C-H stretching                                       ring-site C-H stretching 88.28%; in-phase C-H stretching 11.06%
   57     3046.82          --                 --  ring-site C-H stretching                                       ring-site C-H stretching 98.35%
   58     3075.54          --                 --  mixed-phase ring-site C-H stretching                           mixed-phase ring-site C-H stretching 93.35%; mixed-phase C-H stretching 5.52%
   59     3079.94          --                 --  mixed-phase C-H stretching                                     mixed-phase C-H stretching 97.56%
   60     3083.28          --                 --  mixed mixed-phase C-H stretching / mixed-phase ring-site C-H stretching mixed-phase C-H stretching 77.71%; mixed-phase ring-site C-H stretching 21.55%
   61     3085.88          --                 --  mixed mixed-phase C-H stretching / mixed-phase ring-site C-H stretching mixed-phase C-H stretching 73.74%; mixed-phase ring-site C-H stretching 25.61%
   62     3088.81          --                 --  mixed mixed-phase ring-site C-H stretching / mixed-phase C-H stretching mixed-phase ring-site C-H stretching 55.52%; mixed-phase C-H stretching 43.93%
   63     3091.63          --                 --  mixed-phase C-H stretching                                     mixed-phase C-H stretching 93.21%; opposite-phase ring-site C-H stretching 6.08%
   64     3095.30          --                 --  mixed-phase ring-site C-H stretching                           mixed-phase ring-site C-H stretching 93.37%; mixed-phase C-H stretching 5.61%
   65     3818.60          --                 --  O-H stretching                                                 O-H stretching 99.94%

# Selected internal-coordinate set:
#   1  nu(C1-C2)
#   2  nu(C3-H14)
#   3  nu(C5-C6)
#   4  nu(C7-H21)
#   5  nu(O9-H22)
#   6  nu(C4-H16)
#   7  nu(N8-O9)
#   8  nu(C4-H17)
#   9  nu(C7-H20)
#  10  nu(C3-H13)
#  11  nu(C5-H19)
#  12  nu(C1-H11)
#  13  nu(C3-H15)
#  14  nu(C5-H18)
#  15  nu(C1-H12)
#  16  tau(C6-N8-O9-H22)
#  17  gamma(C2;C7,H20,H21)
#  18  gamma(C2;C4,H16,H17)
#  19  nu(C1-H10)
#  20  nu(C6-N8)
#  21  nu(C2-C3)
#  22  gamma(H18;C5,C6,H19)
#  23  delta(H20-C7-H21)
#  24  delta(H16-C4-H17)
#  25  tau(C7-C6-N8-O9)
#  26  gamma(C4;C2,C1,C3)
#  27  delta(H11-C1-H12)
#  28  tau(C5-C6-N8-O9)
#  29  delta(H13-C3-H15)
#  30  delta(H10-C1-H11)
#  31  delta(H13-C3-H14)
#  32  delta(N8-O9-H22)
#  33  delta(H10-C1-H12)
#  34  delta(H14-C3-H15)
#  35  delta(C6-N8-O9)
#  36  tau(C2-C4-C5-H18)
#  37  delta(C6-C5-H19)
#  38  delta(C2-C3-H14)
#  39  delta(C2-C1-H10)
#  40  delta(C5-C4-H16)
#  41  gamma(C2;C7,C6,H21)
#  42  delta(C4-C5-H19)
#  43  nu(C2-C4)
#  44  nu(C6-C7)
#  45  tau(C1-C2-C7-H21)
#  46  delta(C2-C4-H16)
#  47  nu(C4-C5)
#  48  delta(C2-C3-H13)
#  49  delta(C2-C1-H12)
#  50  nu(C2-C7)
#  51  delta(C4-C5-C6)
#  52  tau(C7-C2-C3-H13)
#  53  tau(H11-C1-C2-C7)
#  54  tau(C7-C2-C4-H17)
#  55  delta(C1-C2-C3)
#  56  delta(C6-C7-H20)
#  57  delta(C5-C6-N8)
#  58  tau(C3-C2-C4-C5)
#  59  tau(C3-C2-C7-C6)
#  60  tau(N8-C6-C7-C2)

Wrote: /local/scratch/mv487/qm9s/experiment_1_phase2/ped/20273/20273_summary.csv
Wrote: /local/scratch/mv487/qm9s/experiment_1_phase2/ped/20273/20273_families.csv
Wrote: /local/scratch/mv487/qm9s/experiment_1_phase2/ped/20273/20273_ped.csv
Wrote: /local/scratch/mv487/qm9s/experiment_1_phase2/ped/20273/20273_ir_transitions.csv

# All generated files are in: /local/scratch/mv487/qm9s/experiment_1_phase2/ped/20273
# Manifest: /local/scratch/mv487/qm9s/experiment_1_phase2/ped/20273/20273_manifest.txt

--- stderr ---
Normal modes/frequencies absent or incomplete: diagonalizing Hessian.
