# Contact: romi@lens.unifi.it
# Manual: https://github.com/SebRoLENS/orca-ped-analyzer/blob/main/docs/ORCA_PED_Analyzer_Manual.md
# Check GitHub for updates and new releases: https://github.com/SebRoLENS/orca-ped-analyzer
#
# Molecule: 17 atoms | non-linear
# Bonds inferred: 17 | candidate ICs: 103 | selected ICs: 45
# Cartesian-Hessian reconstruction relative error: 1.059e-05
# Energy distribution: PED (PED is the backward-compatible default; TED includes kinetic-energy terms)
# Ring/cycle bonds detected: 6 | ring atoms: 6 | ring systems: 1
# VPT2: no matching .out file supplied/found -> harmonic/PED analysis only
#
 Mode   Harm/cm-1   VPT2/cm-1  Harm.Int/km mol-1  Assignment                                                     Grouped PED
------------------------------------------------------------------------------------------------------------------------------------------------------------------------------------------------
    6      109.89          --                 --  mixed C-C torsion / cyclic-ring torsional/out-of-plane deformation C-C torsion 63.23%; cyclic-ring torsional/out-of-plane deformation 17.24%; cyclic-ring torsional/out-of-plane deformation 13.21%; ring-site C-H out-of-plane bending 3.41%
    7      155.13          --                 --  C-C torsion                                                    C-C torsion 98.94%
    8      215.07          --                 --  mixed C-C torsion / cyclic-ring torsional/out-of-plane deformation / cyclic-ring torsional/out-of-plane deformation C-C torsion 42.53%; cyclic-ring torsional/out-of-plane deformation 31.46%; cyclic-ring torsional/out-of-plane deformation 17.14%; C-N torsion 4.82%
    9      287.11          --                 --  mixed C-N torsion / C-C-C bending                              C-N torsion 51.54%; C-C-C bending 25.21%; N-C-C bending 7.34%; C-C-N bending 4.01%
   10      307.01          --                 --  C-N torsion                                                    C-N torsion 94.12%
   11      327.29          --                 --  C-N torsion                                                    C-N torsion 71.71%; N-C-C bending 7.08%; N-H bending 4.89%; C-C-N bending 4.73%
   12      336.78          --                 --  mixed C-N torsion / C-N out-of-plane bending                   C-N torsion 36.39%; C-N out-of-plane bending 16.68%; N-C-C bending 11.57%; N-H bending 10.07%
   13      378.41          --                 --  mixed cyclic-ring torsional/out-of-plane deformation / C-N torsion cyclic-ring torsional/out-of-plane deformation 54.68%; C-N torsion 22.64%; C-C torsion 11.62%; C-N out-of-plane bending 3.84%
   14      467.04          --                 --  mixed cyclic-ring torsional/out-of-plane deformation / C-C torsion / cyclic-ring torsional/out-of-plane deformation cyclic-ring torsional/out-of-plane deformation 38.12%; C-C torsion 36.27%; cyclic-ring torsional/out-of-plane deformation 18.02%; C-N torsion 2.11%
   15      501.82          --                 --  mixed C-C-N bending / N-C-C bending                            C-C-N bending 24.51%; N-C-C bending 23.61%; C-C-C bending 13.82%; cyclic-ring deformation (C-N-C bend) 11.92%
   16      517.31          --                 --  mixed cyclic-ring deformation (N-C-C bend) / in-phase exocyclic C-N stretching cyclic-ring deformation (N-C-C bend) 66.81%; in-phase exocyclic C-N stretching 12.44%; in-phase cyclic C-N stretching 3.84%; N-H bending 3.40%
   17      551.77          --                 --  mixed C-N torsion / N-H bending                                C-N torsion 69.87%; N-H bending 18.75%; exocyclic C-N stretching 3.26%
   18      585.57          --                 --  mixed C-N out-of-plane bending / C-N torsion / N-H bending     C-N out-of-plane bending 35.17%; C-N torsion 19.40%; N-H bending 17.69%; cyclic-ring torsional/out-of-plane deformation 8.49%
   19      594.16          --                 --  mixed C-N torsion / cyclic-ring deformation (N-C-C bend)       C-N torsion 25.18%; cyclic-ring deformation (N-C-C bend) 18.53%; C-N out-of-plane bending 14.02%; N-H bending 9.68%
   20      647.86          --                 --  mixed C-N torsion / C-N out-of-plane bending / N-H bending     C-N torsion 32.83%; C-N out-of-plane bending 30.46%; N-H bending 18.97%; cyclic-ring torsional/out-of-plane deformation 7.11%
   21      727.02          --                 --  mixed cyclic-ring deformation (C-N-C bend) / cyclic C-C stretching cyclic-ring deformation (C-N-C bend) 37.41%; cyclic C-C stretching 21.66%; in-phase cyclic C-N stretching 12.37%; exocyclic C-C stretching 12.13%
   22      771.14          --                 --  mixed cyclic-ring torsional/out-of-plane deformation / C-C torsion / C-N torsion cyclic-ring torsional/out-of-plane deformation 47.96%; C-C torsion 18.88%; C-N torsion 17.27%; ring-site C-H out-of-plane bending 4.29%
   23      808.81          --                 --  mixed cyclic-ring deformation (N-C-C bend) / mixed-phase exocyclic C-N stretching cyclic-ring deformation (N-C-C bend) 25.32%; mixed-phase exocyclic C-N stretching 21.86%; mixed-phase cyclic C-C stretching 14.95%; cyclic-ring deformation (C-N-C bend) 6.16%
   24      880.94          --                 --  ring-site C-H out-of-plane bending                             ring-site C-H out-of-plane bending 84.63%; C-N torsion 8.25%; cyclic-ring torsional/out-of-plane deformation 5.49%
   25      979.83          --                 --  mixed mixed-phase cyclic C-C stretching / C-H bending / cyclic C-N stretching mixed-phase cyclic C-C stretching 24.26%; C-H bending 18.43%; cyclic C-N stretching 15.93%; cyclic-ring deformation (N-C-C bend) 14.60%
   26     1018.24          --                 --  mixed N-H bending / C-H bending                                N-H bending 22.52%; C-H bending 20.09%; mixed-phase cyclic C-N stretching 12.07%; cyclic C-C stretching 10.44%
   27     1051.70          --                 --  C-H bending                                                    C-H bending 91.68%; C-C torsion 3.36%; cyclic-ring torsional/out-of-plane deformation 2.39%
   28     1074.80          --                 --  mixed opposite-phase cyclic C-N stretching / N-H bending       opposite-phase cyclic C-N stretching 39.96%; N-H bending 26.54%; cyclic-ring deformation (C-N-C bend) 9.03%; cyclic C-C stretching 6.48%
   29     1120.21          --                 --  mixed N-H bending / cyclic C-N stretching                      N-H bending 58.71%; cyclic C-N stretching 12.87%; cyclic C-C stretching 9.32%; exocyclic C-C stretching 5.54%
   30     1228.83          --                 --  mixed N-H bending / cyclic-ring deformation (N-C-C bend) / exocyclic C-C stretching N-H bending 22.12%; cyclic-ring deformation (N-C-C bend) 20.48%; exocyclic C-C stretching 15.41%; mixed-phase cyclic C-C stretching 10.09%
   31     1262.59          --                 --  mixed mixed-phase cyclic C-N stretching / opposite-phase cyclic C-C stretching mixed-phase cyclic C-N stretching 60.01%; opposite-phase cyclic C-C stretching 17.28%; N-H bending 14.72%
   32     1334.86          --                 --  mixed ring-site C-H in-plane bending / mixed-phase exocyclic C-N stretching ring-site C-H in-plane bending 42.51%; mixed-phase exocyclic C-N stretching 16.14%; cyclic-ring deformation (N-C-C bend) 12.67%; mixed-phase cyclic C-N stretching 6.94%
   33     1356.18          --                 --  mixed exocyclic C-N stretching / cyclic C-N stretching         exocyclic C-N stretching 41.06%; cyclic C-N stretching 31.99%; cyclic-ring deformation (N-C-C bend) 6.22%; ring-site C-H in-plane bending 6.10%
   34     1410.56          --                 --  mixed C-H out-of-plane bending / C-H bending                   C-H out-of-plane bending 61.73%; C-H bending 34.47%
   35     1457.34          --                 --  mixed opposite-phase cyclic C-N stretching / opposite-phase cyclic C-C stretching opposite-phase cyclic C-N stretching 26.97%; opposite-phase cyclic C-C stretching 20.32%; N-H bending 14.57%; exocyclic C-C stretching 9.68%
   36     1470.99          --                 --  mixed C-C torsion / C-H bending                                C-C torsion 25.32%; C-H bending 20.28%; C-H out-of-plane bending 10.41%; mixed-phase exocyclic C-N stretching 10.38%
   37     1485.82          --                 --  mixed C-H bending / C-C torsion                                C-H bending 79.10%; C-C torsion 20.22%
   38     1510.79          --                 --  mixed C-H bending / C-H out-of-plane bending                   C-H bending 28.44%; C-H out-of-plane bending 17.29%; mixed-phase cyclic C-N stretching 14.20%; C-C torsion 9.12%
   39     1594.15          --                 --  mixed mixed-phase cyclic C-N stretching / cyclic-ring deformation (N-C-C bend) mixed-phase cyclic C-N stretching 51.99%; cyclic-ring deformation (N-C-C bend) 11.79%; in-phase cyclic C-C stretching 11.12%; C-C-N bending 6.64%
   40     1621.00          --                 --  mixed in-phase cyclic C-C stretching / in-phase cyclic C-N stretching / N-H bending in-phase cyclic C-C stretching 28.95%; in-phase cyclic C-N stretching 25.39%; N-H bending 16.20%; ring-site C-H in-plane bending 8.50%
   41     1643.22          --                 --  N-H bending                                                    N-H bending 84.46%; mixed-phase exocyclic C-N stretching 6.04%; C-N torsion 3.92%
   42     1645.90          --                 --  mixed N-H bending / exocyclic C-N stretching                   N-H bending 53.76%; exocyclic C-N stretching 11.91%; mixed-phase cyclic C-N stretching 10.13%; C-N torsion 8.59%
   43     3010.95          --                 --  C-H stretching                                                 C-H stretching 99.61%
   44     3059.61          --                 --  mixed-phase C-H stretching                                     mixed-phase C-H stretching 99.52%
   45     3135.96          --                 --  mixed-phase C-H stretching                                     mixed-phase C-H stretching 99.34%
   46     3150.23          --                 --  ring-site C-H stretching                                       ring-site C-H stretching 99.05%
   47     3555.11          --                 --  in-phase N-H stretching                                        in-phase N-H stretching 99.78%
   48     3563.18          --                 --  in-phase N-H stretching                                        in-phase N-H stretching 99.80%
   49     3661.39          --                 --  opposite-phase N-H stretching                                  opposite-phase N-H stretching 99.81%
   50     3670.53          --                 --  opposite-phase N-H stretching                                  opposite-phase N-H stretching 99.74%

# Selected internal-coordinate set:
#   1  nu(C1-H10)
#   2  nu(C2-C8)
#   3  nu(C4-N5)
#   4  nu(C6-H15)
#   5  nu(N9-H16)
#   6  nu(C1-H12)
#   7  nu(N9-H17)
#   8  nu(N5-H13)
#   9  nu(C6-N7)
#  10  nu(N3-C4)
#  11  nu(C1-H11)
#  12  tau(C6-N7-C8-C2)
#  13  tau(N3-C4-N5-H13)
#  14  gamma(C8;N9,H16,H17)
#  15  nu(N7-C8)
#  16  nu(C2-N3)
#  17  tau(C6-C4-N5-H13)
#  18  nu(N5-H14)
#  19  delta(H16-N9-H17)
#  20  tau(N3-C4-C6-H15)
#  21  gamma(H11;C1,H10,H12)
#  22  delta(N3-C2-C8)
#  23  tau(H10-C1-C2-N3)
#  24  delta(N7-C6-H15)
#  25  delta(C4-N5-H13)
#  26  tau(H12-C1-C2-N3)
#  27  tau(H11-C1-C2-C8)
#  28  tau(N3-C4-N5-H14)
#  29  delta(C4-N5-H14)
#  30  delta(C6-N7-C8)
#  31  delta(C2-C1-H12)
#  32  tau(C6-N7-C8-N9)
#  33  nu(C4-C6)
#  34  delta(C2-C1-H10)
#  35  delta(C8-N9-H16)
#  36  nu(C8-N9)
#  37  delta(N3-C4-C6)
#  38  delta(H11-C1-H12)
#  39  nu(C1-C2)
#  40  tau(C2-C8-N9-H16)
#  41  tau(C2-N3-C4-N5)
#  42  delta(C2-C8-N9)
#  43  delta(N5-C4-C6)
#  44  delta(C1-C2-C8)
#  45  tau(C1-C2-C8-N7)

Wrote: /local/scratch/mv487/qm9s/experiment_1_phase2/ped/25977/25977_summary.csv
Wrote: /local/scratch/mv487/qm9s/experiment_1_phase2/ped/25977/25977_families.csv
Wrote: /local/scratch/mv487/qm9s/experiment_1_phase2/ped/25977/25977_ped.csv
Wrote: /local/scratch/mv487/qm9s/experiment_1_phase2/ped/25977/25977_ir_transitions.csv

# All generated files are in: /local/scratch/mv487/qm9s/experiment_1_phase2/ped/25977
# Manifest: /local/scratch/mv487/qm9s/experiment_1_phase2/ped/25977/25977_manifest.txt

--- stderr ---
Normal modes/frequencies absent or incomplete: diagonalizing Hessian.
