# Contact: romi@lens.unifi.it
# Manual: https://github.com/SebRoLENS/orca-ped-analyzer/blob/main/docs/ORCA_PED_Analyzer_Manual.md
# Check GitHub for updates and new releases: https://github.com/SebRoLENS/orca-ped-analyzer
#
# Molecule: 15 atoms | non-linear
# Bonds inferred: 15 | candidate ICs: 95 | selected ICs: 39
# Cartesian-Hessian reconstruction relative error: 1.859e-05
# Energy distribution: PED (PED is the backward-compatible default; TED includes kinetic-energy terms)
# Ring/cycle bonds detected: 5 | ring atoms: 5 | ring systems: 1
# VPT2: no matching .out file supplied/found -> harmonic/PED analysis only
#
 Mode   Harm/cm-1   VPT2/cm-1  Harm.Int/km mol-1  Assignment                                                     Grouped PED
------------------------------------------------------------------------------------------------------------------------------------------------------------------------------------------------
    6       57.37          --                 --  C-O torsion                                                    C-O torsion 79.30%; ring-site C-H out-of-plane bending 3.91%; opposite-phase cyclic C-O stretching 3.41%; cyclic-ring torsional/out-of-plane deformation 2.46%
    7      129.43          --                 --  C-C torsion                                                    C-C torsion 87.74%; C-H bending 6.77%; cyclic-ring torsional/out-of-plane deformation 2.49%
    8      151.37          --                 --  C-O torsion                                                    C-O torsion 80.44%; cyclic-ring torsional/out-of-plane deformation 11.86%
    9      178.63          --                 --  mixed cyclic-ring torsional/out-of-plane deformation / C-O-C bending cyclic-ring torsional/out-of-plane deformation 45.64%; C-O-C bending 27.31%; O-C-O bending 12.21%; C-O torsion 4.89%
   10      245.80          --                 --  cyclic-ring torsional/out-of-plane deformation                 cyclic-ring torsional/out-of-plane deformation 83.01%; C-H bending 5.62%; C-C-N bending 2.63%; C-C torsion 2.27%
   11      267.87          --                 --  mixed C-C-N bending / C-H bending                              C-C-N bending 53.94%; C-H bending 13.77%; cyclic-ring torsional/out-of-plane deformation 9.23%; O-C-O bending 7.47%
   12      388.27          --                 --  mixed cyclic-ring torsional/out-of-plane deformation / C-O-C bending cyclic-ring torsional/out-of-plane deformation 45.32%; C-O-C bending 22.91%; O-C-O bending 10.91%; ring-site C-H out-of-plane bending 8.80%
   13      505.07          --                 --  mixed O-C-O bending / C-C-N bending                            O-C-O bending 35.26%; C-C-N bending 19.23%; C-H bending 11.45%; C-O-C bending 10.34%
   14      625.02          --                 --  mixed cyclic-ring deformation (C-C-N bend) / ring-site C-H out-of-plane bending cyclic-ring deformation (C-C-N bend) 48.02%; ring-site C-H out-of-plane bending 11.88%; exocyclic C-C stretching 11.45%; exocyclic C-O stretching 10.94%
   15      662.35          --                 --  ring-site C-H out-of-plane bending                             ring-site C-H out-of-plane bending 78.89%; cyclic-ring torsional/out-of-plane deformation 10.45%; cyclic-ring deformation (C-C-N bend) 3.27%; exocyclic C-C stretching 2.21%
   16      686.48          --                 --  mixed cyclic-ring torsional/out-of-plane deformation / ring-site C-H out-of-plane bending cyclic-ring torsional/out-of-plane deformation 55.70%; ring-site C-H out-of-plane bending 19.50%; exocyclic C-C stretching 6.81%; cyclic-ring deformation (C-C-N bend) 4.48%
   17      736.26          --                 --  mixed ring-site C-H out-of-plane bending / cyclic C-O stretching ring-site C-H out-of-plane bending 16.44%; cyclic C-O stretching 14.96%; exocyclic C-C stretching 13.36%; exocyclic C-O stretching 13.11%
   18      804.49          --                 --  ring-site C-H out-of-plane bending                             ring-site C-H out-of-plane bending 99.55%
   19      949.42          --                 --  mixed cyclic-ring deformation (N-C-O bend) / cyclic C-O stretching cyclic-ring deformation (N-C-O bend) 60.24%; cyclic C-O stretching 11.79%; C-H bending 7.73%; cyclic C-C stretching 5.95%
   20      971.95          --                 --  mixed C-H bending / cyclic C-N stretching                      C-H bending 37.93%; cyclic C-N stretching 28.59%; cyclic-ring deformation (N-C-O bend) 8.78%; C-O stretching 7.25%
   21     1014.43          --                 --  mixed C-O stretching / C-H bending                             C-O stretching 64.03%; C-H bending 26.92%; cyclic C-C stretching 2.92%
   22     1064.55          --                 --  mixed opposite-phase cyclic C-O stretching / C-H bending / cyclic-ring deformation (N-C-O bend) opposite-phase cyclic C-O stretching 46.21%; C-H bending 25.11%; cyclic-ring deformation (N-C-O bend) 19.64%
   23     1072.45          --                 --  mixed C-H bending / opposite-phase cyclic C-O stretching       C-H bending 68.52%; opposite-phase cyclic C-O stretching 16.73%; cyclic-ring deformation (N-C-O bend) 7.09%; cyclic-ring torsional/out-of-plane deformation 4.24%
   24     1139.11          --                 --  mixed cyclic C-O stretching / cyclic-ring deformation (N-C-O bend) cyclic C-O stretching 47.91%; cyclic-ring deformation (N-C-O bend) 13.89%; ring-site C-H in-plane bending 12.49%; C-H bending 10.20%
   25     1171.39          --                 --  C-H bending                                                    C-H bending 97.49%
   26     1200.74          --                 --  C-H bending                                                    C-H bending 79.13%; cyclic C-N stretching 7.09%
   27     1245.24          --                 --  mixed C-H bending / cyclic C-N stretching                      C-H bending 40.25%; cyclic C-N stretching 29.00%; exocyclic C-O stretching 10.33%; cyclic C-C stretching 4.79%
   28     1308.41          --                 --  mixed ring-site C-H in-plane bending / cyclic C-N stretching   ring-site C-H in-plane bending 48.61%; cyclic C-N stretching 9.32%; C-H bending 8.67%; exocyclic C-C stretching 8.12%
   29     1363.89          --                 --  mixed cyclic-ring deformation (C-C-N bend) / C-H bending / mixed-phase cyclic C-N stretching cyclic-ring deformation (C-C-N bend) 27.65%; C-H bending 21.13%; mixed-phase cyclic C-N stretching 15.35%; exocyclic C-O stretching 14.78%
   30     1429.74          --                 --  C-H bending                                                    C-H bending 87.12%; exocyclic C-C stretching 7.70%; cyclic-ring deformation (C-C-N bend) 2.37%
   31     1481.23          --                 --  C-H bending                                                    C-H bending 89.35%; cyclic-ring deformation (C-C-N bend) 3.56%; exocyclic C-C stretching 2.09%
   32     1484.02          --                 --  C-H bending                                                    C-H bending 97.67%
   33     1490.45          --                 --  C-H bending                                                    C-H bending 97.33%
   34     1498.73          --                 --  C-H bending                                                    C-H bending 97.58%
   35     1503.84          --                 --  C-H bending                                                    C-H bending 99.52%
   36     1556.94          --                 --  cyclic C-N stretching                                          cyclic C-N stretching 70.95%; ring-site C-H in-plane bending 15.48%; cyclic-ring deformation (N-C-O bend) 4.03%; cyclic C-O stretching 3.80%
   37     1701.46          --                 --  mixed cyclic C-C stretching / exocyclic C-O stretching         cyclic C-C stretching 58.69%; exocyclic C-O stretching 14.84%; exocyclic C-C stretching 7.13%; cyclic-ring deformation (C-C-N bend) 5.61%
   38     3030.58          --                 --  C-H stretching                                                 C-H stretching 99.75%
   39     3035.38          --                 --  C-H stretching                                                 C-H stretching 99.64%
   40     3084.52          --                 --  opposite-phase C-H stretching                                  opposite-phase C-H stretching 99.63%
   41     3103.74          --                 --  opposite-phase C-H stretching                                  opposite-phase C-H stretching 99.47%
   42     3118.70          --                 --  mixed-phase C-H stretching                                     mixed-phase C-H stretching 99.54%
   43     3151.48          --                 --  mixed-phase C-H stretching                                     mixed-phase C-H stretching 99.47%
   44     3269.10          --                 --  ring-site C-H stretching                                       ring-site C-H stretching 98.28%

# Selected internal-coordinate set:
#   1  nu(C1-H9)
#   2  nu(O2-C3)
#   3  nu(C4-C5)
#   4  nu(C7-O8)
#   5  nu(C1-H10)
#   6  nu(C5-H14)
#   7  nu(N6-C7)
#   8  nu(C5-H12)
#   9  nu(C1-H11)
#  10  nu(C3-O8)
#  11  gamma(H15;C7,N6,O8)
#  12  tau(O8-C3-C4-N6)
#  13  nu(C4-N6)
#  14  nu(C5-H13)
#  15  tau(O2-C3-C4-N6)
#  16  nu(C7-H15)
#  17  nu(C1-O2)
#  18  tau(O8-C3-C4-C5)
#  19  delta(O2-C1-H10)
#  20  delta(H12-C5-H13)
#  21  delta(H10-C1-H11)
#  22  delta(H12-C5-H14)
#  23  delta(H13-C5-H14)
#  24  delta(H9-C1-H10)
#  25  delta(O2-C3-O8)
#  26  delta(O8-C7-H15)
#  27  delta(O2-C1-H9)
#  28  delta(C4-C5-H14)
#  29  delta(N6-C7-O8)
#  30  delta(O2-C1-H11)
#  31  delta(C3-C4-N6)
#  32  tau(H15-C7-O8-C3)
#  33  nu(C3-C4)
#  34  delta(C4-C5-H12)
#  35  tau(H11-C1-O2-C3)
#  36  tau(N6-C4-C5-H14)
#  37  delta(C1-O2-C3)
#  38  delta(C5-C4-N6)
#  39  tau(C1-O2-C3-C4)

Wrote: /local/scratch/mv487/qm9s/experiment_1_phase2/ped/5039/5039_summary.csv
Wrote: /local/scratch/mv487/qm9s/experiment_1_phase2/ped/5039/5039_families.csv
Wrote: /local/scratch/mv487/qm9s/experiment_1_phase2/ped/5039/5039_ped.csv
Wrote: /local/scratch/mv487/qm9s/experiment_1_phase2/ped/5039/5039_ir_transitions.csv

# All generated files are in: /local/scratch/mv487/qm9s/experiment_1_phase2/ped/5039
# Manifest: /local/scratch/mv487/qm9s/experiment_1_phase2/ped/5039/5039_manifest.txt

--- stderr ---
Normal modes/frequencies absent or incomplete: diagonalizing Hessian.
