# Contact: romi@lens.unifi.it
# Manual: https://github.com/SebRoLENS/orca-ped-analyzer/blob/main/docs/ORCA_PED_Analyzer_Manual.md
# Check GitHub for updates and new releases: https://github.com/SebRoLENS/orca-ped-analyzer
#
# Molecule: 19 atoms | non-linear
# Bonds inferred: 20 | candidate ICs: 187 | selected ICs: 51
# Cartesian-Hessian reconstruction relative error: 2.211e-05
# Energy distribution: PED (PED is the backward-compatible default; TED includes kinetic-energy terms)
# Ring/cycle bonds detected: 7 | ring atoms: 6 | ring systems: 1
# VPT2: no matching .out file supplied/found -> harmonic/PED analysis only
#
 Mode   Harm/cm-1   VPT2/cm-1  Harm.Int/km mol-1  Assignment                                                     Grouped PED
------------------------------------------------------------------------------------------------------------------------------------------------------------------------------------------------
    6      104.36          --                 --  mixed cyclic-ring torsional/out-of-plane deformation / cyclic-ring out-of-plane deformation cyclic-ring torsional/out-of-plane deformation 57.08%; cyclic-ring out-of-plane deformation 14.44%; ring-site C-H out-of-plane bending 12.10%; C-C torsion 6.97%
    7      148.16          --                 --  mixed cyclic-ring torsional/out-of-plane deformation / C-C torsion cyclic-ring torsional/out-of-plane deformation 53.15%; C-C torsion 21.76%; cyclic-ring out-of-plane deformation 15.34%; ring-site C-H out-of-plane bending 6.10%
    8      181.27          --                 --  mixed cyclic-ring torsional/out-of-plane deformation / cyclic-ring out-of-plane deformation cyclic-ring torsional/out-of-plane deformation 62.50%; cyclic-ring out-of-plane deformation 21.87%; C-C torsion 7.87%; cyclic-ring deformation (C-C-C bend) 4.44%
    9      203.68          --                 --  mixed C-C-C bending / C-C-O bending                            C-C-C bending 59.91%; C-C-O bending 22.79%; cyclic-ring torsional/out-of-plane deformation 6.69%
   10      214.07          --                 --  mixed cyclic-ring torsional/out-of-plane deformation / ring-site C-H out-of-plane bending / cyclic-ring deformation (C-C-C bend) cyclic-ring torsional/out-of-plane deformation 41.31%; ring-site C-H out-of-plane bending 20.98%; cyclic-ring deformation (C-C-C bend) 18.82%; cyclic-ring out-of-plane deformation 10.85%
   11      309.16          --                 --  mixed C-C-C bending / cyclic-ring torsional/out-of-plane deformation C-C-C bending 47.26%; cyclic-ring torsional/out-of-plane deformation 12.17%; cyclic-ring deformation (C-C-C bend) 9.38%; cyclic-ring out-of-plane deformation 7.81%
   12      363.57          --                 --  mixed cyclic-ring torsional/out-of-plane deformation / ring-site C-H out-of-plane bending / cyclic-ring out-of-plane deformation cyclic-ring torsional/out-of-plane deformation 41.01%; ring-site C-H out-of-plane bending 32.00%; cyclic-ring out-of-plane deformation 18.71%; C-C torsion 3.36%
   13      390.22          --                 --  mixed cyclic-ring deformation (C-C-C bend) / ring-site C-H out-of-plane bending / cyclic-ring out-of-plane deformation cyclic-ring deformation (C-C-C bend) 25.54%; ring-site C-H out-of-plane bending 22.29%; cyclic-ring out-of-plane deformation 20.85%; cyclic-ring torsional/out-of-plane deformation 15.10%
   14      512.91          --                 --  mixed cyclic-ring out-of-plane deformation / exocyclic C-C stretching cyclic-ring out-of-plane deformation 32.06%; exocyclic C-C stretching 12.51%; cyclic C-C stretching 12.14%; C-C-O bending 8.74%
   15      580.37          --                 --  mixed cyclic-ring deformation (C-C-C bend) / ring-site C-H out-of-plane bending cyclic-ring deformation (C-C-C bend) 35.28%; ring-site C-H out-of-plane bending 22.57%; mixed-phase exocyclic C-C stretching 13.06%; cyclic-ring out-of-plane deformation 12.70%
   16      604.71          --                 --  mixed cyclic-ring out-of-plane deformation / cyclic-ring deformation (C-C-C bend) cyclic-ring out-of-plane deformation 51.27%; cyclic-ring deformation (C-C-C bend) 19.88%; ring-site C-H out-of-plane bending 5.62%; cyclic-ring torsional/out-of-plane deformation 5.60%
   17      681.29          --                 --  mixed ring-site C-H out-of-plane bending / cyclic-ring out-of-plane deformation ring-site C-H out-of-plane bending 49.22%; cyclic-ring out-of-plane deformation 17.36%; cyclic-ring deformation (C-C-C bend) 8.82%; mixed-phase cyclic C-C stretching 7.76%
   18      777.65          --                 --  mixed ring-site C-H out-of-plane bending / cyclic C-C stretching ring-site C-H out-of-plane bending 38.70%; cyclic C-C stretching 16.19%; cyclic-ring out-of-plane deformation 13.63%; cyclic-ring torsional/out-of-plane deformation 11.08%
   19      790.83          --                 --  mixed mixed-phase cyclic C-C stretching / ring-site C-H out-of-plane bending mixed-phase cyclic C-C stretching 40.79%; ring-site C-H out-of-plane bending 18.20%; cyclic-ring out-of-plane deformation 11.92%; cyclic-ring torsional/out-of-plane deformation 10.68%
   20      816.85          --                 --  mixed ring-site C-H out-of-plane bending / mixed-phase cyclic C-C stretching ring-site C-H out-of-plane bending 66.25%; mixed-phase cyclic C-C stretching 18.47%; cyclic-ring deformation (C-C-C bend) 5.90%; C-C-C bending 3.28%
   21      887.12          --                 --  mixed ring-site C-H out-of-plane bending / cyclic-ring out-of-plane deformation ring-site C-H out-of-plane bending 64.71%; cyclic-ring out-of-plane deformation 19.48%; ring-site C-H in-plane bending 10.33%; cyclic C-C stretching 3.60%
   22      903.74          --                 --  mixed mixed-phase cyclic C-C stretching / C-H bending          mixed-phase cyclic C-C stretching 43.08%; C-H bending 26.63%; ring-site C-H in-plane bending 6.85%; ring-site C-H out-of-plane bending 6.23%
   23      966.88          --                 --  mixed ring-site C-H out-of-plane bending / in-phase cyclic C-C stretching ring-site C-H out-of-plane bending 38.53%; in-phase cyclic C-C stretching 19.56%; cyclic-ring torsional/out-of-plane deformation 13.28%; ring-site C-H in-plane bending 11.02%
   24      970.56          --                 --  mixed mixed-phase cyclic C-C stretching / C-O out-of-plane bending / ring-site C-H out-of-plane bending mixed-phase cyclic C-C stretching 38.68%; C-O out-of-plane bending 22.98%; ring-site C-H out-of-plane bending 19.16%; C-C torsion 5.48%
   25     1002.82          --                 --  mixed C-O out-of-plane bending / C-H bending / ring-site C-H in-plane bending C-O out-of-plane bending 27.86%; C-H bending 21.94%; ring-site C-H in-plane bending 20.16%; mixed-phase cyclic C-C stretching 12.85%
   26     1036.07          --                 --  mixed C-H bending / ring-site C-H out-of-plane bending / C-O out-of-plane bending C-H bending 33.08%; ring-site C-H out-of-plane bending 31.84%; C-O out-of-plane bending 15.79%; cyclic-ring out-of-plane deformation 5.75%
   27     1054.92          --                 --  mixed ring-site C-H out-of-plane bending / cyclic-ring out-of-plane deformation ring-site C-H out-of-plane bending 62.84%; cyclic-ring out-of-plane deformation 17.05%; ring-site C-H in-plane bending 12.02%; C-H bending 3.08%
   28     1069.47          --                 --  mixed C-H bending / cyclic-ring out-of-plane deformation       C-H bending 34.15%; cyclic-ring out-of-plane deformation 21.76%; ring-site C-H in-plane bending 9.43%; cyclic-ring deformation (C-C-C bend) 9.16%
   29     1081.93          --                 --  mixed cyclic-ring out-of-plane deformation / ring-site C-H out-of-plane bending cyclic-ring out-of-plane deformation 35.94%; ring-site C-H out-of-plane bending 32.00%; ring-site C-H in-plane bending 9.70%; C-H bending 5.93%
   30     1100.81          --                 --  ring-site C-H out-of-plane bending                             ring-site C-H out-of-plane bending 92.36%; ring-site C-H in-plane bending 4.17%
   31     1118.96          --                 --  mixed mixed-phase cyclic C-C stretching / ring-site C-H out-of-plane bending mixed-phase cyclic C-C stretching 22.66%; ring-site C-H out-of-plane bending 17.44%; exocyclic C-C stretching 12.22%; cyclic-ring deformation (C-C-C bend) 10.12%
   32     1184.52          --                 --  mixed ring-site C-H in-plane bending / mixed-phase cyclic C-C stretching / ring-site C-H out-of-plane bending ring-site C-H in-plane bending 38.68%; mixed-phase cyclic C-C stretching 22.58%; ring-site C-H out-of-plane bending 22.34%; cyclic-ring deformation (C-C-C bend) 6.58%
   33     1199.38          --                 --  mixed ring-site C-H in-plane bending / ring-site C-H out-of-plane bending ring-site C-H in-plane bending 24.52%; ring-site C-H out-of-plane bending 21.58%; cyclic-ring out-of-plane deformation 13.06%; mixed-phase cyclic C-C stretching 11.72%
   34     1217.62          --                 --  mixed cyclic C-C stretching / C-H bending                      cyclic C-C stretching 28.18%; C-H bending 22.83%; exocyclic C-C stretching 13.91%; cyclic-ring out-of-plane deformation 9.66%
   35     1259.05          --                 --  mixed C-C out-of-plane bending / ring-site C-H in-plane bending C-C out-of-plane bending 31.29%; ring-site C-H in-plane bending 28.88%; exocyclic C-C stretching 11.74%; ring-site C-H out-of-plane bending 9.64%
   36     1335.38          --                 --  mixed C-C out-of-plane bending / mixed-phase cyclic C-C stretching / ring-site C-H in-plane bending C-C out-of-plane bending 34.56%; mixed-phase cyclic C-C stretching 24.01%; ring-site C-H in-plane bending 18.69%; cyclic-ring deformation (C-C-C bend) 6.21%
   37     1374.83          --                 --  mixed ring-site C-H in-plane bending / mixed-phase cyclic C-C stretching ring-site C-H in-plane bending 48.65%; mixed-phase cyclic C-C stretching 25.44%; C-C out-of-plane bending 13.81%; ring-site C-H out-of-plane bending 6.90%
   38     1382.01          --                 --  mixed mixed-phase cyclic C-C stretching / C-H bending / ring-site C-H out-of-plane bending mixed-phase cyclic C-C stretching 26.02%; C-H bending 20.25%; ring-site C-H out-of-plane bending 15.04%; cyclic-ring deformation (C-C-C bend) 14.52%
   39     1416.98          --                 --  C-H bending                                                    C-H bending 78.61%; mixed-phase exocyclic C-C stretching 10.47%; cyclic C-C stretching 3.40%; cyclic-ring deformation (C-C-C bend) 3.15%
   40     1431.34          --                 --  C-H bending                                                    C-H bending 86.64%; C-O stretching 3.03%; exocyclic C-C stretching 2.50%; cyclic C-C stretching 2.16%
   41     1479.70          --                 --  mixed C-H bending / ring-site C-H out-of-plane bending         C-H bending 59.26%; ring-site C-H out-of-plane bending 22.75%; ring-site C-H in-plane bending 7.28%; in-phase cyclic C-C stretching 5.45%
   42     1482.67          --                 --  C-H bending                                                    C-H bending 96.06%
   43     1486.57          --                 --  C-H bending                                                    C-H bending 84.99%; ring-site C-H out-of-plane bending 8.13%; cyclic C-C stretching 2.49%; ring-site C-H in-plane bending 2.01%
   44     1492.67          --                 --  mixed C-H bending / ring-site C-H out-of-plane bending         C-H bending 49.71%; ring-site C-H out-of-plane bending 29.35%; ring-site C-H in-plane bending 11.55%; cyclic-ring out-of-plane deformation 4.55%
   45     1659.33          --                 --  mixed cyclic C-C stretching / in-phase exocyclic C-C stretching cyclic C-C stretching 62.83%; in-phase exocyclic C-C stretching 9.66%; C-H bending 9.54%; C-C-C bending 8.10%
   46     1729.37          --                 --  C-O stretching                                                 C-O stretching 83.92%; C-H bending 7.53%; exocyclic C-C stretching 5.67%
   47     2906.83          --                 --  C-H stretching                                                 C-H stretching 99.03%
   48     3024.26          --                 --  C-H stretching                                                 C-H stretching 99.63%
   49     3039.03          --                 --  ring-site C-H stretching                                       ring-site C-H stretching 99.35%
   50     3064.64          --                 --  opposite-phase C-H stretching                                  opposite-phase C-H stretching 99.34%
   51     3068.96          --                 --  mixed-phase ring-site C-H stretching                           mixed-phase ring-site C-H stretching 99.09%
   52     3119.33          --                 --  in-phase ring-site C-H stretching                              in-phase ring-site C-H stretching 99.30%
   53     3130.35          --                 --  mixed-phase C-H stretching                                     mixed-phase C-H stretching 99.51%
   54     3162.18          --                 --  ring-site C-H stretching                                       ring-site C-H stretching 98.91%
   55     3177.77          --                 --  ring-site C-H stretching                                       ring-site C-H stretching 98.88%
   56     3207.11          --                 --  opposite-phase ring-site C-H stretching                        opposite-phase ring-site C-H stretching 99.31%

# Selected internal-coordinate set:
#   1  nu(C1-C2)
#   2  nu(C3-C8)
#   3  nu(C4-C5)
#   4  nu(C6-C7)
#   5  nu(C1-H12)
#   6  nu(C4-H13)
#   7  nu(C8-H19)
#   8  nu(C6-H16)
#   9  nu(C1-H10)
#  10  nu(C7-H18)
#  11  nu(C5-H15)
#  12  nu(C4-H14)
#  13  gamma(O9;C8,C3,H19)
#  14  tau(H16-C6-C7-H18)
#  15  tau(C3-C4-C5-H15)
#  16  nu(C1-H11)
#  17  gamma(C1;C2,C3,C7)
#  18  nu(C8-O9)
#  19  nu(C6-H17)
#  20  nu(C3-C4)
#  21  tau(H17-C6-C7-H18)
#  22  nu(C2-C7)
#  23  delta(C4-C5-H15)
#  24  delta(H10-C1-H12)
#  25  delta(H10-C1-H11)
#  26  delta(H13-C4-H14)
#  27  delta(H11-C1-H12)
#  28  delta(O9-C8-H19)
#  29  tau(C3-C4-C5-C6)
#  30  delta(C6-C7-H18)
#  31  delta(C7-C6-H17)
#  32  gamma(C3;C4,H13,H14)
#  33  tau(C4-C5-C6-H16)
#  34  tau(H16-C6-C7-C2)
#  35  delta(C2-C1-H11)
#  36  delta(C3-C8-O9)
#  37  tau(C8-C3-C4-C5)
#  38  nu(C2-C3)
#  39  nu(C5-C6)
#  40  tau(H13-C4-C5-C6)
#  41  delta(C5-C4-H13)
#  42  delta(C2-C1-H12)
#  43  tau(C4-C3-C8-H19)
#  44  gamma(C5;C6,C7,H17)
#  45  delta(C2-C3-C4)
#  46  gamma(C4;C5,C6,C7)
#  47  tau(H11-C1-C2-C7)
#  48  delta(C2-C7-C6)
#  49  delta(C1-C2-C7)
#  50  delta(C4-C3-C8)
#  51  tau(C1-C2-C3-C4)

Wrote: /local/scratch/mv487/qm9s/experiment_1_phase2/ped/68028/68028_summary.csv
Wrote: /local/scratch/mv487/qm9s/experiment_1_phase2/ped/68028/68028_families.csv
Wrote: /local/scratch/mv487/qm9s/experiment_1_phase2/ped/68028/68028_ped.csv
Wrote: /local/scratch/mv487/qm9s/experiment_1_phase2/ped/68028/68028_ir_transitions.csv

# All generated files are in: /local/scratch/mv487/qm9s/experiment_1_phase2/ped/68028
# Manifest: /local/scratch/mv487/qm9s/experiment_1_phase2/ped/68028/68028_manifest.txt

--- stderr ---
Normal modes/frequencies absent or incomplete: diagonalizing Hessian.
