# Contact: romi@lens.unifi.it
# Manual: https://github.com/SebRoLENS/orca-ped-analyzer/blob/main/docs/ORCA_PED_Analyzer_Manual.md
# Check GitHub for updates and new releases: https://github.com/SebRoLENS/orca-ped-analyzer
#
# Molecule: 19 atoms | non-linear
# Bonds inferred: 20 | candidate ICs: 172 | selected ICs: 51
# Cartesian-Hessian reconstruction relative error: 2.501e-05
# Energy distribution: PED (PED is the backward-compatible default; TED includes kinetic-energy terms)
# Ring/cycle bonds detected: 8 | ring atoms: 8 | ring systems: 2
# VPT2: no matching .out file supplied/found -> harmonic/PED analysis only
#
 Mode   Harm/cm-1   VPT2/cm-1  Harm.Int/km mol-1  Assignment                                                     Grouped PED
------------------------------------------------------------------------------------------------------------------------------------------------------------------------------------------------
    6       33.52          --                 --  inter-ring C-C torsion                                         inter-ring C-C torsion 95.29%
    7      115.92          --                 --  mixed C-C torsion / C-C out-of-plane bending / inter-ring C-C torsion C-C torsion 42.73%; C-C out-of-plane bending 25.04%; inter-ring C-C torsion 20.06%; C-C-C bending 4.62%
    8      171.79          --                 --  C-C torsion                                                    C-C torsion 90.62%; C-C out-of-plane bending 3.96%; C-C-C bending 2.39%
    9      211.50          --                 --  C-C torsion                                                    C-C torsion 90.63%; C-C-C bending 3.28%; ring-site C-H out-of-plane bending 2.54%; C-C out-of-plane bending 2.35%
   10      274.77          --                 --  mixed C-C-C bending / ring-site C-H out-of-plane bending       C-C-C bending 50.16%; ring-site C-H out-of-plane bending 22.43%; inter-ring C-C torsion 6.35%; cyclic-ring torsional/out-of-plane deformation 5.74%
   11      350.73          --                 --  mixed C-C-C bending / ring-site C-H out-of-plane bending       C-C-C bending 45.68%; ring-site C-H out-of-plane bending 37.93%; C-C torsion 6.76%; ring-site C-H in-plane bending 3.50%
   12      434.05          --                 --  mixed C-C-C bending / C-C out-of-plane bending                 C-C-C bending 29.63%; C-C out-of-plane bending 19.27%; inter-ring C-C stretching 11.62%; cyclic C-C stretching 8.98%
   13      485.44          --                 --  mixed ring-site N-H out-of-plane bending / cyclic-ring torsional/out-of-plane deformation ring-site N-H out-of-plane bending 39.94%; cyclic-ring torsional/out-of-plane deformation 30.48%; C-C-C bending 11.41%; C-C torsion 5.43%
   14      492.35          --                 --  mixed C-C-C bending / ring-site N-H out-of-plane bending / C-C torsion C-C-C bending 27.41%; ring-site N-H out-of-plane bending 15.60%; C-C torsion 15.41%; C-C out-of-plane bending 13.03%
   15      630.07          --                 --  mixed C-C out-of-plane bending / cyclic-ring torsional/out-of-plane deformation C-C out-of-plane bending 17.79%; cyclic-ring torsional/out-of-plane deformation 15.48%; cyclic-ring out-of-plane deformation 14.80%; ring-site C-H out-of-plane bending 11.74%
   16      659.05          --                 --  mixed cyclic-ring torsional/out-of-plane deformation / ring-site N-H out-of-plane bending cyclic-ring torsional/out-of-plane deformation 48.96%; ring-site N-H out-of-plane bending 21.16%; ring-site C-H out-of-plane bending 7.93%; C-C out-of-plane bending 4.13%
   17      736.38          --                 --  mixed ring-site C-H out-of-plane bending / cyclic-ring torsional/out-of-plane deformation ring-site C-H out-of-plane bending 35.61%; cyclic-ring torsional/out-of-plane deformation 23.84%; C-C out-of-plane bending 8.53%; cyclic-ring torsional/out-of-plane deformation 5.43%
   18      753.36          --                 --  mixed ring-site C-H out-of-plane bending / mixed-phase cyclic C-C stretching ring-site C-H out-of-plane bending 39.97%; mixed-phase cyclic C-C stretching 10.73%; cyclic-ring torsional/out-of-plane deformation 8.80%; cyclic-ring out-of-plane deformation 8.50%
   19      770.61          --                 --  mixed ring-site C-H out-of-plane bending / mixed-phase cyclic C-C stretching ring-site C-H out-of-plane bending 22.44%; mixed-phase cyclic C-C stretching 16.46%; exocyclic C-C stretching 13.10%; cyclic-ring out-of-plane deformation 10.92%
   20      849.59          --                 --  ring-site C-H out-of-plane bending                             ring-site C-H out-of-plane bending 80.78%; ring-site C-H in-plane bending 7.78%; cyclic-ring torsional/out-of-plane deformation 3.37%; C-C out-of-plane bending 2.19%
   21      852.86          --                 --  mixed ring-site C-H out-of-plane bending / ring-site C-H in-plane bending / cyclic C-C stretching ring-site C-H out-of-plane bending 36.62%; ring-site C-H in-plane bending 18.69%; cyclic C-C stretching 16.20%; cyclic-ring out-of-plane deformation 12.69%
   22      879.44          --                 --  mixed ring-site C-H out-of-plane bending / cyclic-ring out-of-plane deformation ring-site C-H out-of-plane bending 46.87%; cyclic-ring out-of-plane deformation 12.40%; ring-site C-H in-plane bending 10.09%; cyclic C-C stretching 7.93%
   23      935.53          --                 --  mixed ring-site C-H out-of-plane bending / cyclic-ring out-of-plane deformation ring-site C-H out-of-plane bending 35.43%; cyclic-ring out-of-plane deformation 14.67%; C-H bending 13.70%; ring-site C-H in-plane bending 11.16%
   24      951.54          --                 --  mixed cyclic-ring deformation (N-C-C bend) / cyclic-ring deformation (C-N-N bend) cyclic-ring deformation (N-C-C bend) 44.18%; cyclic-ring deformation (C-N-N bend) 15.72%; ring-site C-H in-plane bending 14.31%; ring-site C-H out-of-plane bending 10.63%
   25      977.74          --                 --  mixed cyclic-ring deformation (C-N-N bend) / in-phase cyclic C-C stretching cyclic-ring deformation (C-N-N bend) 25.02%; in-phase cyclic C-C stretching 22.46%; ring-site C-H out-of-plane bending 14.33%; C-C out-of-plane bending 6.98%
   26     1022.00          --                 --  mixed mixed-phase cyclic C-C stretching / cyclic-ring out-of-plane deformation mixed-phase cyclic C-C stretching 22.97%; cyclic-ring out-of-plane deformation 15.80%; ring-site C-H out-of-plane bending 12.17%; exocyclic C-C stretching 10.59%
   27     1063.61          --                 --  mixed ring-site C-H in-plane bending / cyclic N-N stretching / cyclic-ring out-of-plane deformation ring-site C-H in-plane bending 27.61%; cyclic N-N stretching 21.98%; cyclic-ring out-of-plane deformation 16.82%; mixed-phase cyclic C-C stretching 10.16%
   28     1070.54          --                 --  mixed ring-site C-H out-of-plane bending / cyclic-ring out-of-plane deformation ring-site C-H out-of-plane bending 40.02%; cyclic-ring out-of-plane deformation 31.37%; ring-site C-H in-plane bending 12.22%; mixed-phase cyclic C-C stretching 9.80%
   29     1075.85          --                 --  mixed C-H bending / cyclic-ring out-of-plane deformation / ring-site C-H in-plane bending C-H bending 26.07%; cyclic-ring out-of-plane deformation 22.23%; ring-site C-H in-plane bending 19.88%; ring-site C-H out-of-plane bending 10.50%
   30     1106.55          --                 --  mixed C-H bending / ring-site C-H out-of-plane bending         C-H bending 32.83%; ring-site C-H out-of-plane bending 27.10%; cyclic-ring out-of-plane deformation 11.41%; C-C out-of-plane bending 10.93%
   31     1124.12          --                 --  mixed ring-site C-H in-plane bending / cyclic-ring out-of-plane deformation / mixed-phase cyclic C-N stretching ring-site C-H in-plane bending 23.22%; cyclic-ring out-of-plane deformation 19.02%; mixed-phase cyclic C-N stretching 18.29%; in-phase cyclic C-C stretching 9.43%
   32     1149.07          --                 --  mixed ring-site C-H out-of-plane bending / C-C out-of-plane bending ring-site C-H out-of-plane bending 56.70%; C-C out-of-plane bending 14.35%; C-H bending 14.14%; ring-site C-H in-plane bending 5.53%
   33     1184.63          --                 --  mixed cyclic N-N stretching / mixed-phase cyclic C-N stretching cyclic N-N stretching 36.97%; mixed-phase cyclic C-N stretching 21.52%; ring-site N-H in-plane bending 11.73%; ring-site C-H in-plane bending 7.53%
   34     1200.03          --                 --  mixed ring-site C-H in-plane bending / C-C-C bending           ring-site C-H in-plane bending 35.23%; C-C-C bending 21.52%; ring-site C-H out-of-plane bending 10.65%; C-H bending 9.14%
   35     1227.29          --                 --  mixed mixed-phase cyclic C-C stretching / ring-site C-H in-plane bending / ring-site C-H out-of-plane bending mixed-phase cyclic C-C stretching 34.11%; ring-site C-H in-plane bending 19.51%; ring-site C-H out-of-plane bending 16.50%; exocyclic C-C stretching 11.44%
   36     1305.33          --                 --  mixed ring-site C-H in-plane bending / cyclic C-C stretching   ring-site C-H in-plane bending 50.30%; cyclic C-C stretching 12.95%; ring-site N-H in-plane bending 8.47%; cyclic C-N stretching 6.92%
   37     1343.91          --                 --  mixed cyclic C-N stretching / ring-site C-H in-plane bending   cyclic C-N stretching 41.28%; ring-site C-H in-plane bending 16.11%; mixed-phase cyclic C-C stretching 7.80%; ring-site C-H out-of-plane bending 7.68%
   38     1398.34          --                 --  mixed ring-site C-H in-plane bending / C-H out-of-plane bending / C-H bending ring-site C-H in-plane bending 25.44%; C-H out-of-plane bending 19.48%; C-H bending 17.92%; mixed-phase cyclic C-C stretching 11.67%
   39     1416.93          --                 --  mixed ring-site C-H in-plane bending / mixed-phase cyclic C-C stretching ring-site C-H in-plane bending 28.02%; mixed-phase cyclic C-C stretching 17.51%; C-H out-of-plane bending 14.20%; C-H bending 13.31%
   40     1428.90          --                 --  mixed C-H out-of-plane bending / C-H bending                   C-H out-of-plane bending 58.83%; C-H bending 23.32%; exocyclic C-C stretching 6.11%; ring-site C-H in-plane bending 5.13%
   41     1479.13          --                 --  mixed cyclic C-N stretching / ring-site N-H in-plane bending   cyclic C-N stretching 34.77%; ring-site N-H in-plane bending 30.57%; ring-site C-H in-plane bending 12.01%; cyclic C-C stretching 5.08%
   42     1490.71          --                 --  mixed mixed-phase cyclic C-C stretching / ring-site C-H in-plane bending / inter-ring C-C stretching mixed-phase cyclic C-C stretching 26.68%; ring-site C-H in-plane bending 24.85%; inter-ring C-C stretching 15.17%; ring-site C-H out-of-plane bending 9.25%
   43     1493.79          --                 --  mixed C-H bending / C-C torsion                                C-H bending 32.15%; C-C torsion 16.16%; C-H out-of-plane bending 9.26%; ring-site C-H in-plane bending 8.50%
   44     1500.07          --                 --  mixed C-H bending / C-H out-of-plane bending                   C-H bending 46.19%; C-H out-of-plane bending 9.90%; C-C torsion 9.76%; ring-site C-H in-plane bending 9.39%
   45     1508.06          --                 --  mixed C-C torsion / C-H bending                                C-C torsion 29.59%; C-H bending 25.95%; cyclic C-C stretching 10.53%; ring-site C-H in-plane bending 10.07%
   46     1569.52          --                 --  mixed mixed-phase cyclic C-C stretching / cyclic C-N stretching / ring-site C-H in-plane bending mixed-phase cyclic C-C stretching 30.87%; cyclic C-N stretching 19.80%; ring-site C-H in-plane bending 18.02%; inter-ring C-C stretching 8.60%
   47     3026.63          --                 --  C-H stretching                                                 C-H stretching 99.58%
   48     3078.11          --                 --  opposite-phase C-H stretching                                  opposite-phase C-H stretching 99.38%
   49     3100.21          --                 --  mixed-phase C-H stretching                                     mixed-phase C-H stretching 90.80%; ring-site C-H stretching 8.40%
   50     3122.65          --                 --  in-phase ring-site C-H stretching                              in-phase ring-site C-H stretching 98.91%
   51     3131.62          --                 --  ring-site C-H stretching                                       ring-site C-H stretching 91.05%; mixed-phase C-H stretching 7.96%
   52     3158.40          --                 --  ring-site C-H stretching                                       ring-site C-H stretching 99.02%
   53     3202.53          --                 --  opposite-phase ring-site C-H stretching                        opposite-phase ring-site C-H stretching 99.24%
   54     3252.97          --                 --  mixed-phase ring-site C-H stretching                           mixed-phase ring-site C-H stretching 98.40%
   55     3271.20          --                 --  ring-site C-H stretching                                       ring-site C-H stretching 98.64%
   56     3663.89          --                 --  ring-site N-H stretching                                       ring-site N-H stretching 99.32%

# Selected internal-coordinate set:
#   1  nu(C1-H12)
#   2  nu(C2-C3)
#   3  nu(C4-C5)
#   4  nu(N6-N7)
#   5  nu(C8-H18)
#   6  nu(C9-H19)
#   7  nu(C1-H10)
#   8  nu(C4-H16)
#   9  nu(C2-H13)
#  10  nu(C3-H15)
#  11  nu(C1-H11)
#  12  nu(N7-H17)
#  13  tau(C5-N6-N7-H17)
#  14  tau(H18-C8-C9-H19)
#  15  nu(C5-N6)
#  16  tau(H13-C2-C3-H15)
#  17  delta(C9-C8-H18)
#  18  gamma(C2;C4,C5,H16)
#  19  tau(C5-N6-N7-C8)
#  20  tau(H13-C2-C3-H14)
#  21  delta(C5-C9-H19)
#  22  nu(C3-H14)
#  23  gamma(H11;C1,H10,H12)
#  24  delta(C5-C4-H16)
#  25  delta(H10-C1-H12)
#  26  delta(N6-N7-H17)
#  27  delta(C3-C2-H13)
#  28  tau(N6-C5-C9-H19)
#  29  delta(C2-C3-H15)
#  30  tau(H16-C4-C5-C9)
#  31  nu(C5-C9)
#  32  tau(H11-C1-C2-C4)
#  33  gamma(C4;C3,C2,H14)
#  34  delta(C2-C3-H14)
#  35  nu(C8-C9)
#  36  delta(C5-N6-N7)
#  37  delta(C2-C1-H11)
#  38  nu(N7-C8)
#  39  delta(C2-C1-H12)
#  40  tau(H12-C1-C2-C3)
#  41  nu(C1-C2)
#  42  gamma(C5;C4,C2,C3)
#  43  delta(N7-C8-C9)
#  44  gamma(C4;C3,C2,H15)
#  45  nu(C3-C4)
#  46  delta(C1-C2-C3)
#  47  tau(N6-C5-C9-C8)
#  48  delta(C1-C2-C4)
#  49  tau(C3-C4-C5-N6)
#  50  delta(C4-C5-C9)
#  51  tau(C1-C2-C4-H16)

Wrote: /local/scratch/mv487/qm9s/experiment_1_phase2/ped/116247/116247_summary.csv
Wrote: /local/scratch/mv487/qm9s/experiment_1_phase2/ped/116247/116247_families.csv
Wrote: /local/scratch/mv487/qm9s/experiment_1_phase2/ped/116247/116247_ped.csv
Wrote: /local/scratch/mv487/qm9s/experiment_1_phase2/ped/116247/116247_ir_transitions.csv

# All generated files are in: /local/scratch/mv487/qm9s/experiment_1_phase2/ped/116247
# Manifest: /local/scratch/mv487/qm9s/experiment_1_phase2/ped/116247/116247_manifest.txt

--- stderr ---
Normal modes/frequencies absent or incomplete: diagonalizing Hessian.
