# Contact: romi@lens.unifi.it
# Manual: https://github.com/SebRoLENS/orca-ped-analyzer/blob/main/docs/ORCA_PED_Analyzer_Manual.md
# Check GitHub for updates and new releases: https://github.com/SebRoLENS/orca-ped-analyzer
#
# Molecule: 18 atoms | non-linear
# Bonds inferred: 19 | candidate ICs: 164 | selected ICs: 48
# Cartesian-Hessian reconstruction relative error: 2.654e-05
# Energy distribution: PED (PED is the backward-compatible default; TED includes kinetic-energy terms)
# Ring/cycle bonds detected: 9 | ring atoms: 8 | ring systems: 1
# VPT2: no matching .out file supplied/found -> harmonic/PED analysis only
#
 Mode   Harm/cm-1   VPT2/cm-1  Harm.Int/km mol-1  Assignment                                                     Grouped PED
------------------------------------------------------------------------------------------------------------------------------------------------------------------------------------------------
    6       76.97          --                 --  cyclic-ring torsional/out-of-plane deformation                 cyclic-ring torsional/out-of-plane deformation 90.93%; ring-site C-H out-of-plane bending 4.15%
    7      114.75          --                 --  mixed cyclic-ring torsional/out-of-plane deformation / ring-site C-H out-of-plane bending cyclic-ring torsional/out-of-plane deformation 55.14%; ring-site C-H out-of-plane bending 25.19%; cyclic-ring torsional/out-of-plane deformation 17.07%
    8      241.29          --                 --  mixed ring-site C-H out-of-plane bending / cyclic-ring torsional/out-of-plane deformation ring-site C-H out-of-plane bending 55.92%; cyclic-ring torsional/out-of-plane deformation 34.07%; cyclic-ring out-of-plane deformation 3.27%; cyclic-ring deformation (C-C-C bend) 2.14%
    9      319.59          --                 --  mixed ring-site C-H out-of-plane bending / cyclic-ring torsional/out-of-plane deformation ring-site C-H out-of-plane bending 48.84%; cyclic-ring torsional/out-of-plane deformation 20.94%; cyclic-ring deformation (C-C-O bend) 13.00%; cyclic-ring torsional/out-of-plane deformation 6.75%
   10      341.93          --                 --  mixed ring-site C-H out-of-plane bending / cyclic-ring deformation (C-C-C bend) / cyclic-ring torsional/out-of-plane deformation ring-site C-H out-of-plane bending 27.30%; cyclic-ring deformation (C-C-C bend) 20.67%; cyclic-ring torsional/out-of-plane deformation 16.10%; cyclic-ring deformation (C-C-O bend) 12.70%
   11      447.37          --                 --  mixed C-N torsion / ring-site C-H out-of-plane bending / cyclic-ring torsional/out-of-plane deformation C-N torsion 20.80%; ring-site C-H out-of-plane bending 20.38%; cyclic-ring torsional/out-of-plane deformation 19.24%; N-C-C bending 10.98%
   12      452.52          --                 --  mixed cyclic-ring deformation (C-C-O bend) / cyclic-ring deformation (C-C-C bend) / ring-site C-H out-of-plane bending cyclic-ring deformation (C-C-O bend) 29.95%; cyclic-ring deformation (C-C-C bend) 21.65%; ring-site C-H out-of-plane bending 18.99%; N-C-C bending 7.22%
   13      518.65          --                 --  mixed cyclic-ring deformation (C-C-C bend) / C-N torsion / cyclic-ring torsional/out-of-plane deformation cyclic-ring deformation (C-C-C bend) 22.30%; C-N torsion 18.37%; cyclic-ring torsional/out-of-plane deformation 17.82%; ring-site C-H out-of-plane bending 14.76%
   14      590.16          --                 --  mixed C-N torsion / cyclic-ring torsional/out-of-plane deformation / ring-site C-H out-of-plane bending C-N torsion 34.00%; cyclic-ring torsional/out-of-plane deformation 22.58%; ring-site C-H out-of-plane bending 18.41%; cyclic-ring deformation (C-C-C bend) 8.20%
   15      666.18          --                 --  mixed ring-site C-H out-of-plane bending / cyclic-ring deformation (C-C-C bend) ring-site C-H out-of-plane bending 47.34%; cyclic-ring deformation (C-C-C bend) 22.42%; cyclic-ring torsional/out-of-plane deformation 13.76%; ring-site C-H in-plane bending 4.31%
   16      739.80          --                 --  mixed ring-site C-H out-of-plane bending / cyclic-ring deformation (C-C-C bend) / mixed-phase cyclic C-C stretching ring-site C-H out-of-plane bending 38.63%; cyclic-ring deformation (C-C-C bend) 19.26%; mixed-phase cyclic C-C stretching 16.82%; cyclic-ring out-of-plane deformation 9.62%
   17      743.85          --                 --  mixed ring-site C-H out-of-plane bending / cyclic C-C stretching ring-site C-H out-of-plane bending 38.66%; cyclic C-C stretching 21.92%; cyclic-ring deformation (C-C-O bend) 11.11%; ring-site C-H in-plane bending 10.49%
   18      790.91          --                 --  mixed ring-site C-H out-of-plane bending / cyclic-ring out-of-plane deformation / cyclic-ring deformation (C-C-C bend) ring-site C-H out-of-plane bending 36.37%; cyclic-ring out-of-plane deformation 25.71%; cyclic-ring deformation (C-C-C bend) 17.69%; ring-site C-H in-plane bending 4.97%
   19      851.02          --                 --  mixed ring-site C-H out-of-plane bending / cyclic-ring out-of-plane deformation ring-site C-H out-of-plane bending 45.71%; cyclic-ring out-of-plane deformation 36.11%; opposite-phase cyclic C-C stretching 5.44%; ring-site C-H in-plane bending 5.10%
   20      865.75          --                 --  mixed mixed-phase cyclic C-C stretching / C-N torsion          mixed-phase cyclic C-C stretching 32.95%; C-N torsion 22.48%; cyclic-ring out-of-plane deformation 10.19%; cyclic-ring torsional/out-of-plane deformation 6.78%
   21      896.96          --                 --  C-N torsion                                                    C-N torsion 93.14%; cyclic C-C stretching 3.61%
   22      917.42          --                 --  mixed mixed-phase cyclic C-C stretching / C-N torsion          mixed-phase cyclic C-C stretching 47.95%; C-N torsion 31.64%; ring-site C-H out-of-plane bending 6.61%; cyclic C-O stretching 4.59%
   23      951.04          --                 --  mixed cyclic-ring out-of-plane deformation / ring-site C-H in-plane bending cyclic-ring out-of-plane deformation 19.67%; ring-site C-H in-plane bending 15.59%; C-N torsion 14.08%; ring-site C-H out-of-plane bending 13.31%
   24      982.84          --                 --  mixed mixed-phase cyclic C-C stretching / ring-site C-H out-of-plane bending mixed-phase cyclic C-C stretching 32.78%; ring-site C-H out-of-plane bending 15.24%; ring-site C-H in-plane bending 11.46%; cyclic-ring deformation (C-C-C bend) 10.53%
   25      994.81          --                 --  mixed ring-site C-H out-of-plane bending / cyclic C-C stretching ring-site C-H out-of-plane bending 24.26%; cyclic C-C stretching 23.28%; cyclic-ring deformation (C-C-C bend) 10.24%; cyclic-ring out-of-plane deformation 8.66%
   26     1055.84          --                 --  mixed ring-site C-H out-of-plane bending / mixed-phase cyclic C-C stretching ring-site C-H out-of-plane bending 52.36%; mixed-phase cyclic C-C stretching 17.99%; ring-site C-H in-plane bending 6.24%; cyclic-ring out-of-plane deformation 5.61%
   27     1061.91          --                 --  mixed mixed-phase cyclic C-C stretching / ring-site C-H out-of-plane bending mixed-phase cyclic C-C stretching 43.19%; ring-site C-H out-of-plane bending 16.71%; cyclic C-O stretching 13.81%; N-H bending 12.09%
   28     1111.85          --                 --  mixed cyclic-ring deformation (C-C-C bend) / mixed-phase cyclic C-C stretching cyclic-ring deformation (C-C-C bend) 33.83%; mixed-phase cyclic C-C stretching 30.69%; ring-site C-H out-of-plane bending 10.91%; mixed-phase cyclic C-O stretching 9.28%
   29     1121.75          --                 --  mixed ring-site C-H out-of-plane bending / mixed-phase cyclic C-C stretching / mixed-phase cyclic C-O stretching ring-site C-H out-of-plane bending 23.63%; mixed-phase cyclic C-C stretching 23.45%; mixed-phase cyclic C-O stretching 19.12%; cyclic-ring deformation (C-C-O bend) 10.98%
   30     1128.50          --                 --  mixed ring-site C-H out-of-plane bending / opposite-phase cyclic C-O stretching / mixed-phase cyclic C-C stretching ring-site C-H out-of-plane bending 27.87%; opposite-phase cyclic C-O stretching 26.16%; mixed-phase cyclic C-C stretching 19.11%; cyclic-ring deformation (C-C-C bend) 7.31%
   31     1192.93          --                 --  mixed C-C out-of-plane bending / ring-site C-H out-of-plane bending / ring-site C-H in-plane bending C-C out-of-plane bending 39.43%; ring-site C-H out-of-plane bending 28.03%; ring-site C-H in-plane bending 23.98%; cyclic C-C stretching 7.37%
   32     1216.08          --                 --  mixed ring-site C-H in-plane bending / C-C out-of-plane bending ring-site C-H in-plane bending 36.79%; C-C out-of-plane bending 25.31%; ring-site C-H out-of-plane bending 11.17%; cyclic-ring deformation (C-C-C bend) 6.63%
   33     1228.10          --                 --  mixed ring-site C-H out-of-plane bending / C-C out-of-plane bending ring-site C-H out-of-plane bending 66.05%; C-C out-of-plane bending 24.04%; ring-site C-H in-plane bending 3.23%; cyclic-ring torsional/out-of-plane deformation 2.34%
   34     1260.85          --                 --  mixed ring-site C-H out-of-plane bending / ring-site C-H in-plane bending ring-site C-H out-of-plane bending 41.11%; ring-site C-H in-plane bending 15.33%; C-C out-of-plane bending 13.44%; N-H bending 8.69%
   35     1264.21          --                 --  mixed C-C out-of-plane bending / ring-site C-H out-of-plane bending C-C out-of-plane bending 58.59%; ring-site C-H out-of-plane bending 19.30%; ring-site C-H in-plane bending 10.85%; mixed-phase cyclic C-C stretching 7.52%
   36     1301.68          --                 --  mixed ring-site C-H in-plane bending / N-H bending / mixed-phase cyclic C-C stretching ring-site C-H in-plane bending 30.46%; N-H bending 20.34%; mixed-phase cyclic C-C stretching 15.24%; cyclic C-O stretching 5.81%
   37     1326.43          --                 --  mixed C-C out-of-plane bending / ring-site C-H in-plane bending C-C out-of-plane bending 55.29%; ring-site C-H in-plane bending 27.19%; mixed-phase cyclic C-C stretching 8.09%; ring-site C-H out-of-plane bending 5.06%
   38     1342.09          --                 --  mixed ring-site C-H in-plane bending / mixed-phase cyclic C-C stretching / cyclic-ring deformation (C-C-C bend) ring-site C-H in-plane bending 35.34%; mixed-phase cyclic C-C stretching 30.45%; cyclic-ring deformation (C-C-C bend) 15.05%; C-C out-of-plane bending 6.14%
   39     1381.35          --                 --  mixed cyclic C-C stretching / ring-site C-H in-plane bending / ring-site C-H out-of-plane bending cyclic C-C stretching 22.41%; ring-site C-H in-plane bending 21.63%; ring-site C-H out-of-plane bending 15.53%; cyclic C-O stretching 9.15%
   40     1474.82          --                 --  C-H bending                                                    C-H bending 73.67%; ring-site C-H out-of-plane bending 15.33%; ring-site C-H in-plane bending 8.78%
   41     1479.33          --                 --  mixed C-H bending / ring-site C-H out-of-plane bending         C-H bending 74.54%; ring-site C-H out-of-plane bending 21.97%; ring-site C-H in-plane bending 2.69%
   42     1494.23          --                 --  mixed C-H bending / ring-site C-H out-of-plane bending         C-H bending 61.79%; ring-site C-H out-of-plane bending 33.71%; ring-site C-H in-plane bending 2.23%
   43     1726.73          --                 --  mixed exocyclic C-N stretching / cyclic-ring deformation (C-C-O bend) exocyclic C-N stretching 68.61%; cyclic-ring deformation (C-C-O bend) 18.23%; cyclic C-C stretching 7.26%; cyclic C-O stretching 2.15%
   44     1767.61          --                 --  mixed mixed-phase cyclic C-C stretching / cyclic-ring deformation (C-C-C bend) mixed-phase cyclic C-C stretching 70.05%; cyclic-ring deformation (C-C-C bend) 23.97%; ring-site C-H in-plane bending 4.24%
   45     3004.22          --                 --  ring-site C-H stretching                                       ring-site C-H stretching 99.54%
   46     3023.37          --                 --  ring-site C-H stretching                                       ring-site C-H stretching 98.55%
   47     3050.55          --                 --  ring-site C-H stretching                                       ring-site C-H stretching 99.33%
   48     3075.98          --                 --  in-phase ring-site C-H stretching                              in-phase ring-site C-H stretching 99.25%
   49     3104.06          --                 --  mixed-phase ring-site C-H stretching                           mixed-phase ring-site C-H stretching 99.19%
   50     3125.46          --                 --  ring-site C-H stretching                                       ring-site C-H stretching 99.46%
   51     3136.65          --                 --  opposite-phase ring-site C-H stretching                        opposite-phase ring-site C-H stretching 99.34%
   52     3174.30          --                 --  ring-site C-H stretching                                       ring-site C-H stretching 98.93%
   53     3462.86          --                 --  N-H stretching                                                 N-H stretching 99.75%

# Selected internal-coordinate set:
#   1  nu(C4-C5)
#   2  nu(N1-C2)
#   3  nu(C3-H11)
#   4  nu(C6-H14)
#   5  nu(C7-C8)
#   6  nu(C3-H12)
#   7  nu(C6-H15)
#   8  nu(C7-H17)
#   9  nu(N1-H10)
#  10  nu(C8-H18)
#  11  nu(C2-O9)
#  12  tau(H10-N1-C2-O9)
#  13  nu(C4-H13)
#  14  tau(H17-C7-C8-H18)
#  15  gamma(C5;C6,H14,H15)
#  16  gamma(C5;C4,C3,H13)
#  17  gamma(C2;C3,H11,H12)
#  18  nu(C7-H16)
#  19  delta(C5-C4-H13)
#  20  tau(H10-N1-C2-C3)
#  21  nu(C8-O9)
#  22  delta(H14-C6-H15)
#  23  delta(C2-N1-H10)
#  24  delta(H11-C3-H12)
#  25  gamma(C8;C7,H16,H17)
#  26  tau(C3-C4-C5-C6)
#  27  tau(H16-C7-C8-O9)
#  28  nu(C5-C6)
#  29  tau(N1-C2-O9-C8)
#  30  delta(C7-C8-H18)
#  31  tau(H14-C6-C7-H17)
#  32  nu(C2-C3)
#  33  nu(C5-C8)
#  34  delta(C3-C2-O9)
#  35  delta(C7-C6-H15)
#  36  nu(C3-C4)
#  37  nu(C6-C7)
#  38  delta(C4-C3-H12)
#  39  tau(H13-C4-C5-C8)
#  40  delta(H16-C7-H17)
#  41  tau(H12-C3-C4-C5)
#  42  delta(C4-C5-C8)
#  43  tau(H14-C6-C7-C8)
#  44  delta(N1-C2-C3)
#  45  delta(C7-C8-O9)
#  46  tau(C6-C7-C8-O9)
#  47  delta(C6-C5-C8)
#  48  tau(C7-C8-O9-C2)

Wrote: /local/scratch/mv487/qm9s/experiment_1_phase2/ped/41998/41998_summary.csv
Wrote: /local/scratch/mv487/qm9s/experiment_1_phase2/ped/41998/41998_families.csv
Wrote: /local/scratch/mv487/qm9s/experiment_1_phase2/ped/41998/41998_ped.csv
Wrote: /local/scratch/mv487/qm9s/experiment_1_phase2/ped/41998/41998_ir_transitions.csv

# All generated files are in: /local/scratch/mv487/qm9s/experiment_1_phase2/ped/41998
# Manifest: /local/scratch/mv487/qm9s/experiment_1_phase2/ped/41998/41998_manifest.txt

--- stderr ---
Normal modes/frequencies absent or incomplete: diagonalizing Hessian.
