# Contact: romi@lens.unifi.it
# Manual: https://github.com/SebRoLENS/orca-ped-analyzer/blob/main/docs/ORCA_PED_Analyzer_Manual.md
# Check GitHub for updates and new releases: https://github.com/SebRoLENS/orca-ped-analyzer
#
# Molecule: 16 atoms | non-linear
# Bonds inferred: 16 | candidate ICs: 110 | selected ICs: 42
# Cartesian-Hessian reconstruction relative error: 1.230e-05
# Energy distribution: PED (PED is the backward-compatible default; TED includes kinetic-energy terms)
# Ring/cycle bonds detected: 5 | ring atoms: 5 | ring systems: 1
# VPT2: no matching .out file supplied/found -> harmonic/PED analysis only
#
 Mode   Harm/cm-1   VPT2/cm-1  Harm.Int/km mol-1  Assignment                                                     Grouped PED
------------------------------------------------------------------------------------------------------------------------------------------------------------------------------------------------
    6       54.53          --                 --  C-N torsion                                                    C-N torsion 88.43%; C-C torsion 8.77%
    7       82.30          --                 --  C-N torsion                                                    C-N torsion 74.11%; C-C torsion 7.56%; N-H bending 6.75%; C-N-C bending 6.69%
    8      149.29          --                 --  mixed C-N-C bending / N-C-O bending                            C-N-C bending 41.37%; N-C-O bending 13.02%; C-C-N bending 12.89%; C-C torsion 11.92%
    9      257.75          --                 --  C-C torsion                                                    C-C torsion 99.00%
   10      283.99          --                 --  mixed C-C torsion / cyclic-ring torsional/out-of-plane deformation C-C torsion 68.23%; cyclic-ring torsional/out-of-plane deformation 25.87%; C-N torsion 4.07%
   11      344.87          --                 --  mixed C-C-N bending / C-C torsion                              C-C-N bending 47.14%; C-C torsion 16.01%; C-H bending 14.75%; N-C-O bending 6.27%
   12      420.16          --                 --  mixed C-N torsion / C-N-C bending                              C-N torsion 48.47%; C-N-C bending 17.34%; N-C-O bending 13.22%; N-H bending 5.63%
   13      507.11          --                 --  mixed C-N torsion / N-H bending                                C-N torsion 29.70%; N-H bending 20.71%; C-C torsion 11.75%; C-C-N bending 8.67%
   14      615.47          --                 --  mixed ring-site C-H out-of-plane bending / cyclic-ring torsional/out-of-plane deformation ring-site C-H out-of-plane bending 67.43%; cyclic-ring torsional/out-of-plane deformation 29.81%
   15      696.13          --                 --  mixed cyclic-ring torsional/out-of-plane deformation / ring-site C-H out-of-plane bending cyclic-ring torsional/out-of-plane deformation 51.17%; ring-site C-H out-of-plane bending 36.49%; C-N torsion 5.56%
   16      723.18          --                 --  mixed ring-site C-H out-of-plane bending / cyclic-ring torsional/out-of-plane deformation ring-site C-H out-of-plane bending 69.05%; cyclic-ring torsional/out-of-plane deformation 23.31%; C-N torsion 3.50%
   17      738.54          --                 --  mixed cyclic N-O stretching / C-H bending                      cyclic N-O stretching 21.63%; C-H bending 18.46%; C-C-N bending 10.99%; C-N-C bending 9.71%
   18      817.73          --                 --  mixed C-H bending / C-C torsion                                C-H bending 47.31%; C-C torsion 46.81%; C-N torsion 3.13%
   19      861.99          --                 --  mixed cyclic N-O stretching / cyclic-ring deformation (C-O-N bend) cyclic N-O stretching 54.84%; cyclic-ring deformation (C-O-N bend) 14.45%; cyclic-ring deformation (C-C-N bend) 10.93%; N-C-O bending 6.19%
   20      905.41          --                 --  ring-site C-H out-of-plane bending                             ring-site C-H out-of-plane bending 99.78%
   21      921.24          --                 --  mixed C-H bending / cyclic-ring deformation (C-O-N bend)       C-H bending 44.76%; cyclic-ring deformation (C-O-N bend) 13.25%; C-N stretching 9.51%; cyclic-ring deformation (C-C-N bend) 7.19%
   22      932.88          --                 --  mixed cyclic-ring deformation (C-C-N bend) / C-H bending       cyclic-ring deformation (C-C-N bend) 60.58%; C-H bending 14.46%; cyclic-ring deformation (C-O-N bend) 7.21%; C-C stretching 5.48%
   23     1013.42          --                 --  mixed cyclic C-O stretching / cyclic-ring deformation (C-O-N bend) cyclic C-O stretching 29.80%; cyclic-ring deformation (C-O-N bend) 26.91%; C-C stretching 12.48%; cyclic C-C stretching 8.86%
   24     1060.48          --                 --  mixed ring-site C-H in-plane bending / cyclic C-C stretching   ring-site C-H in-plane bending 52.45%; cyclic C-C stretching 31.86%; C-C stretching 6.81%; C-N stretching 2.94%
   25     1069.15          --                 --  mixed C-C stretching / C-H bending                             C-C stretching 33.04%; C-H bending 16.64%; C-N stretching 14.98%; cyclic C-O stretching 9.47%
   26     1145.41          --                 --  mixed C-H bending / C-N stretching                             C-H bending 43.59%; C-N stretching 15.40%; C-C torsion 12.28%; C-H out-of-plane bending 12.02%
   27     1161.08          --                 --  mixed C-H bending / C-C torsion                                C-H bending 52.05%; C-C torsion 26.40%; C-N stretching 7.92%; C-H out-of-plane bending 3.44%
   28     1226.31          --                 --  mixed ring-site C-H in-plane bending / cyclic C-N stretching   ring-site C-H in-plane bending 56.69%; cyclic C-N stretching 16.11%; C-H bending 5.41%; cyclic C-O stretching 3.27%
   29     1298.17          --                 --  mixed C-H bending / C-C torsion                                C-H bending 58.62%; C-C torsion 15.12%; N-H bending 5.01%; cyclic C-C stretching 4.90%
   30     1332.49          --                 --  mixed opposite-phase cyclic C-C stretching / cyclic C-O stretching opposite-phase cyclic C-C stretching 26.73%; cyclic C-O stretching 14.94%; C-H bending 11.63%; exocyclic C-N stretching 9.74%
   31     1345.71          --                 --  mixed C-H bending / C-H out-of-plane bending                   C-H bending 19.26%; C-H out-of-plane bending 18.45%; C-C torsion 14.46%; cyclic C-C stretching 13.50%
   32     1395.69          --                 --  mixed C-H out-of-plane bending / C-H bending                   C-H out-of-plane bending 43.37%; C-H bending 36.57%; C-C torsion 5.74%; ring-site C-H in-plane bending 2.37%
   33     1425.53          --                 --  mixed C-H bending / C-H out-of-plane bending                   C-H bending 50.10%; C-H out-of-plane bending 44.49%; C-C stretching 3.32%
   34     1486.21          --                 --  mixed C-H bending / N-H bending                                C-H bending 47.06%; N-H bending 17.48%; C-H out-of-plane bending 12.11%; C-C torsion 10.02%
   35     1500.10          --                 --  mixed C-H bending / C-C torsion                                C-H bending 55.62%; C-C torsion 35.65%; N-H bending 4.79%
   36     1505.86          --                 --  mixed C-H bending / C-C torsion                                C-H bending 52.23%; C-C torsion 30.50%; C-H out-of-plane bending 13.47%
   37     1529.40          --                 --  mixed C-C torsion / C-H out-of-plane bending / C-H bending     C-C torsion 37.29%; C-H out-of-plane bending 31.18%; C-H bending 22.69%; C-N torsion 2.71%
   38     1548.77          --                 --  mixed cyclic C-N stretching / cyclic C-C stretching            cyclic C-N stretching 44.14%; cyclic C-C stretching 15.27%; ring-site C-H in-plane bending 13.62%; exocyclic C-N stretching 10.44%
   39     1646.79          --                 --  mixed cyclic C-C stretching / exocyclic C-N stretching         cyclic C-C stretching 36.21%; exocyclic C-N stretching 25.45%; N-H bending 8.09%; N-C-O bending 6.64%
   40     2994.36          --                 --  C-H stretching                                                 C-H stretching 99.23%
   41     3030.55          --                 --  C-H stretching                                                 C-H stretching 99.54%
   42     3083.55          --                 --  mixed-phase C-H stretching                                     mixed-phase C-H stretching 99.17%
   43     3104.40          --                 --  mixed-phase C-H stretching                                     mixed-phase C-H stretching 99.49%
   44     3113.44          --                 --  opposite-phase C-H stretching                                  opposite-phase C-H stretching 99.02%
   45     3226.56          --                 --  ring-site C-H stretching                                       ring-site C-H stretching 98.37%
   46     3275.34          --                 --  ring-site C-H stretching                                       ring-site C-H stretching 98.98%
   47     3606.74          --                 --  N-H stretching                                                 N-H stretching 99.58%

# Selected internal-coordinate set:
#   1  nu(C1-H10)
#   2  nu(C2-N3)
#   3  nu(C4-C5)
#   4  nu(C6-N7)
#   5  nu(N7-O8)
#   6  nu(C1-H9)
#   7  nu(C2-H13)
#   8  nu(N3-H14)
#   9  nu(C5-C6)
#  10  nu(C4-O8)
#  11  nu(C1-H11)
#  12  nu(C2-H12)
#  13  gamma(H16;C6,C5,N7)
#  14  tau(C5-C4-O8-N7)
#  15  tau(N3-C4-O8-N7)
#  16  tau(O8-C4-C5-H15)
#  17  nu(C6-H16)
#  18  tau(H13-C2-N3-H14)
#  19  nu(C5-H15)
#  20  gamma(H11;C1,H9,H10)
#  21  delta(H9-C1-H10)
#  22  tau(H11-C1-C2-H12)
#  23  gamma(H12;C2,N3,H13)
#  24  delta(C2-N3-H14)
#  25  delta(C4-O8-N7)
#  26  delta(N3-C2-H13)
#  27  delta(C6-C5-H15)
#  28  delta(N7-C6-H16)
#  29  delta(C2-C1-H10)
#  30  tau(H10-C1-C2-H12)
#  31  nu(N3-C4)
#  32  delta(C1-C2-H12)
#  33  nu(C1-C2)
#  34  delta(C5-C6-N7)
#  35  tau(H9-C1-C2-N3)
#  36  delta(N3-C4-O8)
#  37  tau(H16-C6-N7-O8)
#  38  delta(C2-C1-H9)
#  39  tau(C1-C2-N3-C4)
#  40  delta(C1-C2-N3)
#  41  tau(C2-N3-C4-C5)
#  42  delta(C2-N3-C4)

Wrote: /local/scratch/mv487/qm9s/experiment_1_phase2/ped/19251/19251_summary.csv
Wrote: /local/scratch/mv487/qm9s/experiment_1_phase2/ped/19251/19251_families.csv
Wrote: /local/scratch/mv487/qm9s/experiment_1_phase2/ped/19251/19251_ped.csv
Wrote: /local/scratch/mv487/qm9s/experiment_1_phase2/ped/19251/19251_ir_transitions.csv

# All generated files are in: /local/scratch/mv487/qm9s/experiment_1_phase2/ped/19251
# Manifest: /local/scratch/mv487/qm9s/experiment_1_phase2/ped/19251/19251_manifest.txt

--- stderr ---
Normal modes/frequencies absent or incomplete: diagonalizing Hessian.
