# Contact: romi@lens.unifi.it
# Manual: https://github.com/SebRoLENS/orca-ped-analyzer/blob/main/docs/ORCA_PED_Analyzer_Manual.md
# Check GitHub for updates and new releases: https://github.com/SebRoLENS/orca-ped-analyzer
#
# Molecule: 14 atoms | non-linear
# Bonds inferred: 14 | candidate ICs: 83 | selected ICs: 36
# Cartesian-Hessian reconstruction relative error: 1.317e-05
# Energy distribution: PED (PED is the backward-compatible default; TED includes kinetic-energy terms)
# Ring/cycle bonds detected: 5 | ring atoms: 5 | ring systems: 1
# VPT2: no matching .out file supplied/found -> harmonic/PED analysis only
#
 Mode   Harm/cm-1   VPT2/cm-1  Harm.Int/km mol-1  Assignment                                                     Grouped PED
------------------------------------------------------------------------------------------------------------------------------------------------------------------------------------------------
    6       84.24          --                 --  mixed C-N torsion / C-N out-of-plane bending                   C-N torsion 55.02%; C-N out-of-plane bending 15.07%; mixed-phase cyclic C-O stretching 8.70%; C-N-C bending 5.79%
    7      133.11          --                 --  mixed cyclic-ring torsional/out-of-plane deformation / cyclic-ring torsional/out-of-plane deformation / C-N-C bending cyclic-ring torsional/out-of-plane deformation 24.07%; cyclic-ring torsional/out-of-plane deformation 21.75%; C-N-C bending 20.54%; C-N out-of-plane bending 16.62%
    8      169.27          --                 --  mixed C-N torsion / cyclic-ring torsional/out-of-plane deformation C-N torsion 69.19%; cyclic-ring torsional/out-of-plane deformation 11.04%; N-C-O bending 5.69%; C-H bending 5.34%
    9      200.99          --                 --  mixed cyclic-ring torsional/out-of-plane deformation / C-N-C bending cyclic-ring torsional/out-of-plane deformation 33.54%; C-N-C bending 28.20%; C-N out-of-plane bending 13.78%; N-C-O bending 8.39%
   10      345.33          --                 --  mixed cyclic-ring torsional/out-of-plane deformation / N-C-O bending cyclic-ring torsional/out-of-plane deformation 57.72%; N-C-O bending 16.63%; C-N torsion 9.50%; C-N-C bending 5.40%
   11      398.91          --                 --  mixed C-N-C bending / C-N out-of-plane bending                 C-N-C bending 31.23%; C-N out-of-plane bending 22.72%; N-C-O bending 13.44%; cyclic-ring torsional/out-of-plane deformation 9.61%
   12      514.27          --                 --  mixed N-C-O bending / C-N out-of-plane bending                 N-C-O bending 40.82%; C-N out-of-plane bending 31.99%; N-H bending 8.99%; C-N torsion 6.87%
   13      587.91          --                 --  mixed C-N out-of-plane bending / N-H bending                   C-N out-of-plane bending 36.93%; N-H bending 14.28%; exocyclic C-N stretching 10.90%; cyclic-ring deformation (C-O-C bend) 7.47%
   14      606.31          --                 --  mixed cyclic-ring torsional/out-of-plane deformation / ring-site C-H out-of-plane bending cyclic-ring torsional/out-of-plane deformation 30.58%; ring-site C-H out-of-plane bending 27.06%; cyclic-ring out-of-plane deformation 8.38%; cyclic-ring torsional/out-of-plane deformation 8.09%
   15      644.27          --                 --  mixed ring-site C-H out-of-plane bending / C-N out-of-plane bending / cyclic-ring torsional/out-of-plane deformation ring-site C-H out-of-plane bending 38.49%; C-N out-of-plane bending 24.78%; cyclic-ring torsional/out-of-plane deformation 18.94%; N-H bending 7.02%
   16      679.00          --                 --  mixed cyclic-ring deformation (C-O-C bend) / N-H bending       cyclic-ring deformation (C-O-C bend) 16.16%; N-H bending 14.54%; C-N-C bending 12.29%; cyclic-ring torsional/out-of-plane deformation 10.03%
   17      706.27          --                 --  mixed cyclic-ring out-of-plane deformation / C-N torsion       cyclic-ring out-of-plane deformation 69.80%; C-N torsion 20.54%; cyclic-ring torsional/out-of-plane deformation 3.73%
   18      760.04          --                 --  mixed C-N torsion / cyclic-ring deformation (C-C-O bend)       C-N torsion 48.81%; cyclic-ring deformation (C-C-O bend) 23.01%; cyclic-ring deformation (C-O-C bend) 5.73%; cyclic-ring out-of-plane deformation 4.08%
   19      770.54          --                 --  mixed cyclic-ring deformation (C-C-O bend) / C-N torsion       cyclic-ring deformation (C-C-O bend) 32.06%; C-N torsion 24.16%; cyclic-ring out-of-plane deformation 8.05%; cyclic-ring deformation (C-O-C bend) 7.44%
   20      914.49          --                 --  mixed cyclic C-O stretching / cyclic-ring deformation (C-O-C bend) cyclic C-O stretching 67.09%; cyclic-ring deformation (C-O-C bend) 17.27%; N-C-O bending 8.13%
   21      970.42          --                 --  mixed-phase cyclic C-O stretching                              mixed-phase cyclic C-O stretching 73.19%; C-N stretching 11.19%; C-H bending 5.51%; exocyclic C-N stretching 2.84%
   22      997.96          --                 --  mixed opposite-phase cyclic C-O stretching / N-H bending / cyclic-ring deformation (C-O-C bend) opposite-phase cyclic C-O stretching 33.87%; N-H bending 25.28%; cyclic-ring deformation (C-O-C bend) 19.48%; N-C-O bending 6.14%
   23     1050.18          --                 --  mixed C-N stretching / mixed-phase cyclic C-O stretching / C-H bending C-N stretching 29.68%; mixed-phase cyclic C-O stretching 28.74%; C-H bending 19.25%; cyclic-ring deformation (C-C-O bend) 14.67%
   24     1082.38          --                 --  mixed mixed-phase cyclic C-O stretching / cyclic-ring deformation (C-C-O bend) mixed-phase cyclic C-O stretching 51.78%; cyclic-ring deformation (C-C-O bend) 25.30%; ring-site C-H in-plane bending 5.99%; C-N stretching 5.49%
   25     1145.61          --                 --  C-H bending                                                    C-H bending 77.38%; C-N stretching 9.23%; C-N out-of-plane bending 3.45%; ring-site C-H in-plane bending 3.08%
   26     1158.99          --                 --  C-H bending                                                    C-H bending 71.81%; mixed-phase cyclic C-O stretching 10.00%; C-N stretching 6.49%; C-N-C bending 3.77%
   27     1200.74          --                 --  mixed N-H bending / ring-site C-H in-plane bending             N-H bending 30.47%; ring-site C-H in-plane bending 30.45%; mixed-phase cyclic C-O stretching 14.36%; C-H bending 7.86%
   28     1313.77          --                 --  mixed mixed-phase cyclic C-O stretching / ring-site C-H in-plane bending mixed-phase cyclic C-O stretching 26.94%; ring-site C-H in-plane bending 21.55%; N-H bending 13.96%; exocyclic C-N stretching 13.40%
   29     1358.47          --                 --  mixed mixed-phase cyclic C-O stretching / C-H bending / exocyclic C-N stretching mixed-phase cyclic C-O stretching 24.38%; C-H bending 19.32%; exocyclic C-N stretching 18.98%; cyclic-ring deformation (C-C-O bend) 12.89%
   30     1462.73          --                 --  C-H bending                                                    C-H bending 80.79%; N-H bending 12.14%; cyclic C-C stretching 2.92%
   31     1482.18          --                 --  mixed C-H bending / N-H bending                                C-H bending 64.72%; N-H bending 22.55%; C-N stretching 3.16%; cyclic C-O stretching 3.15%
   32     1498.18          --                 --  C-H bending                                                    C-H bending 97.10%
   33     1521.51          --                 --  C-H bending                                                    C-H bending 95.11%; N-H bending 2.93%
   34     1734.92          --                 --  mixed cyclic C-C stretching / opposite-phase exocyclic C-N stretching cyclic C-C stretching 49.98%; opposite-phase exocyclic C-N stretching 31.08%; N-C-O bending 4.90%; cyclic C-O stretching 4.64%
   35     1797.32          --                 --  mixed exocyclic C-N stretching / cyclic C-C stretching         exocyclic C-N stretching 62.01%; cyclic C-C stretching 13.38%; cyclic-ring deformation (C-O-C bend) 10.74%; in-phase cyclic C-O stretching 9.80%
   36     2999.01          --                 --  C-H stretching                                                 C-H stretching 99.63%
   37     3102.59          --                 --  mixed-phase C-H stretching                                     mixed-phase C-H stretching 99.70%
   38     3143.31          --                 --  mixed-phase C-H stretching                                     mixed-phase C-H stretching 99.24%
   39     3314.44          --                 --  ring-site C-H stretching                                       ring-site C-H stretching 98.19%
   40     3545.66          --                 --  N-H stretching                                                 N-H stretching 99.73%
   41     3595.52          --                 --  N-H stretching                                                 N-H stretching 99.62%

# Selected internal-coordinate set:
#   1  nu(C1-N2)
#   2  nu(C3-O8)
#   3  nu(C4-O5)
#   4  nu(C6-N7)
#   5  nu(C1-H9)
#   6  nu(N7-H14)
#   7  nu(N2-H12)
#   8  nu(C3-C4)
#   9  nu(C1-H10)
#  10  tau(O8-C3-C4-O5)
#  11  gamma(O8;C6,O5,N7)
#  12  nu(C6-O8)
#  13  nu(C1-H11)
#  14  tau(O8-C3-C4-H13)
#  15  gamma(C3;N2,C1,H12)
#  16  nu(O5-C6)
#  17  nu(C4-H13)
#  18  tau(O8-C6-N7-H14)
#  19  delta(C1-N2-H12)
#  20  delta(H9-C1-H11)
#  21  delta(C6-N7-H14)
#  22  delta(H9-C1-H10)
#  23  delta(H10-C1-H11)
#  24  delta(C3-C4-H13)
#  25  tau(N2-C3-C4-O5)
#  26  delta(C3-O8-C6)
#  27  delta(N2-C1-H10)
#  28  delta(C3-C4-O5)
#  29  delta(N2-C1-H9)
#  30  nu(N2-C3)
#  31  delta(N2-C3-O8)
#  32  delta(N7-C6-O8)
#  33  tau(N7-C6-O8-C3)
#  34  tau(H9-C1-N2-C3)
#  35  tau(H12-N2-C3-O8)
#  36  delta(C1-N2-C3)

Wrote: /local/scratch/mv487/qm9s/experiment_1_phase2/ped/4450/4450_summary.csv
Wrote: /local/scratch/mv487/qm9s/experiment_1_phase2/ped/4450/4450_families.csv
Wrote: /local/scratch/mv487/qm9s/experiment_1_phase2/ped/4450/4450_ped.csv
Wrote: /local/scratch/mv487/qm9s/experiment_1_phase2/ped/4450/4450_ir_transitions.csv

# All generated files are in: /local/scratch/mv487/qm9s/experiment_1_phase2/ped/4450
# Manifest: /local/scratch/mv487/qm9s/experiment_1_phase2/ped/4450/4450_manifest.txt

--- stderr ---
Normal modes/frequencies absent or incomplete: diagonalizing Hessian.
