# Contact: romi@lens.unifi.it
# Manual: https://github.com/SebRoLENS/orca-ped-analyzer/blob/main/docs/ORCA_PED_Analyzer_Manual.md
# Check GitHub for updates and new releases: https://github.com/SebRoLENS/orca-ped-analyzer
#
# Molecule: 20 atoms | non-linear
# Bonds inferred: 21 | candidate ICs: 204 | selected ICs: 54
# Cartesian-Hessian reconstruction relative error: 4.835e-05
# Energy distribution: PED (PED is the backward-compatible default; TED includes kinetic-energy terms)
# Ring/cycle bonds detected: 8 | ring atoms: 7 | ring systems: 1
# VPT2: no matching .out file supplied/found -> harmonic/PED analysis only
#
 Mode   Harm/cm-1   VPT2/cm-1  Harm.Int/km mol-1  Assignment                                                     Grouped PED
------------------------------------------------------------------------------------------------------------------------------------------------------------------------------------------------
    6      140.77          --                 --  mixed cyclic-ring torsional/out-of-plane deformation / C-N torsion cyclic-ring torsional/out-of-plane deformation 66.54%; C-N torsion 14.51%; cyclic-ring torsional/out-of-plane deformation 7.67%; C-C torsion 4.01%
    7      187.31          --                 --  C-C torsion                                                    C-C torsion 99.41%
    8      247.53          --                 --  mixed C-C torsion / cyclic-ring torsional/out-of-plane deformation C-C torsion 46.74%; cyclic-ring torsional/out-of-plane deformation 34.31%; ring-site C-H out-of-plane bending 7.75%; cyclic-ring deformation (C-C-O bend) 5.91%
    9      266.21          --                 --  mixed cyclic-ring torsional/out-of-plane deformation / C-C out-of-plane bending cyclic-ring torsional/out-of-plane deformation 51.67%; C-C out-of-plane bending 21.32%; C-C torsion 12.04%; in-phase cyclic C-C stretching 4.14%
   10      279.43          --                 --  mixed C-C torsion / cyclic-ring torsional/out-of-plane deformation C-C torsion 57.38%; cyclic-ring torsional/out-of-plane deformation 21.88%; ring-site C-H out-of-plane bending 9.20%; C-N torsion 4.56%
   11      413.23          --                 --  mixed cyclic-ring deformation (C-C-O bend) / cyclic-ring torsional/out-of-plane deformation cyclic-ring deformation (C-C-O bend) 56.08%; cyclic-ring torsional/out-of-plane deformation 14.28%; C-C-N bending 9.74%; cyclic-ring deformation (C-C-C bend) 4.37%
   12      447.61          --                 --  mixed cyclic-ring deformation (C-C-O bend) / C-C-N bending / C-C torsion cyclic-ring deformation (C-C-O bend) 34.04%; C-C-N bending 22.72%; C-C torsion 17.73%; cyclic-ring torsional/out-of-plane deformation 4.39%
   13      517.08          --                 --  mixed C-H bending / cyclic-ring deformation (C-C-O bend) / C-C torsion C-H bending 17.68%; cyclic-ring deformation (C-C-O bend) 16.12%; C-C torsion 15.84%; exocyclic C-C stretching 11.20%
   14      589.24          --                 --  mixed cyclic-ring deformation (C-C-O bend) / cyclic-ring deformation (C-C-C bend) cyclic-ring deformation (C-C-O bend) 38.52%; cyclic-ring deformation (C-C-C bend) 17.88%; C-N torsion 7.00%; ring-site C-H out-of-plane bending 5.82%
   15      674.50          --                 --  mixed C-N torsion / C-C torsion                                C-N torsion 23.90%; C-C torsion 18.34%; cyclic-ring deformation (C-C-O bend) 12.95%; mixed-phase cyclic C-C stretching 10.20%
   16      732.52          --                 --  mixed C-C torsion / mixed-phase cyclic C-C stretching / C-N torsion C-C torsion 26.65%; mixed-phase cyclic C-C stretching 22.58%; C-N torsion 16.67%; C-H bending 13.60%
   17      771.44          --                 --  mixed C-C torsion / mixed-phase cyclic C-C stretching / cyclic-ring deformation (C-C-C bend) C-C torsion 19.47%; mixed-phase cyclic C-C stretching 16.84%; cyclic-ring deformation (C-C-C bend) 16.47%; C-H bending 12.85%
   18      807.42          --                 --  mixed ring-site C-H in-plane bending / mixed-phase cyclic C-C stretching ring-site C-H in-plane bending 27.89%; mixed-phase cyclic C-C stretching 24.16%; C-C torsion 13.90%; C-N torsion 8.04%
   19      848.95          --                 --  mixed ring-site C-H in-plane bending / mixed-phase cyclic C-C stretching ring-site C-H in-plane bending 38.13%; mixed-phase cyclic C-C stretching 22.94%; C-N torsion 9.36%; mixed-phase cyclic C-O stretching 8.92%
   20      869.37          --                 --  mixed ring-site C-H in-plane bending / mixed-phase cyclic C-C stretching / C-N torsion ring-site C-H in-plane bending 23.37%; mixed-phase cyclic C-C stretching 22.53%; C-N torsion 21.39%; C-C torsion 8.62%
   21      880.74          --                 --  C-N torsion                                                    C-N torsion 81.94%; in-phase cyclic C-C stretching 7.36%; ring-site C-H in-plane bending 2.62%; cyclic-ring torsional/out-of-plane deformation 2.16%
   22      893.20          --                 --  mixed C-N torsion / cyclic C-C stretching                      C-N torsion 46.51%; cyclic C-C stretching 38.66%; ring-site C-H in-plane bending 4.52%; cyclic-ring deformation (C-C-C bend) 2.87%
   23      914.11          --                 --  mixed mixed-phase cyclic C-C stretching / mixed-phase cyclic C-O stretching mixed-phase cyclic C-C stretching 28.08%; mixed-phase cyclic C-O stretching 25.18%; C-N torsion 11.30%; C-H bending 11.25%
   24      938.92          --                 --  mixed cyclic C-O stretching / cyclic-ring deformation (C-C-O bend) cyclic C-O stretching 32.97%; cyclic-ring deformation (C-C-O bend) 23.64%; mixed-phase cyclic C-C stretching 8.63%; cyclic-ring deformation (C-C-C bend) 7.10%
   25      965.84          --                 --  mixed C-H bending / mixed-phase cyclic C-C stretching          C-H bending 25.56%; mixed-phase cyclic C-C stretching 18.67%; cyclic-ring deformation (C-C-O bend) 13.60%; cyclic C-O stretching 12.85%
   26      981.05          --                 --  mixed mixed-phase cyclic C-C stretching / C-H bending / C-C torsion mixed-phase cyclic C-C stretching 41.23%; C-H bending 21.69%; C-C torsion 15.07%; mixed-phase cyclic C-O stretching 8.15%
   27     1024.81          --                 --  mixed mixed-phase cyclic C-O stretching / ring-site C-H in-plane bending / cyclic-ring deformation (C-C-O bend) mixed-phase cyclic C-O stretching 26.14%; ring-site C-H in-plane bending 21.29%; cyclic-ring deformation (C-C-O bend) 18.34%; mixed-phase cyclic C-C stretching 11.00%
   28     1058.59          --                 --  mixed C-H bending / ring-site C-H out-of-plane bending         C-H bending 46.61%; ring-site C-H out-of-plane bending 11.08%; in-phase cyclic C-C stretching 10.48%; ring-site C-H in-plane bending 10.38%
   29     1065.00          --                 --  mixed ring-site C-H in-plane bending / ring-site C-H out-of-plane bending ring-site C-H in-plane bending 39.30%; ring-site C-H out-of-plane bending 12.07%; cyclic-ring deformation (C-C-O bend) 9.38%; cyclic-ring torsional/out-of-plane deformation 8.42%
   30     1108.37          --                 --  mixed C-H bending / ring-site C-H out-of-plane bending         C-H bending 28.96%; ring-site C-H out-of-plane bending 19.62%; ring-site C-H in-plane bending 12.09%; mixed-phase cyclic C-C stretching 9.99%
   31     1126.07          --                 --  mixed C-H bending / exocyclic C-C stretching                   C-H bending 39.07%; exocyclic C-C stretching 26.40%; ring-site C-H in-plane bending 14.07%; cyclic-ring deformation (C-C-O bend) 7.42%
   32     1162.83          --                 --  mixed ring-site C-H in-plane bending / cyclic-ring out-of-plane deformation ring-site C-H in-plane bending 52.91%; cyclic-ring out-of-plane deformation 12.91%; C-H bending 10.42%; cyclic-ring deformation (C-C-O bend) 6.61%
   33     1191.58          --                 --  mixed ring-site C-H in-plane bending / mixed-phase cyclic C-C stretching ring-site C-H in-plane bending 29.26%; mixed-phase cyclic C-C stretching 18.40%; ring-site C-H out-of-plane bending 13.47%; C-C out-of-plane bending 7.85%
   34     1222.59          --                 --  mixed ring-site C-H in-plane bending / mixed-phase cyclic C-C stretching ring-site C-H in-plane bending 56.22%; mixed-phase cyclic C-C stretching 16.37%; C-H bending 12.13%; ring-site C-H out-of-plane bending 5.56%
   35     1250.59          --                 --  mixed ring-site C-H out-of-plane bending / ring-site C-H in-plane bending ring-site C-H out-of-plane bending 23.51%; ring-site C-H in-plane bending 22.13%; N-H bending 11.75%; cyclic-ring out-of-plane deformation 11.21%
   36     1259.54          --                 --  mixed ring-site C-H in-plane bending / N-H bending             ring-site C-H in-plane bending 66.72%; N-H bending 8.88%; mixed-phase cyclic C-C stretching 5.16%; ring-site C-H out-of-plane bending 5.10%
   37     1287.21          --                 --  mixed ring-site C-H in-plane bending / cyclic-ring out-of-plane deformation ring-site C-H in-plane bending 20.99%; cyclic-ring out-of-plane deformation 20.23%; mixed-phase cyclic C-C stretching 14.53%; C-H bending 13.56%
   38     1304.26          --                 --  mixed ring-site C-H out-of-plane bending / ring-site C-H in-plane bending ring-site C-H out-of-plane bending 36.20%; ring-site C-H in-plane bending 35.65%; C-C out-of-plane bending 11.24%; C-H bending 7.29%
   39     1332.91          --                 --  mixed ring-site C-H in-plane bending / mixed-phase cyclic C-C stretching ring-site C-H in-plane bending 60.54%; mixed-phase cyclic C-C stretching 12.34%; C-C out-of-plane bending 11.58%; ring-site C-H out-of-plane bending 6.32%
   40     1344.66          --                 --  mixed ring-site C-H in-plane bending / ring-site C-H out-of-plane bending ring-site C-H in-plane bending 41.79%; ring-site C-H out-of-plane bending 31.17%; mixed-phase cyclic C-C stretching 13.20%; C-C out-of-plane bending 4.42%
   41     1354.71          --                 --  mixed ring-site C-H out-of-plane bending / ring-site C-H in-plane bending ring-site C-H out-of-plane bending 24.77%; ring-site C-H in-plane bending 18.08%; cyclic C-O stretching 12.56%; C-H bending 12.25%
   42     1406.86          --                 --  mixed C-H bending / ring-site C-H out-of-plane bending         C-H bending 60.88%; ring-site C-H out-of-plane bending 22.09%; in-phase cyclic C-C stretching 4.75%; C-C torsion 4.49%
   43     1423.54          --                 --  C-H bending                                                    C-H bending 94.52%; exocyclic C-C stretching 2.75%
   44     1487.14          --                 --  C-H bending                                                    C-H bending 82.95%; ring-site C-H in-plane bending 11.68%; C-C torsion 4.41%
   45     1503.78          --                 --  mixed C-H bending / C-C torsion                                C-H bending 69.40%; C-C torsion 28.43%
   46     1508.77          --                 --  C-H bending                                                    C-H bending 82.03%; C-C torsion 15.93%
   47     1518.83          --                 --  C-H bending                                                    C-H bending 78.49%; ring-site C-H in-plane bending 11.81%; C-C torsion 8.34%
   48     1770.66          --                 --  mixed exocyclic C-N stretching / cyclic-ring deformation (C-C-O bend) exocyclic C-N stretching 66.94%; cyclic-ring deformation (C-C-O bend) 19.87%; cyclic C-C stretching 9.10%; cyclic C-O stretching 2.82%
   49     3036.78          --                 --  C-H stretching                                                 C-H stretching 98.53%
   50     3052.54          --                 --  ring-site C-H stretching                                       ring-site C-H stretching 95.17%; C-H stretching 3.82%
   51     3063.80          --                 --  mixed-phase ring-site C-H stretching                           mixed-phase ring-site C-H stretching 99.21%
   52     3073.05          --                 --  ring-site C-H stretching                                       ring-site C-H stretching 98.39%
   53     3090.94          --                 --  opposite-phase C-H stretching                                  opposite-phase C-H stretching 99.23%
   54     3103.94          --                 --  mixed-phase ring-site C-H stretching                           mixed-phase ring-site C-H stretching 98.54%
   55     3111.08          --                 --  mixed-phase C-H stretching                                     mixed-phase C-H stretching 88.34%; mixed-phase ring-site C-H stretching 10.55%
   56     3121.40          --                 --  mixed-phase ring-site C-H stretching                           mixed-phase ring-site C-H stretching 92.45%; C-H stretching 7.18%
   57     3134.47          --                 --  ring-site C-H stretching                                       ring-site C-H stretching 98.86%
   58     3148.23          --                 --  ring-site C-H stretching                                       ring-site C-H stretching 98.93%
   59     3462.42          --                 --  N-H stretching                                                 N-H stretching 99.75%

# Selected internal-coordinate set:
#   1  nu(C1-C2)
#   2  nu(C3-C4)
#   3  nu(C5-C6)
#   4  nu(C7-N8)
#   5  nu(C3-O9)
#   6  nu(C4-C5)
#   7  nu(C2-H13)
#   8  nu(C1-H12)
#   9  nu(N8-H20)
#  10  nu(C6-H19)
#  11  nu(C1-H11)
#  12  tau(O9-C7-N8-H20)
#  13  nu(C5-H18)
#  14  nu(C4-H15)
#  15  nu(C3-H14)
#  16  nu(C7-O9)
#  17  nu(C1-H10)
#  18  gamma(C2;C6,C5,H19)
#  19  nu(C4-H16)
#  20  nu(C5-H17)
#  21  tau(C6-C7-N8-H20)
#  22  gamma(C3;C2,C1,H13)
#  23  delta(C7-N8-H20)
#  24  gamma(H14;C3,C4,O9)
#  25  delta(H11-C1-H12)
#  26  delta(H10-C1-H11)
#  27  delta(C5-C6-H19)
#  28  delta(H10-C1-H12)
#  29  delta(H17-C5-H18)
#  30  delta(H15-C4-H16)
#  31  delta(C1-C2-H13)
#  32  tau(C6-C2-C3-H14)
#  33  delta(C5-C4-H15)
#  34  delta(C4-C5-H18)
#  35  delta(C4-C3-O9)
#  36  delta(C4-C5-H17)
#  37  delta(C5-C4-H16)
#  38  delta(C6-C7-N8)
#  39  delta(C2-C1-H10)
#  40  nu(C6-C7)
#  41  delta(C6-C5-H18)
#  42  delta(C2-C3-O9)
#  43  delta(C3-C4-H15)
#  44  tau(H11-C1-C2-C6)
#  45  delta(C2-C1-H12)
#  46  nu(C2-C6)
#  47  nu(C2-C3)
#  48  tau(H12-C1-C2-C3)
#  49  delta(C4-C5-C6)
#  50  delta(C6-C7-O9)
#  51  tau(C1-C2-C3-O9)
#  52  tau(H13-C2-C6-C5)
#  53  tau(N8-C7-O9-C3)
#  54  tau(C3-C4-C5-C6)

Wrote: /local/scratch/mv487/qm9s/experiment_1_phase2/ped/127369/127369_summary.csv
Wrote: /local/scratch/mv487/qm9s/experiment_1_phase2/ped/127369/127369_families.csv
Wrote: /local/scratch/mv487/qm9s/experiment_1_phase2/ped/127369/127369_ped.csv
Wrote: /local/scratch/mv487/qm9s/experiment_1_phase2/ped/127369/127369_ir_transitions.csv

# All generated files are in: /local/scratch/mv487/qm9s/experiment_1_phase2/ped/127369
# Manifest: /local/scratch/mv487/qm9s/experiment_1_phase2/ped/127369/127369_manifest.txt

--- stderr ---
Normal modes/frequencies absent or incomplete: diagonalizing Hessian.
