# Contact: romi@lens.unifi.it
# Manual: https://github.com/SebRoLENS/orca-ped-analyzer/blob/main/docs/ORCA_PED_Analyzer_Manual.md
# Check GitHub for updates and new releases: https://github.com/SebRoLENS/orca-ped-analyzer
#
# Molecule: 20 atoms | non-linear
# Bonds inferred: 20 | candidate ICs: 164 | selected ICs: 54
# Cartesian-Hessian reconstruction relative error: 2.382e-05
# Energy distribution: PED (PED is the backward-compatible default; TED includes kinetic-energy terms)
# Ring/cycle bonds detected: 6 | ring atoms: 6 | ring systems: 1
# VPT2: no matching .out file supplied/found -> harmonic/PED analysis only
#
 Mode   Harm/cm-1   VPT2/cm-1  Harm.Int/km mol-1  Assignment                                                     Grouped PED
------------------------------------------------------------------------------------------------------------------------------------------------------------------------------------------------
    6       85.94          --                 --  mixed cyclic-ring torsional/out-of-plane deformation / ring-site C-H out-of-plane bending / C-N torsion cyclic-ring torsional/out-of-plane deformation 36.05%; ring-site C-H out-of-plane bending 20.90%; C-N torsion 19.16%; cyclic-ring torsional/out-of-plane deformation 19.11%
    7      126.39          --                 --  mixed cyclic-ring torsional/out-of-plane deformation / ring-site C-H out-of-plane bending / cyclic-ring torsional/out-of-plane deformation cyclic-ring torsional/out-of-plane deformation 40.08%; ring-site C-H out-of-plane bending 22.17%; cyclic-ring torsional/out-of-plane deformation 16.32%; C-N torsion 14.66%
    8      160.93          --                 --  C-N torsion                                                    C-N torsion 93.90%; ring-site C-H out-of-plane bending 3.16%
    9      190.19          --                 --  C-C torsion                                                    C-C torsion 96.83%
   10      244.36          --                 --  mixed C-N torsion / ring-site C-H out-of-plane bending         C-N torsion 44.00%; ring-site C-H out-of-plane bending 32.64%; cyclic-ring deformation (C-N-C bend) 8.50%; cyclic-ring torsional/out-of-plane deformation 3.68%
   11      271.82          --                 --  mixed C-N torsion / C-C-C bending                              C-N torsion 38.12%; C-C-C bending 19.77%; ring-site C-H out-of-plane bending 11.60%; C-C torsion 5.96%
   12      308.11          --                 --  mixed ring-site C-H out-of-plane bending / ring-site C-H in-plane bending ring-site C-H out-of-plane bending 36.45%; ring-site C-H in-plane bending 9.05%; cyclic-ring deformation (C-C-C bend) 7.56%; C-C-C bending 7.35%
   13      373.05          --                 --  mixed ring-site C-H out-of-plane bending / cyclic-ring deformation (C-C-C bend) ring-site C-H out-of-plane bending 43.02%; cyclic-ring deformation (C-C-C bend) 11.95%; C-N-C bending 8.52%; cyclic-ring torsional/out-of-plane deformation 6.77%
   14      416.89          --                 --  mixed ring-site C-H out-of-plane bending / C-N-C bending       ring-site C-H out-of-plane bending 56.15%; C-N-C bending 10.09%; cyclic-ring deformation (C-N-C bend) 7.94%; cyclic-ring torsional/out-of-plane deformation 4.28%
   15      453.15          --                 --  mixed cyclic-ring deformation (C-N-C bend) / ring-site C-H out-of-plane bending / cyclic-ring deformation (C-C-C bend) cyclic-ring deformation (C-N-C bend) 27.13%; ring-site C-H out-of-plane bending 25.63%; cyclic-ring deformation (C-C-C bend) 16.27%; C-N torsion 5.39%
   16      465.12          --                 --  mixed ring-site C-H out-of-plane bending / cyclic-ring deformation (C-C-C bend) ring-site C-H out-of-plane bending 68.93%; cyclic-ring deformation (C-C-C bend) 12.40%; C-N torsion 5.87%; cyclic-ring torsional/out-of-plane deformation 2.99%
   17      556.81          --                 --  mixed C-C-O bending / C-C-C bending                            C-C-O bending 41.99%; C-C-C bending 12.69%; opposite-phase cyclic C-C stretching 12.61%; C-H bending 7.34%
   18      671.13          --                 --  mixed ring-site C-H out-of-plane bending / cyclic C-C stretching ring-site C-H out-of-plane bending 30.81%; cyclic C-C stretching 21.02%; cyclic-ring out-of-plane deformation 14.61%; cyclic-ring deformation (C-C-C bend) 7.08%
   19      741.23          --                 --  mixed ring-site C-H out-of-plane bending / cyclic C-C stretching ring-site C-H out-of-plane bending 52.84%; cyclic C-C stretching 8.58%; cyclic-ring deformation (C-C-C bend) 8.29%; cyclic-ring out-of-plane deformation 6.45%
   20      771.56          --                 --  mixed ring-site C-H out-of-plane bending / in-phase cyclic C-C stretching / cyclic-ring deformation (C-C-C bend) ring-site C-H out-of-plane bending 18.28%; in-phase cyclic C-C stretching 18.06%; cyclic-ring deformation (C-C-C bend) 16.22%; exocyclic C-N stretching 13.36%
   21      811.12          --                 --  ring-site C-H out-of-plane bending                             ring-site C-H out-of-plane bending 81.80%; cyclic-ring out-of-plane deformation 5.67%; C-C torsion 2.64%; ring-site C-H in-plane bending 2.57%
   22      879.25          --                 --  mixed C-H bending / ring-site C-H out-of-plane bending / cyclic C-N stretching C-H bending 26.23%; ring-site C-H out-of-plane bending 18.62%; cyclic C-N stretching 18.58%; ring-site C-H in-plane bending 14.38%
   23      927.17          --                 --  mixed C-H bending / mixed-phase cyclic C-C stretching          C-H bending 41.59%; mixed-phase cyclic C-C stretching 20.76%; exocyclic C-C stretching 9.86%; C-C torsion 9.50%
   24      965.57          --                 --  mixed C-H bending / ring-site C-H in-plane bending             C-H bending 32.04%; ring-site C-H in-plane bending 27.36%; ring-site C-H out-of-plane bending 10.59%; cyclic C-C stretching 8.46%
   25      979.02          --                 --  ring-site C-H out-of-plane bending                             ring-site C-H out-of-plane bending 98.71%
   26     1057.09          --                 --  mixed C-H bending / mixed-phase cyclic C-N stretching          C-H bending 38.62%; mixed-phase cyclic C-N stretching 28.99%; mixed-phase cyclic C-C stretching 11.30%; ring-site C-H in-plane bending 6.21%
   27     1085.28          --                 --  mixed ring-site C-H in-plane bending / ring-site C-H out-of-plane bending ring-site C-H in-plane bending 31.82%; ring-site C-H out-of-plane bending 20.00%; C-H bending 11.50%; cyclic-ring deformation (C-C-C bend) 11.37%
   28     1114.25          --                 --  mixed C-H bending / ring-site C-H in-plane bending / exocyclic C-C stretching C-H bending 30.40%; ring-site C-H in-plane bending 23.74%; exocyclic C-C stretching 22.10%; ring-site C-H out-of-plane bending 5.44%
   29     1140.44          --                 --  mixed C-H bending / ring-site C-H in-plane bending             C-H bending 66.64%; ring-site C-H in-plane bending 7.71%; C-N torsion 7.10%; C-C torsion 6.04%
   30     1161.39          --                 --  mixed C-H bending / mixed-phase cyclic C-C stretching          C-H bending 46.92%; mixed-phase cyclic C-C stretching 21.10%; ring-site C-H in-plane bending 14.14%; C-C torsion 8.21%
   31     1174.68          --                 --  mixed C-H bending / ring-site C-H in-plane bending             C-H bending 33.69%; ring-site C-H in-plane bending 18.51%; mixed-phase cyclic C-C stretching 13.58%; ring-site C-H out-of-plane bending 9.93%
   32     1201.97          --                 --  mixed ring-site C-H in-plane bending / exocyclic C-N stretching ring-site C-H in-plane bending 39.45%; exocyclic C-N stretching 23.44%; ring-site C-H out-of-plane bending 11.38%; cyclic-ring deformation (C-N-C bend) 8.51%
   33     1224.41          --                 --  mixed ring-site C-H in-plane bending / mixed-phase cyclic C-C stretching ring-site C-H in-plane bending 44.92%; mixed-phase cyclic C-C stretching 20.59%; ring-site C-H out-of-plane bending 12.97%; C-C-O bending 7.56%
   34     1281.81          --                 --  mixed ring-site C-H in-plane bending / ring-site C-H out-of-plane bending ring-site C-H in-plane bending 53.58%; ring-site C-H out-of-plane bending 18.38%; C-H bending 7.31%; cyclic-ring deformation (C-N-C bend) 5.96%
   35     1312.29          --                 --  mixed C-H bending / ring-site C-H in-plane bending / ring-site C-H out-of-plane bending C-H bending 45.20%; ring-site C-H in-plane bending 21.67%; ring-site C-H out-of-plane bending 20.74%; mixed-phase cyclic C-N stretching 3.97%
   36     1354.40          --                 --  mixed ring-site C-H in-plane bending / ring-site C-H out-of-plane bending ring-site C-H in-plane bending 64.10%; ring-site C-H out-of-plane bending 10.68%; C-C torsion 10.62%; mixed-phase cyclic C-C stretching 8.12%
   37     1365.79          --                 --  mixed ring-site C-H in-plane bending / ring-site C-H out-of-plane bending / C-H bending ring-site C-H in-plane bending 28.87%; ring-site C-H out-of-plane bending 21.77%; C-H bending 18.00%; mixed-phase cyclic C-N stretching 17.62%
   38     1408.36          --                 --  mixed ring-site C-H out-of-plane bending / C-H bending / ring-site C-H in-plane bending ring-site C-H out-of-plane bending 34.12%; C-H bending 31.78%; ring-site C-H in-plane bending 23.68%; exocyclic C-C stretching 3.47%
   39     1421.48          --                 --  mixed C-H bending / ring-site C-H out-of-plane bending / ring-site C-H in-plane bending C-H bending 39.71%; ring-site C-H out-of-plane bending 31.59%; ring-site C-H in-plane bending 21.55%; opposite-phase cyclic C-C stretching 3.71%
   40     1456.67          --                 --  mixed C-H bending / ring-site C-H in-plane bending             C-H bending 59.41%; ring-site C-H in-plane bending 11.66%; cyclic C-N stretching 8.91%; mixed-phase cyclic C-C stretching 5.57%
   41     1475.91          --                 --  mixed ring-site C-H out-of-plane bending / C-H bending / ring-site C-H in-plane bending ring-site C-H out-of-plane bending 30.64%; C-H bending 27.48%; ring-site C-H in-plane bending 18.12%; opposite-phase cyclic C-C stretching 11.35%
   42     1488.11          --                 --  mixed C-N torsion / ring-site C-H out-of-plane bending / C-H bending C-N torsion 45.11%; ring-site C-H out-of-plane bending 24.46%; C-H bending 20.34%; ring-site C-H in-plane bending 6.60%
   43     1494.23          --                 --  mixed C-H bending / C-C torsion                                C-H bending 61.17%; C-C torsion 25.15%; ring-site C-H out-of-plane bending 9.29%
   44     1501.47          --                 --  mixed ring-site C-H out-of-plane bending / C-H bending         ring-site C-H out-of-plane bending 67.80%; C-H bending 18.17%; ring-site C-H in-plane bending 8.26%; C-N torsion 2.78%
   45     1504.98          --                 --  mixed C-H bending / C-C torsion                                C-H bending 44.25%; C-C torsion 32.88%; ring-site C-H out-of-plane bending 14.54%; ring-site C-H in-plane bending 5.86%
   46     1528.56          --                 --  mixed C-H bending / ring-site C-H out-of-plane bending         C-H bending 61.43%; ring-site C-H out-of-plane bending 20.03%; C-N torsion 6.28%; ring-site C-H in-plane bending 4.75%
   47     1647.13          --                 --  mixed cyclic C-C stretching / ring-site C-H in-plane bending / cyclic C-N stretching cyclic C-C stretching 42.87%; ring-site C-H in-plane bending 18.28%; cyclic C-N stretching 16.00%; ring-site C-H out-of-plane bending 10.40%
   48     1718.18          --                 --  exocyclic C-O stretching                                       exocyclic C-O stretching 77.60%; in-phase cyclic C-C stretching 8.74%; cyclic-ring deformation (C-C-C bend) 4.76%; ring-site C-H in-plane bending 2.93%
   49     2942.22          --                 --  ring-site C-H stretching                                       ring-site C-H stretching 98.80%
   50     2983.60          --                 --  C-H stretching                                                 C-H stretching 99.19%
   51     2992.26          --                 --  ring-site C-H stretching                                       ring-site C-H stretching 97.96%
   52     3034.00          --                 --  C-H stretching                                                 C-H stretching 99.37%
   53     3069.58          --                 --  ring-site C-H stretching                                       ring-site C-H stretching 93.87%; mixed-phase C-H stretching 5.16%
   54     3073.94          --                 --  mixed-phase C-H stretching                                     mixed-phase C-H stretching 95.97%; ring-site C-H stretching 3.63%
   55     3090.00          --                 --  opposite-phase C-H stretching                                  opposite-phase C-H stretching 97.56%
   56     3121.38          --                 --  mixed-phase C-H stretching                                     mixed-phase C-H stretching 98.80%
   57     3131.86          --                 --  mixed-phase C-H stretching                                     mixed-phase C-H stretching 99.49%
   58     3165.12          --                 --  ring-site C-H stretching                                       ring-site C-H stretching 98.44%
   59     3212.72          --                 --  ring-site C-H stretching                                       ring-site C-H stretching 98.86%

# Selected internal-coordinate set:
#   1  nu(C1-C2)
#   2  nu(C3-N4)
#   3  nu(C5-H18)
#   4  nu(C6-C7)
#   5  nu(C8-O9)
#   6  nu(C5-H17)
#   7  nu(C3-H14)
#   8  nu(C2-H13)
#   9  nu(C1-H12)
#  10  nu(C3-H15)
#  11  nu(C5-H16)
#  12  nu(C7-H20)
#  13  nu(C1-H10)
#  14  nu(C6-H19)
#  15  tau(H19-C6-C7-H20)
#  16  tau(N4-C6-C7-H20)
#  17  nu(C1-H11)
#  18  nu(C2-C8)
#  19  gamma(O9;C8,C2,C7)
#  20  nu(N4-C5)
#  21  delta(C7-C6-H19)
#  22  delta(C2-C8-O9)
#  23  gamma(H14;C3,N4,H15)
#  24  tau(C3-N4-C5-H17)
#  25  tau(H10-C1-C2-H13)
#  26  delta(H16-C5-H18)
#  27  delta(H11-C1-H12)
#  28  delta(C1-C2-H13)
#  29  delta(N4-C5-H18)
#  30  delta(N4-C5-H16)
#  31  gamma(H15;C3,C2,H14)
#  32  delta(C8-C7-H20)
#  33  delta(C2-C1-H12)
#  34  delta(C2-C1-H10)
#  35  delta(C2-C1-H11)
#  36  delta(N4-C5-H17)
#  37  delta(C2-C3-H14)
#  38  nu(C7-C8)
#  39  tau(H19-C6-C7-C8)
#  40  delta(N4-C3-H15)
#  41  nu(N4-C6)
#  42  tau(H11-C1-C2-C8)
#  43  delta(C6-C7-C8)
#  44  nu(C2-C3)
#  45  tau(C6-N4-C5-H18)
#  46  delta(C8-C2-H13)
#  47  tau(C2-C3-N4-C5)
#  48  tau(C8-C2-C3-H14)
#  49  delta(C3-N4-C6)
#  50  tau(C1-C2-C8-C7)
#  51  delta(C3-C2-C8)
#  52  delta(C1-C2-C8)
#  53  delta(C3-N4-C5)
#  54  tau(C3-N4-C6-H19)

Wrote: /local/scratch/mv487/qm9s/experiment_1_phase2/ped/79530/79530_summary.csv
Wrote: /local/scratch/mv487/qm9s/experiment_1_phase2/ped/79530/79530_families.csv
Wrote: /local/scratch/mv487/qm9s/experiment_1_phase2/ped/79530/79530_ped.csv
Wrote: /local/scratch/mv487/qm9s/experiment_1_phase2/ped/79530/79530_ir_transitions.csv

# All generated files are in: /local/scratch/mv487/qm9s/experiment_1_phase2/ped/79530
# Manifest: /local/scratch/mv487/qm9s/experiment_1_phase2/ped/79530/79530_manifest.txt

--- stderr ---
Normal modes/frequencies absent or incomplete: diagonalizing Hessian.
