# Contact: romi@lens.unifi.it
# Manual: https://github.com/SebRoLENS/orca-ped-analyzer/blob/main/docs/ORCA_PED_Analyzer_Manual.md
# Check GitHub for updates and new releases: https://github.com/SebRoLENS/orca-ped-analyzer
#
# Molecule: 21 atoms | non-linear
# Bonds inferred: 20 | candidate ICs: 160 | selected ICs: 57
# Cartesian-Hessian reconstruction relative error: 2.557e-05
# Energy distribution: PED (PED is the backward-compatible default; TED includes kinetic-energy terms)
# Ring/cycle bonds detected: 0 | ring atoms: 0 | ring systems: 0
# VPT2: no matching .out file supplied/found -> harmonic/PED analysis only
#
 Mode   Harm/cm-1   VPT2/cm-1  Harm.Int/km mol-1  Assignment                                                     Grouped PED
------------------------------------------------------------------------------------------------------------------------------------------------------------------------------------------------
    6       49.73          --                 --  C-C torsion                                                    C-C torsion 98.78%
    7       82.95          --                 --  C-C torsion                                                    C-C torsion 97.69%
    8       96.49          --                 --  C-C torsion                                                    C-C torsion 94.57%; C-O torsion 3.12%
    9      110.88          --                 --  C-C torsion                                                    C-C torsion 97.39%; C-O torsion 2.19%
   10      143.67          --                 --  mixed C-C torsion / O-C-C bending                              C-C torsion 65.54%; O-C-C bending 13.03%; C-O torsion 7.70%; C-O-C bending 4.41%
   11      217.00          --                 --  mixed C-C torsion / C-C-C bending                              C-C torsion 66.98%; C-C-C bending 19.46%; C-O torsion 6.07%; C-C out-of-plane bending 5.02%
   12      223.15          --                 --  C-O torsion                                                    C-O torsion 87.28%; C-C torsion 12.40%
   13      242.29          --                 --  C-C torsion                                                    C-C torsion 93.89%; C-O torsion 3.10%
   14      279.20          --                 --  C-C torsion                                                    C-C torsion 70.78%; C-C out-of-plane bending 9.94%; C-C-C bending 7.13%; C-O torsion 5.14%
   15      309.07          --                 --  mixed C-C-O bending / C-C out-of-plane bending / C-C torsion   C-C-O bending 35.59%; C-C out-of-plane bending 20.52%; C-C torsion 16.79%; C-H bending 8.69%
   16      335.08          --                 --  mixed C-C torsion / C-C-C bending                              C-C torsion 60.59%; C-C-C bending 20.49%; C-O-C bending 10.85%
   17      459.28          --                 --  mixed C-C-O bending / C-C torsion / C-C out-of-plane bending   C-C-O bending 38.19%; C-C torsion 20.18%; C-C out-of-plane bending 16.97%; C-C-C bending 6.82%
   18      465.93          --                 --  mixed C-C torsion / C-C-O bending / C-C out-of-plane bending   C-C torsion 33.51%; C-C-O bending 29.34%; C-C out-of-plane bending 23.75%; C-H bending 7.15%
   19      519.00          --                 --  mixed C-C torsion / C-C out-of-plane bending                   C-C torsion 52.65%; C-C out-of-plane bending 16.38%; C-C-C bending 7.35%; C-O-C bending 5.87%
   20      570.98          --                 --  mixed C-O torsion / C-C torsion                                C-O torsion 61.52%; C-C torsion 18.48%; C-C-O bending 6.64%; C-C out-of-plane bending 5.13%
   21      767.27          --                 --  mixed C-C stretching / C-C out-of-plane bending                C-C stretching 44.79%; C-C out-of-plane bending 15.91%; C-C torsion 13.08%; C-H bending 11.31%
   22      787.32          --                 --  mixed C-C torsion / C-C-C bending / C-C out-of-plane bending   C-C torsion 28.92%; C-C-C bending 22.55%; C-C out-of-plane bending 16.89%; C-C stretching 10.06%
   23      891.95          --                 --  mixed C-C torsion / mixed-phase C-O stretching / C-H bending   C-C torsion 28.94%; mixed-phase C-O stretching 20.15%; C-H bending 19.33%; mixed-phase C-C stretching 19.20%
   24      926.99          --                 --  C-C torsion                                                    C-C torsion 83.27%; C-H bending 9.11%; mixed-phase C-C stretching 4.76%; C-O stretching 2.03%
   25      960.07          --                 --  mixed C-O stretching / C-H bending                             C-O stretching 43.56%; C-H bending 25.99%; opposite-phase C-C stretching 11.48%; C-C torsion 9.91%
   26      981.46          --                 --  mixed C-C torsion / C-H bending                                C-C torsion 50.78%; C-H bending 16.57%; C-O stretching 12.24%; mixed-phase C-C stretching 10.06%
   27     1017.89          --                 --  mixed C-H bending / mixed-phase C-C stretching / C-C torsion   C-H bending 33.99%; mixed-phase C-C stretching 30.74%; C-C torsion 15.70%; C-C out-of-plane bending 6.78%
   28     1053.11          --                 --  mixed mixed-phase C-C stretching / mixed-phase C-O stretching / C-C torsion mixed-phase C-C stretching 23.67%; mixed-phase C-O stretching 22.81%; C-C torsion 22.67%; C-H bending 11.67%
   29     1098.63          --                 --  mixed C-C torsion / C-H bending                                C-C torsion 35.77%; C-H bending 25.09%; mixed-phase C-C stretching 8.70%; C-C-O bending 7.26%
   30     1131.85          --                 --  mixed opposite-phase C-O stretching / C-H bending              opposite-phase C-O stretching 63.75%; C-H bending 16.71%; C-C torsion 7.69%; C-C stretching 4.60%
   31     1144.69          --                 --  mixed C-C torsion / mixed-phase C-C stretching                 C-C torsion 45.78%; mixed-phase C-C stretching 13.17%; C-H bending 12.30%; C-C-C bending 10.95%
   32     1157.74          --                 --  mixed C-H bending / mixed-phase C-O stretching / C-C torsion   C-H bending 36.48%; mixed-phase C-O stretching 18.16%; C-C torsion 16.64%; mixed-phase C-C stretching 12.31%
   33     1180.39          --                 --  C-H bending                                                    C-H bending 80.54%; C-O torsion 10.04%; C-C torsion 6.89%
   34     1225.46          --                 --  mixed C-H bending / C-C torsion                                C-H bending 62.82%; C-C torsion 11.95%; C-O stretching 9.96%; C-O torsion 7.54%
   35     1246.47          --                 --  C-C torsion                                                    C-C torsion 75.50%; C-H bending 12.43%; C-H out-of-plane bending 5.38%; C-O torsion 2.49%
   36     1281.07          --                 --  mixed C-C torsion / C-H bending / C-C out-of-plane bending     C-C torsion 33.90%; C-H bending 20.46%; C-C out-of-plane bending 16.77%; O-H bending 10.12%
   37     1305.74          --                 --  mixed C-C torsion / C-C out-of-plane bending                   C-C torsion 66.01%; C-C out-of-plane bending 13.24%; C-H bending 10.72%; C-H out-of-plane bending 3.63%
   38     1364.83          --                 --  mixed C-C torsion / C-C out-of-plane bending                   C-C torsion 50.27%; C-C out-of-plane bending 16.42%; C-H bending 13.45%; mixed-phase C-C stretching 6.95%
   39     1377.24          --                 --  mixed C-C torsion / C-C out-of-plane bending                   C-C torsion 44.75%; C-C out-of-plane bending 25.47%; C-H bending 13.12%; C-H out-of-plane bending 5.69%
   40     1411.53          --                 --  mixed C-H out-of-plane bending / C-H bending                   C-H out-of-plane bending 63.09%; C-H bending 31.18%; C-C stretching 2.76%; C-C torsion 2.04%
   41     1419.49          --                 --  mixed C-H out-of-plane bending / C-H bending                   C-H out-of-plane bending 49.88%; C-H bending 31.46%; C-C torsion 10.68%; opposite-phase C-C stretching 4.02%
   42     1429.90          --                 --  C-H bending                                                    C-H bending 78.39%; C-C out-of-plane bending 5.91%; C-C stretching 3.61%; O-H bending 3.37%
   43     1447.03          --                 --  mixed C-H bending / C-C out-of-plane bending                   C-H bending 51.05%; C-C out-of-plane bending 27.57%; O-H bending 13.30%; C-C torsion 4.51%
   44     1482.20          --                 --  C-H bending                                                    C-H bending 80.63%; C-H out-of-plane bending 9.00%; C-O torsion 4.90%; C-O stretching 2.59%
   45     1487.96          --                 --  mixed C-O torsion / C-H bending                                C-O torsion 76.42%; C-H bending 22.57%
   46     1495.90          --                 --  mixed C-C torsion / C-H bending                                C-C torsion 63.08%; C-H bending 22.40%; C-C out-of-plane bending 7.00%; O-H bending 5.48%
   47     1506.06          --                 --  C-H bending                                                    C-H bending 80.88%; C-O torsion 9.26%; C-H out-of-plane bending 6.01%; C-C torsion 3.13%
   48     1508.12          --                 --  C-H bending                                                    C-H bending 70.16%; C-H out-of-plane bending 15.03%; C-C torsion 13.33%
   49     1532.77          --                 --  mixed C-C torsion / C-H bending / C-H out-of-plane bending     C-C torsion 47.75%; C-H bending 26.62%; C-H out-of-plane bending 22.78%
   50     1777.23          --                 --  C-O stretching                                                 C-O stretching 82.65%; C-H bending 5.65%; C-C stretching 3.87%; C-C torsion 3.38%
   51     2953.21          --                 --  C-H stretching                                                 C-H stretching 98.69%
   52     2971.93          --                 --  mixed-phase C-H stretching                                     mixed-phase C-H stretching 99.35%
   53     2982.88          --                 --  C-H stretching                                                 C-H stretching 99.64%
   54     3018.46          --                 --  in-phase C-H stretching                                        in-phase C-H stretching 98.46%
   55     3027.53          --                 --  opposite-phase C-H stretching                                  opposite-phase C-H stretching 99.46%
   56     3032.47          --                 --  mixed-phase C-H stretching                                     mixed-phase C-H stretching 98.98%
   57     3034.68          --                 --  mixed-phase C-H stretching                                     mixed-phase C-H stretching 99.14%
   58     3039.70          --                 --  mixed-phase C-H stretching                                     mixed-phase C-H stretching 99.05%
   59     3100.42          --                 --  mixed-phase C-H stretching                                     mixed-phase C-H stretching 99.30%
   60     3116.27          --                 --  opposite-phase C-H stretching                                  opposite-phase C-H stretching 99.64%
   61     3122.65          --                 --  C-H stretching                                                 C-H stretching 99.48%
   62     3728.86          --                 --  O-H stretching                                                 O-H stretching 99.84%

# Selected internal-coordinate set:
#   1  nu(C1-O2)
#   2  nu(C3-H13)
#   3  nu(C4-C5)
#   4  nu(C7-H17)
#   5  nu(C8-H18)
#   6  nu(O9-H21)
#   7  nu(C4-H15)
#   8  nu(C1-H12)
#   9  nu(C3-H14)
#  10  nu(C8-H20)
#  11  nu(C7-O9)
#  12  nu(C5-H16)
#  13  nu(C8-H19)
#  14  nu(C1-H10)
#  15  tau(H17-C7-O9-H21)
#  16  tau(H15-C4-C5-H16)
#  17  tau(H15-C4-C5-O6)
#  18  nu(O2-C3)
#  19  nu(C1-H11)
#  20  nu(C5-O6)
#  21  gamma(H14;C3,O2,H13)
#  22  gamma(C4;C7,O9,H17)
#  23  gamma(H18;C8,H19,H20)
#  24  tau(H12-C1-O2-C3)
#  25  delta(H19-C8-H20)
#  26  delta(C7-O9-H21)
#  27  delta(H10-C1-H11)
#  28  delta(O6-C5-H16)
#  29  delta(O2-C1-H11)
#  30  delta(O9-C7-H17)
#  31  delta(O2-C1-H10)
#  32  tau(H13-C3-C4-H15)
#  33  tau(H14-C3-C4-C5)
#  34  tau(O9-C7-C8-H18)
#  35  delta(O2-C1-H12)
#  36  nu(C4-C7)
#  37  delta(C7-C8-H18)
#  38  nu(C3-C4)
#  39  delta(C4-C3-H13)
#  40  delta(C4-C5-O6)
#  41  tau(C4-C7-C8-H20)
#  42  tau(O2-C3-C4-H15)
#  43  delta(C7-C8-H20)
#  44  tau(C1-O2-C3-C4)
#  45  nu(C7-C8)
#  46  tau(C7-C4-C5-H16)
#  47  delta(C1-O2-C3)
#  48  gamma(C4;C7,C8,O9)
#  49  tau(H10-C1-O2-C3)
#  50  delta(O2-C3-C4)
#  51  delta(C8-C7-O9)
#  52  tau(H15-C4-C7-O9)
#  53  tau(O2-C3-C4-C5)
#  54  delta(C3-C4-C5)
#  55  delta(C5-C4-C7)
#  56  gamma(C4;C7,C8,H17)
#  57  tau(C3-C4-C7-C8)

Wrote: /local/scratch/mv487/qm9s/experiment_1_phase2/ped/109428/109428_summary.csv
Wrote: /local/scratch/mv487/qm9s/experiment_1_phase2/ped/109428/109428_families.csv
Wrote: /local/scratch/mv487/qm9s/experiment_1_phase2/ped/109428/109428_ped.csv
Wrote: /local/scratch/mv487/qm9s/experiment_1_phase2/ped/109428/109428_ir_transitions.csv

# All generated files are in: /local/scratch/mv487/qm9s/experiment_1_phase2/ped/109428
# Manifest: /local/scratch/mv487/qm9s/experiment_1_phase2/ped/109428/109428_manifest.txt

--- stderr ---
Normal modes/frequencies absent or incomplete: diagonalizing Hessian.
