# Contact: romi@lens.unifi.it
# Manual: https://github.com/SebRoLENS/orca-ped-analyzer/blob/main/docs/ORCA_PED_Analyzer_Manual.md
# Check GitHub for updates and new releases: https://github.com/SebRoLENS/orca-ped-analyzer
#
# Molecule: 16 atoms | non-linear
# Bonds inferred: 16 | candidate ICs: 95 | selected ICs: 42
# Cartesian-Hessian reconstruction relative error: 7.006e-06
# Energy distribution: PED (PED is the backward-compatible default; TED includes kinetic-energy terms)
# Ring/cycle bonds detected: 5 | ring atoms: 5 | ring systems: 1
# VPT2: no matching .out file supplied/found -> harmonic/PED analysis only
#
 Mode   Harm/cm-1   VPT2/cm-1  Harm.Int/km mol-1  Assignment                                                     Grouped PED
------------------------------------------------------------------------------------------------------------------------------------------------------------------------------------------------
    6       37.09          --                 --  C-N torsion                                                    C-N torsion 92.85%; cyclic-ring torsional/out-of-plane deformation 6.77%
    7       77.62          --                 --  mixed cyclic-ring torsional/out-of-plane deformation / C-N torsion cyclic-ring torsional/out-of-plane deformation 61.94%; C-N torsion 30.82%; N-C-C bending 3.64%
    8      203.20          --                 --  mixed cyclic-ring torsional/out-of-plane deformation / C-N torsion cyclic-ring torsional/out-of-plane deformation 49.02%; C-N torsion 19.31%; C-C-C linear bending 10.41%; N-C-C bending 8.37%
    9      219.79          --                 --  mixed C-N torsion / cyclic-ring torsional/out-of-plane deformation C-N torsion 57.10%; cyclic-ring torsional/out-of-plane deformation 17.30%; N-H bending 6.11%; C-N out-of-plane bending 5.31%
   10      272.68          --                 --  mixed C-N-C bending / C-N torsion / N-C-N bending              C-N-C bending 36.49%; C-N torsion 22.19%; N-C-N bending 16.28%; C-C-C linear bending 7.47%
   11      319.26          --                 --  mixed cyclic-ring torsional/out-of-plane deformation / C-N torsion / C-C-C linear bending cyclic-ring torsional/out-of-plane deformation 43.70%; C-N torsion 21.72%; C-C-C linear bending 18.49%; cyclic-ring torsional/out-of-plane deformation 8.99%
   12      332.20          --                 --  mixed C-N torsion / C-C-C linear bending                       C-N torsion 60.94%; C-C-C linear bending 18.62%; cyclic-ring torsional/out-of-plane deformation 13.58%; cyclic-ring torsional/out-of-plane deformation 2.47%
   13      435.67          --                 --  mixed N-C-N bending / C-N-C bending                            N-C-N bending 50.14%; C-N-C bending 22.07%; N-H bending 7.36%; C-N torsion 7.36%
   14      458.46          --                 --  mixed N-C-C bending / cyclic-ring torsional/out-of-plane deformation / exocyclic C-N stretching N-C-C bending 26.72%; cyclic-ring torsional/out-of-plane deformation 17.53%; exocyclic C-N stretching 15.94%; C-C-C linear bending 13.86%
   15      605.87          --                 --  mixed ring-site C-H out-of-plane bending / C-N torsion / cyclic-ring torsional/out-of-plane deformation ring-site C-H out-of-plane bending 28.75%; C-N torsion 19.40%; cyclic-ring torsional/out-of-plane deformation 17.76%; C-N out-of-plane bending 14.00%
   16      635.75          --                 --  ring-site C-H out-of-plane bending                             ring-site C-H out-of-plane bending 87.47%; cyclic-ring out-of-plane deformation 7.46%; C-N torsion 2.87%
   17      655.16          --                 --  mixed C-N out-of-plane bending / N-H bending                   C-N out-of-plane bending 47.62%; N-H bending 22.95%; C-N torsion 5.71%; exocyclic C-N stretching 5.59%
   18      670.16          --                 --  C-C-H linear bending                                           C-C-H linear bending 90.22%; C-C-C linear bending 2.77%
   19      684.56          --                 --  mixed cyclic-ring deformation (C-C-N bend) / cyclic-ring torsional/out-of-plane deformation cyclic-ring deformation (C-C-N bend) 15.43%; cyclic-ring torsional/out-of-plane deformation 14.89%; N-C-C bending 13.94%; C-N out-of-plane bending 13.49%
   20      703.51          --                 --  C-C-H linear bending                                           C-C-H linear bending 94.27%; C-C-C linear bending 2.68%
   21      738.79          --                 --  mixed C-N out-of-plane bending / cyclic-ring torsional/out-of-plane deformation / N-H bending C-N out-of-plane bending 29.85%; cyclic-ring torsional/out-of-plane deformation 24.38%; N-H bending 16.33%; cyclic-ring out-of-plane deformation 10.20%
   22      789.08          --                 --  mixed cyclic-ring out-of-plane deformation / ring-site C-H out-of-plane bending cyclic-ring out-of-plane deformation 48.68%; ring-site C-H out-of-plane bending 41.44%; cyclic-ring deformation (C-C-N bend) 2.09%; cyclic-ring deformation (N-C-N bend) 2.03%
   23      796.53          --                 --  mixed cyclic-ring out-of-plane deformation / ring-site C-H out-of-plane bending cyclic-ring out-of-plane deformation 49.25%; ring-site C-H out-of-plane bending 33.04%; N-C-C bending 3.00%; cyclic-ring deformation (N-C-N bend) 2.63%
   24      949.22          --                 --  mixed C-C stretching / N-C-C bending                           C-C stretching 67.19%; N-C-C bending 13.80%; cyclic-ring torsional/out-of-plane deformation 6.76%; C-H out-of-plane bending 3.71%
   25      969.97          --                 --  mixed C-H bending / C-N torsion                                C-H bending 46.43%; C-N torsion 26.82%; C-H out-of-plane bending 9.92%; opposite-phase cyclic C-N stretching 8.41%
   26     1005.06          --                 --  mixed mixed-phase cyclic C-N stretching / cyclic-ring deformation (N-C-N bend) mixed-phase cyclic C-N stretching 37.76%; cyclic-ring deformation (N-C-N bend) 22.26%; cyclic C-C stretching 10.58%; cyclic-ring deformation (C-C-N bend) 10.04%
   27     1043.04          --                 --  mixed cyclic C-N stretching / cyclic-ring deformation (N-C-N bend) cyclic C-N stretching 51.73%; cyclic-ring deformation (N-C-N bend) 23.54%; cyclic-ring deformation (C-C-N bend) 6.51%; exocyclic C-N stretching 5.17%
   28     1097.01          --                 --  mixed N-H bending / ring-site C-H in-plane bending / cyclic C-C stretching N-H bending 41.71%; ring-site C-H in-plane bending 18.96%; cyclic C-C stretching 16.36%; mixed-phase cyclic C-N stretching 9.86%
   29     1197.33          --                 --  mixed ring-site C-H in-plane bending / mixed-phase exocyclic C-N stretching ring-site C-H in-plane bending 38.55%; mixed-phase exocyclic C-N stretching 31.65%; mixed-phase cyclic C-N stretching 12.25%; cyclic-ring deformation (N-C-N bend) 6.14%
   30     1222.89          --                 --  mixed C-H bending / opposite-phase cyclic C-N stretching       C-H bending 40.66%; opposite-phase cyclic C-N stretching 20.98%; C-H out-of-plane bending 13.89%; C-N torsion 9.41%
   31     1265.94          --                 --  mixed ring-site C-H in-plane bending / mixed-phase cyclic C-N stretching ring-site C-H in-plane bending 56.37%; mixed-phase cyclic C-N stretching 18.17%; cyclic-ring deformation (N-C-N bend) 15.98%; in-phase exocyclic C-N stretching 3.26%
   32     1346.86          --                 --  mixed in-phase cyclic C-N stretching / in-phase exocyclic C-N stretching in-phase cyclic C-N stretching 31.20%; in-phase exocyclic C-N stretching 15.16%; C-H bending 13.73%; cyclic-ring deformation (N-C-N bend) 10.44%
   33     1388.03          --                 --  mixed C-H bending / C-H out-of-plane bending                   C-H bending 47.88%; C-H out-of-plane bending 36.01%; cyclic C-N stretching 5.35%; C-N torsion 2.99%
   34     1400.68          --                 --  mixed mixed-phase cyclic C-N stretching / exocyclic C-N stretching mixed-phase cyclic C-N stretching 62.21%; exocyclic C-N stretching 10.83%; N-H bending 5.92%; cyclic C-C stretching 5.42%
   35     1445.36          --                 --  mixed mixed-phase cyclic C-N stretching / C-H bending          mixed-phase cyclic C-N stretching 41.13%; C-H bending 27.89%; in-phase exocyclic C-N stretching 6.36%; C-N-C bending 5.44%
   36     1474.42          --                 --  mixed C-H out-of-plane bending / C-H bending                   C-H out-of-plane bending 56.93%; C-H bending 19.76%; C-N torsion 15.50%; cyclic C-N stretching 3.81%
   37     1528.71          --                 --  mixed mixed-phase cyclic C-N stretching / ring-site C-H in-plane bending mixed-phase cyclic C-N stretching 55.61%; ring-site C-H in-plane bending 26.64%; C-H out-of-plane bending 6.02%; exocyclic C-N stretching 4.46%
   38     1612.01          --                 --  mixed cyclic C-C stretching / N-H bending / cyclic-ring deformation (C-C-N bend) cyclic C-C stretching 36.17%; N-H bending 18.64%; cyclic-ring deformation (C-C-N bend) 16.59%; exocyclic C-N stretching 10.20%
   39     1651.41          --                 --  N-H bending                                                    N-H bending 78.57%; exocyclic C-N stretching 8.83%; cyclic C-C stretching 4.46%; cyclic-ring deformation (C-C-N bend) 3.37%
   40     2233.99          --                 --  mixed-phase C-C stretching                                     mixed-phase C-C stretching 95.22%; C-H stretching 4.67%
   41     3033.87          --                 --  C-H stretching                                                 C-H stretching 99.43%
   42     3080.68          --                 --  mixed-phase C-H stretching                                     mixed-phase C-H stretching 99.38%
   43     3241.08          --                 --  ring-site C-H stretching                                       ring-site C-H stretching 98.19%
   44     3276.01          --                 --  ring-site C-H stretching                                       ring-site C-H stretching 98.98%
   45     3475.58          --                 --  C-H stretching                                                 C-H stretching 95.41%; C-C stretching 4.59%
   46     3550.57          --                 --  in-phase N-H stretching                                        in-phase N-H stretching 99.80%
   47     3648.06          --                 --  opposite-phase N-H stretching                                  opposite-phase N-H stretching 99.85%

# Selected internal-coordinate set:
#   1  nu(N1-H10)
#   2  nu(C2-N9)
#   3  nu(C3-N4)
#   4  nu(C5-C6)
#   5  nu(C7-H15)
#   6  nu(C8-H16)
#   7  nu(C5-H14)
#   8  nu(N1-H11)
#   9  delta_lin2(C6-C7-H15)
#  10  delta_lin1(C6-C7-H15)
#  11  nu(C2-C3)
#  12  nu(C5-H13)
#  13  tau(N9-C2-C3-N4)
#  14  gamma(N9;C8,N4,H16)
#  15  nu(N4-C8)
#  16  gamma(C2;N1,H10,H11)
#  17  tau(N9-C2-C3-H12)
#  18  nu(C8-N9)
#  19  nu(C3-H12)
#  20  delta(H10-N1-H11)
#  21  gamma(H13;C5,C6,H14)
#  22  tau(C2-C3-N4-C5)
#  23  delta(C6-C5-H14)
#  24  delta(C2-C3-H12)
#  25  delta(N9-C8-H16)
#  26  nu(N1-C2)
#  27  tau(C3-N4-C5-H13)
#  28  nu(C6-C7)
#  29  delta_lin2(C5-C6-C7)
#  30  delta(N4-C8-N9)
#  31  delta_lin1(C5-C6-C7)
#  32  delta(C2-N1-H10)
#  33  delta(N4-C5-H13)
#  34  tau(N1-C2-N9-C8)
#  35  nu(N4-C5)
#  36  tau(H11-N1-C2-N9)
#  37  delta(C3-C2-N9)
#  38  delta(N1-C2-N9)
#  39  tau(C3-N4-C8-H16)
#  40  delta(C3-N4-C5)
#  41  tau(C8-N4-C5-C6)
#  42  delta(N4-C5-C6)

Wrote: /local/scratch/mv487/qm9s/experiment_1_phase2/ped/25579/25579_summary.csv
Wrote: /local/scratch/mv487/qm9s/experiment_1_phase2/ped/25579/25579_families.csv
Wrote: /local/scratch/mv487/qm9s/experiment_1_phase2/ped/25579/25579_ped.csv
Wrote: /local/scratch/mv487/qm9s/experiment_1_phase2/ped/25579/25579_ir_transitions.csv

# All generated files are in: /local/scratch/mv487/qm9s/experiment_1_phase2/ped/25579
# Manifest: /local/scratch/mv487/qm9s/experiment_1_phase2/ped/25579/25579_manifest.txt

--- stderr ---
Normal modes/frequencies absent or incomplete: diagonalizing Hessian.
