# Contact: romi@lens.unifi.it
# Manual: https://github.com/SebRoLENS/orca-ped-analyzer/blob/main/docs/ORCA_PED_Analyzer_Manual.md
# Check GitHub for updates and new releases: https://github.com/SebRoLENS/orca-ped-analyzer
#
# Molecule: 17 atoms | non-linear
# Bonds inferred: 18 | candidate ICs: 143 | selected ICs: 45
# Cartesian-Hessian reconstruction relative error: 1.573e-05
# Energy distribution: PED (PED is the backward-compatible default; TED includes kinetic-energy terms)
# Ring/cycle bonds detected: 8 | ring atoms: 8 | ring systems: 2
# VPT2: no matching .out file supplied/found -> harmonic/PED analysis only
#
 Mode   Harm/cm-1   VPT2/cm-1  Harm.Int/km mol-1  Assignment                                                     Grouped PED
------------------------------------------------------------------------------------------------------------------------------------------------------------------------------------------------
    6       58.48          --                 --  mixed C-C torsion / C-C-C bending                              C-C torsion 59.33%; C-C-C bending 9.65%; C-C-N bending 7.19%; C-N out-of-plane bending 6.20%
    7       67.12          --                 --  C-C torsion                                                    C-C torsion 73.82%; C-C-N bending 8.42%; ring-site C-H out-of-plane bending 7.43%; cyclic-ring out-of-plane deformation 3.06%
    8      122.34          --                 --  mixed C-C-C bending / cyclic-ring torsional/out-of-plane deformation C-C-C bending 44.41%; cyclic-ring torsional/out-of-plane deformation 29.69%; C-C torsion 9.14%; C-H bending 4.73%
    9      297.45          --                 --  mixed C-C-N bending / ring-site C-H out-of-plane bending       C-C-N bending 41.25%; ring-site C-H out-of-plane bending 27.08%; C-N out-of-plane bending 13.23%; cyclic-ring torsional/out-of-plane deformation 8.04%
   10      317.00          --                 --  mixed C-C-N bending / cyclic-ring torsional/out-of-plane deformation C-C-N bending 34.85%; cyclic-ring torsional/out-of-plane deformation 17.75%; C-H bending 11.03%; ring-site C-H out-of-plane bending 10.81%
   11      362.08          --                 --  mixed C-C-N bending / C-H bending                              C-C-N bending 28.68%; C-H bending 20.20%; ring-site C-H out-of-plane bending 12.52%; exocyclic C-C stretching 10.22%
   12      445.39          --                 --  mixed C-C-N bending / ring-site C-H out-of-plane bending       C-C-N bending 41.60%; ring-site C-H out-of-plane bending 26.25%; C-H bending 11.47%; C-C-C bending 5.02%
   13      629.72          --                 --  mixed ring-site C-H out-of-plane bending / cyclic-ring torsional/out-of-plane deformation ring-site C-H out-of-plane bending 62.00%; cyclic-ring torsional/out-of-plane deformation 33.86%
   14      671.93          --                 --  mixed ring-site C-H out-of-plane bending / cyclic-ring torsional/out-of-plane deformation ring-site C-H out-of-plane bending 42.56%; cyclic-ring torsional/out-of-plane deformation 19.33%; exocyclic C-C stretching 14.43%; cyclic-ring deformation (C-N-C bend) 7.12%
   15      746.71          --                 --  mixed ring-site C-H out-of-plane bending / C-C-C bending       ring-site C-H out-of-plane bending 59.32%; C-C-C bending 10.67%; cyclic-ring out-of-plane deformation 7.15%; exocyclic C-C stretching 6.53%
   16      778.23          --                 --  mixed ring-site C-H out-of-plane bending / mixed-phase cyclic C-N stretching / cyclic-ring out-of-plane deformation ring-site C-H out-of-plane bending 31.99%; mixed-phase cyclic C-N stretching 20.21%; cyclic-ring out-of-plane deformation 16.17%; cyclic-ring torsional/out-of-plane deformation 8.72%
   17      800.00          --                 --  mixed opposite-phase cyclic C-N stretching / ring-site C-H out-of-plane bending opposite-phase cyclic C-N stretching 27.34%; ring-site C-H out-of-plane bending 24.96%; cyclic-ring torsional/out-of-plane deformation 12.11%; cyclic-ring out-of-plane deformation 11.13%
   18      821.83          --                 --  mixed cyclic C-N stretching / ring-site N-H out-of-plane bending / ring-site C-H out-of-plane bending cyclic C-N stretching 27.25%; ring-site N-H out-of-plane bending 24.53%; ring-site C-H out-of-plane bending 23.41%; cyclic-ring out-of-plane deformation 14.37%
   19      848.16          --                 --  mixed cyclic-ring out-of-plane deformation / ring-site C-H out-of-plane bending cyclic-ring out-of-plane deformation 57.20%; ring-site C-H out-of-plane bending 42.18%
   20      917.34          --                 --  mixed C-H bending / ring-site C-H out-of-plane bending / cyclic-ring out-of-plane deformation C-H bending 32.51%; ring-site C-H out-of-plane bending 26.53%; cyclic-ring out-of-plane deformation 17.90%; opposite-phase cyclic C-N stretching 10.99%
   21      933.25          --                 --  mixed cyclic C-N stretching / cyclic-ring deformation (C-O-C bend) cyclic C-N stretching 27.53%; cyclic-ring deformation (C-O-C bend) 24.86%; exocyclic C-C stretching 10.93%; ring-site C-H out-of-plane bending 10.12%
   22      937.24          --                 --  mixed cyclic-ring deformation (C-O-C bend) / cyclic C-N stretching cyclic-ring deformation (C-O-C bend) 44.47%; cyclic C-N stretching 8.91%; cyclic C-O stretching 8.75%; ring-site C-H in-plane bending 7.96%
   23      966.78          --                 --  mixed ring-site C-H out-of-plane bending / cyclic-ring out-of-plane deformation / ring-site N-H out-of-plane bending ring-site C-H out-of-plane bending 33.28%; cyclic-ring out-of-plane deformation 20.18%; ring-site N-H out-of-plane bending 15.17%; C-N out-of-plane bending 7.12%
   24      998.24          --                 --  mixed cyclic-ring deformation (C-N-C bend) / mixed-phase cyclic C-N stretching cyclic-ring deformation (C-N-C bend) 33.97%; mixed-phase cyclic C-N stretching 25.34%; C-H bending 10.04%; opposite-phase exocyclic C-C stretching 8.29%
   25     1055.22          --                 --  mixed C-N out-of-plane bending / cyclic-ring out-of-plane deformation C-N out-of-plane bending 33.58%; cyclic-ring out-of-plane deformation 28.21%; ring-site N-H out-of-plane bending 14.63%; exocyclic C-C stretching 7.80%
   26     1080.41          --                 --  cyclic C-O stretching                                          cyclic C-O stretching 73.60%; cyclic-ring deformation (C-N-C bend) 10.05%; ring-site C-H in-plane bending 4.96%; mixed-phase cyclic C-N stretching 4.90%
   27     1109.46          --                 --  mixed opposite-phase cyclic C-O stretching / ring-site C-H in-plane bending opposite-phase cyclic C-O stretching 64.74%; ring-site C-H in-plane bending 11.57%; C-H bending 6.33%; cyclic-ring deformation (C-N-C bend) 5.64%
   28     1123.05          --                 --  mixed C-N out-of-plane bending / ring-site C-H out-of-plane bending C-N out-of-plane bending 41.83%; ring-site C-H out-of-plane bending 38.74%; cyclic-ring out-of-plane deformation 5.31%; cyclic C-N stretching 3.95%
   29     1139.45          --                 --  mixed ring-site C-H out-of-plane bending / C-N out-of-plane bending / C-H bending ring-site C-H out-of-plane bending 25.66%; C-N out-of-plane bending 21.23%; C-H bending 20.76%; mixed-phase cyclic C-O stretching 8.06%
   30     1166.25          --                 --  mixed ring-site C-H out-of-plane bending / C-N out-of-plane bending ring-site C-H out-of-plane bending 39.73%; C-N out-of-plane bending 23.43%; cyclic-ring out-of-plane deformation 13.11%; C-H bending 11.22%
   31     1233.61          --                 --  mixed cyclic-ring out-of-plane deformation / ring-site N-H out-of-plane bending / ring-site C-H out-of-plane bending cyclic-ring out-of-plane deformation 29.13%; ring-site N-H out-of-plane bending 27.32%; ring-site C-H out-of-plane bending 17.56%; C-N out-of-plane bending 6.41%
   32     1246.02          --                 --  mixed ring-site C-H in-plane bending / C-H bending             ring-site C-H in-plane bending 49.15%; C-H bending 8.97%; exocyclic C-C stretching 8.78%; cyclic C-N stretching 8.00%
   33     1258.76          --                 --  mixed ring-site C-H out-of-plane bending / cyclic-ring out-of-plane deformation ring-site C-H out-of-plane bending 35.66%; cyclic-ring out-of-plane deformation 32.38%; C-H bending 11.52%; cyclic C-N stretching 6.57%
   34     1285.44          --                 --  mixed C-H bending / ring-site C-H in-plane bending / cyclic C-N stretching C-H bending 29.73%; ring-site C-H in-plane bending 27.17%; cyclic C-N stretching 17.70%; ring-site N-H out-of-plane bending 6.79%
   35     1314.34          --                 --  mixed C-H bending / ring-site N-H out-of-plane bending         C-H bending 28.29%; ring-site N-H out-of-plane bending 18.80%; cyclic-ring out-of-plane deformation 14.93%; ring-site C-H in-plane bending 14.37%
   36     1337.30          --                 --  mixed C-H bending / mixed-phase cyclic C-N stretching          C-H bending 65.76%; mixed-phase cyclic C-N stretching 10.62%; exocyclic C-C stretching 9.10%; cyclic-ring out-of-plane deformation 4.12%
   37     1356.17          --                 --  mixed C-H bending / ring-site C-H in-plane bending / mixed-phase cyclic C-N stretching C-H bending 45.96%; ring-site C-H in-plane bending 21.42%; mixed-phase cyclic C-N stretching 17.66%; in-phase cyclic C-O stretching 5.89%
   38     1420.75          --                 --  mixed C-H bending / ring-site C-H out-of-plane bending         C-H bending 63.46%; ring-site C-H out-of-plane bending 12.09%; mixed-phase exocyclic C-C stretching 10.58%; cyclic C-N stretching 7.29%
   39     1473.97          --                 --  C-H bending                                                    C-H bending 97.08%
   40     1518.29          --                 --  mixed C-H bending / ring-site C-H out-of-plane bending         C-H bending 69.08%; ring-site C-H out-of-plane bending 26.83%; cyclic C-N stretching 3.04%
   41     1551.36          --                 --  mixed cyclic C-N stretching / ring-site C-H in-plane bending   cyclic C-N stretching 63.90%; ring-site C-H in-plane bending 12.60%; cyclic-ring deformation (C-O-C bend) 10.82%; cyclic C-O stretching 5.69%
   42     1626.59          --                 --  mixed cyclic C-C stretching / exocyclic C-C stretching         cyclic C-C stretching 54.58%; exocyclic C-C stretching 11.82%; cyclic-ring deformation (C-N-C bend) 9.58%; ring-site C-H in-plane bending 5.95%
   43     3028.68          --                 --  C-H stretching                                                 C-H stretching 99.20%
   44     3068.79          --                 --  mixed-phase C-H stretching                                     mixed-phase C-H stretching 96.16%; ring-site C-H stretching 2.92%
   45     3098.77          --                 --  in-phase ring-site C-H stretching                              in-phase ring-site C-H stretching 99.44%
   46     3117.90          --                 --  ring-site C-H stretching                                       ring-site C-H stretching 96.41%; opposite-phase C-H stretching 2.89%
   47     3182.11          --                 --  opposite-phase ring-site C-H stretching                        opposite-phase ring-site C-H stretching 99.41%
   48     3272.40          --                 --  ring-site C-H stretching                                       ring-site C-H stretching 98.76%
   49     3294.00          --                 --  ring-site C-H stretching                                       ring-site C-H stretching 98.73%
   50     3493.35          --                 --  ring-site N-H stretching                                       ring-site N-H stretching 99.59%

# Selected internal-coordinate set:
#   1  nu(C1-C2)
#   2  nu(C3-H13)
#   3  nu(N4-H15)
#   4  nu(C5-C6)
#   5  nu(O7-C8)
#   6  nu(C5-N9)
#   7  nu(C1-H11)
#   8  nu(C6-O7)
#   9  nu(C3-H14)
#  10  nu(C2-H12)
#  11  nu(C8-H17)
#  12  nu(C1-H10)
#  13  tau(N9-C5-C6-O7)
#  14  gamma(N9;C8,O7,H17)
#  15  gamma(N4;C3,H13,H14)
#  16  gamma(N4;C2,C1,H12)
#  17  tau(N9-C5-C6-H16)
#  18  nu(C8-N9)
#  19  gamma(H15;N4,C2,C3)
#  20  nu(C6-H16)
#  21  delta(H13-C3-H14)
#  22  delta(H10-C1-H11)
#  23  tau(C1-C5-C6-O7)
#  24  nu(C2-N4)
#  25  delta(C2-C1-H10)
#  26  delta(C5-C6-H16)
#  27  delta(C2-C1-H11)
#  28  tau(H12-C2-N4-H15)
#  29  delta(N9-C8-H17)
#  30  delta(C5-N9-C8)
#  31  nu(C3-N4)
#  32  delta(C1-C2-H12)
#  33  gamma(H13;C3,C2,N4)
#  34  delta(C5-C1-H11)
#  35  delta(C6-O7-C8)
#  36  tau(C6-O7-C8-H17)
#  37  gamma(C3;N4,C2,H15)
#  38  nu(C1-C5)
#  39  tau(C1-C2-C3-H13)
#  40  delta(C1-C2-N4)
#  41  delta(C1-C5-N9)
#  42  gamma(C2;N4,C3,H15)
#  43  tau(H11-C1-C5-N9)
#  44  tau(C5-C1-C2-C3)
#  45  delta(C2-C1-C5)

Wrote: /local/scratch/mv487/qm9s/experiment_1_phase2/ped/22153/22153_summary.csv
Wrote: /local/scratch/mv487/qm9s/experiment_1_phase2/ped/22153/22153_families.csv
Wrote: /local/scratch/mv487/qm9s/experiment_1_phase2/ped/22153/22153_ped.csv
Wrote: /local/scratch/mv487/qm9s/experiment_1_phase2/ped/22153/22153_ir_transitions.csv

# All generated files are in: /local/scratch/mv487/qm9s/experiment_1_phase2/ped/22153
# Manifest: /local/scratch/mv487/qm9s/experiment_1_phase2/ped/22153/22153_manifest.txt

--- stderr ---
Normal modes/frequencies absent or incomplete: diagonalizing Hessian.
