# Contact: romi@lens.unifi.it
# Manual: https://github.com/SebRoLENS/orca-ped-analyzer/blob/main/docs/ORCA_PED_Analyzer_Manual.md
# Check GitHub for updates and new releases: https://github.com/SebRoLENS/orca-ped-analyzer
#
# Molecule: 14 atoms | non-linear
# Bonds inferred: 14 | candidate ICs: 89 | selected ICs: 36
# Cartesian-Hessian reconstruction relative error: 1.565e-05
# Energy distribution: PED (PED is the backward-compatible default; TED includes kinetic-energy terms)
# Ring/cycle bonds detected: 5 | ring atoms: 5 | ring systems: 1
# VPT2: no matching .out file supplied/found -> harmonic/PED analysis only
#
 Mode   Harm/cm-1   VPT2/cm-1  Harm.Int/km mol-1  Assignment                                                     Grouped PED
------------------------------------------------------------------------------------------------------------------------------------------------------------------------------------------------
    6       86.46          --                 --  C-C torsion                                                    C-C torsion 97.72%
    7      111.03          --                 --  C-C torsion                                                    C-C torsion 98.84%
    8      160.66          --                 --  mixed cyclic-ring torsional/out-of-plane deformation / C-C torsion cyclic-ring torsional/out-of-plane deformation 64.34%; C-C torsion 21.13%; C-N torsion 13.47%
    9      230.10          --                 --  mixed C-N-N bending / C-C-N bending                            C-N-N bending 55.89%; C-C-N bending 37.61%; C-C-O bending 2.22%
   10      399.32          --                 --  mixed C-C-O bending / C-C-N bending                            C-C-O bending 43.60%; C-C-N bending 28.23%; C-H bending 8.02%; exocyclic C-N stretching 6.93%
   11      529.08          --                 --  mixed C-C-N bending / C-N-N bending                            C-C-N bending 35.38%; C-N-N bending 18.59%; cyclic N-N stretching 12.04%; exocyclic C-N stretching 11.99%
   12      564.58          --                 --  mixed C-C torsion / C-H bending                                C-C torsion 60.64%; C-H bending 15.96%; cyclic-ring torsional/out-of-plane deformation 12.13%; cyclic-ring torsional/out-of-plane deformation 7.21%
   13      623.99          --                 --  mixed cyclic-ring torsional/out-of-plane deformation / C-C torsion cyclic-ring torsional/out-of-plane deformation 44.63%; C-C torsion 20.87%; cyclic-ring torsional/out-of-plane deformation 14.13%; ring-site C-H out-of-plane bending 7.53%
   14      650.39          --                 --  mixed C-C-O bending / C-C stretching                           C-C-O bending 37.25%; C-C stretching 16.89%; exocyclic C-N stretching 14.71%; cyclic-ring deformation (C-N-N bend) 11.48%
   15      663.09          --                 --  cyclic-ring torsional/out-of-plane deformation                 cyclic-ring torsional/out-of-plane deformation 76.60%; ring-site C-H out-of-plane bending 15.85%; cyclic-ring torsional/out-of-plane deformation 3.31%; C-C torsion 2.70%
   16      780.58          --                 --  mixed cyclic-ring out-of-plane deformation / ring-site C-H out-of-plane bending cyclic-ring out-of-plane deformation 55.20%; ring-site C-H out-of-plane bending 37.06%; cyclic-ring torsional/out-of-plane deformation 4.56%; cyclic-ring torsional/out-of-plane deformation 2.01%
   17      885.01          --                 --  ring-site C-H out-of-plane bending                             ring-site C-H out-of-plane bending 80.02%; cyclic-ring out-of-plane deformation 13.00%; cyclic-ring torsional/out-of-plane deformation 5.17%
   18      918.88          --                 --  mixed ring-site C-H out-of-plane bending / cyclic-ring out-of-plane deformation / cyclic-ring torsional/out-of-plane deformation ring-site C-H out-of-plane bending 46.77%; cyclic-ring out-of-plane deformation 37.05%; cyclic-ring torsional/out-of-plane deformation 15.57%
   19      931.85          --                 --  mixed cyclic-ring deformation (C-C-N bend) / ring-site C-H in-plane bending cyclic-ring deformation (C-C-N bend) 55.95%; ring-site C-H in-plane bending 17.61%; cyclic N-N stretching 13.14%; C-C stretching 4.30%
   20      935.76          --                 --  mixed cyclic-ring deformation (C-C-N bend) / cyclic N-N stretching cyclic-ring deformation (C-C-N bend) 37.19%; cyclic N-N stretching 14.44%; C-C stretching 12.78%; cyclic-ring deformation (C-N-N bend) 10.04%
   21      992.01          --                 --  mixed C-H bending / C-C torsion                                C-H bending 42.46%; C-C torsion 12.17%; ring-site C-H in-plane bending 10.76%; C-C stretching 10.24%
   22     1058.46          --                 --  mixed ring-site C-H in-plane bending / mixed-phase cyclic C-C stretching ring-site C-H in-plane bending 47.32%; mixed-phase cyclic C-C stretching 32.25%; cyclic N-N stretching 9.48%; cyclic C-N stretching 3.41%
   23     1058.96          --                 --  C-H bending                                                    C-H bending 93.13%; C-C torsion 5.51%
   24     1072.09          --                 --  mixed cyclic C-C stretching / ring-site C-H in-plane bending / cyclic-ring deformation (C-N-N bend) cyclic C-C stretching 25.58%; ring-site C-H in-plane bending 22.22%; cyclic-ring deformation (C-N-N bend) 19.85%; C-H bending 13.20%
   25     1158.44          --                 --  mixed C-H bending / in-phase cyclic C-C stretching             C-H bending 26.33%; in-phase cyclic C-C stretching 13.45%; C-C-O bending 11.77%; ring-site C-H in-plane bending 10.41%
   26     1234.30          --                 --  mixed ring-site C-H in-plane bending / opposite-phase cyclic C-N stretching ring-site C-H in-plane bending 42.52%; opposite-phase cyclic C-N stretching 23.26%; cyclic N-N stretching 12.62%; C-N-N bending 8.77%
   27     1267.53          --                 --  mixed cyclic N-N stretching / exocyclic C-N stretching         cyclic N-N stretching 28.53%; exocyclic C-N stretching 12.69%; ring-site C-H in-plane bending 12.43%; cyclic C-N stretching 12.39%
   28     1364.00          --                 --  mixed ring-site C-H in-plane bending / exocyclic C-N stretching / in-phase cyclic C-N stretching ring-site C-H in-plane bending 18.08%; exocyclic C-N stretching 17.18%; in-phase cyclic C-N stretching 16.21%; cyclic C-C stretching 10.90%
   29     1406.22          --                 --  C-H bending                                                    C-H bending 72.96%; ring-site C-H in-plane bending 7.51%; opposite-phase cyclic C-N stretching 6.29%; C-C stretching 5.92%
   30     1416.10          --                 --  mixed opposite-phase cyclic C-N stretching / cyclic-ring deformation (C-N-N bend) / ring-site C-H in-plane bending opposite-phase cyclic C-N stretching 31.21%; cyclic-ring deformation (C-N-N bend) 19.57%; ring-site C-H in-plane bending 18.62%; C-H bending 11.43%
   31     1445.69          --                 --  mixed opposite-phase cyclic C-C stretching / in-phase cyclic C-N stretching / ring-site C-H in-plane bending opposite-phase cyclic C-C stretching 43.43%; in-phase cyclic C-N stretching 22.44%; ring-site C-H in-plane bending 18.97%; C-H bending 4.16%
   32     1467.61          --                 --  mixed C-H bending / C-C torsion                                C-H bending 56.81%; C-C torsion 39.91%
   33     1470.44          --                 --  mixed C-H bending / C-C torsion                                C-H bending 78.78%; C-C torsion 21.15%
   34     1573.40          --                 --  mixed cyclic C-C stretching / cyclic C-N stretching / ring-site C-H in-plane bending cyclic C-C stretching 37.91%; cyclic C-N stretching 26.66%; ring-site C-H in-plane bending 25.12%; cyclic-ring deformation (C-C-N bend) 7.39%
   35     1797.89          --                 --  C-O stretching                                                 C-O stretching 76.24%; C-C-N bending 9.17%; C-C stretching 5.33%; C-H bending 3.60%
   36     3062.73          --                 --  in-phase C-H stretching                                        in-phase C-H stretching 99.68%
   37     3123.33          --                 --  opposite-phase C-H stretching                                  opposite-phase C-H stretching 99.64%
   38     3163.14          --                 --  mixed-phase C-H stretching                                     mixed-phase C-H stretching 99.23%
   39     3237.99          --                 --  mixed-phase ring-site C-H stretching                           mixed-phase ring-site C-H stretching 98.37%
   40     3264.55          --                 --  mixed-phase ring-site C-H stretching                           mixed-phase ring-site C-H stretching 99.32%
   41     3289.64          --                 --  ring-site C-H stretching                                       ring-site C-H stretching 98.61%

# Selected internal-coordinate set:
#   1  nu(C1-C2)
#   2  nu(N4-C5)
#   3  nu(C7-N8)
#   4  nu(C6-H13)
#   5  nu(C1-H9)
#   6  nu(N4-N8)
#   7  nu(C7-H14)
#   8  nu(C5-H12)
#   9  nu(C1-H11)
#  10  tau(C5-N4-N8-C7)
#  11  gamma(C5;C6,C7,H13)
#  12  tau(C2-N4-N8-C7)
#  13  nu(C2-O3)
#  14  nu(C1-H10)
#  15  tau(N8-N4-C5-H12)
#  16  delta(C7-C6-H13)
#  17  tau(H10-C1-C2-O3)
#  18  delta(N4-C5-H12)
#  19  delta(C1-C2-O3)
#  20  delta(N8-C7-H14)
#  21  delta(H9-C1-H11)
#  22  tau(H14-C7-N8-N4)
#  23  delta(C2-C1-H11)
#  24  delta(C5-N4-N8)
#  25  delta(C2-C1-H10)
#  26  nu(C6-C7)
#  27  delta(C2-C1-H9)
#  28  nu(C5-C6)
#  29  tau(H11-C1-C2-O3)
#  30  delta(C6-C7-N8)
#  31  nu(C2-N4)
#  32  tau(H9-C1-C2-N4)
#  33  delta(C1-C2-N4)
#  34  tau(N4-C5-C6-C7)
#  35  tau(C1-C2-N4-C5)
#  36  delta(C2-N4-N8)

Wrote: /local/scratch/mv487/qm9s/experiment_1_phase2/ped/18887/18887_summary.csv
Wrote: /local/scratch/mv487/qm9s/experiment_1_phase2/ped/18887/18887_families.csv
Wrote: /local/scratch/mv487/qm9s/experiment_1_phase2/ped/18887/18887_ped.csv
Wrote: /local/scratch/mv487/qm9s/experiment_1_phase2/ped/18887/18887_ir_transitions.csv

# All generated files are in: /local/scratch/mv487/qm9s/experiment_1_phase2/ped/18887
# Manifest: /local/scratch/mv487/qm9s/experiment_1_phase2/ped/18887/18887_manifest.txt

--- stderr ---
Normal modes/frequencies absent or incomplete: diagonalizing Hessian.
