# Contact: romi@lens.unifi.it
# Manual: https://github.com/SebRoLENS/orca-ped-analyzer/blob/main/docs/ORCA_PED_Analyzer_Manual.md
# Check GitHub for updates and new releases: https://github.com/SebRoLENS/orca-ped-analyzer
#
# Molecule: 22 atoms | non-linear
# Bonds inferred: 21 | candidate ICs: 165 | selected ICs: 60
# Cartesian-Hessian reconstruction relative error: 2.226e-05
# Energy distribution: PED (PED is the backward-compatible default; TED includes kinetic-energy terms)
# Ring/cycle bonds detected: 0 | ring atoms: 0 | ring systems: 0
# VPT2: no matching .out file supplied/found -> harmonic/PED analysis only
#
 Mode   Harm/cm-1   VPT2/cm-1  Harm.Int/km mol-1  Assignment                                                     Grouped PED
------------------------------------------------------------------------------------------------------------------------------------------------------------------------------------------------
    6       31.15          --                 --  mixed C-C torsion / C-N torsion                                C-C torsion 57.66%; C-N torsion 16.89%; C-O torsion 7.42%; C-H bending 4.42%
    7       59.56          --                 --  mixed C-O torsion / C-C-O bending                              C-O torsion 51.87%; C-C-O bending 17.30%; C-C torsion 12.07%; C-H bending 5.39%
    8       98.38          --                 --  mixed C-O torsion / C-N torsion / C-C torsion                  C-O torsion 41.04%; C-N torsion 24.83%; C-C torsion 23.57%; C-N-C bending 2.19%
    9       99.86          --                 --  mixed C-C torsion / C-N torsion                                C-C torsion 40.12%; C-N torsion 25.61%; C-O torsion 14.19%; C-N out-of-plane bending 5.17%
   10      174.03          --                 --  C-C torsion                                                    C-C torsion 86.56%; O-C-C bending 3.17%; C-N-C bending 2.73%
   11      214.31          --                 --  C-C torsion                                                    C-C torsion 91.18%; C-N torsion 6.24%
   12      227.59          --                 --  C-C torsion                                                    C-C torsion 98.27%
   13      235.05          --                 --  C-C torsion                                                    C-C torsion 95.88%
   14      276.88          --                 --  C-C torsion                                                    C-C torsion 74.21%; C-C-C bending 10.74%; C-C-N bending 4.07%; C-N-C bending 3.05%
   15      297.83          --                 --  C-C torsion                                                    C-C torsion 87.48%; O-C-C bending 3.33%
   16      335.63          --                 --  C-C torsion                                                    C-C torsion 73.12%; C-N-C bending 6.44%; C-O-C bending 5.03%; C-C-O bending 3.60%
   17      367.96          --                 --  mixed C-C torsion / C-N-C bending                              C-C torsion 40.94%; C-N-C bending 17.58%; C-H bending 11.01%; O-C-O bending 8.53%
   18      452.02          --                 --  mixed C-C-O bending / C-H bending / C-C torsion                C-C-O bending 39.55%; C-H bending 21.26%; C-C torsion 15.01%; C-C-N bending 10.00%
   19      508.45          --                 --  mixed C-C torsion / C-H bending                                C-C torsion 23.86%; C-H bending 19.10%; C-C-N bending 14.40%; C-C-O bending 10.28%
   20      685.07          --                 --  mixed C-N out-of-plane bending / C-C torsion                   C-N out-of-plane bending 29.17%; C-C torsion 27.33%; C-H bending 12.18%; O-C-O bending 8.05%
   21      727.64          --                 --  mixed C-N out-of-plane bending / N-H bending / C-C torsion     C-N out-of-plane bending 31.24%; N-H bending 16.53%; C-C torsion 16.50%; in-phase C-N stretching 11.62%
   22      763.57          --                 --  mixed C-O out-of-plane bending / C-H bending / C-C torsion     C-O out-of-plane bending 38.95%; C-H bending 19.52%; C-C torsion 17.77%; C-C-C bending 7.11%
   23      803.94          --                 --  mixed C-C torsion / C-H bending                                C-C torsion 49.37%; C-H bending 41.96%
   24      855.73          --                 --  mixed C-H bending / C-C torsion / mixed-phase C-C stretching   C-H bending 35.27%; C-C torsion 15.88%; mixed-phase C-C stretching 15.28%; C-O stretching 13.27%
   25      867.36          --                 --  mixed C-H bending / in-phase C-O stretching / C-C torsion      C-H bending 37.03%; in-phase C-O stretching 16.20%; C-C torsion 15.67%; C-C stretching 7.29%
   26      914.00          --                 --  mixed C-H bending / mixed-phase C-C stretching                 C-H bending 48.98%; mixed-phase C-C stretching 18.31%; C-C torsion 13.60%; opposite-phase C-O stretching 8.81%
   27     1014.07          --                 --  mixed C-H bending / mixed-phase C-C stretching / in-phase C-N stretching C-H bending 41.40%; mixed-phase C-C stretching 24.62%; in-phase C-N stretching 18.57%; N-H bending 4.19%
   28     1025.87          --                 --  mixed C-C stretching / C-O stretching / C-H bending            C-C stretching 39.47%; C-O stretching 31.88%; C-H bending 18.08%; C-C torsion 8.00%
   29     1067.94          --                 --  mixed C-H bending / C-C stretching                             C-H bending 62.51%; C-C stretching 11.14%; C-C torsion 9.77%; C-C-C bending 5.83%
   30     1085.30          --                 --  mixed C-H bending / C-C torsion                                C-H bending 57.86%; C-C torsion 16.50%; C-N stretching 12.64%; opposite-phase C-C stretching 4.50%
   31     1117.63          --                 --  mixed C-H bending / C-C torsion                                C-H bending 41.72%; C-C torsion 30.68%; C-C-O bending 12.59%; C-C stretching 10.76%
   32     1147.72          --                 --  mixed C-H bending / mixed-phase C-N stretching                 C-H bending 52.02%; mixed-phase C-N stretching 22.11%; C-C torsion 15.08%; C-N-C bending 3.42%
   33     1157.61          --                 --  C-H bending                                                    C-H bending 71.32%; C-N out-of-plane bending 7.58%; mixed-phase C-N stretching 7.33%; C-O stretching 4.00%
   34     1187.01          --                 --  mixed C-H bending / mixed-phase C-O stretching                 C-H bending 43.92%; mixed-phase C-O stretching 15.92%; C-C torsion 13.26%; O-C-O bending 10.28%
   35     1203.46          --                 --  mixed C-H bending / mixed-phase C-O stretching                 C-H bending 64.19%; mixed-phase C-O stretching 16.33%; C-C torsion 7.25%; mixed-phase C-N stretching 6.82%
   36     1237.60          --                 --  mixed C-H bending / C-N stretching                             C-H bending 58.21%; C-N stretching 18.54%; C-O stretching 5.66%; C-N-C bending 4.36%
   37     1334.30          --                 --  mixed C-H bending / C-C torsion                                C-H bending 72.41%; C-C torsion 25.94%
   38     1351.39          --                 --  C-H bending                                                    C-H bending 88.93%; opposite-phase C-C stretching 4.49%; C-C torsion 3.50%
   39     1367.35          --                 --  mixed C-H bending / C-C torsion                                C-H bending 65.11%; C-C torsion 14.17%; N-H bending 6.14%; C-C stretching 5.63%
   40     1399.64          --                 --  C-H bending                                                    C-H bending 93.64%; C-C torsion 4.12%
   41     1409.24          --                 --  C-H bending                                                    C-H bending 87.53%; C-C torsion 4.63%; C-C stretching 2.97%; C-O stretching 2.22%
   42     1425.78          --                 --  C-H bending                                                    C-H bending 72.77%; C-C torsion 16.90%; C-C stretching 6.92%
   43     1461.43          --                 --  C-H bending                                                    C-H bending 96.69%
   44     1485.47          --                 --  C-H bending                                                    C-H bending 77.92%; C-C torsion 12.55%; N-H bending 6.65%
   45     1490.56          --                 --  C-C torsion                                                    C-C torsion 86.36%; C-H bending 12.85%
   46     1490.83          --                 --  mixed C-H bending / C-C torsion                                C-H bending 70.96%; C-C torsion 25.17%; N-H bending 2.32%
   47     1495.14          --                 --  mixed C-C torsion / C-H bending                                C-C torsion 60.01%; C-H bending 34.44%
   48     1505.78          --                 --  mixed C-H bending / C-C torsion                                C-H bending 69.94%; C-C torsion 27.69%
   49     1509.76          --                 --  mixed C-C torsion / C-H bending                                C-C torsion 75.45%; C-H bending 23.37%
   50     1513.81          --                 --  mixed C-H bending / C-C torsion                                C-H bending 66.88%; C-C torsion 22.68%; N-H bending 6.70%
   51     1527.02          --                 --  C-H bending                                                    C-H bending 90.86%; N-H bending 6.10%
   52     1787.17          --                 --  C-O stretching                                                 C-O stretching 78.48%; O-C-C bending 6.35%; C-C stretching 4.29%; C-H bending 3.82%
   53     2954.98          --                 --  C-H stretching                                                 C-H stretching 99.65%
   54     3034.91          --                 --  C-H stretching                                                 C-H stretching 99.71%
   55     3039.92          --                 --  C-H stretching                                                 C-H stretching 99.73%
   56     3046.63          --                 --  mixed-phase C-H stretching                                     mixed-phase C-H stretching 99.66%
   57     3051.68          --                 --  C-H stretching                                                 C-H stretching 99.13%
   58     3076.23          --                 --  in-phase C-H stretching                                        in-phase C-H stretching 99.24%
   59     3094.84          --                 --  mixed-phase C-H stretching                                     mixed-phase C-H stretching 99.30%
   60     3102.50          --                 --  mixed-phase C-H stretching                                     mixed-phase C-H stretching 99.42%
   61     3103.08          --                 --  mixed-phase C-H stretching                                     mixed-phase C-H stretching 99.27%
   62     3112.06          --                 --  mixed-phase C-H stretching                                     mixed-phase C-H stretching 99.32%
   63     3112.35          --                 --  mixed-phase C-H stretching                                     mixed-phase C-H stretching 99.30%
   64     3135.53          --                 --  mixed-phase C-H stretching                                     mixed-phase C-H stretching 99.31%
   65     3534.50          --                 --  N-H stretching                                                 N-H stretching 99.63%

# Selected internal-coordinate set:
#   1  nu(C1-C2)
#   2  nu(C4-O5)
#   3  nu(C6-C7)
#   4  nu(N8-C9)
#   5  nu(C6-H15)
#   6  nu(C9-H22)
#   7  nu(C1-H10)
#   8  nu(C7-H18)
#   9  nu(C2-H13)
#  10  nu(N8-H19)
#  11  nu(C9-H20)
#  12  nu(C7-H16)
#  13  nu(C1-H12)
#  14  nu(C2-O3)
#  15  gamma(O3;C4,O5,C6)
#  16  nu(C2-H14)
#  17  nu(C7-H17)
#  18  nu(C1-H11)
#  19  nu(C9-H21)
#  20  nu(O3-C4)
#  21  gamma(C6;N8,C9,H19)
#  22  tau(H15-C6-C7-H18)
#  23  delta(O3-C4-O5)
#  24  tau(H12-C1-C2-H13)
#  25  delta(H20-C9-H22)
#  26  delta(H16-C7-H17)
#  27  tau(H11-C1-C2-H14)
#  28  delta(H20-C9-H21)
#  29  delta(C7-C6-H15)
#  30  delta(H21-C9-H22)
#  31  tau(C2-O3-C4-C6)
#  32  delta(C9-N8-H19)
#  33  delta(C1-C2-H14)
#  34  delta(C1-C2-H13)
#  35  delta(C6-C7-H16)
#  36  tau(H10-C1-C2-O3)
#  37  delta(C6-C7-H17)
#  38  delta(C2-C1-H11)
#  39  delta(C2-C1-H12)
#  40  delta(C6-C7-H18)
#  41  delta(C2-C1-H10)
#  42  nu(C6-N8)
#  43  tau(N8-C6-C7-H17)
#  44  delta(N8-C9-H20)
#  45  tau(H12-C1-C2-H14)
#  46  nu(C4-C6)
#  47  delta(N8-C9-H22)
#  48  delta(C4-C6-H15)
#  49  tau(C6-N8-C9-H22)
#  50  delta(O3-C2-H14)
#  51  tau(C4-C6-C7-H16)
#  52  delta(O3-C4-C6)
#  53  tau(O3-C4-C6-N8)
#  54  delta(C7-C6-N8)
#  55  tau(C4-C6-N8-C9)
#  56  delta(C4-C6-C7)
#  57  delta(C6-N8-C9)
#  58  delta(C2-O3-C4)
#  59  delta(C1-C2-O3)
#  60  tau(H14-C2-O3-C4)

Wrote: /local/scratch/mv487/qm9s/experiment_1_phase2/ped/108371/108371_summary.csv
Wrote: /local/scratch/mv487/qm9s/experiment_1_phase2/ped/108371/108371_families.csv
Wrote: /local/scratch/mv487/qm9s/experiment_1_phase2/ped/108371/108371_ped.csv
Wrote: /local/scratch/mv487/qm9s/experiment_1_phase2/ped/108371/108371_ir_transitions.csv

# All generated files are in: /local/scratch/mv487/qm9s/experiment_1_phase2/ped/108371
# Manifest: /local/scratch/mv487/qm9s/experiment_1_phase2/ped/108371/108371_manifest.txt

--- stderr ---
Normal modes/frequencies absent or incomplete: diagonalizing Hessian.
