# Contact: romi@lens.unifi.it
# Manual: https://github.com/SebRoLENS/orca-ped-analyzer/blob/main/docs/ORCA_PED_Analyzer_Manual.md
# Check GitHub for updates and new releases: https://github.com/SebRoLENS/orca-ped-analyzer
#
# Molecule: 20 atoms | non-linear
# Bonds inferred: 21 | candidate ICs: 188 | selected ICs: 54
# Cartesian-Hessian reconstruction relative error: 3.685e-05
# Energy distribution: PED (PED is the backward-compatible default; TED includes kinetic-energy terms)
# Ring/cycle bonds detected: 7 | ring atoms: 6 | ring systems: 1
# VPT2: no matching .out file supplied/found -> harmonic/PED analysis only
#
 Mode   Harm/cm-1   VPT2/cm-1  Harm.Int/km mol-1  Assignment                                                     Grouped PED
------------------------------------------------------------------------------------------------------------------------------------------------------------------------------------------------
    6       82.64          --                 --  mixed C-C torsion / ring-site C-H out-of-plane bending         C-C torsion 66.83%; ring-site C-H out-of-plane bending 9.33%; cyclic-ring out-of-plane deformation 7.15%; cyclic-ring torsional/out-of-plane deformation 5.60%
    7      120.20          --                 --  mixed ring-site C-H out-of-plane bending / cyclic-ring torsional/out-of-plane deformation ring-site C-H out-of-plane bending 51.33%; cyclic-ring torsional/out-of-plane deformation 18.98%; C-C torsion 12.95%; C-C out-of-plane bending 7.69%
    8      158.24          --                 --  mixed C-C torsion / C-C out-of-plane bending                   C-C torsion 38.64%; C-C out-of-plane bending 16.03%; cyclic-ring torsional/out-of-plane deformation 11.25%; ring-site C-H out-of-plane bending 10.35%
    9      187.85          --                 --  mixed C-C torsion / C-C out-of-plane bending                   C-C torsion 30.99%; C-C out-of-plane bending 21.62%; C-C-O bending 13.82%; ring-site C-H out-of-plane bending 11.60%
   10      277.03          --                 --  mixed cyclic-ring out-of-plane deformation / C-O torsion / ring-site C-H out-of-plane bending cyclic-ring out-of-plane deformation 26.78%; C-O torsion 18.37%; ring-site C-H out-of-plane bending 17.30%; cyclic-ring torsional/out-of-plane deformation 13.99%
   11      292.40          --                 --  mixed ring-site C-H out-of-plane bending / cyclic-ring torsional/out-of-plane deformation / C-O torsion ring-site C-H out-of-plane bending 37.78%; cyclic-ring torsional/out-of-plane deformation 23.61%; C-O torsion 16.76%; C-C-C bending 6.67%
   12      313.95          --                 --  mixed C-C-C bending / C-O torsion                              C-C-C bending 52.52%; C-O torsion 14.24%; C-H bending 10.08%; cyclic-ring deformation (C-C-C bend) 4.22%
   13      351.57          --                 --  mixed ring-site C-H out-of-plane bending / C-C-O bending       ring-site C-H out-of-plane bending 43.37%; C-C-O bending 22.08%; C-H bending 5.65%; cyclic-ring torsional/out-of-plane deformation 5.35%
   14      425.98          --                 --  ring-site C-H out-of-plane bending                             ring-site C-H out-of-plane bending 72.77%; cyclic-ring torsional/out-of-plane deformation 7.73%; C-C-O bending 4.31%; C-H bending 2.99%
   15      515.80          --                 --  mixed cyclic-ring torsional/out-of-plane deformation / ring-site C-H out-of-plane bending / cyclic-ring out-of-plane deformation cyclic-ring torsional/out-of-plane deformation 26.29%; ring-site C-H out-of-plane bending 24.49%; cyclic-ring out-of-plane deformation 15.32%; C-H bending 7.12%
   16      570.98          --                 --  mixed ring-site C-H out-of-plane bending / mixed-phase exocyclic C-C stretching ring-site C-H out-of-plane bending 46.53%; mixed-phase exocyclic C-C stretching 9.19%; opposite-phase cyclic C-N stretching 8.46%; cyclic-ring deformation (C-C-C bend) 7.70%
   17      620.55          --                 --  mixed cyclic-ring torsional/out-of-plane deformation / ring-site C-H out-of-plane bending cyclic-ring torsional/out-of-plane deformation 22.85%; ring-site C-H out-of-plane bending 18.26%; exocyclic C-C stretching 13.76%; mixed-phase cyclic C-N stretching 9.22%
   18      719.79          --                 --  mixed cyclic-ring deformation (C-N-C bend) / ring-site C-H out-of-plane bending cyclic-ring deformation (C-N-C bend) 44.81%; ring-site C-H out-of-plane bending 28.29%; cyclic C-N stretching 12.17%; cyclic C-C stretching 4.30%
   19      746.83          --                 --  mixed cyclic C-N stretching / ring-site C-H out-of-plane bending cyclic C-N stretching 49.41%; ring-site C-H out-of-plane bending 20.45%; cyclic-ring out-of-plane deformation 9.94%; cyclic C-C stretching 7.66%
   20      804.28          --                 --  mixed ring-site C-H out-of-plane bending / cyclic-ring deformation (C-C-C bend) / mixed-phase cyclic C-N stretching ring-site C-H out-of-plane bending 27.22%; cyclic-ring deformation (C-C-C bend) 24.24%; mixed-phase cyclic C-N stretching 22.28%; cyclic-ring out-of-plane deformation 6.40%
   21      847.31          --                 --  ring-site C-H out-of-plane bending                             ring-site C-H out-of-plane bending 94.78%
   22      885.31          --                 --  mixed mixed-phase cyclic C-C stretching / cyclic-ring deformation (C-N-C bend) mixed-phase cyclic C-C stretching 33.87%; cyclic-ring deformation (C-N-C bend) 25.79%; C-H bending 13.80%; C-C out-of-plane bending 8.27%
   23      896.99          --                 --  mixed cyclic C-N stretching / cyclic C-C stretching            cyclic C-N stretching 25.85%; cyclic C-C stretching 23.28%; exocyclic C-C stretching 13.90%; ring-site C-H out-of-plane bending 8.40%
   24      968.93          --                 --  mixed ring-site C-H out-of-plane bending / cyclic C-N stretching / C-H bending ring-site C-H out-of-plane bending 43.05%; cyclic C-N stretching 19.29%; C-H bending 17.92%; ring-site C-H in-plane bending 8.94%
   25      986.74          --                 --  mixed ring-site C-H out-of-plane bending / C-H bending         ring-site C-H out-of-plane bending 66.13%; C-H bending 9.56%; ring-site C-H in-plane bending 7.18%; cyclic C-N stretching 3.90%
   26     1000.35          --                 --  mixed C-H bending / ring-site C-H out-of-plane bending         C-H bending 37.28%; ring-site C-H out-of-plane bending 11.99%; mixed-phase cyclic C-C stretching 10.65%; cyclic-ring deformation (C-C-C bend) 10.27%
   27     1032.59          --                 --  mixed C-O stretching / C-H bending                             C-O stretching 66.34%; C-H bending 7.77%; O-H bending 4.79%; opposite-phase cyclic C-N stretching 4.17%
   28     1042.77          --                 --  mixed C-H bending / mixed-phase cyclic C-C stretching / opposite-phase cyclic C-N stretching C-H bending 19.71%; mixed-phase cyclic C-C stretching 17.48%; opposite-phase cyclic C-N stretching 15.14%; ring-site C-H out-of-plane bending 11.17%
   29     1067.58          --                 --  mixed cyclic-ring out-of-plane deformation / ring-site C-H out-of-plane bending cyclic-ring out-of-plane deformation 30.93%; ring-site C-H out-of-plane bending 24.47%; C-H bending 14.11%; mixed-phase cyclic C-N stretching 11.98%
   30     1085.92          --                 --  mixed ring-site C-H out-of-plane bending / C-H bending         ring-site C-H out-of-plane bending 50.02%; C-H bending 25.93%; ring-site C-H in-plane bending 14.49%; cyclic-ring torsional/out-of-plane deformation 2.83%
   31     1110.58          --                 --  mixed ring-site C-H out-of-plane bending / cyclic-ring out-of-plane deformation / C-C out-of-plane bending ring-site C-H out-of-plane bending 34.90%; cyclic-ring out-of-plane deformation 20.90%; C-C out-of-plane bending 16.87%; ring-site C-H in-plane bending 11.83%
   32     1150.17          --                 --  mixed ring-site C-H out-of-plane bending / cyclic-ring out-of-plane deformation / C-H bending ring-site C-H out-of-plane bending 25.03%; cyclic-ring out-of-plane deformation 20.92%; C-H bending 16.16%; exocyclic C-C stretching 9.75%
   33     1199.35          --                 --  mixed exocyclic C-C stretching / ring-site C-H in-plane bending / C-C out-of-plane bending exocyclic C-C stretching 21.26%; ring-site C-H in-plane bending 16.81%; C-C out-of-plane bending 15.39%; in-phase cyclic C-C stretching 11.83%
   34     1206.78          --                 --  mixed ring-site C-H in-plane bending / C-H bending             ring-site C-H in-plane bending 37.53%; C-H bending 19.08%; mixed-phase cyclic C-C stretching 10.43%; mixed-phase exocyclic C-C stretching 9.55%
   35     1226.38          --                 --  mixed ring-site C-H in-plane bending / C-H bending             ring-site C-H in-plane bending 34.58%; C-H bending 28.70%; O-H bending 13.69%; cyclic-ring out-of-plane deformation 7.20%
   36     1281.01          --                 --  mixed ring-site C-H in-plane bending / mixed-phase cyclic C-N stretching ring-site C-H in-plane bending 27.11%; mixed-phase cyclic C-N stretching 26.25%; cyclic C-C stretching 15.00%; ring-site C-H out-of-plane bending 7.53%
   37     1296.64          --                 --  mixed ring-site C-H in-plane bending / C-C out-of-plane bending ring-site C-H in-plane bending 43.70%; C-C out-of-plane bending 31.18%; C-H bending 7.41%; cyclic C-C stretching 5.55%
   38     1332.42          --                 --  mixed C-H bending / ring-site C-H in-plane bending             C-H bending 61.50%; ring-site C-H in-plane bending 14.54%; O-H bending 9.99%; C-C out-of-plane bending 5.47%
   39     1347.00          --                 --  mixed C-C out-of-plane bending / ring-site C-H in-plane bending C-C out-of-plane bending 35.88%; ring-site C-H in-plane bending 29.78%; mixed-phase cyclic C-C stretching 10.70%; C-H bending 9.25%
   40     1365.47          --                 --  mixed mixed-phase cyclic C-C stretching / ring-site C-H out-of-plane bending mixed-phase cyclic C-C stretching 29.77%; ring-site C-H out-of-plane bending 26.05%; C-C out-of-plane bending 8.40%; cyclic-ring deformation (C-N-C bend) 7.36%
   41     1402.96          --                 --  mixed C-H bending / O-H bending                                C-H bending 45.54%; O-H bending 18.67%; ring-site C-H in-plane bending 10.44%; mixed-phase cyclic C-C stretching 9.28%
   42     1421.06          --                 --  C-H bending                                                    C-H bending 93.38%; exocyclic C-C stretching 5.24%
   43     1443.34          --                 --  mixed C-H bending / ring-site C-H in-plane bending             C-H bending 52.54%; ring-site C-H in-plane bending 11.49%; exocyclic C-C stretching 8.78%; ring-site C-H out-of-plane bending 7.43%
   44     1482.63          --                 --  C-H bending                                                    C-H bending 98.46%
   45     1490.72          --                 --  C-H bending                                                    C-H bending 75.42%; ring-site C-H out-of-plane bending 19.70%; ring-site C-H in-plane bending 3.66%
   46     1494.04          --                 --  mixed C-H bending / ring-site C-H out-of-plane bending         C-H bending 65.43%; ring-site C-H out-of-plane bending 25.08%; ring-site C-H in-plane bending 6.86%
   47     1514.13          --                 --  C-H bending                                                    C-H bending 90.06%; ring-site C-H out-of-plane bending 6.39%
   48     1706.47          --                 --  cyclic C-C stretching                                          cyclic C-C stretching 72.62%; exocyclic C-C stretching 6.63%; ring-site C-H in-plane bending 5.88%; C-H bending 4.86%
   49     3003.09          --                 --  ring-site C-H stretching                                       ring-site C-H stretching 95.21%; in-phase C-H stretching 4.09%
   50     3015.24          --                 --  C-H stretching                                                 C-H stretching 95.49%; ring-site C-H stretching 4.14%
   51     3025.85          --                 --  mixed-phase ring-site C-H stretching                           mixed-phase ring-site C-H stretching 98.23%
   52     3045.86          --                 --  C-H stretching                                                 C-H stretching 99.04%
   53     3054.88          --                 --  opposite-phase C-H stretching                                  opposite-phase C-H stretching 99.62%
   54     3082.61          --                 --  mixed-phase C-H stretching                                     mixed-phase C-H stretching 95.56%; ring-site C-H stretching 3.69%
   55     3105.91          --                 --  mixed-phase C-H stretching                                     mixed-phase C-H stretching 99.52%
   56     3116.82          --                 --  mixed-phase ring-site C-H stretching                           mixed-phase ring-site C-H stretching 95.80%; opposite-phase C-H stretching 3.33%
   57     3128.66          --                 --  ring-site C-H stretching                                       ring-site C-H stretching 98.55%
   58     3197.60          --                 --  ring-site C-H stretching                                       ring-site C-H stretching 98.40%
   59     3806.29          --                 --  O-H stretching                                                 O-H stretching 99.92%

# Selected internal-coordinate set:
#   1  nu(C1-C2)
#   2  nu(C3-C4)
#   3  nu(C5-H15)
#   4  nu(C6-O7)
#   5  nu(N8-C9)
#   6  nu(C6-H16)
#   7  nu(C9-H20)
#   8  nu(O7-H18)
#   9  nu(C1-H12)
#  10  nu(C4-N8)
#  11  nu(C6-H17)
#  12  nu(C9-H19)
#  13  nu(C1-H10)
#  14  gamma(H13;C3,C2,C4)
#  15  nu(C3-H13)
#  16  gamma(N8;C4,C5,H14)
#  17  nu(C1-H11)
#  18  tau(H16-C6-O7-H18)
#  19  gamma(C6;C5,N8,H15)
#  20  nu(C2-C9)
#  21  nu(C4-H14)
#  22  delta(N8-C5-H15)
#  23  delta(O7-C6-H17)
#  24  tau(C1-C2-C3-C4)
#  25  delta(C4-C3-H13)
#  26  tau(H14-C4-N8-C9)
#  27  delta(H10-C1-H12)
#  28  delta(H19-C9-H20)
#  29  delta(H10-C1-H11)
#  30  delta(H11-C1-H12)
#  31  delta(O7-C6-H16)
#  32  delta(C6-O7-H18)
#  33  delta(H16-C6-H17)
#  34  gamma(C2;C9,H19,H20)
#  35  gamma(C6;C5,C4,N8)
#  36  delta(C2-C1-H11)
#  37  delta(C4-N8-C9)
#  38  gamma(H20;C9,C2,N8)
#  39  nu(C5-C6)
#  40  nu(C2-C3)
#  41  nu(C5-N8)
#  42  delta(C5-C6-H17)
#  43  tau(H15-C5-N8-C9)
#  44  delta(C2-C1-H12)
#  45  delta(C2-C3-C4)
#  46  tau(H13-C3-C4-N8)
#  47  tau(H11-C1-C2-C9)
#  48  delta(N8-C9-H20)
#  49  nu(C4-C5)
#  50  delta(C5-C6-O7)
#  51  delta(C1-C2-C9)
#  52  tau(C4-C5-C6-O7)
#  53  tau(C5-N8-C9-H20)
#  54  tau(C5-C4-N8-C9)

Wrote: /local/scratch/mv487/qm9s/experiment_1_phase2/ped/128707/128707_summary.csv
Wrote: /local/scratch/mv487/qm9s/experiment_1_phase2/ped/128707/128707_families.csv
Wrote: /local/scratch/mv487/qm9s/experiment_1_phase2/ped/128707/128707_ped.csv
Wrote: /local/scratch/mv487/qm9s/experiment_1_phase2/ped/128707/128707_ir_transitions.csv

# All generated files are in: /local/scratch/mv487/qm9s/experiment_1_phase2/ped/128707
# Manifest: /local/scratch/mv487/qm9s/experiment_1_phase2/ped/128707/128707_manifest.txt

--- stderr ---
Normal modes/frequencies absent or incomplete: diagonalizing Hessian.
