# Contact: romi@lens.unifi.it
# Manual: https://github.com/SebRoLENS/orca-ped-analyzer/blob/main/docs/ORCA_PED_Analyzer_Manual.md
# Check GitHub for updates and new releases: https://github.com/SebRoLENS/orca-ped-analyzer
#
# Molecule: 21 atoms | non-linear
# Bonds inferred: 20 | candidate ICs: 159 | selected ICs: 57
# Cartesian-Hessian reconstruction relative error: 1.004e-05
# Energy distribution: PED (PED is the backward-compatible default; TED includes kinetic-energy terms)
# Ring/cycle bonds detected: 0 | ring atoms: 0 | ring systems: 0
# VPT2: no matching .out file supplied/found -> harmonic/PED analysis only
#
 Mode   Harm/cm-1   VPT2/cm-1  Harm.Int/km mol-1  Assignment                                                     Grouped PED
------------------------------------------------------------------------------------------------------------------------------------------------------------------------------------------------
    6       35.18          --                 --  C-C torsion                                                    C-C torsion 98.82%
    7       39.33          --                 --  C-C torsion                                                    C-C torsion 96.73%; C-O torsion 2.57%
    8       57.82          --                 --  C-C torsion                                                    C-C torsion 99.32%
    9       80.54          --                 --  mixed C-C-C bending / O-C-C bending                            C-C-C bending 49.20%; O-C-C bending 15.67%; C-H bending 12.92%; C-O-C bending 7.15%
   10      102.68          --                 --  mixed C-C torsion / C-O torsion                                C-C torsion 67.90%; C-O torsion 23.57%; C-H bending 8.42%
   11      131.27          --                 --  C-C torsion                                                    C-C torsion 79.13%; C-O torsion 19.00%
   12      196.33          --                 --  mixed C-C torsion / C-O torsion                                C-C torsion 69.83%; C-O torsion 29.60%
   13      204.65          --                 --  mixed C-C-C bending / C-C-O bending / C-O-C bending            C-C-C bending 36.76%; C-C-O bending 22.85%; C-O-C bending 20.63%; C-H bending 10.18%
   14      251.55          --                 --  C-O torsion                                                    C-O torsion 96.95%; C-H bending 2.05%
   15      257.73          --                 --  mixed C-C stretching / O-C-C bending                           C-C stretching 26.96%; O-C-C bending 16.43%; C-C-C bending 14.67%; C-C-O bending 13.65%
   16      367.66          --                 --  mixed C-C-O bending / C-C-C bending / C-H bending              C-C-O bending 32.37%; C-C-C bending 25.36%; C-H bending 15.99%; O-C-C bending 9.35%
   17      452.87          --                 --  mixed C-C-O bending / C-C-C bending / C-H bending              C-C-O bending 28.30%; C-C-C bending 23.38%; C-H bending 19.38%; C-O-C bending 8.76%
   18      513.55          --                 --  mixed C-C-O bending / C-C-C bending / C-H bending              C-C-O bending 39.25%; C-C-C bending 19.90%; C-H bending 16.90%; O-C-C bending 14.83%
   19      606.25          --                 --  mixed C-C torsion / C-O torsion / C-H bending                  C-C torsion 44.21%; C-O torsion 36.26%; C-H bending 19.49%
   20      647.69          --                 --  mixed O-C-O bending / C-C stretching                           O-C-O bending 44.72%; C-C stretching 31.11%; C-O-C bending 8.36%; C-C-C bending 6.52%
   21      764.06          --                 --  mixed C-H bending / C-C torsion                                C-H bending 61.26%; C-C torsion 38.64%
   22      819.64          --                 --  C-H bending                                                    C-H bending 81.78%; C-C torsion 17.70%
   23      906.69          --                 --  mixed C-O stretching / mixed-phase C-C stretching              C-O stretching 37.11%; mixed-phase C-C stretching 14.84%; C-H bending 13.92%; C-O-C bending 8.81%
   24      950.63          --                 --  C-H bending                                                    C-H bending 98.35%
   25      968.33          --                 --  mixed mixed-phase C-C stretching / mixed-phase C-O stretching / C-H bending mixed-phase C-C stretching 30.77%; mixed-phase C-O stretching 28.07%; C-H bending 24.40%; C-C torsion 2.96%
   26     1013.67          --                 --  mixed mixed-phase C-C stretching / C-H bending                 mixed-phase C-C stretching 41.10%; C-H bending 21.81%; mixed-phase C-O stretching 10.60%; C-C-C bending 7.34%
   27     1039.90          --                 --  mixed C-O stretching / C-C stretching                          C-O stretching 43.57%; C-C stretching 31.88%; C-H bending 8.60%; O-H bending 5.70%
   28     1058.37          --                 --  mixed mixed-phase C-O stretching / mixed-phase C-C stretching / C-H bending mixed-phase C-O stretching 38.20%; mixed-phase C-C stretching 25.23%; C-H bending 22.66%; C-C-O bending 4.15%
   29     1058.96          --                 --  mixed mixed-phase C-O stretching / C-H bending / opposite-phase C-C stretching mixed-phase C-O stretching 31.70%; C-H bending 27.82%; opposite-phase C-C stretching 27.35%; C-C-O bending 3.11%
   30     1069.00          --                 --  mixed C-H bending / C-C torsion                                C-H bending 70.73%; C-C torsion 20.06%; C-O torsion 8.99%
   31     1103.77          --                 --  mixed C-C stretching / C-C-C bending                           C-C stretching 38.25%; C-C-C bending 18.33%; C-H bending 9.81%; C-O stretching 8.60%
   32     1178.29          --                 --  C-H bending                                                    C-H bending 97.42%
   33     1226.22          --                 --  C-H bending                                                    C-H bending 86.50%; C-C torsion 12.73%
   34     1235.35          --                 --  mixed C-H bending / O-H bending                                C-H bending 53.83%; O-H bending 31.07%; C-C stretching 5.97%; C-C-C bending 3.83%
   35     1260.22          --                 --  mixed mixed-phase C-O stretching / C-H bending                 mixed-phase C-O stretching 36.05%; C-H bending 25.01%; O-C-O bending 14.53%; C-C stretching 11.84%
   36     1291.71          --                 --  mixed C-H bending / C-C torsion                                C-H bending 77.52%; C-C torsion 22.25%
   37     1303.57          --                 --  C-H bending                                                    C-H bending 79.19%; O-H bending 8.18%; C-C torsion 4.57%; C-C out-of-plane bending 3.18%
   38     1325.23          --                 --  C-H bending                                                    C-H bending 98.34%
   39     1329.20          --                 --  C-H bending                                                    C-H bending 97.53%; C-C torsion 2.40%
   40     1383.10          --                 --  C-H bending                                                    C-H bending 70.55%; C-C out-of-plane bending 15.74%; C-C torsion 4.06%; C-C stretching 3.85%
   41     1402.96          --                 --  mixed C-H out-of-plane bending / C-H bending                   C-H out-of-plane bending 47.11%; C-H bending 46.71%; C-C stretching 4.14%
   42     1431.29          --                 --  mixed C-H bending / C-C out-of-plane bending                   C-H bending 52.16%; C-C out-of-plane bending 32.49%; mixed-phase C-C stretching 8.64%; C-H out-of-plane bending 3.96%
   43     1460.07          --                 --  C-H bending                                                    C-H bending 82.26%; mixed-phase C-C stretching 8.83%; O-H bending 7.11%
   44     1476.41          --                 --  mixed C-H bending / C-H out-of-plane bending                   C-H bending 65.76%; C-H out-of-plane bending 21.45%; C-C torsion 11.54%
   45     1481.05          --                 --  C-C torsion                                                    C-C torsion 81.54%; C-H bending 17.89%
   46     1498.58          --                 --  C-H bending                                                    C-H bending 95.24%; C-C torsion 3.02%
   47     1505.69          --                 --  C-H bending                                                    C-H bending 98.13%
   48     1522.87          --                 --  C-H bending                                                    C-H bending 78.75%; C-C torsion 18.93%
   49     1533.02          --                 --  C-H bending                                                    C-H bending 95.24%; C-C torsion 3.85%
   50     1794.59          --                 --  C-O stretching                                                 C-O stretching 79.87%; C-C-O bending 6.37%; C-C stretching 5.10%; C-H bending 3.44%
   51     2973.86          --                 --  in-phase C-H stretching                                        in-phase C-H stretching 99.41%
   52     3000.55          --                 --  opposite-phase C-H stretching                                  opposite-phase C-H stretching 99.15%
   53     3025.43          --                 --  C-H stretching                                                 C-H stretching 98.98%
   54     3033.98          --                 --  mixed-phase C-H stretching                                     mixed-phase C-H stretching 99.58%
   55     3050.06          --                 --  in-phase C-H stretching                                        in-phase C-H stretching 99.53%
   56     3053.07          --                 --  mixed-phase C-H stretching                                     mixed-phase C-H stretching 98.71%
   57     3054.72          --                 --  C-H stretching                                                 C-H stretching 99.60%
   58     3075.29          --                 --  mixed-phase C-H stretching                                     mixed-phase C-H stretching 99.39%
   59     3097.91          --                 --  mixed-phase C-H stretching                                     mixed-phase C-H stretching 99.64%
   60     3113.91          --                 --  opposite-phase C-H stretching                                  opposite-phase C-H stretching 99.74%
   61     3160.22          --                 --  mixed-phase C-H stretching                                     mixed-phase C-H stretching 99.47%
   62     3820.87          --                 --  O-H stretching                                                 O-H stretching 99.92%

# Selected internal-coordinate set:
#   1  nu(C1-H10)
#   2  nu(C2-O3)
#   3  nu(C5-C6)
#   4  nu(C7-C8)
#   5  nu(O9-H21)
#   6  nu(O4-C5)
#   7  nu(C7-H17)
#   8  nu(C6-H15)
#   9  nu(C1-H12)
#  10  nu(C8-H20)
#  11  nu(C7-H18)
#  12  nu(C6-H16)
#  13  nu(C1-H11)
#  14  nu(C8-H19)
#  15  nu(C5-H14)
#  16  tau(O3-C2-O4-C5)
#  17  nu(C2-O4)
#  18  nu(C5-H13)
#  19  nu(C8-O9)
#  20  tau(C7-C8-O9-H21)
#  21  gamma(H10;C1,H11,H12)
#  22  delta(O3-C2-O4)
#  23  delta(H17-C7-H18)
#  24  delta(H15-C6-H16)
#  25  delta(H11-C1-H12)
#  26  tau(C1-C2-O4-C5)
#  27  delta(H19-C8-H20)
#  28  delta(C8-O9-H21)
#  29  delta(H13-C5-H14)
#  30  delta(C5-C6-H16)
#  31  delta(C5-C6-H15)
#  32  delta(C8-C7-H17)
#  33  delta(C8-C7-H18)
#  34  delta(O9-C8-H19)
#  35  tau(H10-C1-C2-O4)
#  36  gamma(C6;C5,H13,H14)
#  37  delta(O9-C8-H20)
#  38  delta(C2-C1-H10)
#  39  delta(C6-C7-H17)
#  40  tau(H13-C5-C6-H15)
#  41  nu(C1-C2)
#  42  delta(C7-C8-H20)
#  43  nu(C6-C7)
#  44  delta(C6-C5-H14)
#  45  tau(H11-C1-C2-O4)
#  46  delta(C2-C1-H12)
#  47  tau(C6-C7-C8-O9)
#  48  delta(C2-O4-C5)
#  49  delta(C7-C8-O9)
#  50  delta(C1-C2-O4)
#  51  delta(C7-C6-H16)
#  52  tau(C2-O4-C5-C6)
#  53  delta(C6-C7-C8)
#  54  tau(C5-C6-C7-C8)
#  55  delta(C5-C6-C7)
#  56  tau(O4-C5-C6-C7)
#  57  delta(O4-C5-C6)

Wrote: /local/scratch/mv487/qm9s/experiment_1_phase2/ped/113810/113810_summary.csv
Wrote: /local/scratch/mv487/qm9s/experiment_1_phase2/ped/113810/113810_families.csv
Wrote: /local/scratch/mv487/qm9s/experiment_1_phase2/ped/113810/113810_ped.csv
Wrote: /local/scratch/mv487/qm9s/experiment_1_phase2/ped/113810/113810_ir_transitions.csv

# All generated files are in: /local/scratch/mv487/qm9s/experiment_1_phase2/ped/113810
# Manifest: /local/scratch/mv487/qm9s/experiment_1_phase2/ped/113810/113810_manifest.txt

--- stderr ---
Normal modes/frequencies absent or incomplete: diagonalizing Hessian.
