# Contact: romi@lens.unifi.it
# Manual: https://github.com/SebRoLENS/orca-ped-analyzer/blob/main/docs/ORCA_PED_Analyzer_Manual.md
# Check GitHub for updates and new releases: https://github.com/SebRoLENS/orca-ped-analyzer
#
# Molecule: 19 atoms | non-linear
# Bonds inferred: 18 | candidate ICs: 139 | selected ICs: 51
# Cartesian-Hessian reconstruction relative error: 2.326e-05
# Energy distribution: PED (PED is the backward-compatible default; TED includes kinetic-energy terms)
# Ring/cycle bonds detected: 0 | ring atoms: 0 | ring systems: 0
# VPT2: no matching .out file supplied/found -> harmonic/PED analysis only
#
 Mode   Harm/cm-1   VPT2/cm-1  Harm.Int/km mol-1  Assignment                                                     Grouped PED
------------------------------------------------------------------------------------------------------------------------------------------------------------------------------------------------
    6       72.47          --                 --  C-C torsion                                                    C-C torsion 97.41%
    7      107.48          --                 --  C-C torsion                                                    C-C torsion 97.01%
    8      142.64          --                 --  mixed C-C torsion / C-C-C bending                              C-C torsion 68.78%; C-C-C bending 17.41%; C-C-N linear bending 8.24%
    9      200.36          --                 --  mixed C-C torsion / C-C-C bending                              C-C torsion 39.58%; C-C-C bending 26.84%; O-C-C bending 9.45%; C-C-N linear bending 5.95%
   10      221.68          --                 --  mixed C-C torsion / C-C-C bending                              C-C torsion 46.54%; C-C-C bending 27.82%; C-C-N linear bending 9.57%; C-C-O bending 8.60%
   11      242.77          --                 --  mixed C-O torsion / C-C torsion                                C-O torsion 52.63%; C-C torsion 30.43%; C-C-O bending 7.89%; C-C-N linear bending 3.61%
   12      252.85          --                 --  mixed C-C torsion / C-O torsion                                C-C torsion 59.76%; C-O torsion 14.80%; C-C-N linear bending 12.31%; C-C-C bending 6.67%
   13      290.10          --                 --  mixed C-N torsion / C-C torsion                                C-N torsion 31.35%; C-C torsion 17.18%; C-C-N bending 11.42%; C-C-O bending 8.29%
   14      313.98          --                 --  mixed C-C out-of-plane bending / C-C-C bending                 C-C out-of-plane bending 33.39%; C-C-C bending 31.76%; C-C torsion 11.38%; C-C-O bending 7.58%
   15      339.74          --                 --  mixed C-C torsion / C-C-C bending / C-N torsion                C-C torsion 25.70%; C-C-C bending 23.54%; C-N torsion 16.86%; O-C-C bending 15.23%
   16      380.90          --                 --  mixed C-C torsion / C-C-C bending                              C-C torsion 30.11%; C-C-C bending 25.30%; C-C-N bending 9.34%; C-C out-of-plane bending 7.20%
   17      407.40          --                 --  mixed C-O torsion / C-C out-of-plane bending / C-C-C bending   C-O torsion 24.93%; C-C out-of-plane bending 20.80%; C-C-C bending 18.63%; C-C torsion 13.97%
   18      409.13          --                 --  mixed C-C-C bending / C-C torsion / C-O torsion                C-C-C bending 24.01%; C-C torsion 17.57%; C-O torsion 17.23%; C-C-N linear bending 10.55%
   19      418.71          --                 --  mixed C-C torsion / C-C-C bending                              C-C torsion 38.23%; C-C-C bending 23.82%; C-O torsion 10.96%; C-H bending 6.74%
   20      508.34          --                 --  mixed C-C out-of-plane bending / in-phase C-C stretching       C-C out-of-plane bending 51.65%; in-phase C-C stretching 12.35%; C-C torsion 8.92%; C-H bending 8.33%
   21      602.17          --                 --  mixed C-C-N linear bending / C-C-C bending / C-C torsion       C-C-N linear bending 32.66%; C-C-C bending 23.93%; C-C torsion 17.87%; mixed-phase C-C stretching 9.22%
   22      677.86          --                 --  mixed C-C-O bending / C-C stretching                           C-C-O bending 25.49%; C-C stretching 12.92%; C-C-C bending 12.73%; C-H bending 10.34%
   23      789.34          --                 --  mixed in-phase C-C stretching / C-O stretching                 in-phase C-C stretching 27.38%; C-O stretching 20.60%; C-C-C bending 11.41%; C-H bending 8.92%
   24      837.89          --                 --  mixed C-N out-of-plane bending / N-H bending                   C-N out-of-plane bending 45.96%; N-H bending 24.79%; C-N stretching 9.10%; mixed-phase C-C stretching 9.08%
   25      890.82          --                 --  mixed C-N out-of-plane bending / mixed-phase C-C stretching / C-H bending C-N out-of-plane bending 33.33%; mixed-phase C-C stretching 20.22%; C-H bending 17.05%; N-H bending 13.70%
   26      939.68          --                 --  mixed C-H bending / mixed-phase C-C stretching                 C-H bending 52.22%; mixed-phase C-C stretching 23.75%; C-C torsion 10.45%; C-N out-of-plane bending 3.87%
   27      955.52          --                 --  mixed C-H bending / C-O stretching                             C-H bending 33.15%; C-O stretching 27.76%; C-C torsion 14.16%; C-C stretching 11.36%
   28      988.27          --                 --  mixed mixed-phase C-C stretching / C-H bending                 mixed-phase C-C stretching 26.29%; C-H bending 22.20%; in-phase C-O stretching 10.43%; mixed-phase C-N stretching 8.00%
   29     1044.80          --                 --  mixed C-O stretching / C-H bending                             C-O stretching 50.12%; C-H bending 21.16%; C-C torsion 6.14%; C-C-O bending 4.94%
   30     1090.70          --                 --  mixed C-H bending / C-N stretching                             C-H bending 31.71%; C-N stretching 23.39%; mixed-phase C-O stretching 12.36%; C-C-C bending 10.08%
   31     1133.10          --                 --  mixed C-H bending / C-C torsion                                C-H bending 44.44%; C-C torsion 14.91%; C-C-C bending 13.83%; opposite-phase C-C stretching 11.24%
   32     1146.56          --                 --  mixed C-H bending / C-N stretching                             C-H bending 28.68%; C-N stretching 17.20%; O-H bending 10.40%; N-H bending 9.89%
   33     1168.96          --                 --  mixed C-C out-of-plane bending / C-H bending                   C-C out-of-plane bending 26.97%; C-H bending 20.40%; opposite-phase C-C stretching 14.78%; C-C torsion 11.01%
   34     1222.49          --                 --  mixed C-H bending / O-H bending                                C-H bending 35.02%; O-H bending 23.17%; N-H bending 11.10%; C-C-C bending 9.49%
   35     1275.45          --                 --  mixed C-H bending / C-C out-of-plane bending                   C-H bending 36.60%; C-C out-of-plane bending 17.08%; O-H bending 11.59%; mixed-phase C-C stretching 11.02%
   36     1294.83          --                 --  mixed C-H bending / C-C torsion                                C-H bending 67.02%; C-C torsion 14.22%; N-H bending 6.21%; C-C-C bending 2.55%
   37     1341.18          --                 --  mixed C-H bending / C-C torsion                                C-H bending 57.74%; C-C torsion 17.90%; O-H bending 7.59%; C-C out-of-plane bending 4.86%
   38     1366.02          --                 --  mixed O-H bending / C-C torsion / C-H bending                  O-H bending 33.75%; C-C torsion 21.45%; C-H bending 18.28%; mixed-phase C-C stretching 9.92%
   39     1398.41          --                 --  mixed C-H bending / C-C torsion / N-H bending                  C-H bending 38.40%; C-C torsion 24.44%; N-H bending 17.57%; mixed-phase C-C stretching 9.52%
   40     1413.63          --                 --  C-H bending                                                    C-H bending 89.05%; in-phase C-C stretching 4.44%
   41     1453.76          --                 --  C-H bending                                                    C-H bending 87.58%; O-H bending 4.02%; C-C stretching 3.53%; C-C torsion 2.88%
   42     1495.48          --                 --  C-H bending                                                    C-H bending 96.51%; C-C torsion 2.57%
   43     1500.71          --                 --  C-H bending                                                    C-H bending 93.85%; C-C torsion 2.97%
   44     1519.36          --                 --  C-H bending                                                    C-H bending 80.44%; C-C torsion 18.48%
   45     1656.70          --                 --  N-H bending                                                    N-H bending 91.58%; C-N out-of-plane bending 5.33%
   46     2341.60          --                 --  C-N stretching                                                 C-N stretching 92.17%; C-C stretching 7.75%
   47     3007.13          --                 --  C-H stretching                                                 C-H stretching 99.24%
   48     3043.11          --                 --  mixed-phase C-H stretching                                     mixed-phase C-H stretching 99.57%
   49     3050.48          --                 --  C-H stretching                                                 C-H stretching 99.29%
   50     3072.28          --                 --  mixed-phase C-H stretching                                     mixed-phase C-H stretching 98.59%
   51     3112.25          --                 --  mixed-phase C-H stretching                                     mixed-phase C-H stretching 99.43%
   52     3149.91          --                 --  mixed-phase C-H stretching                                     mixed-phase C-H stretching 99.15%
   53     3504.64          --                 --  in-phase N-H stretching                                        in-phase N-H stretching 99.86%
   54     3589.00          --                 --  opposite-phase N-H stretching                                  opposite-phase N-H stretching 99.84%
   55     3772.77          --                 --  O-H stretching                                                 O-H stretching 99.94%
   56     3839.71          --                 --  O-H stretching                                                 O-H stretching 99.88%

# Selected internal-coordinate set:
#   1  nu(C1-C2)
#   2  nu(C4-O5)
#   3  nu(C6-H17)
#   4  nu(N7-H18)
#   5  nu(O3-H13)
#   6  nu(C8-N9)
#   7  nu(N7-H19)
#   8  nu(O5-H16)
#   9  nu(C1-H12)
#  10  nu(C4-H15)
#  11  delta_lin2(C6-C8-N9)
#  12  nu(C2-O3)
#  13  nu(C1-H11)
#  14  nu(C4-H14)
#  15  delta_lin1(C6-C8-N9)
#  16  gamma(C6;N7,H18,H19)
#  17  tau(C6-C2-O3-H13)
#  18  nu(C1-H10)
#  19  nu(C2-C6)
#  20  tau(H15-C4-O5-H16)
#  21  delta(H18-N7-H19)
#  22  delta(C4-O5-H16)
#  23  tau(O3-C2-C6-H17)
#  24  delta(H10-C1-H12)
#  25  delta(C2-O3-H13)
#  26  delta(H11-C1-H12)
#  27  delta(H14-C4-H15)
#  28  delta(H10-C1-H11)
#  29  delta(C2-C6-H17)
#  30  gamma(C1;C2,O3,C6)
#  31  delta(O5-C4-H15)
#  32  nu(C6-C8)
#  33  delta(C2-C4-H14)
#  34  nu(C6-N7)
#  35  delta(C2-C1-H12)
#  36  delta(C2-C4-H15)
#  37  delta(C6-N7-H18)
#  38  tau(C2-C6-N7-H19)
#  39  delta(C2-C1-H11)
#  40  delta(O3-C2-C6)
#  41  nu(C2-C4)
#  42  tau(H10-C1-C2-C4)
#  43  tau(C4-C2-C6-N7)
#  44  tau(C1-C2-C6-C8)
#  45  delta(C2-C4-O5)
#  46  tau(C6-C2-C4-O5)
#  47  delta(C2-C6-C8)
#  48  delta(C2-C6-N7)
#  49  tau(C1-C2-C4-H15)
#  50  delta(C1-C2-C4)
#  51  delta(C4-C2-C6)

Wrote: /local/scratch/mv487/qm9s/experiment_1_phase2/ped/92313/92313_summary.csv
Wrote: /local/scratch/mv487/qm9s/experiment_1_phase2/ped/92313/92313_families.csv
Wrote: /local/scratch/mv487/qm9s/experiment_1_phase2/ped/92313/92313_ped.csv
Wrote: /local/scratch/mv487/qm9s/experiment_1_phase2/ped/92313/92313_ir_transitions.csv

# All generated files are in: /local/scratch/mv487/qm9s/experiment_1_phase2/ped/92313
# Manifest: /local/scratch/mv487/qm9s/experiment_1_phase2/ped/92313/92313_manifest.txt

--- stderr ---
Normal modes/frequencies absent or incomplete: diagonalizing Hessian.
