# Contact: romi@lens.unifi.it
# Manual: https://github.com/SebRoLENS/orca-ped-analyzer/blob/main/docs/ORCA_PED_Analyzer_Manual.md
# Check GitHub for updates and new releases: https://github.com/SebRoLENS/orca-ped-analyzer
#
# Molecule: 20 atoms | non-linear
# Bonds inferred: 20 | candidate ICs: 149 | selected ICs: 54
# Cartesian-Hessian reconstruction relative error: 1.678e-05
# Energy distribution: PED (PED is the backward-compatible default; TED includes kinetic-energy terms)
# Ring/cycle bonds detected: 5 | ring atoms: 5 | ring systems: 1
# VPT2: no matching .out file supplied/found -> harmonic/PED analysis only
#
 Mode   Harm/cm-1   VPT2/cm-1  Harm.Int/km mol-1  Assignment                                                     Grouped PED
------------------------------------------------------------------------------------------------------------------------------------------------------------------------------------------------
    6       54.83          --                 --  C-C torsion                                                    C-C torsion 81.80%; cyclic-ring torsional/out-of-plane deformation 7.46%; cyclic-ring torsional/out-of-plane deformation 7.22%
    7      113.94          --                 --  mixed cyclic-ring torsional/out-of-plane deformation / C-C torsion / C-N torsion cyclic-ring torsional/out-of-plane deformation 39.27%; C-C torsion 21.54%; C-N torsion 20.21%; C-C-C bending 14.28%
    8      158.79          --                 --  C-N torsion                                                    C-N torsion 89.03%; C-C torsion 5.62%; C-C-O bending 2.47%
    9      172.35          --                 --  C-N torsion                                                    C-N torsion 96.74%
   10      221.09          --                 --  C-C torsion                                                    C-C torsion 99.85%
   11      253.49          --                 --  C-C torsion                                                    C-C torsion 99.09%
   12      262.14          --                 --  mixed cyclic-ring torsional/out-of-plane deformation / C-N torsion cyclic-ring torsional/out-of-plane deformation 46.68%; C-N torsion 46.37%; C-C-C bending 3.50%
   13      322.55          --                 --  mixed C-C-C bending / C-C torsion                              C-C-C bending 48.15%; C-C torsion 32.61%; C-H bending 7.18%; C-N torsion 3.41%
   14      399.25          --                 --  mixed C-C torsion / N-C-O bending                              C-C torsion 27.48%; N-C-O bending 25.97%; C-N torsion 13.45%; C-C-C bending 9.04%
   15      407.43          --                 --  mixed C-C-C bending / cyclic-ring torsional/out-of-plane deformation C-C-C bending 26.06%; cyclic-ring torsional/out-of-plane deformation 25.92%; C-C torsion 10.79%; C-H bending 9.07%
   16      498.54          --                 --  mixed C-C torsion / C-H bending                                C-C torsion 32.81%; C-H bending 13.53%; C-C-C bending 11.77%; C-C-O bending 9.46%
   17      615.77          --                 --  mixed C-C torsion / cyclic-ring deformation (C-C-O bend) / C-H bending C-C torsion 27.55%; cyclic-ring deformation (C-C-O bend) 16.65%; C-H bending 15.79%; exocyclic C-C stretching 7.84%
   18      633.87          --                 --  mixed C-N torsion / N-H bending                                C-N torsion 58.45%; N-H bending 21.42%; cyclic-ring torsional/out-of-plane deformation 6.43%; C-C torsion 3.06%
   19      661.79          --                 --  mixed C-N torsion / cyclic-ring torsional/out-of-plane deformation C-N torsion 41.22%; cyclic-ring torsional/out-of-plane deformation 17.61%; N-H bending 13.87%; cyclic-ring torsional/out-of-plane deformation 7.56%
   20      698.06          --                 --  mixed C-N torsion / cyclic-ring torsional/out-of-plane deformation C-N torsion 32.67%; cyclic-ring torsional/out-of-plane deformation 20.50%; cyclic-ring deformation (C-C-O bend) 14.51%; exocyclic C-N stretching 6.96%
   21      726.10          --                 --  mixed C-N torsion / cyclic-ring deformation (C-C-O bend)       C-N torsion 25.45%; cyclic-ring deformation (C-C-O bend) 20.95%; ring-site C-H out-of-plane bending 14.72%; N-H bending 12.26%
   22      750.61          --                 --  mixed C-N torsion / ring-site C-H out-of-plane bending         C-N torsion 50.61%; ring-site C-H out-of-plane bending 33.15%; N-H bending 7.49%
   23      824.88          --                 --  cyclic-ring out-of-plane deformation                           cyclic-ring out-of-plane deformation 85.14%; cyclic-ring torsional/out-of-plane deformation 10.07%; ring-site C-H out-of-plane bending 2.10%
   24      875.60          --                 --  mixed in-phase C-C stretching / C-H bending                    in-phase C-C stretching 55.13%; C-H bending 17.63%; cyclic-ring deformation (C-C-O bend) 12.14%; C-C torsion 10.77%
   25      935.63          --                 --  C-H bending                                                    C-H bending 77.28%; C-C torsion 19.07%; opposite-phase C-C stretching 3.09%
   26      958.73          --                 --  mixed C-H bending / opposite-phase C-C stretching              C-H bending 63.62%; opposite-phase C-C stretching 22.64%; C-C torsion 13.13%
   27      962.01          --                 --  mixed cyclic C-O stretching / cyclic-ring deformation (C-C-O bend) cyclic C-O stretching 42.43%; cyclic-ring deformation (C-C-O bend) 24.14%; cyclic C-C stretching 4.54%; N-C-O bending 4.48%
   28      993.65          --                 --  mixed cyclic C-O stretching / C-H bending                      cyclic C-O stretching 43.03%; C-H bending 15.50%; cyclic-ring deformation (C-C-O bend) 14.67%; in-phase cyclic C-C stretching 6.29%
   29     1020.52          --                 --  mixed ring-site C-H in-plane bending / cyclic C-C stretching   ring-site C-H in-plane bending 37.33%; cyclic C-C stretching 23.30%; cyclic-ring deformation (C-C-O bend) 11.75%; C-H bending 10.97%
   30     1069.64          --                 --  mixed C-H bending / C-C torsion                                C-H bending 47.32%; C-C torsion 14.23%; mixed-phase cyclic C-C stretching 11.78%; cyclic C-O stretching 7.27%
   31     1101.78          --                 --  mixed N-H bending / opposite-phase cyclic C-O stretching       N-H bending 42.52%; opposite-phase cyclic C-O stretching 19.45%; cyclic C-C stretching 11.80%; C-H bending 10.23%
   32     1118.30          --                 --  mixed C-H bending / opposite-phase C-C stretching              C-H bending 41.30%; opposite-phase C-C stretching 36.19%; C-C torsion 11.91%; C-C-C bending 8.50%
   33     1176.05          --                 --  C-H bending                                                    C-H bending 70.45%; C-C-C bending 6.82%; in-phase C-C stretching 5.37%; C-C torsion 4.22%
   34     1236.63          --                 --  mixed ring-site C-H in-plane bending / C-H bending             ring-site C-H in-plane bending 50.54%; C-H bending 20.17%; N-H bending 7.02%; cyclic C-C stretching 6.71%
   35     1247.18          --                 --  mixed C-H bending / cyclic C-O stretching / exocyclic C-C stretching C-H bending 24.03%; cyclic C-O stretching 18.40%; exocyclic C-C stretching 18.13%; mixed-phase cyclic C-C stretching 11.34%
   36     1290.55          --                 --  mixed mixed-phase cyclic C-C stretching / ring-site C-H in-plane bending / mixed-phase cyclic C-O stretching mixed-phase cyclic C-C stretching 24.32%; ring-site C-H in-plane bending 21.14%; mixed-phase cyclic C-O stretching 15.92%; exocyclic C-N stretching 14.89%
   37     1333.49          --                 --  C-H bending                                                    C-H bending 82.58%; C-C torsion 8.74%; opposite-phase C-C stretching 6.91%
   38     1354.93          --                 --  mixed C-H bending / C-C torsion                                C-H bending 64.91%; C-C torsion 10.67%; ring-site C-H in-plane bending 5.36%; exocyclic C-C stretching 4.49%
   39     1400.63          --                 --  mixed C-H bending / C-H out-of-plane bending                   C-H bending 49.66%; C-H out-of-plane bending 48.35%
   40     1420.20          --                 --  mixed C-H bending / C-H out-of-plane bending                   C-H bending 49.21%; C-H out-of-plane bending 45.05%
   41     1435.60          --                 --  mixed C-H bending / cyclic C-O stretching                      C-H bending 21.44%; cyclic C-O stretching 17.39%; C-H out-of-plane bending 12.02%; N-H bending 11.49%
   42     1490.75          --                 --  mixed C-H bending / C-C torsion                                C-H bending 52.44%; C-C torsion 42.96%; C-H out-of-plane bending 4.27%
   43     1495.79          --                 --  mixed C-H bending / C-C torsion                                C-H bending 68.77%; C-C torsion 23.46%; C-H out-of-plane bending 7.57%
   44     1505.28          --                 --  mixed C-H bending / C-C torsion                                C-H bending 65.94%; C-C torsion 28.10%; C-H out-of-plane bending 5.70%
   45     1513.91          --                 --  mixed C-H bending / C-C torsion                                C-H bending 62.20%; C-C torsion 27.91%; C-H out-of-plane bending 8.57%
   46     1610.91          --                 --  mixed in-phase cyclic C-C stretching / cyclic-ring deformation (C-C-O bend) in-phase cyclic C-C stretching 48.25%; cyclic-ring deformation (C-C-O bend) 13.81%; N-H bending 11.48%; exocyclic C-N stretching 7.08%
   47     1643.14          --                 --  mixed mixed-phase cyclic C-C stretching / N-H bending          mixed-phase cyclic C-C stretching 47.40%; N-H bending 14.39%; exocyclic C-C stretching 9.18%; cyclic-ring deformation (C-C-O bend) 7.64%
   48     1668.02          --                 --  mixed mixed-phase cyclic C-C stretching / exocyclic C-N stretching / N-H bending mixed-phase cyclic C-C stretching 39.62%; exocyclic C-N stretching 18.27%; N-H bending 15.58%; cyclic-ring deformation (C-C-O bend) 8.90%
   49     3028.35          --                 --  mixed-phase C-H stretching                                     mixed-phase C-H stretching 99.66%
   50     3031.33          --                 --  C-H stretching                                                 C-H stretching 98.85%
   51     3032.72          --                 --  C-H stretching                                                 C-H stretching 99.62%
   52     3091.42          --                 --  mixed-phase C-H stretching                                     mixed-phase C-H stretching 99.35%
   53     3096.55          --                 --  mixed-phase C-H stretching                                     mixed-phase C-H stretching 99.27%
   54     3101.39          --                 --  mixed-phase C-H stretching                                     mixed-phase C-H stretching 99.32%
   55     3105.34          --                 --  mixed-phase C-H stretching                                     mixed-phase C-H stretching 99.53%
   56     3241.86          --                 --  mixed-phase ring-site C-H stretching                           mixed-phase ring-site C-H stretching 99.21%
   57     3256.86          --                 --  ring-site C-H stretching                                       ring-site C-H stretching 98.84%
   58     3543.03          --                 --  N-H stretching                                                 N-H stretching 99.80%
   59     3647.04          --                 --  mixed-phase N-H stretching                                     mixed-phase N-H stretching 99.77%

# Selected internal-coordinate set:
#   1  nu(C2-H13)
#   2  nu(C1-H10)
#   3  nu(C3-H14)
#   4  nu(C4-C5)
#   5  nu(C7-N8)
#   6  nu(C6-H18)
#   7  nu(C3-H15)
#   8  nu(C1-H11)
#   9  nu(C4-O9)
#  10  nu(N8-H19)
#  11  nu(C1-H12)
#  12  nu(C3-H16)
#  13  nu(C7-O9)
#  14  gamma(C6;C5,C4,H17)
#  15  tau(C2-C4-C5-C6)
#  16  tau(O9-C7-N8-H19)
#  17  nu(C5-H17)
#  18  tau(C6-C7-N8-H19)
#  19  delta(C5-C6-H18)
#  20  tau(H13-C2-C4-O9)
#  21  delta(C4-C2-H13)
#  22  nu(N8-H20)
#  23  tau(H18-C6-C7-O9)
#  24  gamma(H16;C3,H14,H15)
#  25  gamma(H10;C1,H11,H12)
#  26  delta(C4-C5-H17)
#  27  delta(H14-C3-H15)
#  28  delta(H11-C1-H12)
#  29  tau(H10-C1-C2-C3)
#  30  delta(C7-N8-H19)
#  31  delta(C7-N8-H20)
#  32  nu(C2-C4)
#  33  tau(C4-C2-C3-H16)
#  34  nu(C5-C6)
#  35  delta(C2-C1-H11)
#  36  tau(C6-C7-N8-H20)
#  37  nu(C6-C7)
#  38  delta(C2-C3-H15)
#  39  nu(C2-C3)
#  40  tau(H11-C1-C2-C3)
#  41  delta(C6-C7-O9)
#  42  tau(C1-C2-C3-H15)
#  43  nu(C1-C2)
#  44  delta(C2-C1-H12)
#  45  delta(C2-C3-H14)
#  46  tau(N8-C7-O9-C4)
#  47  delta(C5-C4-O9)
#  48  tau(H12-C1-C2-C4)
#  49  delta(N8-C7-O9)
#  50  tau(O9-C4-C5-C6)
#  51  delta(C1-C2-C3)
#  52  delta(C1-C2-C4)
#  53  delta(C2-C4-O9)
#  54  delta(C1-C2-H13)

Wrote: /local/scratch/mv487/qm9s/experiment_1_phase2/ped/124583/124583_summary.csv
Wrote: /local/scratch/mv487/qm9s/experiment_1_phase2/ped/124583/124583_families.csv
Wrote: /local/scratch/mv487/qm9s/experiment_1_phase2/ped/124583/124583_ped.csv
Wrote: /local/scratch/mv487/qm9s/experiment_1_phase2/ped/124583/124583_ir_transitions.csv

# All generated files are in: /local/scratch/mv487/qm9s/experiment_1_phase2/ped/124583
# Manifest: /local/scratch/mv487/qm9s/experiment_1_phase2/ped/124583/124583_manifest.txt

--- stderr ---
Normal modes/frequencies absent or incomplete: diagonalizing Hessian.
