# Contact: romi@lens.unifi.it
# Manual: https://github.com/SebRoLENS/orca-ped-analyzer/blob/main/docs/ORCA_PED_Analyzer_Manual.md
# Check GitHub for updates and new releases: https://github.com/SebRoLENS/orca-ped-analyzer
#
# Molecule: 19 atoms | non-linear
# Bonds inferred: 20 | candidate ICs: 160 | selected ICs: 51
# Cartesian-Hessian reconstruction relative error: 2.154e-05
# Energy distribution: PED (PED is the backward-compatible default; TED includes kinetic-energy terms)
# Ring/cycle bonds detected: 8 | ring atoms: 8 | ring systems: 2
# VPT2: no matching .out file supplied/found -> harmonic/PED analysis only
#
 Mode   Harm/cm-1   VPT2/cm-1  Harm.Int/km mol-1  Assignment                                                     Grouped PED
------------------------------------------------------------------------------------------------------------------------------------------------------------------------------------------------
    6       57.21          --                 --  mixed C-C torsion / C-N torsion                                C-C torsion 47.46%; C-N torsion 27.46%; C-C-C bending 5.77%; ring-site C-H out-of-plane bending 5.33%
    7      103.91          --                 --  mixed cyclic-ring torsional/out-of-plane deformation / cyclic-ring out-of-plane deformation / C-N torsion cyclic-ring torsional/out-of-plane deformation 33.22%; cyclic-ring out-of-plane deformation 26.46%; C-N torsion 22.17%; C-C torsion 7.41%
    8      114.09          --                 --  mixed cyclic-ring torsional/out-of-plane deformation / cyclic-ring out-of-plane deformation cyclic-ring torsional/out-of-plane deformation 42.40%; cyclic-ring out-of-plane deformation 34.76%; N-C-C bending 7.87%; C-C torsion 7.59%
    9      287.15          --                 --  mixed cyclic-ring torsional/out-of-plane deformation / C-N-C bending / ring-site C-H out-of-plane bending cyclic-ring torsional/out-of-plane deformation 32.21%; C-N-C bending 29.48%; ring-site C-H out-of-plane bending 19.18%; cyclic-ring out-of-plane deformation 15.46%
   10      304.81          --                 --  mixed C-C-C bending / ring-site C-H out-of-plane bending       C-C-C bending 49.10%; ring-site C-H out-of-plane bending 25.74%; C-N-C bending 8.28%; C-H bending 4.49%
   11      364.62          --                 --  mixed ring-site C-H out-of-plane bending / C-N-C bending       ring-site C-H out-of-plane bending 57.53%; C-N-C bending 27.33%; C-N torsion 4.37%; C-H bending 4.21%
   12      449.02          --                 --  mixed C-N-C bending / ring-site C-H out-of-plane bending       C-N-C bending 33.55%; ring-site C-H out-of-plane bending 31.08%; N-C-C bending 10.11%; cyclic-ring torsional/out-of-plane deformation 7.80%
   13      476.66          --                 --  mixed ring-site N-H out-of-plane bending / cyclic-ring torsional/out-of-plane deformation ring-site N-H out-of-plane bending 65.71%; cyclic-ring torsional/out-of-plane deformation 21.07%; ring-site C-H out-of-plane bending 11.15%
   14      625.57          --                 --  mixed cyclic-ring out-of-plane deformation / cyclic-ring torsional/out-of-plane deformation cyclic-ring out-of-plane deformation 47.04%; cyclic-ring torsional/out-of-plane deformation 23.89%; ring-site C-H out-of-plane bending 8.62%; exocyclic C-C stretching 5.53%
   15      638.72          --                 --  mixed cyclic-ring torsional/out-of-plane deformation / ring-site C-H out-of-plane bending cyclic-ring torsional/out-of-plane deformation 66.10%; ring-site C-H out-of-plane bending 18.55%; ring-site N-H out-of-plane bending 11.70%; cyclic-ring out-of-plane deformation 3.06%
   16      693.61          --                 --  ring-site C-H out-of-plane bending                             ring-site C-H out-of-plane bending 81.85%; ring-site N-H out-of-plane bending 13.91%; cyclic-ring torsional/out-of-plane deformation 2.93%
   17      731.78          --                 --  mixed ring-site C-H out-of-plane bending / in-phase cyclic C-N stretching ring-site C-H out-of-plane bending 40.61%; in-phase cyclic C-N stretching 13.42%; exocyclic C-N stretching 11.82%; cyclic C-C stretching 7.88%
   18      741.90          --                 --  mixed ring-site C-H out-of-plane bending / N-C-C bending       ring-site C-H out-of-plane bending 36.81%; N-C-C bending 14.10%; cyclic-ring torsional/out-of-plane deformation 13.49%; cyclic-ring out-of-plane deformation 10.38%
   19      791.71          --                 --  mixed cyclic-ring out-of-plane deformation / ring-site C-H out-of-plane bending cyclic-ring out-of-plane deformation 39.17%; ring-site C-H out-of-plane bending 23.46%; N-C-C bending 13.63%; cyclic-ring torsional/out-of-plane deformation 6.29%
   20      835.75          --                 --  ring-site C-H out-of-plane bending                             ring-site C-H out-of-plane bending 91.36%; exocyclic C-N stretching 2.41%
   21      844.09          --                 --  ring-site C-H out-of-plane bending                             ring-site C-H out-of-plane bending 73.14%; cyclic-ring torsional/out-of-plane deformation 9.07%; ring-site N-H out-of-plane bending 8.41%; cyclic-ring out-of-plane deformation 4.79%
   22      866.74          --                 --  mixed opposite-phase cyclic C-N stretching / C-H bending       opposite-phase cyclic C-N stretching 68.87%; C-H bending 14.85%; ring-site C-H out-of-plane bending 9.06%
   23      909.65          --                 --  mixed cyclic-ring deformation (C-N-C bend) / ring-site C-H in-plane bending cyclic-ring deformation (C-N-C bend) 65.32%; ring-site C-H in-plane bending 16.73%; cyclic-ring deformation (C-C-C bend) 10.93%; mixed-phase cyclic C-C stretching 4.24%
   24      960.70          --                 --  mixed ring-site C-H out-of-plane bending / C-H bending         ring-site C-H out-of-plane bending 40.66%; C-H bending 20.99%; cyclic-ring deformation (C-C-C bend) 14.26%; cyclic C-C stretching 8.43%
   25      980.01          --                 --  mixed ring-site C-H out-of-plane bending / cyclic-ring deformation (C-C-C bend) ring-site C-H out-of-plane bending 26.77%; cyclic-ring deformation (C-C-C bend) 15.03%; cyclic C-C stretching 13.32%; ring-site C-H in-plane bending 7.59%
   26     1012.80          --                 --  mixed ring-site C-H out-of-plane bending / cyclic C-C stretching / exocyclic C-N stretching ring-site C-H out-of-plane bending 30.48%; cyclic C-C stretching 25.68%; exocyclic C-N stretching 24.27%; N-C-C bending 4.48%
   27     1048.34          --                 --  ring-site C-H out-of-plane bending                             ring-site C-H out-of-plane bending 87.28%; ring-site C-H in-plane bending 6.73%; C-H bending 3.19%
   28     1078.36          --                 --  mixed cyclic C-N stretching / ring-site C-H in-plane bending   cyclic C-N stretching 55.32%; ring-site C-H in-plane bending 25.57%; ring-site C-H out-of-plane bending 7.80%; exocyclic C-C stretching 4.22%
   29     1090.55          --                 --  mixed ring-site C-H in-plane bending / mixed-phase cyclic C-C stretching / cyclic C-N stretching ring-site C-H in-plane bending 42.10%; mixed-phase cyclic C-C stretching 20.30%; cyclic C-N stretching 16.61%; ring-site C-H out-of-plane bending 10.47%
   30     1108.68          --                 --  ring-site C-H out-of-plane bending                             ring-site C-H out-of-plane bending 75.76%; C-N out-of-plane bending 13.99%; ring-site C-H in-plane bending 4.62%; in-phase cyclic C-N stretching 2.64%
   31     1121.82          --                 --  mixed ring-site C-H out-of-plane bending / C-N out-of-plane bending ring-site C-H out-of-plane bending 56.95%; C-N out-of-plane bending 38.48%; ring-site C-H in-plane bending 3.40%
   32     1158.30          --                 --  mixed mixed-phase cyclic C-N stretching / ring-site N-H in-plane bending / ring-site C-H in-plane bending mixed-phase cyclic C-N stretching 41.41%; ring-site N-H in-plane bending 28.31%; ring-site C-H in-plane bending 19.92%; ring-site C-H out-of-plane bending 4.50%
   33     1174.53          --                 --  ring-site C-H out-of-plane bending                             ring-site C-H out-of-plane bending 94.12%; C-H bending 2.15%
   34     1180.37          --                 --  mixed ring-site C-H out-of-plane bending / C-N-C bending       ring-site C-H out-of-plane bending 66.28%; C-N-C bending 8.27%; ring-site C-H in-plane bending 8.10%; cyclic C-C stretching 7.62%
   35     1253.25          --                 --  mixed C-H bending / ring-site C-H in-plane bending             C-H bending 43.76%; ring-site C-H in-plane bending 26.05%; mixed-phase cyclic C-C stretching 12.44%; ring-site C-H out-of-plane bending 5.48%
   36     1284.65          --                 --  mixed cyclic C-N stretching / cyclic C-C stretching            cyclic C-N stretching 27.54%; cyclic C-C stretching 20.66%; ring-site C-H in-plane bending 13.83%; C-H bending 13.53%
   37     1303.39          --                 --  mixed mixed-phase cyclic C-N stretching / mixed-phase cyclic C-C stretching / exocyclic C-N stretching mixed-phase cyclic C-N stretching 29.28%; mixed-phase cyclic C-C stretching 17.63%; exocyclic C-N stretching 15.56%; C-H bending 10.92%
   38     1318.73          --                 --  mixed C-H bending / ring-site C-H in-plane bending             C-H bending 57.49%; ring-site C-H in-plane bending 29.64%; mixed-phase cyclic C-N stretching 5.52%
   39     1374.67          --                 --  C-H bending                                                    C-H bending 89.35%; exocyclic C-C stretching 3.20%; in-phase cyclic C-N stretching 2.48%
   40     1416.09          --                 --  mixed mixed-phase cyclic C-C stretching / C-H bending          mixed-phase cyclic C-C stretching 59.36%; C-H bending 18.92%; ring-site C-H in-plane bending 9.32%; cyclic-ring deformation (C-C-C bend) 5.12%
   41     1456.69          --                 --  mixed mixed-phase cyclic C-N stretching / ring-site N-H in-plane bending mixed-phase cyclic C-N stretching 43.66%; ring-site N-H in-plane bending 28.56%; mixed-phase cyclic C-C stretching 9.75%; cyclic-ring deformation (C-C-C bend) 9.01%
   42     1484.01          --                 --  C-H bending                                                    C-H bending 93.44%
   43     1488.66          --                 --  mixed C-H bending / ring-site C-H out-of-plane bending         C-H bending 60.68%; ring-site C-H out-of-plane bending 36.26%; ring-site C-H in-plane bending 2.71%
   44     1514.28          --                 --  mixed cyclic C-C stretching / ring-site C-H in-plane bending   cyclic C-C stretching 25.76%; ring-site C-H in-plane bending 21.86%; cyclic C-N stretching 12.50%; cyclic-ring deformation (C-N-C bend) 11.31%
   45     1518.97          --                 --  mixed C-H bending / ring-site C-H out-of-plane bending         C-H bending 54.97%; ring-site C-H out-of-plane bending 38.02%; cyclic C-C stretching 2.48%; ring-site C-H in-plane bending 2.09%
   46     1594.00          --                 --  mixed mixed-phase cyclic C-C stretching / ring-site C-H in-plane bending mixed-phase cyclic C-C stretching 52.87%; ring-site C-H in-plane bending 18.57%; ring-site N-H in-plane bending 7.90%; cyclic-ring deformation (C-C-C bend) 6.77%
   47     3037.82          --                 --  in-phase C-H stretching                                        in-phase C-H stretching 98.99%
   48     3072.87          --                 --  opposite-phase C-H stretching                                  opposite-phase C-H stretching 99.24%
   49     3090.22          --                 --  in-phase ring-site C-H stretching                              in-phase ring-site C-H stretching 99.35%
   50     3096.19          --                 --  in-phase ring-site C-H stretching                              in-phase ring-site C-H stretching 98.97%
   51     3168.40          --                 --  mixed-phase ring-site C-H stretching                           mixed-phase ring-site C-H stretching 98.38%
   52     3182.03          --                 --  mixed-phase ring-site C-H stretching                           mixed-phase ring-site C-H stretching 99.26%
   53     3235.11          --                 --  mixed-phase ring-site C-H stretching                           mixed-phase ring-site C-H stretching 98.42%
   54     3252.14          --                 --  ring-site C-H stretching                                       ring-site C-H stretching 99.01%
   55     3264.45          --                 --  ring-site C-H stretching                                       ring-site C-H stretching 98.52%
   56     3666.72          --                 --  ring-site N-H stretching                                       ring-site N-H stretching 99.04%

# Selected internal-coordinate set:
#   1  nu(C1-C5)
#   2  nu(N2-C4)
#   3  nu(C3-H12)
#   4  nu(C6-H16)
#   5  nu(N7-C8)
#   6  nu(C9-H19)
#   7  nu(C1-H10)
#   8  nu(C3-H13)
#   9  nu(C4-H15)
#  10  nu(C1-H11)
#  11  nu(C8-H18)
#  12  tau(H17-N7-C8-H18)
#  13  tau(C9-C5-C6-H16)
#  14  gamma(H14;C4,N2,H15)
#  15  nu(N7-H17)
#  16  gamma(C1;C5,C6,C9)
#  17  gamma(N2;C3,H12,H13)
#  18  delta(C5-C6-H16)
#  19  delta(C5-C9-H19)
#  20  nu(C4-H14)
#  21  delta(C8-N7-H17)
#  22  nu(C1-N2)
#  23  delta(H12-C3-H13)
#  24  tau(N7-C8-C9-H19)
#  25  nu(C5-C9)
#  26  tau(C6-N7-C8-H18)
#  27  delta(H10-C1-H11)
#  28  delta(N2-C1-H11)
#  29  gamma(H14;C4,N2,C3)
#  30  delta(N2-C1-H10)
#  31  delta(C9-C8-H18)
#  32  delta(N2-C4-H15)
#  33  nu(C5-C6)
#  34  nu(N2-C3)
#  35  nu(C8-C9)
#  36  gamma(H13;C3,N2,C4)
#  37  delta(C5-C1-H11)
#  38  nu(C6-N7)
#  39  tau(N7-C8-C9-C5)
#  40  tau(H10-C1-N2-C4)
#  41  delta(C1-N2-C4)
#  42  delta(C6-N7-C8)
#  43  tau(H12-C3-C4-H14)
#  44  nu(C3-C4)
#  45  delta(C5-C9-C8)
#  46  tau(C1-N2-C4-H15)
#  47  tau(C1-C5-C6-N7)
#  48  delta(C1-C5-C9)
#  49  tau(C1-N2-C3-H12)
#  50  tau(H11-C1-C5-C9)
#  51  delta(N2-C1-C5)

Wrote: /local/scratch/mv487/qm9s/experiment_1_phase2/ped/22158/22158_summary.csv
Wrote: /local/scratch/mv487/qm9s/experiment_1_phase2/ped/22158/22158_families.csv
Wrote: /local/scratch/mv487/qm9s/experiment_1_phase2/ped/22158/22158_ped.csv
Wrote: /local/scratch/mv487/qm9s/experiment_1_phase2/ped/22158/22158_ir_transitions.csv

# All generated files are in: /local/scratch/mv487/qm9s/experiment_1_phase2/ped/22158
# Manifest: /local/scratch/mv487/qm9s/experiment_1_phase2/ped/22158/22158_manifest.txt

--- stderr ---
Normal modes/frequencies absent or incomplete: diagonalizing Hessian.
