# Contact: romi@lens.unifi.it
# Manual: https://github.com/SebRoLENS/orca-ped-analyzer/blob/main/docs/ORCA_PED_Analyzer_Manual.md
# Check GitHub for updates and new releases: https://github.com/SebRoLENS/orca-ped-analyzer
#
# Molecule: 17 atoms | non-linear
# Bonds inferred: 19 | candidate ICs: 178 | selected ICs: 45
# Cartesian-Hessian reconstruction relative error: 1.375e-05
# Energy distribution: PED (PED is the backward-compatible default; TED includes kinetic-energy terms)
# Ring/cycle bonds detected: 10 | ring atoms: 8 | ring systems: 1
# VPT2: no matching .out file supplied/found -> harmonic/PED analysis only
#
 Mode   Harm/cm-1   VPT2/cm-1  Harm.Int/km mol-1  Assignment                                                     Grouped PED
------------------------------------------------------------------------------------------------------------------------------------------------------------------------------------------------
    6      120.61          --                 --  cyclic-ring torsional/out-of-plane deformation                 cyclic-ring torsional/out-of-plane deformation 77.47%; cyclic-ring deformation (C-C-O bend) 8.41%; cyclic-ring deformation (O-C-C bend) 5.81%; cyclic-ring torsional/out-of-plane deformation 3.38%
    7      177.41          --                 --  C-C torsion                                                    C-C torsion 75.77%; cyclic-ring torsional/out-of-plane deformation 15.37%; cyclic-ring deformation (C-C-O bend) 6.65%
    8      186.66          --                 --  mixed cyclic-ring torsional/out-of-plane deformation / cyclic-ring deformation (O-C-C bend) cyclic-ring torsional/out-of-plane deformation 49.30%; cyclic-ring deformation (O-C-C bend) 17.86%; cyclic-ring out-of-plane deformation 14.60%; cyclic-ring torsional/out-of-plane deformation 7.77%
    9      242.43          --                 --  mixed cyclic-ring deformation (O-C-C bend) / cyclic-ring deformation (C-C-O bend) / C-C-C bending cyclic-ring deformation (O-C-C bend) 32.70%; cyclic-ring deformation (C-C-O bend) 22.77%; C-C-C bending 21.69%; mixed-phase cyclic C-C stretching 5.91%
   10      290.23          --                 --  mixed cyclic-ring torsional/out-of-plane deformation / cyclic-ring deformation (C-C-O bend) cyclic-ring torsional/out-of-plane deformation 39.86%; cyclic-ring deformation (C-C-O bend) 15.57%; ring-site C-H out-of-plane bending 11.48%; cyclic-ring torsional/out-of-plane deformation 10.82%
   11      370.22          --                 --  mixed C-C-C bending / cyclic-ring deformation (O-C-C bend) / cyclic-ring deformation (C-C-O bend) C-C-C bending 20.35%; cyclic-ring deformation (O-C-C bend) 18.62%; cyclic-ring deformation (C-C-O bend) 18.43%; cyclic-ring torsional/out-of-plane deformation 12.62%
   12      439.13          --                 --  mixed cyclic-ring deformation (C-C-O bend) / cyclic-ring torsional/out-of-plane deformation cyclic-ring deformation (C-C-O bend) 44.69%; cyclic-ring torsional/out-of-plane deformation 13.15%; cyclic-ring out-of-plane deformation 12.78%; cyclic-ring deformation (O-C-C bend) 12.32%
   13      483.29          --                 --  mixed cyclic-ring deformation (C-C-C bend) / cyclic C-C stretching / mixed-phase cyclic C-O stretching cyclic-ring deformation (C-C-C bend) 30.27%; cyclic C-C stretching 25.12%; mixed-phase cyclic C-O stretching 15.33%; cyclic-ring out-of-plane deformation 5.48%
   14      537.85          --                 --  mixed cyclic-ring torsional/out-of-plane deformation / cyclic-ring deformation (O-C-C bend) cyclic-ring torsional/out-of-plane deformation 32.78%; cyclic-ring deformation (O-C-C bend) 22.60%; cyclic-ring deformation (C-C-O bend) 9.43%; cyclic-ring out-of-plane deformation 6.89%
   15      597.46          --                 --  mixed cyclic-ring torsional/out-of-plane deformation / exocyclic C-C stretching cyclic-ring torsional/out-of-plane deformation 37.65%; exocyclic C-C stretching 12.38%; mixed-phase cyclic C-C stretching 12.11%; cyclic-ring deformation (C-C-O bend) 7.11%
   16      629.65          --                 --  mixed cyclic-ring torsional/out-of-plane deformation / cyclic-ring deformation (C-C-O bend) cyclic-ring torsional/out-of-plane deformation 26.08%; cyclic-ring deformation (C-C-O bend) 20.29%; opposite-phase cyclic C-O stretching 10.94%; cyclic C-C stretching 10.56%
   17      815.83          --                 --  mixed mixed-phase cyclic C-O stretching / cyclic C-C stretching mixed-phase cyclic C-O stretching 62.57%; cyclic C-C stretching 7.30%; cyclic-ring out-of-plane deformation 6.68%; cyclic-ring deformation (C-C-O bend) 5.91%
   18      828.63          --                 --  mixed mixed-phase cyclic C-O stretching / mixed-phase cyclic C-C stretching mixed-phase cyclic C-O stretching 31.50%; mixed-phase cyclic C-C stretching 19.41%; cyclic-ring deformation (O-C-C bend) 14.00%; cyclic-ring deformation (C-C-C bend) 12.13%
   19      852.22          --                 --  mixed ring-site C-H out-of-plane bending / mixed-phase cyclic C-O stretching / mixed-phase cyclic C-C stretching ring-site C-H out-of-plane bending 47.58%; mixed-phase cyclic C-O stretching 21.82%; mixed-phase cyclic C-C stretching 15.71%; cyclic-ring torsional/out-of-plane deformation 4.05%
   20      863.86          --                 --  mixed mixed-phase cyclic C-O stretching / mixed-phase cyclic C-C stretching / cyclic-ring out-of-plane deformation mixed-phase cyclic C-O stretching 30.06%; mixed-phase cyclic C-C stretching 18.70%; cyclic-ring out-of-plane deformation 15.63%; cyclic-ring torsional/out-of-plane deformation 5.93%
   21      884.00          --                 --  mixed mixed-phase cyclic C-C stretching / ring-site C-H out-of-plane bending mixed-phase cyclic C-C stretching 32.48%; ring-site C-H out-of-plane bending 20.97%; cyclic C-O stretching 8.50%; cyclic-ring out-of-plane deformation 8.20%
   22      906.06          --                 --  mixed mixed-phase cyclic C-O stretching / mixed-phase cyclic C-C stretching / ring-site C-H out-of-plane bending mixed-phase cyclic C-O stretching 24.68%; mixed-phase cyclic C-C stretching 24.57%; ring-site C-H out-of-plane bending 21.38%; cyclic-ring out-of-plane deformation 10.24%
   23      925.31          --                 --  mixed ring-site C-H out-of-plane bending / mixed-phase cyclic C-C stretching ring-site C-H out-of-plane bending 35.11%; mixed-phase cyclic C-C stretching 22.93%; cyclic-ring deformation (C-C-C bend) 14.34%; cyclic-ring deformation (C-C-O bend) 6.76%
   24      968.40          --                 --  mixed cyclic C-O stretching / mixed-phase cyclic C-C stretching cyclic C-O stretching 41.46%; mixed-phase cyclic C-C stretching 15.80%; ring-site C-H out-of-plane bending 7.45%; cyclic-ring deformation (O-C-C bend) 7.26%
   25     1007.98          --                 --  mixed C-H bending / cyclic-ring out-of-plane deformation       C-H bending 43.29%; cyclic-ring out-of-plane deformation 16.20%; ring-site C-H out-of-plane bending 9.35%; mixed-phase cyclic C-O stretching 9.29%
   26     1033.78          --                 --  mixed C-H bending / cyclic-ring out-of-plane deformation / cyclic C-O stretching C-H bending 26.69%; cyclic-ring out-of-plane deformation 17.15%; cyclic C-O stretching 17.06%; cyclic-ring deformation (C-C-C bend) 11.67%
   27     1068.58          --                 --  C-H bending                                                    C-H bending 78.54%; cyclic-ring torsional/out-of-plane deformation 9.56%; ring-site C-H out-of-plane bending 4.77%; cyclic-ring out-of-plane deformation 2.47%
   28     1102.81          --                 --  mixed ring-site C-H out-of-plane bending / cyclic-ring out-of-plane deformation ring-site C-H out-of-plane bending 33.12%; cyclic-ring out-of-plane deformation 29.45%; ring-site C-H in-plane bending 14.63%; C-H bending 7.96%
   29     1128.91          --                 --  ring-site C-H in-plane bending                                 ring-site C-H in-plane bending 94.52%
   30     1151.50          --                 --  mixed ring-site C-H in-plane bending / ring-site C-H out-of-plane bending ring-site C-H in-plane bending 38.58%; ring-site C-H out-of-plane bending 36.46%; exocyclic C-C stretching 9.23%; in-phase cyclic C-O stretching 7.20%
   31     1181.71          --                 --  mixed ring-site C-H in-plane bending / ring-site C-H out-of-plane bending / exocyclic C-C stretching ring-site C-H in-plane bending 33.72%; ring-site C-H out-of-plane bending 25.09%; exocyclic C-C stretching 17.44%; cyclic C-C stretching 14.78%
   32     1245.34          --                 --  mixed ring-site C-H in-plane bending / mixed-phase cyclic C-C stretching ring-site C-H in-plane bending 46.13%; mixed-phase cyclic C-C stretching 17.74%; ring-site C-H out-of-plane bending 11.11%; cyclic-ring deformation (O-C-C bend) 7.40%
   33     1254.00          --                 --  mixed ring-site C-H in-plane bending / mixed-phase cyclic C-C stretching ring-site C-H in-plane bending 48.51%; mixed-phase cyclic C-C stretching 23.97%; ring-site C-H out-of-plane bending 9.35%; cyclic-ring deformation (C-C-O bend) 5.96%
   34     1299.41          --                 --  mixed opposite-phase cyclic C-C stretching / ring-site C-H in-plane bending opposite-phase cyclic C-C stretching 34.38%; ring-site C-H in-plane bending 24.89%; cyclic-ring deformation (C-C-C bend) 11.43%; ring-site C-H out-of-plane bending 7.26%
   35     1319.77          --                 --  mixed mixed-phase cyclic C-C stretching / cyclic-ring deformation (C-C-C bend) mixed-phase cyclic C-C stretching 33.40%; cyclic-ring deformation (C-C-C bend) 18.98%; ring-site C-H in-plane bending 10.88%; mixed-phase cyclic C-O stretching 10.72%
   36     1380.70          --                 --  mixed mixed-phase cyclic C-C stretching / ring-site C-H in-plane bending mixed-phase cyclic C-C stretching 50.25%; ring-site C-H in-plane bending 27.10%; mixed-phase cyclic C-O stretching 10.65%; C-H bending 6.21%
   37     1420.81          --                 --  C-H bending                                                    C-H bending 91.60%; exocyclic C-C stretching 4.59%
   38     1433.90          --                 --  mixed mixed-phase cyclic C-C stretching / ring-site C-H in-plane bending mixed-phase cyclic C-C stretching 44.02%; ring-site C-H in-plane bending 19.03%; cyclic C-O stretching 12.52%; C-H bending 6.81%
   39     1482.92          --                 --  C-H bending                                                    C-H bending 98.49%
   40     1491.03          --                 --  C-H bending                                                    C-H bending 97.22%
   41     1527.38          --                 --  mixed ring-site C-H in-plane bending / ring-site C-H out-of-plane bending / mixed-phase cyclic C-C stretching ring-site C-H in-plane bending 48.49%; ring-site C-H out-of-plane bending 23.75%; mixed-phase cyclic C-C stretching 17.45%; in-phase cyclic C-O stretching 7.44%
   42     1693.34          --                 --  cyclic C-C stretching                                          cyclic C-C stretching 70.94%; ring-site C-H in-plane bending 8.97%; exocyclic C-C stretching 7.40%; C-H bending 4.71%
   43     3019.51          --                 --  C-H stretching                                                 C-H stretching 99.64%
   44     3063.03          --                 --  opposite-phase C-H stretching                                  opposite-phase C-H stretching 99.67%
   45     3076.09          --                 --  in-phase ring-site C-H stretching                              in-phase ring-site C-H stretching 99.47%
   46     3109.40          --                 --  mixed-phase C-H stretching                                     mixed-phase C-H stretching 99.53%
   47     3157.45          --                 --  opposite-phase ring-site C-H stretching                        opposite-phase ring-site C-H stretching 99.25%
   48     3163.21          --                 --  mixed-phase ring-site C-H stretching                           mixed-phase ring-site C-H stretching 99.37%
   49     3167.60          --                 --  in-phase ring-site C-H stretching                              in-phase ring-site C-H stretching 98.72%
   50     3198.98          --                 --  ring-site C-H stretching                                       ring-site C-H stretching 98.27%

# Selected internal-coordinate set:
#   1  nu(C1-C2)
#   2  nu(C3-H13)
#   3  nu(C4-C5)
#   4  nu(C7-O8)
#   5  nu(C9-H17)
#   6  nu(C1-H10)
#   7  delta(O6-C5-H14)
#   8  nu(C7-H16)
#   9  nu(C1-H12)
#  10  delta(O6-C5-H15)
#  11  tau(C3-C2-C9-H17)
#  12  nu(C4-O6)
#  13  gamma(C4;C7,O8,H16)
#  14  nu(C1-H11)
#  15  delta(C2-C9-H17)
#  16  delta(C4-C3-H13)
#  17  tau(C3-C2-C9-O8)
#  18  delta(O8-C7-H16)
#  19  nu(C2-C9)
#  20  tau(C9-C2-C3-H13)
#  21  nu(C5-H15)
#  22  nu(C3-C4)
#  23  nu(C5-H14)
#  24  delta(H10-C1-H12)
#  25  nu(C5-O6)
#  26  delta(H10-C1-H11)
#  27  delta(H11-C1-H12)
#  28  nu(O8-C9)
#  29  tau(H15-C5-O6-C4)
#  30  tau(H14-C5-O6-C4)
#  31  tau(C1-C2-C3-C4)
#  32  delta(C2-C9-O8)
#  33  delta(C2-C1-H11)
#  34  nu(C4-C7)
#  35  nu(C2-C3)
#  36  gamma(C4;C7,O8,C9)
#  37  delta(O6-C4-C7)
#  38  delta(C3-C4-O6)
#  39  delta(C2-C1-H10)
#  40  nu(C7-C9)
#  41  delta(C2-C3-C4)
#  42  tau(H11-C1-C2-C9)
#  43  delta(C1-C2-C9)
#  44  tau(C2-C3-C4-O6)
#  45  tau(C7-C4-O6-C5)

Wrote: /local/scratch/mv487/qm9s/experiment_1_phase2/ped/68545/68545_summary.csv
Wrote: /local/scratch/mv487/qm9s/experiment_1_phase2/ped/68545/68545_families.csv
Wrote: /local/scratch/mv487/qm9s/experiment_1_phase2/ped/68545/68545_ped.csv
Wrote: /local/scratch/mv487/qm9s/experiment_1_phase2/ped/68545/68545_ir_transitions.csv

# All generated files are in: /local/scratch/mv487/qm9s/experiment_1_phase2/ped/68545
# Manifest: /local/scratch/mv487/qm9s/experiment_1_phase2/ped/68545/68545_manifest.txt

--- stderr ---
Normal modes/frequencies absent or incomplete: diagonalizing Hessian.
