# Contact: romi@lens.unifi.it
# Manual: https://github.com/SebRoLENS/orca-ped-analyzer/blob/main/docs/ORCA_PED_Analyzer_Manual.md
# Check GitHub for updates and new releases: https://github.com/SebRoLENS/orca-ped-analyzer
#
# Molecule: 20 atoms | non-linear
# Bonds inferred: 21 | candidate ICs: 194 | selected ICs: 54
# Cartesian-Hessian reconstruction relative error: 3.318e-05
# Energy distribution: PED (PED is the backward-compatible default; TED includes kinetic-energy terms)
# Ring/cycle bonds detected: 8 | ring atoms: 8 | ring systems: 2
# VPT2: no matching .out file supplied/found -> harmonic/PED analysis only
#
 Mode   Harm/cm-1   VPT2/cm-1  Harm.Int/km mol-1  Assignment                                                     Grouped PED
------------------------------------------------------------------------------------------------------------------------------------------------------------------------------------------------
    6       56.00          --                 --  cyclic-ring torsional/out-of-plane deformation                 cyclic-ring torsional/out-of-plane deformation 82.99%; ring-site C-H out-of-plane bending 15.11%
    7       96.04          --                 --  mixed cyclic-ring torsional/out-of-plane deformation / inter-ring C-C torsion cyclic-ring torsional/out-of-plane deformation 39.65%; inter-ring C-C torsion 37.17%; ring-site C-H out-of-plane bending 13.67%; C-C torsion 4.76%
    8      186.87          --                 --  mixed ring-site C-H out-of-plane bending / C-C torsion         ring-site C-H out-of-plane bending 63.15%; C-C torsion 16.38%; cyclic-ring torsional/out-of-plane deformation 13.01%; cyclic-ring torsional/out-of-plane deformation 2.98%
    9      226.14          --                 --  mixed C-C torsion / ring-site C-H out-of-plane bending         C-C torsion 70.52%; ring-site C-H out-of-plane bending 22.37%; cyclic-ring torsional/out-of-plane deformation 4.53%
   10      232.25          --                 --  mixed C-C torsion / cyclic-ring torsional/out-of-plane deformation C-C torsion 54.62%; cyclic-ring torsional/out-of-plane deformation 21.27%; ring-site C-H out-of-plane bending 9.77%; C-C-C bending 6.42%
   11      264.12          --                 --  ring-site C-H out-of-plane bending                             ring-site C-H out-of-plane bending 75.89%; cyclic-ring torsional/out-of-plane deformation 7.35%; cyclic-ring torsional/out-of-plane deformation 7.28%; C-C torsion 2.46%
   12      348.33          --                 --  mixed ring-site C-H out-of-plane bending / cyclic-ring torsional/out-of-plane deformation ring-site C-H out-of-plane bending 54.98%; cyclic-ring torsional/out-of-plane deformation 24.32%; C-C torsion 6.23%; C-C-O bending 4.38%
   13      379.51          --                 --  mixed C-C-O bending / ring-site C-H out-of-plane bending / cyclic-ring torsional/out-of-plane deformation C-C-O bending 25.35%; ring-site C-H out-of-plane bending 19.32%; cyclic-ring torsional/out-of-plane deformation 18.22%; C-H bending 10.25%
   14      458.84          --                 --  mixed ring-site C-H out-of-plane bending / cyclic-ring torsional/out-of-plane deformation ring-site C-H out-of-plane bending 36.06%; cyclic-ring torsional/out-of-plane deformation 20.34%; cyclic-ring torsional/out-of-plane deformation 7.74%; C-C torsion 7.46%
   15      565.82          --                 --  mixed cyclic-ring torsional/out-of-plane deformation / O-C-C bending cyclic-ring torsional/out-of-plane deformation 24.98%; O-C-C bending 17.24%; C-C-C bending 14.56%; ring-site C-H in-plane bending 10.51%
   16      628.12          --                 --  mixed ring-site C-H out-of-plane bending / cyclic-ring deformation (O-C-O bend) ring-site C-H out-of-plane bending 22.21%; cyclic-ring deformation (O-C-O bend) 20.79%; cyclic-ring torsional/out-of-plane deformation 13.14%; exocyclic C-C stretching 10.20%
   17      652.51          --                 --  mixed ring-site C-H in-plane bending / cyclic-ring deformation (C-C-O bend) / ring-site C-H out-of-plane bending ring-site C-H in-plane bending 33.58%; cyclic-ring deformation (C-C-O bend) 27.18%; ring-site C-H out-of-plane bending 26.93%; cyclic-ring torsional/out-of-plane deformation 6.47%
   18      764.02          --                 --  mixed in-phase cyclic C-O stretching / cyclic-ring deformation (O-C-O bend) in-phase cyclic C-O stretching 30.82%; cyclic-ring deformation (O-C-O bend) 17.82%; cyclic-ring deformation (C-C-O bend) 9.36%; ring-site C-H out-of-plane bending 9.10%
   19      835.42          --                 --  mixed cyclic C-N stretching / cyclic C-C stretching            cyclic C-N stretching 28.14%; cyclic C-C stretching 14.73%; cyclic C-O stretching 14.12%; ring-site C-H in-plane bending 10.29%
   20      868.80          --                 --  mixed opposite-phase cyclic C-N stretching / cyclic C-O stretching opposite-phase cyclic C-N stretching 52.32%; cyclic C-O stretching 12.11%; ring-site C-H out-of-plane bending 9.28%; cyclic-ring torsional/out-of-plane deformation 8.12%
   21      878.21          --                 --  mixed opposite-phase cyclic C-O stretching / ring-site C-H out-of-plane bending opposite-phase cyclic C-O stretching 34.57%; ring-site C-H out-of-plane bending 14.73%; C-H bending 10.17%; cyclic-ring torsional/out-of-plane deformation 9.66%
   22      906.67          --                 --  mixed ring-site C-H in-plane bending / ring-site C-H out-of-plane bending / opposite-phase cyclic C-O stretching ring-site C-H in-plane bending 40.98%; ring-site C-H out-of-plane bending 27.67%; opposite-phase cyclic C-O stretching 20.87%; C-H bending 4.57%
   23      935.90          --                 --  mixed C-H bending / cyclic C-N stretching                      C-H bending 38.30%; cyclic C-N stretching 15.97%; inter-ring C-C stretching 14.51%; cyclic C-O stretching 8.38%
   24      948.33          --                 --  mixed cyclic C-C stretching / ring-site C-H out-of-plane bending cyclic C-C stretching 59.46%; ring-site C-H out-of-plane bending 10.71%; ring-site C-H in-plane bending 9.45%; cyclic-ring deformation (C-C-O bend) 8.92%
   25      974.02          --                 --  mixed ring-site C-H out-of-plane bending / ring-site C-H in-plane bending ring-site C-H out-of-plane bending 66.48%; ring-site C-H in-plane bending 17.58%; ring-site N-H out-of-plane bending 7.57%; C-H bending 2.11%
   26      998.84          --                 --  mixed ring-site C-H out-of-plane bending / ring-site C-H in-plane bending ring-site C-H out-of-plane bending 33.04%; ring-site C-H in-plane bending 22.27%; C-H bending 10.76%; in-phase cyclic C-O stretching 8.16%
   27     1053.53          --                 --  mixed mixed-phase cyclic C-O stretching / cyclic-ring deformation (C-C-O bend) mixed-phase cyclic C-O stretching 53.00%; cyclic-ring deformation (C-C-O bend) 21.61%; ring-site C-H out-of-plane bending 15.37%; ring-site C-H in-plane bending 7.12%
   28     1069.02          --                 --  mixed in-phase cyclic C-O stretching / cyclic C-C stretching   in-phase cyclic C-O stretching 55.26%; cyclic C-C stretching 9.54%; ring-site C-H out-of-plane bending 7.68%; cyclic-ring deformation (O-C-O bend) 7.35%
   29     1107.08          --                 --  mixed ring-site C-H out-of-plane bending / C-H bending         ring-site C-H out-of-plane bending 61.82%; C-H bending 15.88%; ring-site C-H in-plane bending 7.92%; ring-site N-H in-plane bending 5.67%
   30     1126.62          --                 --  mixed ring-site C-H out-of-plane bending / C-H bending         ring-site C-H out-of-plane bending 50.26%; C-H bending 14.28%; ring-site C-H in-plane bending 11.18%; opposite-phase cyclic C-O stretching 6.72%
   31     1148.16          --                 --  mixed ring-site C-H in-plane bending / ring-site C-H out-of-plane bending ring-site C-H in-plane bending 43.96%; ring-site C-H out-of-plane bending 43.93%; exocyclic C-C stretching 3.20%
   32     1156.42          --                 --  mixed ring-site C-H out-of-plane bending / ring-site C-H in-plane bending ring-site C-H out-of-plane bending 64.45%; ring-site C-H in-plane bending 19.98%; C-H bending 3.74%; C-C torsion 2.85%
   33     1185.11          --                 --  mixed ring-site C-H out-of-plane bending / exocyclic C-C stretching ring-site C-H out-of-plane bending 26.59%; exocyclic C-C stretching 16.31%; C-H bending 11.46%; cyclic-ring torsional/out-of-plane deformation 10.05%
   34     1198.15          --                 --  mixed ring-site C-H out-of-plane bending / ring-site N-H in-plane bending ring-site C-H out-of-plane bending 31.57%; ring-site N-H in-plane bending 14.83%; ring-site C-H in-plane bending 12.36%; cyclic-ring deformation (O-C-O bend) 8.73%
   35     1232.46          --                 --  mixed ring-site C-H in-plane bending / ring-site C-H out-of-plane bending ring-site C-H in-plane bending 55.61%; ring-site C-H out-of-plane bending 33.38%; cyclic C-O stretching 3.44%; cyclic-ring torsional/out-of-plane deformation 2.19%
   36     1245.20          --                 --  mixed ring-site C-H in-plane bending / ring-site C-H out-of-plane bending ring-site C-H in-plane bending 44.57%; ring-site C-H out-of-plane bending 18.21%; C-H bending 10.31%; cyclic C-O stretching 6.10%
   37     1261.22          --                 --  mixed ring-site C-H in-plane bending / ring-site C-H out-of-plane bending / C-H bending ring-site C-H in-plane bending 21.30%; ring-site C-H out-of-plane bending 20.02%; C-H bending 15.29%; cyclic-ring deformation (O-C-O bend) 12.60%
   38     1278.12          --                 --  mixed ring-site N-H out-of-plane bending / ring-site C-H out-of-plane bending ring-site N-H out-of-plane bending 39.24%; ring-site C-H out-of-plane bending 27.91%; ring-site C-H in-plane bending 8.68%; cyclic C-C stretching 5.97%
   39     1302.46          --                 --  mixed ring-site N-H in-plane bending / in-phase cyclic C-N stretching / cyclic C-C stretching ring-site N-H in-plane bending 25.53%; in-phase cyclic C-N stretching 19.99%; cyclic C-C stretching 16.95%; ring-site C-H out-of-plane bending 14.38%
   40     1368.24          --                 --  mixed ring-site C-H in-plane bending / ring-site C-H out-of-plane bending ring-site C-H in-plane bending 71.47%; ring-site C-H out-of-plane bending 20.90%; opposite-phase cyclic C-O stretching 4.05%
   41     1385.77          --                 --  mixed ring-site C-H in-plane bending / ring-site C-H out-of-plane bending ring-site C-H in-plane bending 63.20%; ring-site C-H out-of-plane bending 27.74%; cyclic C-C stretching 5.98%
   42     1416.09          --                 --  mixed C-H out-of-plane bending / C-H bending                   C-H out-of-plane bending 60.85%; C-H bending 35.27%; exocyclic C-C stretching 3.15%
   43     1421.34          --                 --  mixed ring-site C-H in-plane bending / ring-site C-H out-of-plane bending ring-site C-H in-plane bending 35.37%; ring-site C-H out-of-plane bending 24.61%; inter-ring C-C stretching 11.98%; cyclic C-C stretching 8.93%
   44     1486.12          --                 --  mixed C-H bending / C-C torsion                                C-H bending 48.41%; C-C torsion 34.51%; C-H out-of-plane bending 14.42%
   45     1491.84          --                 --  mixed C-H bending / C-C torsion                                C-H bending 52.36%; C-C torsion 22.43%; C-H out-of-plane bending 21.58%
   46     1506.91          --                 --  mixed ring-site C-H out-of-plane bending / ring-site C-H in-plane bending ring-site C-H out-of-plane bending 42.00%; ring-site C-H in-plane bending 41.09%; cyclic C-C stretching 8.77%; in-phase cyclic C-N stretching 5.74%
   47     1517.40          --                 --  mixed ring-site C-H out-of-plane bending / ring-site C-H in-plane bending ring-site C-H out-of-plane bending 64.01%; ring-site C-H in-plane bending 32.61%
   48     1525.78          --                 --  mixed ring-site C-H out-of-plane bending / ring-site C-H in-plane bending ring-site C-H out-of-plane bending 73.50%; ring-site C-H in-plane bending 22.50%; cyclic C-C stretching 2.04%
   49     3016.42          --                 --  in-phase ring-site C-H stretching                              in-phase ring-site C-H stretching 99.03%
   50     3025.05          --                 --  mixed-phase ring-site C-H stretching                           mixed-phase ring-site C-H stretching 99.43%
   51     3049.37          --                 --  in-phase C-H stretching                                        in-phase C-H stretching 99.44%
   52     3097.17          --                 --  mixed-phase ring-site C-H stretching                           mixed-phase ring-site C-H stretching 99.12%
   53     3111.12          --                 --  mixed-phase ring-site C-H stretching                           mixed-phase ring-site C-H stretching 98.94%
   54     3116.57          --                 --  in-phase ring-site C-H stretching                              in-phase ring-site C-H stretching 99.08%
   55     3121.66          --                 --  mixed-phase C-H stretching                                     mixed-phase C-H stretching 94.82%; ring-site C-H stretching 4.74%
   56     3127.69          --                 --  opposite-phase C-H stretching                                  opposite-phase C-H stretching 99.35%
   57     3135.32          --                 --  ring-site C-H stretching                                       ring-site C-H stretching 94.41%; C-H stretching 4.47%
   58     3201.33          --                 --  opposite-phase ring-site C-H stretching                        opposite-phase ring-site C-H stretching 99.24%
   59     3476.64          --                 --  ring-site N-H stretching                                       ring-site N-H stretching 99.77%

# Selected internal-coordinate set:
#   1  nu(C1-H10)
#   2  nu(C2-O3)
#   3  nu(C4-C5)
#   4  nu(C7-C8)
#   5  nu(N9-H20)
#   6  nu(C5-O6)
#   7  nu(C1-H11)
#   8  nu(O3-C4)
#   9  nu(C2-O6)
#  10  nu(C8-H19)
#  11  nu(C7-H17)
#  12  nu(C1-H12)
#  13  nu(C5-H16)
#  14  nu(C4-H14)
#  15  tau(H17-C7-C8-H19)
#  16  tau(O6-C2-O3-C4)
#  17  nu(C5-H15)
#  18  delta(C7-N9-H20)
#  19  tau(H17-C7-C8-H18)
#  20  nu(C4-H13)
#  21  tau(C8-C7-N9-H20)
#  22  nu(C8-H18)
#  23  gamma(H10;C1,H11,H12)
#  24  delta(H11-C1-H12)
#  25  tau(H13-C4-C5-H16)
#  26  tau(H15-C5-O6-C2)
#  27  delta(C8-C7-H17)
#  28  tau(H14-C4-C5-O6)
#  29  tau(H10-C1-C2-C7)
#  30  delta(O3-C2-O6)
#  31  delta(C4-C5-H16)
#  32  delta(C5-C4-H13)
#  33  nu(C7-N9)
#  34  delta(C7-C8-H19)
#  35  delta(C5-C4-H14)
#  36  delta(O6-C5-H15)
#  37  delta(C7-C8-H18)
#  38  delta(C2-C1-H11)
#  39  tau(H13-C4-C5-O6)
#  40  nu(C2-C7)
#  41  nu(C8-N9)
#  42  tau(H11-C1-C2-C7)
#  43  nu(C1-C2)
#  44  delta(C4-C5-O6)
#  45  tau(C2-C7-C8-H18)
#  46  delta(C2-C1-H10)
#  47  delta(O6-C2-C7)
#  48  tau(C7-C2-O6-C5)
#  49  delta(C1-C2-O6)
#  50  tau(C2-C7-C8-N9)
#  51  tau(C1-C2-O6-C5)
#  52  tau(O3-C2-C7-N9)
#  53  delta(O3-C4-H13)
#  54  delta(C2-C7-C8)

Wrote: /local/scratch/mv487/qm9s/experiment_1_phase2/ped/60769/60769_summary.csv
Wrote: /local/scratch/mv487/qm9s/experiment_1_phase2/ped/60769/60769_families.csv
Wrote: /local/scratch/mv487/qm9s/experiment_1_phase2/ped/60769/60769_ped.csv
Wrote: /local/scratch/mv487/qm9s/experiment_1_phase2/ped/60769/60769_ir_transitions.csv

# All generated files are in: /local/scratch/mv487/qm9s/experiment_1_phase2/ped/60769
# Manifest: /local/scratch/mv487/qm9s/experiment_1_phase2/ped/60769/60769_manifest.txt

--- stderr ---
Normal modes/frequencies absent or incomplete: diagonalizing Hessian.
