# Contact: romi@lens.unifi.it
# Manual: https://github.com/SebRoLENS/orca-ped-analyzer/blob/main/docs/ORCA_PED_Analyzer_Manual.md
# Check GitHub for updates and new releases: https://github.com/SebRoLENS/orca-ped-analyzer
#
# Molecule: 23 atoms | non-linear
# Bonds inferred: 23 | candidate ICs: 208 | selected ICs: 63
# Cartesian-Hessian reconstruction relative error: 7.955e-05
# Energy distribution: PED (PED is the backward-compatible default; TED includes kinetic-energy terms)
# Ring/cycle bonds detected: 7 | ring atoms: 7 | ring systems: 1
# VPT2: no matching .out file supplied/found -> harmonic/PED analysis only
#
 Mode   Harm/cm-1   VPT2/cm-1  Harm.Int/km mol-1  Assignment                                                     Grouped PED
------------------------------------------------------------------------------------------------------------------------------------------------------------------------------------------------
    6      119.08          --                 --  mixed ring-site C-H out-of-plane bending / cyclic-ring torsional/out-of-plane deformation ring-site C-H out-of-plane bending 48.39%; cyclic-ring torsional/out-of-plane deformation 46.31%; C-C torsion 3.42%
    7      188.72          --                 --  ring-site C-H out-of-plane bending                             ring-site C-H out-of-plane bending 75.65%; C-C torsion 17.42%; cyclic-ring deformation (C-O-C bend) 4.96%
    8      192.83          --                 --  C-C torsion                                                    C-C torsion 95.35%; ring-site C-H out-of-plane bending 4.04%
    9      226.41          --                 --  C-C torsion                                                    C-C torsion 76.22%; ring-site C-H out-of-plane bending 15.77%; cyclic-ring deformation (C-C-C bend) 4.80%; cyclic-ring torsional/out-of-plane deformation 2.09%
   10      258.51          --                 --  mixed C-C torsion / ring-site C-H out-of-plane bending         C-C torsion 69.30%; ring-site C-H out-of-plane bending 20.91%; cyclic-ring deformation (C-C-C bend) 5.58%; cyclic-ring torsional/out-of-plane deformation 3.32%
   11      309.45          --                 --  mixed ring-site C-H out-of-plane bending / cyclic-ring deformation (C-O-C bend) ring-site C-H out-of-plane bending 62.59%; cyclic-ring deformation (C-O-C bend) 23.58%; C-C torsion 5.99%; cyclic-ring deformation (C-C-C bend) 5.70%
   12      309.83          --                 --  ring-site C-H out-of-plane bending                             ring-site C-H out-of-plane bending 84.51%; cyclic-ring deformation (C-C-C bend) 11.22%
   13      320.35          --                 --  mixed ring-site C-H out-of-plane bending / C-C-O bending       ring-site C-H out-of-plane bending 53.90%; C-C-O bending 25.67%; C-C-C bending 9.99%; cyclic-ring torsional/out-of-plane deformation 5.14%
   14      388.48          --                 --  mixed ring-site C-H out-of-plane bending / cyclic-ring deformation (C-C-C bend) ring-site C-H out-of-plane bending 59.48%; cyclic-ring deformation (C-C-C bend) 12.02%; C-C-O bending 8.28%; cyclic-ring deformation (C-O-C bend) 6.51%
   15      409.07          --                 --  mixed C-C torsion / cyclic-ring deformation (C-C-C bend) / ring-site C-H out-of-plane bending C-C torsion 29.20%; cyclic-ring deformation (C-C-C bend) 22.08%; ring-site C-H out-of-plane bending 18.51%; C-C-O bending 17.93%
   16      446.28          --                 --  ring-site C-H out-of-plane bending                             ring-site C-H out-of-plane bending 73.40%; cyclic-ring torsional/out-of-plane deformation 8.81%; C-C-C bending 4.77%; C-C-O bending 3.79%
   17      518.83          --                 --  mixed ring-site C-H out-of-plane bending / cyclic-ring deformation (C-C-C bend) ring-site C-H out-of-plane bending 52.46%; cyclic-ring deformation (C-C-C bend) 23.41%; ring-site C-H in-plane bending 15.73%; cyclic-ring deformation (C-O-C bend) 2.83%
   18      530.68          --                 --  mixed C-C-O bending / ring-site C-H out-of-plane bending       C-C-O bending 36.91%; ring-site C-H out-of-plane bending 26.90%; C-C torsion 8.32%; cyclic-ring deformation (C-C-C bend) 7.56%
   19      602.49          --                 --  mixed ring-site C-H out-of-plane bending / cyclic-ring deformation (C-O-C bend) ring-site C-H out-of-plane bending 56.31%; cyclic-ring deformation (C-O-C bend) 18.42%; C-C torsion 7.12%; ring-site C-H in-plane bending 6.34%
   20      720.98          --                 --  mixed ring-site C-H out-of-plane bending / cyclic C-O stretching ring-site C-H out-of-plane bending 52.42%; cyclic C-O stretching 25.26%; in-phase exocyclic C-C stretching 8.82%; cyclic-ring deformation (C-O-C bend) 7.26%
   21      803.51          --                 --  mixed ring-site C-H out-of-plane bending / mixed-phase cyclic C-O stretching ring-site C-H out-of-plane bending 42.33%; mixed-phase cyclic C-O stretching 22.53%; C-H bending 10.62%; C-C torsion 10.24%
   22      820.80          --                 --  mixed in-phase cyclic C-C stretching / ring-site C-H out-of-plane bending in-phase cyclic C-C stretching 42.51%; ring-site C-H out-of-plane bending 41.12%; cyclic-ring deformation (C-C-C bend) 5.51%; in-phase exocyclic C-C stretching 3.15%
   23      861.52          --                 --  ring-site C-H out-of-plane bending                             ring-site C-H out-of-plane bending 70.28%; ring-site C-H in-plane bending 19.86%; cyclic C-C stretching 2.96%; cyclic-ring deformation (C-O-C bend) 2.57%
   24      915.23          --                 --  mixed ring-site C-H out-of-plane bending / C-H bending         ring-site C-H out-of-plane bending 43.72%; C-H bending 11.77%; opposite-phase cyclic C-O stretching 11.16%; cyclic-ring deformation (C-C-C bend) 8.73%
   25      932.56          --                 --  mixed ring-site C-H out-of-plane bending / ring-site C-H in-plane bending ring-site C-H out-of-plane bending 46.91%; ring-site C-H in-plane bending 19.41%; C-H bending 12.66%; C-C torsion 6.25%
   26      936.39          --                 --  mixed in-phase exocyclic C-C stretching / ring-site C-H out-of-plane bending / in-phase cyclic C-O stretching in-phase exocyclic C-C stretching 19.50%; ring-site C-H out-of-plane bending 18.39%; in-phase cyclic C-O stretching 16.38%; C-C torsion 13.55%
   27      942.50          --                 --  mixed opposite-phase cyclic C-C stretching / C-H bending       opposite-phase cyclic C-C stretching 36.98%; C-H bending 16.39%; ring-site C-H out-of-plane bending 9.48%; mixed-phase cyclic C-O stretching 9.06%
   28      998.71          --                 --  mixed ring-site C-H in-plane bending / ring-site C-H out-of-plane bending ring-site C-H in-plane bending 32.17%; ring-site C-H out-of-plane bending 31.68%; mixed-phase cyclic C-O stretching 14.96%; cyclic-ring deformation (C-C-C bend) 11.70%
   29     1015.97          --                 --  C-H bending                                                    C-H bending 76.11%; C-C torsion 18.58%
   30     1053.70          --                 --  mixed ring-site C-H out-of-plane bending / mixed-phase cyclic C-O stretching / mixed-phase cyclic C-C stretching ring-site C-H out-of-plane bending 30.87%; mixed-phase cyclic C-O stretching 22.13%; mixed-phase cyclic C-C stretching 16.22%; ring-site C-H in-plane bending 13.71%
   31     1072.14          --                 --  mixed mixed-phase cyclic C-O stretching / ring-site C-H out-of-plane bending / cyclic-ring deformation (C-C-C bend) mixed-phase cyclic C-O stretching 35.43%; ring-site C-H out-of-plane bending 22.58%; cyclic-ring deformation (C-C-C bend) 21.87%; ring-site C-H in-plane bending 10.50%
   32     1101.88          --                 --  mixed mixed-phase cyclic C-C stretching / in-phase cyclic C-O stretching mixed-phase cyclic C-C stretching 35.58%; in-phase cyclic C-O stretching 35.19%; ring-site C-H out-of-plane bending 11.19%; C-H bending 5.60%
   33     1152.15          --                 --  ring-site C-H out-of-plane bending                             ring-site C-H out-of-plane bending 72.60%; ring-site C-H in-plane bending 13.58%; cyclic-ring deformation (C-C-C bend) 5.19%; in-phase cyclic C-C stretching 4.49%
   34     1175.44          --                 --  mixed C-H bending / opposite-phase cyclic C-O stretching       C-H bending 66.96%; opposite-phase cyclic C-O stretching 10.95%; C-C-O bending 10.19%; ring-site C-H in-plane bending 3.17%
   35     1222.80          --                 --  mixed ring-site C-H out-of-plane bending / ring-site C-H in-plane bending / C-C-O bending ring-site C-H out-of-plane bending 27.83%; ring-site C-H in-plane bending 26.14%; C-C-O bending 15.43%; opposite-phase exocyclic C-C stretching 14.88%
   36     1234.87          --                 --  mixed C-H bending / in-phase cyclic C-O stretching             C-H bending 38.05%; in-phase cyclic C-O stretching 16.06%; C-C-C bending 13.62%; in-phase exocyclic C-C stretching 11.14%
   37     1257.18          --                 --  mixed ring-site C-H out-of-plane bending / ring-site C-H in-plane bending ring-site C-H out-of-plane bending 43.75%; ring-site C-H in-plane bending 33.07%; mixed-phase cyclic C-C stretching 8.92%; cyclic-ring deformation (C-C-C bend) 4.59%
   38     1270.25          --                 --  mixed ring-site C-H out-of-plane bending / ring-site C-H in-plane bending ring-site C-H out-of-plane bending 21.86%; ring-site C-H in-plane bending 19.85%; opposite-phase exocyclic C-C stretching 14.83%; cyclic-ring deformation (C-O-C bend) 13.79%
   39     1313.62          --                 --  mixed ring-site C-H in-plane bending / ring-site C-H out-of-plane bending ring-site C-H in-plane bending 59.18%; ring-site C-H out-of-plane bending 35.46%
   40     1326.07          --                 --  mixed ring-site C-H in-plane bending / ring-site C-H out-of-plane bending ring-site C-H in-plane bending 53.47%; ring-site C-H out-of-plane bending 31.23%; C-H out-of-plane bending 3.71%; C-H bending 2.85%
   41     1382.11          --                 --  mixed ring-site C-H in-plane bending / ring-site C-H out-of-plane bending ring-site C-H in-plane bending 48.39%; ring-site C-H out-of-plane bending 36.02%; C-O out-of-plane bending 8.24%; opposite-phase cyclic C-C stretching 3.44%
   42     1396.05          --                 --  mixed ring-site C-H in-plane bending / ring-site C-H out-of-plane bending ring-site C-H in-plane bending 46.27%; ring-site C-H out-of-plane bending 40.69%; mixed-phase cyclic C-C stretching 8.86%; C-O out-of-plane bending 2.25%
   43     1401.72          --                 --  mixed C-H bending / ring-site C-H out-of-plane bending / ring-site C-H in-plane bending C-H bending 24.69%; ring-site C-H out-of-plane bending 20.36%; ring-site C-H in-plane bending 19.43%; C-H out-of-plane bending 15.02%
   44     1408.91          --                 --  mixed ring-site C-H out-of-plane bending / C-O out-of-plane bending / ring-site C-H in-plane bending ring-site C-H out-of-plane bending 42.24%; C-O out-of-plane bending 22.46%; ring-site C-H in-plane bending 19.22%; C-H out-of-plane bending 7.08%
   45     1410.27          --                 --  mixed C-H bending / C-H out-of-plane bending / ring-site C-H in-plane bending C-H bending 29.91%; C-H out-of-plane bending 25.96%; ring-site C-H in-plane bending 15.21%; ring-site C-H out-of-plane bending 12.24%
   46     1421.15          --                 --  mixed C-H out-of-plane bending / C-H bending                   C-H out-of-plane bending 42.70%; C-H bending 42.24%; ring-site C-H out-of-plane bending 5.94%; C-O out-of-plane bending 3.41%
   47     1476.50          --                 --  ring-site C-H out-of-plane bending                             ring-site C-H out-of-plane bending 81.51%; ring-site C-H in-plane bending 8.54%; C-H bending 5.04%
   48     1480.73          --                 --  mixed C-H bending / C-C torsion                                C-H bending 61.07%; C-C torsion 21.75%; ring-site C-H out-of-plane bending 11.85%; ring-site C-H in-plane bending 3.17%
   49     1481.85          --                 --  mixed C-H bending / C-C torsion                                C-H bending 66.37%; C-C torsion 24.57%; C-H out-of-plane bending 5.49%; ring-site C-H out-of-plane bending 2.92%
   50     1483.55          --                 --  ring-site C-H out-of-plane bending                             ring-site C-H out-of-plane bending 91.56%; ring-site C-H in-plane bending 6.39%
   51     1497.12          --                 --  mixed ring-site C-H out-of-plane bending / C-H bending         ring-site C-H out-of-plane bending 46.33%; C-H bending 35.63%; C-C torsion 11.57%; ring-site C-H in-plane bending 3.94%
   52     1500.22          --                 --  mixed ring-site C-H out-of-plane bending / C-H bending         ring-site C-H out-of-plane bending 47.19%; C-H bending 32.60%; C-C torsion 9.69%; ring-site C-H in-plane bending 6.29%
   53     1505.18          --                 --  mixed C-H bending / ring-site C-H out-of-plane bending         C-H bending 43.11%; ring-site C-H out-of-plane bending 40.07%; C-C torsion 12.98%; ring-site C-H in-plane bending 2.46%
   54     1509.95          --                 --  mixed C-H bending / C-C torsion                                C-H bending 63.57%; C-C torsion 17.99%; ring-site C-H out-of-plane bending 11.07%; C-H out-of-plane bending 5.03%
   55     3016.03          --                 --  mixed-phase ring-site C-H stretching                           mixed-phase ring-site C-H stretching 98.42%
   56     3023.12          --                 --  in-phase ring-site C-H stretching                              in-phase ring-site C-H stretching 98.73%
   57     3030.17          --                 --  ring-site C-H stretching                                       ring-site C-H stretching 97.72%
   58     3030.72          --                 --  mixed-phase ring-site C-H stretching                           mixed-phase ring-site C-H stretching 97.14%; C-H stretching 2.07%
   59     3050.67          --                 --  mixed-phase ring-site C-H stretching                           mixed-phase ring-site C-H stretching 93.13%; in-phase C-H stretching 5.61%
   60     3050.89          --                 --  mixed-phase C-H stretching                                     mixed-phase C-H stretching 97.24%; ring-site C-H stretching 2.36%
   61     3056.15          --                 --  in-phase C-H stretching                                        in-phase C-H stretching 92.26%; in-phase ring-site C-H stretching 7.29%
   62     3064.66          --                 --  mixed-phase ring-site C-H stretching                           mixed-phase ring-site C-H stretching 99.07%
   63     3080.99          --                 --  mixed-phase ring-site C-H stretching                           mixed-phase ring-site C-H stretching 98.50%
   64     3081.89          --                 --  mixed-phase ring-site C-H stretching                           mixed-phase ring-site C-H stretching 98.42%
   65     3121.18          --                 --  mixed-phase C-H stretching                                     mixed-phase C-H stretching 98.95%
   66     3124.05          --                 --  mixed-phase C-H stretching                                     mixed-phase C-H stretching 99.15%
   67     3126.48          --                 --  mixed-phase C-H stretching                                     mixed-phase C-H stretching 99.06%
   68     3130.14          --                 --  mixed-phase C-H stretching                                     mixed-phase C-H stretching 99.18%

# Selected internal-coordinate set:
#   1  nu(C1-C2)
#   2  nu(C3-H13)
#   3  nu(O4-C5)
#   4  nu(C6-C7)
#   5  nu(C8-O9)
#   6  nu(C5-H16)
#   7  nu(C8-H23)
#   8  nu(C3-H14)
#   9  nu(C6-H19)
#  10  nu(C1-H11)
#  11  nu(C7-H20)
#  12  nu(C6-H18)
#  13  nu(C7-H21)
#  14  nu(C3-H15)
#  15  nu(C8-H22)
#  16  nu(C5-H17)
#  17  nu(C1-H12)
#  18  nu(C2-O9)
#  19  nu(C1-H10)
#  20  nu(C2-O4)
#  21  tau(H23-C8-O9-C2)
#  22  gamma(H17;C5,O4,H16)
#  23  gamma(H15;C3,H13,H14)
#  24  tau(H18-C6-C7-H21)
#  25  gamma(O9;C8,H22,H23)
#  26  delta(C7-C6-H19)
#  27  delta(H13-C3-H14)
#  28  delta(H11-C1-H12)
#  29  tau(O4-C2-C3-H15)
#  30  tau(H19-C6-C7-H20)
#  31  delta(H10-C1-H11)
#  32  delta(H10-C1-H12)
#  33  tau(H17-C5-C6-H18)
#  34  tau(H21-C7-C8-H22)
#  35  delta(O4-C5-H16)
#  36  delta(C6-C7-H20)
#  37  tau(C2-O4-C5-H16)
#  38  delta(C2-O4-C5)
#  39  tau(H19-C6-C7-C8)
#  40  tau(C6-C7-C8-H23)
#  41  tau(H21-C7-C8-O9)
#  42  delta(C2-C1-H11)
#  43  delta(C2-C3-H15)
#  44  delta(C6-C5-H17)
#  45  delta(C7-C6-H18)
#  46  nu(C2-C3)
#  47  tau(O9-C2-C3-H13)
#  48  delta(C2-C1-H12)
#  49  nu(C7-C8)
#  50  delta(C5-C6-C7)
#  51  delta(C2-C3-H13)
#  52  delta(C7-C8-H22)
#  53  nu(C5-C6)
#  54  delta(C8-C7-H21)
#  55  tau(H10-C1-C2-C3)
#  56  tau(C5-C6-C7-H20)
#  57  delta(C2-O9-C8)
#  58  delta(C1-C2-C3)
#  59  tau(C1-C2-C3-H14)
#  60  delta(C6-C7-C8)
#  61  delta(C1-C2-O4)
#  62  delta(C3-C2-O9)
#  63  tau(C3-C2-O4-C5)

Wrote: /local/scratch/mv487/qm9s/experiment_1_phase2/ped/59104/59104_summary.csv
Wrote: /local/scratch/mv487/qm9s/experiment_1_phase2/ped/59104/59104_families.csv
Wrote: /local/scratch/mv487/qm9s/experiment_1_phase2/ped/59104/59104_ped.csv
Wrote: /local/scratch/mv487/qm9s/experiment_1_phase2/ped/59104/59104_ir_transitions.csv

# All generated files are in: /local/scratch/mv487/qm9s/experiment_1_phase2/ped/59104
# Manifest: /local/scratch/mv487/qm9s/experiment_1_phase2/ped/59104/59104_manifest.txt

--- stderr ---
Normal modes/frequencies absent or incomplete: diagonalizing Hessian.
