# Contact: romi@lens.unifi.it
# Manual: https://github.com/SebRoLENS/orca-ped-analyzer/blob/main/docs/ORCA_PED_Analyzer_Manual.md
# Check GitHub for updates and new releases: https://github.com/SebRoLENS/orca-ped-analyzer
#
# Molecule: 13 atoms | non-linear
# Bonds inferred: 13 | candidate ICs: 98 | selected ICs: 33
# Cartesian-Hessian reconstruction relative error: 2.669e-05
# Energy distribution: PED (PED is the backward-compatible default; TED includes kinetic-energy terms)
# Ring/cycle bonds detected: 5 | ring atoms: 5 | ring systems: 1
# VPT2: no matching .out file supplied/found -> harmonic/PED analysis only
#
 Mode   Harm/cm-1   VPT2/cm-1  Harm.Int/km mol-1  Assignment                                                     Grouped PED
------------------------------------------------------------------------------------------------------------------------------------------------------------------------------------------------
    6       76.85          --                 --  mixed cyclic-ring torsional/out-of-plane deformation / C-C torsion / ring-site C-H out-of-plane bending cyclic-ring torsional/out-of-plane deformation 42.28%; C-C torsion 37.92%; ring-site C-H out-of-plane bending 17.00%
    7      120.81          --                 --  C-C torsion                                                    C-C torsion 70.54%; cyclic-ring torsional/out-of-plane deformation 19.22%; ring-site C-H out-of-plane bending 6.14%
    8      173.95          --                 --  mixed cyclic-ring torsional/out-of-plane deformation / ring-site C-H out-of-plane bending cyclic-ring torsional/out-of-plane deformation 41.86%; ring-site C-H out-of-plane bending 31.01%; C-C torsion 14.76%; cyclic-ring torsional/out-of-plane deformation 11.21%
    9      271.90          --                 --  mixed C-C torsion / cyclic-ring torsional/out-of-plane deformation / ring-site C-H out-of-plane bending C-C torsion 21.54%; cyclic-ring torsional/out-of-plane deformation 19.55%; ring-site C-H out-of-plane bending 19.47%; C-C-C bending 13.63%
   10      345.83          --                 --  mixed C-C torsion / cyclic-ring torsional/out-of-plane deformation C-C torsion 46.11%; cyclic-ring torsional/out-of-plane deformation 19.43%; ring-site C-H out-of-plane bending 13.38%; C-C-C bending 12.54%
   11      503.58          --                 --  mixed C-C torsion / ring-site N-H out-of-plane bending / O-C-O bending C-C torsion 25.03%; ring-site N-H out-of-plane bending 21.95%; O-C-O bending 20.67%; in-phase cyclic C-N stretching 11.25%
   12      530.09          --                 --  mixed ring-site N-H out-of-plane bending / ring-site N-H in-plane bending ring-site N-H out-of-plane bending 49.28%; ring-site N-H in-plane bending 18.99%; cyclic-ring deformation (O-C-N bend) 12.74%; O-C-O bending 6.23%
   13      678.06          --                 --  mixed C-C torsion / cyclic-ring torsional/out-of-plane deformation C-C torsion 14.45%; cyclic-ring torsional/out-of-plane deformation 12.55%; O-C-C bending 12.07%; cyclic C-C stretching 9.71%
   14      715.26          --                 --  mixed C-C torsion / cyclic-ring deformation (C-C-O bend)       C-C torsion 44.52%; cyclic-ring deformation (C-C-O bend) 11.60%; exocyclic C-C stretching 10.33%; cyclic C-N stretching 6.03%
   15      722.19          --                 --  mixed cyclic-ring deformation (C-C-O bend) / cyclic-ring deformation (O-C-N bend) cyclic-ring deformation (C-C-O bend) 38.75%; cyclic-ring deformation (O-C-N bend) 30.75%; cyclic C-O stretching 4.96%; O-C-C bending 4.83%
   16      763.72          --                 --  cyclic-ring out-of-plane deformation                           cyclic-ring out-of-plane deformation 75.39%; cyclic-ring torsional/out-of-plane deformation 9.69%; ring-site C-H out-of-plane bending 4.80%; C-C torsion 3.23%
   17      857.59          --                 --  mixed O-C-C bending / cyclic-ring deformation (O-C-N bend)     O-C-C bending 17.42%; cyclic-ring deformation (O-C-N bend) 14.98%; exocyclic C-C stretching 14.43%; ring-site C-H out-of-plane bending 12.29%
   18      908.49          --                 --  mixed cyclic C-O stretching / cyclic C-N stretching            cyclic C-O stretching 50.48%; cyclic C-N stretching 12.12%; C-C torsion 5.83%; ring-site C-H out-of-plane bending 5.64%
   19      939.58          --                 --  mixed C-C torsion / ring-site C-H out-of-plane bending         C-C torsion 59.98%; ring-site C-H out-of-plane bending 11.78%; cyclic C-O stretching 6.52%; opposite-phase cyclic C-N stretching 5.12%
   20      987.07          --                 --  mixed cyclic C-C stretching / mixed-phase cyclic C-O stretching cyclic C-C stretching 38.29%; mixed-phase cyclic C-O stretching 18.43%; exocyclic C-C stretching 13.25%; cyclic-ring deformation (C-C-O bend) 13.08%
   21     1066.90          --                 --  mixed mixed-phase cyclic C-O stretching / C-C torsion          mixed-phase cyclic C-O stretching 40.09%; C-C torsion 22.75%; cyclic-ring deformation (C-C-O bend) 11.04%; cyclic C-C stretching 6.11%
   22     1097.26          --                 --  mixed C-C torsion / ring-site C-H out-of-plane bending         C-C torsion 45.65%; ring-site C-H out-of-plane bending 23.92%; cyclic-ring torsional/out-of-plane deformation 9.19%; cyclic C-N stretching 5.04%
   23     1141.51          --                 --  mixed cyclic C-N stretching / C-C torsion / opposite-phase cyclic C-O stretching cyclic C-N stretching 23.79%; C-C torsion 21.90%; opposite-phase cyclic C-O stretching 16.54%; cyclic-ring deformation (O-C-N bend) 6.88%
   24     1211.63          --                 --  mixed opposite-phase cyclic C-N stretching / C-C torsion       opposite-phase cyclic C-N stretching 39.79%; C-C torsion 15.45%; cyclic C-O stretching 10.82%; cyclic-ring deformation (C-C-O bend) 8.93%
   25     1235.90          --                 --  mixed ring-site C-H in-plane bending / ring-site C-H out-of-plane bending ring-site C-H in-plane bending 56.07%; ring-site C-H out-of-plane bending 28.72%; C-H bending 4.70%; cyclic-ring torsional/out-of-plane deformation 2.36%
   26     1282.49          --                 --  mixed C-C torsion / ring-site C-H out-of-plane bending         C-C torsion 45.16%; ring-site C-H out-of-plane bending 13.49%; C-H bending 10.90%; cyclic C-C stretching 7.41%
   27     1360.67          --                 --  mixed C-H bending / C-C torsion                                C-H bending 55.67%; C-C torsion 10.96%; exocyclic C-C stretching 8.68%; ring-site C-H out-of-plane bending 6.76%
   28     1391.37          --                 --  mixed ring-site C-H out-of-plane bending / C-H bending         ring-site C-H out-of-plane bending 45.30%; C-H bending 29.23%; ring-site C-H in-plane bending 8.71%; cyclic C-N stretching 4.59%
   29     1422.28          --                 --  mixed C-H bending / ring-site C-H out-of-plane bending         C-H bending 47.53%; ring-site C-H out-of-plane bending 13.39%; C-C torsion 11.61%; ring-site N-H in-plane bending 7.07%
   30     1432.10          --                 --  mixed ring-site N-H in-plane bending / ring-site C-H out-of-plane bending ring-site N-H in-plane bending 41.39%; ring-site C-H out-of-plane bending 19.14%; cyclic C-N stretching 11.46%; ring-site C-H in-plane bending 6.76%
   31     1526.98          --                 --  ring-site C-H out-of-plane bending                             ring-site C-H out-of-plane bending 87.94%; ring-site C-H in-plane bending 8.15%
   32     1815.80          --                 --  C-O stretching                                                 C-O stretching 87.08%; C-H bending 4.69%; exocyclic C-C stretching 3.32%
   33     1872.42          --                 --  mixed exocyclic C-O stretching / cyclic-ring deformation (O-C-N bend) exocyclic C-O stretching 67.25%; cyclic-ring deformation (O-C-N bend) 16.39%; cyclic C-N stretching 8.35%; cyclic C-O stretching 2.83%
   34     2884.80          --                 --  C-H stretching                                                 C-H stretching 98.49%
   35     3015.99          --                 --  ring-site C-H stretching                                       ring-site C-H stretching 98.89%
   36     3061.69          --                 --  ring-site C-H stretching                                       ring-site C-H stretching 99.10%
   37     3110.53          --                 --  mixed-phase ring-site C-H stretching                           mixed-phase ring-site C-H stretching 99.08%
   38     3618.25          --                 --  ring-site N-H stretching                                       ring-site N-H stretching 99.65%

# Selected internal-coordinate set:
#   1  nu(C2-C3)
#   2  nu(C4-O5)
#   3  nu(C6-O7)
#   4  nu(N8-H13)
#   5  nu(C3-H10)
#   6  nu(C4-H12)
#   7  nu(C2-H9)
#   8  nu(C4-H11)
#   9  tau(O5-C6-N8-H13)
#  10  tau(H9-C2-C3-H10)
#  11  tau(O1-C2-C3-H10)
#  12  nu(O5-C6)
#  13  gamma(O7;C6,O5,N8)
#  14  nu(O1-C2)
#  15  delta(C6-N8-H13)
#  16  gamma(H11;C4,O5,H12)
#  17  delta(O5-C6-O7)
#  18  delta(O1-C2-H9)
#  19  delta(O5-C4-H12)
#  20  tau(C2-C3-C4-H11)
#  21  delta(C2-C3-H10)
#  22  tau(H9-C2-C3-N8)
#  23  nu(C6-N8)
#  24  delta(C3-C4-O5)
#  25  tau(H12-C4-O5-C6)
#  26  nu(C3-N8)
#  27  delta(O1-C2-C3)
#  28  delta(O5-C6-N8)
#  29  tau(N8-C3-C4-O5)
#  30  tau(C4-O5-C6-O7)
#  31  nu(C3-C4)
#  32  delta(C2-C3-C4)
#  33  tau(C2-C3-C4-O5)

Wrote: /local/scratch/mv487/qm9s/experiment_1_phase2/ped/10182/10182_summary.csv
Wrote: /local/scratch/mv487/qm9s/experiment_1_phase2/ped/10182/10182_families.csv
Wrote: /local/scratch/mv487/qm9s/experiment_1_phase2/ped/10182/10182_ped.csv
Wrote: /local/scratch/mv487/qm9s/experiment_1_phase2/ped/10182/10182_ir_transitions.csv

# All generated files are in: /local/scratch/mv487/qm9s/experiment_1_phase2/ped/10182
# Manifest: /local/scratch/mv487/qm9s/experiment_1_phase2/ped/10182/10182_manifest.txt

--- stderr ---
Normal modes/frequencies absent or incomplete: diagonalizing Hessian.
