# Contact: romi@lens.unifi.it
# Manual: https://github.com/SebRoLENS/orca-ped-analyzer/blob/main/docs/ORCA_PED_Analyzer_Manual.md
# Check GitHub for updates and new releases: https://github.com/SebRoLENS/orca-ped-analyzer
#
# Molecule: 19 atoms | non-linear
# Bonds inferred: 19 | candidate ICs: 160 | selected ICs: 51
# Cartesian-Hessian reconstruction relative error: 4.611e-05
# Energy distribution: PED (PED is the backward-compatible default; TED includes kinetic-energy terms)
# Ring/cycle bonds detected: 5 | ring atoms: 5 | ring systems: 1
# VPT2: no matching .out file supplied/found -> harmonic/PED analysis only
#
 Mode   Harm/cm-1   VPT2/cm-1  Harm.Int/km mol-1  Assignment                                                     Grouped PED
------------------------------------------------------------------------------------------------------------------------------------------------------------------------------------------------
    6       76.58          --                 --  ring-site C-H out-of-plane bending                             ring-site C-H out-of-plane bending 80.72%; cyclic-ring torsional/out-of-plane deformation 18.36%
    7      114.05          --                 --  ring-site C-H out-of-plane bending                             ring-site C-H out-of-plane bending 75.06%; cyclic-ring torsional/out-of-plane deformation 19.61%; C-C torsion 4.00%
    8      136.09          --                 --  mixed C-C-C linear bending / cyclic-ring torsional/out-of-plane deformation C-C-C linear bending 41.70%; cyclic-ring torsional/out-of-plane deformation 33.76%; ring-site C-H out-of-plane bending 13.06%; C-C-C bending 4.42%
    9      179.97          --                 --  mixed ring-site C-H out-of-plane bending / C-C torsion         ring-site C-H out-of-plane bending 53.20%; C-C torsion 11.95%; cyclic-ring torsional/out-of-plane deformation 9.74%; C-H bending 7.58%
   10      233.35          --                 --  C-C torsion                                                    C-C torsion 99.62%
   11      324.27          --                 --  mixed C-C torsion / C-C-C bending                              C-C torsion 42.94%; C-C-C bending 22.33%; ring-site C-H out-of-plane bending 12.42%; C-C-O bending 6.28%
   12      355.28          --                 --  mixed C-O torsion / ring-site C-H out-of-plane bending         C-O torsion 29.81%; ring-site C-H out-of-plane bending 21.40%; C-C-C linear bending 12.56%; C-C-C bending 11.25%
   13      375.30          --                 --  mixed cyclic-ring torsional/out-of-plane deformation / ring-site C-H out-of-plane bending cyclic-ring torsional/out-of-plane deformation 42.82%; ring-site C-H out-of-plane bending 17.21%; C-C-C linear bending 11.51%; C-O torsion 9.57%
   14      411.89          --                 --  mixed C-C-O bending / cyclic-ring torsional/out-of-plane deformation C-C-O bending 50.01%; cyclic-ring torsional/out-of-plane deformation 14.25%; ring-site C-H out-of-plane bending 11.16%; C-C torsion 4.86%
   15      419.49          --                 --  mixed ring-site C-H out-of-plane bending / C-C-O bending       ring-site C-H out-of-plane bending 64.59%; C-C-O bending 17.92%; C-C torsion 6.51%; cyclic-ring torsional/out-of-plane deformation 2.79%
   16      516.74          --                 --  mixed cyclic-ring torsional/out-of-plane deformation / C-C torsion cyclic-ring torsional/out-of-plane deformation 20.65%; C-C torsion 11.32%; C-C-O bending 11.00%; C-C-C bending 10.40%
   17      549.23          --                 --  mixed C-C torsion / cyclic-ring torsional/out-of-plane deformation C-C torsion 29.25%; cyclic-ring torsional/out-of-plane deformation 23.48%; C-C-C linear bending 13.26%; ring-site C-H out-of-plane bending 7.83%
   18      663.88          --                 --  C-C-H linear bending                                           C-C-H linear bending 92.30%; C-C-C linear bending 4.11%
   19      680.39          --                 --  C-C-H linear bending                                           C-C-H linear bending 90.64%; C-C-C linear bending 3.93%
   20      702.17          --                 --  mixed cyclic-ring deformation (O-C-C bend) / C-C torsion / ring-site C-H out-of-plane bending cyclic-ring deformation (O-C-C bend) 33.24%; C-C torsion 23.78%; ring-site C-H out-of-plane bending 16.98%; mixed-phase cyclic C-C stretching 10.65%
   21      765.70          --                 --  mixed cyclic-ring torsional/out-of-plane deformation / cyclic C-C stretching / ring-site C-H out-of-plane bending cyclic-ring torsional/out-of-plane deformation 25.06%; cyclic C-C stretching 20.35%; ring-site C-H out-of-plane bending 18.52%; exocyclic C-C stretching 9.31%
   22      787.08          --                 --  mixed C-C torsion / C-H bending                                C-C torsion 43.29%; C-H bending 20.16%; ring-site C-H out-of-plane bending 13.23%; cyclic-ring torsional/out-of-plane deformation 6.26%
   23      857.32          --                 --  mixed cyclic C-O stretching / C-H bending / C-C torsion        cyclic C-O stretching 30.46%; C-H bending 21.19%; C-C torsion 19.77%; ring-site C-H out-of-plane bending 9.09%
   24      871.38          --                 --  mixed ring-site C-H out-of-plane bending / ring-site C-H in-plane bending ring-site C-H out-of-plane bending 44.46%; ring-site C-H in-plane bending 17.35%; mixed-phase cyclic C-C stretching 13.13%; exocyclic C-O stretching 6.81%
   25      959.83          --                 --  mixed mixed-phase cyclic C-C stretching / ring-site C-H out-of-plane bending / cyclic C-O stretching mixed-phase cyclic C-C stretching 20.90%; ring-site C-H out-of-plane bending 17.06%; cyclic C-O stretching 17.02%; ring-site C-H in-plane bending 15.01%
   26     1002.12          --                 --  mixed ring-site C-H out-of-plane bending / cyclic C-C stretching ring-site C-H out-of-plane bending 34.50%; cyclic C-C stretching 18.45%; cyclic-ring deformation (O-C-C bend) 9.02%; mixed-phase cyclic C-O stretching 8.42%
   27     1037.72          --                 --  mixed ring-site C-H in-plane bending / ring-site C-H out-of-plane bending ring-site C-H in-plane bending 27.95%; ring-site C-H out-of-plane bending 25.84%; C-H bending 14.51%; opposite-phase cyclic C-O stretching 10.76%
   28     1052.85          --                 --  mixed C-H bending / C-C torsion                                C-H bending 45.42%; C-C torsion 13.32%; cyclic C-O stretching 9.38%; mixed-phase cyclic C-C stretching 5.93%
   29     1074.75          --                 --  mixed C-H bending / ring-site C-H out-of-plane bending         C-H bending 33.40%; ring-site C-H out-of-plane bending 17.45%; C-C torsion 11.59%; mixed-phase exocyclic C-C stretching 8.71%
   30     1111.48          --                 --  mixed mixed-phase cyclic C-O stretching / C-H bending / ring-site C-H out-of-plane bending mixed-phase cyclic C-O stretching 27.93%; C-H bending 24.60%; ring-site C-H out-of-plane bending 17.39%; exocyclic C-C stretching 10.04%
   31     1122.79          --                 --  mixed C-H bending / opposite-phase cyclic C-C stretching / ring-site C-H out-of-plane bending C-H bending 26.74%; opposite-phase cyclic C-C stretching 19.60%; ring-site C-H out-of-plane bending 18.83%; exocyclic C-O stretching 7.17%
   32     1149.25          --                 --  mixed C-H bending / ring-site C-H out-of-plane bending         C-H bending 35.39%; ring-site C-H out-of-plane bending 23.24%; ring-site C-H in-plane bending 10.13%; C-C-O bending 8.58%
   33     1230.18          --                 --  mixed ring-site C-H out-of-plane bending / O-H bending         ring-site C-H out-of-plane bending 65.35%; O-H bending 12.94%; ring-site C-H in-plane bending 7.48%; C-H bending 5.64%
   34     1250.10          --                 --  mixed ring-site C-H out-of-plane bending / ring-site C-H in-plane bending ring-site C-H out-of-plane bending 55.86%; ring-site C-H in-plane bending 32.10%; C-H bending 3.92%; O-H bending 2.73%
   35     1282.05          --                 --  mixed ring-site C-H out-of-plane bending / ring-site C-H in-plane bending ring-site C-H out-of-plane bending 52.17%; ring-site C-H in-plane bending 27.62%; C-H bending 8.06%; O-H bending 3.82%
   36     1322.76          --                 --  mixed ring-site C-H out-of-plane bending / ring-site C-H in-plane bending ring-site C-H out-of-plane bending 41.27%; ring-site C-H in-plane bending 30.62%; C-H bending 13.19%; C-C torsion 11.76%
   37     1328.91          --                 --  mixed C-H bending / ring-site C-H out-of-plane bending         C-H bending 53.75%; ring-site C-H out-of-plane bending 18.45%; ring-site C-H in-plane bending 16.70%; O-H bending 3.64%
   38     1353.37          --                 --  mixed ring-site C-H out-of-plane bending / C-H bending         ring-site C-H out-of-plane bending 63.71%; C-H bending 12.34%; ring-site C-H in-plane bending 11.14%; mixed-phase cyclic C-C stretching 5.13%
   39     1383.98          --                 --  mixed ring-site C-H out-of-plane bending / ring-site C-H in-plane bending ring-site C-H out-of-plane bending 46.31%; ring-site C-H in-plane bending 33.77%; C-H bending 7.02%; C-C torsion 3.45%
   40     1396.67          --                 --  mixed ring-site C-H in-plane bending / ring-site C-H out-of-plane bending / C-H bending ring-site C-H in-plane bending 35.77%; ring-site C-H out-of-plane bending 30.12%; C-H bending 27.62%; C-C torsion 2.24%
   41     1417.99          --                 --  C-H bending                                                    C-H bending 87.85%; ring-site C-H out-of-plane bending 4.58%; exocyclic C-C stretching 2.65%; C-C torsion 2.34%
   42     1422.76          --                 --  ring-site C-H out-of-plane bending                             ring-site C-H out-of-plane bending 88.86%; O-H bending 3.56%; cyclic C-C stretching 2.62%; ring-site C-H in-plane bending 2.17%
   43     1494.40          --                 --  mixed C-H bending / C-C torsion                                C-H bending 72.03%; C-C torsion 27.55%
   44     1502.78          --                 --  mixed C-C torsion / C-H bending                                C-C torsion 68.60%; C-H bending 17.57%; ring-site C-H out-of-plane bending 11.04%; ring-site C-H in-plane bending 2.07%
   45     1518.17          --                 --  ring-site C-H out-of-plane bending                             ring-site C-H out-of-plane bending 85.51%; ring-site C-H in-plane bending 6.86%; C-C torsion 3.97%
   46     2217.19          --                 --  C-C stretching                                                 C-C stretching 83.82%; exocyclic C-C stretching 11.57%; C-H stretching 4.38%
   47     3021.45          --                 --  mixed-phase ring-site C-H stretching                           mixed-phase ring-site C-H stretching 99.05%
   48     3036.89          --                 --  ring-site C-H stretching                                       ring-site C-H stretching 98.93%
   49     3040.32          --                 --  ring-site C-H stretching                                       ring-site C-H stretching 90.76%; in-phase C-H stretching 8.21%
   50     3044.33          --                 --  in-phase C-H stretching                                        in-phase C-H stretching 90.92%; ring-site C-H stretching 8.58%
   51     3065.57          --                 --  ring-site C-H stretching                                       ring-site C-H stretching 95.33%; C-H stretching 3.41%
   52     3090.32          --                 --  mixed-phase ring-site C-H stretching                           mixed-phase ring-site C-H stretching 98.63%
   53     3108.63          --                 --  opposite-phase C-H stretching                                  opposite-phase C-H stretching 99.05%
   54     3126.67          --                 --  mixed-phase C-H stretching                                     mixed-phase C-H stretching 95.44%; ring-site C-H stretching 3.08%
   55     3473.43          --                 --  C-H stretching                                                 C-H stretching 95.58%; C-C stretching 4.35%
   56     3768.96          --                 --  O-H stretching                                                 O-H stretching 99.93%

# Selected internal-coordinate set:
#   1  nu(C1-C2)
#   2  nu(O3-C4)
#   3  nu(C5-C7)
#   4  nu(O6-H17)
#   5  nu(C8-C9)
#   6  nu(C7-H18)
#   7  nu(C4-H14)
#   8  nu(C1-H11)
#   9  nu(C2-H13)
#  10  nu(C5-H16)
#  11  delta_lin1(C8-C9-H19)
#  12  delta_lin2(C8-C9-H19)
#  13  nu(C1-H12)
#  14  nu(C4-H15)
#  15  tau(H16-C5-C7-H18)
#  16  nu(C2-O3)
#  17  nu(C1-H10)
#  18  delta(C5-O6-H17)
#  19  tau(C4-C5-O6-H17)
#  20  nu(C9-H19)
#  21  tau(C2-O3-C4-H14)
#  22  tau(H13-C2-O3-C4)
#  23  delta(C5-C7-H18)
#  24  tau(C2-O3-C4-H15)
#  25  delta(H11-C1-H12)
#  26  tau(H10-C1-C2-H13)
#  27  nu(C5-O6)
#  28  delta(C2-C1-H12)
#  29  delta(C2-C1-H11)
#  30  tau(H15-C4-C5-H16)
#  31  tau(H14-C4-C5-O6)
#  32  delta(C8-C7-H18)
#  33  delta(C2-C1-H10)
#  34  nu(C7-C8)
#  35  delta_lin2(C7-C8-C9)
#  36  tau(H12-C1-C2-O3)
#  37  tau(O3-C4-C5-O6)
#  38  tau(O3-C4-C5-H16)
#  39  nu(C4-C5)
#  40  delta(O3-C2-H13)
#  41  delta_lin1(C7-C8-C9)
#  42  tau(H11-C1-C2-C7)
#  43  nu(C2-C7)
#  44  delta(C4-C5-O6)
#  45  tau(H16-C5-C7-C2)
#  46  delta(O3-C4-C5)
#  47  delta(C1-C2-O3)
#  48  delta(C5-C4-H14)
#  49  delta(C1-C2-C7)
#  50  tau(C4-C5-C7-C8)
#  51  tau(O3-C2-C7-C8)

Wrote: /local/scratch/mv487/qm9s/experiment_1_phase2/ped/86780/86780_summary.csv
Wrote: /local/scratch/mv487/qm9s/experiment_1_phase2/ped/86780/86780_families.csv
Wrote: /local/scratch/mv487/qm9s/experiment_1_phase2/ped/86780/86780_ped.csv
Wrote: /local/scratch/mv487/qm9s/experiment_1_phase2/ped/86780/86780_ir_transitions.csv

# All generated files are in: /local/scratch/mv487/qm9s/experiment_1_phase2/ped/86780
# Manifest: /local/scratch/mv487/qm9s/experiment_1_phase2/ped/86780/86780_manifest.txt

--- stderr ---
Normal modes/frequencies absent or incomplete: diagonalizing Hessian.
