# Contact: romi@lens.unifi.it
# Manual: https://github.com/SebRoLENS/orca-ped-analyzer/blob/main/docs/ORCA_PED_Analyzer_Manual.md
# Check GitHub for updates and new releases: https://github.com/SebRoLENS/orca-ped-analyzer
#
# Molecule: 18 atoms | non-linear
# Bonds inferred: 19 | candidate ICs: 173 | selected ICs: 48
# Cartesian-Hessian reconstruction relative error: 1.039e-04
# Energy distribution: PED (PED is the backward-compatible default; TED includes kinetic-energy terms)
# Ring/cycle bonds detected: 8 | ring atoms: 7 | ring systems: 1
# VPT2: no matching .out file supplied/found -> harmonic/PED analysis only
#
 Mode   Harm/cm-1   VPT2/cm-1  Harm.Int/km mol-1  Assignment                                                     Grouped PED
------------------------------------------------------------------------------------------------------------------------------------------------------------------------------------------------
    6      159.70          --                 --  mixed cyclic-ring torsional/out-of-plane deformation / ring-site C-H out-of-plane bending cyclic-ring torsional/out-of-plane deformation 46.44%; ring-site C-H out-of-plane bending 42.71%; cyclic-ring deformation (C-O-C bend) 2.78%; cyclic-ring torsional/out-of-plane deformation 2.73%
    7      184.32          --                 --  mixed ring-site C-H out-of-plane bending / cyclic-ring torsional/out-of-plane deformation ring-site C-H out-of-plane bending 54.65%; cyclic-ring torsional/out-of-plane deformation 25.97%; cyclic-ring torsional/out-of-plane deformation 9.14%; cyclic-ring deformation (C-O-C bend) 3.47%
    8      197.79          --                 --  mixed C-C torsion / cyclic-ring out-of-plane deformation       C-C torsion 65.04%; cyclic-ring out-of-plane deformation 20.80%; ring-site C-H out-of-plane bending 3.98%; cyclic-ring torsional/out-of-plane deformation 3.13%
    9      229.57          --                 --  mixed ring-site C-H out-of-plane bending / cyclic-ring torsional/out-of-plane deformation ring-site C-H out-of-plane bending 52.55%; cyclic-ring torsional/out-of-plane deformation 26.27%; cyclic-ring out-of-plane deformation 6.69%; cyclic-ring deformation (C-C-C bend) 4.27%
   10      260.08          --                 --  mixed ring-site C-H out-of-plane bending / cyclic-ring out-of-plane deformation ring-site C-H out-of-plane bending 47.15%; cyclic-ring out-of-plane deformation 36.82%; cyclic-ring torsional/out-of-plane deformation 6.57%; cyclic-ring deformation (C-O-C bend) 3.88%
   11      303.13          --                 --  mixed C-C-C bending / C-H bending                              C-C-C bending 66.47%; C-H bending 9.68%; ring-site C-H out-of-plane bending 6.91%; cyclic-ring deformation (C-O-C bend) 3.98%
   12      381.88          --                 --  mixed C-O torsion / ring-site C-H out-of-plane bending         C-O torsion 68.51%; ring-site C-H out-of-plane bending 8.52%; cyclic-ring torsional/out-of-plane deformation 8.23%; cyclic-ring out-of-plane deformation 6.48%
   13      454.38          --                 --  mixed ring-site C-H out-of-plane bending / cyclic-ring out-of-plane deformation ring-site C-H out-of-plane bending 29.40%; cyclic-ring out-of-plane deformation 26.56%; cyclic-ring deformation (C-C-C bend) 14.85%; cyclic-ring torsional/out-of-plane deformation 11.17%
   14      469.89          --                 --  mixed cyclic-ring out-of-plane deformation / cyclic-ring deformation (C-O-C bend) / cyclic-ring deformation (C-N-C bend) cyclic-ring out-of-plane deformation 24.23%; cyclic-ring deformation (C-O-C bend) 23.35%; cyclic-ring deformation (C-N-C bend) 21.17%; ring-site C-H in-plane bending 6.90%
   15      509.27          --                 --  mixed cyclic-ring deformation (C-C-C bend) / ring-site C-H out-of-plane bending cyclic-ring deformation (C-C-C bend) 35.81%; ring-site C-H out-of-plane bending 23.90%; cyclic-ring out-of-plane deformation 10.25%; mixed-phase cyclic C-C stretching 5.74%
   16      552.41          --                 --  mixed ring-site C-H out-of-plane bending / cyclic-ring out-of-plane deformation / cyclic-ring torsional/out-of-plane deformation ring-site C-H out-of-plane bending 38.92%; cyclic-ring out-of-plane deformation 24.40%; cyclic-ring torsional/out-of-plane deformation 16.88%; cyclic-ring deformation (C-N-C bend) 3.89%
   17      669.67          --                 --  mixed mixed-phase cyclic C-C stretching / cyclic-ring torsional/out-of-plane deformation mixed-phase cyclic C-C stretching 28.94%; cyclic-ring torsional/out-of-plane deformation 16.03%; cyclic-ring out-of-plane deformation 12.90%; ring-site C-H out-of-plane bending 8.95%
   18      717.37          --                 --  mixed cyclic-ring torsional/out-of-plane deformation / mixed-phase cyclic C-C stretching / cyclic-ring torsional/out-of-plane deformation cyclic-ring torsional/out-of-plane deformation 25.70%; mixed-phase cyclic C-C stretching 25.52%; cyclic-ring torsional/out-of-plane deformation 24.67%; ring-site C-H out-of-plane bending 7.86%
   19      799.22          --                 --  mixed cyclic C-C stretching / ring-site C-H out-of-plane bending cyclic C-C stretching 27.91%; ring-site C-H out-of-plane bending 20.76%; cyclic C-N stretching 9.77%; cyclic C-O stretching 7.78%
   20      828.33          --                 --  mixed mixed-phase cyclic C-C stretching / cyclic-ring out-of-plane deformation / cyclic-ring torsional/out-of-plane deformation mixed-phase cyclic C-C stretching 37.66%; cyclic-ring out-of-plane deformation 18.83%; cyclic-ring torsional/out-of-plane deformation 18.24%; C-H bending 8.66%
   21      883.97          --                 --  mixed cyclic C-O stretching / ring-site C-H out-of-plane bending cyclic C-O stretching 37.33%; ring-site C-H out-of-plane bending 16.72%; cyclic C-C stretching 13.12%; cyclic-ring deformation (C-O-C bend) 7.87%
   22      919.11          --                 --  mixed cyclic-ring deformation (C-N-C bend) / ring-site C-H in-plane bending / ring-site C-H out-of-plane bending cyclic-ring deformation (C-N-C bend) 18.54%; ring-site C-H in-plane bending 16.05%; ring-site C-H out-of-plane bending 15.54%; cyclic C-O stretching 13.57%
   23      931.40          --                 --  mixed ring-site C-H out-of-plane bending / in-phase cyclic C-O stretching ring-site C-H out-of-plane bending 54.93%; in-phase cyclic C-O stretching 10.57%; C-H bending 7.51%; cyclic-ring torsional/out-of-plane deformation 6.27%
   24      975.74          --                 --  mixed C-H bending / ring-site C-H out-of-plane bending / mixed-phase cyclic C-C stretching C-H bending 26.27%; ring-site C-H out-of-plane bending 20.21%; mixed-phase cyclic C-C stretching 18.44%; C-C out-of-plane bending 12.77%
   25     1012.28          --                 --  mixed ring-site C-H out-of-plane bending / C-H bending         ring-site C-H out-of-plane bending 46.95%; C-H bending 17.66%; C-C out-of-plane bending 11.42%; opposite-phase cyclic C-O stretching 5.78%
   26     1025.13          --                 --  mixed ring-site C-H out-of-plane bending / ring-site C-H in-plane bending ring-site C-H out-of-plane bending 24.26%; ring-site C-H in-plane bending 16.02%; C-H bending 12.97%; in-phase cyclic C-C stretching 11.06%
   27     1079.74          --                 --  mixed ring-site C-H out-of-plane bending / cyclic C-N stretching ring-site C-H out-of-plane bending 19.68%; cyclic C-N stretching 13.51%; ring-site C-H in-plane bending 12.96%; C-H bending 11.64%
   28     1097.86          --                 --  mixed mixed-phase cyclic C-O stretching / exocyclic C-C stretching mixed-phase cyclic C-O stretching 39.49%; exocyclic C-C stretching 11.15%; ring-site C-H in-plane bending 10.67%; cyclic-ring deformation (C-N-C bend) 9.72%
   29     1116.85          --                 --  mixed ring-site C-H out-of-plane bending / C-C out-of-plane bending ring-site C-H out-of-plane bending 42.31%; C-C out-of-plane bending 29.28%; C-H bending 5.80%; cyclic C-C stretching 4.58%
   30     1135.49          --                 --  mixed exocyclic C-O stretching / C-H bending                   exocyclic C-O stretching 23.07%; C-H bending 15.22%; ring-site C-H in-plane bending 11.62%; cyclic-ring torsional/out-of-plane deformation 8.17%
   31     1158.03          --                 --  mixed cyclic-ring out-of-plane deformation / C-H bending       cyclic-ring out-of-plane deformation 21.32%; C-H bending 18.12%; exocyclic C-O stretching 12.41%; cyclic-ring deformation (C-C-C bend) 10.31%
   32     1230.54          --                 --  mixed cyclic-ring deformation (C-C-C bend) / ring-site C-H out-of-plane bending cyclic-ring deformation (C-C-C bend) 17.44%; ring-site C-H out-of-plane bending 13.89%; ring-site C-H in-plane bending 13.67%; C-H bending 13.37%
   33     1284.01          --                 --  ring-site C-H in-plane bending                                 ring-site C-H in-plane bending 80.71%; ring-site C-H out-of-plane bending 7.32%; C-H bending 3.54%
   34     1322.16          --                 --  mixed O-H bending / C-H bending                                O-H bending 27.23%; C-H bending 23.29%; ring-site C-H out-of-plane bending 12.08%; ring-site C-H in-plane bending 9.46%
   35     1340.13          --                 --  mixed mixed-phase cyclic C-C stretching / ring-site C-H in-plane bending / C-H bending mixed-phase cyclic C-C stretching 41.96%; ring-site C-H in-plane bending 21.73%; C-H bending 17.74%; C-C-C bending 5.23%
   36     1358.53          --                 --  mixed ring-site C-H in-plane bending / mixed-phase cyclic C-C stretching ring-site C-H in-plane bending 55.61%; mixed-phase cyclic C-C stretching 18.08%; ring-site C-H out-of-plane bending 9.65%; C-H bending 7.66%
   37     1397.37          --                 --  ring-site C-H in-plane bending                                 ring-site C-H in-plane bending 76.60%; cyclic C-N stretching 8.36%; C-H bending 4.10%; ring-site C-H out-of-plane bending 2.81%
   38     1415.86          --                 --  mixed ring-site C-H in-plane bending / C-H bending             ring-site C-H in-plane bending 52.52%; C-H bending 15.36%; ring-site C-H out-of-plane bending 11.01%; O-H bending 7.53%
   39     1422.19          --                 --  C-H bending                                                    C-H bending 90.44%; exocyclic C-C stretching 3.44%; ring-site C-H in-plane bending 2.49%
   40     1472.18          --                 --  mixed C-H bending / cyclic C-C stretching                      C-H bending 45.90%; cyclic C-C stretching 14.79%; ring-site C-H in-plane bending 12.91%; ring-site C-H out-of-plane bending 10.66%
   41     1496.18          --                 --  C-H bending                                                    C-H bending 97.96%
   42     1502.06          --                 --  C-H bending                                                    C-H bending 91.00%; ring-site C-H out-of-plane bending 3.67%
   43     1519.16          --                 --  mixed ring-site C-H out-of-plane bending / ring-site C-H in-plane bending ring-site C-H out-of-plane bending 50.09%; ring-site C-H in-plane bending 25.40%; C-H bending 18.20%; cyclic C-C stretching 3.42%
   44     1707.04          --                 --  cyclic C-N stretching                                          cyclic C-N stretching 83.76%; ring-site C-H in-plane bending 5.95%; cyclic C-O stretching 5.65%; cyclic-ring deformation (C-O-C bend) 2.38%
   45     3017.62          --                 --  C-H stretching                                                 C-H stretching 86.11%; ring-site C-H stretching 13.57%
   46     3024.61          --                 --  ring-site C-H stretching                                       ring-site C-H stretching 86.30%; C-H stretching 13.27%
   47     3072.74          --                 --  opposite-phase C-H stretching                                  opposite-phase C-H stretching 99.04%
   48     3088.15          --                 --  mixed-phase ring-site C-H stretching                           mixed-phase ring-site C-H stretching 98.50%
   49     3098.34          --                 --  mixed-phase C-H stretching                                     mixed-phase C-H stretching 99.18%
   50     3153.46          --                 --  mixed-phase ring-site C-H stretching                           mixed-phase ring-site C-H stretching 98.89%
   51     3166.02          --                 --  ring-site C-H stretching                                       ring-site C-H stretching 98.72%
   52     3178.10          --                 --  ring-site C-H stretching                                       ring-site C-H stretching 99.04%
   53     3774.25          --                 --  O-H stretching                                                 O-H stretching 99.87%

# Selected internal-coordinate set:
#   1  nu(C1-C2)
#   2  nu(C3-O4)
#   3  nu(C5-H15)
#   4  nu(N6-C7)
#   5  nu(C8-O9)
#   6  nu(C3-H14)
#   7  nu(C8-H17)
#   8  nu(O9-H18)
#   9  nu(C1-H10)
#  10  nu(C7-H16)
#  11  nu(C3-H13)
#  12  nu(C1-H11)
#  13  tau(H17-C8-O9-H18)
#  14  tau(C5-N6-C7-H16)
#  15  nu(O4-C5)
#  16  nu(C1-H12)
#  17  tau(H15-C5-N6-C7)
#  18  gamma(C8;C2,C1,C3)
#  19  nu(C2-C3)
#  20  tau(C5-N6-C7-C8)
#  21  nu(C5-N6)
#  22  tau(H14-C3-O4-C5)
#  23  delta(H11-C1-H12)
#  24  delta(C8-O9-H18)
#  25  delta(H10-C1-H11)
#  26  delta(O4-C3-H13)
#  27  delta(H10-C1-H12)
#  28  delta(O9-C8-H17)
#  29  gamma(C7;C8,O9,H17)
#  30  delta(N6-C7-H16)
#  31  delta(O4-C3-H14)
#  32  tau(H13-C3-O4-C5)
#  33  delta(N6-C5-H15)
#  34  delta(C2-C1-H10)
#  35  delta(C5-N6-C7)
#  36  nu(C7-C8)
#  37  delta(C3-O4-C5)
#  38  delta(C2-C3-H13)
#  39  nu(C2-C8)
#  40  delta(C2-C1-H11)
#  41  gamma(O9;C8,C2,C7)
#  42  delta(C3-C2-C7)
#  43  tau(H11-C1-C2-C7)
#  44  nu(C2-C7)
#  45  delta(C1-C2-C3)
#  46  tau(C8-C2-C7-N6)
#  47  tau(C3-C2-C8-H17)
#  48  tau(C1-C2-C3-O4)

Wrote: /local/scratch/mv487/qm9s/experiment_1_phase2/ped/73875/73875_summary.csv
Wrote: /local/scratch/mv487/qm9s/experiment_1_phase2/ped/73875/73875_families.csv
Wrote: /local/scratch/mv487/qm9s/experiment_1_phase2/ped/73875/73875_ped.csv
Wrote: /local/scratch/mv487/qm9s/experiment_1_phase2/ped/73875/73875_ir_transitions.csv

# All generated files are in: /local/scratch/mv487/qm9s/experiment_1_phase2/ped/73875
# Manifest: /local/scratch/mv487/qm9s/experiment_1_phase2/ped/73875/73875_manifest.txt

--- stderr ---
Normal modes/frequencies absent or incomplete: diagonalizing Hessian.
