# Contact: romi@lens.unifi.it
# Manual: https://github.com/SebRoLENS/orca-ped-analyzer/blob/main/docs/ORCA_PED_Analyzer_Manual.md
# Check GitHub for updates and new releases: https://github.com/SebRoLENS/orca-ped-analyzer
#
# Molecule: 22 atoms | non-linear
# Bonds inferred: 22 | candidate ICs: 203 | selected ICs: 60
# Cartesian-Hessian reconstruction relative error: 2.368e-05
# Energy distribution: PED (PED is the backward-compatible default; TED includes kinetic-energy terms)
# Ring/cycle bonds detected: 4 | ring atoms: 4 | ring systems: 1
# VPT2: no matching .out file supplied/found -> harmonic/PED analysis only
#
 Mode   Harm/cm-1   VPT2/cm-1  Harm.Int/km mol-1  Assignment                                                     Grouped PED
------------------------------------------------------------------------------------------------------------------------------------------------------------------------------------------------
    6       30.88          --                 --  C-N torsion                                                    C-N torsion 99.58%
    7       57.30          --                 --  mixed C-N torsion / C-C torsion                                C-N torsion 74.19%; C-C torsion 21.24%; C-H bending 2.29%
    8       70.40          --                 --  mixed ring-site C-H out-of-plane bending / cyclic-ring torsional/out-of-plane deformation ring-site C-H out-of-plane bending 53.65%; cyclic-ring torsional/out-of-plane deformation 45.07%
    9       92.58          --                 --  C-N torsion                                                    C-N torsion 96.00%
   10      202.88          --                 --  mixed ring-site C-H out-of-plane bending / cyclic-ring torsional/out-of-plane deformation ring-site C-H out-of-plane bending 61.92%; cyclic-ring torsional/out-of-plane deformation 15.74%; C-N-C bending 8.48%; N-C-C bending 4.32%
   11      242.05          --                 --  C-C torsion                                                    C-C torsion 98.49%
   12      294.88          --                 --  mixed ring-site C-H out-of-plane bending / cyclic-ring torsional/out-of-plane deformation ring-site C-H out-of-plane bending 41.99%; cyclic-ring torsional/out-of-plane deformation 37.45%; C-C-O bending 4.13%; cyclic-ring deformation (C-C-C bend) 3.55%
   13      302.25          --                 --  mixed C-N torsion / cyclic-ring torsional/out-of-plane deformation / ring-site C-H out-of-plane bending C-N torsion 36.71%; cyclic-ring torsional/out-of-plane deformation 22.84%; ring-site C-H out-of-plane bending 18.52%; C-C torsion 13.92%
   14      403.39          --                 --  mixed ring-site C-H out-of-plane bending / cyclic-ring torsional/out-of-plane deformation ring-site C-H out-of-plane bending 55.56%; cyclic-ring torsional/out-of-plane deformation 17.63%; N-C-C bending 9.35%; C-C-O bending 8.63%
   15      405.07          --                 --  mixed ring-site C-H out-of-plane bending / C-N torsion / cyclic-ring torsional/out-of-plane deformation ring-site C-H out-of-plane bending 34.10%; C-N torsion 26.50%; cyclic-ring torsional/out-of-plane deformation 25.91%; C-C torsion 7.33%
   16      455.86          --                 --  mixed ring-site C-H out-of-plane bending / cyclic-ring torsional/out-of-plane deformation ring-site C-H out-of-plane bending 66.85%; cyclic-ring torsional/out-of-plane deformation 9.11%; N-C-C bending 8.21%; C-N torsion 6.07%
   17      486.75          --                 --  C-N torsion                                                    C-N torsion 94.41%; cyclic-ring torsional/out-of-plane deformation 2.89%
   18      580.89          --                 --  mixed C-C-O bending / cyclic-ring deformation (C-C-C bend)     C-C-O bending 41.04%; cyclic-ring deformation (C-C-C bend) 14.04%; C-C stretching 12.76%; cyclic-ring torsional/out-of-plane deformation 7.23%
   19      631.08          --                 --  C-N torsion                                                    C-N torsion 85.86%; C-H bending 12.55%
   20      718.60          --                 --  mixed cyclic-ring deformation (C-C-C bend) / ring-site C-H out-of-plane bending / cyclic-ring torsional/out-of-plane deformation cyclic-ring deformation (C-C-C bend) 24.06%; ring-site C-H out-of-plane bending 21.89%; cyclic-ring torsional/out-of-plane deformation 18.63%; C-H bending 8.11%
   21      798.95          --                 --  mixed ring-site C-H out-of-plane bending / mixed-phase cyclic C-C stretching ring-site C-H out-of-plane bending 35.41%; mixed-phase cyclic C-C stretching 24.92%; exocyclic C-C stretching 12.02%; cyclic-ring deformation (C-C-C bend) 9.66%
   22      825.65          --                 --  ring-site C-H out-of-plane bending                             ring-site C-H out-of-plane bending 88.61%; C-N torsion 7.14%; C-C torsion 2.08%
   23      887.83          --                 --  mixed opposite-phase cyclic C-C stretching / ring-site C-H out-of-plane bending / C-H bending opposite-phase cyclic C-C stretching 44.49%; ring-site C-H out-of-plane bending 23.47%; C-H bending 18.23%; C-C torsion 6.21%
   24      901.81          --                 --  mixed ring-site C-H out-of-plane bending / in-phase cyclic C-C stretching ring-site C-H out-of-plane bending 45.83%; in-phase cyclic C-C stretching 16.97%; C-H bending 10.87%; exocyclic C-C stretching 8.64%
   25      942.49          --                 --  mixed ring-site C-H out-of-plane bending / cyclic-ring deformation (C-C-C bend) ring-site C-H out-of-plane bending 43.35%; cyclic-ring deformation (C-C-C bend) 11.44%; C-N stretching 7.91%; C-N-C bending 6.41%
   26      955.81          --                 --  mixed ring-site C-H out-of-plane bending / C-H bending         ring-site C-H out-of-plane bending 53.91%; C-H bending 16.19%; in-phase cyclic C-C stretching 8.62%; C-C stretching 5.37%
   27      964.24          --                 --  mixed opposite-phase cyclic C-C stretching / C-C torsion       opposite-phase cyclic C-C stretching 31.94%; C-C torsion 29.32%; ring-site C-H out-of-plane bending 13.12%; C-N torsion 10.94%
   28     1009.07          --                 --  mixed C-H bending / C-C stretching                             C-H bending 49.34%; C-C stretching 12.50%; in-phase cyclic C-C stretching 7.44%; C-N stretching 5.31%
   29     1044.25          --                 --  mixed C-H bending / C-N torsion / opposite-phase cyclic C-C stretching C-H bending 27.79%; C-N torsion 27.50%; opposite-phase cyclic C-C stretching 19.88%; ring-site C-H out-of-plane bending 13.27%
   30     1054.42          --                 --  mixed C-H bending / in-phase cyclic C-C stretching             C-H bending 29.59%; in-phase cyclic C-C stretching 15.68%; ring-site C-H out-of-plane bending 13.58%; exocyclic C-C stretching 9.32%
   31     1057.84          --                 --  C-H bending                                                    C-H bending 80.21%; C-N torsion 7.19%; opposite-phase cyclic C-C stretching 5.94%; ring-site C-H out-of-plane bending 3.70%
   32     1133.74          --                 --  mixed ring-site C-H out-of-plane bending / cyclic C-C stretching / exocyclic C-N stretching ring-site C-H out-of-plane bending 36.57%; cyclic C-C stretching 21.26%; exocyclic C-N stretching 15.39%; cyclic-ring deformation (C-C-C bend) 7.99%
   33     1136.32          --                 --  mixed ring-site C-H out-of-plane bending / C-H bending / C-C torsion ring-site C-H out-of-plane bending 45.50%; C-H bending 27.53%; C-C torsion 17.13%; C-C out-of-plane bending 4.41%
   34     1189.00          --                 --  mixed ring-site C-H out-of-plane bending / C-H bending         ring-site C-H out-of-plane bending 51.96%; C-H bending 17.97%; exocyclic C-N stretching 14.22%; C-N-C bending 2.61%
   35     1220.02          --                 --  mixed C-C out-of-plane bending / ring-site C-H out-of-plane bending C-C out-of-plane bending 40.42%; ring-site C-H out-of-plane bending 36.33%; C-C torsion 13.41%; opposite-phase cyclic C-C stretching 6.72%
   36     1237.96          --                 --  mixed ring-site C-H out-of-plane bending / C-H bending         ring-site C-H out-of-plane bending 39.98%; C-H bending 25.35%; cyclic-ring torsional/out-of-plane deformation 11.05%; exocyclic C-C stretching 5.71%
   37     1268.03          --                 --  mixed C-C out-of-plane bending / C-H bending                   C-C out-of-plane bending 19.32%; C-H bending 15.30%; C-N stretching 14.42%; N-H bending 13.24%
   38     1276.27          --                 --  mixed C-C torsion / C-C out-of-plane bending                   C-C torsion 62.35%; C-C out-of-plane bending 18.98%; C-N torsion 6.73%; ring-site C-H out-of-plane bending 5.34%
   39     1277.76          --                 --  mixed ring-site C-H out-of-plane bending / C-C out-of-plane bending ring-site C-H out-of-plane bending 40.47%; C-C out-of-plane bending 37.72%; mixed-phase cyclic C-C stretching 5.64%; C-H bending 5.36%
   40     1293.57          --                 --  mixed C-N torsion / ring-site C-H out-of-plane bending         C-N torsion 59.02%; ring-site C-H out-of-plane bending 36.09%; cyclic C-C stretching 2.08%
   41     1370.03          --                 --  mixed C-H bending / ring-site C-H out-of-plane bending         C-H bending 54.64%; ring-site C-H out-of-plane bending 31.93%; in-phase cyclic C-C stretching 3.52%; exocyclic C-C stretching 2.59%
   42     1384.01          --                 --  mixed C-H bending / ring-site C-H out-of-plane bending         C-H bending 68.40%; ring-site C-H out-of-plane bending 22.31%
   43     1404.87          --                 --  C-H bending                                                    C-H bending 91.64%; C-C stretching 4.66%
   44     1419.29          --                 --  C-H bending                                                    C-H bending 91.73%; exocyclic C-C stretching 5.84%
   45     1475.32          --                 --  C-H bending                                                    C-H bending 99.61%
   46     1477.80          --                 --  mixed ring-site C-H out-of-plane bending / C-H bending         ring-site C-H out-of-plane bending 66.03%; C-H bending 32.96%
   47     1492.24          --                 --  C-H bending                                                    C-H bending 95.07%
   48     1500.61          --                 --  mixed ring-site C-H out-of-plane bending / C-H bending         ring-site C-H out-of-plane bending 44.97%; C-H bending 40.82%; C-C torsion 13.13%
   49     1500.80          --                 --  mixed C-C torsion / C-H bending                                C-C torsion 66.74%; C-H bending 20.98%; ring-site C-H out-of-plane bending 10.99%
   50     1506.58          --                 --  mixed ring-site C-H out-of-plane bending / C-H bending         ring-site C-H out-of-plane bending 45.59%; C-H bending 42.76%; C-C torsion 10.17%
   51     1538.58          --                 --  mixed N-H bending / C-H bending                                N-H bending 31.71%; C-H bending 28.25%; C-N stretching 14.44%; ring-site C-H out-of-plane bending 11.63%
   52     1745.23          --                 --  C-O stretching                                                 C-O stretching 73.38%; N-C-C bending 10.41%; C-N stretching 4.53%; C-C stretching 3.51%
   53     3021.93          --                 --  in-phase C-H stretching                                        in-phase C-H stretching 98.88%
   54     3039.42          --                 --  mixed-phase ring-site C-H stretching                           mixed-phase ring-site C-H stretching 99.52%
   55     3041.22          --                 --  mixed-phase ring-site C-H stretching                           mixed-phase ring-site C-H stretching 97.04%; C-H stretching 2.31%
   56     3046.59          --                 --  in-phase C-H stretching                                        in-phase C-H stretching 99.54%
   57     3057.74          --                 --  ring-site C-H stretching                                       ring-site C-H stretching 86.18%; mixed-phase C-H stretching 12.60%
   58     3083.61          --                 --  opposite-phase C-H stretching                                  opposite-phase C-H stretching 96.95%; ring-site C-H stretching 2.54%
   59     3086.43          --                 --  mixed mixed-phase C-H stretching / mixed-phase ring-site C-H stretching mixed-phase C-H stretching 77.65%; mixed-phase ring-site C-H stretching 21.50%
   60     3092.39          --                 --  mixed-phase ring-site C-H stretching                           mixed-phase ring-site C-H stretching 90.86%; mixed-phase C-H stretching 7.43%
   61     3093.91          --                 --  mixed-phase ring-site C-H stretching                           mixed-phase ring-site C-H stretching 95.64%; opposite-phase C-H stretching 2.47%
   62     3118.98          --                 --  mixed-phase C-H stretching                                     mixed-phase C-H stretching 99.03%
   63     3120.62          --                 --  opposite-phase C-H stretching                                  opposite-phase C-H stretching 99.56%
   64     3128.41          --                 --  ring-site C-H stretching                                       ring-site C-H stretching 97.67%
   65     3617.46          --                 --  N-H stretching                                                 N-H stretching 99.34%

# Selected internal-coordinate set:
#   1  nu(C1-C2)
#   2  nu(C3-H14)
#   3  nu(C4-N6)
#   4  nu(C5-H17)
#   5  nu(C7-C8)
#   6  nu(C4-H16)
#   7  nu(C8-H22)
#   8  nu(C3-H15)
#   9  nu(C5-H18)
#  10  nu(C2-H13)
#  11  nu(C1-H11)
#  12  nu(N6-H19)
#  13  nu(C8-H21)
#  14  nu(C1-H12)
#  15  nu(C7-O9)
#  16  tau(H19-N6-C7-O9)
#  17  tau(H16-C4-N6-C7)
#  18  gamma(C2;C3,H14,H15)
#  19  gamma(C2;C5,H17,H18)
#  20  nu(C1-H10)
#  21  nu(C8-H20)
#  22  tau(H10-C1-C2-H13)
#  23  delta(H17-C5-H18)
#  24  delta(H14-C3-H15)
#  25  delta(C4-N6-H19)
#  26  delta(C8-C7-O9)
#  27  delta(H21-C8-H22)
#  28  delta(H11-C1-H12)
#  29  delta(C1-C2-H13)
#  30  delta(N6-C4-H16)
#  31  delta(H20-C8-H22)
#  32  tau(H16-C4-N6-H19)
#  33  delta(H20-C8-H21)
#  34  delta(C2-C1-H11)
#  35  delta(C2-C1-H12)
#  36  delta(C2-C1-H10)
#  37  nu(C2-C5)
#  38  delta(C7-C8-H21)
#  39  gamma(H14;C3,C2,C4)
#  40  gamma(H18;C5,C2,C4)
#  41  nu(C2-C3)
#  42  nu(C3-C4)
#  43  nu(C4-C5)
#  44  nu(N6-C7)
#  45  delta(C7-C8-H22)
#  46  tau(H11-C1-C2-H13)
#  47  tau(C4-N6-C7-C8)
#  48  tau(H11-C1-C2-C5)
#  49  delta(N6-C7-C8)
#  50  tau(C1-C2-C3-H14)
#  51  tau(C3-C4-C5-H18)
#  52  tau(N6-C7-C8-H22)
#  53  tau(C3-C2-C5-H18)
#  54  tau(N6-C4-C5-C2)
#  55  tau(C1-C2-C5-C4)
#  56  delta(C3-C4-C5)
#  57  tau(H14-C3-C4-H16)
#  58  tau(C3-C4-N6-C7)
#  59  delta(C4-N6-C7)
#  60  tau(C2-C3-C4-N6)

Wrote: /local/scratch/mv487/qm9s/experiment_1_phase2/ped/80127/80127_summary.csv
Wrote: /local/scratch/mv487/qm9s/experiment_1_phase2/ped/80127/80127_families.csv
Wrote: /local/scratch/mv487/qm9s/experiment_1_phase2/ped/80127/80127_ped.csv
Wrote: /local/scratch/mv487/qm9s/experiment_1_phase2/ped/80127/80127_ir_transitions.csv

# All generated files are in: /local/scratch/mv487/qm9s/experiment_1_phase2/ped/80127
# Manifest: /local/scratch/mv487/qm9s/experiment_1_phase2/ped/80127/80127_manifest.txt

--- stderr ---
Normal modes/frequencies absent or incomplete: diagonalizing Hessian.
