# Contact: romi@lens.unifi.it
# Manual: https://github.com/SebRoLENS/orca-ped-analyzer/blob/main/docs/ORCA_PED_Analyzer_Manual.md
# Check GitHub for updates and new releases: https://github.com/SebRoLENS/orca-ped-analyzer
#
# Molecule: 22 atoms | non-linear
# Bonds inferred: 24 | candidate ICs: 261 | selected ICs: 60
# Cartesian-Hessian reconstruction relative error: 8.003e-05
# Energy distribution: PED (PED is the backward-compatible default; TED includes kinetic-energy terms)
# Ring/cycle bonds detected: 9 | ring atoms: 7 | ring systems: 1
# VPT2: no matching .out file supplied/found -> harmonic/PED analysis only
#
 Mode   Harm/cm-1   VPT2/cm-1  Harm.Int/km mol-1  Assignment                                                     Grouped PED
------------------------------------------------------------------------------------------------------------------------------------------------------------------------------------------------
    6      168.66          --                 --  C-C torsion                                                    C-C torsion 75.46%; cyclic-ring out-of-plane deformation 6.59%; cyclic-ring torsional/out-of-plane deformation 4.56%; C-N-C bending 3.59%
    7      187.10          --                 --  C-C torsion                                                    C-C torsion 88.35%; C-N torsion 8.62%
    8      191.24          --                 --  C-C torsion                                                    C-C torsion 94.13%
    9      227.56          --                 --  mixed C-C torsion / C-C-C bending                              C-C torsion 54.64%; C-C-C bending 14.82%; C-N-C bending 12.31%; cyclic-ring out-of-plane deformation 5.87%
   10      235.24          --                 --  mixed cyclic-ring torsional/out-of-plane deformation / ring-site C-H out-of-plane bending cyclic-ring torsional/out-of-plane deformation 39.78%; ring-site C-H out-of-plane bending 28.15%; cyclic-ring deformation (C-C-C bend) 11.47%; C-C torsion 8.61%
   11      267.65          --                 --  mixed cyclic-ring torsional/out-of-plane deformation / cyclic-ring out-of-plane deformation / ring-site C-H out-of-plane bending cyclic-ring torsional/out-of-plane deformation 28.69%; cyclic-ring out-of-plane deformation 21.92%; ring-site C-H out-of-plane bending 18.15%; cyclic-ring deformation (C-C-C bend) 5.16%
   12      315.78          --                 --  mixed C-C-C bending / C-N-C bending / C-C torsion              C-C-C bending 23.13%; C-N-C bending 15.52%; C-C torsion 15.41%; cyclic-ring torsional/out-of-plane deformation 13.90%
   13      448.92          --                 --  mixed cyclic-ring out-of-plane deformation / ring-site C-H out-of-plane bending cyclic-ring out-of-plane deformation 24.66%; ring-site C-H out-of-plane bending 16.79%; cyclic-ring deformation (C-C-C bend) 13.34%; ring-site C-H in-plane bending 10.45%
   14      537.70          --                 --  mixed cyclic-ring torsional/out-of-plane deformation / cyclic-ring out-of-plane deformation / cyclic-ring torsional/out-of-plane deformation cyclic-ring torsional/out-of-plane deformation 28.87%; cyclic-ring out-of-plane deformation 18.29%; cyclic-ring torsional/out-of-plane deformation 15.33%; C-N-C bending 8.94%
   15      581.63          --                 --  mixed cyclic C-C stretching / exocyclic C-C stretching         cyclic C-C stretching 18.05%; exocyclic C-C stretching 16.56%; cyclic-ring deformation (C-N-C bend) 14.18%; cyclic-ring torsional/out-of-plane deformation 8.26%
   16      628.82          --                 --  mixed cyclic-ring deformation (C-N-C bend) / mixed-phase cyclic C-C stretching cyclic-ring deformation (C-N-C bend) 33.99%; mixed-phase cyclic C-C stretching 14.64%; cyclic-ring deformation (C-C-C bend) 11.30%; C-C torsion 8.71%
   17      677.15          --                 --  mixed mixed-phase cyclic C-C stretching / cyclic-ring deformation (C-C-C bend) mixed-phase cyclic C-C stretching 35.36%; cyclic-ring deformation (C-C-C bend) 12.08%; cyclic C-N stretching 9.59%; ring-site C-H in-plane bending 8.72%
   18      754.51          --                 --  mixed mixed-phase cyclic C-C stretching / cyclic-ring deformation (C-C-C bend) mixed-phase cyclic C-C stretching 27.19%; cyclic-ring deformation (C-C-C bend) 26.43%; cyclic C-N stretching 9.38%; cyclic-ring torsional/out-of-plane deformation 7.87%
   19      775.22          --                 --  mixed mixed-phase cyclic C-C stretching / cyclic-ring deformation (C-C-C bend) mixed-phase cyclic C-C stretching 32.98%; cyclic-ring deformation (C-C-C bend) 17.26%; cyclic C-N stretching 13.40%; ring-site C-H in-plane bending 9.58%
   20      839.85          --                 --  mixed ring-site C-H in-plane bending / ring-site C-H out-of-plane bending ring-site C-H in-plane bending 50.27%; ring-site C-H out-of-plane bending 17.92%; mixed-phase cyclic C-C stretching 7.76%; cyclic-ring torsional/out-of-plane deformation 5.82%
   21      862.56          --                 --  mixed mixed-phase cyclic C-C stretching / C-H bending          mixed-phase cyclic C-C stretching 37.68%; C-H bending 12.72%; ring-site C-H out-of-plane bending 11.90%; cyclic-ring torsional/out-of-plane deformation 9.62%
   22      882.05          --                 --  mixed cyclic C-C stretching / ring-site C-H in-plane bending   cyclic C-C stretching 68.45%; ring-site C-H in-plane bending 7.80%; cyclic-ring deformation (C-N-C bend) 6.43%; cyclic-ring out-of-plane deformation 3.29%
   23      902.94          --                 --  mixed mixed-phase cyclic C-C stretching / cyclic-ring out-of-plane deformation mixed-phase cyclic C-C stretching 27.11%; cyclic-ring out-of-plane deformation 13.92%; cyclic-ring torsional/out-of-plane deformation 10.91%; C-H bending 8.67%
   24      922.29          --                 --  mixed C-H bending / mixed-phase cyclic C-C stretching          C-H bending 19.59%; mixed-phase cyclic C-C stretching 19.40%; ring-site C-H out-of-plane bending 12.97%; cyclic-ring deformation (C-C-C bend) 9.89%
   25      977.16          --                 --  mixed ring-site C-H out-of-plane bending / mixed-phase cyclic C-C stretching ring-site C-H out-of-plane bending 47.21%; mixed-phase cyclic C-C stretching 12.83%; C-H bending 8.37%; cyclic C-N stretching 6.20%
   26      993.31          --                 --  mixed opposite-phase cyclic C-N stretching / C-H bending / ring-site C-H out-of-plane bending opposite-phase cyclic C-N stretching 26.84%; C-H bending 20.43%; ring-site C-H out-of-plane bending 16.51%; C-H out-of-plane bending 9.22%
   27     1006.84          --                 --  mixed mixed-phase cyclic C-C stretching / C-H bending          mixed-phase cyclic C-C stretching 44.32%; C-H bending 19.66%; ring-site C-H out-of-plane bending 10.61%; ring-site C-H in-plane bending 6.98%
   28     1036.54          --                 --  mixed mixed-phase cyclic C-C stretching / cyclic-ring deformation (C-C-C bend) mixed-phase cyclic C-C stretching 40.85%; cyclic-ring deformation (C-C-C bend) 9.86%; ring-site C-H in-plane bending 8.58%; cyclic-ring deformation (C-N-C bend) 8.09%
   29     1061.27          --                 --  mixed ring-site C-H in-plane bending / cyclic-ring out-of-plane deformation ring-site C-H in-plane bending 42.93%; cyclic-ring out-of-plane deformation 11.90%; cyclic-ring torsional/out-of-plane deformation 10.16%; ring-site C-H out-of-plane bending 9.29%
   30     1074.78          --                 --  mixed mixed-phase cyclic C-C stretching / ring-site C-H in-plane bending mixed-phase cyclic C-C stretching 22.73%; ring-site C-H in-plane bending 19.10%; cyclic-ring deformation (C-N-C bend) 13.30%; C-H bending 11.20%
   31     1126.92          --                 --  mixed C-H bending / opposite-phase cyclic C-C stretching       C-H bending 42.32%; opposite-phase cyclic C-C stretching 18.76%; cyclic-ring deformation (C-N-C bend) 8.99%; C-C torsion 7.28%
   32     1145.47          --                 --  mixed C-H bending / ring-site C-H out-of-plane bending         C-H bending 40.94%; ring-site C-H out-of-plane bending 23.36%; cyclic C-C stretching 7.97%; in-phase cyclic C-N stretching 6.45%
   33     1154.09          --                 --  mixed C-H bending / ring-site C-H out-of-plane bending         C-H bending 64.48%; ring-site C-H out-of-plane bending 9.53%; cyclic-ring out-of-plane deformation 4.75%; ring-site C-H in-plane bending 4.62%
   34     1163.12          --                 --  mixed ring-site C-H in-plane bending / C-H bending / ring-site C-H out-of-plane bending ring-site C-H in-plane bending 27.68%; C-H bending 23.72%; ring-site C-H out-of-plane bending 15.99%; C-H out-of-plane bending 6.36%
   35     1205.45          --                 --  mixed ring-site C-H in-plane bending / C-H bending             ring-site C-H in-plane bending 29.53%; C-H bending 21.76%; mixed-phase cyclic C-C stretching 14.42%; ring-site C-H out-of-plane bending 11.13%
   36     1221.65          --                 --  mixed ring-site C-H in-plane bending / ring-site C-H out-of-plane bending ring-site C-H in-plane bending 28.39%; ring-site C-H out-of-plane bending 19.63%; C-H bending 10.02%; mixed-phase cyclic C-C stretching 8.12%
   37     1231.09          --                 --  mixed C-H out-of-plane bending / C-H bending / mixed-phase cyclic C-N stretching C-H out-of-plane bending 23.63%; C-H bending 20.91%; mixed-phase cyclic C-N stretching 16.32%; ring-site C-H out-of-plane bending 12.72%
   38     1264.26          --                 --  mixed ring-site C-H in-plane bending / mixed-phase cyclic C-C stretching ring-site C-H in-plane bending 36.61%; mixed-phase cyclic C-C stretching 14.44%; ring-site C-H out-of-plane bending 9.79%; C-H bending 7.07%
   39     1274.36          --                 --  mixed ring-site C-H in-plane bending / ring-site C-H out-of-plane bending ring-site C-H in-plane bending 27.38%; ring-site C-H out-of-plane bending 24.39%; mixed-phase cyclic C-C stretching 14.44%; C-H bending 11.56%
   40     1281.82          --                 --  mixed ring-site C-H out-of-plane bending / ring-site C-H in-plane bending / mixed-phase cyclic C-C stretching ring-site C-H out-of-plane bending 33.88%; ring-site C-H in-plane bending 24.85%; mixed-phase cyclic C-C stretching 19.90%; cyclic-ring out-of-plane deformation 4.85%
   41     1309.50          --                 --  mixed ring-site C-H out-of-plane bending / ring-site C-H in-plane bending ring-site C-H out-of-plane bending 35.49%; ring-site C-H in-plane bending 18.96%; cyclic C-N stretching 9.49%; opposite-phase cyclic C-C stretching 8.31%
   42     1332.18          --                 --  mixed ring-site C-H in-plane bending / ring-site C-H out-of-plane bending ring-site C-H in-plane bending 64.63%; ring-site C-H out-of-plane bending 12.36%; mixed-phase cyclic C-C stretching 10.70%; cyclic-ring deformation (C-C-C bend) 3.75%
   43     1351.07          --                 --  mixed ring-site C-H in-plane bending / ring-site C-H out-of-plane bending ring-site C-H in-plane bending 35.83%; ring-site C-H out-of-plane bending 35.54%; in-phase cyclic C-N stretching 7.29%; in-phase cyclic C-C stretching 6.27%
   44     1418.01          --                 --  mixed C-H out-of-plane bending / C-H bending                   C-H out-of-plane bending 53.07%; C-H bending 42.94%
   45     1449.74          --                 --  mixed C-H bending / C-H out-of-plane bending                   C-H bending 49.60%; C-H out-of-plane bending 48.29%
   46     1462.37          --                 --  mixed cyclic C-C stretching / exocyclic C-C stretching         cyclic C-C stretching 47.61%; exocyclic C-C stretching 17.14%; ring-site C-H out-of-plane bending 8.72%; ring-site C-H in-plane bending 8.38%
   47     1486.59          --                 --  mixed C-H bending / C-H out-of-plane bending                   C-H bending 46.26%; C-H out-of-plane bending 33.29%; ring-site C-H out-of-plane bending 10.13%; ring-site C-H in-plane bending 7.18%
   48     1489.61          --                 --  mixed C-H out-of-plane bending / C-H bending                   C-H out-of-plane bending 39.74%; C-H bending 36.22%; ring-site C-H out-of-plane bending 14.90%; ring-site C-H in-plane bending 4.80%
   49     1491.44          --                 --  mixed C-H bending / C-H out-of-plane bending                   C-H bending 60.73%; C-H out-of-plane bending 15.18%; C-C torsion 12.13%; ring-site C-H out-of-plane bending 7.82%
   50     1502.02          --                 --  mixed C-C torsion / C-H bending                                C-C torsion 52.85%; C-H bending 35.54%; C-H out-of-plane bending 7.92%; cyclic C-C stretching 2.29%
   51     1510.98          --                 --  mixed C-H out-of-plane bending / C-H bending                   C-H out-of-plane bending 47.10%; C-H bending 42.25%; ring-site C-H in-plane bending 5.08%; ring-site C-H out-of-plane bending 3.18%
   52     1518.61          --                 --  mixed C-H bending / ring-site C-H in-plane bending             C-H bending 66.68%; ring-site C-H in-plane bending 14.62%; C-H out-of-plane bending 11.03%; ring-site C-H out-of-plane bending 5.72%
   53     2968.69          --                 --  C-H stretching                                                 C-H stretching 99.02%
   54     3015.80          --                 --  C-H stretching                                                 C-H stretching 99.44%
   55     3030.53          --                 --  mixed-phase ring-site C-H stretching                           mixed-phase ring-site C-H stretching 98.82%
   56     3042.87          --                 --  ring-site C-H stretching                                       ring-site C-H stretching 98.11%
   57     3050.29          --                 --  mixed-phase C-H stretching                                     mixed-phase C-H stretching 96.06%; ring-site C-H stretching 3.27%
   58     3063.44          --                 --  mixed-phase ring-site C-H stretching                           mixed-phase ring-site C-H stretching 96.75%; C-H stretching 2.14%
   59     3067.24          --                 --  ring-site C-H stretching                                       ring-site C-H stretching 80.32%; opposite-phase C-H stretching 18.67%
   60     3068.29          --                 --  mixed-phase C-H stretching                                     mixed-phase C-H stretching 81.73%; ring-site C-H stretching 17.78%
   61     3081.50          --                 --  mixed-phase ring-site C-H stretching                           mixed-phase ring-site C-H stretching 88.53%; opposite-phase C-H stretching 11.06%
   62     3085.38          --                 --  opposite-phase C-H stretching                                  opposite-phase C-H stretching 88.81%; mixed-phase ring-site C-H stretching 10.45%
   63     3085.56          --                 --  mixed-phase C-H stretching                                     mixed-phase C-H stretching 98.92%
   64     3136.59          --                 --  mixed-phase ring-site C-H stretching                           mixed-phase ring-site C-H stretching 98.84%
   65     3152.54          --                 --  ring-site C-H stretching                                       ring-site C-H stretching 98.77%

# Selected internal-coordinate set:
#   1  nu(C1-H10)
#   2  nu(N2-C3)
#   3  nu(C4-H14)
#   4  nu(C5-C6)
#   5  nu(C7-C8)
#   6  nu(C9-H20)
#   7  nu(N2-C7)
#   8  nu(C3-C8)
#   9  nu(C1-H11)
#  10  nu(C9-H21)
#  11  nu(C6-H17)
#  12  nu(C5-H15)
#  13  nu(C9-H22)
#  14  nu(C1-H12)
#  15  nu(C5-H16)
#  16  nu(C6-H18)
#  17  nu(C7-H19)
#  18  gamma(H13;C3,N2,C8)
#  19  nu(C4-C8)
#  20  gamma(C5;C4,C8,H14)
#  21  nu(C3-H13)
#  22  gamma(H18;C6,C5,H17)
#  23  gamma(H10;C1,H11,H12)
#  24  gamma(H20;C9,H21,H22)
#  25  gamma(H19;C7,N2,C8)
#  26  delta(H15-C5-H16)
#  27  delta(H21-C9-H22)
#  28  delta(H11-C1-H12)
#  29  delta(C8-C4-H14)
#  30  tau(C5-C6-C7-H19)
#  31  gamma(C1;N2,C3,C7)
#  32  delta(C6-C5-H15)
#  33  gamma(H13;C3,C4,C8)
#  34  delta(C6-C5-H16)
#  35  tau(H18-C6-C7-C8)
#  36  tau(C4-C8-C9-H20)
#  37  delta(C5-C6-H17)
#  38  gamma(H11;C1,N2,H10)
#  39  tau(C7-C8-C9-H20)
#  40  delta(C8-C9-H21)
#  41  delta(C7-C6-H17)
#  42  nu(C8-C9)
#  43  delta(C4-C5-H15)
#  44  nu(C4-C5)
#  45  nu(C1-N2)
#  46  delta(N2-C1-H10)
#  47  tau(C3-C8-C9-H22)
#  48  nu(C6-C7)
#  49  delta(C8-C9-H22)
#  50  delta(C5-C6-C7)
#  51  delta(N2-C1-H11)
#  52  nu(C3-C4)
#  53  tau(H11-C1-N2-C7)
#  54  delta(C3-C4-C5)
#  55  tau(C5-C6-C7-C8)
#  56  delta(C7-C8-C9)
#  57  delta(C3-N2-C7)
#  58  delta(C1-N2-C3)
#  59  tau(C8-C3-C4-C5)
#  60  tau(C7-N2-C3-C4)

Wrote: /local/scratch/mv487/qm9s/experiment_1_phase2/ped/127188/127188_summary.csv
Wrote: /local/scratch/mv487/qm9s/experiment_1_phase2/ped/127188/127188_families.csv
Wrote: /local/scratch/mv487/qm9s/experiment_1_phase2/ped/127188/127188_ped.csv
Wrote: /local/scratch/mv487/qm9s/experiment_1_phase2/ped/127188/127188_ir_transitions.csv

# All generated files are in: /local/scratch/mv487/qm9s/experiment_1_phase2/ped/127188
# Manifest: /local/scratch/mv487/qm9s/experiment_1_phase2/ped/127188/127188_manifest.txt

--- stderr ---
Normal modes/frequencies absent or incomplete: diagonalizing Hessian.
