# Contact: romi@lens.unifi.it
# Manual: https://github.com/SebRoLENS/orca-ped-analyzer/blob/main/docs/ORCA_PED_Analyzer_Manual.md
# Check GitHub for updates and new releases: https://github.com/SebRoLENS/orca-ped-analyzer
#
# Molecule: 23 atoms | non-linear
# Bonds inferred: 22 | candidate ICs: 185 | selected ICs: 63
# Cartesian-Hessian reconstruction relative error: 1.382e-05
# Energy distribution: PED (PED is the backward-compatible default; TED includes kinetic-energy terms)
# Ring/cycle bonds detected: 0 | ring atoms: 0 | ring systems: 0
# VPT2: no matching .out file supplied/found -> harmonic/PED analysis only
#
 Mode   Harm/cm-1   VPT2/cm-1  Harm.Int/km mol-1  Assignment                                                     Grouped PED
------------------------------------------------------------------------------------------------------------------------------------------------------------------------------------------------
    6       45.45          --                 --  mixed C-C torsion / C-O torsion                                C-C torsion 63.00%; C-O torsion 26.85%; C-C-C bending 4.49%; C-H bending 2.55%
    7       49.53          --                 --  C-C torsion                                                    C-C torsion 75.37%; C-O torsion 19.49%; C-H bending 2.20%
    8       67.45          --                 --  C-C torsion                                                    C-C torsion 93.72%; C-H bending 2.46%
    9       84.28          --                 --  C-C torsion                                                    C-C torsion 87.39%; C-O torsion 7.88%
   10      110.49          --                 --  C-C torsion                                                    C-C torsion 97.33%
   11      159.55          --                 --  C-C torsion                                                    C-C torsion 72.92%; O-C-C bending 10.34%; C-O-C bending 7.21%; C-H bending 2.90%
   12      178.45          --                 --  C-C torsion                                                    C-C torsion 81.36%; C-C-C bending 13.34%
   13      231.85          --                 --  C-C torsion                                                    C-C torsion 99.25%
   14      244.93          --                 --  C-C torsion                                                    C-C torsion 99.77%
   15      305.92          --                 --  mixed C-C-C bending / C-C torsion                              C-C-C bending 38.02%; C-C torsion 29.89%; C-H bending 12.25%; C-C stretching 7.00%
   16      318.47          --                 --  mixed C-C-O bending / C-C-C bending                            C-C-O bending 43.73%; C-C-C bending 19.01%; O-C-C bending 13.88%; C-H bending 7.17%
   17      408.28          --                 --  mixed C-C torsion / C-C-C bending / C-C-O bending              C-C torsion 23.37%; C-C-C bending 20.87%; C-C-O bending 15.44%; O-C-C bending 14.39%
   18      462.51          --                 --  mixed C-C-C bending / C-C torsion / C-H bending                C-C-C bending 37.03%; C-C torsion 23.08%; C-H bending 15.47%; C-C-O bending 11.60%
   19      502.27          --                 --  mixed C-C-O bending / C-C torsion                              C-C-O bending 37.72%; C-C torsion 26.58%; C-H bending 13.60%; C-C-C bending 7.39%
   20      580.97          --                 --  mixed C-C torsion / C-C-O bending / C-H bending                C-C torsion 35.45%; C-C-O bending 25.94%; C-H bending 15.38%; C-O-C bending 12.44%
   21      740.79          --                 --  mixed C-H bending / C-O out-of-plane bending                   C-H bending 58.88%; C-O out-of-plane bending 38.33%
   22      750.25          --                 --  mixed C-C torsion / C-H bending                                C-C torsion 57.75%; C-H bending 40.77%
   23      840.78          --                 --  mixed C-H bending / C-C torsion                                C-H bending 40.01%; C-C torsion 24.56%; C-O stretching 13.49%; mixed-phase C-C stretching 12.38%
   24      876.83          --                 --  mixed C-H bending / C-C torsion                                C-H bending 54.98%; C-C torsion 31.69%; C-C stretching 7.03%; C-C-C bending 3.63%
   25      896.65          --                 --  mixed C-H bending / mixed-phase C-C stretching / C-C torsion   C-H bending 42.13%; mixed-phase C-C stretching 26.35%; C-C torsion 18.61%; C-O stretching 6.09%
   26      950.90          --                 --  mixed mixed-phase C-C stretching / C-H bending / C-O stretching mixed-phase C-C stretching 36.83%; C-H bending 33.43%; C-O stretching 15.34%; C-C torsion 12.92%
   27     1003.68          --                 --  mixed C-H bending / C-C torsion / mixed-phase C-C stretching   C-H bending 44.35%; C-C torsion 28.28%; mixed-phase C-C stretching 18.85%; C-O stretching 5.54%
   28     1040.14          --                 --  mixed mixed-phase C-C stretching / C-H bending / C-C torsion   mixed-phase C-C stretching 35.28%; C-H bending 32.51%; C-C torsion 16.93%; C-C out-of-plane bending 8.50%
   29     1050.75          --                 --  mixed mixed-phase C-C stretching / C-H bending                 mixed-phase C-C stretching 38.60%; C-H bending 23.71%; C-C torsion 11.91%; C-C-O bending 9.94%
   30     1065.59          --                 --  mixed mixed-phase C-C stretching / C-H bending                 mixed-phase C-C stretching 37.80%; C-H bending 28.00%; C-C torsion 13.76%; in-phase C-O stretching 6.09%
   31     1107.12          --                 --  mixed C-H bending / C-O out-of-plane bending                   C-H bending 56.56%; C-O out-of-plane bending 38.27%
   32     1118.79          --                 --  mixed mixed-phase C-O stretching / C-H bending                 mixed-phase C-O stretching 50.60%; C-H bending 22.22%; opposite-phase C-C stretching 11.56%; C-C torsion 8.01%
   33     1140.55          --                 --  mixed C-H bending / mixed-phase C-C stretching                 C-H bending 34.88%; mixed-phase C-C stretching 17.27%; mixed-phase C-O stretching 14.40%; C-C torsion 13.96%
   34     1162.32          --                 --  mixed C-H bending / mixed-phase C-O stretching                 C-H bending 39.33%; mixed-phase C-O stretching 18.09%; C-C torsion 14.25%; C-C-C bending 12.10%
   35     1196.55          --                 --  mixed C-H bending / C-C torsion                                C-H bending 59.03%; C-C torsion 13.69%; C-C stretching 9.90%; C-C-C bending 8.89%
   36     1245.94          --                 --  C-H bending                                                    C-H bending 95.75%; C-O out-of-plane bending 2.58%
   37     1274.70          --                 --  C-H bending                                                    C-H bending 88.67%; C-C torsion 7.27%
   38     1305.84          --                 --  mixed C-H bending / C-C torsion                                C-H bending 63.31%; C-C torsion 18.47%; C-C out-of-plane bending 14.18%; C-C-C bending 2.76%
   39     1334.19          --                 --  C-H bending                                                    C-H bending 80.54%; C-C torsion 18.61%
   40     1350.14          --                 --  mixed C-H bending / C-C torsion                                C-H bending 67.78%; C-C torsion 28.08%
   41     1369.40          --                 --  mixed C-H bending / C-C out-of-plane bending                   C-H bending 53.79%; C-C out-of-plane bending 29.83%; C-C torsion 8.92%; C-C stretching 3.61%
   42     1391.03          --                 --  mixed C-H bending / C-C torsion                                C-H bending 48.43%; C-C torsion 47.40%
   43     1406.51          --                 --  mixed C-H bending / mixed-phase C-C stretching                 C-H bending 61.23%; mixed-phase C-C stretching 14.54%; C-C out-of-plane bending 13.14%; C-H out-of-plane bending 7.06%
   44     1415.13          --                 --  mixed C-H out-of-plane bending / C-H bending                   C-H out-of-plane bending 49.07%; C-H bending 42.01%; C-C torsion 5.21%; C-C stretching 3.32%
   45     1417.53          --                 --  mixed C-H bending / C-C torsion                                C-H bending 62.68%; C-C torsion 26.09%; C-C stretching 4.94%; C-H out-of-plane bending 2.80%
   46     1420.73          --                 --  mixed C-H bending / C-C torsion                                C-H bending 66.70%; C-C torsion 17.64%; mixed-phase C-C stretching 7.24%; C-C out-of-plane bending 5.52%
   47     1477.98          --                 --  mixed C-C torsion / C-H bending                                C-C torsion 56.69%; C-H bending 39.51%
   48     1484.17          --                 --  C-H bending                                                    C-H bending 86.67%; C-C torsion 11.41%
   49     1495.86          --                 --  mixed C-H bending / C-C torsion                                C-H bending 57.67%; C-C torsion 36.02%; C-H out-of-plane bending 4.14%
   50     1499.39          --                 --  C-H bending                                                    C-H bending 95.06%; C-C torsion 3.74%
   51     1503.41          --                 --  mixed C-C torsion / C-H bending                                C-C torsion 66.89%; C-H bending 29.66%; C-H out-of-plane bending 2.99%
   52     1505.29          --                 --  mixed C-C torsion / C-H bending                                C-C torsion 53.12%; C-H bending 39.87%; C-H out-of-plane bending 6.52%
   53     1514.14          --                 --  mixed C-H bending / C-C torsion                                C-H bending 68.03%; C-C torsion 31.44%
   54     1813.42          --                 --  C-O stretching                                                 C-O stretching 88.36%; C-H bending 5.47%; C-C stretching 3.93%
   55     2915.05          --                 --  C-H stretching                                                 C-H stretching 98.91%
   56     2957.15          --                 --  C-H stretching                                                 C-H stretching 98.99%
   57     2966.89          --                 --  C-H stretching                                                 C-H stretching 99.47%
   58     3006.34          --                 --  mixed-phase C-H stretching                                     mixed-phase C-H stretching 99.42%
   59     3011.89          --                 --  C-H stretching                                                 C-H stretching 99.04%
   60     3019.22          --                 --  mixed-phase C-H stretching                                     mixed-phase C-H stretching 99.61%
   61     3024.07          --                 --  C-H stretching                                                 C-H stretching 99.76%
   62     3037.09          --                 --  in-phase C-H stretching                                        in-phase C-H stretching 99.64%
   63     3049.65          --                 --  mixed-phase C-H stretching                                     mixed-phase C-H stretching 99.21%
   64     3066.86          --                 --  mixed-phase C-H stretching                                     mixed-phase C-H stretching 99.25%
   65     3088.65          --                 --  mixed-phase C-H stretching                                     mixed-phase C-H stretching 99.69%
   66     3090.98          --                 --  mixed-phase C-H stretching                                     mixed-phase C-H stretching 99.58%
   67     3101.59          --                 --  opposite-phase C-H stretching                                  opposite-phase C-H stretching 99.37%
   68     3105.49          --                 --  mixed-phase C-H stretching                                     mixed-phase C-H stretching 99.23%

# Selected internal-coordinate set:
#   1  nu(C1-C2)
#   2  nu(C3-C4)
#   3  nu(C5-H20)
#   4  nu(C7-C8)
#   5  nu(C4-O6)
#   6  nu(C5-H19)
#   7  nu(C7-H22)
#   8  nu(C3-H15)
#   9  nu(C2-H14)
#  10  nu(C1-H10)
#  11  nu(C8-H23)
#  12  nu(C3-H16)
#  13  nu(C7-H21)
#  14  nu(C5-H18)
#  15  nu(C2-H13)
#  16  nu(C4-H17)
#  17  nu(C1-H12)
#  18  gamma(O9;C8,C7,H23)
#  19  nu(C1-H11)
#  20  nu(C8-O9)
#  21  nu(O6-C7)
#  22  tau(H16-C3-C4-H17)
#  23  gamma(H18;C5,H19,H20)
#  24  tau(H11-C1-C2-H13)
#  25  tau(H15-C3-C4-O6)
#  26  tau(H10-C1-C2-H14)
#  27  delta(H19-C5-H20)
#  28  delta(H21-C7-H22)
#  29  delta(C2-C1-H12)
#  30  tau(H17-C4-C5-H18)
#  31  delta(C4-C3-H16)
#  32  delta(O9-C8-H23)
#  33  delta(C4-C3-H15)
#  34  delta(C2-C1-H10)
#  35  delta(C2-C1-H11)
#  36  delta(O6-C7-H22)
#  37  tau(H12-C1-C2-C3)
#  38  gamma(C3;C4,O6,H17)
#  39  delta(O6-C7-H21)
#  40  delta(C1-C2-H13)
#  41  delta(C1-C2-H14)
#  42  delta(C4-C5-H18)
#  43  delta(C7-C8-O9)
#  44  delta(H13-C2-H14)
#  45  tau(H17-C4-C5-H19)
#  46  delta(C8-C7-H21)
#  47  nu(C4-C5)
#  48  tau(C4-O6-C7-C8)
#  49  nu(C2-C3)
#  50  delta(C4-C5-H20)
#  51  tau(O6-C7-C8-O9)
#  52  tau(C3-C4-C5-H19)
#  53  tau(C2-C3-C4-C5)
#  54  delta(C4-O6-C7)
#  55  delta(C1-C2-C3)
#  56  tau(C3-C4-O6-C7)
#  57  tau(C1-C2-C3-C4)
#  58  delta(O6-C7-C8)
#  59  delta(C3-C2-H14)
#  60  delta(C3-C4-C5)
#  61  delta(C2-C3-C4)
#  62  delta(O6-C4-H17)
#  63  delta(C5-C4-O6)

Wrote: /local/scratch/mv487/qm9s/experiment_1_phase2/ped/109373/109373_summary.csv
Wrote: /local/scratch/mv487/qm9s/experiment_1_phase2/ped/109373/109373_families.csv
Wrote: /local/scratch/mv487/qm9s/experiment_1_phase2/ped/109373/109373_ped.csv
Wrote: /local/scratch/mv487/qm9s/experiment_1_phase2/ped/109373/109373_ir_transitions.csv

# All generated files are in: /local/scratch/mv487/qm9s/experiment_1_phase2/ped/109373
# Manifest: /local/scratch/mv487/qm9s/experiment_1_phase2/ped/109373/109373_manifest.txt

--- stderr ---
Normal modes/frequencies absent or incomplete: diagonalizing Hessian.
