# Contact: romi@lens.unifi.it
# Manual: https://github.com/SebRoLENS/orca-ped-analyzer/blob/main/docs/ORCA_PED_Analyzer_Manual.md
# Check GitHub for updates and new releases: https://github.com/SebRoLENS/orca-ped-analyzer
#
# Molecule: 20 atoms | non-linear
# Bonds inferred: 20 | candidate ICs: 165 | selected ICs: 54
# Cartesian-Hessian reconstruction relative error: 2.667e-05
# Energy distribution: PED (PED is the backward-compatible default; TED includes kinetic-energy terms)
# Ring/cycle bonds detected: 6 | ring atoms: 6 | ring systems: 1
# VPT2: no matching .out file supplied/found -> harmonic/PED analysis only
#
 Mode   Harm/cm-1   VPT2/cm-1  Harm.Int/km mol-1  Assignment                                                     Grouped PED
------------------------------------------------------------------------------------------------------------------------------------------------------------------------------------------------
    6       76.66          --                 --  mixed cyclic-ring torsional/out-of-plane deformation / C-C torsion / ring-site C-H out-of-plane bending cyclic-ring torsional/out-of-plane deformation 43.18%; C-C torsion 25.65%; ring-site C-H out-of-plane bending 24.59%
    7      113.23          --                 --  C-C torsion                                                    C-C torsion 82.33%; C-O torsion 5.96%; cyclic-ring torsional/out-of-plane deformation 4.20%; ring-site C-H out-of-plane bending 4.01%
    8      137.10          --                 --  mixed C-C torsion / ring-site C-H out-of-plane bending         C-C torsion 45.41%; ring-site C-H out-of-plane bending 21.71%; cyclic-ring torsional/out-of-plane deformation 12.15%; cyclic-ring torsional/out-of-plane deformation 9.16%
    9      168.12          --                 --  mixed ring-site C-H out-of-plane bending / C-C torsion         ring-site C-H out-of-plane bending 66.81%; C-C torsion 8.00%; cyclic-ring deformation (C-O-C bend) 6.65%; cyclic-ring torsional/out-of-plane deformation 5.76%
   10      200.81          --                 --  mixed C-O torsion / ring-site C-H out-of-plane bending / C-C-C bending C-O torsion 37.40%; ring-site C-H out-of-plane bending 18.58%; C-C-C bending 17.33%; C-C torsion 6.73%
   11      251.72          --                 --  C-O torsion                                                    C-O torsion 96.83%
   12      276.11          --                 --  C-O torsion                                                    C-O torsion 78.33%; cyclic-ring torsional/out-of-plane deformation 7.83%; ring-site C-H out-of-plane bending 5.56%; cyclic-ring torsional/out-of-plane deformation 3.29%
   13      336.50          --                 --  mixed C-C-O bending / cyclic-ring deformation (C-C-C bend)     C-C-O bending 36.08%; cyclic-ring deformation (C-C-C bend) 18.42%; C-H bending 8.99%; cyclic-ring deformation (C-O-C bend) 7.32%
   14      379.21          --                 --  mixed cyclic-ring deformation (C-C-C bend) / C-C-O bending     cyclic-ring deformation (C-C-C bend) 26.56%; C-C-O bending 17.59%; C-C out-of-plane bending 12.83%; cyclic-ring deformation (C-N-C bend) 7.38%
   15      413.22          --                 --  mixed cyclic-ring out-of-plane deformation / ring-site C-H out-of-plane bending cyclic-ring out-of-plane deformation 29.40%; ring-site C-H out-of-plane bending 15.56%; C-O torsion 12.67%; cyclic-ring deformation (C-C-C bend) 11.86%
   16      518.75          --                 --  mixed cyclic-ring deformation (C-C-C bend) / C-C-O bending / cyclic-ring out-of-plane deformation cyclic-ring deformation (C-C-C bend) 25.98%; C-C-O bending 18.94%; cyclic-ring out-of-plane deformation 16.09%; ring-site C-H out-of-plane bending 11.17%
   17      538.46          --                 --  mixed cyclic-ring deformation (C-N-C bend) / cyclic-ring deformation (C-O-C bend) cyclic-ring deformation (C-N-C bend) 30.55%; cyclic-ring deformation (C-O-C bend) 16.50%; C-C-O bending 10.96%; C-C-C bending 10.52%
   18      613.22          --                 --  mixed cyclic-ring out-of-plane deformation / ring-site C-H out-of-plane bending cyclic-ring out-of-plane deformation 67.47%; ring-site C-H out-of-plane bending 12.83%; C-H bending 9.19%; cyclic-ring deformation (C-O-C bend) 3.34%
   19      704.93          --                 --  mixed mixed-phase exocyclic C-C stretching / cyclic-ring deformation (C-C-C bend) mixed-phase exocyclic C-C stretching 29.70%; cyclic-ring deformation (C-C-C bend) 21.49%; cyclic-ring deformation (C-N-C bend) 12.96%; C-C-O bending 6.65%
   20      807.10          --                 --  mixed cyclic C-O stretching / cyclic C-C stretching            cyclic C-O stretching 29.47%; cyclic C-C stretching 15.08%; ring-site C-H out-of-plane bending 7.78%; cyclic C-N stretching 7.69%
   21      900.24          --                 --  mixed ring-site C-H in-plane bending / ring-site C-H out-of-plane bending ring-site C-H in-plane bending 27.86%; ring-site C-H out-of-plane bending 13.66%; cyclic C-C stretching 10.81%; C-H bending 10.04%
   22      916.25          --                 --  mixed ring-site C-H out-of-plane bending / ring-site C-H in-plane bending ring-site C-H out-of-plane bending 31.04%; ring-site C-H in-plane bending 17.78%; C-H bending 9.49%; in-phase cyclic C-C stretching 8.61%
   23      933.44          --                 --  mixed C-H bending / cyclic C-O stretching                      C-H bending 35.73%; cyclic C-O stretching 15.77%; cyclic C-N stretching 13.31%; cyclic C-C stretching 8.18%
   24      973.02          --                 --  mixed C-H bending / cyclic C-N stretching                      C-H bending 20.75%; cyclic C-N stretching 20.32%; cyclic-ring deformation (C-N-C bend) 13.40%; cyclic C-C stretching 12.72%
   25     1027.41          --                 --  mixed C-O stretching / exocyclic C-C stretching                C-O stretching 43.00%; exocyclic C-C stretching 12.24%; cyclic C-O stretching 11.41%; cyclic C-C stretching 5.11%
   26     1058.54          --                 --  mixed C-O stretching / mixed-phase cyclic C-O stretching / exocyclic C-C stretching C-O stretching 30.07%; mixed-phase cyclic C-O stretching 27.96%; exocyclic C-C stretching 17.98%; C-H bending 10.35%
   27     1066.06          --                 --  C-H bending                                                    C-H bending 73.39%; cyclic-ring out-of-plane deformation 18.16%; cyclic-ring torsional/out-of-plane deformation 2.17%
   28     1091.16          --                 --  mixed mixed-phase cyclic C-O stretching / C-H bending          mixed-phase cyclic C-O stretching 23.25%; C-H bending 20.49%; mixed-phase cyclic C-C stretching 11.78%; exocyclic C-C stretching 9.93%
   29     1104.00          --                 --  mixed C-H bending / cyclic-ring out-of-plane deformation       C-H bending 25.68%; cyclic-ring out-of-plane deformation 20.09%; mixed-phase cyclic C-C stretching 11.54%; cyclic C-N stretching 8.65%
   30     1147.68          --                 --  mixed opposite-phase cyclic C-C stretching / C-C-C bending     opposite-phase cyclic C-C stretching 23.99%; C-C-C bending 22.52%; C-O torsion 11.02%; C-C torsion 9.61%
   31     1162.46          --                 --  mixed cyclic-ring deformation (C-C-C bend) / ring-site C-H out-of-plane bending cyclic-ring deformation (C-C-C bend) 24.82%; ring-site C-H out-of-plane bending 21.63%; cyclic-ring out-of-plane deformation 9.63%; ring-site C-H in-plane bending 8.95%
   32     1226.34          --                 --  mixed ring-site C-H in-plane bending / C-H bending             ring-site C-H in-plane bending 25.26%; C-H bending 17.51%; cyclic C-O stretching 12.79%; C-C out-of-plane bending 10.89%
   33     1241.41          --                 --  mixed ring-site C-H in-plane bending / C-H bending             ring-site C-H in-plane bending 28.26%; C-H bending 16.25%; mixed-phase cyclic C-O stretching 13.52%; exocyclic C-C stretching 11.71%
   34     1251.90          --                 --  mixed ring-site C-H out-of-plane bending / ring-site C-H in-plane bending / O-H bending ring-site C-H out-of-plane bending 29.42%; ring-site C-H in-plane bending 23.46%; O-H bending 15.04%; C-H bending 14.54%
   35     1259.48          --                 --  mixed C-H bending / C-C torsion                                C-H bending 47.90%; C-C torsion 15.14%; O-H bending 14.74%; ring-site C-H in-plane bending 6.75%
   36     1317.55          --                 --  mixed ring-site C-H in-plane bending / C-H bending             ring-site C-H in-plane bending 59.76%; C-H bending 9.51%; ring-site C-H out-of-plane bending 9.39%; cyclic-ring out-of-plane deformation 8.24%
   37     1329.63          --                 --  mixed C-H bending / ring-site C-H out-of-plane bending         C-H bending 37.22%; ring-site C-H out-of-plane bending 35.33%; ring-site C-H in-plane bending 12.78%; C-C out-of-plane bending 4.64%
   38     1369.48          --                 --  mixed ring-site C-H out-of-plane bending / ring-site C-H in-plane bending / C-H bending ring-site C-H out-of-plane bending 38.50%; ring-site C-H in-plane bending 32.04%; C-H bending 15.42%; C-C out-of-plane bending 2.68%
   39     1379.72          --                 --  mixed C-C out-of-plane bending / ring-site C-H out-of-plane bending C-C out-of-plane bending 50.29%; ring-site C-H out-of-plane bending 15.48%; ring-site C-H in-plane bending 11.96%; mixed-phase cyclic C-C stretching 10.13%
   40     1416.07          --                 --  C-H bending                                                    C-H bending 84.43%; exocyclic C-C stretching 7.72%; ring-site C-H out-of-plane bending 3.15%; ring-site C-H in-plane bending 2.36%
   41     1426.57          --                 --  mixed ring-site C-H in-plane bending / ring-site C-H out-of-plane bending ring-site C-H in-plane bending 35.16%; ring-site C-H out-of-plane bending 29.36%; C-H bending 12.44%; C-C out-of-plane bending 7.13%
   42     1456.31          --                 --  mixed C-H bending / C-O torsion                                C-H bending 52.70%; C-O torsion 14.36%; O-H bending 11.08%; exocyclic C-C stretching 10.73%
   43     1481.16          --                 --  C-H bending                                                    C-H bending 94.32%; ring-site C-H out-of-plane bending 3.35%
   44     1482.76          --                 --  C-H bending                                                    C-H bending 98.57%
   45     1494.03          --                 --  ring-site C-H out-of-plane bending                             ring-site C-H out-of-plane bending 74.21%; ring-site C-H in-plane bending 14.80%; C-H bending 8.01%
   46     1516.96          --                 --  ring-site C-H out-of-plane bending                             ring-site C-H out-of-plane bending 74.02%; ring-site C-H in-plane bending 14.01%; C-C torsion 4.05%; C-H bending 2.94%
   47     1524.44          --                 --  mixed C-C torsion / C-O torsion / ring-site C-H out-of-plane bending C-C torsion 31.45%; C-O torsion 21.24%; ring-site C-H out-of-plane bending 20.57%; C-H bending 19.29%
   48     1737.32          --                 --  cyclic C-N stretching                                          cyclic C-N stretching 74.81%; C-C-O bending 6.04%; exocyclic C-C stretching 5.25%; C-H bending 4.29%
   49     2972.93          --                 --  C-H stretching                                                 C-H stretching 97.10%; ring-site C-H stretching 2.31%
   50     2998.44          --                 --  mixed-phase ring-site C-H stretching                           mixed-phase ring-site C-H stretching 98.17%
   51     3006.66          --                 --  mixed ring-site C-H stretching / mixed-phase C-H stretching    ring-site C-H stretching 58.43%; mixed-phase C-H stretching 40.21%
   52     3007.92          --                 --  mixed mixed-phase C-H stretching / ring-site C-H stretching    mixed-phase C-H stretching 54.74%; ring-site C-H stretching 44.54%
   53     3038.99          --                 --  opposite-phase ring-site C-H stretching                        opposite-phase ring-site C-H stretching 95.24%; C-H stretching 3.15%
   54     3044.53          --                 --  C-H stretching                                                 C-H stretching 99.58%
   55     3054.85          --                 --  mixed-phase ring-site C-H stretching                           mixed-phase ring-site C-H stretching 96.90%; opposite-phase C-H stretching 2.44%
   56     3096.54          --                 --  opposite-phase C-H stretching                                  opposite-phase C-H stretching 99.61%
   57     3134.80          --                 --  ring-site C-H stretching                                       ring-site C-H stretching 99.13%
   58     3156.95          --                 --  mixed-phase C-H stretching                                     mixed-phase C-H stretching 99.49%
   59     3822.76          --                 --  O-H stretching                                                 O-H stretching 99.93%

# Selected internal-coordinate set:
#   1  nu(C1-C2)
#   2  nu(N3-C4)
#   3  nu(C5-C6)
#   4  nu(C8-H19)
#   5  nu(O7-H18)
#   6  nu(C8-O9)
#   7  nu(C4-H13)
#   8  nu(C5-H15)
#   9  nu(C6-H16)
#  10  nu(C1-H11)
#  11  nu(C4-H14)
#  12  nu(C8-H20)
#  13  nu(C6-H17)
#  14  nu(C1-H12)
#  15  nu(C2-O9)
#  16  gamma(C1;C2,N3,O9)
#  17  nu(C1-H10)
#  18  nu(C6-O7)
#  19  gamma(C4;C5,C6,H15)
#  20  tau(H17-C6-O7-H18)
#  21  gamma(H13;C4,N3,H14)
#  22  gamma(H20;C8,O9,H19)
#  23  nu(C2-N3)
#  24  delta(H10-C1-H12)
#  25  tau(H15-C5-C8-H20)
#  26  delta(N3-C4-H14)
#  27  delta(H11-C1-H12)
#  28  delta(C6-O7-H18)
#  29  delta(H10-C1-H11)
#  30  tau(C8-C5-C6-H16)
#  31  tau(H13-C4-C5-C8)
#  32  delta(O9-C8-H19)
#  33  delta(O7-C6-H17)
#  34  tau(H19-C8-O9-C2)
#  35  gamma(C4;C5,C6,C8)
#  36  delta(C5-C6-H16)
#  37  delta(C2-C1-H11)
#  38  delta(C2-O9-C8)
#  39  tau(C1-C2-N3-C4)
#  40  tau(C5-C6-O7-H18)
#  41  delta(C2-N3-C4)
#  42  delta(C6-C5-H15)
#  43  nu(C5-C8)
#  44  delta(C5-C8-H20)
#  45  nu(C4-C5)
#  46  delta(C2-C1-H12)
#  47  delta(C5-C4-H13)
#  48  delta(C5-C6-O7)
#  49  tau(C4-C5-C6-O7)
#  50  tau(H11-C1-C2-O9)
#  51  delta(C1-C2-O9)
#  52  delta(C6-C5-C8)
#  53  delta(C4-C5-C8)
#  54  tau(N3-C4-C5-C6)

Wrote: /local/scratch/mv487/qm9s/experiment_1_phase2/ped/106641/106641_summary.csv
Wrote: /local/scratch/mv487/qm9s/experiment_1_phase2/ped/106641/106641_families.csv
Wrote: /local/scratch/mv487/qm9s/experiment_1_phase2/ped/106641/106641_ped.csv
Wrote: /local/scratch/mv487/qm9s/experiment_1_phase2/ped/106641/106641_ir_transitions.csv

# All generated files are in: /local/scratch/mv487/qm9s/experiment_1_phase2/ped/106641
# Manifest: /local/scratch/mv487/qm9s/experiment_1_phase2/ped/106641/106641_manifest.txt

--- stderr ---
Normal modes/frequencies absent or incomplete: diagonalizing Hessian.
