# Contact: romi@lens.unifi.it
# Manual: https://github.com/SebRoLENS/orca-ped-analyzer/blob/main/docs/ORCA_PED_Analyzer_Manual.md
# Check GitHub for updates and new releases: https://github.com/SebRoLENS/orca-ped-analyzer
#
# Molecule: 15 atoms | non-linear
# Bonds inferred: 15 | candidate ICs: 94 | selected ICs: 39
# Cartesian-Hessian reconstruction relative error: 1.405e-05
# Energy distribution: PED (PED is the backward-compatible default; TED includes kinetic-energy terms)
# Ring/cycle bonds detected: 7 | ring atoms: 7 | ring systems: 1
# VPT2: no matching .out file supplied/found -> harmonic/PED analysis only
#
 Mode   Harm/cm-1   VPT2/cm-1  Harm.Int/km mol-1  Assignment                                                     Grouped PED
------------------------------------------------------------------------------------------------------------------------------------------------------------------------------------------------
    6       70.22          --                 --  mixed ring-site C-H out-of-plane bending / cyclic-ring torsional/out-of-plane deformation ring-site C-H out-of-plane bending 47.24%; cyclic-ring torsional/out-of-plane deformation 38.50%; ring-site N-H out-of-plane bending 9.76%
    7      119.82          --                 --  mixed cyclic-ring torsional/out-of-plane deformation / cyclic-ring torsional/out-of-plane deformation / ring-site C-H out-of-plane bending cyclic-ring torsional/out-of-plane deformation 47.15%; cyclic-ring torsional/out-of-plane deformation 27.19%; ring-site C-H out-of-plane bending 18.27%
    8      229.24          --                 --  ring-site C-H out-of-plane bending                             ring-site C-H out-of-plane bending 77.63%; cyclic-ring torsional/out-of-plane deformation 9.31%; cyclic-ring out-of-plane deformation 5.24%; cyclic-ring deformation (N-C-O bend) 3.68%
    9      307.03          --                 --  ring-site C-H out-of-plane bending                             ring-site C-H out-of-plane bending 85.70%; cyclic-ring deformation (C-C-C bend) 3.12%; O-C-C bending 2.76%
   10      352.34          --                 --  ring-site C-H out-of-plane bending                             ring-site C-H out-of-plane bending 80.67%; cyclic-ring deformation (C-C-C bend) 4.01%; cyclic-ring out-of-plane deformation 3.53%; cyclic-ring deformation (N-C-C bend) 3.13%
   11      388.94          --                 --  mixed ring-site C-H out-of-plane bending / cyclic-ring deformation (N-C-C bend) ring-site C-H out-of-plane bending 38.89%; cyclic-ring deformation (N-C-C bend) 25.94%; cyclic-ring deformation (N-C-O bend) 11.56%; cyclic-ring out-of-plane deformation 7.30%
   12      445.60          --                 --  mixed ring-site C-H out-of-plane bending / N-C-N bending       ring-site C-H out-of-plane bending 33.63%; N-C-N bending 15.90%; in-phase cyclic C-N stretching 11.72%; O-C-C bending 9.11%
   13      525.83          --                 --  mixed N-C-N bending / O-C-C bending / ring-site C-H out-of-plane bending N-C-N bending 27.29%; O-C-C bending 26.65%; ring-site C-H out-of-plane bending 16.63%; cyclic-ring deformation (C-C-C bend) 4.94%
   14      643.97          --                 --  ring-site C-H out-of-plane bending                             ring-site C-H out-of-plane bending 74.90%; cyclic-ring deformation (N-C-O bend) 6.36%; ring-site C-H in-plane bending 5.39%; ring-site N-H out-of-plane bending 3.40%
   15      668.61          --                 --  mixed ring-site N-H out-of-plane bending / cyclic-ring deformation (C-C-C bend) ring-site N-H out-of-plane bending 31.26%; cyclic-ring deformation (C-C-C bend) 13.67%; cyclic-ring deformation (N-C-C bend) 11.72%; ring-site C-H out-of-plane bending 9.49%
   16      688.54          --                 --  mixed C-N torsion / ring-site N-H out-of-plane bending / ring-site C-H out-of-plane bending C-N torsion 36.49%; ring-site N-H out-of-plane bending 29.36%; ring-site C-H out-of-plane bending 16.87%; cyclic-ring torsional/out-of-plane deformation 4.57%
   17      712.41          --                 --  mixed C-N torsion / ring-site C-H out-of-plane bending / ring-site N-H out-of-plane bending C-N torsion 28.91%; ring-site C-H out-of-plane bending 26.18%; ring-site N-H out-of-plane bending 20.56%; cyclic-ring deformation (N-C-O bend) 9.60%
   18      782.22          --                 --  mixed ring-site N-H out-of-plane bending / ring-site C-H out-of-plane bending ring-site N-H out-of-plane bending 57.51%; ring-site C-H out-of-plane bending 17.49%; C-N torsion 11.87%; cyclic-ring torsional/out-of-plane deformation 3.48%
   19      829.35          --                 --  ring-site C-H out-of-plane bending                             ring-site C-H out-of-plane bending 77.05%; C-N torsion 10.59%; ring-site N-H out-of-plane bending 4.25%; cyclic-ring deformation (N-C-C bend) 2.25%
   20      842.43          --                 --  C-N torsion                                                    C-N torsion 92.27%; ring-site C-H out-of-plane bending 2.86%; ring-site N-H out-of-plane bending 2.82%
   21      873.66          --                 --  mixed ring-site C-H out-of-plane bending / cyclic C-O stretching ring-site C-H out-of-plane bending 29.31%; cyclic C-O stretching 14.61%; ring-site N-H out-of-plane bending 14.29%; cyclic-ring deformation (N-C-C bend) 14.06%
   22      902.56          --                 --  mixed ring-site C-H out-of-plane bending / cyclic-ring out-of-plane deformation ring-site C-H out-of-plane bending 21.45%; cyclic-ring out-of-plane deformation 14.65%; cyclic C-C stretching 12.30%; cyclic C-O stretching 9.72%
   23      965.30          --                 --  mixed cyclic C-C stretching / cyclic-ring out-of-plane deformation cyclic C-C stretching 50.92%; cyclic-ring out-of-plane deformation 14.01%; ring-site C-H out-of-plane bending 11.68%; cyclic C-O stretching 8.88%
   24     1018.94          --                 --  ring-site C-H out-of-plane bending                             ring-site C-H out-of-plane bending 93.71%; cyclic-ring out-of-plane deformation 2.35%
   25     1047.04          --                 --  ring-site C-H out-of-plane bending                             ring-site C-H out-of-plane bending 71.71%; ring-site C-H in-plane bending 11.19%; cyclic C-O stretching 8.13%; cyclic-ring out-of-plane deformation 4.92%
   26     1085.40          --                 --  mixed ring-site C-H out-of-plane bending / cyclic-ring out-of-plane deformation ring-site C-H out-of-plane bending 29.87%; cyclic-ring out-of-plane deformation 21.30%; ring-site C-H in-plane bending 13.03%; mixed-phase cyclic C-N stretching 11.62%
   27     1138.13          --                 --  mixed opposite-phase cyclic C-O stretching / N-H bending       opposite-phase cyclic C-O stretching 35.48%; N-H bending 31.66%; cyclic-ring out-of-plane deformation 9.53%; cyclic C-N stretching 8.31%
   28     1219.29          --                 --  mixed ring-site C-H in-plane bending / ring-site C-H out-of-plane bending ring-site C-H in-plane bending 56.33%; ring-site C-H out-of-plane bending 10.99%; mixed-phase cyclic C-N stretching 8.93%; mixed-phase cyclic C-C stretching 8.32%
   29     1295.41          --                 --  mixed ring-site C-H out-of-plane bending / ring-site C-H in-plane bending / cyclic-ring out-of-plane deformation ring-site C-H out-of-plane bending 38.14%; ring-site C-H in-plane bending 35.11%; cyclic-ring out-of-plane deformation 25.08%
   30     1310.03          --                 --  mixed opposite-phase cyclic C-N stretching / ring-site C-H in-plane bending opposite-phase cyclic C-N stretching 36.26%; ring-site C-H in-plane bending 14.56%; N-H bending 11.21%; ring-site C-H out-of-plane bending 8.05%
   31     1370.71          --                 --  mixed ring-site C-H out-of-plane bending / ring-site C-H in-plane bending ring-site C-H out-of-plane bending 18.56%; ring-site C-H in-plane bending 14.90%; in-phase cyclic C-N stretching 13.81%; cyclic-ring out-of-plane deformation 9.56%
   32     1410.57          --                 --  mixed ring-site C-H in-plane bending / ring-site C-H out-of-plane bending ring-site C-H in-plane bending 49.46%; ring-site C-H out-of-plane bending 28.78%; cyclic C-C stretching 7.26%; opposite-phase cyclic C-N stretching 5.42%
   33     1433.63          --                 --  mixed ring-site C-H out-of-plane bending / ring-site C-H in-plane bending ring-site C-H out-of-plane bending 39.76%; ring-site C-H in-plane bending 35.34%; mixed-phase cyclic C-C stretching 8.49%; cyclic C-O stretching 4.60%
   34     1439.44          --                 --  mixed ring-site N-H in-plane bending / exocyclic C-N stretching ring-site N-H in-plane bending 62.66%; exocyclic C-N stretching 9.34%; exocyclic C-O stretching 8.33%; opposite-phase cyclic C-N stretching 6.33%
   35     1502.77          --                 --  mixed ring-site C-H out-of-plane bending / cyclic-ring out-of-plane deformation ring-site C-H out-of-plane bending 67.88%; cyclic-ring out-of-plane deformation 23.01%; ring-site C-H in-plane bending 7.71%
   36     1698.86          --                 --  mixed mixed-phase cyclic C-C stretching / exocyclic C-O stretching mixed-phase cyclic C-C stretching 68.12%; exocyclic C-O stretching 14.38%; ring-site C-H in-plane bending 11.01%; cyclic-ring out-of-plane deformation 2.47%
   37     1726.93          --                 --  mixed exocyclic C-N stretching / cyclic-ring deformation (N-C-O bend) exocyclic C-N stretching 65.51%; cyclic-ring deformation (N-C-O bend) 15.81%; cyclic C-N stretching 6.78%; cyclic C-O stretching 4.41%
   38     1747.77          --                 --  mixed exocyclic C-O stretching / opposite-phase cyclic C-C stretching exocyclic C-O stretching 50.55%; opposite-phase cyclic C-C stretching 16.77%; cyclic-ring deformation (N-C-C bend) 16.09%; ring-site N-H in-plane bending 6.07%
   39     3034.78          --                 --  ring-site C-H stretching                                       ring-site C-H stretching 99.37%
   40     3130.69          --                 --  mixed-phase ring-site C-H stretching                           mixed-phase ring-site C-H stretching 98.13%
   41     3169.20          --                 --  mixed-phase ring-site C-H stretching                           mixed-phase ring-site C-H stretching 99.20%
   42     3203.69          --                 --  ring-site C-H stretching                                       ring-site C-H stretching 98.56%
   43     3519.47          --                 --  N-H stretching                                                 N-H stretching 99.74%
   44     3563.37          --                 --  ring-site N-H stretching                                       ring-site N-H stretching 99.56%

# Selected internal-coordinate set:
#   1  nu(N1-C2)
#   2  nu(N3-C4)
#   3  nu(C6-C7)
#   4  nu(C8-O9)
#   5  nu(C8-H15)
#   6  nu(N1-H10)
#   7  nu(N3-H11)
#   8  nu(C8-H14)
#   9  nu(C7-H13)
#  10  nu(C4-O5)
#  11  nu(C6-H12)
#  12  tau(H12-C6-C7-H13)
#  13  tau(H11-N3-C4-O5)
#  14  tau(H10-N1-C2-O9)
#  15  nu(C2-O9)
#  16  tau(C4-C6-C7-H13)
#  17  tau(H10-N1-C2-N3)
#  18  delta(C7-C6-H12)
#  19  gamma(H14;C8,O9,H15)
#  20  delta(C2-N1-H10)
#  21  delta(C4-N3-H11)
#  22  delta(O9-C8-H15)
#  23  tau(H11-N3-C4-C6)
#  24  delta(C8-C7-H13)
#  25  tau(H15-C8-O9-C2)
#  26  delta(O5-C4-C6)
#  27  gamma(O9;C8,C7,H14)
#  28  tau(H12-C6-C7-C8)
#  29  delta(N3-C2-O9)
#  30  nu(C4-C6)
#  31  nu(C2-N3)
#  32  nu(C7-C8)
#  33  tau(C2-N3-C4-O5)
#  34  delta(C7-C8-H14)
#  35  delta(C4-C6-C7)
#  36  delta(N3-C4-C6)
#  37  delta(N1-C2-N3)
#  38  tau(H13-C7-C8-H14)
#  39  tau(N1-C2-O9-C8)

Wrote: /local/scratch/mv487/qm9s/experiment_1_phase2/ped/125609/125609_summary.csv
Wrote: /local/scratch/mv487/qm9s/experiment_1_phase2/ped/125609/125609_families.csv
Wrote: /local/scratch/mv487/qm9s/experiment_1_phase2/ped/125609/125609_ped.csv
Wrote: /local/scratch/mv487/qm9s/experiment_1_phase2/ped/125609/125609_ir_transitions.csv

# All generated files are in: /local/scratch/mv487/qm9s/experiment_1_phase2/ped/125609
# Manifest: /local/scratch/mv487/qm9s/experiment_1_phase2/ped/125609/125609_manifest.txt

--- stderr ---
Normal modes/frequencies absent or incomplete: diagonalizing Hessian.
