# Contact: romi@lens.unifi.it
# Manual: https://github.com/SebRoLENS/orca-ped-analyzer/blob/main/docs/ORCA_PED_Analyzer_Manual.md
# Check GitHub for updates and new releases: https://github.com/SebRoLENS/orca-ped-analyzer
#
# Molecule: 21 atoms | non-linear
# Bonds inferred: 21 | candidate ICs: 175 | selected ICs: 57
# Cartesian-Hessian reconstruction relative error: 3.801e-05
# Energy distribution: PED (PED is the backward-compatible default; TED includes kinetic-energy terms)
# Ring/cycle bonds detected: 9 | ring atoms: 9 | ring systems: 1
# VPT2: no matching .out file supplied/found -> harmonic/PED analysis only
#
 Mode   Harm/cm-1   VPT2/cm-1  Harm.Int/km mol-1  Assignment                                                     Grouped PED
------------------------------------------------------------------------------------------------------------------------------------------------------------------------------------------------
    6      113.88          --                 --  ring-site C-H out-of-plane bending                             ring-site C-H out-of-plane bending 99.12%
    7      171.00          --                 --  ring-site C-H out-of-plane bending                             ring-site C-H out-of-plane bending 95.44%; cyclic-ring deformation (C-C-C bend) 2.47%
    8      186.00          --                 --  ring-site C-H out-of-plane bending                             ring-site C-H out-of-plane bending 85.42%; cyclic-ring deformation (C-C-C bend) 12.94%
    9      270.29          --                 --  ring-site C-H out-of-plane bending                             ring-site C-H out-of-plane bending 90.53%; cyclic-ring deformation (C-C-C bend) 6.72%
   10      273.14          --                 --  ring-site C-H out-of-plane bending                             ring-site C-H out-of-plane bending 94.55%; cyclic-ring deformation (C-C-C bend) 3.91%
   11      306.83          --                 --  ring-site C-H out-of-plane bending                             ring-site C-H out-of-plane bending 78.51%; cyclic-ring deformation (C-C-C bend) 17.89%; ring-site C-H in-plane bending 2.88%
   12      342.36          --                 --  ring-site C-H out-of-plane bending                             ring-site C-H out-of-plane bending 88.44%; cyclic-ring deformation (C-C-C bend) 7.63%; ring-site C-H in-plane bending 3.22%
   13      378.31          --                 --  ring-site C-H out-of-plane bending                             ring-site C-H out-of-plane bending 94.05%; ring-site C-H in-plane bending 3.18%; cyclic-ring deformation (C-C-C bend) 2.29%
   14      445.80          --                 --  mixed cyclic-ring torsional/out-of-plane deformation / ring-site C-H out-of-plane bending cyclic-ring torsional/out-of-plane deformation 33.98%; ring-site C-H out-of-plane bending 32.73%; cyclic-ring deformation (C-C-C bend) 14.60%; ring-site C-H in-plane bending 9.31%
   15      500.38          --                 --  mixed cyclic-ring deformation (C-C-C bend) / ring-site C-H out-of-plane bending cyclic-ring deformation (C-C-C bend) 43.24%; ring-site C-H out-of-plane bending 42.67%; ring-site C-H in-plane bending 9.34%; cyclic C-C stretching 3.92%
   16      534.07          --                 --  mixed ring-site C-H out-of-plane bending / cyclic-ring deformation (C-C-C bend) ring-site C-H out-of-plane bending 56.79%; cyclic-ring deformation (C-C-C bend) 32.45%; ring-site C-H in-plane bending 7.77%; cyclic C-C stretching 2.74%
   17      586.00          --                 --  mixed ring-site C-H out-of-plane bending / cyclic-ring deformation (C-C-C bend) ring-site C-H out-of-plane bending 56.66%; cyclic-ring deformation (C-C-C bend) 26.77%; ring-site C-H in-plane bending 12.22%; cyclic-ring torsional/out-of-plane deformation 3.32%
   18      705.96          --                 --  mixed ring-site C-H out-of-plane bending / cyclic C-C stretching ring-site C-H out-of-plane bending 46.64%; cyclic C-C stretching 33.93%; ring-site C-H in-plane bending 12.63%; cyclic-ring deformation (C-C-C bend) 6.50%
   19      796.90          --                 --  mixed ring-site C-H out-of-plane bending / mixed-phase cyclic C-C stretching ring-site C-H out-of-plane bending 51.61%; mixed-phase cyclic C-C stretching 28.11%; ring-site C-H in-plane bending 15.25%; cyclic-ring deformation (C-C-C bend) 4.89%
   20      815.11          --                 --  mixed ring-site C-H out-of-plane bending / ring-site C-H in-plane bending ring-site C-H out-of-plane bending 52.60%; ring-site C-H in-plane bending 23.22%; mixed-phase cyclic C-C stretching 16.50%; cyclic-ring deformation (C-C-C bend) 6.41%
   21      842.89          --                 --  mixed ring-site C-H out-of-plane bending / ring-site C-H in-plane bending ring-site C-H out-of-plane bending 68.80%; ring-site C-H in-plane bending 18.60%; mixed-phase cyclic C-C stretching 9.16%; cyclic-ring deformation (C-C-C bend) 3.41%
   22      862.41          --                 --  mixed cyclic C-C stretching / ring-site C-H out-of-plane bending cyclic C-C stretching 47.84%; ring-site C-H out-of-plane bending 26.58%; ring-site C-H in-plane bending 11.07%; cyclic-ring deformation (C-C-C bend) 8.49%
   23      888.91          --                 --  mixed ring-site C-H out-of-plane bending / ring-site C-H in-plane bending ring-site C-H out-of-plane bending 66.19%; ring-site C-H in-plane bending 20.12%; mixed-phase cyclic C-C stretching 8.05%; cyclic-ring deformation (C-C-C bend) 4.36%
   24      915.35          --                 --  mixed ring-site C-H out-of-plane bending / ring-site C-H in-plane bending ring-site C-H out-of-plane bending 50.16%; ring-site C-H in-plane bending 37.30%; cyclic-ring deformation (C-C-C bend) 7.23%; cyclic C-C stretching 5.23%
   25      952.92          --                 --  mixed ring-site C-H out-of-plane bending / ring-site C-H in-plane bending ring-site C-H out-of-plane bending 67.68%; ring-site C-H in-plane bending 16.10%; mixed-phase cyclic C-C stretching 10.30%; cyclic-ring deformation (C-C-C bend) 5.83%
   26      998.45          --                 --  ring-site C-H out-of-plane bending                             ring-site C-H out-of-plane bending 70.24%; opposite-phase cyclic C-C stretching 16.07%; ring-site C-H in-plane bending 11.86%
   27     1012.08          --                 --  ring-site C-H out-of-plane bending                             ring-site C-H out-of-plane bending 82.56%; mixed-phase cyclic C-C stretching 9.94%; ring-site C-H in-plane bending 5.95%
   28     1037.48          --                 --  mixed ring-site C-H out-of-plane bending / ring-site C-H in-plane bending ring-site C-H out-of-plane bending 59.70%; ring-site C-H in-plane bending 26.64%; cyclic C-C stretching 8.58%; cyclic-ring deformation (C-C-C bend) 4.65%
   29     1080.79          --                 --  mixed mixed-phase cyclic C-C stretching / ring-site C-H out-of-plane bending mixed-phase cyclic C-C stretching 49.38%; ring-site C-H out-of-plane bending 33.79%; ring-site C-H in-plane bending 12.44%; cyclic-ring deformation (C-C-C bend) 4.12%
   30     1105.24          --                 --  mixed ring-site C-H in-plane bending / ring-site C-H out-of-plane bending ring-site C-H in-plane bending 40.69%; ring-site C-H out-of-plane bending 40.13%; cyclic-ring deformation (C-C-C bend) 9.32%; cyclic C-C stretching 8.86%
   31     1142.17          --                 --  mixed opposite-phase cyclic C-C stretching / ring-site C-H out-of-plane bending opposite-phase cyclic C-C stretching 67.12%; ring-site C-H out-of-plane bending 16.06%; ring-site C-H in-plane bending 10.64%; cyclic-ring deformation (C-C-C bend) 5.97%
   32     1171.87          --                 --  ring-site C-H in-plane bending                                 ring-site C-H in-plane bending 77.35%; ring-site C-H out-of-plane bending 19.30%; cyclic C-C stretching 2.30%
   33     1211.06          --                 --  mixed ring-site C-H out-of-plane bending / ring-site C-H in-plane bending ring-site C-H out-of-plane bending 60.12%; ring-site C-H in-plane bending 35.52%; cyclic C-C stretching 3.45%
   34     1220.94          --                 --  mixed ring-site C-H in-plane bending / ring-site C-H out-of-plane bending ring-site C-H in-plane bending 49.33%; ring-site C-H out-of-plane bending 36.90%; in-phase cyclic C-C stretching 7.31%; cyclic-ring deformation (C-C-C bend) 6.09%
   35     1225.63          --                 --  mixed ring-site C-H in-plane bending / ring-site C-H out-of-plane bending ring-site C-H in-plane bending 72.62%; ring-site C-H out-of-plane bending 23.09%; opposite-phase cyclic C-C stretching 3.16%
   36     1268.00          --                 --  ring-site C-H in-plane bending                                 ring-site C-H in-plane bending 82.58%; ring-site C-H out-of-plane bending 13.75%; cyclic C-C stretching 2.20%
   37     1304.86          --                 --  mixed ring-site C-H in-plane bending / ring-site C-H out-of-plane bending ring-site C-H in-plane bending 70.12%; ring-site C-H out-of-plane bending 26.75%; cyclic C-C stretching 2.30%
   38     1328.82          --                 --  ring-site C-H in-plane bending                                 ring-site C-H in-plane bending 71.28%; ring-site C-H out-of-plane bending 14.25%; in-phase cyclic C-C stretching 9.24%; cyclic-ring deformation (C-C-C bend) 4.82%
   39     1346.99          --                 --  mixed ring-site C-H in-plane bending / ring-site C-H out-of-plane bending ring-site C-H in-plane bending 66.32%; ring-site C-H out-of-plane bending 27.48%; mixed-phase cyclic C-C stretching 5.07%
   40     1355.74          --                 --  ring-site C-H in-plane bending                                 ring-site C-H in-plane bending 74.70%; ring-site C-H out-of-plane bending 17.04%; mixed-phase cyclic C-C stretching 6.44%
   41     1362.08          --                 --  mixed ring-site C-H in-plane bending / ring-site C-H out-of-plane bending ring-site C-H in-plane bending 67.05%; ring-site C-H out-of-plane bending 22.57%; mixed-phase cyclic C-C stretching 8.42%
   42     1370.61          --                 --  ring-site C-H in-plane bending                                 ring-site C-H in-plane bending 75.30%; ring-site C-H out-of-plane bending 15.78%; mixed-phase cyclic C-C stretching 7.35%
   43     1381.64          --                 --  mixed ring-site C-H in-plane bending / ring-site C-H out-of-plane bending ring-site C-H in-plane bending 68.74%; ring-site C-H out-of-plane bending 25.00%; mixed-phase cyclic C-C stretching 5.62%
   44     1482.86          --                 --  mixed C-H bending / ring-site C-H out-of-plane bending / ring-site C-H in-plane bending C-H bending 43.11%; ring-site C-H out-of-plane bending 34.93%; ring-site C-H in-plane bending 20.86%
   45     1484.19          --                 --  ring-site C-H out-of-plane bending                             ring-site C-H out-of-plane bending 79.49%; C-H bending 10.68%; ring-site C-H in-plane bending 8.13%
   46     1486.41          --                 --  mixed C-H bending / ring-site C-H out-of-plane bending         C-H bending 49.26%; ring-site C-H out-of-plane bending 39.77%; ring-site C-H in-plane bending 10.09%
   47     1496.44          --                 --  ring-site C-H out-of-plane bending                             ring-site C-H out-of-plane bending 96.03%; ring-site C-H in-plane bending 2.45%
   48     1499.56          --                 --  mixed ring-site C-H out-of-plane bending / C-H bending         ring-site C-H out-of-plane bending 68.61%; C-H bending 18.70%; ring-site C-H in-plane bending 10.75%
   49     1709.85          --                 --  mixed mixed-phase cyclic C-C stretching / ring-site C-H in-plane bending mixed-phase cyclic C-C stretching 72.91%; ring-site C-H in-plane bending 20.41%; ring-site C-H out-of-plane bending 6.04%
   50     2320.03          --                 --  mixed-phase cyclic C-C stretching                              mixed-phase cyclic C-C stretching 99.29%
   51     3017.78          --                 --  ring-site C-H stretching                                       ring-site C-H stretching 99.14%
   52     3022.96          --                 --  mixed-phase ring-site C-H stretching                           mixed-phase ring-site C-H stretching 99.33%
   53     3030.09          --                 --  ring-site C-H stretching                                       ring-site C-H stretching 99.15%
   54     3031.02          --                 --  mixed-phase ring-site C-H stretching                           mixed-phase ring-site C-H stretching 99.26%
   55     3041.82          --                 --  ring-site C-H stretching                                       ring-site C-H stretching 99.43%
   56     3049.34          --                 --  mixed-phase ring-site C-H stretching                           mixed-phase ring-site C-H stretching 99.08%
   57     3056.33          --                 --  mixed-phase ring-site C-H stretching                           mixed-phase ring-site C-H stretching 98.87%
   58     3062.43          --                 --  mixed-phase ring-site C-H stretching                           mixed-phase ring-site C-H stretching 99.27%
   59     3079.04          --                 --  mixed-phase ring-site C-H stretching                           mixed-phase ring-site C-H stretching 99.02%
   60     3085.84          --                 --  mixed-phase ring-site C-H stretching                           mixed-phase ring-site C-H stretching 98.69%
   61     3114.94          --                 --  ring-site C-H stretching                                       ring-site C-H stretching 98.61%
   62     3124.21          --                 --  mixed-phase ring-site C-H stretching                           mixed-phase ring-site C-H stretching 99.65%

# Selected internal-coordinate set:
#   1  nu(C1-C9)
#   2  nu(C2-C3)
#   3  nu(C4-C5)
#   4  nu(C6-C7)
#   5  nu(C1-H10)
#   6  nu(C9-H20)
#   7  nu(C6-H19)
#   8  nu(C5-H16)
#   9  nu(C2-H12)
#  10  nu(C3-H14)
#  11  delta(C6-C7-C8)
#  12  nu(C1-H11)
#  13  nu(C4-H15)
#  14  nu(C9-H21)
#  15  nu(C2-H13)
#  16  nu(C5-H17)
#  17  tau(H14-C3-C4-H15)
#  18  tau(H18-C6-C7-C8)
#  19  nu(C6-H18)
#  20  nu(C8-C9)
#  21  tau(H14-C3-C4-C5)
#  22  gamma(H12;C2,C3,H13)
#  23  nu(C5-C6)
#  24  delta(H10-C1-H11)
#  25  delta(H20-C9-H21)
#  26  tau(H16-C5-C6-H19)
#  27  delta(C5-C4-H15)
#  28  delta(C2-C3-H14)
#  29  delta(C9-C1-H11)
#  30  delta(C9-C1-H10)
#  31  tau(H17-C5-C6-H18)
#  32  delta(C8-C9-H20)
#  33  delta(C3-C2-H13)
#  34  delta(C6-C5-H17)
#  35  delta(C8-C9-H21)
#  36  delta(C6-C5-H16)
#  37  delta(C5-C6-H19)
#  38  delta(C5-C6-H18)
#  39  tau(C9-C1-C2-H12)
#  40  tau(H17-C5-C6-C7)
#  41  delta(C1-C2-H12)
#  42  delta(C1-C9-H20)
#  43  tau(C4-C5-C6-H19)
#  44  nu(C3-C4)
#  45  tau(C2-C3-C4-C5)
#  46  tau(H11-C1-C9-C8)
#  47  nu(C7-C8)
#  48  nu(C1-C2)
#  49  delta(C1-C9-C8)
#  50  delta(C2-C3-C4)
#  51  delta(C2-C1-C9)
#  52  tau(C2-C1-C9-H20)
#  53  delta(C5-C6-C7)
#  54  tau(C4-C5-C6-H18)
#  55  tau(H15-C4-C5-H16)
#  56  tau(C7-C8-C9-H20)
#  57  tau(H11-C1-C2-C3)

Wrote: /local/scratch/mv487/qm9s/experiment_1_phase2/ped/38586/38586_summary.csv
Wrote: /local/scratch/mv487/qm9s/experiment_1_phase2/ped/38586/38586_families.csv
Wrote: /local/scratch/mv487/qm9s/experiment_1_phase2/ped/38586/38586_ped.csv
Wrote: /local/scratch/mv487/qm9s/experiment_1_phase2/ped/38586/38586_ir_transitions.csv

# All generated files are in: /local/scratch/mv487/qm9s/experiment_1_phase2/ped/38586
# Manifest: /local/scratch/mv487/qm9s/experiment_1_phase2/ped/38586/38586_manifest.txt

--- stderr ---
Normal modes/frequencies absent or incomplete: diagonalizing Hessian.
