# Contact: romi@lens.unifi.it
# Manual: https://github.com/SebRoLENS/orca-ped-analyzer/blob/main/docs/ORCA_PED_Analyzer_Manual.md
# Check GitHub for updates and new releases: https://github.com/SebRoLENS/orca-ped-analyzer
#
# Molecule: 17 atoms | non-linear
# Bonds inferred: 16 | candidate ICs: 124 | selected ICs: 45
# Cartesian-Hessian reconstruction relative error: 1.821e-05
# Energy distribution: PED (PED is the backward-compatible default; TED includes kinetic-energy terms)
# Ring/cycle bonds detected: 0 | ring atoms: 0 | ring systems: 0
# VPT2: no matching .out file supplied/found -> harmonic/PED analysis only
#
 Mode   Harm/cm-1   VPT2/cm-1  Harm.Int/km mol-1  Assignment                                                     Grouped PED
------------------------------------------------------------------------------------------------------------------------------------------------------------------------------------------------
    6       42.64          --                 --  C-C torsion                                                    C-C torsion 82.95%; C-C-C bending 12.17%
    7       48.17          --                 --  C-C torsion                                                    C-C torsion 89.62%; C-C-C bending 5.99%; C-H bending 2.82%
    8       51.15          --                 --  mixed C-C torsion / C-C-C bending                              C-C torsion 64.22%; C-C-C bending 26.90%; C-H out-of-plane bending 4.11%; C-H bending 2.70%
    9       63.58          --                 --  C-C torsion                                                    C-C torsion 97.85%
   10       90.50          --                 --  C-C torsion                                                    C-C torsion 98.36%
   11      156.76          --                 --  mixed C-C torsion / C-C-C bending                              C-C torsion 55.63%; C-C-C bending 38.97%; C-H bending 2.90%
   12      259.54          --                 --  mixed C-C-C bending / C-C torsion                              C-C-C bending 57.03%; C-C torsion 34.89%; C-H bending 4.01%
   13      308.68          --                 --  mixed C-C-C bending / C-C torsion                              C-C-C bending 55.25%; C-C torsion 27.43%; in-phase C-C stretching 9.66%; C-H bending 3.44%
   14      335.99          --                 --  mixed C-C-C bending / C-C torsion                              C-C-C bending 41.99%; C-C torsion 32.59%; C-C-O bending 12.18%; C-H bending 7.59%
   15      376.91          --                 --  C-C-C bending                                                  C-C-C bending 71.71%; C-C-O bending 8.30%; C-C torsion 5.31%; C-H bending 5.00%
   16      457.65          --                 --  mixed C-C-O bending / C-C-C bending / C-C torsion              C-C-O bending 33.39%; C-C-C bending 16.28%; C-C torsion 15.34%; O-C-C bending 12.62%
   17      534.74          --                 --  mixed C-C torsion / O-C-C bending / C-C-C bending              C-C torsion 29.21%; O-C-C bending 22.41%; C-C-C bending 15.48%; C-H bending 14.10%
   18      577.22          --                 --  mixed C-C torsion / C-C-O bending                              C-C torsion 51.25%; C-C-O bending 20.38%; C-H bending 11.33%; O-C-C bending 6.43%
   19      770.51          --                 --  mixed C-H bending / C-C stretching                             C-H bending 49.28%; C-C stretching 14.48%; C-C out-of-plane bending 13.34%; C-C torsion 9.97%
   20      790.22          --                 --  mixed C-C torsion / mixed-phase C-C stretching                 C-C torsion 66.33%; mixed-phase C-C stretching 12.21%; C-H out-of-plane bending 9.25%; C-H bending 7.89%
   21      896.75          --                 --  mixed mixed-phase C-C stretching / C-H bending                 mixed-phase C-C stretching 32.67%; C-H bending 29.62%; C-C-O bending 11.90%; C-C torsion 8.03%
   22      952.37          --                 --  mixed C-H out-of-plane bending / mixed-phase C-C stretching / C-H bending C-H out-of-plane bending 36.93%; mixed-phase C-C stretching 26.61%; C-H bending 24.18%; C-C out-of-plane bending 4.08%
   23      978.17          --                 --  mixed mixed-phase C-C stretching / C-H bending                 mixed-phase C-C stretching 56.73%; C-H bending 19.03%; C-C out-of-plane bending 8.92%; C-H out-of-plane bending 8.25%
   24     1007.56          --                 --  mixed mixed-phase C-C stretching / C-H bending                 mixed-phase C-C stretching 61.59%; C-H bending 18.40%; C-H out-of-plane bending 7.15%; C-C torsion 5.89%
   25     1022.69          --                 --  mixed mixed-phase C-C stretching / C-C out-of-plane bending    mixed-phase C-C stretching 35.81%; C-C out-of-plane bending 16.45%; C-H out-of-plane bending 14.86%; C-H bending 10.23%
   26     1101.66          --                 --  mixed C-H out-of-plane bending / C-C-C bending / mixed-phase C-C stretching C-H out-of-plane bending 29.84%; C-C-C bending 26.42%; mixed-phase C-C stretching 23.04%; C-H bending 7.50%
   27     1113.79          --                 --  mixed mixed-phase C-C stretching / C-C-C bending               mixed-phase C-C stretching 32.05%; C-C-C bending 27.77%; C-H out-of-plane bending 12.83%; C-C out-of-plane bending 6.66%
   28     1133.28          --                 --  mixed C-C torsion / C-H bending                                C-C torsion 34.06%; C-H bending 22.31%; mixed-phase C-C stretching 14.22%; C-C-C bending 10.42%
   29     1209.35          --                 --  mixed C-H bending / C-C torsion                                C-H bending 62.31%; C-C torsion 24.20%; C-H out-of-plane bending 4.27%; in-phase C-C stretching 3.14%
   30     1229.56          --                 --  mixed C-H bending / C-C torsion                                C-H bending 55.86%; C-C torsion 22.54%; C-C-O bending 6.83%; C-C stretching 5.94%
   31     1266.41          --                 --  C-H bending                                                    C-H bending 77.74%; C-C torsion 14.05%; opposite-phase C-C stretching 3.96%
   32     1329.05          --                 --  C-H bending                                                    C-H bending 71.95%; C-C torsion 17.81%; mixed-phase C-C stretching 6.64%; C-C-C bending 2.11%
   33     1343.75          --                 --  mixed C-H bending / C-C torsion                                C-H bending 68.89%; C-C torsion 17.68%; mixed-phase C-C stretching 6.51%; C-C-C bending 6.20%
   34     1369.61          --                 --  mixed C-H bending / C-C torsion                                C-H bending 59.75%; C-C torsion 21.01%; mixed-phase C-C stretching 14.41%; C-C-C bending 3.78%
   35     1419.30          --                 --  C-H bending                                                    C-H bending 88.11%; C-C torsion 4.10%; C-C stretching 3.35%; C-O stretching 2.30%
   36     1428.42          --                 --  C-H bending                                                    C-H bending 92.53%; C-C stretching 2.95%; C-O stretching 2.63%
   37     1437.49          --                 --  C-H bending                                                    C-H bending 90.82%; C-C stretching 3.53%; C-O stretching 3.03%
   38     1459.12          --                 --  mixed C-H bending / C-C torsion                                C-H bending 69.60%; C-C torsion 28.92%
   39     1472.15          --                 --  mixed C-H bending / C-C torsion                                C-H bending 55.92%; C-C torsion 42.57%
   40     1805.38          --                 --  opposite-phase C-O stretching                                  opposite-phase C-O stretching 88.18%; C-H bending 5.83%; opposite-phase C-C stretching 3.75%
   41     1807.56          --                 --  mixed-phase C-O stretching                                     mixed-phase C-O stretching 88.66%; C-H bending 5.40%; C-C stretching 3.89%
   42     1812.76          --                 --  C-O stretching                                                 C-O stretching 87.38%; C-H bending 6.54%; in-phase C-C stretching 3.99%
   43     2867.62          --                 --  C-H stretching                                                 C-H stretching 98.94%
   44     2888.47          --                 --  C-H stretching                                                 C-H stretching 98.91%
   45     2896.50          --                 --  C-H stretching                                                 C-H stretching 98.97%
   46     3004.99          --                 --  C-H stretching                                                 C-H stretching 99.55%
   47     3019.35          --                 --  C-H stretching                                                 C-H stretching 99.46%
   48     3055.52          --                 --  C-H stretching                                                 C-H stretching 99.08%
   49     3087.37          --                 --  mixed-phase C-H stretching                                     mixed-phase C-H stretching 99.49%
   50     3095.18          --                 --  mixed-phase C-H stretching                                     mixed-phase C-H stretching 99.31%

# Selected internal-coordinate set:
#   1  nu(C2-C3)
#   2  nu(C4-C5)
#   3  nu(C6-H16)
#   4  nu(C8-O9)
#   5  nu(C3-H11)
#   6  nu(C5-H15)
#   7  nu(C4-H13)
#   8  nu(C2-H10)
#   9  nu(C3-H12)
#  10  nu(C6-O7)
#  11  nu(C8-H17)
#  12  nu(C5-H14)
#  13  gamma(H17;C8,C4,O9)
#  14  gamma(C3;C2,O1,H10)
#  15  gamma(H16;C6,C5,O7)
#  16  tau(H13-C4-C5-H15)
#  17  nu(O1-C2)
#  18  delta(O9-C8-H17)
#  19  delta(O7-C6-H16)
#  20  delta(C4-C5-H14)
#  21  delta(H11-C3-H12)
#  22  delta(C2-C3-H12)
#  23  delta(C4-C5-H15)
#  24  tau(C8-C4-C5-H14)
#  25  delta(C5-C4-H13)
#  26  delta(O1-C2-H10)
#  27  delta(C2-C3-H11)
#  28  tau(C3-C4-C5-H15)
#  29  delta(C5-C6-O7)
#  30  nu(C5-C6)
#  31  delta(C4-C8-O9)
#  32  nu(C3-C4)
#  33  delta(O1-C2-C3)
#  34  nu(C4-C8)
#  35  delta(C4-C3-H11)
#  36  tau(C4-C5-C6-O7)
#  37  tau(C3-C4-C8-O9)
#  38  tau(H10-C2-C3-H12)
#  39  delta(C4-C5-C6)
#  40  tau(C3-C4-C5-C6)
#  41  delta(C2-C3-C4)
#  42  tau(C2-C3-C4-C5)
#  43  delta(C5-C4-C8)
#  44  delta(C3-C4-C5)
#  45  delta(C3-C4-C8)

Wrote: /local/scratch/mv487/qm9s/experiment_1_phase2/ped/46977/46977_summary.csv
Wrote: /local/scratch/mv487/qm9s/experiment_1_phase2/ped/46977/46977_families.csv
Wrote: /local/scratch/mv487/qm9s/experiment_1_phase2/ped/46977/46977_ped.csv
Wrote: /local/scratch/mv487/qm9s/experiment_1_phase2/ped/46977/46977_ir_transitions.csv

# All generated files are in: /local/scratch/mv487/qm9s/experiment_1_phase2/ped/46977
# Manifest: /local/scratch/mv487/qm9s/experiment_1_phase2/ped/46977/46977_manifest.txt

--- stderr ---
Normal modes/frequencies absent or incomplete: diagonalizing Hessian.
