# Contact: romi@lens.unifi.it
# Manual: https://github.com/SebRoLENS/orca-ped-analyzer/blob/main/docs/ORCA_PED_Analyzer_Manual.md
# Check GitHub for updates and new releases: https://github.com/SebRoLENS/orca-ped-analyzer
#
# Molecule: 18 atoms | non-linear
# Bonds inferred: 18 | candidate ICs: 128 | selected ICs: 48
# Cartesian-Hessian reconstruction relative error: 1.205e-05
# Energy distribution: PED (PED is the backward-compatible default; TED includes kinetic-energy terms)
# Ring/cycle bonds detected: 5 | ring atoms: 5 | ring systems: 1
# VPT2: no matching .out file supplied/found -> harmonic/PED analysis only
#
 Mode   Harm/cm-1   VPT2/cm-1  Harm.Int/km mol-1  Assignment                                                     Grouped PED
------------------------------------------------------------------------------------------------------------------------------------------------------------------------------------------------
    6       40.50          --                 --  mixed C-C torsion / C-H bending                                C-C torsion 54.56%; C-H bending 16.76%; C-C-C bending 14.08%; cyclic-ring torsional/out-of-plane deformation 3.11%
    7       52.18          --                 --  mixed C-C-C bending / C-C torsion                              C-C-C bending 35.48%; C-C torsion 24.94%; C-H bending 14.23%; cyclic-ring torsional/out-of-plane deformation 11.96%
    8      102.46          --                 --  C-C torsion                                                    C-C torsion 99.30%
    9      144.69          --                 --  mixed C-C torsion / cyclic-ring torsional/out-of-plane deformation C-C torsion 61.32%; cyclic-ring torsional/out-of-plane deformation 17.78%; cyclic-ring torsional/out-of-plane deformation 11.81%; C-C-C bending 3.46%
   10      241.55          --                 --  mixed cyclic-ring torsional/out-of-plane deformation / N-C-C bending / C-C-C bending cyclic-ring torsional/out-of-plane deformation 29.28%; N-C-C bending 23.05%; C-C-C bending 19.19%; C-C torsion 12.53%
   11      245.31          --                 --  mixed cyclic-ring torsional/out-of-plane deformation / C-C torsion cyclic-ring torsional/out-of-plane deformation 60.50%; C-C torsion 22.18%; C-C-C bending 9.72%
   12      351.18          --                 --  mixed cyclic-ring torsional/out-of-plane deformation / cyclic-ring torsional/out-of-plane deformation / C-C torsion cyclic-ring torsional/out-of-plane deformation 37.90%; cyclic-ring torsional/out-of-plane deformation 19.25%; C-C torsion 17.30%; C-C-C bending 12.76%
   13      388.10          --                 --  mixed C-C-C bending / N-C-C bending                            C-C-C bending 41.61%; N-C-C bending 20.99%; C-H bending 10.24%; cyclic-ring deformation (C-N-C bend) 4.99%
   14      476.51          --                 --  mixed ring-site N-H out-of-plane bending / cyclic-ring torsional/out-of-plane deformation ring-site N-H out-of-plane bending 52.15%; cyclic-ring torsional/out-of-plane deformation 21.68%; C-C-O bending 5.13%; ring-site C-H out-of-plane bending 3.80%
   15      487.64          --                 --  mixed C-C-O bending / C-H out-of-plane bending                 C-C-O bending 38.68%; C-H out-of-plane bending 21.34%; C-H bending 10.48%; ring-site N-H out-of-plane bending 9.04%
   16      599.34          --                 --  mixed cyclic-ring deformation (C-C-C bend) / in-phase exocyclic C-C stretching cyclic-ring deformation (C-C-C bend) 25.98%; in-phase exocyclic C-C stretching 23.12%; C-H bending 10.10%; C-C-O bending 8.57%
   17      631.60          --                 --  mixed cyclic-ring torsional/out-of-plane deformation / cyclic-ring torsional/out-of-plane deformation / C-C torsion cyclic-ring torsional/out-of-plane deformation 38.28%; cyclic-ring torsional/out-of-plane deformation 26.71%; C-C torsion 26.55%; ring-site C-H out-of-plane bending 5.36%
   18      671.71          --                 --  mixed cyclic-ring torsional/out-of-plane deformation / cyclic-ring torsional/out-of-plane deformation cyclic-ring torsional/out-of-plane deformation 38.64%; cyclic-ring torsional/out-of-plane deformation 25.55%; C-C-C bending 7.77%; C-C torsion 6.80%
   19      719.08          --                 --  mixed opposite-phase exocyclic C-C stretching / cyclic-ring deformation (C-N-C bend) / cyclic-ring deformation (C-C-C bend) opposite-phase exocyclic C-C stretching 24.94%; cyclic-ring deformation (C-N-C bend) 16.05%; cyclic-ring deformation (C-C-C bend) 15.29%; C-H bending 8.70%
   20      744.76          --                 --  mixed ring-site C-H out-of-plane bending / cyclic-ring torsional/out-of-plane deformation ring-site C-H out-of-plane bending 57.41%; cyclic-ring torsional/out-of-plane deformation 21.86%; C-C torsion 8.08%; cyclic-ring out-of-plane deformation 4.66%
   21      805.49          --                 --  cyclic-ring out-of-plane deformation                           cyclic-ring out-of-plane deformation 70.84%; cyclic-ring torsional/out-of-plane deformation 16.69%; C-C torsion 6.50%; ring-site C-H out-of-plane bending 2.14%
   22      855.36          --                 --  mixed C-H bending / C-H out-of-plane bending / C-C stretching  C-H bending 31.81%; C-H out-of-plane bending 28.35%; C-C stretching 19.27%; C-C out-of-plane bending 7.42%
   23      984.96          --                 --  mixed cyclic-ring deformation (C-N-C bend) / mixed-phase cyclic C-C stretching cyclic-ring deformation (C-N-C bend) 33.54%; mixed-phase cyclic C-C stretching 18.73%; ring-site C-H in-plane bending 11.88%; C-H bending 10.69%
   24      993.37          --                 --  mixed C-H bending / cyclic C-N stretching                      C-H bending 22.29%; cyclic C-N stretching 15.08%; cyclic-ring deformation (C-C-C bend) 11.46%; cyclic C-C stretching 9.20%
   25     1005.92          --                 --  mixed C-H bending / C-H out-of-plane bending                   C-H bending 41.71%; C-H out-of-plane bending 13.65%; cyclic-ring deformation (C-N-C bend) 10.51%; C-C out-of-plane bending 10.48%
   26     1009.01          --                 --  mixed C-H bending / cyclic-ring deformation (C-C-C bend)       C-H bending 32.38%; cyclic-ring deformation (C-C-C bend) 16.38%; cyclic C-C stretching 14.25%; C-H out-of-plane bending 8.82%
   27     1055.17          --                 --  mixed C-C out-of-plane bending / C-C stretching                C-C out-of-plane bending 31.43%; C-C stretching 26.01%; C-H out-of-plane bending 12.50%; C-C-C bending 11.74%
   28     1066.69          --                 --  C-H bending                                                    C-H bending 79.99%; cyclic-ring torsional/out-of-plane deformation 12.95%; C-C torsion 4.24%
   29     1131.29          --                 --  mixed cyclic C-N stretching / ring-site C-H in-plane bending / ring-site N-H in-plane bending cyclic C-N stretching 47.08%; ring-site C-H in-plane bending 19.08%; ring-site N-H in-plane bending 18.96%; in-phase cyclic C-C stretching 5.40%
   30     1167.66          --                 --  mixed ring-site C-H in-plane bending / opposite-phase exocyclic C-C stretching ring-site C-H in-plane bending 45.32%; opposite-phase exocyclic C-C stretching 22.55%; C-H bending 6.89%; C-C out-of-plane bending 5.04%
   31     1192.31          --                 --  mixed C-H bending / cyclic C-N stretching                      C-H bending 61.41%; cyclic C-N stretching 8.88%; C-H out-of-plane bending 5.72%; C-C stretching 4.20%
   32     1284.30          --                 --  mixed ring-site C-H in-plane bending / opposite-phase cyclic C-N stretching ring-site C-H in-plane bending 43.11%; opposite-phase cyclic C-N stretching 15.07%; C-H bending 13.10%; ring-site N-H in-plane bending 8.08%
   33     1292.98          --                 --  mixed C-C out-of-plane bending / C-H bending                   C-C out-of-plane bending 54.83%; C-H bending 33.99%; cyclic C-C stretching 3.14%; cyclic C-N stretching 2.18%
   34     1318.18          --                 --  mixed cyclic C-N stretching / C-C out-of-plane bending / in-phase exocyclic C-C stretching cyclic C-N stretching 20.89%; C-C out-of-plane bending 20.53%; in-phase exocyclic C-C stretching 15.60%; cyclic C-C stretching 15.43%
   35     1415.66          --                 --  mixed C-H bending / mixed-phase cyclic C-C stretching          C-H bending 60.98%; mixed-phase cyclic C-C stretching 18.02%; in-phase cyclic C-N stretching 3.85%; exocyclic C-C stretching 2.73%
   36     1418.67          --                 --  mixed C-H bending / mixed-phase cyclic C-C stretching          C-H bending 46.86%; mixed-phase cyclic C-C stretching 25.39%; in-phase cyclic C-N stretching 5.44%; ring-site C-H in-plane bending 4.00%
   37     1426.05          --                 --  mixed C-H out-of-plane bending / C-H bending                   C-H out-of-plane bending 61.85%; C-H bending 31.64%; exocyclic C-C stretching 3.09%; cyclic C-C stretching 2.23%
   38     1454.59          --                 --  mixed C-H bending / mixed-phase cyclic C-N stretching / ring-site N-H in-plane bending C-H bending 34.38%; mixed-phase cyclic C-N stretching 21.80%; ring-site N-H in-plane bending 16.60%; cyclic C-C stretching 9.62%
   39     1469.01          --                 --  mixed C-H bending / C-H out-of-plane bending                   C-H bending 51.73%; C-H out-of-plane bending 22.73%; mixed-phase cyclic C-N stretching 9.41%; ring-site N-H in-plane bending 6.85%
   40     1488.35          --                 --  C-C torsion                                                    C-C torsion 79.06%; C-H bending 19.95%
   41     1506.25          --                 --  mixed C-H bending / C-H out-of-plane bending                   C-H bending 57.85%; C-H out-of-plane bending 22.60%; C-C torsion 10.84%; cyclic C-C stretching 2.81%
   42     1532.50          --                 --  mixed in-phase cyclic C-C stretching / in-phase exocyclic C-C stretching in-phase cyclic C-C stretching 37.17%; in-phase exocyclic C-C stretching 14.16%; cyclic-ring deformation (C-N-C bend) 14.06%; cyclic C-N stretching 9.18%
   43     1627.40          --                 --  mixed opposite-phase cyclic C-C stretching / ring-site C-H in-plane bending opposite-phase cyclic C-C stretching 46.60%; ring-site C-H in-plane bending 13.63%; cyclic-ring deformation (C-C-C bend) 13.53%; opposite-phase exocyclic C-C stretching 9.35%
   44     1794.13          --                 --  C-O stretching                                                 C-O stretching 86.52%; C-H bending 7.39%; C-C stretching 3.71%
   45     2898.26          --                 --  C-H stretching                                                 C-H stretching 98.87%
   46     3023.35          --                 --  C-H stretching                                                 C-H stretching 99.58%
   47     3038.32          --                 --  in-phase C-H stretching                                        in-phase C-H stretching 99.39%
   48     3067.05          --                 --  opposite-phase C-H stretching                                  opposite-phase C-H stretching 99.67%
   49     3091.17          --                 --  opposite-phase C-H stretching                                  opposite-phase C-H stretching 99.25%
   50     3096.63          --                 --  mixed-phase C-H stretching                                     mixed-phase C-H stretching 99.45%
   51     3230.03          --                 --  ring-site C-H stretching                                       ring-site C-H stretching 99.03%
   52     3254.39          --                 --  ring-site C-H stretching                                       ring-site C-H stretching 98.69%
   53     3653.19          --                 --  ring-site N-H stretching                                       ring-site N-H stretching 99.04%

# Selected internal-coordinate set:
#   1  nu(C1-H12)
#   2  nu(C2-C3)
#   3  nu(N4-C5)
#   4  nu(C6-H15)
#   5  nu(C7-O8)
#   6  nu(C9-H18)
#   7  nu(C1-H10)
#   8  nu(C6-H16)
#   9  nu(C3-N4)
#  10  nu(C1-H11)
#  11  nu(C7-H17)
#  12  tau(C2-C3-N4-C5)
#  13  gamma(C2;C9,C5,H18)
#  14  tau(H13-C3-N4-C5)
#  15  gamma(C6;C7,O8,H17)
#  16  nu(C5-C9)
#  17  gamma(C5;C6,H15,H16)
#  18  nu(C2-C9)
#  19  nu(N4-H14)
#  20  nu(C3-H13)
#  21  delta(O8-C7-H17)
#  22  tau(C2-C3-N4-H14)
#  23  gamma(H11;C1,H10,H12)
#  24  delta(H15-C6-H16)
#  25  delta(H10-C1-H12)
#  26  delta(C3-N4-H14)
#  27  delta(C2-C9-H18)
#  28  tau(C1-C2-C3-N4)
#  29  delta(C2-C3-H13)
#  30  tau(H11-C1-C2-C9)
#  31  gamma(H15;C6,C5,C7)
#  32  nu(C1-C2)
#  33  delta(C2-C1-H11)
#  34  nu(C5-C6)
#  35  tau(C3-N4-C5-C6)
#  36  nu(C6-C7)
#  37  delta(C6-C7-O8)
#  38  delta(C3-N4-C5)
#  39  tau(H16-C6-C7-H17)
#  40  delta(C2-C1-H10)
#  41  delta(C3-C2-C9)
#  42  tau(H10-C1-C2-C3)
#  43  delta(C7-C6-H15)
#  44  delta(C1-C2-C9)
#  45  delta(C5-C6-C7)
#  46  tau(C3-C2-C9-C5)
#  47  delta(N4-C5-C6)
#  48  tau(N4-C5-C6-H15)

Wrote: /local/scratch/mv487/qm9s/experiment_1_phase2/ped/26806/26806_summary.csv
Wrote: /local/scratch/mv487/qm9s/experiment_1_phase2/ped/26806/26806_families.csv
Wrote: /local/scratch/mv487/qm9s/experiment_1_phase2/ped/26806/26806_ped.csv
Wrote: /local/scratch/mv487/qm9s/experiment_1_phase2/ped/26806/26806_ir_transitions.csv

# All generated files are in: /local/scratch/mv487/qm9s/experiment_1_phase2/ped/26806
# Manifest: /local/scratch/mv487/qm9s/experiment_1_phase2/ped/26806/26806_manifest.txt

--- stderr ---
Normal modes/frequencies absent or incomplete: diagonalizing Hessian.
