# Contact: romi@lens.unifi.it
# Manual: https://github.com/SebRoLENS/orca-ped-analyzer/blob/main/docs/ORCA_PED_Analyzer_Manual.md
# Check GitHub for updates and new releases: https://github.com/SebRoLENS/orca-ped-analyzer
#
# Molecule: 21 atoms | non-linear
# Bonds inferred: 21 | candidate ICs: 192 | selected ICs: 57
# Cartesian-Hessian reconstruction relative error: 1.426e-05
# Energy distribution: PED (PED is the backward-compatible default; TED includes kinetic-energy terms)
# Ring/cycle bonds detected: 4 | ring atoms: 4 | ring systems: 1
# VPT2: no matching .out file supplied/found -> harmonic/PED analysis only
#
 Mode   Harm/cm-1   VPT2/cm-1  Harm.Int/km mol-1  Assignment                                                     Grouped PED
------------------------------------------------------------------------------------------------------------------------------------------------------------------------------------------------
    6       34.02          --                 --  C-C torsion                                                    C-C torsion 98.41%
    7       47.55          --                 --  C-C torsion                                                    C-C torsion 98.85%
    8       90.11          --                 --  mixed C-C torsion / ring-site C-H out-of-plane bending / cyclic-ring torsional/out-of-plane deformation C-C torsion 44.20%; ring-site C-H out-of-plane bending 31.80%; cyclic-ring torsional/out-of-plane deformation 19.40%; C-O torsion 2.13%
    9      115.57          --                 --  mixed ring-site C-H out-of-plane bending / cyclic-ring torsional/out-of-plane deformation / C-C torsion ring-site C-H out-of-plane bending 49.22%; cyclic-ring torsional/out-of-plane deformation 20.93%; C-C torsion 15.93%; C-C-O bending 6.42%
   10      163.25          --                 --  mixed ring-site C-H out-of-plane bending / cyclic-ring torsional/out-of-plane deformation ring-site C-H out-of-plane bending 53.01%; cyclic-ring torsional/out-of-plane deformation 38.70%; C-C torsion 2.04%
   11      238.66          --                 --  C-C torsion                                                    C-C torsion 94.99%
   12      244.49          --                 --  C-C torsion                                                    C-C torsion 94.30%; cyclic-ring torsional/out-of-plane deformation 2.57%
   13      341.20          --                 --  mixed ring-site C-H out-of-plane bending / O-C-C bending       ring-site C-H out-of-plane bending 49.47%; O-C-C bending 15.52%; cyclic-ring torsional/out-of-plane deformation 9.57%; C-C-C bending 7.82%
   14      368.86          --                 --  mixed ring-site C-H out-of-plane bending / C-C-C bending       ring-site C-H out-of-plane bending 41.22%; C-C-C bending 25.52%; C-H bending 8.99%; cyclic-ring torsional/out-of-plane deformation 7.85%
   15      408.68          --                 --  mixed ring-site C-H out-of-plane bending / C-C-O bending       ring-site C-H out-of-plane bending 30.36%; C-C-O bending 23.71%; C-C torsion 13.84%; cyclic-ring torsional/out-of-plane deformation 10.06%
   16      531.92          --                 --  mixed ring-site C-H out-of-plane bending / C-C-O bending       ring-site C-H out-of-plane bending 44.72%; C-C-O bending 11.89%; O-C-C bending 11.12%; C-H bending 10.43%
   17      604.96          --                 --  mixed ring-site C-H out-of-plane bending / O-C-O bending       ring-site C-H out-of-plane bending 33.75%; O-C-O bending 15.56%; C-C torsion 11.58%; C-C out-of-plane bending 10.13%
   18      611.90          --                 --  mixed C-C torsion / C-C out-of-plane bending / ring-site C-H out-of-plane bending C-C torsion 25.31%; C-C out-of-plane bending 23.80%; ring-site C-H out-of-plane bending 23.77%; C-H bending 12.67%
   19      704.74          --                 --  mixed ring-site C-H out-of-plane bending / cyclic-ring deformation (C-C-C bend) ring-site C-H out-of-plane bending 48.62%; cyclic-ring deformation (C-C-C bend) 15.81%; ring-site C-H in-plane bending 6.35%; C-H bending 5.56%
   20      773.03          --                 --  mixed ring-site C-H out-of-plane bending / ring-site C-H in-plane bending ring-site C-H out-of-plane bending 57.98%; ring-site C-H in-plane bending 12.59%; cyclic-ring deformation (C-C-C bend) 9.29%; mixed-phase cyclic C-C stretching 8.43%
   21      824.63          --                 --  mixed mixed-phase cyclic C-C stretching / exocyclic C-C stretching mixed-phase cyclic C-C stretching 29.90%; exocyclic C-C stretching 16.19%; ring-site C-H out-of-plane bending 14.16%; C-H bending 10.94%
   22      883.94          --                 --  mixed ring-site C-H out-of-plane bending / mixed-phase cyclic C-C stretching ring-site C-H out-of-plane bending 43.00%; mixed-phase cyclic C-C stretching 31.23%; C-H bending 11.62%; ring-site C-H in-plane bending 6.53%
   23      902.78          --                 --  mixed ring-site C-H out-of-plane bending / C-O stretching      ring-site C-H out-of-plane bending 29.37%; C-O stretching 13.32%; mixed-phase cyclic C-C stretching 11.39%; C-H bending 10.51%
   24      923.62          --                 --  mixed cyclic C-C stretching / ring-site C-H out-of-plane bending cyclic C-C stretching 33.72%; ring-site C-H out-of-plane bending 25.28%; C-H bending 11.40%; exocyclic C-C stretching 6.01%
   25      945.95          --                 --  mixed ring-site C-H out-of-plane bending / C-H bending / mixed-phase cyclic C-C stretching ring-site C-H out-of-plane bending 37.14%; C-H bending 22.08%; mixed-phase cyclic C-C stretching 16.16%; cyclic-ring deformation (C-C-C bend) 6.05%
   26      981.93          --                 --  mixed mixed-phase cyclic C-C stretching / ring-site C-H out-of-plane bending mixed-phase cyclic C-C stretching 23.44%; ring-site C-H out-of-plane bending 21.48%; C-H bending 11.19%; C-C torsion 8.58%
   27     1007.58          --                 --  mixed C-H bending / C-C torsion                                C-H bending 50.57%; C-C torsion 11.51%; ring-site C-H out-of-plane bending 6.11%; C-C stretching 4.90%
   28     1031.78          --                 --  mixed C-H bending / C-C torsion                                C-H bending 44.44%; C-C torsion 25.75%; ring-site C-H out-of-plane bending 8.59%; cyclic C-C stretching 6.06%
   29     1068.40          --                 --  mixed C-H bending / C-C torsion                                C-H bending 68.21%; C-C torsion 16.02%; C-C out-of-plane bending 13.92%
   30     1070.62          --                 --  mixed C-H bending / cyclic C-C stretching / exocyclic C-O stretching C-H bending 20.58%; cyclic C-C stretching 18.77%; exocyclic C-O stretching 16.15%; ring-site C-H out-of-plane bending 11.93%
   31     1107.40          --                 --  mixed cyclic C-C stretching / C-H bending                      cyclic C-C stretching 38.48%; C-H bending 17.92%; exocyclic C-O stretching 14.17%; exocyclic C-C stretching 11.56%
   32     1153.80          --                 --  mixed ring-site C-H out-of-plane bending / C-H bending         ring-site C-H out-of-plane bending 36.98%; C-H bending 25.30%; cyclic-ring torsional/out-of-plane deformation 11.44%; mixed-phase cyclic C-C stretching 7.91%
   33     1174.50          --                 --  mixed ring-site C-H in-plane bending / ring-site C-H out-of-plane bending / C-H bending ring-site C-H in-plane bending 24.76%; ring-site C-H out-of-plane bending 18.02%; C-H bending 16.98%; cyclic-ring torsional/out-of-plane deformation 12.20%
   34     1217.38          --                 --  mixed ring-site C-H out-of-plane bending / ring-site C-H in-plane bending ring-site C-H out-of-plane bending 31.88%; ring-site C-H in-plane bending 18.81%; C-C torsion 12.19%; C-H bending 11.34%
   35     1249.26          --                 --  ring-site C-H out-of-plane bending                             ring-site C-H out-of-plane bending 85.03%; ring-site C-H in-plane bending 4.48%; C-C torsion 3.94%; cyclic C-C stretching 3.16%
   36     1256.24          --                 --  mixed C-O stretching / C-H bending / O-C-O bending             C-O stretching 33.83%; C-H bending 26.18%; O-C-O bending 15.08%; C-C stretching 12.41%
   37     1265.48          --                 --  mixed ring-site C-H out-of-plane bending / ring-site C-H in-plane bending ring-site C-H out-of-plane bending 52.55%; ring-site C-H in-plane bending 33.14%; C-C torsion 7.00%; opposite-phase cyclic C-C stretching 4.30%
   38     1287.16          --                 --  mixed C-C torsion / ring-site C-H out-of-plane bending         C-C torsion 67.35%; ring-site C-H out-of-plane bending 10.56%; mixed-phase cyclic C-C stretching 7.32%; C-H bending 5.70%
   39     1296.26          --                 --  mixed ring-site C-H out-of-plane bending / ring-site C-H in-plane bending / mixed-phase cyclic C-C stretching ring-site C-H out-of-plane bending 43.84%; ring-site C-H in-plane bending 23.06%; mixed-phase cyclic C-C stretching 15.69%; C-H bending 9.25%
   40     1372.86          --                 --  C-H bending                                                    C-H bending 70.91%; ring-site C-H out-of-plane bending 8.45%; in-phase cyclic C-C stretching 6.68%; exocyclic C-C stretching 6.39%
   41     1395.53          --                 --  mixed C-H out-of-plane bending / C-H bending                   C-H out-of-plane bending 40.39%; C-H bending 29.74%; ring-site C-H in-plane bending 14.17%; ring-site C-H out-of-plane bending 8.91%
   42     1408.95          --                 --  mixed C-H out-of-plane bending / C-H bending                   C-H out-of-plane bending 45.43%; C-H bending 37.75%; ring-site C-H in-plane bending 5.19%; C-C stretching 3.94%
   43     1420.37          --                 --  C-H bending                                                    C-H bending 85.96%; exocyclic C-C stretching 3.86%; ring-site C-H out-of-plane bending 3.11%; C-H out-of-plane bending 3.10%
   44     1476.09          --                 --  mixed C-H bending / C-H out-of-plane bending                   C-H bending 56.37%; C-H out-of-plane bending 29.73%; C-C torsion 12.68%
   45     1481.30          --                 --  C-C torsion                                                    C-C torsion 80.39%; C-H bending 18.25%
   46     1486.42          --                 --  mixed ring-site C-H out-of-plane bending / C-H bending         ring-site C-H out-of-plane bending 68.00%; C-H bending 15.96%; ring-site C-H in-plane bending 8.26%; C-C torsion 6.30%
   47     1499.03          --                 --  mixed C-H bending / C-C torsion                                C-H bending 50.25%; C-C torsion 39.49%; ring-site C-H out-of-plane bending 8.76%
   48     1503.52          --                 --  mixed C-H bending / C-C torsion                                C-H bending 73.39%; C-C torsion 25.39%
   49     1506.88          --                 --  ring-site C-H out-of-plane bending                             ring-site C-H out-of-plane bending 87.03%; ring-site C-H in-plane bending 6.53%; cyclic C-C stretching 3.41%
   50     1791.58          --                 --  C-O stretching                                                 C-O stretching 79.32%; O-C-C bending 6.42%; C-C stretching 5.11%; C-H bending 3.80%
   51     3031.83          --                 --  in-phase C-H stretching                                        in-phase C-H stretching 99.29%
   52     3050.07          --                 --  mixed-phase ring-site C-H stretching                           mixed-phase ring-site C-H stretching 93.92%; mixed-phase C-H stretching 4.96%
   53     3054.16          --                 --  C-H stretching                                                 C-H stretching 99.52%
   54     3060.87          --                 --  mixed-phase ring-site C-H stretching                           mixed-phase ring-site C-H stretching 98.54%
   55     3069.54          --                 --  ring-site C-H stretching                                       ring-site C-H stretching 98.90%
   56     3090.64          --                 --  mixed ring-site C-H stretching / opposite-phase C-H stretching ring-site C-H stretching 65.98%; opposite-phase C-H stretching 33.06%
   57     3093.98          --                 --  mixed mixed-phase C-H stretching / mixed-phase ring-site C-H stretching mixed-phase C-H stretching 64.60%; mixed-phase ring-site C-H stretching 34.79%
   58     3101.56          --                 --  mixed-phase C-H stretching                                     mixed-phase C-H stretching 84.25%; mixed-phase ring-site C-H stretching 15.01%
   59     3105.85          --                 --  mixed-phase ring-site C-H stretching                           mixed-phase ring-site C-H stretching 88.01%; opposite-phase C-H stretching 11.06%
   60     3113.42          --                 --  opposite-phase C-H stretching                                  opposite-phase C-H stretching 99.72%
   61     3127.87          --                 --  mixed-phase ring-site C-H stretching                           mixed-phase ring-site C-H stretching 98.86%
   62     3159.59          --                 --  mixed-phase C-H stretching                                     mixed-phase C-H stretching 99.44%

# Selected internal-coordinate set:
#   1  nu(C1-C2)
#   2  nu(C3-C4)
#   3  nu(C5-H18)
#   4  nu(O6-C7)
#   5  nu(C8-H19)
#   6  nu(C8-H21)
#   7  nu(C2-H13)
#   8  nu(C1-H11)
#   9  nu(C4-H17)
#  10  nu(C3-H14)
#  11  nu(C4-C5)
#  12  nu(C8-H20)
#  13  nu(C1-H12)
#  14  nu(C7-O9)
#  15  nu(C3-H15)
#  16  gamma(C8;C7,O6,O9)
#  17  nu(C1-H10)
#  18  nu(C2-C5)
#  19  nu(C4-H16)
#  20  delta(O6-C7-O9)
#  21  nu(C2-C3)
#  22  gamma(H20;C8,H19,H21)
#  23  nu(C5-O6)
#  24  tau(H10-C1-C2-H13)
#  25  delta(H19-C8-H21)
#  26  delta(H11-C1-H12)
#  27  tau(H14-C3-C4-H17)
#  28  tau(H17-C4-C5-H18)
#  29  tau(C5-O6-C7-C8)
#  30  tau(H15-C3-C4-H16)
#  31  delta(C3-C4-H16)
#  32  delta(C4-C5-H18)
#  33  delta(C4-C3-H15)
#  34  delta(C2-C1-H11)
#  35  delta(C2-C1-H12)
#  36  delta(C2-C1-H10)
#  37  tau(O6-C7-C8-H20)
#  38  tau(C5-C2-C3-H14)
#  39  delta(C1-C2-H13)
#  40  delta(C7-C8-H20)
#  41  tau(C2-C3-C4-H16)
#  42  tau(H17-C4-C5-C2)
#  43  nu(C7-C8)
#  44  tau(H11-C1-C2-H13)
#  45  tau(H14-C3-C4-C5)
#  46  delta(C2-C5-O6)
#  47  tau(O6-C7-C8-H21)
#  48  delta(C7-C8-H21)
#  49  tau(H12-C1-C2-C3)
#  50  delta(C1-C2-C3)
#  51  delta(O6-C7-C8)
#  52  tau(C2-C5-O6-C7)
#  53  tau(C1-C2-C3-C4)
#  54  delta(C5-O6-C7)
#  55  delta(C2-C5-C4)
#  56  delta(C4-C5-O6)
#  57  tau(C3-C2-C5-C4)

Wrote: /local/scratch/mv487/qm9s/experiment_1_phase2/ped/87426/87426_summary.csv
Wrote: /local/scratch/mv487/qm9s/experiment_1_phase2/ped/87426/87426_families.csv
Wrote: /local/scratch/mv487/qm9s/experiment_1_phase2/ped/87426/87426_ped.csv
Wrote: /local/scratch/mv487/qm9s/experiment_1_phase2/ped/87426/87426_ir_transitions.csv

# All generated files are in: /local/scratch/mv487/qm9s/experiment_1_phase2/ped/87426
# Manifest: /local/scratch/mv487/qm9s/experiment_1_phase2/ped/87426/87426_manifest.txt

--- stderr ---
Normal modes/frequencies absent or incomplete: diagonalizing Hessian.
