# Contact: romi@lens.unifi.it
# Manual: https://github.com/SebRoLENS/orca-ped-analyzer/blob/main/docs/ORCA_PED_Analyzer_Manual.md
# Check GitHub for updates and new releases: https://github.com/SebRoLENS/orca-ped-analyzer
#
# Molecule: 17 atoms | non-linear
# Bonds inferred: 17 | candidate ICs: 112 | selected ICs: 45
# Cartesian-Hessian reconstruction relative error: 2.702e-05
# Energy distribution: PED (PED is the backward-compatible default; TED includes kinetic-energy terms)
# Ring/cycle bonds detected: 6 | ring atoms: 6 | ring systems: 1
# VPT2: no matching .out file supplied/found -> harmonic/PED analysis only
#
 Mode   Harm/cm-1   VPT2/cm-1  Harm.Int/km mol-1  Assignment                                                     Grouped PED
------------------------------------------------------------------------------------------------------------------------------------------------------------------------------------------------
    6       39.52          --                 --  C-N torsion                                                    C-N torsion 85.05%; C-C torsion 9.01%; cyclic-ring torsional/out-of-plane deformation 2.87%
    7       69.12          --                 --  C-N torsion                                                    C-N torsion 97.45%
    8      148.69          --                 --  mixed C-N-C bending / N-C-C bending                            C-N-C bending 41.87%; N-C-C bending 23.94%; C-C-N bending 13.84%; N-H bending 10.39%
    9      182.96          --                 --  mixed cyclic-ring torsional/out-of-plane deformation / C-N torsion / ring-site C-H out-of-plane bending cyclic-ring torsional/out-of-plane deformation 46.92%; C-N torsion 22.89%; ring-site C-H out-of-plane bending 19.00%; C-C torsion 10.38%
   10      259.88          --                 --  C-C torsion                                                    C-C torsion 97.84%
   11      329.50          --                 --  mixed C-C-N bending / C-H bending                              C-C-N bending 39.97%; C-H bending 14.40%; N-C-C bending 10.58%; C-H out-of-plane bending 9.67%
   12      371.39          --                 --  C-N torsion                                                    C-N torsion 79.68%; ring-site C-H out-of-plane bending 13.47%; cyclic-ring torsional/out-of-plane deformation 4.47%
   13      449.50          --                 --  C-N torsion                                                    C-N torsion 96.98%
   14      461.74          --                 --  mixed N-C-C bending / C-N-C bending                            N-C-C bending 29.55%; C-N-C bending 18.86%; C-N stretching 11.08%; cyclic-ring deformation (C-C-N bend) 10.08%
   15      550.73          --                 --  mixed C-N torsion / ring-site C-H out-of-plane bending         C-N torsion 60.50%; ring-site C-H out-of-plane bending 28.76%; cyclic-ring torsional/out-of-plane deformation 9.79%
   16      622.22          --                 --  mixed cyclic-ring deformation (C-N-C bend) / cyclic-ring deformation (N-N-C bend) cyclic-ring deformation (C-N-C bend) 36.15%; cyclic-ring deformation (N-N-C bend) 21.03%; C-N-C bending 9.92%; N-C-C bending 8.26%
   17      700.06          --                 --  mixed cyclic-ring deformation (C-C-N bend) / cyclic-ring deformation (C-N-C bend) cyclic-ring deformation (C-C-N bend) 47.26%; cyclic-ring deformation (C-N-C bend) 15.83%; cyclic C-C stretching 9.05%; N-C-C bending 6.12%
   18      785.90          --                 --  mixed C-N torsion / ring-site C-H out-of-plane bending / cyclic-ring out-of-plane deformation C-N torsion 46.06%; ring-site C-H out-of-plane bending 36.42%; cyclic-ring out-of-plane deformation 17.27%
   19      826.87          --                 --  mixed C-H bending / C-C torsion                                C-H bending 63.53%; C-C torsion 28.28%; C-H out-of-plane bending 6.10%
   20      870.21          --                 --  mixed C-H bending / cyclic-ring deformation (N-N-C bend)       C-H bending 24.65%; cyclic-ring deformation (N-N-C bend) 16.02%; cyclic C-C stretching 13.51%; C-N stretching 6.94%
   21      878.42          --                 --  ring-site C-H out-of-plane bending                             ring-site C-H out-of-plane bending 91.39%; cyclic-ring out-of-plane deformation 3.27%; C-N torsion 2.29%
   22      956.77          --                 --  mixed C-H bending / C-C stretching                             C-H bending 35.37%; C-C stretching 21.39%; C-C torsion 8.11%; cyclic C-C stretching 7.31%
   23      976.58          --                 --  mixed cyclic-ring out-of-plane deformation / ring-site C-H out-of-plane bending cyclic-ring out-of-plane deformation 58.98%; ring-site C-H out-of-plane bending 40.08%
   24     1017.84          --                 --  mixed cyclic-ring deformation (N-N-C bend) / cyclic N-N stretching cyclic-ring deformation (N-N-C bend) 28.63%; cyclic N-N stretching 27.96%; cyclic C-N stretching 10.46%; C-C stretching 7.66%
   25     1050.84          --                 --  mixed cyclic N-N stretching / cyclic C-N stretching            cyclic N-N stretching 34.60%; cyclic C-N stretching 28.88%; cyclic-ring deformation (C-N-C bend) 14.40%; cyclic-ring deformation (C-C-N bend) 12.71%
   26     1074.47          --                 --  mixed C-C stretching / C-H bending                             C-C stretching 35.25%; C-H bending 22.06%; C-N stretching 13.45%; N-H bending 5.28%
   27     1155.89          --                 --  mixed cyclic C-N stretching / C-N stretching                   cyclic C-N stretching 48.00%; C-N stretching 14.44%; C-H bending 11.94%; cyclic C-C stretching 10.67%
   28     1172.46          --                 --  mixed C-H bending / C-C torsion                                C-H bending 74.20%; C-C torsion 23.23%
   29     1187.84          --                 --  mixed mixed-phase cyclic C-N stretching / C-H bending / C-N stretching mixed-phase cyclic C-N stretching 36.31%; C-H bending 24.84%; C-N stretching 16.38%; C-C-N bending 5.19%
   30     1288.14          --                 --  mixed opposite-phase cyclic C-N stretching / ring-site C-H in-plane bending opposite-phase cyclic C-N stretching 40.46%; ring-site C-H in-plane bending 14.68%; cyclic-ring deformation (C-C-N bend) 11.01%; N-H bending 10.27%
   31     1309.24          --                 --  C-H bending                                                    C-H bending 72.40%; C-C torsion 17.69%; C-H out-of-plane bending 9.77%
   32     1337.90          --                 --  mixed ring-site C-H in-plane bending / mixed-phase cyclic C-N stretching ring-site C-H in-plane bending 52.90%; mixed-phase cyclic C-N stretching 25.96%; N-H bending 6.02%; C-H bending 5.38%
   33     1375.89          --                 --  mixed C-H bending / C-H out-of-plane bending                   C-H bending 35.94%; C-H out-of-plane bending 26.24%; mixed-phase cyclic C-N stretching 13.82%; ring-site C-H in-plane bending 9.04%
   34     1417.81          --                 --  mixed C-H bending / cyclic C-N stretching                      C-H bending 56.83%; cyclic C-N stretching 11.74%; ring-site C-H in-plane bending 10.53%; C-H out-of-plane bending 8.41%
   35     1427.90          --                 --  C-H bending                                                    C-H bending 81.64%; C-H out-of-plane bending 6.48%; C-C stretching 4.87%; ring-site C-H in-plane bending 2.61%
   36     1469.66          --                 --  mixed ring-site C-H in-plane bending / N-H bending             ring-site C-H in-plane bending 42.54%; N-H bending 19.12%; mixed-phase cyclic C-N stretching 13.96%; C-H bending 11.39%
   37     1499.38          --                 --  C-H bending                                                    C-H bending 81.02%; C-C torsion 18.90%
   38     1506.90          --                 --  C-H bending                                                    C-H bending 85.50%; C-C torsion 6.09%; cyclic C-N stretching 2.28%
   39     1509.56          --                 --  mixed mixed-phase cyclic C-N stretching / C-H bending          mixed-phase cyclic C-N stretching 29.28%; C-H bending 23.56%; exocyclic C-N stretching 9.73%; cyclic C-C stretching 8.51%
   40     1533.67          --                 --  mixed C-H out-of-plane bending / C-C torsion                   C-H out-of-plane bending 51.78%; C-C torsion 30.48%; C-H bending 14.86%
   41     1583.76          --                 --  mixed mixed-phase cyclic C-N stretching / N-H bending          mixed-phase cyclic C-N stretching 32.21%; N-H bending 24.02%; ring-site C-H in-plane bending 10.80%; cyclic C-C stretching 9.38%
   42     1600.01          --                 --  mixed mixed-phase cyclic C-N stretching / exocyclic C-N stretching mixed-phase cyclic C-N stretching 36.21%; exocyclic C-N stretching 22.71%; cyclic C-C stretching 11.06%; ring-site C-H in-plane bending 10.38%
   43     3006.11          --                 --  in-phase C-H stretching                                        in-phase C-H stretching 99.29%
   44     3029.81          --                 --  opposite-phase C-H stretching                                  opposite-phase C-H stretching 99.40%
   45     3039.33          --                 --  C-H stretching                                                 C-H stretching 99.65%
   46     3102.81          --                 --  opposite-phase C-H stretching                                  opposite-phase C-H stretching 99.34%
   47     3117.85          --                 --  mixed-phase C-H stretching                                     mixed-phase C-H stretching 99.28%
   48     3177.85          --                 --  ring-site C-H stretching                                       ring-site C-H stretching 99.19%
   49     3186.91          --                 --  ring-site C-H stretching                                       ring-site C-H stretching 98.71%
   50     3599.95          --                 --  N-H stretching                                                 N-H stretching 99.57%

# Selected internal-coordinate set:
#   1  nu(C1-C2)
#   2  nu(N3-C4)
#   3  nu(C5-N6)
#   4  nu(N7-C8)
#   5  nu(C2-H14)
#   6  nu(C1-H10)
#   7  nu(N3-H15)
#   8  nu(C8-H17)
#   9  nu(C5-H16)
#  10  nu(C4-N9)
#  11  nu(C2-H13)
#  12  nu(C1-H11)
#  13  gamma(H16;C5,C4,N6)
#  14  gamma(N9;C8,N7,H17)
#  15  tau(H15-N3-C4-N9)
#  16  nu(N6-N7)
#  17  nu(C1-H12)
#  18  tau(C2-N3-C4-N9)
#  19  nu(C8-N9)
#  20  delta(C4-N3-H15)
#  21  gamma(H13;C2,C1,H14)
#  22  tau(H16-C5-N6-N7)
#  23  delta(H10-C1-H11)
#  24  delta(H10-C1-H12)
#  25  delta(N6-C5-H16)
#  26  delta(H11-C1-H12)
#  27  delta(N6-N7-C8)
#  28  delta(C1-C2-H14)
#  29  delta(N9-C8-H17)
#  30  delta(C4-N9-C8)
#  31  tau(H15-N3-C4-C5)
#  32  delta(C1-C2-H13)
#  33  delta(C2-C1-H10)
#  34  nu(C4-C5)
#  35  delta(C4-C5-N6)
#  36  tau(N6-N7-C8-H17)
#  37  nu(C2-N3)
#  38  delta(C2-C1-H11)
#  39  tau(H12-C1-C2-H13)
#  40  delta(C2-N3-C4)
#  41  tau(N3-C4-N9-C8)
#  42  tau(H10-C1-C2-N3)
#  43  delta(C1-C2-N3)
#  44  tau(C1-C2-N3-C4)
#  45  delta(N3-C4-C5)

Wrote: /local/scratch/mv487/qm9s/experiment_1_phase2/ped/117204/117204_summary.csv
Wrote: /local/scratch/mv487/qm9s/experiment_1_phase2/ped/117204/117204_families.csv
Wrote: /local/scratch/mv487/qm9s/experiment_1_phase2/ped/117204/117204_ped.csv
Wrote: /local/scratch/mv487/qm9s/experiment_1_phase2/ped/117204/117204_ir_transitions.csv

# All generated files are in: /local/scratch/mv487/qm9s/experiment_1_phase2/ped/117204
# Manifest: /local/scratch/mv487/qm9s/experiment_1_phase2/ped/117204/117204_manifest.txt

--- stderr ---
Normal modes/frequencies absent or incomplete: diagonalizing Hessian.
