# Contact: romi@lens.unifi.it
# Manual: https://github.com/SebRoLENS/orca-ped-analyzer/blob/main/docs/ORCA_PED_Analyzer_Manual.md
# Check GitHub for updates and new releases: https://github.com/SebRoLENS/orca-ped-analyzer
#
# Molecule: 16 atoms | non-linear
# Bonds inferred: 16 | candidate ICs: 145 | selected ICs: 42
# Cartesian-Hessian reconstruction relative error: 2.979e-05
# Energy distribution: PED (PED is the backward-compatible default; TED includes kinetic-energy terms)
# Ring/cycle bonds detected: 3 | ring atoms: 3 | ring systems: 1
# VPT2: no matching .out file supplied/found -> harmonic/PED analysis only
#
 Mode   Harm/cm-1   VPT2/cm-1  Harm.Int/km mol-1  Assignment                                                     Grouped PED
------------------------------------------------------------------------------------------------------------------------------------------------------------------------------------------------
    6       51.20          --                 --  mixed C-C torsion / C-C-C bending                              C-C torsion 55.13%; C-C-C bending 17.80%; C-H bending 17.08%; C-O out-of-plane bending 4.68%
    7       65.44          --                 --  mixed C-C torsion / C-C-C bending                              C-C torsion 61.62%; C-C-C bending 23.68%; C-H bending 7.29%; O-C-C bending 2.38%
    8       87.06          --                 --  mixed C-C torsion / cyclic-ring torsional/out-of-plane deformation C-C torsion 51.55%; cyclic-ring torsional/out-of-plane deformation 23.20%; C-C-C bending 12.33%; C-C out-of-plane bending 3.27%
    9      176.51          --                 --  mixed C-C-C bending / C-C torsion                              C-C-C bending 49.50%; C-C torsion 25.05%; C-C out-of-plane bending 10.43%; ring-site C-H out-of-plane bending 5.80%
   10      260.97          --                 --  mixed C-C-C bending / cyclic-ring torsional/out-of-plane deformation C-C-C bending 56.78%; cyclic-ring torsional/out-of-plane deformation 19.90%; C-H bending 5.78%; cyclic-ring out-of-plane deformation 4.63%
   11      287.66          --                 --  mixed C-C-C bending / C-C-O bending                            C-C-C bending 69.39%; C-C-O bending 6.36%; C-H bending 6.00%; cyclic-ring out-of-plane deformation 4.75%
   12      389.41          --                 --  mixed C-C-C bending / C-C out-of-plane bending                 C-C-C bending 47.47%; C-C out-of-plane bending 12.93%; C-C-O bending 12.24%; C-H bending 9.65%
   13      418.29          --                 --  mixed C-C-C bending / cyclic-ring torsional/out-of-plane deformation C-C-C bending 36.86%; cyclic-ring torsional/out-of-plane deformation 26.78%; C-H bending 9.37%; C-C-O bending 7.20%
   14      520.43          --                 --  mixed O-C-C bending / C-C-C bending                            O-C-C bending 45.14%; C-C-C bending 13.90%; C-C-O bending 12.51%; C-H bending 12.21%
   15      534.17          --                 --  mixed C-C-C bending / O-C-C bending                            C-C-C bending 28.51%; O-C-C bending 15.86%; C-C-O bending 10.10%; exocyclic C-C stretching 9.45%
   16      748.20          --                 --  mixed C-H bending / mixed-phase cyclic C-C stretching          C-H bending 36.26%; mixed-phase cyclic C-C stretching 15.78%; C-C-C bending 13.16%; C-O out-of-plane bending 13.05%
   17      830.71          --                 --  mixed cyclic-ring out-of-plane deformation / cyclic C-C stretching / C-H bending cyclic-ring out-of-plane deformation 34.64%; cyclic C-C stretching 22.53%; C-H bending 20.03%; C-C stretching 13.01%
   18      845.28          --                 --  mixed cyclic-ring out-of-plane deformation / cyclic C-C stretching cyclic-ring out-of-plane deformation 44.25%; cyclic C-C stretching 13.36%; ring-site C-H out-of-plane bending 12.33%; C-C-O bending 8.82%
   19      874.94          --                 --  mixed cyclic-ring out-of-plane deformation / ring-site C-H out-of-plane bending cyclic-ring out-of-plane deformation 41.62%; ring-site C-H out-of-plane bending 29.94%; C-C out-of-plane bending 10.11%; ring-site C-H in-plane bending 7.08%
   20      923.70          --                 --  mixed cyclic-ring out-of-plane deformation / cyclic C-C stretching / C-H bending cyclic-ring out-of-plane deformation 24.32%; cyclic C-C stretching 21.29%; C-H bending 16.08%; C-C out-of-plane bending 14.63%
   21      960.57          --                 --  mixed exocyclic C-C stretching / cyclic C-C stretching / C-H bending exocyclic C-C stretching 25.55%; cyclic C-C stretching 22.45%; C-H bending 15.60%; cyclic-ring out-of-plane deformation 10.42%
   22     1026.43          --                 --  mixed C-C stretching / C-H bending / opposite-phase exocyclic C-C stretching C-C stretching 29.39%; C-H bending 19.92%; opposite-phase exocyclic C-C stretching 16.47%; mixed-phase cyclic C-C stretching 12.13%
   23     1043.77          --                 --  mixed C-O out-of-plane bending / cyclic-ring out-of-plane deformation C-O out-of-plane bending 60.88%; cyclic-ring out-of-plane deformation 13.69%; ring-site C-H out-of-plane bending 9.29%; cyclic C-C stretching 4.00%
   24     1065.96          --                 --  mixed C-O out-of-plane bending / cyclic-ring out-of-plane deformation C-O out-of-plane bending 30.19%; cyclic-ring out-of-plane deformation 24.24%; C-H bending 14.28%; C-C-C bending 8.89%
   25     1084.23          --                 --  mixed cyclic-ring out-of-plane deformation / ring-site C-H out-of-plane bending cyclic-ring out-of-plane deformation 62.76%; ring-site C-H out-of-plane bending 25.21%; C-O out-of-plane bending 5.73%; C-H bending 2.11%
   26     1139.15          --                 --  mixed C-C out-of-plane bending / ring-site C-H out-of-plane bending / cyclic-ring out-of-plane deformation C-C out-of-plane bending 36.38%; ring-site C-H out-of-plane bending 26.45%; cyclic-ring out-of-plane deformation 15.34%; ring-site C-H in-plane bending 14.13%
   27     1165.50          --                 --  mixed cyclic-ring out-of-plane deformation / C-H bending / C-C-C bending cyclic-ring out-of-plane deformation 24.23%; C-H bending 19.17%; C-C-C bending 15.04%; opposite-phase exocyclic C-C stretching 10.48%
   28     1195.85          --                 --  mixed cyclic-ring out-of-plane deformation / C-C out-of-plane bending / exocyclic C-C stretching cyclic-ring out-of-plane deformation 21.80%; C-C out-of-plane bending 18.63%; exocyclic C-C stretching 17.38%; C-C-O bending 11.25%
   29     1229.44          --                 --  mixed cyclic C-C stretching / C-H bending / exocyclic C-C stretching cyclic C-C stretching 27.33%; C-H bending 27.04%; exocyclic C-C stretching 23.89%; ring-site C-H in-plane bending 7.24%
   30     1245.94          --                 --  mixed C-H bending / ring-site C-H in-plane bending             C-H bending 67.65%; ring-site C-H in-plane bending 9.29%; cyclic-ring out-of-plane deformation 8.88%; cyclic C-C stretching 2.76%
   31     1302.49          --                 --  C-H bending                                                    C-H bending 88.87%; C-C stretching 2.68%
   32     1352.39          --                 --  mixed ring-site C-H in-plane bending / C-H bending             ring-site C-H in-plane bending 30.92%; C-H bending 29.33%; cyclic-ring out-of-plane deformation 10.39%; cyclic C-C stretching 9.85%
   33     1420.03          --                 --  C-H bending                                                    C-H bending 76.61%; exocyclic C-C stretching 9.91%; cyclic C-C stretching 5.84%; cyclic-ring out-of-plane deformation 3.14%
   34     1427.90          --                 --  C-H bending                                                    C-H bending 93.27%; C-O stretching 2.73%; C-C stretching 2.14%
   35     1448.83          --                 --  C-H bending                                                    C-H bending 79.84%; exocyclic C-C stretching 5.91%; ring-site C-H in-plane bending 4.59%; in-phase cyclic C-C stretching 3.48%
   36     1469.11          --                 --  C-H bending                                                    C-H bending 96.79%
   37     1497.49          --                 --  mixed C-H bending / cyclic-ring out-of-plane deformation       C-H bending 67.77%; cyclic-ring out-of-plane deformation 14.19%; in-phase cyclic C-C stretching 9.35%; ring-site C-H out-of-plane bending 7.03%
   38     1784.61          --                 --  C-O stretching                                                 C-O stretching 86.74%; C-H bending 5.83%; exocyclic C-C stretching 4.93%
   39     1809.32          --                 --  C-O stretching                                                 C-O stretching 88.71%; C-H bending 5.67%; C-C stretching 4.05%
   40     2870.03          --                 --  C-H stretching                                                 C-H stretching 98.97%
   41     2885.23          --                 --  C-H stretching                                                 C-H stretching 98.97%
   42     3011.45          --                 --  C-H stretching                                                 C-H stretching 99.46%
   43     3108.22          --                 --  mixed-phase C-H stretching                                     mixed-phase C-H stretching 93.11%; ring-site C-H stretching 5.99%
   44     3128.40          --                 --  ring-site C-H stretching                                       ring-site C-H stretching 99.16%
   45     3136.12          --                 --  ring-site C-H stretching                                       ring-site C-H stretching 93.49%; C-H stretching 5.86%
   46     3174.24          --                 --  ring-site C-H stretching                                       ring-site C-H stretching 99.28%
   47     3216.21          --                 --  opposite-phase ring-site C-H stretching                        opposite-phase ring-site C-H stretching 99.52%

# Selected internal-coordinate set:
#   1  nu(C2-H9)
#   2  nu(C3-C4)
#   3  nu(C5-C6)
#   4  nu(C7-O8)
#   5  nu(C3-H11)
#   6  nu(C4-H12)
#   7  nu(C5-H14)
#   8  nu(C6-H15)
#   9  nu(C7-H16)
#  10  nu(O1-C2)
#  11  nu(C3-H10)
#  12  tau(H14-C5-C6-H15)
#  13  gamma(O8;C7,C6,H16)
#  14  gamma(O1;C2,C3,H9)
#  15  gamma(C6;C4,C3,H12)
#  16  nu(C5-H13)
#  17  gamma(C6;C5,C4,H14)
#  18  delta(O1-C2-H9)
#  19  delta(O8-C7-H16)
#  20  delta(H10-C3-H11)
#  21  delta(C5-C6-H15)
#  22  delta(C4-C3-H10)
#  23  delta(C3-C4-H12)
#  24  delta(H13-C5-H14)
#  25  gamma(C4;C5,C6,H13)
#  26  delta(C4-C3-H11)
#  27  gamma(C6;C5,C4,H13)
#  28  delta(C6-C7-O8)
#  29  delta(O1-C2-C3)
#  30  nu(C2-C3)
#  31  nu(C6-C7)
#  32  delta(C2-C3-H11)
#  33  gamma(C4;C5,C6,H14)
#  34  nu(C4-C5)
#  35  tau(C5-C6-C7-O8)
#  36  tau(O1-C2-C3-C4)
#  37  delta(C5-C6-C7)
#  38  tau(C4-C5-C6-C7)
#  39  delta(C2-C3-C4)
#  40  delta(C3-C4-C5)
#  41  tau(C2-C3-C4-C6)
#  42  delta(C3-C4-C6)

Wrote: /local/scratch/mv487/qm9s/experiment_1_phase2/ped/13998/13998_summary.csv
Wrote: /local/scratch/mv487/qm9s/experiment_1_phase2/ped/13998/13998_families.csv
Wrote: /local/scratch/mv487/qm9s/experiment_1_phase2/ped/13998/13998_ped.csv
Wrote: /local/scratch/mv487/qm9s/experiment_1_phase2/ped/13998/13998_ir_transitions.csv

# All generated files are in: /local/scratch/mv487/qm9s/experiment_1_phase2/ped/13998
# Manifest: /local/scratch/mv487/qm9s/experiment_1_phase2/ped/13998/13998_manifest.txt

--- stderr ---
Normal modes/frequencies absent or incomplete: diagonalizing Hessian.
