# Contact: romi@lens.unifi.it
# Manual: https://github.com/SebRoLENS/orca-ped-analyzer/blob/main/docs/ORCA_PED_Analyzer_Manual.md
# Check GitHub for updates and new releases: https://github.com/SebRoLENS/orca-ped-analyzer
#
# Molecule: 12 atoms | non-linear
# Bonds inferred: 12 | candidate ICs: 72 | selected ICs: 30
# Cartesian-Hessian reconstruction relative error: 3.040e-05
# Energy distribution: PED (PED is the backward-compatible default; TED includes kinetic-energy terms)
# Ring/cycle bonds detected: 6 | ring atoms: 6 | ring systems: 1
# VPT2: no matching .out file supplied/found -> harmonic/PED analysis only
#
 Mode   Harm/cm-1   VPT2/cm-1  Harm.Int/km mol-1  Assignment                                                     Grouped PED
------------------------------------------------------------------------------------------------------------------------------------------------------------------------------------------------
    6      131.10          --                 --  cyclic-ring torsional/out-of-plane deformation                 cyclic-ring torsional/out-of-plane deformation 91.14%; ring-site N-H out-of-plane bending 8.86%
    7      141.93          --                 --  mixed cyclic-ring torsional/out-of-plane deformation / ring-site N-H out-of-plane bending cyclic-ring torsional/out-of-plane deformation 65.70%; ring-site N-H out-of-plane bending 34.30%
    8      141.95          --                 --  cyclic-ring torsional/out-of-plane deformation                 cyclic-ring torsional/out-of-plane deformation 80.70%; ring-site N-H out-of-plane bending 19.30%
    9      392.06          --                 --  mixed N-C-O bending / O-C-N bending / mixed-phase cyclic C-N stretching N-C-O bending 27.28%; O-C-N bending 24.33%; mixed-phase cyclic C-N stretching 22.77%; cyclic-ring deformation (C-N-C bend) 21.99%
   10      392.06          --                 --  mixed N-C-O bending / mixed-phase cyclic C-N stretching / cyclic-ring deformation (C-N-C bend) N-C-O bending 44.04%; mixed-phase cyclic C-N stretching 23.23%; cyclic-ring deformation (C-N-C bend) 19.68%; O-C-N bending 10.69%
   11      519.41          --                 --  mixed cyclic-ring deformation (C-N-C bend) / cyclic-ring deformation (N-C-N bend) cyclic-ring deformation (C-N-C bend) 62.23%; cyclic-ring deformation (N-C-N bend) 12.52%; mixed-phase cyclic C-N stretching 8.77%; ring-site N-H in-plane bending 6.38%
   12      519.42          --                 --  mixed cyclic-ring deformation (N-C-N bend) / cyclic-ring deformation (C-N-C bend) cyclic-ring deformation (N-C-N bend) 57.08%; cyclic-ring deformation (C-N-C bend) 24.62%; N-C-O bending 6.81%; opposite-phase cyclic C-N stretching 6.18%
   13      573.16          --                 --  ring-site N-H out-of-plane bending                             ring-site N-H out-of-plane bending 99.09%
   14      573.32          --                 --  ring-site N-H out-of-plane bending                             ring-site N-H out-of-plane bending 99.67%
   15      637.22          --                 --  mixed N-C-O bending / O-C-N bending                            N-C-O bending 59.19%; O-C-N bending 29.59%; ring-site N-H in-plane bending 8.25%; cyclic C-N stretching 2.96%
   16      648.76          --                 --  ring-site N-H out-of-plane bending                             ring-site N-H out-of-plane bending 100.00%
   17      663.96          --                 --  mixed in-phase cyclic C-N stretching / cyclic-ring deformation (C-N-C bend) in-phase cyclic C-N stretching 56.81%; cyclic-ring deformation (C-N-C bend) 19.01%; cyclic-ring deformation (N-C-N bend) 14.51%; in-phase exocyclic C-O stretching 5.46%
   18      738.68          --                 --  ring-site N-H out-of-plane bending                             ring-site N-H out-of-plane bending 99.37%
   19      738.99          --                 --  mixed ring-site N-H out-of-plane bending / cyclic-ring torsional/out-of-plane deformation ring-site N-H out-of-plane bending 62.84%; cyclic-ring torsional/out-of-plane deformation 37.16%
   20      739.02          --                 --  mixed cyclic-ring torsional/out-of-plane deformation / ring-site N-H out-of-plane bending cyclic-ring torsional/out-of-plane deformation 57.33%; ring-site N-H out-of-plane bending 42.67%
   21      986.34          --                 --  mixed cyclic-ring deformation (C-N-C bend) / cyclic-ring deformation (N-C-N bend) cyclic-ring deformation (C-N-C bend) 43.23%; cyclic-ring deformation (N-C-N bend) 32.99%; in-phase cyclic C-N stretching 13.17%; N-C-O bending 4.34%
   22     1025.62          --                 --  mixed mixed-phase cyclic C-N stretching / ring-site N-H in-plane bending mixed-phase cyclic C-N stretching 63.19%; ring-site N-H in-plane bending 14.29%; cyclic-ring deformation (C-N-C bend) 11.00%; N-C-O bending 7.92%
   23     1025.69          --                 --  mixed mixed-phase cyclic C-N stretching / ring-site N-H in-plane bending mixed-phase cyclic C-N stretching 68.15%; ring-site N-H in-plane bending 15.43%; O-C-N bending 5.69%; cyclic-ring deformation (N-C-N bend) 4.01%
   24     1184.47          --                 --  mixed-phase cyclic C-N stretching                              mixed-phase cyclic C-N stretching 94.44%; N-C-O bending 3.48%
   25     1392.46          --                 --  ring-site N-H in-plane bending                                 ring-site N-H in-plane bending 91.57%; mixed-phase cyclic C-N stretching 6.17%
   26     1408.48          --                 --  mixed ring-site N-H in-plane bending / mixed-phase cyclic C-N stretching / cyclic-ring deformation (C-N-C bend) ring-site N-H in-plane bending 28.16%; mixed-phase cyclic C-N stretching 27.93%; cyclic-ring deformation (C-N-C bend) 23.57%; N-C-O bending 13.55%
   27     1408.50          --                 --  mixed ring-site N-H in-plane bending / mixed-phase cyclic C-N stretching ring-site N-H in-plane bending 33.32%; mixed-phase cyclic C-N stretching 32.46%; O-C-N bending 10.46%; cyclic-ring deformation (C-N-C bend) 9.58%
   28     1450.94          --                 --  mixed mixed-phase cyclic C-N stretching / ring-site N-H in-plane bending mixed-phase cyclic C-N stretching 48.54%; ring-site N-H in-plane bending 24.60%; mixed-phase exocyclic C-O stretching 10.50%; cyclic-ring deformation (C-N-C bend) 9.55%
   29     1450.98          --                 --  mixed mixed-phase cyclic C-N stretching / ring-site N-H in-plane bending mixed-phase cyclic C-N stretching 48.72%; ring-site N-H in-plane bending 25.53%; opposite-phase exocyclic C-O stretching 10.89%; cyclic-ring deformation (C-N-C bend) 5.11%
   30     1816.05          --                 --  mixed opposite-phase exocyclic C-O stretching / mixed-phase cyclic C-N stretching opposite-phase exocyclic C-O stretching 69.11%; mixed-phase cyclic C-N stretching 16.55%; ring-site N-H in-plane bending 9.28%; cyclic-ring deformation (C-N-C bend) 2.77%
   31     1816.07          --                 --  mixed mixed-phase exocyclic C-O stretching / cyclic-ring deformation (N-C-N bend) mixed-phase exocyclic C-O stretching 55.59%; cyclic-ring deformation (N-C-N bend) 18.37%; mixed-phase cyclic C-N stretching 13.94%; ring-site N-H in-plane bending 7.46%
   32     1842.18          --                 --  mixed in-phase exocyclic C-O stretching / cyclic-ring deformation (C-N-C bend) in-phase exocyclic C-O stretching 67.67%; cyclic-ring deformation (C-N-C bend) 12.43%; cyclic-ring deformation (N-C-N bend) 9.50%; in-phase cyclic C-N stretching 7.68%
   33     3614.27          --                 --  mixed-phase ring-site N-H stretching                           mixed-phase ring-site N-H stretching 99.14%
   34     3614.34          --                 --  opposite-phase ring-site N-H stretching                        opposite-phase ring-site N-H stretching 99.36%
   35     3617.40          --                 --  in-phase ring-site N-H stretching                              in-phase ring-site N-H stretching 99.00%

# Selected internal-coordinate set:
#   1  nu(O1-C2)
#   2  nu(N3-H10)
#   3  nu(C4-O5)
#   4  nu(N6-C7)
#   5  nu(N9-H12)
#   6  nu(N6-H11)
#   7  tau(H10-N3-C4-O5)
#   8  tau(H11-N6-C7-O8)
#   9  tau(O1-C2-N9-H12)
#  10  nu(C7-O8)
#  11  nu(N3-C4)
#  12  nu(C2-N9)
#  13  tau(C2-N3-C4-O5)
#  14  tau(C4-N6-C7-O8)
#  15  delta(O1-C2-N9)
#  16  delta(N6-C7-O8)
#  17  delta(N3-C4-O5)
#  18  tau(O1-C2-N9-C7)
#  19  delta(C4-N6-H11)
#  20  delta(C7-N9-H12)
#  21  delta(C2-N3-H10)
#  22  nu(C7-N9)
#  23  nu(C2-N3)
#  24  nu(C4-N6)
#  25  tau(H11-N6-C7-N9)
#  26  tau(N9-C2-N3-H10)
#  27  delta(N3-C4-N6)
#  28  delta(C2-N9-C7)
#  29  tau(O8-C7-N9-C2)
#  30  delta(C4-N6-C7)

Wrote: /local/scratch/mv487/qm9s/experiment_1_phase2/ped/22792/22792_summary.csv
Wrote: /local/scratch/mv487/qm9s/experiment_1_phase2/ped/22792/22792_families.csv
Wrote: /local/scratch/mv487/qm9s/experiment_1_phase2/ped/22792/22792_ped.csv
Wrote: /local/scratch/mv487/qm9s/experiment_1_phase2/ped/22792/22792_ir_transitions.csv

# All generated files are in: /local/scratch/mv487/qm9s/experiment_1_phase2/ped/22792
# Manifest: /local/scratch/mv487/qm9s/experiment_1_phase2/ped/22792/22792_manifest.txt

--- stderr ---
Normal modes/frequencies absent or incomplete: diagonalizing Hessian.
