# Contact: romi@lens.unifi.it
# Manual: https://github.com/SebRoLENS/orca-ped-analyzer/blob/main/docs/ORCA_PED_Analyzer_Manual.md
# Check GitHub for updates and new releases: https://github.com/SebRoLENS/orca-ped-analyzer
#
# Molecule: 18 atoms | non-linear
# Bonds inferred: 21 | candidate ICs: 229 | selected ICs: 48
# Cartesian-Hessian reconstruction relative error: 9.229e-05
# Energy distribution: PED (PED is the backward-compatible default; TED includes kinetic-energy terms)
# Ring/cycle bonds detected: 11 | ring atoms: 8 | ring systems: 1
# VPT2: no matching .out file supplied/found -> harmonic/PED analysis only
#
 Mode   Harm/cm-1   VPT2/cm-1  Harm.Int/km mol-1  Assignment                                                     Grouped PED
------------------------------------------------------------------------------------------------------------------------------------------------------------------------------------------------
    6      173.77          --                 --  C-C torsion                                                    C-C torsion 96.21%
    7      188.78          --                 --  mixed ring-site C-H out-of-plane bending / C-C torsion / mixed-phase cyclic C-C stretching ring-site C-H out-of-plane bending 36.08%; C-C torsion 29.82%; mixed-phase cyclic C-C stretching 16.70%; C-C-C bending 6.95%
    8      276.50          --                 --  mixed C-C-C bending / C-C torsion / ring-site C-H out-of-plane bending C-C-C bending 29.79%; C-C torsion 27.08%; ring-site C-H out-of-plane bending 23.75%; cyclic C-C stretching 4.88%
    9      353.75          --                 --  mixed cyclic C-C stretching / ring-site C-H out-of-plane bending / cyclic-ring out-of-plane deformation cyclic C-C stretching 38.84%; ring-site C-H out-of-plane bending 32.75%; cyclic-ring out-of-plane deformation 15.96%; C-C-C bending 3.11%
   10      364.88          --                 --  mixed ring-site C-H out-of-plane bending / cyclic-ring deformation (C-C-C bend) ring-site C-H out-of-plane bending 31.24%; cyclic-ring deformation (C-C-C bend) 27.92%; cyclic-ring deformation (C-N-C bend) 14.33%; mixed-phase cyclic C-C stretching 13.61%
   11      493.71          --                 --  mixed cyclic-ring deformation (C-C-C bend) / ring-site C-H out-of-plane bending / cyclic C-N stretching cyclic-ring deformation (C-C-C bend) 31.74%; ring-site C-H out-of-plane bending 16.71%; cyclic C-N stretching 16.68%; mixed-phase cyclic C-C stretching 12.52%
   12      545.58          --                 --  mixed ring-site C-H out-of-plane bending / cyclic-ring deformation (C-C-C bend) ring-site C-H out-of-plane bending 48.45%; cyclic-ring deformation (C-C-C bend) 21.42%; C-C torsion 7.36%; cyclic-ring deformation (C-C-N bend) 4.96%
   13      602.02          --                 --  mixed cyclic-ring deformation (N-C-C bend) / cyclic-ring deformation (C-C-C bend) / ring-site C-H out-of-plane bending cyclic-ring deformation (N-C-C bend) 23.77%; cyclic-ring deformation (C-C-C bend) 20.43%; ring-site C-H out-of-plane bending 19.45%; cyclic-ring deformation (C-N-C bend) 8.66%
   14      652.78          --                 --  mixed ring-site C-H out-of-plane bending / cyclic-ring deformation (C-N-C bend) ring-site C-H out-of-plane bending 37.16%; cyclic-ring deformation (C-N-C bend) 14.36%; in-phase cyclic C-N stretching 10.53%; cyclic-ring deformation (C-C-C bend) 8.82%
   15      711.22          --                 --  mixed cyclic-ring deformation (C-C-C bend) / ring-site C-H out-of-plane bending cyclic-ring deformation (C-C-C bend) 31.99%; ring-site C-H out-of-plane bending 23.80%; cyclic-ring deformation (C-C-N bend) 14.81%; cyclic-ring deformation (C-N-C bend) 11.58%
   16      751.28          --                 --  mixed cyclic-ring deformation (C-C-C bend) / ring-site C-H out-of-plane bending / mixed-phase cyclic C-C stretching cyclic-ring deformation (C-C-C bend) 33.94%; ring-site C-H out-of-plane bending 23.97%; mixed-phase cyclic C-C stretching 18.11%; cyclic-ring out-of-plane deformation 9.25%
   17      796.23          --                 --  mixed ring-site C-H out-of-plane bending / cyclic-ring deformation (C-C-N bend) / cyclic-ring deformation (C-C-C bend) ring-site C-H out-of-plane bending 34.35%; cyclic-ring deformation (C-C-N bend) 22.72%; cyclic-ring deformation (C-C-C bend) 17.87%; cyclic-ring deformation (C-N-C bend) 10.34%
   18      832.46          --                 --  mixed ring-site C-H out-of-plane bending / mixed-phase cyclic C-C stretching / cyclic-ring out-of-plane deformation ring-site C-H out-of-plane bending 20.12%; mixed-phase cyclic C-C stretching 19.86%; cyclic-ring out-of-plane deformation 18.76%; mixed-phase cyclic C-N stretching 14.76%
   19      854.89          --                 --  mixed ring-site C-H out-of-plane bending / mixed-phase cyclic C-C stretching ring-site C-H out-of-plane bending 49.60%; mixed-phase cyclic C-C stretching 26.41%; mixed-phase cyclic C-N stretching 12.81%; ring-site C-H in-plane bending 4.67%
   20      867.70          --                 --  ring-site C-H out-of-plane bending                             ring-site C-H out-of-plane bending 78.11%; in-phase cyclic C-C stretching 5.02%; mixed-phase cyclic C-N stretching 4.15%; cyclic-ring deformation (N-C-C bend) 3.26%
   21      890.26          --                 --  mixed ring-site C-H out-of-plane bending / cyclic C-C stretching ring-site C-H out-of-plane bending 42.54%; cyclic C-C stretching 27.34%; mixed-phase cyclic C-N stretching 12.03%; ring-site C-H in-plane bending 7.36%
   22      938.67          --                 --  ring-site C-H out-of-plane bending                             ring-site C-H out-of-plane bending 93.77%; cyclic C-C stretching 2.43%
   23      948.06          --                 --  mixed ring-site C-H out-of-plane bending / mixed-phase cyclic C-N stretching / mixed-phase cyclic C-C stretching ring-site C-H out-of-plane bending 32.05%; mixed-phase cyclic C-N stretching 21.58%; mixed-phase cyclic C-C stretching 15.52%; cyclic-ring deformation (N-C-C bend) 13.81%
   24      964.94          --                 --  mixed ring-site C-H out-of-plane bending / mixed-phase cyclic C-C stretching / cyclic-ring deformation (C-C-C bend) ring-site C-H out-of-plane bending 23.68%; mixed-phase cyclic C-C stretching 20.03%; cyclic-ring deformation (C-C-C bend) 16.25%; cyclic-ring deformation (C-C-N bend) 15.22%
   25     1005.86          --                 --  mixed cyclic C-C stretching / mixed-phase cyclic C-N stretching cyclic C-C stretching 34.26%; mixed-phase cyclic C-N stretching 25.84%; ring-site C-H in-plane bending 9.95%; cyclic-ring deformation (C-C-C bend) 8.85%
   26     1015.70          --                 --  mixed ring-site C-H out-of-plane bending / C-H bending / mixed-phase cyclic C-C stretching ring-site C-H out-of-plane bending 49.77%; C-H bending 17.46%; mixed-phase cyclic C-C stretching 15.39%; ring-site C-H in-plane bending 5.57%
   27     1029.68          --                 --  mixed ring-site C-H in-plane bending / cyclic C-C stretching / ring-site C-H out-of-plane bending ring-site C-H in-plane bending 36.12%; cyclic C-C stretching 17.35%; ring-site C-H out-of-plane bending 16.69%; C-H bending 13.21%
   28     1056.99          --                 --  mixed ring-site C-H in-plane bending / mixed-phase cyclic C-C stretching ring-site C-H in-plane bending 31.26%; mixed-phase cyclic C-C stretching 26.32%; ring-site C-H out-of-plane bending 13.09%; cyclic-ring deformation (C-C-C bend) 8.95%
   29     1083.90          --                 --  mixed C-H bending / ring-site C-H out-of-plane bending         C-H bending 40.87%; ring-site C-H out-of-plane bending 31.69%; ring-site C-H in-plane bending 6.47%; opposite-phase cyclic C-C stretching 6.17%
   30     1100.70          --                 --  mixed ring-site C-H out-of-plane bending / ring-site C-H in-plane bending / mixed-phase cyclic C-C stretching ring-site C-H out-of-plane bending 46.44%; ring-site C-H in-plane bending 26.20%; mixed-phase cyclic C-C stretching 19.35%; C-H bending 4.78%
   31     1157.48          --                 --  mixed ring-site C-H in-plane bending / ring-site C-H out-of-plane bending / C-H bending ring-site C-H in-plane bending 30.06%; ring-site C-H out-of-plane bending 29.52%; C-H bending 26.01%; cyclic-ring deformation (C-N-C bend) 5.92%
   32     1164.97          --                 --  mixed ring-site C-H out-of-plane bending / ring-site C-H in-plane bending / mixed-phase cyclic C-N stretching ring-site C-H out-of-plane bending 39.64%; ring-site C-H in-plane bending 23.37%; mixed-phase cyclic C-N stretching 21.14%; C-H bending 8.87%
   33     1195.60          --                 --  mixed ring-site C-H out-of-plane bending / C-H bending         ring-site C-H out-of-plane bending 35.61%; C-H bending 28.12%; cyclic C-N stretching 9.50%; ring-site C-H in-plane bending 9.08%
   34     1222.37          --                 --  mixed mixed-phase cyclic C-C stretching / ring-site C-H out-of-plane bending mixed-phase cyclic C-C stretching 47.41%; ring-site C-H out-of-plane bending 30.35%; ring-site C-H in-plane bending 7.32%; cyclic-ring deformation (C-C-C bend) 7.32%
   35     1249.81          --                 --  mixed ring-site C-H out-of-plane bending / ring-site C-H in-plane bending ring-site C-H out-of-plane bending 52.21%; ring-site C-H in-plane bending 28.29%; opposite-phase cyclic C-C stretching 9.30%; cyclic-ring deformation (C-C-C bend) 4.25%
   36     1267.09          --                 --  mixed ring-site C-H in-plane bending / ring-site C-H out-of-plane bending ring-site C-H in-plane bending 43.32%; ring-site C-H out-of-plane bending 33.45%; mixed-phase cyclic C-C stretching 7.62%; C-H bending 4.18%
   37     1299.22          --                 --  mixed ring-site C-H out-of-plane bending / mixed-phase cyclic C-C stretching ring-site C-H out-of-plane bending 28.01%; mixed-phase cyclic C-C stretching 23.54%; ring-site C-H in-plane bending 12.13%; cyclic-ring deformation (C-C-C bend) 8.19%
   38     1337.81          --                 --  mixed mixed-phase cyclic C-C stretching / ring-site C-H in-plane bending mixed-phase cyclic C-C stretching 27.31%; ring-site C-H in-plane bending 21.30%; cyclic-ring deformation (N-C-C bend) 14.41%; ring-site C-H out-of-plane bending 12.39%
   39     1396.58          --                 --  mixed C-H bending / mixed-phase cyclic C-C stretching          C-H bending 30.34%; mixed-phase cyclic C-C stretching 27.69%; ring-site C-H in-plane bending 11.30%; cyclic-ring deformation (C-C-C bend) 8.73%
   40     1424.70          --                 --  C-H bending                                                    C-H bending 82.20%; exocyclic C-C stretching 9.98%; cyclic C-C stretching 2.41%; cyclic-ring deformation (N-C-C bend) 2.11%
   41     1479.14          --                 --  C-H bending                                                    C-H bending 89.01%; C-C torsion 10.63%
   42     1500.82          --                 --  C-H bending                                                    C-H bending 82.91%; C-C torsion 9.35%; cyclic C-C stretching 4.11%
   43     1505.98          --                 --  mixed mixed-phase cyclic C-C stretching / C-H bending / ring-site C-H in-plane bending mixed-phase cyclic C-C stretching 27.06%; C-H bending 24.44%; ring-site C-H in-plane bending 21.83%; ring-site C-H out-of-plane bending 21.11%
   44     1516.81          --                 --  mixed cyclic C-C stretching / ring-site C-H out-of-plane bending / ring-site C-H in-plane bending cyclic C-C stretching 48.21%; ring-site C-H out-of-plane bending 24.75%; ring-site C-H in-plane bending 15.92%; cyclic-ring deformation (C-C-C bend) 5.81%
   45     3021.82          --                 --  C-H stretching                                                 C-H stretching 99.59%
   46     3059.51          --                 --  in-phase ring-site C-H stretching                              in-phase ring-site C-H stretching 99.57%
   47     3073.78          --                 --  opposite-phase C-H stretching                                  opposite-phase C-H stretching 99.45%
   48     3099.20          --                 --  mixed-phase C-H stretching                                     mixed-phase C-H stretching 99.30%
   49     3119.99          --                 --  opposite-phase ring-site C-H stretching                        opposite-phase ring-site C-H stretching 99.27%
   50     3122.07          --                 --  ring-site C-H stretching                                       ring-site C-H stretching 98.72%
   51     3158.29          --                 --  mixed-phase ring-site C-H stretching                           mixed-phase ring-site C-H stretching 99.20%
   52     3180.10          --                 --  mixed-phase ring-site C-H stretching                           mixed-phase ring-site C-H stretching 98.56%
   53     3190.47          --                 --  ring-site C-H stretching                                       ring-site C-H stretching 98.70%

# Selected internal-coordinate set:
#   1  nu(C1-C2)
#   2  nu(C3-C4)
#   3  nu(C5-C8)
#   4  nu(C6-N7)
#   5  nu(C9-H18)
#   6  nu(N7-C8)
#   7  nu(C5-C6)
#   8  nu(C1-H11)
#   9  nu(C4-H14)
#  10  nu(C1-H10)
#  11  nu(C6-H15)
#  12  tau(H13-C3-C4-H14)
#  13  nu(C3-H13)
#  14  tau(C1-C2-C9-H18)
#  15  delta(C2-C9-H18)
#  16  nu(C8-H17)
#  17  nu(C1-H12)
#  18  nu(C6-H16)
#  19  nu(C4-C5)
#  20  nu(C2-N7)
#  21  gamma(C2;C3,C4,C9)
#  22  gamma(H17;C8,C5,N7)
#  23  delta(H11-C1-H12)
#  24  delta(H10-C1-H12)
#  25  delta(N7-C6-H16)
#  26  tau(C9-C3-C4-H14)
#  27  delta(H10-C1-H11)
#  28  delta(C5-C6-H16)
#  29  delta(C4-C3-H13)
#  30  tau(H15-C6-N7-C2)
#  31  tau(C4-C5-C6-H15)
#  32  tau(H17-C8-C9-C3)
#  33  delta(C3-C4-H14)
#  34  delta(C5-C8-N7)
#  35  delta(C2-C1-H11)
#  36  delta(C3-C9-C8)
#  37  delta(C2-C1-H10)
#  38  nu(C2-C3)
#  39  nu(C8-C9)
#  40  delta(C4-C5-C6)
#  41  delta(C4-C5-C8)
#  42  tau(H11-C1-C2-N7)
#  43  nu(C3-C9)
#  44  tau(H12-C1-C2-C3)
#  45  delta(N7-C2-C9)
#  46  delta(C1-C2-C3)
#  47  tau(H13-C3-C4-C5)
#  48  delta(C2-N7-C6)

Wrote: /local/scratch/mv487/qm9s/experiment_1_phase2/ped/61362/61362_summary.csv
Wrote: /local/scratch/mv487/qm9s/experiment_1_phase2/ped/61362/61362_families.csv
Wrote: /local/scratch/mv487/qm9s/experiment_1_phase2/ped/61362/61362_ped.csv
Wrote: /local/scratch/mv487/qm9s/experiment_1_phase2/ped/61362/61362_ir_transitions.csv

# All generated files are in: /local/scratch/mv487/qm9s/experiment_1_phase2/ped/61362
# Manifest: /local/scratch/mv487/qm9s/experiment_1_phase2/ped/61362/61362_manifest.txt

--- stderr ---
Normal modes/frequencies absent or incomplete: diagonalizing Hessian.
