# Contact: romi@lens.unifi.it
# Manual: https://github.com/SebRoLENS/orca-ped-analyzer/blob/main/docs/ORCA_PED_Analyzer_Manual.md
# Check GitHub for updates and new releases: https://github.com/SebRoLENS/orca-ped-analyzer
#
# Molecule: 20 atoms | non-linear
# Bonds inferred: 21 | candidate ICs: 214 | selected ICs: 54
# Cartesian-Hessian reconstruction relative error: 7.784e-05
# Energy distribution: PED (PED is the backward-compatible default; TED includes kinetic-energy terms)
# Ring/cycle bonds detected: 6 | ring atoms: 5 | ring systems: 1
# VPT2: no matching .out file supplied/found -> harmonic/PED analysis only
#
 Mode   Harm/cm-1   VPT2/cm-1  Harm.Int/km mol-1  Assignment                                                     Grouped PED
------------------------------------------------------------------------------------------------------------------------------------------------------------------------------------------------
    6      107.56          --                 --  C-C torsion                                                    C-C torsion 82.55%; C-O torsion 12.01%; cyclic-ring torsional/out-of-plane deformation 2.61%
    7      146.25          --                 --  mixed C-O torsion / C-C torsion / cyclic-ring torsional/out-of-plane deformation C-O torsion 28.90%; C-C torsion 24.83%; cyclic-ring torsional/out-of-plane deformation 23.56%; ring-site C-H out-of-plane bending 11.46%
    8      169.93          --                 --  C-O torsion                                                    C-O torsion 80.03%; O-C-C bending 4.54%; cyclic-ring torsional/out-of-plane deformation 4.50%; C-C torsion 3.84%
    9      194.97          --                 --  mixed C-O torsion / C-C torsion                                C-O torsion 62.74%; C-C torsion 28.68%; C-C-C bending 3.25%; cyclic-ring torsional/out-of-plane deformation 2.29%
   10      232.87          --                 --  C-C torsion                                                    C-C torsion 99.34%
   11      298.53          --                 --  mixed C-O torsion / C-C torsion                                C-O torsion 47.05%; C-C torsion 14.49%; C-C-C bending 10.46%; cyclic-ring torsional/out-of-plane deformation 9.81%
   12      322.17          --                 --  C-C-C bending                                                  C-C-C bending 73.42%; C-C torsion 13.10%; C-O-C bending 4.69%; C-H bending 2.84%
   13      416.88          --                 --  mixed C-C torsion / C-C-C bending                              C-C torsion 33.64%; C-C-C bending 27.82%; cyclic-ring torsional/out-of-plane deformation 10.48%; ring-site C-H out-of-plane bending 10.47%
   14      514.51          --                 --  mixed ring-site C-H out-of-plane bending / cyclic-ring torsional/out-of-plane deformation / O-C-C bending ring-site C-H out-of-plane bending 26.13%; cyclic-ring torsional/out-of-plane deformation 18.72%; O-C-C bending 16.20%; mixed-phase cyclic C-C stretching 11.53%
   15      596.91          --                 --  mixed cyclic-ring torsional/out-of-plane deformation / mixed-phase cyclic C-C stretching / C-C-C bending cyclic-ring torsional/out-of-plane deformation 25.37%; mixed-phase cyclic C-C stretching 17.84%; C-C-C bending 16.42%; ring-site C-H out-of-plane bending 13.57%
   16      704.76          --                 --  mixed C-C torsion / ring-site C-H out-of-plane bending         C-C torsion 44.25%; ring-site C-H out-of-plane bending 13.50%; C-H bending 11.02%; C-C-C bending 6.64%
   17      725.57          --                 --  mixed mixed-phase cyclic C-C stretching / ring-site C-H in-plane bending mixed-phase cyclic C-C stretching 46.83%; ring-site C-H in-plane bending 17.29%; ring-site C-H out-of-plane bending 14.59%; C-O torsion 5.43%
   18      791.23          --                 --  mixed mixed-phase cyclic C-C stretching / ring-site C-H out-of-plane bending / C-C torsion mixed-phase cyclic C-C stretching 32.97%; ring-site C-H out-of-plane bending 29.52%; C-C torsion 17.50%; cyclic-ring torsional/out-of-plane deformation 6.83%
   19      849.50          --                 --  mixed mixed-phase cyclic C-C stretching / C-C torsion          mixed-phase cyclic C-C stretching 32.41%; C-C torsion 24.85%; ring-site C-H out-of-plane bending 10.96%; ring-site C-H in-plane bending 10.36%
   20      875.11          --                 --  mixed C-C torsion / mixed-phase cyclic C-C stretching / ring-site C-H in-plane bending C-C torsion 33.50%; mixed-phase cyclic C-C stretching 18.79%; ring-site C-H in-plane bending 15.26%; C-H bending 14.73%
   21      930.45          --                 --  mixed C-H bending / cyclic C-C stretching / exocyclic C-O stretching C-H bending 24.91%; cyclic C-C stretching 21.15%; exocyclic C-O stretching 15.36%; O-C-C bending 7.45%
   22      949.31          --                 --  mixed ring-site C-H out-of-plane bending / mixed-phase cyclic C-C stretching / ring-site C-H in-plane bending ring-site C-H out-of-plane bending 32.79%; mixed-phase cyclic C-C stretching 21.58%; ring-site C-H in-plane bending 19.67%; C-C torsion 6.06%
   23      982.69          --                 --  mixed C-H bending / C-C torsion                                C-H bending 24.86%; C-C torsion 24.73%; mixed-phase cyclic C-C stretching 14.93%; ring-site C-H out-of-plane bending 13.74%
   24      997.38          --                 --  mixed C-H bending / ring-site C-H out-of-plane bending / ring-site C-H in-plane bending C-H bending 37.70%; ring-site C-H out-of-plane bending 25.63%; ring-site C-H in-plane bending 16.46%; C-C torsion 14.91%
   25     1028.19          --                 --  mixed mixed-phase cyclic C-C stretching / C-C torsion          mixed-phase cyclic C-C stretching 38.64%; C-C torsion 19.41%; C-H bending 11.19%; ring-site C-H out-of-plane bending 9.89%
   26     1073.05          --                 --  mixed ring-site C-H out-of-plane bending / ring-site C-H in-plane bending ring-site C-H out-of-plane bending 51.46%; ring-site C-H in-plane bending 19.89%; C-O stretching 6.61%; C-H bending 6.29%
   27     1079.47          --                 --  mixed C-O stretching / ring-site C-H out-of-plane bending      C-O stretching 47.82%; ring-site C-H out-of-plane bending 19.83%; cyclic C-C stretching 13.16%; ring-site C-H in-plane bending 4.94%
   28     1107.18          --                 --  mixed ring-site C-H in-plane bending / ring-site C-H out-of-plane bending / mixed-phase cyclic C-C stretching ring-site C-H in-plane bending 20.86%; ring-site C-H out-of-plane bending 18.68%; mixed-phase cyclic C-C stretching 18.14%; exocyclic C-C stretching 16.47%
   29     1122.33          --                 --  mixed C-C torsion / C-H bending / C-C-C bending                C-C torsion 24.31%; C-H bending 22.67%; C-C-C bending 19.17%; cyclic C-C stretching 17.27%
   30     1145.61          --                 --  mixed C-H bending / ring-site C-H out-of-plane bending / ring-site C-H in-plane bending C-H bending 26.24%; ring-site C-H out-of-plane bending 20.68%; ring-site C-H in-plane bending 15.79%; C-C torsion 9.87%
   31     1177.34          --                 --  C-H bending                                                    C-H bending 85.73%; C-O torsion 9.42%
   32     1193.49          --                 --  mixed C-H bending / ring-site C-H in-plane bending             C-H bending 41.99%; ring-site C-H in-plane bending 14.78%; cyclic C-C stretching 10.17%; C-O torsion 8.87%
   33     1199.32          --                 --  mixed C-H bending / ring-site C-H out-of-plane bending         C-H bending 33.13%; ring-site C-H out-of-plane bending 19.26%; ring-site C-H in-plane bending 14.79%; mixed-phase cyclic C-C stretching 10.24%
   34     1241.05          --                 --  mixed C-H bending / exocyclic C-O stretching                   C-H bending 47.26%; exocyclic C-O stretching 20.73%; ring-site C-H in-plane bending 5.90%; in-phase cyclic C-C stretching 5.59%
   35     1253.93          --                 --  mixed ring-site C-H out-of-plane bending / ring-site C-H in-plane bending ring-site C-H out-of-plane bending 36.22%; ring-site C-H in-plane bending 34.09%; C-C torsion 12.20%; mixed-phase cyclic C-C stretching 10.34%
   36     1284.58          --                 --  mixed C-C torsion / ring-site C-H out-of-plane bending         C-C torsion 56.91%; ring-site C-H out-of-plane bending 20.04%; ring-site C-H in-plane bending 11.86%; mixed-phase cyclic C-C stretching 6.55%
   37     1300.40          --                 --  mixed ring-site C-H out-of-plane bending / C-C torsion / ring-site C-H in-plane bending ring-site C-H out-of-plane bending 33.08%; C-C torsion 23.07%; ring-site C-H in-plane bending 19.53%; opposite-phase cyclic C-C stretching 17.98%
   38     1356.33          --                 --  mixed ring-site C-H in-plane bending / ring-site C-H out-of-plane bending ring-site C-H in-plane bending 32.60%; ring-site C-H out-of-plane bending 29.45%; mixed-phase cyclic C-C stretching 13.67%; C-C torsion 12.16%
   39     1381.80          --                 --  mixed ring-site C-H out-of-plane bending / mixed-phase cyclic C-C stretching ring-site C-H out-of-plane bending 45.45%; mixed-phase cyclic C-C stretching 12.60%; C-H out-of-plane bending 11.55%; C-H bending 10.36%
   40     1409.38          --                 --  mixed C-H out-of-plane bending / C-H bending                   C-H out-of-plane bending 58.65%; C-H bending 39.39%
   41     1436.88          --                 --  mixed cyclic C-C stretching / C-H bending / ring-site C-H in-plane bending cyclic C-C stretching 27.71%; C-H bending 21.51%; ring-site C-H in-plane bending 21.21%; ring-site C-H out-of-plane bending 20.34%
   42     1484.30          --                 --  mixed C-H bending / ring-site C-H out-of-plane bending         C-H bending 54.22%; ring-site C-H out-of-plane bending 18.57%; C-C torsion 8.50%; ring-site C-H in-plane bending 7.18%
   43     1488.64          --                 --  mixed C-O torsion / C-H bending                                C-O torsion 64.86%; C-H bending 26.87%; C-C torsion 5.48%
   44     1494.66          --                 --  mixed C-H bending / C-C torsion                                C-H bending 55.56%; C-C torsion 32.46%; C-H out-of-plane bending 7.77%; ring-site C-H out-of-plane bending 2.65%
   45     1498.45          --                 --  mixed C-H bending / C-C torsion                                C-H bending 41.39%; C-C torsion 28.24%; ring-site C-H out-of-plane bending 13.39%; C-H out-of-plane bending 6.66%
   46     1505.53          --                 --  mixed C-H bending / C-C torsion                                C-H bending 47.18%; C-C torsion 39.25%; C-H out-of-plane bending 5.35%; ring-site C-H out-of-plane bending 2.80%
   47     1514.82          --                 --  mixed C-H bending / C-C torsion                                C-H bending 59.98%; C-C torsion 32.11%; C-O torsion 5.11%
   48     2984.86          --                 --  C-H stretching                                                 C-H stretching 99.59%
   49     3022.72          --                 --  C-H stretching                                                 C-H stretching 95.28%; ring-site C-H stretching 3.91%
   50     3033.59          --                 --  opposite-phase C-H stretching                                  opposite-phase C-H stretching 99.31%
   51     3038.82          --                 --  ring-site C-H stretching                                       ring-site C-H stretching 92.77%; C-H stretching 5.46%
   52     3061.84          --                 --  ring-site C-H stretching                                       ring-site C-H stretching 98.88%
   53     3073.25          --                 --  ring-site C-H stretching                                       ring-site C-H stretching 88.75%; opposite-phase C-H stretching 10.34%
   54     3073.62          --                 --  opposite-phase C-H stretching                                  opposite-phase C-H stretching 88.97%; ring-site C-H stretching 10.30%
   55     3110.70          --                 --  opposite-phase ring-site C-H stretching                        opposite-phase ring-site C-H stretching 91.18%; C-H stretching 7.84%
   56     3116.62          --                 --  C-H stretching                                                 C-H stretching 96.54%; ring-site C-H stretching 2.72%
   57     3117.80          --                 --  mixed-phase C-H stretching                                     mixed-phase C-H stretching 91.98%; mixed-phase ring-site C-H stretching 6.78%
   58     3151.25          --                 --  mixed-phase ring-site C-H stretching                           mixed-phase ring-site C-H stretching 99.16%
   59     3171.15          --                 --  ring-site C-H stretching                                       ring-site C-H stretching 98.99%

# Selected internal-coordinate set:
#   1  nu(C1-O2)
#   2  nu(C3-C8)
#   3  nu(C4-H13)
#   4  nu(C5-C6)
#   5  nu(C7-H17)
#   6  nu(C1-H10)
#   7  nu(C7-H19)
#   8  nu(C6-H16)
#   9  nu(C3-H12)
#  10  nu(C5-H14)
#  11  nu(C7-H18)
#  12  nu(C6-C8)
#  13  nu(C1-H11)
#  14  tau(H12-C3-C8-H20)
#  15  nu(C5-H15)
#  16  delta(C8-C4-H13)
#  17  nu(C1-H9)
#  18  tau(H13-C4-C8-C6)
#  19  nu(C8-H20)
#  20  gamma(H14;C5,C6,H15)
#  21  tau(H12-C3-C8-C6)
#  22  gamma(H17;C7,H18,H19)
#  23  nu(O2-C3)
#  24  tau(H10-C1-O2-C3)
#  25  delta(H18-C7-H19)
#  26  tau(H16-C6-C7-H17)
#  27  delta(H9-C1-H11)
#  28  delta(O2-C1-H11)
#  29  delta(O2-C1-H9)
#  30  delta(C6-C5-H15)
#  31  delta(C8-C3-H12)
#  32  tau(C8-C4-C5-H14)
#  33  gamma(H16;C6,C5,C8)
#  34  delta(O2-C1-H10)
#  35  delta(C3-C8-H20)
#  36  nu(C3-C4)
#  37  delta(C6-C7-H17)
#  38  nu(C4-C8)
#  39  tau(H16-C6-C7-H18)
#  40  delta(C4-C5-H14)
#  41  nu(C4-C5)
#  42  nu(C6-C7)
#  43  delta(O2-C3-C8)
#  44  delta(C6-C7-H19)
#  45  tau(C8-C6-C7-H19)
#  46  tau(C1-O2-C3-C4)
#  47  delta(O2-C3-C4)
#  48  tau(C5-C6-C7-H18)
#  49  tau(H11-C1-O2-C3)
#  50  delta(C1-O2-C3)
#  51  delta(C5-C6-C7)
#  52  delta(C7-C6-C8)
#  53  tau(C5-C4-C8-C3)
#  54  tau(C5-C6-C8-C3)

Wrote: /local/scratch/mv487/qm9s/experiment_1_phase2/ped/16978/16978_summary.csv
Wrote: /local/scratch/mv487/qm9s/experiment_1_phase2/ped/16978/16978_families.csv
Wrote: /local/scratch/mv487/qm9s/experiment_1_phase2/ped/16978/16978_ped.csv
Wrote: /local/scratch/mv487/qm9s/experiment_1_phase2/ped/16978/16978_ir_transitions.csv

# All generated files are in: /local/scratch/mv487/qm9s/experiment_1_phase2/ped/16978
# Manifest: /local/scratch/mv487/qm9s/experiment_1_phase2/ped/16978/16978_manifest.txt

--- stderr ---
Normal modes/frequencies absent or incomplete: diagonalizing Hessian.
