# Contact: romi@lens.unifi.it
# Manual: https://github.com/SebRoLENS/orca-ped-analyzer/blob/main/docs/ORCA_PED_Analyzer_Manual.md
# Check GitHub for updates and new releases: https://github.com/SebRoLENS/orca-ped-analyzer
#
# Molecule: 19 atoms | non-linear
# Bonds inferred: 21 | candidate ICs: 227 | selected ICs: 51
# Cartesian-Hessian reconstruction relative error: 3.307e-05
# Energy distribution: PED (PED is the backward-compatible default; TED includes kinetic-energy terms)
# Ring/cycle bonds detected: 8 | ring atoms: 6 | ring systems: 1
# VPT2: no matching .out file supplied/found -> harmonic/PED analysis only
#
 Mode   Harm/cm-1   VPT2/cm-1  Harm.Int/km mol-1  Assignment                                                     Grouped PED
------------------------------------------------------------------------------------------------------------------------------------------------------------------------------------------------
    6      186.78          --                 --  mixed C-C torsion / C-C-C bending / cyclic-ring torsional/out-of-plane deformation C-C torsion 39.42%; C-C-C bending 20.46%; cyclic-ring torsional/out-of-plane deformation 15.01%; C-O torsion 12.11%
    7      194.23          --                 --  C-C torsion                                                    C-C torsion 78.11%; cyclic-ring torsional/out-of-plane deformation 8.49%; C-C-C bending 6.33%; C-O torsion 2.47%
    8      208.66          --                 --  C-C torsion                                                    C-C torsion 90.37%; cyclic-ring torsional/out-of-plane deformation 5.38%
    9      227.66          --                 --  mixed cyclic-ring torsional/out-of-plane deformation / C-O torsion cyclic-ring torsional/out-of-plane deformation 51.23%; C-O torsion 33.62%; C-C torsion 8.29%; C-C-C bending 2.51%
   10      259.29          --                 --  C-C torsion                                                    C-C torsion 82.35%; C-C-O bending 5.98%; cyclic-ring torsional/out-of-plane deformation 3.77%; C-O torsion 3.48%
   11      292.74          --                 --  C-O torsion                                                    C-O torsion 94.65%
   12      342.83          --                 --  mixed C-O torsion / C-C-C bending                              C-O torsion 52.26%; C-C-C bending 29.20%; C-H bending 5.66%; C-C torsion 4.93%
   13      348.88          --                 --  C-O torsion                                                    C-O torsion 87.04%; cyclic-ring torsional/out-of-plane deformation 6.30%; C-C-C bending 2.95%
   14      424.06          --                 --  mixed cyclic-ring torsional/out-of-plane deformation / mixed-phase cyclic C-C stretching / C-C-O bending cyclic-ring torsional/out-of-plane deformation 35.69%; mixed-phase cyclic C-C stretching 21.90%; C-C-O bending 17.35%; C-H bending 9.33%
   15      539.90          --                 --  mixed cyclic-ring torsional/out-of-plane deformation / mixed-phase cyclic C-C stretching cyclic-ring torsional/out-of-plane deformation 62.64%; mixed-phase cyclic C-C stretching 12.96%; C-C-C bending 7.41%; exocyclic C-C stretching 4.16%
   16      586.54          --                 --  cyclic-ring torsional/out-of-plane deformation                 cyclic-ring torsional/out-of-plane deformation 70.33%; ring-site C-H out-of-plane bending 13.17%; C-O torsion 5.36%; cyclic-ring deformation (C-O-C bend) 2.21%
   17      622.32          --                 --  mixed cyclic-ring torsional/out-of-plane deformation / exocyclic C-C stretching cyclic-ring torsional/out-of-plane deformation 39.77%; exocyclic C-C stretching 18.45%; C-C torsion 9.35%; cyclic C-C stretching 7.29%
   18      650.33          --                 --  mixed mixed-phase cyclic C-C stretching / cyclic-ring torsional/out-of-plane deformation mixed-phase cyclic C-C stretching 40.45%; cyclic-ring torsional/out-of-plane deformation 19.37%; C-H bending 10.56%; exocyclic C-O stretching 7.80%
   19      772.42          --                 --  mixed mixed-phase cyclic C-C stretching / cyclic-ring torsional/out-of-plane deformation mixed-phase cyclic C-C stretching 48.60%; cyclic-ring torsional/out-of-plane deformation 19.88%; cyclic-ring deformation (C-O-C bend) 7.68%; cyclic C-O stretching 7.17%
   20      794.54          --                 --  mixed cyclic-ring deformation (C-O-C bend) / mixed-phase cyclic C-C stretching cyclic-ring deformation (C-O-C bend) 36.53%; mixed-phase cyclic C-C stretching 34.41%; cyclic-ring torsional/out-of-plane deformation 8.15%; ring-site C-H out-of-plane bending 6.65%
   21      835.20          --                 --  mixed ring-site C-H out-of-plane bending / cyclic-ring deformation (C-O-C bend) ring-site C-H out-of-plane bending 52.24%; cyclic-ring deformation (C-O-C bend) 16.08%; mixed-phase cyclic C-C stretching 16.06%; cyclic-ring torsional/out-of-plane deformation 4.59%
   22      839.86          --                 --  mixed cyclic-ring torsional/out-of-plane deformation / mixed-phase cyclic C-C stretching cyclic-ring torsional/out-of-plane deformation 32.99%; mixed-phase cyclic C-C stretching 31.45%; C-H bending 10.88%; ring-site C-H out-of-plane bending 10.16%
   23      904.56          --                 --  mixed mixed-phase cyclic C-O stretching / cyclic-ring deformation (C-O-C bend) mixed-phase cyclic C-O stretching 49.14%; cyclic-ring deformation (C-O-C bend) 20.58%; mixed-phase cyclic C-C stretching 11.74%; ring-site C-H out-of-plane bending 8.27%
   24      920.11          --                 --  mixed mixed-phase cyclic C-C stretching / cyclic-ring torsional/out-of-plane deformation mixed-phase cyclic C-C stretching 39.07%; cyclic-ring torsional/out-of-plane deformation 22.51%; exocyclic C-C stretching 14.99%; ring-site C-H out-of-plane bending 8.86%
   25      946.77          --                 --  mixed ring-site C-H out-of-plane bending / cyclic-ring torsional/out-of-plane deformation / cyclic C-O stretching ring-site C-H out-of-plane bending 33.96%; cyclic-ring torsional/out-of-plane deformation 27.97%; cyclic C-O stretching 21.47%; O-H bending 3.59%
   26      956.20          --                 --  mixed C-H bending / opposite-phase exocyclic C-C stretching    C-H bending 57.67%; opposite-phase exocyclic C-C stretching 19.34%; C-C torsion 14.07%; cyclic-ring torsional/out-of-plane deformation 2.63%
   27      963.45          --                 --  mixed mixed-phase cyclic C-O stretching / mixed-phase cyclic C-C stretching / cyclic-ring torsional/out-of-plane deformation mixed-phase cyclic C-O stretching 35.80%; mixed-phase cyclic C-C stretching 16.96%; cyclic-ring torsional/out-of-plane deformation 16.77%; ring-site C-H out-of-plane bending 12.51%
   28     1007.05          --                 --  mixed mixed-phase cyclic C-C stretching / C-H bending          mixed-phase cyclic C-C stretching 33.34%; C-H bending 31.77%; cyclic C-O stretching 12.84%; cyclic-ring torsional/out-of-plane deformation 5.27%
   29     1024.59          --                 --  C-H bending                                                    C-H bending 72.83%; mixed-phase cyclic C-C stretching 11.13%; cyclic-ring torsional/out-of-plane deformation 4.58%; C-C torsion 3.86%
   30     1049.25          --                 --  mixed ring-site C-H out-of-plane bending / mixed-phase cyclic C-C stretching / cyclic C-O stretching ring-site C-H out-of-plane bending 30.08%; mixed-phase cyclic C-C stretching 16.10%; cyclic C-O stretching 15.14%; C-H bending 12.67%
   31     1120.47          --                 --  mixed ring-site C-H out-of-plane bending / C-H bending / cyclic C-C stretching ring-site C-H out-of-plane bending 32.03%; C-H bending 20.70%; cyclic C-C stretching 16.06%; ring-site C-H in-plane bending 10.28%
   32     1134.04          --                 --  mixed mixed-phase cyclic C-C stretching / ring-site C-H in-plane bending / ring-site C-H out-of-plane bending mixed-phase cyclic C-C stretching 32.56%; ring-site C-H in-plane bending 27.26%; ring-site C-H out-of-plane bending 17.79%; cyclic-ring torsional/out-of-plane deformation 12.60%
   33     1178.85          --                 --  mixed ring-site C-H out-of-plane bending / C-H bending         ring-site C-H out-of-plane bending 31.23%; C-H bending 28.41%; mixed-phase cyclic C-C stretching 11.43%; ring-site C-H in-plane bending 7.37%
   34     1193.72          --                 --  mixed ring-site C-H out-of-plane bending / C-H bending         ring-site C-H out-of-plane bending 33.36%; C-H bending 25.65%; mixed-phase cyclic C-C stretching 12.94%; exocyclic C-O stretching 10.15%
   35     1217.84          --                 --  mixed mixed-phase exocyclic C-C stretching / C-H bending / cyclic C-C stretching mixed-phase exocyclic C-C stretching 24.91%; C-H bending 17.47%; cyclic C-C stretching 15.85%; ring-site C-H out-of-plane bending 12.92%
   36     1238.77          --                 --  mixed C-H bending / mixed-phase exocyclic C-C stretching / cyclic C-C stretching C-H bending 29.09%; mixed-phase exocyclic C-C stretching 16.71%; cyclic C-C stretching 15.47%; cyclic-ring torsional/out-of-plane deformation 14.03%
   37     1269.72          --                 --  mixed O-H bending / ring-site C-H out-of-plane bending         O-H bending 22.41%; ring-site C-H out-of-plane bending 15.91%; mixed-phase cyclic C-C stretching 12.90%; exocyclic C-O stretching 12.22%
   38     1289.94          --                 --  mixed O-H bending / ring-site C-H out-of-plane bending / mixed-phase cyclic C-C stretching O-H bending 28.11%; ring-site C-H out-of-plane bending 24.63%; mixed-phase cyclic C-C stretching 17.24%; cyclic-ring deformation (C-O-C bend) 12.88%
   39     1327.17          --                 --  mixed mixed-phase cyclic C-C stretching / cyclic-ring torsional/out-of-plane deformation mixed-phase cyclic C-C stretching 47.32%; cyclic-ring torsional/out-of-plane deformation 11.60%; C-H bending 9.95%; in-phase exocyclic C-C stretching 7.97%
   40     1402.96          --                 --  mixed C-H bending / C-H out-of-plane bending                   C-H bending 74.40%; C-H out-of-plane bending 20.24%; mixed-phase exocyclic C-C stretching 4.55%
   41     1415.90          --                 --  mixed cyclic C-C stretching / C-H out-of-plane bending         cyclic C-C stretching 32.51%; C-H out-of-plane bending 25.09%; C-H bending 12.29%; exocyclic C-O stretching 9.82%
   42     1426.20          --                 --  mixed C-H out-of-plane bending / C-H bending                   C-H out-of-plane bending 45.27%; C-H bending 42.06%; in-phase cyclic C-C stretching 5.01%; exocyclic C-O stretching 2.38%
   43     1488.81          --                 --  C-H bending                                                    C-H bending 83.43%; C-H out-of-plane bending 9.34%; C-C torsion 6.84%
   44     1490.31          --                 --  C-H bending                                                    C-H bending 86.57%; C-C torsion 12.11%
   45     1509.77          --                 --  mixed C-H bending / C-C torsion                                C-H bending 67.33%; C-C torsion 23.21%; C-H out-of-plane bending 6.19%
   46     1513.46          --                 --  C-H bending                                                    C-H bending 88.44%; C-H out-of-plane bending 6.19%; C-C torsion 4.52%
   47     3022.23          --                 --  mixed-phase C-H stretching                                     mixed-phase C-H stretching 99.72%
   48     3027.97          --                 --  C-H stretching                                                 C-H stretching 99.62%
   49     3074.09          --                 --  opposite-phase C-H stretching                                  opposite-phase C-H stretching 99.49%
   50     3086.38          --                 --  mixed-phase C-H stretching                                     mixed-phase C-H stretching 99.46%
   51     3095.74          --                 --  mixed-phase C-H stretching                                     mixed-phase C-H stretching 99.66%
   52     3118.27          --                 --  mixed-phase C-H stretching                                     mixed-phase C-H stretching 99.57%
   53     3140.95          --                 --  ring-site C-H stretching                                       ring-site C-H stretching 98.70%
   54     3205.04          --                 --  mixed-phase ring-site C-H stretching                           mixed-phase ring-site C-H stretching 98.79%
   55     3219.81          --                 --  ring-site C-H stretching                                       ring-site C-H stretching 98.04%
   56     3783.17          --                 --  O-H stretching                                                 O-H stretching 99.95%

# Selected internal-coordinate set:
#   1  nu(C1-C2)
#   2  nu(C3-H13)
#   3  nu(C4-O5)
#   4  nu(C6-C7)
#   5  nu(O9-H19)
#   6  nu(O5-C6)
#   7  nu(C4-C7)
#   8  nu(C3-H15)
#   9  nu(C8-O9)
#  10  nu(C1-H12)
#  11  nu(C3-H14)
#  12  nu(C1-H11)
#  13  nu(C2-C4)
#  14  gamma(H17;C6,O5,C7)
#  15  nu(C1-H10)
#  16  tau(C2-C8-O9-H19)
#  17  nu(C2-C8)
#  18  tau(O5-C6-C7-H18)
#  19  nu(C6-H17)
#  20  tau(C6-C8-O9-H19)
#  21  nu(C4-H16)
#  22  gamma(H13;C3,H14,H15)
#  23  nu(C7-H18)
#  24  delta(H14-C3-H15)
#  25  delta(H11-C1-H12)
#  26  delta(H10-C1-H12)
#  27  delta(H10-C1-H11)
#  28  delta(C7-C4-H16)
#  29  tau(H18-C7-C8-C2)
#  30  tau(H16-C4-C7-C8)
#  31  tau(C8-C2-C3-H13)
#  32  delta(C8-O9-H19)
#  33  gamma(H17;C6,C7,C8)
#  34  tau(O5-C4-C7-C8)
#  35  delta(C2-C1-H11)
#  36  delta(C2-C3-H13)
#  37  nu(C2-C3)
#  38  delta(C2-C8-O9)
#  39  tau(C4-C2-C3-H15)
#  40  delta(C2-C1-H12)
#  41  delta(C2-C3-H15)
#  42  delta(C4-O5-C6)
#  43  nu(C7-C8)
#  44  tau(O5-C6-C7-C8)
#  45  tau(H10-C1-C2-C3)
#  46  delta(C3-C2-C4)
#  47  tau(C3-C2-C4-O5)
#  48  delta(C1-C2-C4)
#  49  tau(C1-C2-C4-C7)
#  50  nu(C6-C8)
#  51  tau(C4-C2-C8-C6)

Wrote: /local/scratch/mv487/qm9s/experiment_1_phase2/ped/61409/61409_summary.csv
Wrote: /local/scratch/mv487/qm9s/experiment_1_phase2/ped/61409/61409_families.csv
Wrote: /local/scratch/mv487/qm9s/experiment_1_phase2/ped/61409/61409_ped.csv
Wrote: /local/scratch/mv487/qm9s/experiment_1_phase2/ped/61409/61409_ir_transitions.csv

# All generated files are in: /local/scratch/mv487/qm9s/experiment_1_phase2/ped/61409
# Manifest: /local/scratch/mv487/qm9s/experiment_1_phase2/ped/61409/61409_manifest.txt

--- stderr ---
Normal modes/frequencies absent or incomplete: diagonalizing Hessian.
