# Contact: romi@lens.unifi.it
# Manual: https://github.com/SebRoLENS/orca-ped-analyzer/blob/main/docs/ORCA_PED_Analyzer_Manual.md
# Check GitHub for updates and new releases: https://github.com/SebRoLENS/orca-ped-analyzer
#
# Molecule: 23 atoms | non-linear
# Bonds inferred: 23 | candidate ICs: 221 | selected ICs: 63
# Cartesian-Hessian reconstruction relative error: 3.614e-05
# Energy distribution: PED (PED is the backward-compatible default; TED includes kinetic-energy terms)
# Ring/cycle bonds detected: 4 | ring atoms: 4 | ring systems: 1
# VPT2: no matching .out file supplied/found -> harmonic/PED analysis only
#
 Mode   Harm/cm-1   VPT2/cm-1  Harm.Int/km mol-1  Assignment                                                     Grouped PED
------------------------------------------------------------------------------------------------------------------------------------------------------------------------------------------------
    6       49.31          --                 --  C-C torsion                                                    C-C torsion 70.86%; cyclic-ring out-of-plane deformation 14.51%; C-C out-of-plane bending 4.99%; C-H bending 3.79%
    7      103.34          --                 --  mixed ring-site C-H out-of-plane bending / cyclic-ring torsional/out-of-plane deformation ring-site C-H out-of-plane bending 46.59%; cyclic-ring torsional/out-of-plane deformation 35.73%; C-C torsion 10.13%; C-C-C bending 5.39%
    8      125.63          --                 --  mixed C-C torsion / ring-site C-H out-of-plane bending / cyclic-ring torsional/out-of-plane deformation C-C torsion 32.91%; ring-site C-H out-of-plane bending 31.72%; cyclic-ring torsional/out-of-plane deformation 24.38%; C-H bending 4.95%
    9      175.58          --                 --  mixed C-C torsion / cyclic-ring torsional/out-of-plane deformation C-C torsion 63.78%; cyclic-ring torsional/out-of-plane deformation 16.69%; ring-site C-H out-of-plane bending 14.90%; C-C-C bending 3.09%
   10      217.27          --                 --  mixed C-C torsion / ring-site C-H out-of-plane bending / cyclic-ring out-of-plane deformation C-C torsion 31.95%; ring-site C-H out-of-plane bending 23.11%; cyclic-ring out-of-plane deformation 18.52%; C-C-C bending 10.77%
   11      224.22          --                 --  C-C torsion                                                    C-C torsion 98.09%
   12      248.63          --                 --  C-C torsion                                                    C-C torsion 95.03%; C-C-C bending 3.14%
   13      280.98          --                 --  C-C torsion                                                    C-C torsion 82.67%; C-C-C bending 12.74%
   14      302.91          --                 --  mixed C-C torsion / C-C-C bending                              C-C torsion 61.66%; C-C-C bending 19.44%; cyclic-ring torsional/out-of-plane deformation 9.30%; C-C-O bending 3.36%
   15      330.57          --                 --  mixed C-C-C bending / ring-site C-H out-of-plane bending       C-C-C bending 47.49%; ring-site C-H out-of-plane bending 18.94%; C-C torsion 14.04%; cyclic-ring torsional/out-of-plane deformation 11.24%
   16      415.43          --                 --  mixed C-C-C bending / C-C torsion                              C-C-C bending 35.01%; C-C torsion 31.21%; ring-site C-H out-of-plane bending 8.08%; C-C-O bending 6.66%
   17      493.73          --                 --  mixed C-C-C bending / C-C torsion                              C-C-C bending 32.01%; C-C torsion 30.75%; C-H bending 12.84%; cyclic-ring torsional/out-of-plane deformation 8.66%
   18      504.30          --                 --  mixed C-C torsion / C-C-C bending                              C-C torsion 36.37%; C-C-C bending 24.83%; mixed-phase exocyclic C-C stretching 13.47%; mixed-phase cyclic C-C stretching 10.26%
   19      592.38          --                 --  mixed C-C-O bending / C-H bending                              C-C-O bending 25.07%; C-H bending 14.34%; C-C out-of-plane bending 14.20%; C-C torsion 10.04%
   20      629.79          --                 --  mixed C-H bending / C-C out-of-plane bending                   C-H bending 28.21%; C-C out-of-plane bending 17.35%; C-C-O bending 11.39%; C-C torsion 8.44%
   21      683.38          --                 --  mixed ring-site C-H out-of-plane bending / C-C torsion         ring-site C-H out-of-plane bending 36.36%; C-C torsion 20.87%; in-phase exocyclic C-C stretching 9.84%; cyclic C-C stretching 9.77%
   22      794.52          --                 --  mixed ring-site C-H out-of-plane bending / ring-site C-H in-plane bending / C-C torsion ring-site C-H out-of-plane bending 41.52%; ring-site C-H in-plane bending 24.20%; C-C torsion 16.40%; cyclic C-C stretching 7.41%
   23      863.70          --                 --  mixed C-H bending / cyclic C-C stretching                      C-H bending 33.02%; cyclic C-C stretching 14.89%; C-C torsion 12.72%; mixed-phase exocyclic C-C stretching 10.82%
   24      889.15          --                 --  mixed ring-site C-H out-of-plane bending / opposite-phase cyclic C-C stretching ring-site C-H out-of-plane bending 46.02%; opposite-phase cyclic C-C stretching 18.32%; C-C torsion 13.41%; C-H bending 11.12%
   25      897.29          --                 --  mixed C-H bending / mixed-phase cyclic C-C stretching / C-C torsion C-H bending 34.17%; mixed-phase cyclic C-C stretching 26.86%; C-C torsion 15.23%; ring-site C-H in-plane bending 8.62%
   26      916.54          --                 --  mixed C-H bending / mixed-phase cyclic C-C stretching / C-C torsion C-H bending 23.10%; mixed-phase cyclic C-C stretching 22.96%; C-C torsion 19.14%; ring-site C-H in-plane bending 17.27%
   27      959.28          --                 --  mixed C-H bending / cyclic C-C stretching / C-C torsion        C-H bending 31.02%; cyclic C-C stretching 24.31%; C-C torsion 16.30%; ring-site C-H out-of-plane bending 10.81%
   28      968.65          --                 --  mixed C-H bending / cyclic C-C stretching                      C-H bending 39.39%; cyclic C-C stretching 15.77%; ring-site C-H out-of-plane bending 12.36%; mixed-phase exocyclic C-C stretching 8.84%
   29      979.90          --                 --  mixed C-H bending / C-C torsion                                C-H bending 49.83%; C-C torsion 18.24%; ring-site C-H out-of-plane bending 13.45%; exocyclic C-C stretching 5.88%
   30     1022.12          --                 --  mixed C-H bending / ring-site C-H in-plane bending             C-H bending 60.98%; ring-site C-H in-plane bending 13.84%; C-C torsion 8.88%; C-C out-of-plane bending 5.81%
   31     1072.21          --                 --  mixed C-H bending / C-C torsion / ring-site C-H in-plane bending C-H bending 49.60%; C-C torsion 17.31%; ring-site C-H in-plane bending 16.93%; ring-site C-H out-of-plane bending 5.22%
   32     1095.75          --                 --  mixed C-H bending / exocyclic C-C stretching                   C-H bending 56.68%; exocyclic C-C stretching 16.98%; in-phase cyclic C-C stretching 5.83%; C-C torsion 5.39%
   33     1141.35          --                 --  mixed C-H bending / cyclic C-C stretching                      C-H bending 38.62%; cyclic C-C stretching 17.84%; exocyclic C-C stretching 13.19%; ring-site C-H in-plane bending 6.98%
   34     1158.30          --                 --  mixed C-H bending / C-C-C bending                              C-H bending 40.63%; C-C-C bending 16.88%; mixed-phase cyclic C-C stretching 14.02%; ring-site C-H out-of-plane bending 10.22%
   35     1179.74          --                 --  mixed C-H bending / ring-site C-H out-of-plane bending         C-H bending 42.31%; ring-site C-H out-of-plane bending 14.06%; ring-site C-H in-plane bending 13.74%; C-C-C bending 10.27%
   36     1192.80          --                 --  mixed ring-site C-H out-of-plane bending / cyclic-ring torsional/out-of-plane deformation / C-H bending ring-site C-H out-of-plane bending 17.69%; cyclic-ring torsional/out-of-plane deformation 17.39%; C-H bending 16.03%; ring-site C-H in-plane bending 12.41%
   37     1247.28          --                 --  mixed ring-site C-H in-plane bending / mixed-phase cyclic C-C stretching / C-H bending ring-site C-H in-plane bending 28.67%; mixed-phase cyclic C-C stretching 17.94%; C-H bending 17.26%; C-C-C bending 12.80%
   38     1253.94          --                 --  mixed C-H bending / ring-site C-H out-of-plane bending         C-H bending 28.35%; ring-site C-H out-of-plane bending 24.92%; exocyclic C-C stretching 13.79%; C-C torsion 9.24%
   39     1261.27          --                 --  mixed ring-site C-H in-plane bending / ring-site C-H out-of-plane bending ring-site C-H in-plane bending 55.67%; ring-site C-H out-of-plane bending 31.92%; opposite-phase cyclic C-C stretching 4.11%; C-C torsion 3.30%
   40     1272.22          --                 --  mixed ring-site C-H out-of-plane bending / ring-site C-H in-plane bending ring-site C-H out-of-plane bending 69.67%; ring-site C-H in-plane bending 17.82%; mixed-phase cyclic C-C stretching 4.90%; C-H bending 2.76%
   41     1315.88          --                 --  mixed ring-site C-H out-of-plane bending / ring-site C-H in-plane bending / C-H bending ring-site C-H out-of-plane bending 23.65%; ring-site C-H in-plane bending 18.21%; C-H bending 16.64%; C-C torsion 14.13%
   42     1387.53          --                 --  C-H bending                                                    C-H bending 93.01%; C-C stretching 4.90%
   43     1396.07          --                 --  mixed ring-site C-H out-of-plane bending / C-H bending         ring-site C-H out-of-plane bending 41.99%; C-H bending 39.70%; C-C torsion 5.53%; in-phase cyclic C-C stretching 4.53%
   44     1412.57          --                 --  C-H bending                                                    C-H bending 89.23%; ring-site C-H out-of-plane bending 4.32%; mixed-phase exocyclic C-C stretching 3.44%
   45     1417.70          --                 --  C-H bending                                                    C-H bending 96.81%
   46     1470.75          --                 --  C-H bending                                                    C-H bending 96.58%; C-C torsion 2.01%
   47     1481.10          --                 --  C-H bending                                                    C-H bending 96.79%; C-C torsion 2.03%
   48     1486.99          --                 --  mixed C-H bending / ring-site C-H out-of-plane bending         C-H bending 64.12%; ring-site C-H out-of-plane bending 18.56%; ring-site C-H in-plane bending 15.37%
   49     1496.26          --                 --  mixed C-H bending / C-C torsion                                C-H bending 55.82%; C-C torsion 43.30%
   50     1498.14          --                 --  mixed C-H bending / C-C torsion                                C-H bending 74.11%; C-C torsion 25.35%
   51     1507.70          --                 --  mixed ring-site C-H out-of-plane bending / C-H bending         ring-site C-H out-of-plane bending 45.72%; C-H bending 34.55%; ring-site C-H in-plane bending 14.20%; cyclic C-C stretching 2.62%
   52     1509.87          --                 --  mixed C-H bending / C-C torsion                                C-H bending 77.33%; C-C torsion 22.20%
   53     1511.91          --                 --  mixed C-H bending / C-C torsion                                C-H bending 70.75%; C-C torsion 22.63%; ring-site C-H out-of-plane bending 5.14%
   54     1767.33          --                 --  C-O stretching                                                 C-O stretching 81.27%; C-C-C bending 6.99%; C-H bending 3.01%; exocyclic C-C stretching 2.87%
   55     3024.17          --                 --  in-phase C-H stretching                                        in-phase C-H stretching 99.31%
   56     3032.53          --                 --  in-phase C-H stretching                                        in-phase C-H stretching 98.22%
   57     3037.90          --                 --  C-H stretching                                                 C-H stretching 99.11%
   58     3045.12          --                 --  mixed-phase ring-site C-H stretching                           mixed-phase ring-site C-H stretching 99.36%
   59     3050.05          --                 --  ring-site C-H stretching                                       ring-site C-H stretching 96.72%; C-H stretching 2.34%
   60     3064.06          --                 --  mixed-phase ring-site C-H stretching                           mixed-phase ring-site C-H stretching 79.14%; opposite-phase C-H stretching 19.33%
   61     3082.54          --                 --  mixed-phase C-H stretching                                     mixed-phase C-H stretching 86.65%; opposite-phase ring-site C-H stretching 12.07%
   62     3088.16          --                 --  mixed mixed-phase ring-site C-H stretching / mixed-phase C-H stretching mixed-phase ring-site C-H stretching 68.16%; mixed-phase C-H stretching 30.40%
   63     3092.53          --                 --  mixed mixed-phase C-H stretching / mixed-phase ring-site C-H stretching mixed-phase C-H stretching 63.95%; mixed-phase ring-site C-H stretching 34.95%
   64     3096.17          --                 --  mixed-phase C-H stretching                                     mixed-phase C-H stretching 96.25%; ring-site C-H stretching 2.96%
   65     3097.48          --                 --  mixed-phase C-H stretching                                     mixed-phase C-H stretching 94.27%; mixed-phase ring-site C-H stretching 5.23%
   66     3099.75          --                 --  mixed-phase C-H stretching                                     mixed-phase C-H stretching 91.88%; mixed-phase ring-site C-H stretching 7.50%
   67     3106.47          --                 --  mixed-phase ring-site C-H stretching                           mixed-phase ring-site C-H stretching 86.17%; mixed-phase C-H stretching 13.16%
   68     3138.38          --                 --  mixed-phase C-H stretching                                     mixed-phase C-H stretching 99.43%

# Selected internal-coordinate set:
#   1  nu(C1-C2)
#   2  nu(C3-C4)
#   3  nu(C6-H19)
#   4  nu(C7-C8)
#   5  nu(C4-C5)
#   6  nu(C6-H18)
#   7  nu(C2-H13)
#   8  nu(C8-H21)
#   9  nu(C1-H11)
#  10  nu(C3-H15)
#  11  nu(C6-H20)
#  12  nu(C8-H22)
#  13  nu(C1-H12)
#  14  nu(C7-O9)
#  15  nu(C4-H16)
#  16  nu(C3-H14)
#  17  nu(C2-C5)
#  18  gamma(C5;C7,C8,O9)
#  19  nu(C1-H10)
#  20  nu(C8-H23)
#  21  nu(C4-H17)
#  22  nu(C5-C6)
#  23  gamma(H14;C3,C4,H15)
#  24  tau(H10-C1-C2-H13)
#  25  delta(C8-C7-O9)
#  26  delta(H21-C8-H22)
#  27  delta(H11-C1-H12)
#  28  delta(H18-C6-H20)
#  29  delta(H18-C6-H19)
#  30  delta(H19-C6-H20)
#  31  delta(H22-C8-H23)
#  32  delta(C2-C1-H12)
#  33  delta(H16-C4-H17)
#  34  tau(H13-C2-C3-H15)
#  35  delta(H21-C8-H23)
#  36  gamma(H14;C3,C2,C4)
#  37  delta(C2-C1-H11)
#  38  delta(C5-C4-H16)
#  39  delta(C2-C1-H10)
#  40  delta(C5-C4-H17)
#  41  tau(H13-C2-C5-C6)
#  42  tau(H11-C1-C2-C5)
#  43  delta(C5-C6-H20)
#  44  delta(C7-C8-H22)
#  45  nu(C5-C7)
#  46  delta(C3-C4-H16)
#  47  nu(C2-C3)
#  48  delta(C7-C8-H21)
#  49  delta(C5-C6-H18)
#  50  delta(C2-C3-H15)
#  51  tau(H12-C1-C2-C3)
#  52  tau(C5-C2-C3-H15)
#  53  tau(C7-C5-C6-H18)
#  54  tau(C5-C7-C8-H22)
#  55  tau(C2-C5-C6-H20)
#  56  tau(C3-C4-C5-C6)
#  57  delta(C5-C7-C8)
#  58  tau(C2-C5-C7-C8)
#  59  delta(C1-C2-C3)
#  60  gamma(C7;C5,C2,C4)
#  61  delta(C1-C2-C5)
#  62  delta(C4-C5-C6)
#  63  tau(C3-C2-C5-C4)

Wrote: /local/scratch/mv487/qm9s/experiment_1_phase2/ped/87037/87037_summary.csv
Wrote: /local/scratch/mv487/qm9s/experiment_1_phase2/ped/87037/87037_families.csv
Wrote: /local/scratch/mv487/qm9s/experiment_1_phase2/ped/87037/87037_ped.csv
Wrote: /local/scratch/mv487/qm9s/experiment_1_phase2/ped/87037/87037_ir_transitions.csv

# All generated files are in: /local/scratch/mv487/qm9s/experiment_1_phase2/ped/87037
# Manifest: /local/scratch/mv487/qm9s/experiment_1_phase2/ped/87037/87037_manifest.txt

--- stderr ---
Normal modes/frequencies absent or incomplete: diagonalizing Hessian.
