# Contact: romi@lens.unifi.it
# Manual: https://github.com/SebRoLENS/orca-ped-analyzer/blob/main/docs/ORCA_PED_Analyzer_Manual.md
# Check GitHub for updates and new releases: https://github.com/SebRoLENS/orca-ped-analyzer
#
# Molecule: 14 atoms | non-linear
# Bonds inferred: 17 | candidate ICs: 223 | selected ICs: 36
# Cartesian-Hessian reconstruction relative error: 3.854e-05
# Energy distribution: PED (PED is the backward-compatible default; TED includes kinetic-energy terms)
# Ring/cycle bonds detected: 11 | ring atoms: 8 | ring systems: 1
# VPT2: no matching .out file supplied/found -> harmonic/PED analysis only
#
 Mode   Harm/cm-1   VPT2/cm-1  Harm.Int/km mol-1  Assignment                                                     Grouped PED
------------------------------------------------------------------------------------------------------------------------------------------------------------------------------------------------
    6      120.17          --                 --  mixed cyclic-ring torsional/out-of-plane deformation / ring-site C-H out-of-plane bending cyclic-ring torsional/out-of-plane deformation 67.95%; ring-site C-H out-of-plane bending 29.77%
    7      287.29          --                 --  mixed cyclic-ring torsional/out-of-plane deformation / ring-site C-H out-of-plane bending / cyclic-ring torsional/out-of-plane deformation cyclic-ring torsional/out-of-plane deformation 47.59%; ring-site C-H out-of-plane bending 25.90%; cyclic-ring torsional/out-of-plane deformation 18.69%; mixed-phase cyclic C-C stretching 7.32%
    8      409.93          --                 --  mixed cyclic-ring torsional/out-of-plane deformation / opposite-phase cyclic C-O stretching cyclic-ring torsional/out-of-plane deformation 66.65%; opposite-phase cyclic C-O stretching 14.28%; O-C-O bending 6.88%; ring-site C-H out-of-plane bending 4.49%
    9      453.67          --                 --  mixed cyclic-ring torsional/out-of-plane deformation / cyclic-ring torsional/out-of-plane deformation cyclic-ring torsional/out-of-plane deformation 64.82%; cyclic-ring torsional/out-of-plane deformation 18.65%; mixed-phase cyclic C-C stretching 10.32%; opposite-phase cyclic C-N stretching 3.70%
   10      466.64          --                 --  mixed cyclic-ring deformation (C-O-C bend) / cyclic-ring torsional/out-of-plane deformation cyclic-ring deformation (C-O-C bend) 53.37%; cyclic-ring torsional/out-of-plane deformation 22.01%; O-C-O bending 10.25%; mixed-phase cyclic C-C stretching 5.27%
   11      503.73          --                 --  mixed cyclic-ring torsional/out-of-plane deformation / cyclic-ring deformation (C-O-C bend) cyclic-ring torsional/out-of-plane deformation 49.19%; cyclic-ring deformation (C-O-C bend) 24.33%; in-phase cyclic C-O stretching 14.65%; O-C-O bending 6.29%
   12      664.66          --                 --  mixed O-C-O bending / cyclic-ring deformation (C-O-C bend) / cyclic-ring torsional/out-of-plane deformation O-C-O bending 27.18%; cyclic-ring deformation (C-O-C bend) 22.72%; cyclic-ring torsional/out-of-plane deformation 21.73%; mixed-phase cyclic C-C stretching 17.42%
   13      766.56          --                 --  cyclic-ring out-of-plane deformation                           cyclic-ring out-of-plane deformation 76.94%; cyclic-ring torsional/out-of-plane deformation 14.48%; ring-site C-H out-of-plane bending 6.00%
   14      770.23          --                 --  mixed cyclic-ring deformation (C-O-C bend) / in-phase cyclic C-O stretching / mixed-phase cyclic C-C stretching cyclic-ring deformation (C-O-C bend) 39.88%; in-phase cyclic C-O stretching 28.64%; mixed-phase cyclic C-C stretching 18.02%; O-C-O bending 7.29%
   15      777.68          --                 --  mixed opposite-phase cyclic C-N stretching / mixed-phase cyclic C-C stretching opposite-phase cyclic C-N stretching 45.87%; mixed-phase cyclic C-C stretching 33.71%; ring-site C-H out-of-plane bending 7.52%; cyclic-ring torsional/out-of-plane deformation 5.51%
   16      853.97          --                 --  mixed cyclic-ring torsional/out-of-plane deformation / in-phase cyclic C-N stretching / cyclic C-O stretching cyclic-ring torsional/out-of-plane deformation 37.33%; in-phase cyclic C-N stretching 25.22%; cyclic C-O stretching 17.27%; in-phase cyclic C-C stretching 12.28%
   17      862.22          --                 --  mixed-phase cyclic C-C stretching                              mixed-phase cyclic C-C stretching 77.33%; cyclic-ring torsional/out-of-plane deformation 12.34%; cyclic-ring torsional/out-of-plane deformation 3.41%; ring-site C-H out-of-plane bending 2.78%
   18      888.74          --                 --  mixed mixed-phase cyclic C-C stretching / C-C-H linear bending / cyclic-ring torsional/out-of-plane deformation mixed-phase cyclic C-C stretching 35.08%; C-C-H linear bending 19.64%; cyclic-ring torsional/out-of-plane deformation 19.52%; cyclic-ring deformation (C-O-C bend) 5.55%
   19      904.48          --                 --  mixed in-phase cyclic C-N stretching / cyclic C-O stretching / mixed-phase cyclic C-C stretching in-phase cyclic C-N stretching 31.27%; cyclic C-O stretching 21.44%; mixed-phase cyclic C-C stretching 16.15%; C-C-H linear bending 10.26%
   20      916.86          --                 --  mixed opposite-phase cyclic C-N stretching / mixed-phase cyclic C-C stretching opposite-phase cyclic C-N stretching 40.63%; mixed-phase cyclic C-C stretching 31.49%; ring-site C-H in-plane bending 11.28%; ring-site C-H out-of-plane bending 10.95%
   21     1021.33          --                 --  mixed mixed-phase cyclic C-O stretching / cyclic-ring torsional/out-of-plane deformation mixed-phase cyclic C-O stretching 62.66%; cyclic-ring torsional/out-of-plane deformation 10.66%; cyclic C-C stretching 7.38%; ring-site C-H in-plane bending 5.27%
   22     1033.60          --                 --  mixed C-C-H linear bending / ring-site C-H in-plane bending    C-C-H linear bending 54.41%; ring-site C-H in-plane bending 18.42%; mixed-phase cyclic C-C stretching 12.59%; ring-site C-H out-of-plane bending 10.83%
   23     1039.89          --                 --  mixed cyclic C-C stretching / cyclic-ring deformation (C-O-C bend) / cyclic-ring torsional/out-of-plane deformation cyclic C-C stretching 27.86%; cyclic-ring deformation (C-O-C bend) 21.77%; cyclic-ring torsional/out-of-plane deformation 19.34%; mixed-phase cyclic C-O stretching 17.58%
   24     1111.49          --                 --  mixed mixed-phase cyclic C-O stretching / ring-site N-H in-plane bending mixed-phase cyclic C-O stretching 39.83%; ring-site N-H in-plane bending 18.49%; O-C-O bending 10.59%; ring-site C-H out-of-plane bending 7.18%
   25     1122.04          --                 --  ring-site C-H in-plane bending                                 ring-site C-H in-plane bending 75.24%; ring-site N-H in-plane bending 7.15%; opposite-phase cyclic C-N stretching 6.44%; ring-site C-H out-of-plane bending 5.67%
   26     1127.17          --                 --  mixed mixed-phase cyclic C-O stretching / cyclic C-C stretching mixed-phase cyclic C-O stretching 39.51%; cyclic C-C stretching 17.97%; ring-site C-H in-plane bending 12.63%; cyclic-ring deformation (C-O-C bend) 8.19%
   27     1156.04          --                 --  mixed cyclic C-C stretching / ring-site N-H in-plane bending   cyclic C-C stretching 34.64%; ring-site N-H in-plane bending 21.30%; cyclic-ring torsional/out-of-plane deformation 12.57%; in-phase cyclic C-N stretching 9.75%
   28     1171.15          --                 --  mixed ring-site C-H out-of-plane bending / C-C-H linear bending / ring-site C-H in-plane bending ring-site C-H out-of-plane bending 35.85%; C-C-H linear bending 24.99%; ring-site C-H in-plane bending 23.34%; ring-site N-H in-plane bending 10.84%
   29     1186.83          --                 --  mixed mixed-phase cyclic C-O stretching / cyclic C-C stretching mixed-phase cyclic C-O stretching 43.67%; cyclic C-C stretching 36.40%; cyclic-ring torsional/out-of-plane deformation 7.73%; in-phase cyclic C-N stretching 4.15%
   30     1219.12          --                 --  mixed ring-site C-H in-plane bending / mixed-phase cyclic C-C stretching ring-site C-H in-plane bending 61.32%; mixed-phase cyclic C-C stretching 16.78%; C-C-H linear bending 9.86%; ring-site C-H out-of-plane bending 6.40%
   31     1249.86          --                 --  mixed ring-site C-H in-plane bending / C-C-H linear bending    ring-site C-H in-plane bending 47.07%; C-C-H linear bending 13.52%; in-phase cyclic C-C stretching 12.69%; in-phase cyclic C-N stretching 10.69%
   32     1290.17          --                 --  mixed ring-site N-H in-plane bending / mixed-phase cyclic C-C stretching / C-C-H linear bending ring-site N-H in-plane bending 27.12%; mixed-phase cyclic C-C stretching 25.11%; C-C-H linear bending 22.11%; cyclic-ring torsional/out-of-plane deformation 9.76%
   33     1296.25          --                 --  mixed ring-site N-H in-plane bending / opposite-phase cyclic C-C stretching ring-site N-H in-plane bending 62.43%; opposite-phase cyclic C-C stretching 11.54%; C-C-H linear bending 10.83%; ring-site C-H out-of-plane bending 7.32%
   34     1380.96          --                 --  mixed ring-site C-H in-plane bending / mixed-phase cyclic C-O stretching ring-site C-H in-plane bending 41.53%; mixed-phase cyclic C-O stretching 21.46%; ring-site C-H out-of-plane bending 13.63%; cyclic-ring deformation (C-O-C bend) 9.23%
   35     1404.13          --                 --  mixed ring-site C-H out-of-plane bending / ring-site C-H in-plane bending ring-site C-H out-of-plane bending 53.39%; ring-site C-H in-plane bending 16.81%; in-phase cyclic C-C stretching 15.90%; in-phase cyclic C-O stretching 5.99%
   36     1876.09          --                 --  exocyclic C-O stretching                                       exocyclic C-O stretching 81.32%; in-phase cyclic C-O stretching 8.74%; cyclic-ring deformation (C-O-C bend) 7.56%; O-C-O bending 2.23%
   37     3126.23          --                 --  mixed-phase ring-site C-H stretching                           mixed-phase ring-site C-H stretching 99.04%
   38     3140.86          --                 --  opposite-phase ring-site C-H stretching                        opposite-phase ring-site C-H stretching 99.32%
   39     3142.91          --                 --  ring-site C-H stretching                                       ring-site C-H stretching 97.65%; cyclic C-C stretching 2.10%
   40     3172.20          --                 --  ring-site C-H stretching                                       ring-site C-H stretching 98.58%
   41     3395.60          --                 --  ring-site N-H stretching                                       ring-site N-H stretching 99.73%

# Selected internal-coordinate set:
#   1  nu(O1-C2)
#   2  nu(C4-C5)
#   3  nu(C7-C8)
#   4  nu(N6-H12)
#   5  nu(C4-C7)
#   6  nu(C5-C8)
#   7  nu(C5-N6)
#   8  nu(N6-C7)
#   9  nu(C2-O3)
#  10  gamma(O9;C2,O1,O3)
#  11  nu(C8-O9)
#  12  nu(C4-H10)
#  13  nu(C8-H14)
#  14  delta(O1-C2-O3)
#  15  nu(C7-H13)
#  16  nu(C5-H11)
#  17  delta(C5-C4-H10)
#  18  delta(C7-N6-H12)
#  19  delta(C7-C4-H10)
#  20  delta(C2-O9-C8)
#  21  delta(C5-N6-H12)
#  22  tau(H14-C8-O9-C2)
#  23  tau(O1-C2-O3-C4)
#  24  delta(N6-C7-H13)
#  25  delta(N6-C5-H11)
#  26  gamma(H14;C8,C5,C7)
#  27  delta(C2-O3-C4)
#  28  delta_lin2(C5-C7-H13)
#  29  delta_lin2(C7-C5-H11)
#  30  nu(C2-O9)
#  31  tau(C5-C8-O9-C2)
#  32  nu(O3-C4)
#  33  nu(C5-C7)
#  34  tau(N6-C5-C7-C4)
#  35  tau(C8-C5-C7-C4)
#  36  tau(O3-C4-C5-N6)

Wrote: /local/scratch/mv487/qm9s/experiment_1_phase2/ped/40899/40899_summary.csv
Wrote: /local/scratch/mv487/qm9s/experiment_1_phase2/ped/40899/40899_families.csv
Wrote: /local/scratch/mv487/qm9s/experiment_1_phase2/ped/40899/40899_ped.csv
Wrote: /local/scratch/mv487/qm9s/experiment_1_phase2/ped/40899/40899_ir_transitions.csv

# All generated files are in: /local/scratch/mv487/qm9s/experiment_1_phase2/ped/40899
# Manifest: /local/scratch/mv487/qm9s/experiment_1_phase2/ped/40899/40899_manifest.txt

--- stderr ---
Normal modes/frequencies absent or incomplete: diagonalizing Hessian.
