# Contact: romi@lens.unifi.it
# Manual: https://github.com/SebRoLENS/orca-ped-analyzer/blob/main/docs/ORCA_PED_Analyzer_Manual.md
# Check GitHub for updates and new releases: https://github.com/SebRoLENS/orca-ped-analyzer
#
# Molecule: 18 atoms | non-linear
# Bonds inferred: 17 | candidate ICs: 117 | selected ICs: 48
# Cartesian-Hessian reconstruction relative error: 7.589e-06
# Energy distribution: PED (PED is the backward-compatible default; TED includes kinetic-energy terms)
# Ring/cycle bonds detected: 0 | ring atoms: 0 | ring systems: 0
# VPT2: no matching .out file supplied/found -> harmonic/PED analysis only
#
 Mode   Harm/cm-1   VPT2/cm-1  Harm.Int/km mol-1  Assignment                                                     Grouped PED
------------------------------------------------------------------------------------------------------------------------------------------------------------------------------------------------
    6       32.84          --                 --  mixed C-C torsion / C-C-C bending                              C-C torsion 65.22%; C-C-C bending 18.04%; C-H out-of-plane bending 5.72%; C-O torsion 3.05%
    7       37.24          --                 --  mixed C-N torsion / C-H bending                                C-N torsion 58.47%; C-H bending 18.38%; C-C torsion 16.39%
    8       73.79          --                 --  mixed C-C torsion / C-N torsion                                C-C torsion 50.64%; C-N torsion 29.14%; C-H bending 6.48%; C-C-C bending 6.15%
    9      129.51          --                 --  C-O torsion                                                    C-O torsion 75.11%; C-N torsion 6.92%; C-H bending 4.64%; C-C-C bending 3.42%
   10      143.21          --                 --  C-N torsion                                                    C-N torsion 74.35%; C-O torsion 8.62%; C-C-C bending 4.65%; C-C torsion 2.18%
   11      165.48          --                 --  mixed C-N torsion / C-O torsion                                C-N torsion 51.49%; C-O torsion 44.15%
   12      202.77          --                 --  mixed C-O torsion / C-N torsion                                C-O torsion 55.11%; C-N torsion 22.95%; N-C-C bending 6.00%; C-C-C bending 4.15%
   13      252.48          --                 --  mixed C-C-O bending / C-N-C bending / N-C-C bending            C-C-O bending 21.29%; C-N-C bending 19.39%; N-C-C bending 17.50%; C-O-C bending 13.26%
   14      311.41          --                 --  mixed C-N-C bending / C-C-C bending                            C-N-C bending 25.11%; C-C-C bending 20.81%; C-C-O bending 11.15%; C-O-C bending 7.64%
   15      376.51          --                 --  mixed C-O-C bending / C-C-O bending                            C-O-C bending 36.61%; C-C-O bending 24.32%; C-C stretching 13.60%; C-H bending 8.16%
   16      391.34          --                 --  mixed O-C-C bending / N-C-C bending                            O-C-C bending 43.96%; N-C-C bending 25.87%; C-C stretching 9.17%; C-N-C bending 4.86%
   17      527.79          --                 --  mixed C-N torsion / C-H bending / C-O torsion                  C-N torsion 29.25%; C-H bending 26.45%; C-O torsion 19.74%; in-phase C-C stretching 7.84%
   18      611.16          --                 --  mixed C-N torsion / C-O torsion                                C-N torsion 52.67%; C-O torsion 23.16%; C-H bending 10.31%; C-H out-of-plane bending 4.93%
   19      680.16          --                 --  mixed C-N torsion / C-O torsion                                C-N torsion 57.45%; C-O torsion 13.10%; C-H bending 10.11%; C-C torsion 5.44%
   20      687.58          --                 --  mixed O-C-C bending / C-C-O bending                            O-C-C bending 14.41%; C-C-O bending 11.03%; mixed-phase C-C stretching 10.57%; O-C-O bending 10.32%
   21      759.12          --                 --  mixed O-C-O bending / C-C-C bending                            O-C-O bending 25.37%; C-C-C bending 20.85%; C-H bending 10.97%; C-O stretching 8.98%
   22      878.89          --                 --  mixed C-H bending / C-N stretching / C-C stretching            C-H bending 28.17%; C-N stretching 19.93%; C-C stretching 15.38%; C-N-C bending 10.25%
   23      914.47          --                 --  mixed C-O stretching / mixed-phase C-C stretching              C-O stretching 33.23%; mixed-phase C-C stretching 16.16%; C-C-C bending 13.24%; C-C-O bending 8.88%
   24      971.90          --                 --  mixed C-H bending / C-N torsion                                C-H bending 56.49%; C-N torsion 9.43%; C-O torsion 8.92%; opposite-phase C-C stretching 7.90%
   25     1012.89          --                 --  mixed C-O stretching / C-H bending                             C-O stretching 52.45%; C-H bending 16.42%; C-C stretching 13.78%; C-H out-of-plane bending 4.39%
   26     1092.38          --                 --  mixed C-N stretching / C-C stretching                          C-N stretching 54.57%; C-C stretching 16.89%; C-H bending 7.93%; O-C-C bending 7.53%
   27     1154.36          --                 --  C-H bending                                                    C-H bending 95.53%; C-N torsion 4.24%
   28     1173.44          --                 --  C-H bending                                                    C-H bending 95.02%; C-O torsion 4.02%
   29     1181.85          --                 --  mixed C-H bending / mixed-phase C-O stretching                 C-H bending 65.87%; mixed-phase C-O stretching 17.11%; O-C-O bending 7.89%; C-C stretching 3.16%
   30     1199.24          --                 --  C-H bending                                                    C-H bending 77.53%; C-N-C bending 5.83%; C-N stretching 4.73%; mixed-phase C-O stretching 4.50%
   31     1212.33          --                 --  C-H bending                                                    C-H bending 87.75%; C-H out-of-plane bending 4.59%; C-O-C bending 3.00%; C-O stretching 2.21%
   32     1241.08          --                 --  mixed C-H bending / C-H out-of-plane bending / mixed-phase C-O stretching C-H bending 42.71%; C-H out-of-plane bending 31.84%; mixed-phase C-O stretching 17.20%; O-C-O bending 4.41%
   33     1284.32          --                 --  mixed mixed-phase C-N stretching / N-H bending / mixed-phase C-C stretching mixed-phase C-N stretching 33.91%; N-H bending 20.94%; mixed-phase C-C stretching 16.43%; O-C-C bending 9.23%
   34     1360.85          --                 --  mixed C-H bending / C-H out-of-plane bending                   C-H bending 54.68%; C-H out-of-plane bending 23.01%; mixed-phase C-C stretching 10.14%; C-O stretching 6.87%
   35     1450.00          --                 --  mixed C-H out-of-plane bending / C-H bending                   C-H out-of-plane bending 60.55%; C-H bending 34.38%; C-C stretching 2.20%
   36     1460.76          --                 --  C-H bending                                                    C-H bending 94.82%; C-N stretching 2.28%
   37     1477.58          --                 --  C-H bending                                                    C-H bending 94.47%; C-O stretching 2.73%
   38     1483.91          --                 --  C-H bending                                                    C-H bending 99.21%
   39     1487.64          --                 --  C-H bending                                                    C-H bending 99.27%
   40     1498.51          --                 --  C-H bending                                                    C-H bending 99.65%
   41     1515.59          --                 --  C-H bending                                                    C-H bending 97.77%
   42     1579.64          --                 --  mixed N-H bending / mixed-phase C-N stretching                 N-H bending 51.94%; mixed-phase C-N stretching 26.55%; C-H bending 14.59%; O-C-C bending 2.80%
   43     1741.92          --                 --  mixed C-O stretching / N-C-C bending                           C-O stretching 69.40%; N-C-C bending 8.35%; C-N stretching 7.55%; C-H bending 5.75%
   44     1768.47          --                 --  mixed-phase C-O stretching                                     mixed-phase C-O stretching 74.90%; C-C-O bending 6.45%; C-C stretching 4.06%; C-C-C bending 2.83%
   45     3036.98          --                 --  C-H stretching                                                 C-H stretching 99.61%
   46     3040.90          --                 --  C-H stretching                                                 C-H stretching 99.48%
   47     3058.71          --                 --  C-H stretching                                                 C-H stretching 99.72%
   48     3093.43          --                 --  mixed-phase C-H stretching                                     mixed-phase C-H stretching 99.58%
   49     3132.57          --                 --  opposite-phase C-H stretching                                  opposite-phase C-H stretching 99.44%
   50     3132.86          --                 --  mixed-phase C-H stretching                                     mixed-phase C-H stretching 99.24%
   51     3142.25          --                 --  C-H stretching                                                 C-H stretching 99.38%
   52     3167.58          --                 --  mixed-phase C-H stretching                                     mixed-phase C-H stretching 99.36%
   53     3558.03          --                 --  N-H stretching                                                 N-H stretching 99.37%

# Selected internal-coordinate set:
#   1  nu(C1-N2)
#   2  nu(C5-C6)
#   3  nu(O8-C9)
#   4  nu(C3-O4)
#   5  nu(C9-H18)
#   6  nu(C5-H14)
#   7  nu(C1-H11)
#   8  nu(C5-H15)
#   9  nu(N2-H13)
#  10  nu(C9-H16)
#  11  nu(C1-H10)
#  12  tau(H13-N2-C3-O4)
#  13  nu(C6-O8)
#  14  tau(O7-C6-O8-C9)
#  15  nu(C1-H12)
#  16  nu(C9-H17)
#  17  tau(C1-N2-C3-O4)
#  18  delta(O4-C3-C5)
#  19  nu(C6-O7)
#  20  gamma(H14;C5,C6,H15)
#  21  delta(C1-N2-H13)
#  22  delta(H16-C9-H18)
#  23  delta(H11-C1-H12)
#  24  delta(H17-C9-H18)
#  25  delta(H10-C1-H11)
#  26  delta(H16-C9-H17)
#  27  delta(C6-C5-H15)
#  28  delta(H10-C1-H12)
#  29  tau(C5-C6-O8-C9)
#  30  delta(O7-C6-O8)
#  31  nu(C3-C5)
#  32  delta(O8-C9-H18)
#  33  tau(C1-N2-C3-C5)
#  34  delta(C6-C5-H14)
#  35  delta(N2-C1-H11)
#  36  nu(N2-C3)
#  37  delta(C3-C5-H15)
#  38  tau(C6-O8-C9-H18)
#  39  delta(N2-C1-H10)
#  40  delta(O8-C9-H16)
#  41  delta(C1-N2-C3)
#  42  tau(H11-C1-N2-C3)
#  43  delta(C6-O8-C9)
#  44  delta(C5-C6-O8)
#  45  delta(N2-C3-C5)
#  46  tau(O4-C3-C5-C6)
#  47  tau(C3-C5-C6-O8)
#  48  delta(C3-C5-C6)

Wrote: /local/scratch/mv487/qm9s/experiment_1_phase2/ped/91431/91431_summary.csv
Wrote: /local/scratch/mv487/qm9s/experiment_1_phase2/ped/91431/91431_families.csv
Wrote: /local/scratch/mv487/qm9s/experiment_1_phase2/ped/91431/91431_ped.csv
Wrote: /local/scratch/mv487/qm9s/experiment_1_phase2/ped/91431/91431_ir_transitions.csv

# All generated files are in: /local/scratch/mv487/qm9s/experiment_1_phase2/ped/91431
# Manifest: /local/scratch/mv487/qm9s/experiment_1_phase2/ped/91431/91431_manifest.txt

--- stderr ---
Normal modes/frequencies absent or incomplete: diagonalizing Hessian.
