# Contact: romi@lens.unifi.it
# Manual: https://github.com/SebRoLENS/orca-ped-analyzer/blob/main/docs/ORCA_PED_Analyzer_Manual.md
# Check GitHub for updates and new releases: https://github.com/SebRoLENS/orca-ped-analyzer
#
# Molecule: 17 atoms | non-linear
# Bonds inferred: 18 | candidate ICs: 158 | selected ICs: 45
# Cartesian-Hessian reconstruction relative error: 2.372e-05
# Energy distribution: PED (PED is the backward-compatible default; TED includes kinetic-energy terms)
# Ring/cycle bonds detected: 8 | ring atoms: 7 | ring systems: 1
# VPT2: no matching .out file supplied/found -> harmonic/PED analysis only
#
 Mode   Harm/cm-1   VPT2/cm-1  Harm.Int/km mol-1  Assignment                                                     Grouped PED
------------------------------------------------------------------------------------------------------------------------------------------------------------------------------------------------
    6       64.21          --                 --  mixed cyclic-ring torsional/out-of-plane deformation / C-C torsion cyclic-ring torsional/out-of-plane deformation 46.35%; C-C torsion 38.01%; C-O out-of-plane bending 5.75%; ring-site C-H out-of-plane bending 2.86%
    7      195.91          --                 --  mixed C-C-C bending / cyclic-ring torsional/out-of-plane deformation C-C-C bending 51.49%; cyclic-ring torsional/out-of-plane deformation 39.47%; O-C-C bending 7.22%
    8      273.23          --                 --  cyclic-ring torsional/out-of-plane deformation                 cyclic-ring torsional/out-of-plane deformation 88.84%; C-C torsion 4.04%; C-O out-of-plane bending 2.07%
    9      421.69          --                 --  mixed cyclic-ring torsional/out-of-plane deformation / cyclic-ring deformation (C-C-C bend) cyclic-ring torsional/out-of-plane deformation 38.39%; cyclic-ring deformation (C-C-C bend) 36.68%; ring-site C-H out-of-plane bending 9.57%; exocyclic C-C stretching 6.54%
   10      434.76          --                 --  mixed cyclic-ring deformation (C-C-C bend) / cyclic-ring torsional/out-of-plane deformation / ring-site C-H out-of-plane bending cyclic-ring deformation (C-C-C bend) 49.59%; cyclic-ring torsional/out-of-plane deformation 17.94%; ring-site C-H out-of-plane bending 16.08%; O-C-C bending 5.08%
   11      463.47          --                 --  mixed cyclic-ring torsional/out-of-plane deformation / ring-site C-H out-of-plane bending cyclic-ring torsional/out-of-plane deformation 66.58%; ring-site C-H out-of-plane bending 23.16%; cyclic-ring deformation (C-C-C bend) 3.90%; cyclic C-C stretching 2.94%
   12      511.76          --                 --  mixed ring-site C-H out-of-plane bending / cyclic-ring torsional/out-of-plane deformation ring-site C-H out-of-plane bending 43.81%; cyclic-ring torsional/out-of-plane deformation 29.37%; ring-site C-H in-plane bending 11.69%; cyclic-ring deformation (C-C-C bend) 11.57%
   13      555.03          --                 --  mixed cyclic-ring torsional/out-of-plane deformation / cyclic-ring deformation (C-C-C bend) cyclic-ring torsional/out-of-plane deformation 65.73%; cyclic-ring deformation (C-C-C bend) 15.75%; mixed-phase cyclic C-C stretching 10.74%; ring-site C-H out-of-plane bending 5.44%
   14      680.53          --                 --  mixed ring-site C-H out-of-plane bending / cyclic-ring out-of-plane deformation ring-site C-H out-of-plane bending 55.53%; cyclic-ring out-of-plane deformation 17.97%; mixed-phase cyclic C-C stretching 12.66%; cyclic-ring deformation (C-C-C bend) 5.45%
   15      692.76          --                 --  mixed mixed-phase cyclic C-C stretching / cyclic-ring deformation (C-C-C bend) / O-C-C bending mixed-phase cyclic C-C stretching 27.44%; cyclic-ring deformation (C-C-C bend) 21.43%; O-C-C bending 15.09%; ring-site C-H in-plane bending 11.81%
   16      745.33          --                 --  mixed cyclic-ring deformation (C-C-C bend) / ring-site C-H out-of-plane bending cyclic-ring deformation (C-C-C bend) 47.02%; ring-site C-H out-of-plane bending 18.72%; O-C-C bending 9.79%; ring-site C-H in-plane bending 8.54%
   17      751.92          --                 --  mixed ring-site C-H out-of-plane bending / mixed-phase cyclic C-C stretching ring-site C-H out-of-plane bending 45.69%; mixed-phase cyclic C-C stretching 16.89%; cyclic-ring out-of-plane deformation 13.77%; cyclic-ring deformation (C-C-C bend) 12.16%
   18      791.11          --                 --  mixed mixed-phase cyclic C-C stretching / cyclic-ring deformation (C-C-C bend) mixed-phase cyclic C-C stretching 56.97%; cyclic-ring deformation (C-C-C bend) 27.35%; ring-site C-H in-plane bending 7.18%; cyclic-ring torsional/out-of-plane deformation 4.69%
   19      807.74          --                 --  mixed mixed-phase cyclic C-C stretching / cyclic-ring deformation (C-C-C bend) mixed-phase cyclic C-C stretching 47.15%; cyclic-ring deformation (C-C-C bend) 30.52%; cyclic-ring torsional/out-of-plane deformation 6.88%; ring-site C-H in-plane bending 6.40%
   20      879.00          --                 --  mixed mixed-phase cyclic C-C stretching / ring-site C-H out-of-plane bending mixed-phase cyclic C-C stretching 52.81%; ring-site C-H out-of-plane bending 18.28%; C-O out-of-plane bending 9.04%; ring-site C-H in-plane bending 8.19%
   21      898.86          --                 --  mixed mixed-phase cyclic C-C stretching / ring-site C-H in-plane bending mixed-phase cyclic C-C stretching 68.90%; ring-site C-H in-plane bending 14.79%; ring-site C-H out-of-plane bending 7.74%; cyclic-ring deformation (C-C-C bend) 2.74%
   22      904.62          --                 --  mixed mixed-phase cyclic C-C stretching / cyclic-ring torsional/out-of-plane deformation mixed-phase cyclic C-C stretching 65.30%; cyclic-ring torsional/out-of-plane deformation 13.18%; ring-site C-H out-of-plane bending 8.75%; ring-site C-H in-plane bending 8.53%
   23      937.07          --                 --  mixed ring-site C-H out-of-plane bending / cyclic-ring out-of-plane deformation ring-site C-H out-of-plane bending 44.85%; cyclic-ring out-of-plane deformation 31.25%; cyclic-ring torsional/out-of-plane deformation 11.17%; cyclic C-C stretching 6.47%
   24      944.62          --                 --  mixed ring-site C-H in-plane bending / cyclic C-C stretching / cyclic-ring torsional/out-of-plane deformation ring-site C-H in-plane bending 37.34%; cyclic C-C stretching 30.43%; cyclic-ring torsional/out-of-plane deformation 20.80%; C-O out-of-plane bending 4.90%
   25      960.99          --                 --  mixed ring-site C-H out-of-plane bending / cyclic-ring torsional/out-of-plane deformation ring-site C-H out-of-plane bending 31.90%; cyclic-ring torsional/out-of-plane deformation 27.19%; cyclic-ring out-of-plane deformation 13.99%; mixed-phase cyclic C-C stretching 9.26%
   26      991.29          --                 --  mixed ring-site C-H out-of-plane bending / ring-site C-H in-plane bending ring-site C-H out-of-plane bending 33.19%; ring-site C-H in-plane bending 31.83%; mixed-phase cyclic C-C stretching 11.65%; cyclic-ring deformation (C-C-C bend) 11.20%
   27     1061.75          --                 --  mixed ring-site C-H in-plane bending / cyclic-ring deformation (C-C-C bend) ring-site C-H in-plane bending 65.99%; cyclic-ring deformation (C-C-C bend) 16.69%; mixed-phase cyclic C-C stretching 4.25%; ring-site C-H out-of-plane bending 3.66%
   28     1084.58          --                 --  mixed ring-site C-H in-plane bending / C-O out-of-plane bending ring-site C-H in-plane bending 53.35%; C-O out-of-plane bending 17.37%; cyclic-ring torsional/out-of-plane deformation 13.26%; opposite-phase cyclic C-C stretching 10.48%
   29     1090.99          --                 --  ring-site C-H in-plane bending                                 ring-site C-H in-plane bending 77.73%; ring-site C-H out-of-plane bending 11.37%; mixed-phase cyclic C-C stretching 5.55%; cyclic-ring torsional/out-of-plane deformation 2.18%
   30     1098.37          --                 --  mixed ring-site C-H in-plane bending / opposite-phase cyclic C-C stretching ring-site C-H in-plane bending 65.91%; opposite-phase cyclic C-C stretching 9.75%; cyclic-ring deformation (C-C-C bend) 8.06%; cyclic-ring torsional/out-of-plane deformation 5.94%
   31     1157.38          --                 --  mixed ring-site C-H in-plane bending / ring-site C-H out-of-plane bending ring-site C-H in-plane bending 67.59%; ring-site C-H out-of-plane bending 17.66%; cyclic-ring deformation (C-C-C bend) 4.96%; mixed-phase cyclic C-C stretching 4.07%
   32     1203.62          --                 --  mixed ring-site C-H in-plane bending / ring-site C-H out-of-plane bending ring-site C-H in-plane bending 56.50%; ring-site C-H out-of-plane bending 20.02%; cyclic C-C stretching 16.60%; cyclic-ring torsional/out-of-plane deformation 2.78%
   33     1252.61          --                 --  mixed ring-site C-H in-plane bending / cyclic-ring deformation (C-C-C bend) ring-site C-H in-plane bending 39.70%; cyclic-ring deformation (C-C-C bend) 19.96%; mixed-phase cyclic C-C stretching 13.13%; exocyclic C-C stretching 12.96%
   34     1260.20          --                 --  mixed ring-site C-H in-plane bending / ring-site C-H out-of-plane bending ring-site C-H in-plane bending 52.54%; ring-site C-H out-of-plane bending 32.71%; mixed-phase cyclic C-C stretching 7.67%; cyclic-ring deformation (C-C-C bend) 2.75%
   35     1277.92          --                 --  ring-site C-H in-plane bending                                 ring-site C-H in-plane bending 84.18%; ring-site C-H out-of-plane bending 12.80%
   36     1294.38          --                 --  mixed ring-site C-H in-plane bending / mixed-phase cyclic C-C stretching ring-site C-H in-plane bending 60.75%; mixed-phase cyclic C-C stretching 23.59%; ring-site C-H out-of-plane bending 8.39%; cyclic-ring deformation (C-C-C bend) 3.22%
   37     1345.49          --                 --  ring-site C-H in-plane bending                                 ring-site C-H in-plane bending 74.53%; mixed-phase cyclic C-C stretching 12.14%; ring-site C-H out-of-plane bending 5.08%; cyclic-ring deformation (C-C-C bend) 3.98%
   38     1423.40          --                 --  C-H bending                                                    C-H bending 87.10%; exocyclic C-C stretching 2.96%; C-O stretching 2.52%; cyclic-ring deformation (C-C-C bend) 2.16%
   39     1500.19          --                 --  C-H bending                                                    C-H bending 78.94%; ring-site C-H in-plane bending 13.58%; ring-site C-H out-of-plane bending 7.19%
   40     1607.29          --                 --  opposite-phase cyclic C-C stretching                           opposite-phase cyclic C-C stretching 81.50%; ring-site C-H in-plane bending 8.68%; cyclic-ring deformation (C-C-C bend) 3.84%
   41     1651.51          --                 --  in-phase cyclic C-C stretching                                 in-phase cyclic C-C stretching 74.12%; ring-site C-H in-plane bending 9.82%; cyclic-ring deformation (C-C-C bend) 7.60%; cyclic-ring torsional/out-of-plane deformation 2.96%
   42     1794.59          --                 --  C-O stretching                                                 C-O stretching 84.53%; C-H bending 5.23%; exocyclic C-C stretching 4.63%; C-C-C bending 2.84%
   43     2874.57          --                 --  C-H stretching                                                 C-H stretching 98.80%
   44     3061.80          --                 --  in-phase ring-site C-H stretching                              in-phase ring-site C-H stretching 98.96%
   45     3122.56          --                 --  mixed-phase ring-site C-H stretching                           mixed-phase ring-site C-H stretching 97.60%
   46     3123.03          --                 --  mixed-phase ring-site C-H stretching                           mixed-phase ring-site C-H stretching 98.83%
   47     3205.21          --                 --  opposite-phase ring-site C-H stretching                        opposite-phase ring-site C-H stretching 99.59%
   48     3213.81          --                 --  mixed-phase ring-site C-H stretching                           mixed-phase ring-site C-H stretching 98.80%
   49     3229.11          --                 --  in-phase ring-site C-H stretching                              in-phase ring-site C-H stretching 98.26%
   50     3243.71          --                 --  ring-site C-H stretching                                       ring-site C-H stretching 97.88%

# Selected internal-coordinate set:
#   1  nu(O1-C2)
#   2  nu(C3-C4)
#   3  nu(C5-C6)
#   4  nu(C9-H17)
#   5  nu(C7-H15)
#   6  nu(C8-H16)
#   7  nu(C4-C5)
#   8  nu(C2-H10)
#   9  delta(C7-C3-C9)
#  10  tau(C3-C4-C5-C6)
#  11  gamma(O1;C2,C3,H10)
#  12  nu(C6-H14)
#  13  gamma(C9;C8,C5,H16)
#  14  tau(C4-C5-C6-H14)
#  15  delta(C9-C8-H16)
#  16  nu(C4-H11)
#  17  delta(C6-C7-H15)
#  18  tau(C4-C3-C7-H15)
#  19  delta(C3-C9-H17)
#  20  tau(C4-C3-C9-H17)
#  21  delta(O1-C2-H10)
#  22  nu(C5-H13)
#  23  nu(C4-H12)
#  24  tau(C3-C4-C5-H13)
#  25  delta(H11-C4-H12)
#  26  delta(C5-C6-H14)
#  27  delta(C4-C5-H13)
#  28  nu(C3-C9)
#  29  nu(C8-C9)
#  30  nu(C6-C7)
#  31  delta(C5-C4-H11)
#  32  delta(C5-C4-H12)
#  33  delta(O1-C2-C3)
#  34  nu(C2-C3)
#  35  nu(C5-C8)
#  36  tau(C8-C5-C6-C7)
#  37  delta(C3-C4-H11)
#  38  nu(C3-C7)
#  39  tau(H10-C2-C3-C7)
#  40  delta(C4-C3-C9)
#  41  tau(C2-C3-C9-C8)
#  42  delta(C3-C7-C6)
#  43  tau(H12-C4-C5-C8)
#  44  tau(C2-C3-C7-C6)
#  45  delta(C2-C3-C7)

Wrote: /local/scratch/mv487/qm9s/experiment_1_phase2/ped/44784/44784_summary.csv
Wrote: /local/scratch/mv487/qm9s/experiment_1_phase2/ped/44784/44784_families.csv
Wrote: /local/scratch/mv487/qm9s/experiment_1_phase2/ped/44784/44784_ped.csv
Wrote: /local/scratch/mv487/qm9s/experiment_1_phase2/ped/44784/44784_ir_transitions.csv

# All generated files are in: /local/scratch/mv487/qm9s/experiment_1_phase2/ped/44784
# Manifest: /local/scratch/mv487/qm9s/experiment_1_phase2/ped/44784/44784_manifest.txt

--- stderr ---
Normal modes/frequencies absent or incomplete: diagonalizing Hessian.
