# Contact: romi@lens.unifi.it
# Manual: https://github.com/SebRoLENS/orca-ped-analyzer/blob/main/docs/ORCA_PED_Analyzer_Manual.md
# Check GitHub for updates and new releases: https://github.com/SebRoLENS/orca-ped-analyzer
#
# Molecule: 14 atoms | non-linear
# Bonds inferred: 14 | candidate ICs: 72 | selected ICs: 36
# Cartesian-Hessian reconstruction relative error: 2.185e-05
# Energy distribution: PED (PED is the backward-compatible default; TED includes kinetic-energy terms)
# Ring/cycle bonds detected: 5 | ring atoms: 5 | ring systems: 1
# VPT2: no matching .out file supplied/found -> harmonic/PED analysis only
#
 Mode   Harm/cm-1   VPT2/cm-1  Harm.Int/km mol-1  Assignment                                                     Grouped PED
------------------------------------------------------------------------------------------------------------------------------------------------------------------------------------------------
    6       56.52          --                 --  C-O torsion                                                    C-O torsion 82.11%; C-O-C bending 7.21%; C-C-O bending 6.37%
    7      203.85          --                 --  mixed cyclic-ring torsional/out-of-plane deformation / C-O torsion cyclic-ring torsional/out-of-plane deformation 45.71%; C-O torsion 37.97%; C-C-O bending 4.91%; cyclic-ring out-of-plane deformation 4.60%
    8      250.62          --                 --  mixed C-O torsion / cyclic-ring torsional/out-of-plane deformation C-O torsion 55.07%; cyclic-ring torsional/out-of-plane deformation 25.54%; C-C-O bending 11.27%; cyclic-ring out-of-plane deformation 2.02%
    9      284.64          --                 --  mixed C-O-C bending / cyclic-ring torsional/out-of-plane deformation C-O-C bending 43.36%; cyclic-ring torsional/out-of-plane deformation 15.18%; O-C-C bending 14.18%; C-C-O bending 10.40%
   10      321.27          --                 --  mixed C-O torsion / C-C-O bending / cyclic-ring torsional/out-of-plane deformation C-O torsion 43.91%; C-C-O bending 21.69%; cyclic-ring torsional/out-of-plane deformation 20.46%; O-C-C bending 5.38%
   11      394.75          --                 --  mixed cyclic-ring torsional/out-of-plane deformation / C-O torsion cyclic-ring torsional/out-of-plane deformation 48.55%; C-O torsion 27.20%; C-O-C bending 8.69%; cyclic-ring out-of-plane deformation 6.18%
   12      472.88          --                 --  mixed O-C-C bending / C-C-O bending                            O-C-C bending 35.92%; C-C-O bending 17.86%; cyclic-ring deformation (C-C-C bend) 11.08%; opposite-phase cyclic C-C stretching 7.57%
   13      587.17          --                 --  mixed O-C-C bending / cyclic-ring deformation (C-C-C bend) / mixed-phase exocyclic C-O stretching O-C-C bending 21.58%; cyclic-ring deformation (C-C-C bend) 20.42%; mixed-phase exocyclic C-O stretching 18.37%; O-C-N bending 16.27%
   14      601.52          --                 --  mixed ring-site C-H out-of-plane bending / cyclic-ring torsional/out-of-plane deformation ring-site C-H out-of-plane bending 62.72%; cyclic-ring torsional/out-of-plane deformation 26.20%; C-O torsion 8.38%
   15      619.43          --                 --  mixed ring-site C-H out-of-plane bending / cyclic-ring torsional/out-of-plane deformation / cyclic-ring out-of-plane deformation ring-site C-H out-of-plane bending 47.89%; cyclic-ring torsional/out-of-plane deformation 25.07%; cyclic-ring out-of-plane deformation 21.19%; C-O torsion 3.25%
   16      694.04          --                 --  mixed ring-site C-H out-of-plane bending / cyclic-ring out-of-plane deformation / cyclic-ring torsional/out-of-plane deformation ring-site C-H out-of-plane bending 43.24%; cyclic-ring out-of-plane deformation 35.18%; cyclic-ring torsional/out-of-plane deformation 16.84%; C-O torsion 3.22%
   17      717.57          --                 --  mixed in-phase exocyclic C-O stretching / cyclic-ring deformation (C-C-C bend) / cyclic C-C stretching in-phase exocyclic C-O stretching 28.82%; cyclic-ring deformation (C-C-C bend) 25.70%; cyclic C-C stretching 20.34%; cyclic-ring deformation (C-O-C bend) 6.81%
   18      751.94          --                 --  mixed cyclic-ring out-of-plane deformation / ring-site C-H out-of-plane bending / C-O torsion cyclic-ring out-of-plane deformation 39.64%; ring-site C-H out-of-plane bending 33.14%; C-O torsion 16.26%; C-O-C bending 3.19%
   19      764.91          --                 --  mixed cyclic-ring out-of-plane deformation / ring-site C-H out-of-plane bending cyclic-ring out-of-plane deformation 53.26%; ring-site C-H out-of-plane bending 36.42%; C-O torsion 7.90%
   20      801.37          --                 --  mixed C-O-C bending / O-C-N bending                            C-O-C bending 27.05%; O-C-N bending 23.05%; C-N torsion 11.89%; cyclic-ring out-of-plane deformation 7.23%
   21      807.00          --                 --  mixed C-N torsion / C-N out-of-plane bending                   C-N torsion 52.13%; C-N out-of-plane bending 16.67%; O-C-N bending 9.75%; C-O-C bending 7.24%
   22      871.45          --                 --  mixed cyclic-ring deformation (C-O-C bend) / ring-site C-H in-plane bending cyclic-ring deformation (C-O-C bend) 66.63%; ring-site C-H in-plane bending 14.74%; cyclic C-C stretching 10.51%; C-C-O bending 2.62%
   23     1033.97          --                 --  mixed C-N out-of-plane bending / C-O torsion                   C-N out-of-plane bending 73.51%; C-O torsion 23.33%; C-N torsion 2.21%
   24     1061.13          --                 --  cyclic C-O stretching                                          cyclic C-O stretching 70.85%; cyclic-ring deformation (C-C-C bend) 9.12%; ring-site C-H in-plane bending 7.13%; mixed-phase cyclic C-C stretching 6.96%
   25     1082.14          --                 --  mixed C-O stretching / N-H bending                             C-O stretching 40.47%; N-H bending 37.93%; cyclic C-C stretching 5.36%; ring-site C-H in-plane bending 2.77%
   26     1174.78          --                 --  mixed mixed-phase exocyclic C-O stretching / cyclic-ring deformation (C-C-C bend) mixed-phase exocyclic C-O stretching 34.70%; cyclic-ring deformation (C-C-C bend) 19.70%; ring-site C-H in-plane bending 13.15%; mixed-phase cyclic C-C stretching 10.83%
   27     1196.94          --                 --  mixed opposite-phase cyclic C-O stretching / ring-site C-H in-plane bending opposite-phase cyclic C-O stretching 66.13%; ring-site C-H in-plane bending 13.36%; opposite-phase exocyclic C-O stretching 8.90%; O-C-C bending 2.79%
   28     1232.92          --                 --  mixed ring-site C-H in-plane bending / opposite-phase cyclic C-O stretching ring-site C-H in-plane bending 62.93%; opposite-phase cyclic C-O stretching 15.82%; opposite-phase cyclic C-C stretching 6.12%; O-C-C bending 2.73%
   29     1309.30          --                 --  mixed C-O stretching / N-H bending                             C-O stretching 17.54%; N-H bending 16.36%; exocyclic C-O stretching 13.16%; mixed-phase cyclic C-C stretching 11.60%
   30     1322.65          --                 --  mixed ring-site C-H in-plane bending / mixed-phase cyclic C-C stretching / cyclic C-O stretching ring-site C-H in-plane bending 33.18%; mixed-phase cyclic C-C stretching 20.96%; cyclic C-O stretching 16.76%; O-H bending 12.27%
   31     1378.84          --                 --  mixed mixed-phase cyclic C-C stretching / exocyclic C-O stretching mixed-phase cyclic C-C stretching 36.41%; exocyclic C-O stretching 17.22%; C-O stretching 11.23%; N-H bending 8.41%
   32     1419.01          --                 --  mixed C-H bending / C-N stretching                             C-H bending 64.09%; C-N stretching 11.53%; N-H bending 10.21%; O-H bending 3.85%
   33     1486.12          --                 --  mixed O-H bending / mixed-phase cyclic C-C stretching          O-H bending 49.43%; mixed-phase cyclic C-C stretching 18.77%; cyclic-ring deformation (C-C-C bend) 8.23%; exocyclic C-O stretching 7.32%
   34     1576.50          --                 --  mixed cyclic C-C stretching / in-phase exocyclic C-O stretching cyclic C-C stretching 50.28%; in-phase exocyclic C-O stretching 15.90%; ring-site C-H in-plane bending 13.77%; cyclic-ring deformation (C-O-C bend) 9.58%
   35     1673.92          --                 --  mixed opposite-phase cyclic C-C stretching / C-N stretching    opposite-phase cyclic C-C stretching 32.80%; C-N stretching 17.56%; cyclic-ring deformation (C-C-C bend) 10.96%; C-C-O bending 9.04%
   36     1698.18          --                 --  mixed C-N stretching / mixed-phase cyclic C-C stretching       C-N stretching 45.07%; mixed-phase cyclic C-C stretching 14.36%; C-H bending 10.65%; C-O stretching 7.52%
   37     3127.30          --                 --  C-H stretching                                                 C-H stretching 98.25%
   38     3287.40          --                 --  ring-site C-H stretching                                       ring-site C-H stretching 98.99%
   39     3299.06          --                 --  ring-site C-H stretching                                       ring-site C-H stretching 98.46%
   40     3349.57          --                 --  O-H stretching                                                 O-H stretching 99.61%
   41     3541.24          --                 --  N-H stretching                                                 N-H stretching 99.64%

# Selected internal-coordinate set:
#   1  nu(C3-O4)
#   2  nu(O1-H10)
#   3  nu(C2-C6)
#   4  nu(C5-H12)
#   5  nu(O7-C8)
#   6  nu(N9-H14)
#   7  nu(C8-H13)
#   8  nu(C2-C3)
#   9  gamma(N9;C8,O7,H13)
#  10  gamma(C6;C5,O4,H12)
#  11  tau(C6-C2-C3-O4)
#  12  nu(O4-C5)
#  13  tau(O1-C2-C3-O4)
#  14  tau(C3-C2-C6-O7)
#  15  nu(C6-O7)
#  16  delta(C8-N9-H14)
#  17  nu(C3-H11)
#  18  delta(C2-O1-H10)
#  19  tau(O7-C8-N9-H14)
#  20  nu(C5-C6)
#  21  tau(H11-C3-O4-C5)
#  22  delta(O7-C8-H13)
#  23  delta(C6-C5-H12)
#  24  nu(O1-C2)
#  25  delta(C2-C3-H11)
#  26  tau(H10-O1-C2-C3)
#  27  nu(C8-N9)
#  28  tau(C6-O7-C8-H13)
#  29  delta(C6-O7-C8)
#  30  delta(C3-O4-C5)
#  31  delta(O1-C2-C6)
#  32  delta(C3-C2-C6)
#  33  tau(C3-O4-C5-H12)
#  34  delta(O7-C8-N9)
#  35  tau(C5-C6-O7-C8)
#  36  delta(C2-C6-O7)

Wrote: /local/scratch/mv487/qm9s/experiment_1_phase2/ped/27008/27008_summary.csv
Wrote: /local/scratch/mv487/qm9s/experiment_1_phase2/ped/27008/27008_families.csv
Wrote: /local/scratch/mv487/qm9s/experiment_1_phase2/ped/27008/27008_ped.csv
Wrote: /local/scratch/mv487/qm9s/experiment_1_phase2/ped/27008/27008_ir_transitions.csv

# All generated files are in: /local/scratch/mv487/qm9s/experiment_1_phase2/ped/27008
# Manifest: /local/scratch/mv487/qm9s/experiment_1_phase2/ped/27008/27008_manifest.txt

--- stderr ---
Normal modes/frequencies absent or incomplete: diagonalizing Hessian.
