# Contact: romi@lens.unifi.it
# Manual: https://github.com/SebRoLENS/orca-ped-analyzer/blob/main/docs/ORCA_PED_Analyzer_Manual.md
# Check GitHub for updates and new releases: https://github.com/SebRoLENS/orca-ped-analyzer
#
# Molecule: 14 atoms | non-linear
# Bonds inferred: 14 | candidate ICs: 80 | selected ICs: 36
# Cartesian-Hessian reconstruction relative error: 9.835e-06
# Energy distribution: PED (PED is the backward-compatible default; TED includes kinetic-energy terms)
# Ring/cycle bonds detected: 5 | ring atoms: 5 | ring systems: 1
# VPT2: no matching .out file supplied/found -> harmonic/PED analysis only
#
 Mode   Harm/cm-1   VPT2/cm-1  Harm.Int/km mol-1  Assignment                                                     Grouped PED
------------------------------------------------------------------------------------------------------------------------------------------------------------------------------------------------
    6      103.56          --                 --  mixed cyclic-ring torsional/out-of-plane deformation / C-N torsion cyclic-ring torsional/out-of-plane deformation 61.50%; C-N torsion 37.44%
    7      196.89          --                 --  mixed C-N-C bending / N-C-O bending                            C-N-C bending 62.84%; N-C-O bending 22.91%; mixed-phase cyclic C-C stretching 4.04%; C-C-O bending 3.88%
    8      208.94          --                 --  C-O torsion                                                    C-O torsion 84.66%; C-N torsion 4.83%; cyclic-ring torsional/out-of-plane deformation 4.67%; cyclic-ring torsional/out-of-plane deformation 4.54%
    9      217.56          --                 --  mixed C-N torsion / cyclic-ring torsional/out-of-plane deformation C-N torsion 45.40%; cyclic-ring torsional/out-of-plane deformation 37.27%; cyclic-ring torsional/out-of-plane deformation 14.65%; C-O torsion 2.12%
   10      255.90          --                 --  mixed C-C-O bending / O-C-C bending                            C-C-O bending 45.28%; O-C-C bending 39.73%; cyclic C-C stretching 4.37%; O-H bending 3.84%
   11      281.99          --                 --  mixed C-N torsion / C-O torsion                                C-N torsion 61.40%; C-O torsion 22.03%; cyclic-ring torsional/out-of-plane deformation 13.51%; cyclic-ring torsional/out-of-plane deformation 2.55%
   12      324.98          --                 --  mixed C-N torsion / C-O torsion                                C-N torsion 63.34%; C-O torsion 17.49%; cyclic-ring torsional/out-of-plane deformation 10.22%; cyclic-ring torsional/out-of-plane deformation 8.56%
   13      377.42          --                 --  mixed cyclic-ring torsional/out-of-plane deformation / cyclic-ring torsional/out-of-plane deformation / C-N torsion cyclic-ring torsional/out-of-plane deformation 36.16%; cyclic-ring torsional/out-of-plane deformation 35.36%; C-N torsion 23.24%; C-O torsion 2.47%
   14      452.04          --                 --  mixed cyclic-ring deformation (C-N-C bend) / N-C-O bending     cyclic-ring deformation (C-N-C bend) 18.81%; N-C-O bending 16.42%; O-C-C bending 11.52%; exocyclic C-N stretching 11.28%
   15      545.99          --                 --  mixed O-C-C bending / C-N-C bending / cyclic-ring deformation (C-N-C bend) O-C-C bending 21.12%; C-N-C bending 18.96%; cyclic-ring deformation (C-N-C bend) 17.71%; exocyclic C-N stretching 9.40%
   16      573.25          --                 --  C-N torsion                                                    C-N torsion 76.32%; cyclic-ring torsional/out-of-plane deformation 15.75%; cyclic-ring torsional/out-of-plane deformation 3.84%; ring-site C-H out-of-plane bending 3.34%
   17      612.81          --                 --  ring-site C-H out-of-plane bending                             ring-site C-H out-of-plane bending 85.63%; cyclic-ring torsional/out-of-plane deformation 12.38%
   18      639.85          --                 --  mixed cyclic-ring deformation (C-C-C bend) / C-C-O bending     cyclic-ring deformation (C-C-C bend) 53.23%; C-C-O bending 21.60%; opposite-phase exocyclic C-O stretching 18.35%
   19      684.89          --                 --  cyclic-ring torsional/out-of-plane deformation                 cyclic-ring torsional/out-of-plane deformation 72.18%; cyclic-ring torsional/out-of-plane deformation 11.34%; ring-site C-H out-of-plane bending 10.19%; C-N torsion 3.74%
   20      741.65          --                 --  ring-site C-H out-of-plane bending                             ring-site C-H out-of-plane bending 88.61%; cyclic-ring torsional/out-of-plane deformation 6.03%; C-N torsion 3.99%
   21      767.73          --                 --  mixed N-C-O bending / in-phase exocyclic C-O stretching        N-C-O bending 36.75%; in-phase exocyclic C-O stretching 14.23%; in-phase cyclic C-C stretching 9.63%; cyclic-ring deformation (C-C-C bend) 9.21%
   22      844.46          --                 --  mixed cyclic-ring deformation (C-N-C bend) / cyclic C-C stretching cyclic-ring deformation (C-N-C bend) 35.74%; cyclic C-C stretching 27.34%; in-phase exocyclic C-O stretching 11.89%; N-C-O bending 8.44%
   23      991.74          --                 --  mixed in-phase cyclic C-N stretching / mixed-phase cyclic C-C stretching in-phase cyclic C-N stretching 65.74%; mixed-phase cyclic C-C stretching 9.67%; cyclic-ring deformation (C-C-C bend) 8.34%; ring-site C-H in-plane bending 6.76%
   24     1002.02          --                 --  mixed C-O out-of-plane bending / C-N torsion                   C-O out-of-plane bending 73.60%; C-N torsion 24.62%
   25     1136.52          --                 --  mixed O-H bending / ring-site C-H in-plane bending / mixed-phase exocyclic C-O stretching O-H bending 39.45%; ring-site C-H in-plane bending 19.19%; mixed-phase exocyclic C-O stretching 17.50%; mixed-phase cyclic C-C stretching 17.42%
   26     1175.65          --                 --  mixed ring-site C-H in-plane bending / O-H bending             ring-site C-H in-plane bending 33.02%; O-H bending 21.95%; exocyclic C-N stretching 11.61%; mixed-phase cyclic C-C stretching 10.31%
   27     1210.05          --                 --  mixed ring-site C-H in-plane bending / O-H bending / mixed-phase cyclic C-N stretching ring-site C-H in-plane bending 32.10%; O-H bending 18.98%; mixed-phase cyclic C-N stretching 15.64%; exocyclic C-O stretching 12.36%
   28     1227.52          --                 --  mixed mixed-phase exocyclic C-O stretching / ring-site C-H in-plane bending / cyclic-ring deformation (C-C-C bend) mixed-phase exocyclic C-O stretching 28.17%; ring-site C-H in-plane bending 26.29%; cyclic-ring deformation (C-C-C bend) 15.48%; O-H bending 10.72%
   29     1290.16          --                 --  mixed mixed-phase cyclic C-N stretching / O-H bending          mixed-phase cyclic C-N stretching 34.66%; O-H bending 22.09%; ring-site C-H in-plane bending 11.52%; C-H bending 9.85%
   30     1354.66          --                 --  mixed O-H bending / opposite-phase cyclic C-N stretching       O-H bending 28.19%; opposite-phase cyclic C-N stretching 25.88%; C-H bending 9.75%; cyclic-ring deformation (C-C-C bend) 9.45%
   31     1415.53          --                 --  mixed cyclic-ring deformation (C-N-C bend) / exocyclic C-N stretching / cyclic C-N stretching cyclic-ring deformation (C-N-C bend) 22.68%; exocyclic C-N stretching 17.39%; cyclic C-N stretching 17.23%; cyclic C-C stretching 10.99%
   32     1441.26          --                 --  mixed C-H bending / mixed-phase cyclic C-N stretching          C-H bending 66.58%; mixed-phase cyclic C-N stretching 13.50%; exocyclic C-N stretching 7.16%; C-O stretching 4.45%
   33     1489.58          --                 --  mixed mixed-phase cyclic C-C stretching / O-H bending          mixed-phase cyclic C-C stretching 53.32%; O-H bending 19.33%; cyclic C-N stretching 5.59%; O-C-C bending 5.33%
   34     1599.72          --                 --  mixed cyclic C-C stretching / exocyclic C-O stretching         cyclic C-C stretching 48.11%; exocyclic C-O stretching 22.43%; ring-site C-H in-plane bending 11.95%; cyclic-ring deformation (C-N-C bend) 10.37%
   35     1688.65          --                 --  mixed mixed-phase cyclic C-C stretching / cyclic-ring deformation (C-C-C bend) mixed-phase cyclic C-C stretching 51.76%; cyclic-ring deformation (C-C-C bend) 18.03%; mixed-phase exocyclic C-O stretching 12.21%; C-C-O bending 5.88%
   36     1780.25          --                 --  C-O stretching                                                 C-O stretching 81.59%; C-H bending 6.70%; exocyclic C-N stretching 5.92%
   37     2987.98          --                 --  C-H stretching                                                 C-H stretching 98.69%
   38     3281.01          --                 --  mixed-phase ring-site C-H stretching                           mixed-phase ring-site C-H stretching 98.89%
   39     3283.86          --                 --  ring-site C-H stretching                                       ring-site C-H stretching 98.63%
   40     3793.50          --                 --  O-H stretching                                                 O-H stretching 99.93%
   41     3826.98          --                 --  O-H stretching                                                 O-H stretching 99.92%

# Selected internal-coordinate set:
#   1  nu(O1-H10)
#   2  nu(C2-C3)
#   3  nu(N4-C5)
#   4  nu(C7-H13)
#   5  nu(O9-H14)
#   6  nu(C2-C8)
#   7  nu(C5-H12)
#   8  tau(C8-C2-C3-H11)
#   9  gamma(O6;C5,N4,H12)
#  10  tau(O1-C2-C8-C7)
#  11  tau(C3-C2-C8-C7)
#  12  nu(C8-O9)
#  13  nu(C3-N4)
#  14  delta(C8-C7-H13)
#  15  delta(C2-O1-H10)
#  16  nu(C5-O6)
#  17  nu(C3-H11)
#  18  tau(C7-N4-C5-H12)
#  19  delta(C8-O9-H14)
#  20  tau(H13-C7-C8-C2)
#  21  delta(O6-C5-H12)
#  22  nu(C7-C8)
#  23  delta(N4-C3-H11)
#  24  tau(C2-C8-O9-H14)
#  25  tau(H10-O1-C2-C3)
#  26  nu(O1-C2)
#  27  tau(C3-N4-C5-O6)
#  28  tau(C3-C2-C8-O9)
#  29  delta(N4-C5-O6)
#  30  nu(N4-C7)
#  31  delta(C2-C8-O9)
#  32  delta(O1-C2-C3)
#  33  delta(C3-N4-C7)
#  34  delta(C3-C2-C8)
#  35  delta(C3-N4-C5)
#  36  tau(C2-C3-N4-C5)

Wrote: /local/scratch/mv487/qm9s/experiment_1_phase2/ped/25551/25551_summary.csv
Wrote: /local/scratch/mv487/qm9s/experiment_1_phase2/ped/25551/25551_families.csv
Wrote: /local/scratch/mv487/qm9s/experiment_1_phase2/ped/25551/25551_ped.csv
Wrote: /local/scratch/mv487/qm9s/experiment_1_phase2/ped/25551/25551_ir_transitions.csv

# All generated files are in: /local/scratch/mv487/qm9s/experiment_1_phase2/ped/25551
# Manifest: /local/scratch/mv487/qm9s/experiment_1_phase2/ped/25551/25551_manifest.txt

--- stderr ---
Normal modes/frequencies absent or incomplete: diagonalizing Hessian.
