# Contact: romi@lens.unifi.it
# Manual: https://github.com/SebRoLENS/orca-ped-analyzer/blob/main/docs/ORCA_PED_Analyzer_Manual.md
# Check GitHub for updates and new releases: https://github.com/SebRoLENS/orca-ped-analyzer
#
# Molecule: 22 atoms | non-linear
# Bonds inferred: 21 | candidate ICs: 174 | selected ICs: 60
# Cartesian-Hessian reconstruction relative error: 1.662e-05
# Energy distribution: PED (PED is the backward-compatible default; TED includes kinetic-energy terms)
# Ring/cycle bonds detected: 0 | ring atoms: 0 | ring systems: 0
# VPT2: no matching .out file supplied/found -> harmonic/PED analysis only
#
 Mode   Harm/cm-1   VPT2/cm-1  Harm.Int/km mol-1  Assignment                                                     Grouped PED
------------------------------------------------------------------------------------------------------------------------------------------------------------------------------------------------
    6       55.43          --                 --  C-C torsion                                                    C-C torsion 86.55%; C-O torsion 7.22%; C-H bending 4.85%
    7       71.14          --                 --  C-C torsion                                                    C-C torsion 96.71%; C-O torsion 2.75%
    8       90.61          --                 --  C-C torsion                                                    C-C torsion 94.95%; C-C-C bending 3.30%
    9      111.27          --                 --  C-C torsion                                                    C-C torsion 92.09%; C-C-C bending 3.34%
   10      127.27          --                 --  C-C torsion                                                    C-C torsion 74.98%; C-O torsion 11.11%; C-C-C bending 8.21%; C-H bending 2.72%
   11      165.49          --                 --  C-C torsion                                                    C-C torsion 78.54%; C-C-C bending 13.32%; C-C-N linear bending 4.47%; C-O torsion 2.49%
   12      218.64          --                 --  mixed C-O torsion / C-C torsion                                C-O torsion 69.24%; C-C torsion 27.70%
   13      234.66          --                 --  mixed C-O torsion / C-C torsion                                C-O torsion 59.72%; C-C torsion 39.03%
   14      251.71          --                 --  mixed C-C torsion / C-C-C bending                              C-C torsion 69.11%; C-C-C bending 14.07%; C-C-O bending 5.99%; C-O-C bending 5.28%
   15      276.41          --                 --  C-C torsion                                                    C-C torsion 81.13%; C-H bending 5.80%; C-C-N linear bending 5.67%; C-C-C bending 3.58%
   16      308.22          --                 --  mixed C-C stretching / C-C-C bending                           C-C stretching 34.77%; C-C-C bending 33.04%; C-C-O bending 10.01%; C-H bending 8.56%
   17      404.27          --                 --  mixed C-C-C bending / C-H bending                              C-C-C bending 54.17%; C-H bending 12.80%; C-C-N linear bending 12.45%; C-O-C bending 12.03%
   18      478.52          --                 --  mixed C-C-C bending / C-O-C bending / C-C torsion              C-C-C bending 25.72%; C-O-C bending 22.76%; C-C torsion 15.44%; C-H bending 14.46%
   19      560.81          --                 --  mixed C-C torsion / C-C-C bending                              C-C torsion 54.34%; C-C-C bending 14.28%; C-H bending 13.83%; C-C-N linear bending 11.25%
   20      616.50          --                 --  mixed C-C torsion / C-C-C bending / C-H bending                C-C torsion 27.59%; C-C-C bending 25.66%; C-H bending 24.59%; C-C-N linear bending 14.46%
   21      755.45          --                 --  mixed C-C torsion / C-H bending                                C-C torsion 54.82%; C-H bending 22.50%; C-C stretching 17.85%; C-C-C bending 2.36%
   22      802.10          --                 --  mixed C-C torsion / C-H bending                                C-C torsion 48.98%; C-H bending 46.91%
   23      863.92          --                 --  mixed C-H bending / C-C torsion                                C-H bending 51.48%; C-C torsion 30.16%; C-C stretching 9.29%; C-C-C bending 6.35%
   24      928.83          --                 --  mixed C-H bending / mixed-phase C-C stretching                 C-H bending 44.31%; mixed-phase C-C stretching 36.50%; C-C torsion 8.28%; C-O stretching 3.48%
   25      971.21          --                 --  mixed in-phase C-O stretching / C-H bending                    in-phase C-O stretching 59.41%; C-H bending 14.70%; mixed-phase C-C stretching 13.76%; C-C-O bending 3.84%
   26     1022.84          --                 --  mixed C-H bending / mixed-phase C-C stretching                 C-H bending 41.09%; mixed-phase C-C stretching 30.58%; C-C-C bending 9.58%; C-C torsion 8.73%
   27     1028.26          --                 --  mixed C-H bending / mixed-phase C-C stretching                 C-H bending 56.11%; mixed-phase C-C stretching 27.58%; C-C torsion 14.04%
   28     1058.09          --                 --  mixed mixed-phase C-C stretching / C-H bending                 mixed-phase C-C stretching 69.54%; C-H bending 12.24%; C-C torsion 11.68%; C-O stretching 3.25%
   29     1109.92          --                 --  mixed C-H bending / mixed-phase C-C stretching                 C-H bending 49.11%; mixed-phase C-C stretching 29.61%; C-C torsion 10.99%; C-C-C bending 7.53%
   30     1135.26          --                 --  mixed C-H bending / opposite-phase C-O stretching              C-H bending 42.36%; opposite-phase C-O stretching 28.98%; C-C-C bending 10.39%; mixed-phase C-C stretching 8.59%
   31     1142.78          --                 --  C-H bending                                                    C-H bending 77.55%; C-C torsion 10.44%; C-C-C bending 4.84%; opposite-phase C-O stretching 2.93%
   32     1148.81          --                 --  mixed mixed-phase C-O stretching / C-H bending / mixed-phase C-C stretching mixed-phase C-O stretching 35.18%; C-H bending 27.18%; mixed-phase C-C stretching 17.37%; C-C-C bending 12.54%
   33     1177.81          --                 --  C-H bending                                                    C-H bending 86.42%; C-O torsion 9.84%; C-C torsion 3.13%
   34     1224.64          --                 --  C-H bending                                                    C-H bending 70.97%; C-O stretching 9.03%; C-O torsion 9.02%; C-C-C bending 2.85%
   35     1237.97          --                 --  mixed C-H bending / C-C torsion                                C-H bending 59.31%; C-C torsion 38.21%
   36     1278.66          --                 --  C-H bending                                                    C-H bending 81.77%; C-C torsion 14.50%
   37     1302.60          --                 --  mixed C-H bending / C-C torsion                                C-H bending 55.57%; C-C torsion 41.20%
   38     1319.25          --                 --  C-H bending                                                    C-H bending 84.84%; C-C torsion 14.60%
   39     1353.09          --                 --  C-H bending                                                    C-H bending 78.28%; C-C torsion 16.20%; C-C stretching 3.98%
   40     1372.56          --                 --  C-H bending                                                    C-H bending 74.80%; C-C torsion 15.68%; mixed-phase C-C stretching 7.75%
   41     1381.30          --                 --  mixed C-H bending / C-C torsion                                C-H bending 57.97%; C-C torsion 35.69%; C-C stretching 2.92%
   42     1425.81          --                 --  mixed C-H out-of-plane bending / C-H bending                   C-H out-of-plane bending 59.67%; C-H bending 37.73%; C-C stretching 2.29%
   43     1440.49          --                 --  C-H bending                                                    C-H bending 85.59%; mixed-phase C-C stretching 8.24%; C-H out-of-plane bending 3.09%
   44     1483.02          --                 --  C-H bending                                                    C-H bending 89.51%; C-O torsion 4.68%; in-phase C-O stretching 2.63%
   45     1487.20          --                 --  mixed C-O torsion / C-H bending                                C-O torsion 77.70%; C-H bending 21.35%
   46     1490.88          --                 --  mixed C-H bending / C-C torsion                                C-H bending 63.50%; C-C torsion 32.99%
   47     1500.22          --                 --  C-H bending                                                    C-H bending 80.81%; C-C torsion 13.08%; C-H out-of-plane bending 4.00%
   48     1504.56          --                 --  mixed C-H bending / C-H out-of-plane bending                   C-H bending 60.86%; C-H out-of-plane bending 19.27%; C-C torsion 18.91%
   49     1506.93          --                 --  C-H bending                                                    C-H bending 86.16%; C-O torsion 7.50%; C-C torsion 5.64%
   50     1511.41          --                 --  mixed C-C torsion / C-H bending                                C-C torsion 70.32%; C-H bending 26.30%; C-H out-of-plane bending 2.32%
   51     1534.16          --                 --  C-H bending                                                    C-H bending 80.02%; C-C torsion 18.68%
   52     2350.63          --                 --  C-N stretching                                                 C-N stretching 91.05%; C-C stretching 8.82%
   53     2951.36          --                 --  C-H stretching                                                 C-H stretching 99.41%
   54     2977.15          --                 --  C-H stretching                                                 C-H stretching 99.72%
   55     2997.77          --                 --  mixed-phase C-H stretching                                     mixed-phase C-H stretching 99.24%
   56     3013.85          --                 --  C-H stretching                                                 C-H stretching 98.87%
   57     3021.48          --                 --  opposite-phase C-H stretching                                  opposite-phase C-H stretching 99.47%
   58     3032.47          --                 --  C-H stretching                                                 C-H stretching 99.45%
   59     3036.44          --                 --  mixed-phase C-H stretching                                     mixed-phase C-H stretching 99.56%
   60     3050.45          --                 --  in-phase C-H stretching                                        in-phase C-H stretching 99.42%
   61     3069.44          --                 --  mixed-phase C-H stretching                                     mixed-phase C-H stretching 98.83%
   62     3093.99          --                 --  mixed-phase C-H stretching                                     mixed-phase C-H stretching 99.28%
   63     3097.23          --                 --  mixed-phase C-H stretching                                     mixed-phase C-H stretching 99.59%
   64     3106.30          --                 --  mixed-phase C-H stretching                                     mixed-phase C-H stretching 99.51%
   65     3119.93          --                 --  C-H stretching                                                 C-H stretching 99.48%

# Selected internal-coordinate set:
#   1  nu(C1-H10)
#   2  nu(C2-C3)
#   3  nu(C4-C5)
#   4  nu(C7-H20)
#   5  nu(C8-N9)
#   6  nu(C2-H13)
#   7  nu(C1-H11)
#   8  nu(C5-O6)
#   9  nu(C3-H15)
#  10  nu(C7-H22)
#  11  nu(C4-H16)
#  12  nu(C2-H14)
#  13  nu(C1-H12)
#  14  nu(C4-H17)
#  15  nu(C7-H21)
#  16  nu(C5-H19)
#  17  delta_lin2(C3-C8-N9)
#  18  delta_lin1(C3-C8-N9)
#  19  nu(C5-H18)
#  20  nu(O6-C7)
#  21  tau(H14-C2-C3-H15)
#  22  gamma(H12;C1,H10,H11)
#  23  delta(C3-C2-H13)
#  24  delta(H16-C4-H17)
#  25  tau(C5-O6-C7-H21)
#  26  delta(H10-C1-H11)
#  27  delta(H20-C7-H22)
#  28  delta(H18-C5-H19)
#  29  delta(O6-C7-H20)
#  30  delta(C3-C2-H14)
#  31  delta(O6-C7-H22)
#  32  delta(C5-C4-H17)
#  33  delta(C5-C4-H16)
#  34  delta(C2-C3-H15)
#  35  tau(H12-C1-C2-H13)
#  36  nu(C3-C8)
#  37  delta(C4-C5-H19)
#  38  delta(C4-C5-H18)
#  39  tau(H13-C2-C3-C8)
#  40  delta(O6-C7-H21)
#  41  delta(C1-C2-C3)
#  42  delta(C2-C1-H12)
#  43  tau(H17-C4-C5-H19)
#  44  tau(C3-C4-C5-O6)
#  45  tau(H10-C1-C2-C3)
#  46  nu(C1-C2)
#  47  nu(C3-C4)
#  48  tau(C1-C2-C3-H15)
#  49  delta(C2-C1-H10)
#  50  delta(C5-O6-C7)
#  51  tau(C5-O6-C7-H20)
#  52  tau(C4-C5-O6-C7)
#  53  delta(C3-C4-H17)
#  54  delta(C8-C3-H15)
#  55  delta(C2-C3-C4)
#  56  delta(C4-C5-O6)
#  57  tau(C1-C2-C3-C4)
#  58  delta(C2-C3-C8)
#  59  tau(C2-C3-C4-C5)
#  60  delta(C3-C4-C5)

Wrote: /local/scratch/mv487/qm9s/experiment_1_phase2/ped/112854/112854_summary.csv
Wrote: /local/scratch/mv487/qm9s/experiment_1_phase2/ped/112854/112854_families.csv
Wrote: /local/scratch/mv487/qm9s/experiment_1_phase2/ped/112854/112854_ped.csv
Wrote: /local/scratch/mv487/qm9s/experiment_1_phase2/ped/112854/112854_ir_transitions.csv

# All generated files are in: /local/scratch/mv487/qm9s/experiment_1_phase2/ped/112854
# Manifest: /local/scratch/mv487/qm9s/experiment_1_phase2/ped/112854/112854_manifest.txt

--- stderr ---
Normal modes/frequencies absent or incomplete: diagonalizing Hessian.
