# Contact: romi@lens.unifi.it
# Manual: https://github.com/SebRoLENS/orca-ped-analyzer/blob/main/docs/ORCA_PED_Analyzer_Manual.md
# Check GitHub for updates and new releases: https://github.com/SebRoLENS/orca-ped-analyzer
#
# Molecule: 16 atoms | non-linear
# Bonds inferred: 17 | candidate ICs: 144 | selected ICs: 42
# Cartesian-Hessian reconstruction relative error: 2.729e-05
# Energy distribution: PED (PED is the backward-compatible default; TED includes kinetic-energy terms)
# Ring/cycle bonds detected: 7 | ring atoms: 6 | ring systems: 1
# VPT2: no matching .out file supplied/found -> harmonic/PED analysis only
#
 Mode   Harm/cm-1   VPT2/cm-1  Harm.Int/km mol-1  Assignment                                                     Grouped PED
------------------------------------------------------------------------------------------------------------------------------------------------------------------------------------------------
    6       89.80          --                 --  mixed cyclic-ring torsional/out-of-plane deformation / C-O torsion / ring-site C-H out-of-plane bending cyclic-ring torsional/out-of-plane deformation 33.71%; C-O torsion 27.90%; ring-site C-H out-of-plane bending 18.25%; O-C-C bending 13.47%
    7      111.40          --                 --  mixed cyclic-ring torsional/out-of-plane deformation / ring-site C-H out-of-plane bending cyclic-ring torsional/out-of-plane deformation 53.21%; ring-site C-H out-of-plane bending 25.25%; C-O torsion 11.38%; O-C-C bending 5.79%
    8      162.38          --                 --  mixed cyclic-ring torsional/out-of-plane deformation / O-C-C bending / C-O torsion cyclic-ring torsional/out-of-plane deformation 33.33%; O-C-C bending 28.89%; C-O torsion 17.64%; ring-site C-H out-of-plane bending 15.72%
    9      260.84          --                 --  mixed cyclic-ring torsional/out-of-plane deformation / ring-site C-H out-of-plane bending cyclic-ring torsional/out-of-plane deformation 29.43%; ring-site C-H out-of-plane bending 26.10%; O-C-C bending 13.29%; C-O-C bending 12.69%
   10      299.35          --                 --  mixed ring-site C-H out-of-plane bending / cyclic-ring torsional/out-of-plane deformation / O-C-C bending ring-site C-H out-of-plane bending 29.36%; cyclic-ring torsional/out-of-plane deformation 24.87%; O-C-C bending 20.17%; cyclic-ring deformation (C-C-N bend) 7.03%
   11      435.98          --                 --  mixed O-C-C bending / ring-site C-H out-of-plane bending / cyclic-ring deformation (C-C-N bend) O-C-C bending 32.32%; ring-site C-H out-of-plane bending 19.65%; cyclic-ring deformation (C-C-N bend) 18.86%; O-C-O bending 6.34%
   12      474.16          --                 --  mixed O-C-C bending / cyclic-ring torsional/out-of-plane deformation O-C-C bending 22.35%; cyclic-ring torsional/out-of-plane deformation 12.40%; cyclic-ring out-of-plane deformation 10.33%; cyclic-ring deformation (C-C-C bend) 10.26%
   13      487.14          --                 --  mixed ring-site C-H out-of-plane bending / O-C-C bending / cyclic-ring deformation (C-C-N bend) ring-site C-H out-of-plane bending 32.47%; O-C-C bending 26.02%; cyclic-ring deformation (C-C-N bend) 17.06%; cyclic-ring out-of-plane deformation 8.67%
   14      688.52          --                 --  mixed ring-site N-H out-of-plane bending / cyclic-ring torsional/out-of-plane deformation ring-site N-H out-of-plane bending 23.99%; cyclic-ring torsional/out-of-plane deformation 15.15%; opposite-phase cyclic C-N stretching 12.78%; ring-site C-H out-of-plane bending 10.64%
   15      728.70          --                 --  mixed ring-site C-H out-of-plane bending / ring-site N-H out-of-plane bending ring-site C-H out-of-plane bending 46.19%; ring-site N-H out-of-plane bending 8.92%; cyclic-ring deformation (C-C-C bend) 7.97%; O-C-C bending 7.86%
   16      758.14          --                 --  ring-site C-H out-of-plane bending                             ring-site C-H out-of-plane bending 72.65%; cyclic-ring deformation (C-C-C bend) 6.07%; cyclic-ring out-of-plane deformation 5.62%; mixed-phase cyclic C-N stretching 4.56%
   17      806.16          --                 --  mixed ring-site C-H out-of-plane bending / mixed-phase cyclic C-C stretching / mixed-phase cyclic C-N stretching ring-site C-H out-of-plane bending 18.22%; mixed-phase cyclic C-C stretching 17.16%; mixed-phase cyclic C-N stretching 15.71%; ring-site N-H out-of-plane bending 12.08%
   18      841.20          --                 --  mixed cyclic-ring deformation (C-C-C bend) / ring-site C-H out-of-plane bending cyclic-ring deformation (C-C-C bend) 20.03%; ring-site C-H out-of-plane bending 19.47%; opposite-phase cyclic C-N stretching 12.33%; cyclic C-C stretching 11.61%
   19      860.88          --                 --  mixed cyclic C-C stretching / ring-site C-H out-of-plane bending / cyclic C-N stretching cyclic C-C stretching 33.12%; ring-site C-H out-of-plane bending 26.93%; cyclic C-N stretching 25.04%; O-C-C bending 4.52%
   20      901.41          --                 --  mixed ring-site C-H out-of-plane bending / cyclic C-N stretching ring-site C-H out-of-plane bending 51.38%; cyclic C-N stretching 16.52%; ring-site N-H in-plane bending 5.76%; cyclic-ring deformation (C-C-C bend) 5.53%
   21      925.29          --                 --  mixed ring-site C-H out-of-plane bending / cyclic C-C stretching ring-site C-H out-of-plane bending 41.41%; cyclic C-C stretching 19.89%; O-C-C bending 11.27%; ring-site N-H in-plane bending 10.07%
   22      951.66          --                 --  mixed ring-site C-H out-of-plane bending / mixed-phase cyclic C-C stretching ring-site C-H out-of-plane bending 64.04%; mixed-phase cyclic C-C stretching 17.58%; cyclic C-N stretching 8.61%; cyclic-ring out-of-plane deformation 2.66%
   23      983.29          --                 --  ring-site C-H out-of-plane bending                             ring-site C-H out-of-plane bending 93.19%; cyclic C-C stretching 2.23%
   24     1014.21          --                 --  mixed ring-site C-H out-of-plane bending / mixed-phase cyclic C-C stretching ring-site C-H out-of-plane bending 27.99%; mixed-phase cyclic C-C stretching 14.75%; cyclic-ring deformation (C-C-C bend) 14.57%; O-C-C bending 9.91%
   25     1023.67          --                 --  mixed C-H out-of-plane bending / O-C-C bending                 C-H out-of-plane bending 60.15%; O-C-C bending 8.48%; mixed-phase cyclic C-C stretching 8.24%; ring-site C-H out-of-plane bending 8.12%
   26     1054.23          --                 --  mixed exocyclic C-O stretching / cyclic C-C stretching         exocyclic C-O stretching 24.36%; cyclic C-C stretching 18.73%; ring-site C-H out-of-plane bending 14.29%; O-C-O bending 10.26%
   27     1085.89          --                 --  mixed ring-site C-H in-plane bending / ring-site C-H out-of-plane bending ring-site C-H in-plane bending 37.13%; ring-site C-H out-of-plane bending 23.27%; cyclic C-C stretching 9.72%; C-O stretching 6.84%
   28     1109.54          --                 --  mixed ring-site C-H out-of-plane bending / C-O stretching / ring-site C-H in-plane bending ring-site C-H out-of-plane bending 30.64%; C-O stretching 27.09%; ring-site C-H in-plane bending 16.96%; O-C-C bending 6.96%
   29     1125.64          --                 --  mixed ring-site C-H out-of-plane bending / ring-site C-H in-plane bending ring-site C-H out-of-plane bending 34.95%; ring-site C-H in-plane bending 15.47%; C-O stretching 12.78%; ring-site N-H in-plane bending 11.20%
   30     1152.65          --                 --  mixed ring-site C-H out-of-plane bending / ring-site C-H in-plane bending / ring-site N-H out-of-plane bending ring-site C-H out-of-plane bending 34.81%; ring-site C-H in-plane bending 23.85%; ring-site N-H out-of-plane bending 22.25%; mixed-phase cyclic C-C stretching 7.44%
   31     1161.41          --                 --  mixed ring-site C-H in-plane bending / ring-site N-H out-of-plane bending ring-site C-H in-plane bending 39.09%; ring-site N-H out-of-plane bending 22.05%; ring-site C-H out-of-plane bending 12.36%; ring-site N-H in-plane bending 11.15%
   32     1239.25          --                 --  mixed cyclic C-C stretching / ring-site N-H in-plane bending   cyclic C-C stretching 37.21%; ring-site N-H in-plane bending 15.19%; ring-site C-H in-plane bending 14.87%; in-phase cyclic C-N stretching 10.32%
   33     1317.33          --                 --  mixed ring-site C-H in-plane bending / ring-site C-H out-of-plane bending ring-site C-H in-plane bending 62.15%; ring-site C-H out-of-plane bending 22.71%; O-C-C bending 4.78%; C-O torsion 3.65%
   34     1337.58          --                 --  mixed ring-site C-H in-plane bending / opposite-phase cyclic C-C stretching / ring-site C-H out-of-plane bending ring-site C-H in-plane bending 30.56%; opposite-phase cyclic C-C stretching 21.38%; ring-site C-H out-of-plane bending 16.71%; ring-site N-H out-of-plane bending 9.76%
   35     1383.76          --                 --  mixed ring-site C-H out-of-plane bending / ring-site C-H in-plane bending ring-site C-H out-of-plane bending 43.81%; ring-site C-H in-plane bending 35.42%; cyclic C-C stretching 7.95%; cyclic-ring deformation (C-C-C bend) 4.37%
   36     1397.28          --                 --  mixed ring-site C-H in-plane bending / ring-site C-H out-of-plane bending / mixed-phase cyclic C-C stretching ring-site C-H in-plane bending 42.87%; ring-site C-H out-of-plane bending 25.75%; mixed-phase cyclic C-C stretching 18.44%; ring-site N-H in-plane bending 2.32%
   37     1407.93          --                 --  mixed ring-site C-H in-plane bending / mixed-phase cyclic C-C stretching ring-site C-H in-plane bending 41.98%; mixed-phase cyclic C-C stretching 29.23%; in-phase cyclic C-N stretching 13.36%; ring-site C-H out-of-plane bending 9.90%
   38     1427.40          --                 --  C-H bending                                                    C-H bending 93.74%; in-phase C-O stretching 3.48%
   39     1666.37          --                 --  cyclic C-C stretching                                          cyclic C-C stretching 82.82%; ring-site C-H in-plane bending 7.87%; cyclic-ring deformation (C-C-C bend) 4.61%
   40     1819.65          --                 --  C-O stretching                                                 C-O stretching 91.75%; C-H bending 4.62%; O-C-O bending 2.03%
   41     3054.39          --                 --  C-H stretching                                                 C-H stretching 98.45%
   42     3066.29          --                 --  ring-site C-H stretching                                       ring-site C-H stretching 98.90%
   43     3176.25          --                 --  mixed-phase ring-site C-H stretching                           mixed-phase ring-site C-H stretching 99.05%
   44     3185.59          --                 --  ring-site C-H stretching                                       ring-site C-H stretching 98.58%
   45     3193.88          --                 --  opposite-phase ring-site C-H stretching                        opposite-phase ring-site C-H stretching 98.58%
   46     3215.22          --                 --  in-phase ring-site C-H stretching                              in-phase ring-site C-H stretching 98.53%
   47     3486.10          --                 --  ring-site N-H stretching                                       ring-site N-H stretching 99.64%

# Selected internal-coordinate set:
#   1  nu(O1-C2)
#   2  nu(C4-C9)
#   3  nu(C5-C6)
#   4  nu(C7-N8)
#   5  nu(C4-H11)
#   6  nu(N8-H15)
#   7  nu(C7-H14)
#   8  nu(C9-H16)
#   9  nu(C2-O3)
#  10  tau(H12-C5-C6-H13)
#  11  gamma(H10;C2,O1,O3)
#  12  tau(H14-C7-N8-H15)
#  13  tau(H11-C4-C9-H16)
#  14  nu(C6-H13)
#  15  nu(C5-H12)
#  16  nu(C2-H10)
#  17  delta(C6-C5-H12)
#  18  tau(H11-C4-C9-N8)
#  19  delta(C4-C9-H16)
#  20  delta(N8-C7-H14)
#  21  tau(C6-C7-N8-H15)
#  22  nu(O3-C4)
#  23  tau(C4-C5-C6-H13)
#  24  delta(O1-C2-H10)
#  25  tau(O1-C2-O3-C4)
#  26  delta(C7-N8-H15)
#  27  delta(C9-C4-H11)
#  28  delta(C5-C6-H13)
#  29  delta(C2-O3-C4)
#  30  nu(N8-C9)
#  31  gamma(C4;C9,C7,N8)
#  32  nu(C4-C5)
#  33  delta(C6-C7-N8)
#  34  nu(C6-C7)
#  35  delta(C4-C5-C6)
#  36  delta(O1-C2-O3)
#  37  nu(C7-C9)
#  38  tau(H12-C5-C6-C7)
#  39  tau(C2-O3-C4-H11)
#  40  delta(O3-C4-C9)
#  41  tau(O3-C4-C9-C7)
#  42  delta(O3-C4-C5)

Wrote: /local/scratch/mv487/qm9s/experiment_1_phase2/ped/47455/47455_summary.csv
Wrote: /local/scratch/mv487/qm9s/experiment_1_phase2/ped/47455/47455_families.csv
Wrote: /local/scratch/mv487/qm9s/experiment_1_phase2/ped/47455/47455_ped.csv
Wrote: /local/scratch/mv487/qm9s/experiment_1_phase2/ped/47455/47455_ir_transitions.csv

# All generated files are in: /local/scratch/mv487/qm9s/experiment_1_phase2/ped/47455
# Manifest: /local/scratch/mv487/qm9s/experiment_1_phase2/ped/47455/47455_manifest.txt

--- stderr ---
Normal modes/frequencies absent or incomplete: diagonalizing Hessian.
