# Contact: romi@lens.unifi.it
# Manual: https://github.com/SebRoLENS/orca-ped-analyzer/blob/main/docs/ORCA_PED_Analyzer_Manual.md
# Check GitHub for updates and new releases: https://github.com/SebRoLENS/orca-ped-analyzer
#
# Molecule: 23 atoms | non-linear
# Bonds inferred: 25 | candidate ICs: 283 | selected ICs: 63
# Cartesian-Hessian reconstruction relative error: 5.424e-05
# Energy distribution: PED (PED is the backward-compatible default; TED includes kinetic-energy terms)
# Ring/cycle bonds detected: 10 | ring atoms: 8 | ring systems: 1
# VPT2: no matching .out file supplied/found -> harmonic/PED analysis only
#
 Mode   Harm/cm-1   VPT2/cm-1  Harm.Int/km mol-1  Assignment                                                     Grouped PED
------------------------------------------------------------------------------------------------------------------------------------------------------------------------------------------------
    6       86.13          --                 --  mixed ring-site C-H out-of-plane bending / cyclic-ring torsional/out-of-plane deformation ring-site C-H out-of-plane bending 66.76%; cyclic-ring torsional/out-of-plane deformation 27.44%; cyclic-ring out-of-plane deformation 2.48%
    7      171.78          --                 --  mixed ring-site C-H out-of-plane bending / cyclic-ring torsional/out-of-plane deformation ring-site C-H out-of-plane bending 46.73%; cyclic-ring torsional/out-of-plane deformation 32.85%; C-C torsion 9.58%; cyclic-ring out-of-plane deformation 8.60%
    8      180.31          --                 --  C-C torsion                                                    C-C torsion 81.34%; cyclic-ring torsional/out-of-plane deformation 8.94%; cyclic-ring out-of-plane deformation 4.73%; ring-site C-H out-of-plane bending 2.99%
    9      184.32          --                 --  C-C torsion                                                    C-C torsion 78.02%; ring-site C-H out-of-plane bending 12.58%; cyclic-ring torsional/out-of-plane deformation 7.43%
   10      220.62          --                 --  mixed ring-site C-H out-of-plane bending / cyclic-ring torsional/out-of-plane deformation ring-site C-H out-of-plane bending 55.50%; cyclic-ring torsional/out-of-plane deformation 39.47%; C-C torsion 2.61%
   11      255.27          --                 --  mixed ring-site C-H out-of-plane bending / cyclic-ring torsional/out-of-plane deformation / C-C torsion ring-site C-H out-of-plane bending 48.20%; cyclic-ring torsional/out-of-plane deformation 25.65%; C-C torsion 15.71%; cyclic-ring out-of-plane deformation 7.78%
   12      330.30          --                 --  mixed cyclic-ring torsional/out-of-plane deformation / ring-site C-H out-of-plane bending cyclic-ring torsional/out-of-plane deformation 42.97%; ring-site C-H out-of-plane bending 37.38%; cyclic-ring out-of-plane deformation 6.02%; C-C torsion 4.85%
   13      399.52          --                 --  mixed ring-site C-H out-of-plane bending / cyclic-ring torsional/out-of-plane deformation ring-site C-H out-of-plane bending 64.54%; cyclic-ring torsional/out-of-plane deformation 14.57%; cyclic-ring out-of-plane deformation 11.20%; C-C torsion 5.00%
   14      491.05          --                 --  mixed ring-site C-H out-of-plane bending / cyclic-ring torsional/out-of-plane deformation ring-site C-H out-of-plane bending 60.02%; cyclic-ring torsional/out-of-plane deformation 13.46%; cyclic-ring out-of-plane deformation 12.47%; mixed-phase cyclic C-C stretching 7.43%
   15      523.93          --                 --  mixed ring-site C-H out-of-plane bending / cyclic-ring out-of-plane deformation / cyclic-ring torsional/out-of-plane deformation ring-site C-H out-of-plane bending 25.85%; cyclic-ring out-of-plane deformation 17.81%; cyclic-ring torsional/out-of-plane deformation 15.90%; cyclic-ring deformation (C-C-C bend) 15.03%
   16      641.66          --                 --  mixed cyclic-ring deformation (C-C-C bend) / mixed-phase cyclic C-C stretching cyclic-ring deformation (C-C-C bend) 32.23%; mixed-phase cyclic C-C stretching 20.71%; ring-site C-H out-of-plane bending 10.66%; cyclic-ring out-of-plane deformation 9.15%
   17      696.47          --                 --  mixed ring-site C-H out-of-plane bending / ring-site C-H in-plane bending ring-site C-H out-of-plane bending 38.36%; ring-site C-H in-plane bending 28.22%; mixed-phase cyclic C-C stretching 14.91%; cyclic-ring deformation (C-C-C bend) 12.42%
   18      731.27          --                 --  mixed ring-site C-H out-of-plane bending / ring-site C-H in-plane bending ring-site C-H out-of-plane bending 44.67%; ring-site C-H in-plane bending 35.36%; cyclic C-C stretching 6.28%; cyclic-ring deformation (C-C-C bend) 6.26%
   19      792.74          --                 --  mixed ring-site C-H out-of-plane bending / ring-site C-H in-plane bending ring-site C-H out-of-plane bending 51.38%; ring-site C-H in-plane bending 33.42%; mixed-phase cyclic C-C stretching 7.23%; cyclic-ring torsional/out-of-plane deformation 3.09%
   20      805.96          --                 --  mixed ring-site C-H out-of-plane bending / ring-site C-H in-plane bending ring-site C-H out-of-plane bending 58.90%; ring-site C-H in-plane bending 37.46%; cyclic C-C stretching 2.11%
   21      857.03          --                 --  mixed ring-site C-H in-plane bending / cyclic-ring deformation (C-C-C bend) / mixed-phase cyclic C-C stretching ring-site C-H in-plane bending 29.96%; cyclic-ring deformation (C-C-C bend) 25.42%; mixed-phase cyclic C-C stretching 16.96%; ring-site C-H out-of-plane bending 15.03%
   22      883.26          --                 --  mixed mixed-phase cyclic C-C stretching / ring-site C-H out-of-plane bending / ring-site C-H in-plane bending mixed-phase cyclic C-C stretching 39.63%; ring-site C-H out-of-plane bending 26.01%; ring-site C-H in-plane bending 15.38%; C-H bending 7.88%
   23      915.04          --                 --  mixed ring-site C-H out-of-plane bending / mixed-phase cyclic C-C stretching / cyclic-ring out-of-plane deformation ring-site C-H out-of-plane bending 31.64%; mixed-phase cyclic C-C stretching 31.06%; cyclic-ring out-of-plane deformation 22.91%; cyclic-ring torsional/out-of-plane deformation 5.06%
   24      926.60          --                 --  mixed ring-site C-H out-of-plane bending / mixed-phase cyclic C-C stretching / cyclic-ring out-of-plane deformation ring-site C-H out-of-plane bending 45.60%; mixed-phase cyclic C-C stretching 18.78%; cyclic-ring out-of-plane deformation 17.09%; ring-site C-H in-plane bending 13.15%
   25      933.10          --                 --  mixed opposite-phase cyclic C-C stretching / cyclic-ring deformation (C-C-C bend) opposite-phase cyclic C-C stretching 68.35%; cyclic-ring deformation (C-C-C bend) 14.63%; ring-site C-H in-plane bending 8.36%; ring-site C-H out-of-plane bending 7.76%
   26      948.59          --                 --  mixed cyclic C-C stretching / cyclic-ring deformation (C-C-C bend) cyclic C-C stretching 42.06%; cyclic-ring deformation (C-C-C bend) 19.36%; ring-site C-H out-of-plane bending 12.64%; cyclic-ring out-of-plane deformation 10.01%
   27      954.25          --                 --  mixed in-phase cyclic C-C stretching / cyclic-ring out-of-plane deformation in-phase cyclic C-C stretching 54.26%; cyclic-ring out-of-plane deformation 15.62%; ring-site C-H out-of-plane bending 9.53%; ring-site C-H in-plane bending 6.91%
   28      981.90          --                 --  mixed ring-site C-H out-of-plane bending / cyclic-ring out-of-plane deformation / mixed-phase cyclic C-C stretching ring-site C-H out-of-plane bending 37.44%; cyclic-ring out-of-plane deformation 29.32%; mixed-phase cyclic C-C stretching 22.79%; cyclic-ring deformation (C-C-C bend) 4.58%
   29     1006.63          --                 --  mixed ring-site C-H out-of-plane bending / C-H bending         ring-site C-H out-of-plane bending 55.15%; C-H bending 24.99%; ring-site C-H in-plane bending 6.63%; cyclic-ring torsional/out-of-plane deformation 5.57%
   30     1062.23          --                 --  mixed ring-site C-H out-of-plane bending / ring-site C-H in-plane bending ring-site C-H out-of-plane bending 48.35%; ring-site C-H in-plane bending 41.50%; C-H bending 5.86%; cyclic C-C stretching 2.47%
   31     1078.33          --                 --  mixed mixed-phase cyclic C-C stretching / ring-site C-H in-plane bending / ring-site C-H out-of-plane bending mixed-phase cyclic C-C stretching 36.54%; ring-site C-H in-plane bending 21.66%; ring-site C-H out-of-plane bending 21.28%; cyclic-ring out-of-plane deformation 7.17%
   32     1102.32          --                 --  mixed ring-site C-H out-of-plane bending / C-H bending / in-phase cyclic C-C stretching ring-site C-H out-of-plane bending 29.79%; C-H bending 23.88%; in-phase cyclic C-C stretching 20.09%; ring-site C-H in-plane bending 9.80%
   33     1127.27          --                 --  mixed ring-site C-H out-of-plane bending / C-H bending         ring-site C-H out-of-plane bending 37.51%; C-H bending 30.90%; ring-site C-H in-plane bending 12.50%; cyclic-ring torsional/out-of-plane deformation 8.10%
   34     1158.11          --                 --  mixed ring-site C-H out-of-plane bending / ring-site C-H in-plane bending / mixed-phase cyclic C-C stretching ring-site C-H out-of-plane bending 34.42%; ring-site C-H in-plane bending 28.07%; mixed-phase cyclic C-C stretching 15.69%; cyclic-ring torsional/out-of-plane deformation 6.23%
   35     1171.19          --                 --  mixed ring-site C-H in-plane bending / ring-site C-H out-of-plane bending / mixed-phase cyclic C-C stretching ring-site C-H in-plane bending 29.74%; ring-site C-H out-of-plane bending 21.32%; mixed-phase cyclic C-C stretching 15.59%; cyclic-ring out-of-plane deformation 12.90%
   36     1207.04          --                 --  mixed ring-site C-H out-of-plane bending / ring-site C-H in-plane bending ring-site C-H out-of-plane bending 44.17%; ring-site C-H in-plane bending 42.18%; mixed-phase cyclic C-C stretching 8.33%; cyclic-ring deformation (C-C-C bend) 2.65%
   37     1217.82          --                 --  mixed ring-site C-H in-plane bending / ring-site C-H out-of-plane bending ring-site C-H in-plane bending 49.68%; ring-site C-H out-of-plane bending 39.63%; cyclic C-C stretching 3.42%; cyclic-ring out-of-plane deformation 2.99%
   38     1228.31          --                 --  mixed ring-site C-H out-of-plane bending / ring-site C-H in-plane bending ring-site C-H out-of-plane bending 54.04%; ring-site C-H in-plane bending 22.03%; mixed-phase cyclic C-C stretching 9.19%; C-H bending 4.52%
   39     1239.11          --                 --  mixed ring-site C-H in-plane bending / ring-site C-H out-of-plane bending ring-site C-H in-plane bending 39.37%; ring-site C-H out-of-plane bending 30.39%; mixed-phase cyclic C-C stretching 12.78%; cyclic-ring torsional/out-of-plane deformation 5.44%
   40     1251.35          --                 --  mixed ring-site C-H in-plane bending / ring-site C-H out-of-plane bending ring-site C-H in-plane bending 46.48%; ring-site C-H out-of-plane bending 38.44%; cyclic-ring out-of-plane deformation 9.89%; cyclic C-C stretching 3.20%
   41     1257.30          --                 --  mixed ring-site C-H in-plane bending / ring-site C-H out-of-plane bending ring-site C-H in-plane bending 44.80%; ring-site C-H out-of-plane bending 43.02%; mixed-phase cyclic C-C stretching 7.06%; cyclic-ring out-of-plane deformation 3.73%
   42     1262.09          --                 --  mixed ring-site C-H in-plane bending / ring-site C-H out-of-plane bending / cyclic-ring out-of-plane deformation ring-site C-H in-plane bending 34.34%; ring-site C-H out-of-plane bending 34.10%; cyclic-ring out-of-plane deformation 16.03%; mixed-phase cyclic C-C stretching 12.17%
   43     1281.69          --                 --  mixed ring-site C-H in-plane bending / ring-site C-H out-of-plane bending ring-site C-H in-plane bending 55.72%; ring-site C-H out-of-plane bending 21.45%; mixed-phase cyclic C-C stretching 9.93%; cyclic-ring out-of-plane deformation 7.95%
   44     1285.00          --                 --  mixed ring-site C-H out-of-plane bending / ring-site C-H in-plane bending / mixed-phase cyclic C-C stretching ring-site C-H out-of-plane bending 41.06%; ring-site C-H in-plane bending 35.74%; mixed-phase cyclic C-C stretching 15.56%; cyclic-ring out-of-plane deformation 5.72%
   45     1306.73          --                 --  mixed ring-site C-H out-of-plane bending / mixed-phase cyclic C-C stretching ring-site C-H out-of-plane bending 35.63%; mixed-phase cyclic C-C stretching 23.46%; ring-site C-H in-plane bending 12.90%; cyclic-ring out-of-plane deformation 9.84%
   46     1415.48          --                 --  C-H bending                                                    C-H bending 94.02%; exocyclic C-C stretching 2.10%; cyclic C-C stretching 2.08%
   47     1445.25          --                 --  mixed mixed-phase cyclic C-C stretching / C-H bending          mixed-phase cyclic C-C stretching 39.95%; C-H bending 15.95%; exocyclic C-C stretching 10.94%; cyclic-ring deformation (C-C-C bend) 10.70%
   48     1480.00          --                 --  mixed ring-site C-H out-of-plane bending / ring-site C-H in-plane bending ring-site C-H out-of-plane bending 73.18%; ring-site C-H in-plane bending 23.14%
   49     1484.96          --                 --  mixed ring-site C-H out-of-plane bending / C-H bending / ring-site C-H in-plane bending ring-site C-H out-of-plane bending 48.65%; C-H bending 27.25%; ring-site C-H in-plane bending 19.24%; C-C torsion 2.16%
   50     1487.03          --                 --  mixed ring-site C-H out-of-plane bending / ring-site C-H in-plane bending ring-site C-H out-of-plane bending 42.73%; ring-site C-H in-plane bending 42.42%; C-H bending 10.67%
   51     1492.02          --                 --  C-H bending                                                    C-H bending 78.88%; C-C torsion 11.06%; ring-site C-H out-of-plane bending 8.54%
   52     1501.05          --                 --  C-H bending                                                    C-H bending 85.60%; C-C torsion 7.64%; ring-site C-H out-of-plane bending 4.07%
   53     1510.54          --                 --  mixed ring-site C-H out-of-plane bending / ring-site C-H in-plane bending ring-site C-H out-of-plane bending 65.40%; ring-site C-H in-plane bending 18.12%; C-H bending 11.02%; cyclic C-C stretching 3.88%
   54     1514.05          --                 --  mixed ring-site C-H out-of-plane bending / ring-site C-H in-plane bending ring-site C-H out-of-plane bending 64.70%; ring-site C-H in-plane bending 22.86%; mixed-phase cyclic C-C stretching 7.68%; C-H bending 3.23%
   55     3010.72          --                 --  C-H stretching                                                 C-H stretching 98.93%
   56     3032.38          --                 --  mixed-phase ring-site C-H stretching                           mixed-phase ring-site C-H stretching 99.11%
   57     3036.26          --                 --  mixed-phase ring-site C-H stretching                           mixed-phase ring-site C-H stretching 98.98%
   58     3038.63          --                 --  mixed-phase ring-site C-H stretching                           mixed-phase ring-site C-H stretching 99.28%
   59     3042.87          --                 --  ring-site C-H stretching                                       ring-site C-H stretching 99.02%
   60     3060.38          --                 --  opposite-phase C-H stretching                                  opposite-phase C-H stretching 89.13%; in-phase ring-site C-H stretching 10.18%
   61     3060.58          --                 --  in-phase ring-site C-H stretching                              in-phase ring-site C-H stretching 88.88%; opposite-phase C-H stretching 10.47%
   62     3079.20          --                 --  mixed-phase ring-site C-H stretching                           mixed-phase ring-site C-H stretching 98.47%
   63     3080.21          --                 --  mixed-phase ring-site C-H stretching                           mixed-phase ring-site C-H stretching 98.81%
   64     3086.23          --                 --  mixed-phase ring-site C-H stretching                           mixed-phase ring-site C-H stretching 99.21%
   65     3090.24          --                 --  mixed-phase C-H stretching                                     mixed-phase C-H stretching 98.87%
   66     3099.66          --                 --  mixed-phase ring-site C-H stretching                           mixed-phase ring-site C-H stretching 99.21%
   67     3112.15          --                 --  mixed-phase ring-site C-H stretching                           mixed-phase ring-site C-H stretching 99.44%
   68     3147.37          --                 --  ring-site C-H stretching                                       ring-site C-H stretching 98.77%

# Selected internal-coordinate set:
#   1  nu(C5-H17)
#   2  nu(C1-C2)
#   3  nu(C3-C4)
#   4  nu(C6-C7)
#   5  nu(C8-C9)
#   6  nu(C7-C8)
#   7  nu(C6-C9)
#   8  nu(C1-H10)
#   9  nu(C4-H15)
#  10  nu(C3-H13)
#  11  nu(C1-H11)
#  12  nu(C8-H20)
#  13  nu(C9-H22)
#  14  nu(C7-H19)
#  15  tau(H13-C3-C4-H15)
#  16  tau(C1-C2-C5-H17)
#  17  delta(C2-C5-H17)
#  18  nu(C1-H12)
#  19  gamma(C2;C6,C7,C9)
#  20  nu(C8-H21)
#  21  nu(C3-H14)
#  22  nu(C9-H23)
#  23  nu(C4-H16)
#  24  nu(C7-H18)
#  25  tau(H14-C3-C4-H15)
#  26  nu(C2-C5)
#  27  delta(H11-C1-H12)
#  28  tau(H20-C8-C9-H22)
#  29  delta(H10-C1-H11)
#  30  tau(H19-C7-C8-H20)
#  31  delta(C5-C4-H16)
#  32  delta(H10-C1-H12)
#  33  tau(H18-C7-C8-H21)
#  34  tau(H21-C8-C9-H23)
#  35  gamma(C6;C5,C2,H17)
#  36  delta(C8-C7-H18)
#  37  delta(C4-C3-H14)
#  38  delta(C8-C7-H19)
#  39  delta(C4-C3-H13)
#  40  delta(C8-C9-H23)
#  41  delta(C8-C9-H22)
#  42  tau(H16-C4-C5-C2)
#  43  tau(H15-C4-C5-C6)
#  44  delta(C2-C1-H10)
#  45  nu(C4-C5)
#  46  delta(C6-C9-C8)
#  47  gamma(C3;C2,C5,C6)
#  48  delta(C7-C8-H21)
#  49  tau(H18-C7-C8-C9)
#  50  delta(C2-C1-H11)
#  51  delta(C9-C8-H20)
#  52  nu(C2-C3)
#  53  delta(C7-C8-H20)
#  54  tau(H13-C3-C4-C5)
#  55  tau(H12-C1-C2-C3)
#  56  delta(C3-C2-C5)
#  57  nu(C5-C6)
#  58  tau(H11-C1-C2-C6)
#  59  tau(C3-C4-C5-C6)
#  60  tau(C4-C5-C6-C9)
#  61  tau(C7-C8-C9-C6)
#  62  tau(C3-C2-C6-C9)
#  63  tau(C1-C2-C5-C4)

Wrote: /local/scratch/mv487/qm9s/experiment_1_phase2/ped/67167/67167_summary.csv
Wrote: /local/scratch/mv487/qm9s/experiment_1_phase2/ped/67167/67167_families.csv
Wrote: /local/scratch/mv487/qm9s/experiment_1_phase2/ped/67167/67167_ped.csv
Wrote: /local/scratch/mv487/qm9s/experiment_1_phase2/ped/67167/67167_ir_transitions.csv

# All generated files are in: /local/scratch/mv487/qm9s/experiment_1_phase2/ped/67167
# Manifest: /local/scratch/mv487/qm9s/experiment_1_phase2/ped/67167/67167_manifest.txt

--- stderr ---
Normal modes/frequencies absent or incomplete: diagonalizing Hessian.
