# Contact: romi@lens.unifi.it
# Manual: https://github.com/SebRoLENS/orca-ped-analyzer/blob/main/docs/ORCA_PED_Analyzer_Manual.md
# Check GitHub for updates and new releases: https://github.com/SebRoLENS/orca-ped-analyzer
#
# Molecule: 15 atoms | non-linear
# Bonds inferred: 14 | candidate ICs: 100 | selected ICs: 39
# Cartesian-Hessian reconstruction relative error: 2.981e-05
# Energy distribution: PED (PED is the backward-compatible default; TED includes kinetic-energy terms)
# Ring/cycle bonds detected: 0 | ring atoms: 0 | ring systems: 0
# VPT2: no matching .out file supplied/found -> harmonic/PED analysis only
#
 Mode   Harm/cm-1   VPT2/cm-1  Harm.Int/km mol-1  Assignment                                                     Grouped PED
------------------------------------------------------------------------------------------------------------------------------------------------------------------------------------------------
    6      101.62          --                 --  mixed C-C torsion / C-O torsion                                C-C torsion 65.43%; C-O torsion 12.79%; C-C-N linear bending 10.32%; C-C-C bending 7.26%
    7      124.55          --                 --  mixed C-C torsion / C-O torsion                                C-C torsion 64.06%; C-O torsion 11.50%; O-C-C bending 7.17%; C-C-C bending 6.86%
    8      152.38          --                 --  mixed C-C-C bending / C-C torsion / C-C-N linear bending       C-C-C bending 48.85%; C-C torsion 19.09%; C-C-N linear bending 17.37%; O-C-C bending 9.67%
    9      180.69          --                 --  mixed O-C-C bending / C-C-N linear bending / C-C-C bending     O-C-C bending 29.26%; C-C-N linear bending 26.10%; C-C-C bending 17.74%; C-C-O bending 11.68%
   10      236.89          --                 --  mixed O-C-C bending / C-C-C bending / C-C-O bending            O-C-C bending 29.82%; C-C-C bending 27.64%; C-C-O bending 16.48%; C-C-N linear bending 13.84%
   11      305.59          --                 --  mixed C-C-O bending / O-C-C bending                            C-C-O bending 36.68%; O-C-C bending 34.33%; C-C-C bending 7.72%; C-O torsion 6.91%
   12      350.82          --                 --  mixed C-C-O bending / C-C-C bending                            C-C-O bending 49.64%; C-C-C bending 17.81%; O-C-C bending 10.62%; C-H bending 9.97%
   13      371.06          --                 --  C-O torsion                                                    C-O torsion 81.26%; O-C-C bending 8.14%; C-C-O bending 2.95%; C-H bending 2.88%
   14      439.80          --                 --  mixed O-C-C bending / C-C-O bending / C-C stretching           O-C-C bending 46.02%; C-C-O bending 16.26%; C-C stretching 15.79%; C-O torsion 9.32%
   15      454.66          --                 --  mixed C-O torsion / C-C-O bending                              C-O torsion 67.57%; C-C-O bending 16.60%; C-C-N linear bending 4.29%; O-C-C bending 4.22%
   16      507.85          --                 --  mixed C-C-C bending / C-C-N linear bending / O-C-C bending     C-C-C bending 25.37%; C-C-N linear bending 18.62%; O-C-C bending 16.36%; mixed-phase C-C stretching 14.30%
   17      543.48          --                 --  C-O torsion                                                    C-O torsion 86.79%; O-C-C bending 4.05%; C-C stretching 2.77%
   18      583.65          --                 --  mixed O-C-C bending / C-C-N linear bending                     O-C-C bending 49.74%; C-C-N linear bending 23.24%; mixed-phase C-C stretching 10.32%; C-C-C bending 9.68%
   19      652.62          --                 --  mixed O-C-C bending / C-C-O bending                            O-C-C bending 34.48%; C-C-O bending 24.76%; mixed-phase C-C stretching 11.72%; C-H bending 10.02%
   20      748.88          --                 --  mixed C-C stretching / C-C-O bending                           C-C stretching 46.35%; C-C-O bending 17.85%; O-C-C bending 12.01%; C-O stretching 9.27%
   21      900.38          --                 --  mixed mixed-phase C-O stretching / C-H bending / mixed-phase C-C stretching mixed-phase C-O stretching 39.92%; C-H bending 33.62%; mixed-phase C-C stretching 15.25%; O-H bending 3.28%
   22      927.66          --                 --  mixed C-H bending / mixed-phase C-C stretching                 C-H bending 55.41%; mixed-phase C-C stretching 22.25%; O-C-C bending 6.02%; C-C-O bending 4.38%
   23     1048.80          --                 --  mixed C-O stretching / C-C stretching                          C-O stretching 55.86%; C-C stretching 16.23%; C-H bending 8.56%; O-H bending 7.94%
   24     1057.17          --                 --  mixed in-phase C-O stretching / opposite-phase C-C stretching  in-phase C-O stretching 34.72%; opposite-phase C-C stretching 15.51%; C-H bending 13.43%; O-H bending 13.20%
   25     1074.43          --                 --  mixed mixed-phase C-O stretching / opposite-phase C-C stretching mixed-phase C-O stretching 46.94%; opposite-phase C-C stretching 17.37%; C-H bending 12.57%; O-H bending 12.45%
   26     1097.92          --                 --  mixed C-H bending / mixed-phase C-O stretching / O-C-C bending C-H bending 34.92%; mixed-phase C-O stretching 15.77%; O-C-C bending 15.23%; mixed-phase C-C stretching 13.31%
   27     1138.58          --                 --  mixed C-H bending / in-phase C-O stretching                    C-H bending 34.39%; in-phase C-O stretching 23.83%; mixed-phase C-C stretching 13.82%; C-C-C bending 10.71%
   28     1229.61          --                 --  mixed C-H bending / O-H bending                                C-H bending 51.38%; O-H bending 26.14%; opposite-phase C-C stretching 8.95%; O-C-C bending 4.49%
   29     1264.66          --                 --  mixed C-H bending / O-H bending                                C-H bending 43.78%; O-H bending 23.00%; C-O stretching 12.31%; O-C-C bending 6.47%
   30     1363.32          --                 --  mixed O-H bending / C-H bending                                O-H bending 46.17%; C-H bending 42.27%; C-C-O bending 3.60%; C-C stretching 3.04%
   31     1384.55          --                 --  mixed C-H bending / O-H bending                                C-H bending 68.04%; O-H bending 24.56%; mixed-phase C-C stretching 3.33%
   32     1392.59          --                 --  C-H bending                                                    C-H bending 82.92%; O-H bending 13.26%
   33     1405.65          --                 --  C-H bending                                                    C-H bending 74.35%; O-H bending 14.45%; mixed-phase C-C stretching 6.42%
   34     1428.97          --                 --  C-H bending                                                    C-H bending 78.35%; O-H bending 15.04%; C-C stretching 3.39%
   35     1499.70          --                 --  C-H bending                                                    C-H bending 98.05%
   36     1502.53          --                 --  C-H bending                                                    C-H bending 97.68%
   37     2346.85          --                 --  C-N stretching                                                 C-N stretching 92.13%; C-C stretching 7.79%
   38     3026.85          --                 --  C-H stretching                                                 C-H stretching 99.32%
   39     3047.48          --                 --  C-H stretching                                                 C-H stretching 99.32%
   40     3105.39          --                 --  mixed-phase C-H stretching                                     mixed-phase C-H stretching 99.12%
   41     3136.48          --                 --  mixed-phase C-H stretching                                     mixed-phase C-H stretching 99.25%
   42     3721.66          --                 --  O-H stretching                                                 O-H stretching 99.90%
   43     3780.06          --                 --  O-H stretching                                                 O-H stretching 99.91%
   44     3791.80          --                 --  O-H stretching                                                 O-H stretching 99.91%

# Selected internal-coordinate set:
#   1  nu(O1-C2)
#   2  nu(C3-O4)
#   3  nu(C5-O6)
#   4  nu(C7-N8)
#   5  nu(C5-H13)
#   6  nu(O4-H12)
#   7  nu(O1-H9)
#   8  nu(C2-H10)
#   9  nu(O6-H15)
#  10  delta_lin1(C3-C7-N8)
#  11  nu(C2-H11)
#  12  nu(C5-H14)
#  13  delta_lin2(C3-C7-N8)
#  14  tau(C5-C3-O4-H12)
#  15  tau(H13-C5-O6-H15)
#  16  tau(H9-O1-C2-H10)
#  17  nu(C3-C5)
#  18  delta(O1-C2-H11)
#  19  delta(C3-O4-H12)
#  20  delta(C5-O6-H15)
#  21  delta(O1-C2-H10)
#  22  nu(C3-C7)
#  23  delta(H10-C2-H11)
#  24  delta(C3-C5-H14)
#  25  delta(C2-O1-H9)
#  26  delta(H13-C5-H14)
#  27  delta(O6-C5-H14)
#  28  delta(O6-C5-H13)
#  29  delta(C3-C2-H11)
#  30  nu(C2-C3)
#  31  delta(C2-C3-O4)
#  32  delta(O4-C3-C7)
#  33  delta(O4-C3-C5)
#  34  delta(C3-C5-O6)
#  35  tau(C2-C3-C5-O6)
#  36  tau(O1-C2-C3-C7)
#  37  delta(C2-C3-C7)
#  38  delta(O1-C2-C3)
#  39  delta(C2-C3-C5)

Wrote: /local/scratch/mv487/qm9s/experiment_1_phase2/ped/7847/7847_summary.csv
Wrote: /local/scratch/mv487/qm9s/experiment_1_phase2/ped/7847/7847_families.csv
Wrote: /local/scratch/mv487/qm9s/experiment_1_phase2/ped/7847/7847_ped.csv
Wrote: /local/scratch/mv487/qm9s/experiment_1_phase2/ped/7847/7847_ir_transitions.csv

# All generated files are in: /local/scratch/mv487/qm9s/experiment_1_phase2/ped/7847
# Manifest: /local/scratch/mv487/qm9s/experiment_1_phase2/ped/7847/7847_manifest.txt

--- stderr ---
Normal modes/frequencies absent or incomplete: diagonalizing Hessian.
