# Contact: romi@lens.unifi.it
# Manual: https://github.com/SebRoLENS/orca-ped-analyzer/blob/main/docs/ORCA_PED_Analyzer_Manual.md
# Check GitHub for updates and new releases: https://github.com/SebRoLENS/orca-ped-analyzer
#
# Molecule: 20 atoms | non-linear
# Bonds inferred: 23 | candidate ICs: 269 | selected ICs: 54
# Cartesian-Hessian reconstruction relative error: 6.321e-05
# Energy distribution: PED (PED is the backward-compatible default; TED includes kinetic-energy terms)
# Ring/cycle bonds detected: 11 | ring atoms: 8 | ring systems: 1
# VPT2: no matching .out file supplied/found -> harmonic/PED analysis only
#
 Mode   Harm/cm-1   VPT2/cm-1  Harm.Int/km mol-1  Assignment                                                     Grouped PED
------------------------------------------------------------------------------------------------------------------------------------------------------------------------------------------------
    6      220.07          --                 --  C-C torsion                                                    C-C torsion 94.67%; ring-site C-H out-of-plane bending 2.77%
    7      241.38          --                 --  C-C torsion                                                    C-C torsion 90.24%; ring-site C-H out-of-plane bending 7.09%
    8      265.18          --                 --  mixed cyclic-ring torsional/out-of-plane deformation / ring-site C-H out-of-plane bending cyclic-ring torsional/out-of-plane deformation 50.62%; ring-site C-H out-of-plane bending 19.58%; C-C torsion 14.74%; C-H bending 6.13%
    9      361.31          --                 --  mixed ring-site C-H out-of-plane bending / C-C torsion         ring-site C-H out-of-plane bending 41.41%; C-C torsion 32.37%; C-C-C bending 10.53%; cyclic-ring out-of-plane deformation 8.62%
   10      416.67          --                 --  mixed ring-site C-H out-of-plane bending / C-C torsion / cyclic-ring out-of-plane deformation ring-site C-H out-of-plane bending 30.41%; C-C torsion 28.95%; cyclic-ring out-of-plane deformation 21.55%; ring-site C-H in-plane bending 7.20%
   11      466.92          --                 --  mixed ring-site C-H out-of-plane bending / cyclic-ring out-of-plane deformation ring-site C-H out-of-plane bending 47.79%; cyclic-ring out-of-plane deformation 26.97%; ring-site C-H in-plane bending 11.66%; cyclic-ring deformation (C-C-C bend) 6.13%
   12      556.48          --                 --  mixed cyclic-ring deformation (C-C-C bend) / cyclic-ring deformation (C-N-C bend) cyclic-ring deformation (C-C-C bend) 27.13%; cyclic-ring deformation (C-N-C bend) 13.53%; C-C torsion 11.98%; ring-site C-H out-of-plane bending 10.97%
   13      635.61          --                 --  mixed cyclic-ring deformation (C-C-C bend) / ring-site C-H out-of-plane bending cyclic-ring deformation (C-C-C bend) 43.07%; ring-site C-H out-of-plane bending 26.29%; ring-site C-H in-plane bending 9.37%; opposite-phase cyclic C-N stretching 5.56%
   14      667.92          --                 --  mixed mixed-phase cyclic C-N stretching / ring-site C-H out-of-plane bending / cyclic-ring out-of-plane deformation mixed-phase cyclic C-N stretching 37.66%; ring-site C-H out-of-plane bending 23.74%; cyclic-ring out-of-plane deformation 19.80%; cyclic-ring deformation (C-N-C bend) 10.31%
   15      719.77          --                 --  mixed ring-site C-H out-of-plane bending / mixed-phase cyclic C-C stretching ring-site C-H out-of-plane bending 30.01%; mixed-phase cyclic C-C stretching 22.71%; cyclic C-N stretching 14.67%; cyclic-ring out-of-plane deformation 10.93%
   16      735.96          --                 --  mixed ring-site C-H out-of-plane bending / cyclic-ring deformation (C-N-C bend) ring-site C-H out-of-plane bending 37.31%; cyclic-ring deformation (C-N-C bend) 31.81%; in-phase cyclic C-N stretching 12.40%; cyclic C-C stretching 11.41%
   17      761.01          --                 --  mixed mixed-phase cyclic C-C stretching / cyclic C-N stretching mixed-phase cyclic C-C stretching 32.98%; cyclic C-N stretching 20.94%; cyclic-ring out-of-plane deformation 12.73%; ring-site C-H out-of-plane bending 9.63%
   18      834.01          --                 --  mixed ring-site C-H out-of-plane bending / mixed-phase cyclic C-C stretching ring-site C-H out-of-plane bending 22.98%; mixed-phase cyclic C-C stretching 20.94%; ring-site C-H in-plane bending 10.36%; cyclic-ring out-of-plane deformation 9.80%
   19      858.23          --                 --  mixed mixed-phase cyclic C-C stretching / ring-site C-H out-of-plane bending mixed-phase cyclic C-C stretching 25.86%; ring-site C-H out-of-plane bending 18.85%; cyclic-ring deformation (C-C-C bend) 13.92%; mixed-phase cyclic C-N stretching 10.49%
   20      880.37          --                 --  mixed ring-site C-H out-of-plane bending / mixed-phase cyclic C-C stretching ring-site C-H out-of-plane bending 34.91%; mixed-phase cyclic C-C stretching 17.91%; opposite-phase cyclic C-N stretching 14.24%; cyclic-ring deformation (C-C-C bend) 11.75%
   21      897.97          --                 --  mixed mixed-phase cyclic C-C stretching / ring-site C-H out-of-plane bending mixed-phase cyclic C-C stretching 32.55%; ring-site C-H out-of-plane bending 16.34%; cyclic-ring out-of-plane deformation 13.38%; C-C torsion 8.84%
   22      915.94          --                 --  mixed mixed-phase cyclic C-C stretching / ring-site C-H out-of-plane bending mixed-phase cyclic C-C stretching 34.10%; ring-site C-H out-of-plane bending 26.22%; C-H bending 10.59%; ring-site C-H in-plane bending 9.35%
   23      946.07          --                 --  mixed mixed-phase cyclic C-C stretching / ring-site C-H out-of-plane bending mixed-phase cyclic C-C stretching 43.41%; ring-site C-H out-of-plane bending 28.41%; ring-site C-H in-plane bending 11.43%; C-H bending 6.62%
   24      967.72          --                 --  mixed ring-site C-H in-plane bending / ring-site C-H out-of-plane bending ring-site C-H in-plane bending 42.91%; ring-site C-H out-of-plane bending 19.19%; cyclic C-C stretching 12.08%; in-phase cyclic C-N stretching 9.72%
   25      976.46          --                 --  mixed ring-site C-H in-plane bending / mixed-phase cyclic C-C stretching / ring-site C-H out-of-plane bending ring-site C-H in-plane bending 29.33%; mixed-phase cyclic C-C stretching 28.53%; ring-site C-H out-of-plane bending 20.71%; cyclic-ring deformation (C-C-C bend) 7.08%
   26      996.59          --                 --  mixed C-H bending / cyclic C-C stretching                      C-H bending 30.53%; cyclic C-C stretching 20.28%; ring-site C-H out-of-plane bending 11.62%; mixed-phase cyclic C-N stretching 9.69%
   27     1014.06          --                 --  mixed ring-site C-H out-of-plane bending / ring-site C-H in-plane bending ring-site C-H out-of-plane bending 37.39%; ring-site C-H in-plane bending 28.65%; C-C torsion 8.15%; cyclic-ring deformation (C-C-C bend) 6.28%
   28     1038.04          --                 --  mixed ring-site C-H out-of-plane bending / ring-site C-H in-plane bending ring-site C-H out-of-plane bending 38.43%; ring-site C-H in-plane bending 30.12%; cyclic-ring out-of-plane deformation 10.46%; cyclic C-C stretching 8.34%
   29     1057.91          --                 --  mixed ring-site C-H out-of-plane bending / cyclic-ring out-of-plane deformation ring-site C-H out-of-plane bending 43.32%; cyclic-ring out-of-plane deformation 39.35%; ring-site C-H in-plane bending 7.41%; C-H bending 3.31%
   30     1113.57          --                 --  mixed C-H bending / ring-site C-H out-of-plane bending         C-H bending 40.71%; ring-site C-H out-of-plane bending 28.74%; mixed-phase cyclic C-C stretching 13.23%; ring-site C-H in-plane bending 7.46%
   31     1126.48          --                 --  mixed ring-site C-H out-of-plane bending / ring-site C-H in-plane bending ring-site C-H out-of-plane bending 36.52%; ring-site C-H in-plane bending 19.73%; cyclic-ring out-of-plane deformation 13.40%; mixed-phase cyclic C-C stretching 11.21%
   32     1151.06          --                 --  mixed ring-site C-H out-of-plane bending / mixed-phase cyclic C-C stretching / ring-site C-H in-plane bending ring-site C-H out-of-plane bending 25.36%; mixed-phase cyclic C-C stretching 17.07%; ring-site C-H in-plane bending 16.98%; cyclic-ring deformation (C-C-C bend) 10.36%
   33     1176.70          --                 --  mixed ring-site C-H in-plane bending / ring-site C-H out-of-plane bending ring-site C-H in-plane bending 56.41%; ring-site C-H out-of-plane bending 15.63%; mixed-phase cyclic C-C stretching 12.80%; exocyclic C-C stretching 7.43%
   34     1194.40          --                 --  mixed cyclic-ring out-of-plane deformation / ring-site C-H out-of-plane bending / ring-site C-H in-plane bending cyclic-ring out-of-plane deformation 35.14%; ring-site C-H out-of-plane bending 33.38%; ring-site C-H in-plane bending 16.80%; cyclic C-C stretching 6.65%
   35     1216.89          --                 --  mixed ring-site C-H out-of-plane bending / mixed-phase cyclic C-C stretching / C-H bending ring-site C-H out-of-plane bending 31.76%; mixed-phase cyclic C-C stretching 26.49%; C-H bending 17.35%; ring-site C-H in-plane bending 9.66%
   36     1243.89          --                 --  mixed ring-site C-H in-plane bending / ring-site C-H out-of-plane bending ring-site C-H in-plane bending 58.85%; ring-site C-H out-of-plane bending 17.12%; cyclic C-C stretching 7.36%; cyclic-ring out-of-plane deformation 6.66%
   37     1249.03          --                 --  mixed ring-site C-H in-plane bending / ring-site C-H out-of-plane bending / cyclic-ring out-of-plane deformation ring-site C-H in-plane bending 25.63%; ring-site C-H out-of-plane bending 21.09%; cyclic-ring out-of-plane deformation 19.66%; mixed-phase cyclic C-C stretching 19.03%
   38     1262.49          --                 --  mixed ring-site C-H out-of-plane bending / mixed-phase cyclic C-C stretching / ring-site C-H in-plane bending ring-site C-H out-of-plane bending 48.53%; mixed-phase cyclic C-C stretching 26.13%; ring-site C-H in-plane bending 16.32%; cyclic-ring deformation (C-C-C bend) 3.02%
   39     1270.20          --                 --  mixed ring-site C-H in-plane bending / mixed-phase cyclic C-C stretching ring-site C-H in-plane bending 67.19%; mixed-phase cyclic C-C stretching 8.01%; ring-site C-H out-of-plane bending 6.40%; C-H bending 6.29%
   40     1305.41          --                 --  mixed ring-site C-H out-of-plane bending / ring-site C-H in-plane bending ring-site C-H out-of-plane bending 43.95%; ring-site C-H in-plane bending 28.29%; mixed-phase cyclic C-C stretching 13.11%; C-H bending 4.87%
   41     1322.15          --                 --  mixed ring-site C-H in-plane bending / mixed-phase cyclic C-C stretching / ring-site C-H out-of-plane bending ring-site C-H in-plane bending 40.65%; mixed-phase cyclic C-C stretching 19.91%; ring-site C-H out-of-plane bending 18.79%; cyclic-ring out-of-plane deformation 7.01%
   42     1347.54          --                 --  mixed ring-site C-H in-plane bending / mixed-phase cyclic C-C stretching ring-site C-H in-plane bending 60.91%; mixed-phase cyclic C-C stretching 17.04%; cyclic-ring deformation (C-C-C bend) 8.13%; ring-site C-H out-of-plane bending 5.20%
   43     1398.64          --                 --  mixed ring-site C-H in-plane bending / mixed-phase cyclic C-C stretching ring-site C-H in-plane bending 50.05%; mixed-phase cyclic C-C stretching 19.01%; ring-site C-H out-of-plane bending 17.27%; cyclic C-N stretching 5.19%
   44     1416.36          --                 --  C-H bending                                                    C-H bending 93.88%; exocyclic C-C stretching 2.84%
   45     1480.77          --                 --  mixed C-H bending / ring-site C-H out-of-plane bending         C-H bending 45.88%; ring-site C-H out-of-plane bending 39.64%; ring-site C-H in-plane bending 10.31%
   46     1496.87          --                 --  mixed C-H bending / C-C torsion                                C-H bending 72.28%; C-C torsion 24.53%
   47     1498.40          --                 --  C-H bending                                                    C-H bending 82.08%; C-C torsion 10.07%; ring-site C-H out-of-plane bending 3.85%; ring-site C-H in-plane bending 3.54%
   48     1502.54          --                 --  C-H bending                                                    C-H bending 75.67%; ring-site C-H in-plane bending 9.69%; ring-site C-H out-of-plane bending 8.73%; C-C torsion 5.33%
   49     3012.97          --                 --  mixed ring-site C-H stretching / in-phase C-H stretching       ring-site C-H stretching 66.43%; in-phase C-H stretching 32.92%
   50     3017.36          --                 --  mixed in-phase C-H stretching / ring-site C-H stretching       in-phase C-H stretching 64.50%; ring-site C-H stretching 34.98%
   51     3032.31          --                 --  in-phase ring-site C-H stretching                              in-phase ring-site C-H stretching 97.42%
   52     3063.10          --                 --  mixed-phase ring-site C-H stretching                           mixed-phase ring-site C-H stretching 96.58%; C-H stretching 2.11%
   53     3074.49          --                 --  opposite-phase C-H stretching                                  opposite-phase C-H stretching 97.24%
   54     3081.15          --                 --  mixed opposite-phase ring-site C-H stretching / mixed-phase C-H stretching opposite-phase ring-site C-H stretching 55.10%; mixed-phase C-H stretching 44.20%
   55     3084.34          --                 --  mixed mixed-phase C-H stretching / opposite-phase ring-site C-H stretching mixed-phase C-H stretching 54.96%; opposite-phase ring-site C-H stretching 44.52%
   56     3100.40          --                 --  ring-site C-H stretching                                       ring-site C-H stretching 99.06%
   57     3130.68          --                 --  ring-site C-H stretching                                       ring-site C-H stretching 99.09%
   58     3159.21          --                 --  mixed-phase ring-site C-H stretching                           mixed-phase ring-site C-H stretching 99.16%
   59     3171.01          --                 --  ring-site C-H stretching                                       ring-site C-H stretching 98.79%

# Selected internal-coordinate set:
#   1  nu(C1-C2)
#   2  nu(C3-C4)
#   3  nu(C5-C6)
#   4  nu(C7-C8)
#   5  nu(C6-N9)
#   6  nu(C4-C5)
#   7  nu(C8-H20)
#   8  nu(C3-H13)
#   9  nu(C1-H11)
#  10  nu(C4-N9)
#  11  nu(C7-H18)
#  12  nu(C1-H12)
#  13  nu(C8-H19)
#  14  nu(C2-C5)
#  15  nu(C2-C3)
#  16  nu(C1-H10)
#  17  gamma(H17;C6,C5,N9)
#  18  gamma(N9;C7,C8,H18)
#  19  nu(C3-H14)
#  20  nu(C4-H15)
#  21  nu(C5-H16)
#  22  delta(C8-C7-H18)
#  23  nu(C6-H17)
#  24  delta(H19-C8-H20)
#  25  delta(H10-C1-H11)
#  26  delta(C2-C3-H13)
#  27  tau(H16-C5-C6-N9)
#  28  delta(H11-C1-H12)
#  29  delta(H10-C1-H12)
#  30  tau(H14-C3-C4-H15)
#  31  tau(C8-C2-C3-H13)
#  32  gamma(H17;C6,C7,N9)
#  33  nu(C7-N9)
#  34  delta(C2-C8-H20)
#  35  delta(C2-C8-H19)
#  36  delta(C3-C4-H15)
#  37  delta(C6-C5-H16)
#  38  tau(C5-C2-C3-H14)
#  39  delta(C2-C1-H12)
#  40  tau(H14-C3-C4-C5)
#  41  nu(C2-C8)
#  42  gamma(C4;N9,C6,C7)
#  43  delta(C2-C1-H11)
#  44  delta(C7-C8-H20)
#  45  nu(C6-C7)
#  46  delta(C4-N9-C6)
#  47  tau(H10-C1-C2-C3)
#  48  delta(C5-C2-C8)
#  49  delta(C2-C3-C4)
#  50  tau(H12-C1-C2-C8)
#  51  tau(H18-C7-N9-C4)
#  52  delta(C1-C2-C3)
#  53  tau(C1-C2-C3-C4)
#  54  tau(C5-C2-C8-H19)

Wrote: /local/scratch/mv487/qm9s/experiment_1_phase2/ped/126782/126782_summary.csv
Wrote: /local/scratch/mv487/qm9s/experiment_1_phase2/ped/126782/126782_families.csv
Wrote: /local/scratch/mv487/qm9s/experiment_1_phase2/ped/126782/126782_ped.csv
Wrote: /local/scratch/mv487/qm9s/experiment_1_phase2/ped/126782/126782_ir_transitions.csv

# All generated files are in: /local/scratch/mv487/qm9s/experiment_1_phase2/ped/126782
# Manifest: /local/scratch/mv487/qm9s/experiment_1_phase2/ped/126782/126782_manifest.txt

--- stderr ---
Normal modes/frequencies absent or incomplete: diagonalizing Hessian.
