# Contact: romi@lens.unifi.it
# Manual: https://github.com/SebRoLENS/orca-ped-analyzer/blob/main/docs/ORCA_PED_Analyzer_Manual.md
# Check GitHub for updates and new releases: https://github.com/SebRoLENS/orca-ped-analyzer
#
# Molecule: 22 atoms | non-linear
# Bonds inferred: 22 | candidate ICs: 199 | selected ICs: 60
# Cartesian-Hessian reconstruction relative error: 2.861e-05
# Energy distribution: PED (PED is the backward-compatible default; TED includes kinetic-energy terms)
# Ring/cycle bonds detected: 4 | ring atoms: 4 | ring systems: 1
# VPT2: no matching .out file supplied/found -> harmonic/PED analysis only
#
 Mode   Harm/cm-1   VPT2/cm-1  Harm.Int/km mol-1  Assignment                                                     Grouped PED
------------------------------------------------------------------------------------------------------------------------------------------------------------------------------------------------
    6       36.34          --                 --  C-C torsion                                                    C-C torsion 97.28%
    7       77.04          --                 --  C-C torsion                                                    C-C torsion 97.14%
    8      125.93          --                 --  mixed cyclic-ring torsional/out-of-plane deformation / ring-site C-H out-of-plane bending cyclic-ring torsional/out-of-plane deformation 52.22%; ring-site C-H out-of-plane bending 33.38%; C-C torsion 5.94%; C-C-C bending 3.74%
    9      163.93          --                 --  mixed C-C torsion / C-C-C bending                              C-C torsion 49.88%; C-C-C bending 22.08%; cyclic-ring torsional/out-of-plane deformation 6.35%; C-H bending 4.91%
   10      196.23          --                 --  C-C torsion                                                    C-C torsion 96.41%
   11      207.77          --                 --  mixed C-N torsion / ring-site C-H out-of-plane bending / cyclic-ring torsional/out-of-plane deformation C-N torsion 34.90%; ring-site C-H out-of-plane bending 26.75%; cyclic-ring torsional/out-of-plane deformation 22.80%; C-C-C bending 5.36%
   12      236.65          --                 --  mixed C-C torsion / cyclic-ring torsional/out-of-plane deformation C-C torsion 54.01%; cyclic-ring torsional/out-of-plane deformation 13.72%; ring-site C-H out-of-plane bending 13.19%; C-C-C bending 12.48%
   13      256.84          --                 --  mixed C-C torsion / C-C-C bending                              C-C torsion 46.06%; C-C-C bending 24.02%; C-N-C bending 8.60%; cyclic-ring out-of-plane deformation 6.68%
   14      309.85          --                 --  mixed ring-site C-H out-of-plane bending / cyclic-ring out-of-plane deformation / C-C-C bending ring-site C-H out-of-plane bending 20.98%; cyclic-ring out-of-plane deformation 18.33%; C-C-C bending 15.55%; cyclic-ring torsional/out-of-plane deformation 15.14%
   15      339.36          --                 --  mixed ring-site C-H out-of-plane bending / cyclic-ring torsional/out-of-plane deformation ring-site C-H out-of-plane bending 38.51%; cyclic-ring torsional/out-of-plane deformation 21.28%; cyclic-ring out-of-plane deformation 13.50%; O-C-C bending 8.92%
   16      413.67          --                 --  mixed C-N-C bending / C-C torsion                              C-N-C bending 31.29%; C-C torsion 16.32%; C-C-C bending 12.50%; exocyclic C-C stretching 9.96%
   17      553.22          --                 --  mixed C-C torsion / C-H bending                                C-C torsion 61.07%; C-H bending 22.25%; C-C-C bending 5.43%; ring-site C-H in-plane bending 2.99%
   18      655.92          --                 --  mixed C-H bending / ring-site C-H out-of-plane bending         C-H bending 14.87%; ring-site C-H out-of-plane bending 13.71%; C-C torsion 13.51%; cyclic-ring deformation (C-C-N bend) 13.21%
   19      668.25          --                 --  mixed cyclic-ring deformation (C-C-N bend) / in-phase cyclic C-N stretching cyclic-ring deformation (C-C-N bend) 15.82%; in-phase cyclic C-N stretching 14.33%; ring-site C-H out-of-plane bending 13.99%; C-C torsion 11.31%
   20      763.35          --                 --  mixed ring-site C-H in-plane bending / ring-site C-H out-of-plane bending ring-site C-H in-plane bending 43.16%; ring-site C-H out-of-plane bending 22.61%; C-C torsion 4.98%; C-C-C bending 4.70%
   21      808.11          --                 --  mixed C-H bending / C-C torsion                                C-H bending 60.01%; C-C torsion 29.49%; cyclic C-C stretching 3.50%; cyclic-ring deformation (C-C-N bend) 2.25%
   22      836.45          --                 --  mixed ring-site C-H in-plane bending / ring-site C-H out-of-plane bending ring-site C-H in-plane bending 31.10%; ring-site C-H out-of-plane bending 24.84%; exocyclic C-C stretching 9.89%; C-C-C bending 8.65%
   23      905.08          --                 --  mixed cyclic C-N stretching / in-phase C-C stretching / ring-site C-H in-plane bending cyclic C-N stretching 20.74%; in-phase C-C stretching 17.52%; ring-site C-H in-plane bending 17.31%; cyclic C-C stretching 11.32%
   24      922.38          --                 --  mixed mixed-phase cyclic C-C stretching / cyclic-ring deformation (C-C-N bend) mixed-phase cyclic C-C stretching 49.71%; cyclic-ring deformation (C-C-N bend) 25.43%; C-H bending 8.44%; C-C torsion 3.32%
   25      961.80          --                 --  mixed cyclic C-C stretching / C-C stretching                   cyclic C-C stretching 47.44%; C-C stretching 14.73%; C-C torsion 7.71%; ring-site C-H in-plane bending 5.80%
   26      987.56          --                 --  mixed mixed-phase cyclic C-N stretching / cyclic-ring deformation (C-C-N bend) mixed-phase cyclic C-N stretching 36.00%; cyclic-ring deformation (C-C-N bend) 24.90%; C-H bending 14.39%; cyclic C-C stretching 7.70%
   27     1010.41          --                 --  mixed C-H bending / opposite-phase C-C stretching              C-H bending 44.94%; opposite-phase C-C stretching 21.08%; C-C torsion 13.78%; in-phase cyclic C-C stretching 6.76%
   28     1046.91          --                 --  mixed ring-site C-H out-of-plane bending / C-H bending / ring-site C-H in-plane bending ring-site C-H out-of-plane bending 28.54%; C-H bending 28.14%; ring-site C-H in-plane bending 25.47%; C-C torsion 8.08%
   29     1067.92          --                 --  mixed C-H bending / in-phase C-C stretching                    C-H bending 30.77%; in-phase C-C stretching 13.64%; O-C-C bending 12.21%; mixed-phase cyclic C-N stretching 9.14%
   30     1107.48          --                 --  mixed ring-site C-H out-of-plane bending / C-H bending         ring-site C-H out-of-plane bending 39.09%; C-H bending 31.47%; ring-site C-H in-plane bending 13.74%; C-C torsion 5.52%
   31     1124.70          --                 --  mixed C-H bending / ring-site C-H in-plane bending             C-H bending 63.53%; ring-site C-H in-plane bending 16.53%; C-C torsion 6.35%; ring-site C-H out-of-plane bending 5.43%
   32     1134.26          --                 --  mixed C-H bending / mixed-phase C-C stretching                 C-H bending 36.91%; mixed-phase C-C stretching 13.42%; C-C-C bending 11.43%; exocyclic C-C stretching 9.19%
   33     1173.47          --                 --  mixed C-H bending / ring-site C-H out-of-plane bending         C-H bending 46.45%; ring-site C-H out-of-plane bending 27.54%; C-C torsion 5.71%; in-phase cyclic C-N stretching 4.80%
   34     1197.87          --                 --  mixed C-C torsion / ring-site C-H out-of-plane bending / ring-site C-H in-plane bending C-C torsion 22.58%; ring-site C-H out-of-plane bending 19.56%; ring-site C-H in-plane bending 18.95%; C-H bending 15.67%
   35     1217.47          --                 --  mixed ring-site C-H in-plane bending / C-C torsion             ring-site C-H in-plane bending 36.73%; C-C torsion 33.37%; ring-site C-H out-of-plane bending 8.71%; cyclic C-C stretching 6.20%
   36     1247.18          --                 --  mixed exocyclic C-N stretching / cyclic C-N stretching         exocyclic C-N stretching 30.59%; cyclic C-N stretching 19.96%; ring-site C-H in-plane bending 12.87%; C-C out-of-plane bending 12.42%
   37     1268.48          --                 --  mixed ring-site C-H in-plane bending / C-C torsion             ring-site C-H in-plane bending 42.19%; C-C torsion 23.56%; ring-site C-H out-of-plane bending 14.83%; C-H bending 12.58%
   38     1273.66          --                 --  mixed C-H bending / ring-site C-H in-plane bending             C-H bending 32.44%; ring-site C-H in-plane bending 22.33%; C-C out-of-plane bending 12.40%; opposite-phase cyclic C-N stretching 12.26%
   39     1284.88          --                 --  C-H bending                                                    C-H bending 72.95%; C-C torsion 16.84%; cyclic C-N stretching 3.50%
   40     1342.07          --                 --  mixed C-C out-of-plane bending / ring-site C-H out-of-plane bending C-C out-of-plane bending 57.30%; ring-site C-H out-of-plane bending 17.40%; ring-site C-H in-plane bending 12.09%; cyclic C-C stretching 3.27%
   41     1354.30          --                 --  C-H bending                                                    C-H bending 80.41%; C-C torsion 4.49%; opposite-phase C-C stretching 4.15%; ring-site C-H in-plane bending 3.23%
   42     1381.44          --                 --  C-H bending                                                    C-H bending 73.88%; mixed-phase C-C stretching 8.81%; exocyclic C-C stretching 5.12%; C-C torsion 2.91%
   43     1422.03          --                 --  C-H bending                                                    C-H bending 92.06%; C-C stretching 7.00%
   44     1450.27          --                 --  C-H bending                                                    C-H bending 96.04%
   45     1456.19          --                 --  C-H bending                                                    C-H bending 90.05%; C-C torsion 8.64%
   46     1483.19          --                 --  C-H bending                                                    C-H bending 97.62%
   47     1489.94          --                 --  mixed ring-site C-H in-plane bending / ring-site C-H out-of-plane bending ring-site C-H in-plane bending 50.88%; ring-site C-H out-of-plane bending 31.83%; C-H bending 13.21%; in-phase cyclic C-C stretching 2.06%
   48     1497.11          --                 --  mixed C-C torsion / C-H bending                                C-C torsion 76.63%; C-H bending 22.51%
   49     1503.31          --                 --  mixed C-C torsion / C-H bending                                C-C torsion 74.43%; C-H bending 24.26%
   50     1516.68          --                 --  C-H bending                                                    C-H bending 98.86%
   51     1527.48          --                 --  mixed C-H bending / ring-site C-H out-of-plane bending         C-H bending 63.50%; ring-site C-H out-of-plane bending 28.61%; ring-site C-H in-plane bending 5.44%
   52     1771.23          --                 --  C-O stretching                                                 C-O stretching 77.04%; C-C-C bending 8.10%; C-H bending 5.87%; C-C stretching 2.71%
   53     2991.51          --                 --  mixed C-H stretching / ring-site C-H stretching                C-H stretching 60.01%; ring-site C-H stretching 39.44%
   54     2995.65          --                 --  mixed ring-site C-H stretching / C-H stretching                ring-site C-H stretching 61.25%; C-H stretching 38.00%
   55     3007.05          --                 --  C-H stretching                                                 C-H stretching 83.03%; ring-site C-H stretching 16.23%
   56     3019.75          --                 --  ring-site C-H stretching                                       ring-site C-H stretching 80.98%; in-phase C-H stretching 18.14%
   57     3031.96          --                 --  opposite-phase C-H stretching                                  opposite-phase C-H stretching 97.85%
   58     3045.32          --                 --  in-phase C-H stretching                                        in-phase C-H stretching 97.80%
   59     3046.33          --                 --  mixed-phase ring-site C-H stretching                           mixed-phase ring-site C-H stretching 96.53%; C-H stretching 2.53%
   60     3055.54          --                 --  mixed-phase C-H stretching                                     mixed-phase C-H stretching 98.64%
   61     3081.08          --                 --  opposite-phase C-H stretching                                  opposite-phase C-H stretching 99.19%
   62     3083.19          --                 --  in-phase ring-site C-H stretching                              in-phase ring-site C-H stretching 99.02%
   63     3106.84          --                 --  opposite-phase C-H stretching                                  opposite-phase C-H stretching 99.57%
   64     3117.19          --                 --  mixed-phase C-H stretching                                     mixed-phase C-H stretching 99.57%
   65     3137.72          --                 --  opposite-phase ring-site C-H stretching                        opposite-phase ring-site C-H stretching 98.97%

# Selected internal-coordinate set:
#   1  nu(C1-C2)
#   2  nu(C3-C5)
#   3  nu(C6-C7)
#   4  nu(N8-C9)
#   5  nu(C9-H22)
#   6  nu(C5-H15)
#   7  nu(C1-H10)
#   8  nu(C2-H13)
#   9  nu(C7-H19)
#  10  nu(C6-H16)
#  11  nu(C9-H21)
#  12  nu(C2-H14)
#  13  nu(C3-O4)
#  14  nu(C1-H12)
#  15  tau(O4-C3-C5-H15)
#  16  tau(H16-C6-C7-H19)
#  17  nu(C1-H11)
#  18  nu(C9-H20)
#  19  tau(C2-C3-C5-H15)
#  20  nu(C7-H18)
#  21  nu(C6-H17)
#  22  gamma(C7;N8,C5,C9)
#  23  gamma(C6;C7,H18,H19)
#  24  tau(H11-C1-C2-H14)
#  25  tau(H12-C1-C2-H13)
#  26  nu(C5-N8)
#  27  delta(O4-C3-C5)
#  28  delta(H20-C9-H22)
#  29  delta(C2-C1-H10)
#  30  delta(H20-C9-H21)
#  31  tau(H17-C6-C7-H18)
#  32  delta(H21-C9-H22)
#  33  delta(C2-C1-H11)
#  34  delta(C2-C1-H12)
#  35  delta(C3-C5-H15)
#  36  delta(H18-C7-H19)
#  37  tau(H10-C1-C2-C3)
#  38  delta(C7-C6-H16)
#  39  delta(C7-C6-H17)
#  40  delta(C1-C2-H13)
#  41  delta(C1-C2-H14)
#  42  delta(C5-N8-C9)
#  43  nu(C5-C6)
#  44  delta(H13-C2-H14)
#  45  delta(N8-C9-H20)
#  46  nu(C2-C3)
#  47  delta(C6-C7-H19)
#  48  delta(C5-C6-H16)
#  49  delta(N8-C9-H22)
#  50  delta(C6-C7-N8)
#  51  delta(C3-C2-H14)
#  52  tau(C5-N8-C9-H22)
#  53  nu(C7-N8)
#  54  tau(C1-C2-C3-C5)
#  55  delta(C2-C3-C5)
#  56  delta(C1-C2-C3)
#  57  delta(C3-C5-C6)
#  58  tau(C2-C3-C5-N8)
#  59  tau(C3-C5-C6-C7)
#  60  tau(C5-C6-C7-N8)

Wrote: /local/scratch/mv487/qm9s/experiment_1_phase2/ped/91296/91296_summary.csv
Wrote: /local/scratch/mv487/qm9s/experiment_1_phase2/ped/91296/91296_families.csv
Wrote: /local/scratch/mv487/qm9s/experiment_1_phase2/ped/91296/91296_ped.csv
Wrote: /local/scratch/mv487/qm9s/experiment_1_phase2/ped/91296/91296_ir_transitions.csv

# All generated files are in: /local/scratch/mv487/qm9s/experiment_1_phase2/ped/91296
# Manifest: /local/scratch/mv487/qm9s/experiment_1_phase2/ped/91296/91296_manifest.txt

--- stderr ---
Normal modes/frequencies absent or incomplete: diagonalizing Hessian.
