# Contact: romi@lens.unifi.it
# Manual: https://github.com/SebRoLENS/orca-ped-analyzer/blob/main/docs/ORCA_PED_Analyzer_Manual.md
# Check GitHub for updates and new releases: https://github.com/SebRoLENS/orca-ped-analyzer
#
# Molecule: 14 atoms | non-linear
# Bonds inferred: 14 | candidate ICs: 93 | selected ICs: 36
# Cartesian-Hessian reconstruction relative error: 2.156e-05
# Energy distribution: PED (PED is the backward-compatible default; TED includes kinetic-energy terms)
# Ring/cycle bonds detected: 5 | ring atoms: 5 | ring systems: 1
# VPT2: no matching .out file supplied/found -> harmonic/PED analysis only
#
 Mode   Harm/cm-1   VPT2/cm-1  Harm.Int/km mol-1  Assignment                                                     Grouped PED
------------------------------------------------------------------------------------------------------------------------------------------------------------------------------------------------
    6       73.15          --                 --  C-N torsion                                                    C-N torsion 93.38%; cyclic-ring torsional/out-of-plane deformation 5.43%
    7      139.85          --                 --  mixed C-N torsion / cyclic-ring torsional/out-of-plane deformation C-N torsion 65.35%; cyclic-ring torsional/out-of-plane deformation 33.88%
    8      207.41          --                 --  mixed C-N torsion / cyclic-ring torsional/out-of-plane deformation C-N torsion 54.31%; cyclic-ring torsional/out-of-plane deformation 24.52%; ring-site C-H out-of-plane bending 18.02%; cyclic-ring out-of-plane deformation 2.64%
    9      221.30          --                 --  mixed C-N-C bending / N-C-N bending                            C-N-C bending 63.70%; N-C-N bending 20.15%; N-C-O bending 5.04%; cyclic-ring deformation (C-N-C bend) 2.80%
   10      352.92          --                 --  ring-site C-H out-of-plane bending                             ring-site C-H out-of-plane bending 86.71%; C-N torsion 6.44%; ring-site C-H in-plane bending 3.92%; cyclic-ring out-of-plane deformation 2.05%
   11      471.77          --                 --  mixed N-C-O bending / N-C-N bending                            N-C-O bending 44.86%; N-C-N bending 19.56%; cyclic C-C stretching 8.85%; cyclic-ring deformation (C-N-C bend) 8.21%
   12      486.94          --                 --  mixed cyclic-ring deformation (C-N-C bend) / C-N-C bending / N-C-N bending cyclic-ring deformation (C-N-C bend) 34.41%; C-N-C bending 18.13%; N-C-N bending 16.74%; exocyclic C-N stretching 10.86%
   13      657.09          --                 --  ring-site C-H out-of-plane bending                             ring-site C-H out-of-plane bending 77.43%; cyclic-ring out-of-plane deformation 11.70%; ring-site C-H in-plane bending 5.79%; C-N torsion 4.42%
   14      709.58          --                 --  mixed cyclic-ring deformation (C-C-C bend) / cyclic C-N stretching cyclic-ring deformation (C-C-C bend) 40.08%; cyclic C-N stretching 23.38%; cyclic-ring deformation (C-N-C bend) 11.49%; ring-site C-H in-plane bending 6.93%
   15      729.25          --                 --  mixed N-C-N bending / cyclic C-C stretching                    N-C-N bending 27.48%; cyclic C-C stretching 27.11%; cyclic-ring deformation (C-N-C bend) 13.47%; exocyclic C-N stretching 8.07%
   16      796.96          --                 --  mixed ring-site C-H out-of-plane bending / C-N torsion         ring-site C-H out-of-plane bending 47.89%; C-N torsion 42.56%; cyclic-ring out-of-plane deformation 7.83%
   17      808.01          --                 --  mixed cyclic C-N stretching / cyclic-ring deformation (C-C-C bend) cyclic C-N stretching 39.05%; cyclic-ring deformation (C-C-C bend) 33.86%; ring-site C-H out-of-plane bending 9.03%; ring-site C-H in-plane bending 7.02%
   18      819.25          --                 --  mixed C-N torsion / ring-site C-H out-of-plane bending         C-N torsion 52.73%; ring-site C-H out-of-plane bending 32.29%; cyclic-ring out-of-plane deformation 11.23%; cyclic-ring torsional/out-of-plane deformation 2.84%
   19      961.18          --                 --  ring-site C-H out-of-plane bending                             ring-site C-H out-of-plane bending 98.96%
   20      976.11          --                 --  mixed cyclic C-C stretching / ring-site C-H in-plane bending   cyclic C-C stretching 59.30%; ring-site C-H in-plane bending 15.61%; cyclic-ring deformation (C-N-C bend) 8.24%; ring-site C-H out-of-plane bending 6.92%
   21     1017.21          --                 --  mixed ring-site C-H out-of-plane bending / ring-site C-H in-plane bending ring-site C-H out-of-plane bending 60.98%; ring-site C-H in-plane bending 35.33%; C-N torsion 2.93%
   22     1062.58          --                 --  mixed cyclic C-C stretching / ring-site C-H in-plane bending   cyclic C-C stretching 25.27%; ring-site C-H in-plane bending 25.07%; N-H bending 11.77%; cyclic-ring deformation (C-C-C bend) 8.59%
   23     1063.88          --                 --  C-N torsion                                                    C-N torsion 99.45%
   24     1130.22          --                 --  mixed ring-site C-H in-plane bending / mixed-phase cyclic C-C stretching ring-site C-H in-plane bending 59.13%; mixed-phase cyclic C-C stretching 14.08%; N-H bending 11.88%; exocyclic C-N stretching 5.16%
   25     1161.29          --                 --  mixed opposite-phase cyclic C-N stretching / cyclic-ring deformation (C-C-C bend) opposite-phase cyclic C-N stretching 37.64%; cyclic-ring deformation (C-C-C bend) 15.05%; cyclic C-C stretching 13.89%; N-H bending 11.45%
   26     1199.73          --                 --  mixed ring-site C-H in-plane bending / ring-site C-H out-of-plane bending ring-site C-H in-plane bending 58.75%; ring-site C-H out-of-plane bending 40.38%
   27     1235.33          --                 --  mixed cyclic C-N stretching / cyclic-ring deformation (C-N-C bend) cyclic C-N stretching 36.81%; cyclic-ring deformation (C-N-C bend) 15.26%; N-H bending 12.03%; exocyclic C-N stretching 8.56%
   28     1305.85          --                 --  mixed ring-site C-H out-of-plane bending / ring-site C-H in-plane bending ring-site C-H out-of-plane bending 33.85%; ring-site C-H in-plane bending 24.60%; N-H bending 12.04%; exocyclic C-N stretching 9.61%
   29     1361.15          --                 --  mixed ring-site C-H in-plane bending / opposite-phase cyclic C-C stretching ring-site C-H in-plane bending 57.65%; opposite-phase cyclic C-C stretching 20.40%; cyclic-ring deformation (C-C-C bend) 12.49%; cyclic C-N stretching 3.13%
   30     1401.63          --                 --  mixed ring-site C-H out-of-plane bending / ring-site C-H in-plane bending ring-site C-H out-of-plane bending 35.09%; ring-site C-H in-plane bending 16.39%; cyclic-ring deformation (C-N-C bend) 14.04%; exocyclic C-N stretching 11.09%
   31     1443.42          --                 --  mixed C-H bending / C-N stretching                             C-H bending 68.97%; C-N stretching 16.41%; N-H bending 8.79%; N-C-N bending 2.28%
   32     1493.81          --                 --  mixed ring-site C-H out-of-plane bending / ring-site C-H in-plane bending ring-site C-H out-of-plane bending 72.97%; ring-site C-H in-plane bending 22.31%; cyclic C-N stretching 2.38%
   33     1662.87          --                 --  cyclic C-C stretching                                          cyclic C-C stretching 81.52%; ring-site C-H in-plane bending 11.75%; cyclic-ring deformation (C-C-C bend) 4.17%
   34     1699.87          --                 --  mixed C-N stretching / C-H bending                             C-N stretching 62.90%; C-H bending 13.08%; exocyclic C-O stretching 10.63%; exocyclic C-N stretching 7.92%
   35     1815.20          --                 --  mixed exocyclic C-O stretching / cyclic C-C stretching         exocyclic C-O stretching 68.77%; cyclic C-C stretching 6.28%; cyclic-ring deformation (C-N-C bend) 6.18%; C-N stretching 5.89%
   36     3007.40          --                 --  mixed in-phase ring-site C-H stretching / C-H stretching       in-phase ring-site C-H stretching 65.43%; C-H stretching 33.70%
   37     3017.77          --                 --  mixed C-H stretching / in-phase ring-site C-H stretching       C-H stretching 65.92%; in-phase ring-site C-H stretching 32.86%
   38     3036.61          --                 --  opposite-phase ring-site C-H stretching                        opposite-phase ring-site C-H stretching 99.55%
   39     3216.20          --                 --  mixed-phase ring-site C-H stretching                           mixed-phase ring-site C-H stretching 99.01%
   40     3246.49          --                 --  ring-site C-H stretching                                       ring-site C-H stretching 98.24%
   41     3496.51          --                 --  N-H stretching                                                 N-H stretching 99.60%

# Selected internal-coordinate set:
#   1  nu(N1-C2)
#   2  nu(N3-C4)
#   3  nu(C5-C6)
#   4  nu(C7-O8)
#   5  nu(N1-H9)
#   6  nu(C4-H11)
#   7  nu(C4-H12)
#   8  tau(H13-C5-C6-H14)
#   9  tau(H9-N1-C2-H10)
#  10  tau(H9-N1-C2-N3)
#  11  nu(C2-H10)
#  12  nu(C5-H13)
#  13  nu(C6-H14)
#  14  gamma(N3;C7,C6,O8)
#  15  nu(N3-C7)
#  16  delta(C5-C6-H14)
#  17  delta(N1-C2-H10)
#  18  gamma(H12;C4,N3,H11)
#  19  delta(N3-C7-O8)
#  20  tau(C4-C5-C6-H14)
#  21  delta(N3-C4-H11)
#  22  delta(C4-C5-H13)
#  23  delta(C2-N1-H9)
#  24  tau(H10-C2-N3-C7)
#  25  tau(H12-C4-C5-C6)
#  26  nu(C2-N3)
#  27  nu(C4-C5)
#  28  nu(C6-C7)
#  29  tau(N1-C2-N3-C4)
#  30  delta(N1-C2-N3)
#  31  delta(C5-C4-H12)
#  32  delta(C5-C6-C7)
#  33  tau(H13-C5-C6-C7)
#  34  delta(C4-N3-C7)
#  35  delta(C2-N3-C4)
#  36  tau(C2-N3-C4-C5)

Wrote: /local/scratch/mv487/qm9s/experiment_1_phase2/ped/14170/14170_summary.csv
Wrote: /local/scratch/mv487/qm9s/experiment_1_phase2/ped/14170/14170_families.csv
Wrote: /local/scratch/mv487/qm9s/experiment_1_phase2/ped/14170/14170_ped.csv
Wrote: /local/scratch/mv487/qm9s/experiment_1_phase2/ped/14170/14170_ir_transitions.csv

# All generated files are in: /local/scratch/mv487/qm9s/experiment_1_phase2/ped/14170
# Manifest: /local/scratch/mv487/qm9s/experiment_1_phase2/ped/14170/14170_manifest.txt

--- stderr ---
Normal modes/frequencies absent or incomplete: diagonalizing Hessian.
