# Contact: romi@lens.unifi.it
# Manual: https://github.com/SebRoLENS/orca-ped-analyzer/blob/main/docs/ORCA_PED_Analyzer_Manual.md
# Check GitHub for updates and new releases: https://github.com/SebRoLENS/orca-ped-analyzer
#
# Molecule: 15 atoms | non-linear
# Bonds inferred: 15 | candidate ICs: 93 | selected ICs: 39
# Cartesian-Hessian reconstruction relative error: 1.415e-05
# Energy distribution: PED (PED is the backward-compatible default; TED includes kinetic-energy terms)
# Ring/cycle bonds detected: 5 | ring atoms: 5 | ring systems: 1
# VPT2: no matching .out file supplied/found -> harmonic/PED analysis only
#
 Mode   Harm/cm-1   VPT2/cm-1  Harm.Int/km mol-1  Assignment                                                     Grouped PED
------------------------------------------------------------------------------------------------------------------------------------------------------------------------------------------------
    6       24.64          --                 --  C-N torsion                                                    C-N torsion 94.08%; C-H bending 2.72%
    7       50.39          --                 --  C-C torsion                                                    C-C torsion 82.29%; C-H bending 3.89%; cyclic-ring torsional/out-of-plane deformation 3.28%; ring-site C-H out-of-plane bending 2.79%
    8      122.43          --                 --  mixed C-N torsion / N-C-C bending / cyclic-ring torsional/out-of-plane deformation C-N torsion 34.34%; N-C-C bending 28.58%; cyclic-ring torsional/out-of-plane deformation 26.94%; C-H bending 3.92%
    9      230.16          --                 --  mixed C-N torsion / C-N-C bending                              C-N torsion 32.83%; C-N-C bending 28.79%; cyclic-ring torsional/out-of-plane deformation 10.99%; C-C-O bending 10.57%
   10      264.41          --                 --  C-N torsion                                                    C-N torsion 77.67%; C-N-C bending 5.05%; cyclic-ring torsional/out-of-plane deformation 4.96%; N-H bending 3.27%
   11      333.12          --                 --  mixed C-C-O bending / C-N torsion                              C-C-O bending 36.15%; C-N torsion 23.31%; C-H bending 12.56%; C-N-C bending 11.48%
   12      425.15          --                 --  mixed N-C-C bending / C-N torsion / cyclic-ring torsional/out-of-plane deformation N-C-C bending 29.45%; C-N torsion 18.34%; cyclic-ring torsional/out-of-plane deformation 15.46%; exocyclic C-C stretching 7.19%
   13      532.06          --                 --  C-N torsion                                                    C-N torsion 93.61%
   14      639.69          --                 --  mixed ring-site C-H out-of-plane bending / cyclic-ring torsional/out-of-plane deformation ring-site C-H out-of-plane bending 37.96%; cyclic-ring torsional/out-of-plane deformation 36.32%; exocyclic C-C stretching 10.23%; cyclic-ring deformation (C-O-C bend) 4.63%
   15      660.93          --                 --  mixed ring-site C-H out-of-plane bending / cyclic-ring torsional/out-of-plane deformation ring-site C-H out-of-plane bending 72.94%; cyclic-ring torsional/out-of-plane deformation 26.78%
   16      731.04          --                 --  mixed O-C-N bending / C-H bending                              O-C-N bending 25.24%; C-H bending 20.58%; N-C-C bending 11.17%; ring-site C-H out-of-plane bending 10.03%
   17      780.00          --                 --  mixed ring-site C-H out-of-plane bending / N-C-C bending / O-C-N bending ring-site C-H out-of-plane bending 21.17%; N-C-C bending 15.10%; O-C-N bending 15.07%; C-H bending 11.46%
   18      834.37          --                 --  ring-site C-H out-of-plane bending                             ring-site C-H out-of-plane bending 99.88%
   19      869.16          --                 --  ring-site C-H out-of-plane bending                             ring-site C-H out-of-plane bending 84.43%; cyclic-ring torsional/out-of-plane deformation 10.99%
   20      935.58          --                 --  mixed cyclic-ring deformation (C-N-C bend) / mixed-phase cyclic C-O stretching cyclic-ring deformation (C-N-C bend) 53.44%; mixed-phase cyclic C-O stretching 23.89%; ring-site C-H in-plane bending 10.14%; C-H bending 2.83%
   21      942.76          --                 --  mixed C-N stretching / C-H bending / cyclic-ring deformation (C-N-C bend) C-N stretching 26.99%; C-H bending 17.57%; cyclic-ring deformation (C-N-C bend) 15.23%; cyclic-ring deformation (C-O-C bend) 11.36%
   22      964.81          --                 --  mixed cyclic-ring deformation (C-O-C bend) / cyclic C-O stretching / C-N stretching cyclic-ring deformation (C-O-C bend) 49.60%; cyclic C-O stretching 17.65%; C-N stretching 16.54%; C-H bending 4.00%
   23     1020.44          --                 --  mixed C-N out-of-plane bending / C-N torsion                   C-N out-of-plane bending 69.94%; C-N torsion 20.81%; C-N stretching 3.59%; C-H bending 2.18%
   24     1030.98          --                 --  mixed C-H bending / C-N out-of-plane bending                   C-H bending 27.16%; C-N out-of-plane bending 13.14%; C-N stretching 13.09%; cyclic-ring deformation (C-O-C bend) 8.40%
   25     1105.26          --                 --  mixed mixed-phase cyclic C-O stretching / cyclic-ring deformation (C-N-C bend) mixed-phase cyclic C-O stretching 69.88%; cyclic-ring deformation (C-N-C bend) 18.11%; cyclic C-N stretching 6.93%
   26     1117.71          --                 --  mixed cyclic C-N stretching / opposite-phase cyclic C-O stretching cyclic C-N stretching 66.18%; opposite-phase cyclic C-O stretching 14.61%; ring-site C-H in-plane bending 10.48%; cyclic-ring deformation (C-N-C bend) 5.33%
   27     1197.47          --                 --  mixed opposite-phase C-N stretching / N-H bending              opposite-phase C-N stretching 56.44%; N-H bending 21.38%; O-C-N bending 9.13%; C-H bending 6.59%
   28     1217.68          --                 --  mixed C-H bending / cyclic C-O stretching / exocyclic C-C stretching C-H bending 28.01%; cyclic C-O stretching 21.57%; exocyclic C-C stretching 17.74%; cyclic C-C stretching 8.55%
   29     1251.95          --                 --  mixed ring-site C-H in-plane bending / C-H bending             ring-site C-H in-plane bending 49.72%; C-H bending 20.88%; cyclic C-N stretching 14.58%; exocyclic C-C stretching 6.19%
   30     1292.47          --                 --  mixed C-H bending / ring-site C-H in-plane bending             C-H bending 54.66%; ring-site C-H in-plane bending 34.07%; opposite-phase cyclic C-N stretching 3.20%; N-H bending 2.49%
   31     1358.59          --                 --  mixed ring-site C-H in-plane bending / opposite-phase cyclic C-N stretching / C-H bending ring-site C-H in-plane bending 26.87%; opposite-phase cyclic C-N stretching 26.75%; C-H bending 21.15%; cyclic C-O stretching 16.28%
   32     1387.07          --                 --  C-H bending                                                    C-H bending 89.92%; exocyclic C-C stretching 4.00%
   33     1425.22          --                 --  C-H bending                                                    C-H bending 88.04%; C-O stretching 7.57%; C-N stretching 2.08%
   34     1470.83          --                 --  C-H bending                                                    C-H bending 93.12%; C-N torsion 3.11%
   35     1530.30          --                 --  mixed N-H bending / mixed-phase C-N stretching / C-H bending   N-H bending 47.60%; mixed-phase C-N stretching 23.67%; C-H bending 17.81%; cyclic C-N stretching 4.61%
   36     1543.79          --                 --  mixed cyclic C-N stretching / ring-site C-H in-plane bending   cyclic C-N stretching 53.30%; ring-site C-H in-plane bending 13.78%; cyclic-ring deformation (C-O-C bend) 11.64%; C-H bending 4.97%
   37     1636.85          --                 --  mixed cyclic C-C stretching / exocyclic C-C stretching         cyclic C-C stretching 53.11%; exocyclic C-C stretching 12.47%; cyclic C-N stretching 8.39%; ring-site C-H in-plane bending 6.78%
   38     1772.19          --                 --  C-O stretching                                                 C-O stretching 78.37%; C-H bending 8.89%; C-N stretching 8.62%
   39     2955.26          --                 --  C-H stretching                                                 C-H stretching 98.67%
   40     3049.73          --                 --  C-H stretching                                                 C-H stretching 99.40%
   41     3130.27          --                 --  mixed-phase C-H stretching                                     mixed-phase C-H stretching 99.32%
   42     3266.13          --                 --  mixed-phase ring-site C-H stretching                           mixed-phase ring-site C-H stretching 99.08%
   43     3273.09          --                 --  ring-site C-H stretching                                       ring-site C-H stretching 98.56%
   44     3622.58          --                 --  N-H stretching                                                 N-H stretching 99.51%

# Selected internal-coordinate set:
#   1  nu(O1-C2)
#   2  nu(N3-C4)
#   3  nu(C5-C6)
#   4  nu(N7-C8)
#   5  nu(C4-H12)
#   6  nu(C5-O9)
#   7  nu(C6-N7)
#   8  nu(N3-H11)
#   9  nu(C8-O9)
#  10  nu(C4-H13)
#  11  nu(C2-H10)
#  12  tau(O9-C5-C6-N7)
#  13  gamma(N3;C2,O1,H10)
#  14  gamma(H15;C8,N7,O9)
#  15  tau(O9-C5-C6-H14)
#  16  tau(H11-N3-C4-H12)
#  17  nu(C8-H15)
#  18  nu(C6-H14)
#  19  delta(O1-C2-H10)
#  20  delta(N3-C4-H13)
#  21  tau(C4-C5-C6-N7)
#  22  delta(H12-C4-H13)
#  23  delta(N3-C4-H12)
#  24  delta(C5-C6-H14)
#  25  delta(C4-N3-H11)
#  26  delta(O9-C8-H15)
#  27  delta(C5-O9-C8)
#  28  tau(C2-N3-C4-H13)
#  29  delta(O1-C2-N3)
#  30  nu(C2-N3)
#  31  delta(C6-N7-C8)
#  32  tau(H15-C8-O9-C5)
#  33  tau(H10-C2-N3-C4)
#  34  nu(C4-C5)
#  35  delta(C4-C5-O9)
#  36  delta(C2-N3-C4)
#  37  delta(C5-C4-H12)
#  38  tau(H12-C4-C5-O9)
#  39  delta(N3-C4-C5)

Wrote: /local/scratch/mv487/qm9s/experiment_1_phase2/ped/23423/23423_summary.csv
Wrote: /local/scratch/mv487/qm9s/experiment_1_phase2/ped/23423/23423_families.csv
Wrote: /local/scratch/mv487/qm9s/experiment_1_phase2/ped/23423/23423_ped.csv
Wrote: /local/scratch/mv487/qm9s/experiment_1_phase2/ped/23423/23423_ir_transitions.csv

# All generated files are in: /local/scratch/mv487/qm9s/experiment_1_phase2/ped/23423
# Manifest: /local/scratch/mv487/qm9s/experiment_1_phase2/ped/23423/23423_manifest.txt

--- stderr ---
Normal modes/frequencies absent or incomplete: diagonalizing Hessian.
