# Contact: romi@lens.unifi.it
# Manual: https://github.com/SebRoLENS/orca-ped-analyzer/blob/main/docs/ORCA_PED_Analyzer_Manual.md
# Check GitHub for updates and new releases: https://github.com/SebRoLENS/orca-ped-analyzer
#
# Molecule: 22 atoms | non-linear
# Bonds inferred: 23 | candidate ICs: 222 | selected ICs: 60
# Cartesian-Hessian reconstruction relative error: 5.612e-05
# Energy distribution: PED (PED is the backward-compatible default; TED includes kinetic-energy terms)
# Ring/cycle bonds detected: 8 | ring atoms: 7 | ring systems: 1
# VPT2: no matching .out file supplied/found -> harmonic/PED analysis only
#
 Mode   Harm/cm-1   VPT2/cm-1  Harm.Int/km mol-1  Assignment                                                     Grouped PED
------------------------------------------------------------------------------------------------------------------------------------------------------------------------------------------------
    6      109.32          --                 --  mixed ring-site C-H out-of-plane bending / cyclic-ring torsional/out-of-plane deformation ring-site C-H out-of-plane bending 52.56%; cyclic-ring torsional/out-of-plane deformation 36.11%; cyclic-ring deformation (C-O-C bend) 4.74%; cyclic-ring deformation (C-C-O bend) 2.30%
    7      205.32          --                 --  C-C torsion                                                    C-C torsion 79.59%; cyclic-ring deformation (C-N-C bend) 4.66%; C-C-N bending 4.35%; ring-site C-H out-of-plane bending 3.71%
    8      214.45          --                 --  C-C torsion                                                    C-C torsion 97.96%
    9      251.76          --                 --  C-C torsion                                                    C-C torsion 98.36%
   10      263.69          --                 --  mixed ring-site C-H out-of-plane bending / cyclic-ring deformation (C-C-O bend) ring-site C-H out-of-plane bending 51.85%; cyclic-ring deformation (C-C-O bend) 17.78%; cyclic-ring deformation (C-O-C bend) 8.26%; cyclic-ring torsional/out-of-plane deformation 6.28%
   11      320.93          --                 --  mixed C-C torsion / C-C-C bending                              C-C torsion 27.35%; C-C-C bending 24.86%; ring-site C-H out-of-plane bending 13.05%; cyclic-ring deformation (C-C-C bend) 9.19%
   12      331.63          --                 --  mixed ring-site C-H out-of-plane bending / cyclic-ring torsional/out-of-plane deformation / C-C-C bending ring-site C-H out-of-plane bending 29.00%; cyclic-ring torsional/out-of-plane deformation 22.32%; C-C-C bending 19.46%; C-C torsion 15.48%
   13      389.41          --                 --  mixed C-C torsion / cyclic-ring deformation (C-C-C bend)       C-C torsion 28.62%; cyclic-ring deformation (C-C-C bend) 20.49%; C-C-N bending 12.47%; C-C-C bending 11.55%
   14      415.23          --                 --  mixed ring-site C-H out-of-plane bending / C-C torsion         ring-site C-H out-of-plane bending 65.02%; C-C torsion 12.42%; cyclic-ring deformation (C-O-C bend) 5.08%; cyclic-ring deformation (C-C-C bend) 4.91%
   15      464.20          --                 --  mixed cyclic-ring deformation (C-O-C bend) / cyclic-ring torsional/out-of-plane deformation / cyclic-ring deformation (C-C-O bend) cyclic-ring deformation (C-O-C bend) 29.24%; cyclic-ring torsional/out-of-plane deformation 17.93%; cyclic-ring deformation (C-C-O bend) 16.23%; ring-site C-H out-of-plane bending 6.42%
   16      492.42          --                 --  mixed ring-site C-H out-of-plane bending / cyclic-ring deformation (C-N-C bend) ring-site C-H out-of-plane bending 35.03%; cyclic-ring deformation (C-N-C bend) 13.10%; C-C-N bending 11.80%; C-C torsion 11.48%
   17      525.54          --                 --  mixed cyclic-ring deformation (C-C-O bend) / ring-site C-H out-of-plane bending cyclic-ring deformation (C-C-O bend) 39.94%; ring-site C-H out-of-plane bending 16.59%; ring-site C-H in-plane bending 8.88%; C-C-C bending 8.20%
   18      668.63          --                 --  mixed cyclic C-N stretching / opposite-phase cyclic C-C stretching cyclic C-N stretching 35.92%; opposite-phase cyclic C-C stretching 9.79%; ring-site C-H out-of-plane bending 8.74%; cyclic-ring deformation (C-C-O bend) 8.57%
   19      700.51          --                 --  mixed cyclic-ring torsional/out-of-plane deformation / cyclic-ring out-of-plane deformation cyclic-ring torsional/out-of-plane deformation 24.88%; cyclic-ring out-of-plane deformation 11.90%; ring-site C-H in-plane bending 8.34%; cyclic-ring deformation (C-C-O bend) 8.30%
   20      811.86          --                 --  mixed cyclic C-C stretching / cyclic-ring out-of-plane deformation cyclic C-C stretching 26.51%; cyclic-ring out-of-plane deformation 12.72%; mixed-phase cyclic C-N stretching 12.21%; ring-site C-H out-of-plane bending 9.12%
   21      832.49          --                 --  mixed cyclic-ring deformation (C-C-O bend) / ring-site C-H in-plane bending cyclic-ring deformation (C-C-O bend) 21.20%; ring-site C-H in-plane bending 19.59%; cyclic C-C stretching 11.29%; C-H bending 11.02%
   22      907.62          --                 --  mixed C-H bending / ring-site C-H out-of-plane bending         C-H bending 20.98%; ring-site C-H out-of-plane bending 17.23%; mixed-phase cyclic C-C stretching 12.75%; cyclic-ring deformation (C-C-O bend) 9.90%
   23      911.37          --                 --  mixed cyclic-ring out-of-plane deformation / ring-site C-H out-of-plane bending cyclic-ring out-of-plane deformation 33.15%; ring-site C-H out-of-plane bending 32.39%; cyclic C-N stretching 11.32%; ring-site C-H in-plane bending 7.19%
   24      941.06          --                 --  mixed in-phase cyclic C-O stretching / ring-site C-H out-of-plane bending in-phase cyclic C-O stretching 23.06%; ring-site C-H out-of-plane bending 18.44%; cyclic-ring out-of-plane deformation 13.01%; C-H bending 12.05%
   25      948.78          --                 --  mixed C-H bending / C-C torsion                                C-H bending 36.00%; C-C torsion 14.23%; opposite-phase exocyclic C-C stretching 10.64%; ring-site C-H out-of-plane bending 10.59%
   26      956.95          --                 --  mixed C-H bending / in-phase cyclic C-O stretching             C-H bending 26.70%; in-phase cyclic C-O stretching 15.23%; ring-site C-H in-plane bending 14.85%; C-C torsion 9.19%
   27      999.34          --                 --  mixed ring-site C-H out-of-plane bending / ring-site C-H in-plane bending / C-H bending ring-site C-H out-of-plane bending 34.64%; ring-site C-H in-plane bending 20.01%; C-H bending 19.01%; C-C torsion 7.97%
   28     1024.76          --                 --  mixed ring-site C-H out-of-plane bending / ring-site C-H in-plane bending / C-H bending ring-site C-H out-of-plane bending 23.96%; ring-site C-H in-plane bending 17.17%; C-H bending 15.23%; mixed-phase cyclic C-N stretching 10.10%
   29     1047.84          --                 --  mixed C-H bending / ring-site C-H in-plane bending / C-C torsion C-H bending 43.57%; ring-site C-H in-plane bending 17.39%; C-C torsion 17.11%; ring-site C-H out-of-plane bending 14.65%
   30     1087.88          --                 --  mixed ring-site C-H out-of-plane bending / cyclic-ring out-of-plane deformation ring-site C-H out-of-plane bending 60.49%; cyclic-ring out-of-plane deformation 13.35%; mixed-phase cyclic C-O stretching 10.86%; ring-site C-H in-plane bending 5.11%
   31     1100.11          --                 --  mixed ring-site C-H out-of-plane bending / cyclic-ring out-of-plane deformation / opposite-phase cyclic C-O stretching ring-site C-H out-of-plane bending 38.45%; cyclic-ring out-of-plane deformation 20.63%; opposite-phase cyclic C-O stretching 17.25%; ring-site C-H in-plane bending 6.10%
   32     1115.95          --                 --  ring-site C-H out-of-plane bending                             ring-site C-H out-of-plane bending 73.37%; ring-site C-H in-plane bending 12.93%; cyclic-ring out-of-plane deformation 9.99%
   33     1147.11          --                 --  mixed ring-site C-H out-of-plane bending / ring-site C-H in-plane bending ring-site C-H out-of-plane bending 31.76%; ring-site C-H in-plane bending 17.46%; opposite-phase cyclic C-O stretching 14.66%; cyclic-ring out-of-plane deformation 13.78%
   34     1165.39          --                 --  mixed cyclic-ring out-of-plane deformation / ring-site C-H out-of-plane bending cyclic-ring out-of-plane deformation 38.27%; ring-site C-H out-of-plane bending 34.52%; opposite-phase cyclic C-O stretching 6.97%; ring-site C-H in-plane bending 3.62%
   35     1213.92          --                 --  mixed C-H bending / ring-site C-H out-of-plane bending         C-H bending 38.16%; ring-site C-H out-of-plane bending 18.72%; ring-site C-H in-plane bending 14.45%; cyclic C-N stretching 8.08%
   36     1224.66          --                 --  mixed ring-site C-H out-of-plane bending / mixed-phase exocyclic C-C stretching ring-site C-H out-of-plane bending 39.59%; mixed-phase exocyclic C-C stretching 14.07%; C-H bending 12.40%; cyclic-ring deformation (C-C-O bend) 10.37%
   37     1250.14          --                 --  mixed C-H bending / mixed-phase cyclic C-C stretching          C-H bending 40.53%; mixed-phase cyclic C-C stretching 16.36%; C-C-C bending 10.81%; ring-site C-H in-plane bending 9.62%
   38     1277.16          --                 --  mixed ring-site C-H in-plane bending / ring-site C-H out-of-plane bending ring-site C-H in-plane bending 58.70%; ring-site C-H out-of-plane bending 8.37%; C-H bending 6.97%; exocyclic C-C stretching 5.95%
   39     1319.53          --                 --  mixed ring-site C-H in-plane bending / opposite-phase cyclic C-N stretching / ring-site C-H out-of-plane bending ring-site C-H in-plane bending 37.63%; opposite-phase cyclic C-N stretching 21.27%; ring-site C-H out-of-plane bending 15.27%; cyclic C-C stretching 9.36%
   40     1335.20          --                 --  mixed ring-site C-H in-plane bending / ring-site C-H out-of-plane bending ring-site C-H in-plane bending 67.84%; ring-site C-H out-of-plane bending 20.58%; cyclic-ring deformation (C-O-C bend) 2.71%; C-H bending 2.59%
   41     1382.27          --                 --  mixed ring-site C-H out-of-plane bending / ring-site C-H in-plane bending ring-site C-H out-of-plane bending 61.29%; ring-site C-H in-plane bending 35.40%
   42     1394.21          --                 --  mixed ring-site C-H in-plane bending / opposite-phase cyclic C-C stretching ring-site C-H in-plane bending 61.85%; opposite-phase cyclic C-C stretching 19.85%; ring-site C-H out-of-plane bending 11.63%; cyclic C-N stretching 2.27%
   43     1401.87          --                 --  C-H bending                                                    C-H bending 91.04%; opposite-phase exocyclic C-C stretching 4.00%; ring-site C-H in-plane bending 3.47%
   44     1412.86          --                 --  mixed ring-site C-H out-of-plane bending / ring-site C-H in-plane bending / C-H bending ring-site C-H out-of-plane bending 32.81%; ring-site C-H in-plane bending 31.39%; C-H bending 29.83%; cyclic C-C stretching 2.02%
   45     1427.36          --                 --  mixed C-H bending / ring-site C-H out-of-plane bending / ring-site C-H in-plane bending C-H bending 46.82%; ring-site C-H out-of-plane bending 29.28%; ring-site C-H in-plane bending 20.53%
   46     1483.47          --                 --  mixed C-H bending / C-C torsion                                C-H bending 64.87%; C-C torsion 20.20%; ring-site C-H out-of-plane bending 13.03%
   47     1491.32          --                 --  mixed C-H bending / C-C torsion                                C-H bending 74.14%; C-C torsion 24.92%
   48     1499.40          --                 --  ring-site C-H out-of-plane bending                             ring-site C-H out-of-plane bending 77.14%; ring-site C-H in-plane bending 10.29%; C-H bending 7.16%; C-C torsion 2.94%
   49     1502.34          --                 --  mixed C-H bending / C-C torsion                                C-H bending 74.36%; C-C torsion 23.19%
   50     1504.88          --                 --  mixed C-H bending / ring-site C-H out-of-plane bending         C-H bending 64.89%; ring-site C-H out-of-plane bending 22.42%; ring-site C-H in-plane bending 10.56%
   51     1514.54          --                 --  mixed C-H bending / C-C torsion                                C-H bending 74.29%; C-C torsion 23.28%
   52     1520.15          --                 --  ring-site C-H out-of-plane bending                             ring-site C-H out-of-plane bending 70.27%; C-H bending 12.51%; ring-site C-H in-plane bending 10.37%; cyclic-ring out-of-plane deformation 2.89%
   53     2963.86          --                 --  mixed-phase ring-site C-H stretching                           mixed-phase ring-site C-H stretching 98.10%
   54     2969.66          --                 --  ring-site C-H stretching                                       ring-site C-H stretching 99.12%
   55     3031.98          --                 --  mixed-phase C-H stretching                                     mixed-phase C-H stretching 99.50%
   56     3038.70          --                 --  C-H stretching                                                 C-H stretching 99.23%
   57     3085.73          --                 --  ring-site C-H stretching                                       ring-site C-H stretching 95.93%; opposite-phase C-H stretching 3.41%
   58     3088.58          --                 --  ring-site C-H stretching                                       ring-site C-H stretching 87.50%; opposite-phase C-H stretching 11.03%
   59     3095.67          --                 --  opposite-phase C-H stretching                                  opposite-phase C-H stretching 88.60%; mixed-phase ring-site C-H stretching 10.50%
   60     3097.80          --                 --  mixed-phase ring-site C-H stretching                           mixed-phase ring-site C-H stretching 98.23%
   61     3102.91          --                 --  mixed-phase C-H stretching                                     mixed-phase C-H stretching 96.36%; ring-site C-H stretching 2.75%
   62     3106.79          --                 --  mixed-phase C-H stretching                                     mixed-phase C-H stretching 97.84%
   63     3120.74          --                 --  opposite-phase C-H stretching                                  opposite-phase C-H stretching 99.25%
   64     3124.25          --                 --  ring-site C-H stretching                                       ring-site C-H stretching 98.92%
   65     3167.96          --                 --  mixed-phase ring-site C-H stretching                           mixed-phase ring-site C-H stretching 98.91%

# Selected internal-coordinate set:
#   1  nu(C1-C2)
#   2  nu(C3-H13)
#   3  nu(C4-O5)
#   4  nu(C6-C7)
#   5  nu(C8-N9)
#   6  nu(C4-H16)
#   7  nu(C3-H14)
#   8  nu(C6-H18)
#   9  nu(C1-H12)
#  10  nu(C8-H21)
#  11  nu(C7-H20)
#  12  nu(C3-H15)
#  13  nu(C4-H17)
#  14  nu(C1-H11)
#  15  nu(C6-H19)
#  16  gamma(H22;C8,N9,H21)
#  17  nu(C2-N9)
#  18  nu(C1-H10)
#  19  gamma(C8;C7,C6,H20)
#  20  nu(O5-C6)
#  21  nu(C8-H22)
#  22  nu(C2-C3)
#  23  gamma(H17;C4,O5,H16)
#  24  tau(N9-C2-C3-H13)
#  25  delta(C6-C7-H20)
#  26  delta(H14-C3-H15)
#  27  delta(H18-C6-H19)
#  28  delta(H11-C1-H12)
#  29  delta(H10-C1-H12)
#  30  delta(H10-C1-H11)
#  31  delta(C2-C3-H15)
#  32  tau(H16-C4-O5-C6)
#  33  delta(N9-C8-H21)
#  34  tau(C3-C2-C4-H17)
#  35  delta(O5-C4-H16)
#  36  gamma(H22;C8,C7,N9)
#  37  delta(O5-C6-H18)
#  38  delta(C2-C3-H13)
#  39  delta(C2-C3-H14)
#  40  delta(O5-C6-H19)
#  41  tau(C7-C8-N9-C2)
#  42  delta(C2-C1-H12)
#  43  tau(C4-O5-C6-H18)
#  44  nu(C2-C4)
#  45  tau(C4-C2-C3-H15)
#  46  nu(C7-C8)
#  47  delta(C2-C1-H11)
#  48  gamma(C7;C8,N9,H21)
#  49  delta(C4-O5-C6)
#  50  delta(C2-N9-C8)
#  51  delta(C2-C4-H17)
#  52  tau(H10-C1-C2-C3)
#  53  tau(H20-C7-C8-H22)
#  54  delta(C6-C7-C8)
#  55  delta(C1-C2-C3)
#  56  delta(C1-C2-C4)
#  57  tau(H12-C1-C2-C4)
#  58  tau(C1-C2-C4-O5)
#  59  delta(C3-C2-N9)
#  60  delta(C2-C4-O5)

Wrote: /local/scratch/mv487/qm9s/experiment_1_phase2/ped/59035/59035_summary.csv
Wrote: /local/scratch/mv487/qm9s/experiment_1_phase2/ped/59035/59035_families.csv
Wrote: /local/scratch/mv487/qm9s/experiment_1_phase2/ped/59035/59035_ped.csv
Wrote: /local/scratch/mv487/qm9s/experiment_1_phase2/ped/59035/59035_ir_transitions.csv

# All generated files are in: /local/scratch/mv487/qm9s/experiment_1_phase2/ped/59035
# Manifest: /local/scratch/mv487/qm9s/experiment_1_phase2/ped/59035/59035_manifest.txt

--- stderr ---
Normal modes/frequencies absent or incomplete: diagonalizing Hessian.
