# Contact: romi@lens.unifi.it
# Manual: https://github.com/SebRoLENS/orca-ped-analyzer/blob/main/docs/ORCA_PED_Analyzer_Manual.md
# Check GitHub for updates and new releases: https://github.com/SebRoLENS/orca-ped-analyzer
#
# Molecule: 18 atoms | non-linear
# Bonds inferred: 19 | candidate ICs: 184 | selected ICs: 48
# Cartesian-Hessian reconstruction relative error: 5.576e-05
# Energy distribution: PED (PED is the backward-compatible default; TED includes kinetic-energy terms)
# Ring/cycle bonds detected: 8 | ring atoms: 7 | ring systems: 1
# VPT2: no matching .out file supplied/found -> harmonic/PED analysis only
#
 Mode   Harm/cm-1   VPT2/cm-1  Harm.Int/km mol-1  Assignment                                                     Grouped PED
------------------------------------------------------------------------------------------------------------------------------------------------------------------------------------------------
    6       90.73          --                 --  mixed cyclic-ring torsional/out-of-plane deformation / ring-site C-H out-of-plane bending cyclic-ring torsional/out-of-plane deformation 50.44%; ring-site C-H out-of-plane bending 45.27%
    7      123.65          --                 --  mixed cyclic-ring torsional/out-of-plane deformation / ring-site C-H out-of-plane bending cyclic-ring torsional/out-of-plane deformation 47.07%; ring-site C-H out-of-plane bending 35.68%; cyclic-ring torsional/out-of-plane deformation 13.93%
    8      220.58          --                 --  mixed ring-site C-H out-of-plane bending / cyclic-ring deformation (C-C-C bend) / cyclic-ring torsional/out-of-plane deformation ring-site C-H out-of-plane bending 28.71%; cyclic-ring deformation (C-C-C bend) 23.84%; cyclic-ring torsional/out-of-plane deformation 18.14%; N-C-C bending 12.12%
    9      254.30          --                 --  mixed C-N torsion / ring-site C-H out-of-plane bending / cyclic-ring torsional/out-of-plane deformation C-N torsion 28.30%; ring-site C-H out-of-plane bending 25.65%; cyclic-ring torsional/out-of-plane deformation 23.47%; cyclic-ring deformation (C-C-C bend) 10.36%
   10      290.54          --                 --  mixed cyclic-ring torsional/out-of-plane deformation / C-N torsion cyclic-ring torsional/out-of-plane deformation 40.18%; C-N torsion 15.15%; ring-site C-H out-of-plane bending 10.19%; N-C-C bending 8.19%
   11      376.33          --                 --  mixed ring-site C-H out-of-plane bending / cyclic-ring out-of-plane deformation / cyclic-ring torsional/out-of-plane deformation ring-site C-H out-of-plane bending 25.67%; cyclic-ring out-of-plane deformation 25.08%; cyclic-ring torsional/out-of-plane deformation 19.44%; ring-site C-H in-plane bending 11.58%
   12      497.70          --                 --  mixed ring-site C-H out-of-plane bending / cyclic-ring torsional/out-of-plane deformation ring-site C-H out-of-plane bending 26.88%; cyclic-ring torsional/out-of-plane deformation 15.18%; O-C-O bending 13.20%; cyclic-ring deformation (C-C-C bend) 10.56%
   13      505.47          --                 --  mixed ring-site C-H out-of-plane bending / N-C-C bending       ring-site C-H out-of-plane bending 20.04%; N-C-C bending 15.97%; cyclic-ring deformation (C-C-C bend) 10.21%; cyclic-ring torsional/out-of-plane deformation 10.20%
   14      599.70          --                 --  mixed ring-site C-H out-of-plane bending / cyclic-ring deformation (C-C-O bend) ring-site C-H out-of-plane bending 45.16%; cyclic-ring deformation (C-C-O bend) 14.19%; cyclic-ring deformation (C-C-C bend) 11.32%; cyclic-ring torsional/out-of-plane deformation 7.14%
   15      626.26          --                 --  mixed cyclic-ring deformation (C-C-C bend) / cyclic-ring deformation (C-C-O bend) cyclic-ring deformation (C-C-C bend) 28.42%; cyclic-ring deformation (C-C-O bend) 17.30%; mixed-phase cyclic C-C stretching 12.93%; ring-site C-H out-of-plane bending 9.59%
   16      708.30          --                 --  mixed ring-site C-H in-plane bending / cyclic C-C stretching   ring-site C-H in-plane bending 29.36%; cyclic C-C stretching 19.78%; ring-site C-H out-of-plane bending 13.19%; cyclic C-O stretching 13.06%
   17      757.57          --                 --  mixed ring-site C-H in-plane bending / cyclic-ring out-of-plane deformation ring-site C-H in-plane bending 42.85%; cyclic-ring out-of-plane deformation 10.40%; cyclic-ring deformation (C-C-C bend) 9.82%; ring-site C-H out-of-plane bending 7.09%
   18      776.01          --                 --  mixed ring-site C-H out-of-plane bending / mixed-phase cyclic C-C stretching / ring-site C-H in-plane bending ring-site C-H out-of-plane bending 31.63%; mixed-phase cyclic C-C stretching 18.73%; ring-site C-H in-plane bending 15.81%; cyclic-ring deformation (C-C-C bend) 12.51%
   19      812.49          --                 --  mixed C-N out-of-plane bending / ring-site C-H out-of-plane bending C-N out-of-plane bending 27.97%; ring-site C-H out-of-plane bending 22.00%; cyclic C-C stretching 10.96%; cyclic-ring torsional/out-of-plane deformation 7.85%
   20      865.16          --                 --  mixed C-N out-of-plane bending / N-H bending                   C-N out-of-plane bending 38.08%; N-H bending 24.87%; cyclic-ring deformation (C-C-C bend) 10.90%; mixed-phase cyclic C-C stretching 8.37%
   21      878.30          --                 --  mixed mixed-phase cyclic C-C stretching / C-N out-of-plane bending mixed-phase cyclic C-C stretching 24.68%; C-N out-of-plane bending 18.61%; cyclic-ring deformation (C-C-C bend) 12.40%; ring-site C-H in-plane bending 7.84%
   22      893.39          --                 --  mixed mixed-phase cyclic C-C stretching / ring-site C-H out-of-plane bending mixed-phase cyclic C-C stretching 48.18%; ring-site C-H out-of-plane bending 15.91%; cyclic-ring torsional/out-of-plane deformation 13.01%; ring-site C-H in-plane bending 6.99%
   23      938.97          --                 --  mixed mixed-phase cyclic C-C stretching / mixed-phase cyclic C-O stretching mixed-phase cyclic C-C stretching 38.17%; mixed-phase cyclic C-O stretching 19.50%; cyclic-ring deformation (C-C-O bend) 11.44%; ring-site C-H in-plane bending 8.86%
   24      951.25          --                 --  mixed mixed-phase cyclic C-C stretching / ring-site C-H out-of-plane bending mixed-phase cyclic C-C stretching 61.98%; ring-site C-H out-of-plane bending 11.39%; ring-site C-H in-plane bending 10.99%; C-C out-of-plane bending 8.38%
   25     1026.66          --                 --  mixed mixed-phase cyclic C-C stretching / cyclic-ring deformation (C-C-C bend) / ring-site C-H in-plane bending mixed-phase cyclic C-C stretching 25.77%; cyclic-ring deformation (C-C-C bend) 17.33%; ring-site C-H in-plane bending 16.67%; cyclic C-O stretching 13.39%
   26     1051.45          --                 --  mixed mixed-phase cyclic C-C stretching / ring-site C-H in-plane bending mixed-phase cyclic C-C stretching 37.53%; ring-site C-H in-plane bending 16.83%; exocyclic C-N stretching 11.91%; ring-site C-H out-of-plane bending 11.62%
   27     1085.56          --                 --  mixed ring-site C-H out-of-plane bending / ring-site C-H in-plane bending ring-site C-H out-of-plane bending 31.87%; ring-site C-H in-plane bending 20.57%; mixed-phase cyclic C-C stretching 13.70%; cyclic C-O stretching 9.11%
   28     1119.16          --                 --  mixed ring-site C-H in-plane bending / mixed-phase cyclic C-C stretching ring-site C-H in-plane bending 33.06%; mixed-phase cyclic C-C stretching 19.85%; ring-site C-H out-of-plane bending 13.40%; opposite-phase cyclic C-O stretching 9.45%
   29     1138.16          --                 --  mixed ring-site C-H in-plane bending / exocyclic C-N stretching ring-site C-H in-plane bending 35.45%; exocyclic C-N stretching 25.49%; mixed-phase cyclic C-C stretching 6.39%; ring-site C-H out-of-plane bending 6.11%
   30     1166.72          --                 --  mixed cyclic C-O stretching / ring-site C-H out-of-plane bending cyclic C-O stretching 27.61%; ring-site C-H out-of-plane bending 24.19%; cyclic C-C stretching 13.37%; O-C-O bending 11.82%
   31     1202.19          --                 --  mixed ring-site C-H out-of-plane bending / ring-site C-H in-plane bending ring-site C-H out-of-plane bending 32.83%; ring-site C-H in-plane bending 25.11%; C-C out-of-plane bending 12.83%; mixed-phase cyclic C-C stretching 12.32%
   32     1212.55          --                 --  mixed ring-site C-H in-plane bending / ring-site C-H out-of-plane bending ring-site C-H in-plane bending 37.03%; ring-site C-H out-of-plane bending 35.48%; C-C out-of-plane bending 10.14%; N-H bending 5.52%
   33     1226.00          --                 --  mixed ring-site C-H in-plane bending / ring-site C-H out-of-plane bending ring-site C-H in-plane bending 38.78%; ring-site C-H out-of-plane bending 32.58%; mixed-phase cyclic C-C stretching 10.39%; N-H bending 9.12%
   34     1258.35          --                 --  mixed ring-site C-H in-plane bending / ring-site C-H out-of-plane bending ring-site C-H in-plane bending 39.86%; ring-site C-H out-of-plane bending 38.05%; C-C out-of-plane bending 9.09%; opposite-phase cyclic C-C stretching 4.16%
   35     1281.51          --                 --  mixed C-C out-of-plane bending / ring-site C-H in-plane bending C-C out-of-plane bending 57.75%; ring-site C-H in-plane bending 25.62%; ring-site C-H out-of-plane bending 6.48%; mixed-phase cyclic C-C stretching 5.46%
   36     1286.58          --                 --  mixed ring-site C-H out-of-plane bending / mixed-phase cyclic C-C stretching / ring-site C-H in-plane bending ring-site C-H out-of-plane bending 39.99%; mixed-phase cyclic C-C stretching 26.07%; ring-site C-H in-plane bending 19.55%; cyclic-ring torsional/out-of-plane deformation 4.10%
   37     1326.05          --                 --  mixed ring-site C-H in-plane bending / mixed-phase cyclic C-C stretching / ring-site C-H out-of-plane bending ring-site C-H in-plane bending 27.05%; mixed-phase cyclic C-C stretching 25.90%; ring-site C-H out-of-plane bending 18.01%; N-H bending 10.57%
   38     1359.76          --                 --  mixed ring-site C-H in-plane bending / ring-site C-H out-of-plane bending ring-site C-H in-plane bending 62.29%; ring-site C-H out-of-plane bending 15.03%; cyclic-ring deformation (C-C-C bend) 6.08%; opposite-phase cyclic C-C stretching 5.86%
   39     1369.88          --                 --  mixed ring-site C-H in-plane bending / cyclic C-C stretching   ring-site C-H in-plane bending 69.94%; cyclic C-C stretching 7.05%; N-H bending 7.03%; in-phase cyclic C-O stretching 4.38%
   40     1388.20          --                 --  mixed ring-site C-H out-of-plane bending / ring-site C-H in-plane bending ring-site C-H out-of-plane bending 55.16%; ring-site C-H in-plane bending 12.03%; cyclic C-C stretching 10.46%; N-H bending 8.95%
   41     1476.30          --                 --  C-H bending                                                    C-H bending 74.43%; ring-site C-H in-plane bending 17.68%; ring-site C-H out-of-plane bending 6.41%
   42     1507.05          --                 --  mixed ring-site C-H out-of-plane bending / ring-site C-H in-plane bending ring-site C-H out-of-plane bending 54.65%; ring-site C-H in-plane bending 24.57%; C-H bending 16.17%; in-phase cyclic C-C stretching 4.07%
   43     1655.20          --                 --  N-H bending                                                    N-H bending 90.84%; C-N out-of-plane bending 5.35%
   44     1842.21          --                 --  exocyclic C-O stretching                                       exocyclic C-O stretching 75.66%; cyclic-ring deformation (C-C-O bend) 13.32%; cyclic C-C stretching 4.58%; cyclic C-O stretching 2.94%
   45     2936.61          --                 --  ring-site C-H stretching                                       ring-site C-H stretching 99.30%
   46     3063.11          --                 --  ring-site C-H stretching                                       ring-site C-H stretching 99.20%
   47     3080.23          --                 --  in-phase ring-site C-H stretching                              in-phase ring-site C-H stretching 99.44%
   48     3094.50          --                 --  opposite-phase ring-site C-H stretching                        opposite-phase ring-site C-H stretching 98.77%
   49     3105.42          --                 --  in-phase ring-site C-H stretching                              in-phase ring-site C-H stretching 98.69%
   50     3114.32          --                 --  mixed-phase ring-site C-H stretching                           mixed-phase ring-site C-H stretching 98.89%
   51     3133.11          --                 --  mixed-phase ring-site C-H stretching                           mixed-phase ring-site C-H stretching 99.71%
   52     3495.15          --                 --  N-H stretching                                                 N-H stretching 99.87%
   53     3582.72          --                 --  mixed-phase N-H stretching                                     mixed-phase N-H stretching 99.86%

# Selected internal-coordinate set:
#   1  nu(C6-O7)
#   2  nu(N1-H11)
#   3  nu(C2-C3)
#   4  nu(C4-C5)
#   5  nu(C8-O9)
#   6  nu(C6-H18)
#   7  nu(N1-H10)
#   8  nu(C2-H12)
#   9  nu(C5-H16)
#  10  nu(C3-H13)
#  11  nu(C4-H15)
#  12  tau(H12-C2-C3-H13)
#  13  tau(H15-C4-C5-H16)
#  14  tau(H18-C6-O7-C8)
#  15  nu(O7-C8)
#  16  gamma(C2;N1,H10,H11)
#  17  tau(C6-O7-C8-O9)
#  18  nu(C5-H17)
#  19  nu(C4-H14)
#  20  tau(C5-C6-O7-C8)
#  21  delta(H10-N1-H11)
#  22  delta(C2-C3-H13)
#  23  gamma(C4;C5,H16,H17)
#  24  tau(H12-C2-C3-C4)
#  25  delta(O7-C8-O9)
#  26  tau(H14-C4-C5-H17)
#  27  delta(O7-C6-H18)
#  28  delta(C3-C2-H12)
#  29  delta(H16-C5-H17)
#  30  delta(C5-C4-H15)
#  31  delta(C5-C4-H14)
#  32  nu(N1-C2)
#  33  tau(N1-C2-C3-C6)
#  34  delta(C2-C8-O7)
#  35  delta(C2-C3-C4)
#  36  nu(C5-C6)
#  37  gamma(O7;C6,C3,C5)
#  38  nu(C2-C8)
#  39  delta(C4-C5-H16)
#  40  delta(C2-N1-H11)
#  41  tau(H11-N1-C2-C3)
#  42  nu(C3-C4)
#  43  tau(C8-C2-C3-C4)
#  44  delta(C6-C5-H17)
#  45  nu(C3-C6)
#  46  delta(N1-C2-C3)
#  47  tau(C4-C5-C6-O7)
#  48  delta(C3-C6-C5)

Wrote: /local/scratch/mv487/qm9s/experiment_1_phase2/ped/77231/77231_summary.csv
Wrote: /local/scratch/mv487/qm9s/experiment_1_phase2/ped/77231/77231_families.csv
Wrote: /local/scratch/mv487/qm9s/experiment_1_phase2/ped/77231/77231_ped.csv
Wrote: /local/scratch/mv487/qm9s/experiment_1_phase2/ped/77231/77231_ir_transitions.csv

# All generated files are in: /local/scratch/mv487/qm9s/experiment_1_phase2/ped/77231
# Manifest: /local/scratch/mv487/qm9s/experiment_1_phase2/ped/77231/77231_manifest.txt

--- stderr ---
Normal modes/frequencies absent or incomplete: diagonalizing Hessian.
