# Contact: romi@lens.unifi.it
# Manual: https://github.com/SebRoLENS/orca-ped-analyzer/blob/main/docs/ORCA_PED_Analyzer_Manual.md
# Check GitHub for updates and new releases: https://github.com/SebRoLENS/orca-ped-analyzer
#
# Molecule: 21 atoms | non-linear
# Bonds inferred: 21 | candidate ICs: 190 | selected ICs: 57
# Cartesian-Hessian reconstruction relative error: 4.231e-05
# Energy distribution: PED (PED is the backward-compatible default; TED includes kinetic-energy terms)
# Ring/cycle bonds detected: 5 | ring atoms: 5 | ring systems: 1
# VPT2: no matching .out file supplied/found -> harmonic/PED analysis only
#
 Mode   Harm/cm-1   VPT2/cm-1  Harm.Int/km mol-1  Assignment                                                     Grouped PED
------------------------------------------------------------------------------------------------------------------------------------------------------------------------------------------------
    6       56.58          --                 --  mixed cyclic-ring torsional/out-of-plane deformation / ring-site C-H out-of-plane bending / C-O torsion cyclic-ring torsional/out-of-plane deformation 34.27%; ring-site C-H out-of-plane bending 31.74%; C-O torsion 17.20%; C-C torsion 13.38%
    7       84.42          --                 --  C-O torsion                                                    C-O torsion 93.71%; C-C torsion 2.16%; ring-site C-H out-of-plane bending 2.08%
    8       90.24          --                 --  mixed ring-site C-H out-of-plane bending / C-O torsion / cyclic-ring torsional/out-of-plane deformation ring-site C-H out-of-plane bending 32.54%; C-O torsion 29.08%; cyclic-ring torsional/out-of-plane deformation 27.54%; C-C torsion 7.97%
    9      123.74          --                 --  mixed ring-site C-H out-of-plane bending / cyclic-ring torsional/out-of-plane deformation ring-site C-H out-of-plane bending 44.66%; cyclic-ring torsional/out-of-plane deformation 36.42%; cyclic-ring deformation (C-C-C bend) 7.00%; O-C-C bending 3.45%
   10      204.50          --                 --  mixed C-C torsion / ring-site C-H out-of-plane bending / C-O torsion C-C torsion 33.10%; ring-site C-H out-of-plane bending 22.01%; C-O torsion 19.22%; cyclic-ring torsional/out-of-plane deformation 16.63%
   11      255.09          --                 --  C-C torsion                                                    C-C torsion 94.16%; C-O torsion 4.25%
   12      319.71          --                 --  mixed C-C torsion / C-O torsion / C-C-O bending                C-C torsion 46.01%; C-O torsion 16.47%; C-C-O bending 15.95%; C-H bending 5.57%
   13      373.09          --                 --  mixed O-C-C bending / C-O-C bending                            O-C-C bending 18.89%; C-O-C bending 14.77%; mixed-phase cyclic C-C stretching 12.71%; ring-site C-H out-of-plane bending 12.71%
   14      450.81          --                 --  mixed ring-site C-H out-of-plane bending / ring-site C-H in-plane bending ring-site C-H out-of-plane bending 36.26%; ring-site C-H in-plane bending 14.43%; cyclic-ring out-of-plane deformation 13.75%; O-C-C bending 8.98%
   15      484.30          --                 --  mixed ring-site C-H out-of-plane bending / cyclic-ring out-of-plane deformation ring-site C-H out-of-plane bending 49.16%; cyclic-ring out-of-plane deformation 14.79%; O-C-C bending 13.00%; C-C-O bending 8.01%
   16      511.15          --                 --  mixed ring-site C-H out-of-plane bending / ring-site C-H in-plane bending / O-C-C bending ring-site C-H out-of-plane bending 33.60%; ring-site C-H in-plane bending 20.63%; O-C-C bending 17.26%; cyclic-ring torsional/out-of-plane deformation 8.69%
   17      569.76          --                 --  mixed cyclic-ring deformation (C-C-C bend) / ring-site C-H out-of-plane bending cyclic-ring deformation (C-C-C bend) 52.32%; ring-site C-H out-of-plane bending 16.42%; mixed-phase cyclic C-C stretching 9.18%; ring-site C-H in-plane bending 7.54%
   18      606.58          --                 --  mixed cyclic-ring deformation (C-C-C bend) / ring-site C-H in-plane bending cyclic-ring deformation (C-C-C bend) 37.68%; ring-site C-H in-plane bending 14.08%; ring-site C-H out-of-plane bending 12.35%; C-C-O bending 6.87%
   19      739.42          --                 --  mixed ring-site C-H in-plane bending / mixed-phase cyclic C-C stretching ring-site C-H in-plane bending 31.01%; mixed-phase cyclic C-C stretching 30.97%; ring-site C-H out-of-plane bending 11.68%; cyclic-ring deformation (C-C-C bend) 10.93%
   20      808.68          --                 --  mixed cyclic C-C stretching / ring-site C-H in-plane bending   cyclic C-C stretching 51.39%; ring-site C-H in-plane bending 27.73%; cyclic-ring deformation (C-C-C bend) 8.78%; ring-site C-H out-of-plane bending 6.49%
   21      829.23          --                 --  mixed C-H bending / C-C torsion                                C-H bending 67.08%; C-C torsion 30.04%
   22      866.88          --                 --  mixed mixed-phase cyclic C-C stretching / ring-site C-H in-plane bending mixed-phase cyclic C-C stretching 37.03%; ring-site C-H in-plane bending 14.20%; cyclic-ring deformation (C-C-C bend) 14.08%; C-H bending 11.78%
   23      900.11          --                 --  mixed C-H bending / C-O stretching / cyclic C-C stretching     C-H bending 36.22%; C-O stretching 17.32%; cyclic C-C stretching 16.92%; C-C stretching 10.32%
   24      931.53          --                 --  mixed ring-site C-H in-plane bending / C-O torsion             ring-site C-H in-plane bending 52.58%; C-O torsion 9.83%; ring-site C-H out-of-plane bending 9.75%; cyclic C-C stretching 5.83%
   25      960.26          --                 --  mixed ring-site C-H out-of-plane bending / ring-site C-H in-plane bending ring-site C-H out-of-plane bending 49.94%; ring-site C-H in-plane bending 37.47%; C-O torsion 7.51%
   26      991.33          --                 --  mixed cyclic C-C stretching / C-C out-of-plane bending / ring-site C-H in-plane bending cyclic C-C stretching 39.11%; C-C out-of-plane bending 17.67%; ring-site C-H in-plane bending 16.90%; ring-site C-H out-of-plane bending 10.09%
   27     1039.67          --                 --  mixed C-C stretching / exocyclic C-O stretching                C-C stretching 38.25%; exocyclic C-O stretching 17.07%; C-O stretching 14.00%; C-C out-of-plane bending 8.66%
   28     1087.36          --                 --  mixed mixed-phase cyclic C-C stretching / cyclic-ring deformation (C-C-C bend) mixed-phase cyclic C-C stretching 51.26%; cyclic-ring deformation (C-C-C bend) 17.94%; C-H bending 8.36%; ring-site C-H in-plane bending 6.19%
   29     1124.46          --                 --  mixed exocyclic C-O stretching / mixed-phase cyclic C-C stretching exocyclic C-O stretching 23.23%; mixed-phase cyclic C-C stretching 16.35%; C-O stretching 11.16%; C-C out-of-plane bending 10.61%
   30     1143.99          --                 --  mixed C-H bending / C-O stretching                             C-H bending 32.06%; C-O stretching 23.03%; exocyclic C-O stretching 12.67%; mixed-phase cyclic C-C stretching 7.79%
   31     1148.82          --                 --  mixed opposite-phase cyclic C-C stretching / C-H bending       opposite-phase cyclic C-C stretching 32.45%; C-H bending 17.14%; ring-site C-H in-plane bending 11.14%; O-C-C bending 10.51%
   32     1173.32          --                 --  mixed ring-site C-H in-plane bending / ring-site C-H out-of-plane bending ring-site C-H in-plane bending 50.14%; ring-site C-H out-of-plane bending 11.82%; mixed-phase cyclic C-C stretching 9.96%; cyclic-ring torsional/out-of-plane deformation 5.33%
   33     1184.06          --                 --  mixed C-C torsion / C-H bending                                C-C torsion 61.30%; C-H bending 26.71%; C-H out-of-plane bending 3.89%; C-O torsion 3.59%
   34     1215.03          --                 --  mixed ring-site C-H in-plane bending / C-H bending             ring-site C-H in-plane bending 51.28%; C-H bending 12.12%; C-C out-of-plane bending 6.62%; cyclic C-C stretching 4.66%
   35     1245.67          --                 --  mixed ring-site C-H in-plane bending / C-C out-of-plane bending ring-site C-H in-plane bending 47.18%; C-C out-of-plane bending 24.23%; ring-site C-H out-of-plane bending 10.80%; opposite-phase cyclic C-C stretching 10.62%
   36     1265.03          --                 --  mixed C-C out-of-plane bending / ring-site C-H in-plane bending C-C out-of-plane bending 52.02%; ring-site C-H in-plane bending 19.13%; ring-site C-H out-of-plane bending 13.59%; mixed-phase cyclic C-C stretching 9.91%
   37     1303.30          --                 --  mixed C-H bending / C-C torsion                                C-H bending 61.51%; C-C torsion 11.78%; ring-site C-H in-plane bending 9.94%; C-H out-of-plane bending 8.31%
   38     1306.50          --                 --  mixed ring-site C-H in-plane bending / ring-site C-H out-of-plane bending ring-site C-H in-plane bending 43.04%; ring-site C-H out-of-plane bending 20.36%; C-C out-of-plane bending 11.60%; C-H bending 10.20%
   39     1324.74          --                 --  mixed C-C out-of-plane bending / ring-site C-H in-plane bending C-C out-of-plane bending 54.73%; ring-site C-H in-plane bending 33.10%; C-H bending 4.78%; cyclic C-C stretching 3.06%
   40     1351.97          --                 --  mixed ring-site C-H in-plane bending / C-O torsion             ring-site C-H in-plane bending 44.00%; C-O torsion 40.67%; mixed-phase cyclic C-C stretching 5.56%; C-C out-of-plane bending 5.01%
   41     1386.28          --                 --  mixed C-H bending / ring-site C-H in-plane bending / C-H out-of-plane bending C-H bending 41.51%; ring-site C-H in-plane bending 20.64%; C-H out-of-plane bending 15.98%; C-C out-of-plane bending 12.78%
   42     1413.57          --                 --  mixed C-H out-of-plane bending / C-H bending                   C-H out-of-plane bending 56.60%; C-H bending 36.25%; ring-site C-H in-plane bending 3.34%
   43     1440.12          --                 --  mixed C-H bending / C-H out-of-plane bending                   C-H bending 43.36%; C-H out-of-plane bending 41.47%; ring-site C-H in-plane bending 3.79%; C-C stretching 3.71%
   44     1453.96          --                 --  mixed C-H bending / ring-site C-H out-of-plane bending         C-H bending 65.05%; ring-site C-H out-of-plane bending 11.06%; ring-site C-H in-plane bending 10.44%; C-H out-of-plane bending 8.89%
   45     1459.46          --                 --  mixed ring-site C-H in-plane bending / ring-site C-H out-of-plane bending / C-H bending ring-site C-H in-plane bending 30.63%; ring-site C-H out-of-plane bending 30.40%; C-H bending 26.79%; C-H out-of-plane bending 5.40%
   46     1486.90          --                 --  C-C torsion                                                    C-C torsion 91.11%; C-H bending 8.66%
   47     1503.97          --                 --  mixed C-H bending / C-H out-of-plane bending                   C-H bending 67.62%; C-H out-of-plane bending 21.45%; C-C torsion 9.69%
   48     1508.74          --                 --  mixed C-H bending / ring-site C-H out-of-plane bending         C-H bending 67.25%; ring-site C-H out-of-plane bending 17.58%; ring-site C-H in-plane bending 12.68%
   49     1530.34          --                 --  mixed C-C torsion / C-H out-of-plane bending                   C-C torsion 54.66%; C-H out-of-plane bending 22.64%; C-H bending 20.57%
   50     1815.28          --                 --  exocyclic C-O stretching                                       exocyclic C-O stretching 76.95%; cyclic-ring deformation (C-C-C bend) 13.93%; in-phase cyclic C-C stretching 7.46%
   51     2957.13          --                 --  ring-site C-H stretching                                       ring-site C-H stretching 91.83%; C-H stretching 7.35%
   52     2970.62          --                 --  C-H stretching                                                 C-H stretching 91.85%; ring-site C-H stretching 7.42%
   53     3000.29          --                 --  mixed-phase C-H stretching                                     mixed-phase C-H stretching 98.54%
   54     3029.79          --                 --  mixed-phase ring-site C-H stretching                           mixed-phase ring-site C-H stretching 99.35%
   55     3031.08          --                 --  ring-site C-H stretching                                       ring-site C-H stretching 99.42%
   56     3040.46          --                 --  in-phase C-H stretching                                        in-phase C-H stretching 99.54%
   57     3053.04          --                 --  ring-site C-H stretching                                       ring-site C-H stretching 99.04%
   58     3101.60          --                 --  ring-site C-H stretching                                       ring-site C-H stretching 99.08%
   59     3106.27          --                 --  mixed-phase C-H stretching                                     mixed-phase C-H stretching 98.12%
   60     3108.69          --                 --  mixed-phase ring-site C-H stretching                           mixed-phase ring-site C-H stretching 97.40%; C-H stretching 2.07%
   61     3109.97          --                 --  mixed-phase ring-site C-H stretching                           mixed-phase ring-site C-H stretching 99.33%
   62     3112.82          --                 --  opposite-phase C-H stretching                                  opposite-phase C-H stretching 98.62%

# Selected internal-coordinate set:
#   1  nu(C1-H10)
#   2  nu(C2-H13)
#   3  nu(O3-C4)
#   4  nu(C5-C6)
#   5  nu(C7-O8)
#   6  nu(C9-H20)
#   7  nu(C2-H14)
#   8  nu(C9-H21)
#   9  nu(C1-H11)
#  10  nu(C4-H15)
#  11  nu(C5-H17)
#  12  nu(C6-H18)
#  13  nu(C1-H12)
#  14  tau(H17-C5-C6-H18)
#  15  gamma(C4;C9,H20,H21)
#  16  nu(C2-O3)
#  17  gamma(C9;C7,C6,O8)
#  18  delta(O8-C7-C9)
#  19  tau(C2-O3-C4-H15)
#  20  nu(C5-H16)
#  21  nu(C6-H19)
#  22  gamma(H10;C1,H11,H12)
#  23  gamma(H14;C2,O3,H13)
#  24  delta(H20-C9-H21)
#  25  gamma(C6;C5,H16,H17)
#  26  delta(O3-C4-H15)
#  27  delta(H11-C1-H12)
#  28  tau(H16-C5-C6-H19)
#  29  tau(H10-C1-C2-H14)
#  30  delta(O3-C2-H13)
#  31  delta(C5-C6-H18)
#  32  delta(H16-C5-H17)
#  33  delta(C5-C6-H19)
#  34  nu(C4-C9)
#  35  tau(H11-C1-C2-H14)
#  36  nu(C7-C9)
#  37  delta(C9-C4-H15)
#  38  delta(C2-C1-H10)
#  39  delta(C1-C2-H14)
#  40  tau(C5-C4-C9-H21)
#  41  nu(C6-C7)
#  42  delta(C4-C9-H20)
#  43  nu(C1-C2)
#  44  nu(C4-C5)
#  45  delta(C6-C5-H17)
#  46  delta(C2-C1-H11)
#  47  delta(C6-C7-C9)
#  48  delta(C4-C5-H16)
#  49  delta(C2-O3-C4)
#  50  tau(H10-C1-C2-O3)
#  51  delta(O3-C4-C5)
#  52  tau(C5-C6-C7-C9)
#  53  tau(C2-O3-C4-C5)
#  54  tau(C1-C2-O3-C4)
#  55  delta(C1-C2-O3)
#  56  tau(O3-C4-C5-C6)
#  57  delta(C4-C5-C6)

Wrote: /local/scratch/mv487/qm9s/experiment_1_phase2/ped/111942/111942_summary.csv
Wrote: /local/scratch/mv487/qm9s/experiment_1_phase2/ped/111942/111942_families.csv
Wrote: /local/scratch/mv487/qm9s/experiment_1_phase2/ped/111942/111942_ped.csv
Wrote: /local/scratch/mv487/qm9s/experiment_1_phase2/ped/111942/111942_ir_transitions.csv

# All generated files are in: /local/scratch/mv487/qm9s/experiment_1_phase2/ped/111942
# Manifest: /local/scratch/mv487/qm9s/experiment_1_phase2/ped/111942/111942_manifest.txt

--- stderr ---
Normal modes/frequencies absent or incomplete: diagonalizing Hessian.
