# Contact: romi@lens.unifi.it
# Manual: https://github.com/SebRoLENS/orca-ped-analyzer/blob/main/docs/ORCA_PED_Analyzer_Manual.md
# Check GitHub for updates and new releases: https://github.com/SebRoLENS/orca-ped-analyzer
#
# Molecule: 25 atoms | non-linear
# Bonds inferred: 24 | candidate ICs: 206 | selected ICs: 69
# Cartesian-Hessian reconstruction relative error: 2.490e-05
# Energy distribution: PED (PED is the backward-compatible default; TED includes kinetic-energy terms)
# Ring/cycle bonds detected: 0 | ring atoms: 0 | ring systems: 0
# VPT2: no matching .out file supplied/found -> harmonic/PED analysis only
#
 Mode   Harm/cm-1   VPT2/cm-1  Harm.Int/km mol-1  Assignment                                                     Grouped PED
------------------------------------------------------------------------------------------------------------------------------------------------------------------------------------------------
    6       25.75          --                 --  C-O torsion                                                    C-O torsion 95.44%; C-C torsion 4.28%
    7       50.26          --                 --  C-O torsion                                                    C-O torsion 74.58%; C-C torsion 18.13%; C-H bending 6.28%
    8      100.23          --                 --  mixed C-C-C bending / C-C-O bending                            C-C-C bending 33.96%; C-C-O bending 25.63%; C-O-C bending 12.20%; C-H bending 10.08%
    9      113.81          --                 --  C-O torsion                                                    C-O torsion 88.29%; C-C torsion 11.34%
   10      134.19          --                 --  C-O torsion                                                    C-O torsion 87.98%; C-C torsion 11.18%
   11      210.47          --                 --  C-C torsion                                                    C-C torsion 96.21%; C-O torsion 3.00%
   12      227.95          --                 --  C-C torsion                                                    C-C torsion 87.27%; C-C-C bending 6.47%; O-C-C bending 2.70%
   13      242.02          --                 --  C-C torsion                                                    C-C torsion 98.85%
   14      257.51          --                 --  C-C torsion                                                    C-C torsion 86.61%; C-C-O bending 3.84%; C-C-C bending 2.67%
   15      268.12          --                 --  C-C torsion                                                    C-C torsion 80.42%; C-O torsion 11.00%; C-C-C bending 4.58%
   16      298.46          --                 --  mixed C-O torsion / C-C torsion                                C-O torsion 63.28%; C-C torsion 29.18%; C-C-C bending 3.22%
   17      379.10          --                 --  mixed C-C-C bending / C-C-O bending                            C-C-C bending 44.74%; C-C-O bending 14.46%; C-C torsion 12.18%; C-H bending 10.59%
   18      398.38          --                 --  mixed O-C-C bending / C-C-C bending / C-C torsion              O-C-C bending 26.11%; C-C-C bending 21.64%; C-C torsion 16.21%; C-H bending 14.76%
   19      455.71          --                 --  mixed C-C-O bending / C-C torsion / C-H bending                C-C-O bending 32.28%; C-C torsion 23.15%; C-H bending 19.48%; C-O torsion 6.95%
   20      466.48          --                 --  mixed C-H bending / C-C torsion                                C-H bending 31.92%; C-C torsion 27.14%; C-C-C bending 12.59%; C-C-O bending 9.99%
   21      507.65          --                 --  mixed C-C torsion / C-H bending                                C-C torsion 45.01%; C-H bending 23.26%; C-C-O bending 10.36%; C-C-C bending 8.94%
   22      537.04          --                 --  mixed C-H bending / C-C-C bending                              C-H bending 23.04%; C-C-C bending 18.90%; C-C torsion 14.96%; O-C-C bending 12.21%
   23      798.21          --                 --  mixed C-H bending / mixed-phase C-C stretching                 C-H bending 64.96%; mixed-phase C-C stretching 12.86%; mixed-phase C-O stretching 12.76%; C-C torsion 3.62%
   24      826.24          --                 --  mixed C-H bending / mixed-phase C-C stretching                 C-H bending 48.08%; mixed-phase C-C stretching 21.10%; C-C torsion 12.18%; C-O stretching 9.38%
   25      859.61          --                 --  mixed C-H bending / C-C stretching / C-O stretching            C-H bending 30.70%; C-C stretching 27.45%; C-O stretching 15.75%; C-C torsion 14.99%
   26      926.38          --                 --  mixed C-O stretching / C-H bending / C-C stretching            C-O stretching 33.71%; C-H bending 30.95%; C-C stretching 19.81%; C-C torsion 8.28%
   27      933.46          --                 --  mixed C-H bending / C-O torsion                                C-H bending 66.90%; C-O torsion 13.95%; opposite-phase C-C stretching 10.53%; C-C torsion 7.99%
   28      943.98          --                 --  mixed C-H bending / C-C torsion                                C-H bending 59.63%; C-C torsion 14.33%; mixed-phase C-C stretching 10.84%; C-O torsion 6.08%
   29      949.87          --                 --  mixed C-H bending / C-C torsion                                C-H bending 59.35%; C-C torsion 11.23%; mixed-phase C-C stretching 9.43%; C-O torsion 8.75%
   30      981.87          --                 --  mixed C-H bending / C-O stretching                             C-H bending 60.65%; C-O stretching 10.03%; mixed-phase C-C stretching 9.80%; C-C torsion 8.50%
   31     1042.69          --                 --  mixed opposite-phase C-C stretching / C-H bending              opposite-phase C-C stretching 50.36%; C-H bending 20.49%; mixed-phase C-O stretching 14.83%; C-C torsion 4.51%
   32     1087.57          --                 --  mixed C-H bending / O-H bending                                C-H bending 44.06%; O-H bending 16.56%; opposite-phase C-O stretching 13.18%; C-C stretching 12.82%
   33     1095.09          --                 --  mixed mixed-phase C-O stretching / C-H bending                 mixed-phase C-O stretching 49.64%; C-H bending 29.76%; O-H bending 7.28%; C-C stretching 6.85%
   34     1123.83          --                 --  mixed C-H bending / mixed-phase C-C stretching                 C-H bending 33.38%; mixed-phase C-C stretching 30.35%; opposite-phase C-O stretching 11.00%; C-C-C bending 10.18%
   35     1149.63          --                 --  mixed C-H bending / mixed-phase C-O stretching                 C-H bending 56.68%; mixed-phase C-O stretching 17.44%; C-C torsion 11.79%; mixed-phase C-C stretching 9.74%
   36     1154.18          --                 --  mixed C-H bending / mixed-phase C-C stretching                 C-H bending 47.47%; mixed-phase C-C stretching 24.77%; C-C torsion 8.14%; O-C-C bending 4.98%
   37     1177.20          --                 --  mixed C-H bending / mixed-phase C-O stretching                 C-H bending 40.08%; mixed-phase C-O stretching 15.43%; mixed-phase C-C stretching 12.66%; C-C-C bending 11.03%
   38     1201.88          --                 --  mixed C-H bending / C-C-C bending                              C-H bending 63.72%; C-C-C bending 11.94%; C-C stretching 8.15%; C-O torsion 5.81%
   39     1221.85          --                 --  C-H bending                                                    C-H bending 86.11%; O-H bending 4.22%; C-O torsion 4.10%
   40     1296.39          --                 --  C-H bending                                                    C-H bending 78.24%; O-H bending 14.95%; C-C torsion 2.24%
   41     1306.50          --                 --  mixed C-H bending / C-C out-of-plane bending                   C-H bending 65.42%; C-C out-of-plane bending 27.23%; C-C torsion 2.36%
   42     1335.16          --                 --  C-H bending                                                    C-H bending 80.36%; O-H bending 10.83%; C-C out-of-plane bending 2.66%; C-C torsion 2.52%
   43     1367.73          --                 --  mixed C-O torsion / C-H bending                                C-O torsion 42.94%; C-H bending 40.28%; C-C out-of-plane bending 5.30%; C-H out-of-plane bending 3.61%
   44     1372.49          --                 --  mixed C-H bending / C-O torsion                                C-H bending 68.93%; C-O torsion 19.47%; C-H out-of-plane bending 4.97%; C-C out-of-plane bending 3.68%
   45     1389.14          --                 --  mixed C-H bending / C-C out-of-plane bending                   C-H bending 51.84%; C-C out-of-plane bending 32.32%; mixed-phase C-C stretching 7.84%; C-C torsion 3.61%
   46     1404.48          --                 --  mixed C-H bending / C-H out-of-plane bending                   C-H bending 45.24%; C-H out-of-plane bending 45.16%; opposite-phase C-C stretching 4.80%; C-O torsion 4.09%
   47     1411.80          --                 --  C-H bending                                                    C-H bending 93.31%; C-C stretching 2.50%
   48     1420.59          --                 --  mixed C-H bending / C-H out-of-plane bending                   C-H bending 68.11%; C-H out-of-plane bending 11.63%; C-C torsion 8.52%; O-H bending 6.69%
   49     1421.60          --                 --  mixed C-H out-of-plane bending / C-H bending                   C-H out-of-plane bending 54.45%; C-H bending 39.82%; C-C stretching 2.81%
   50     1443.58          --                 --  C-H bending                                                    C-H bending 82.58%; mixed-phase C-C stretching 8.38%; C-H out-of-plane bending 3.62%
   51     1484.19          --                 --  mixed C-H bending / C-C torsion                                C-H bending 49.58%; C-C torsion 38.87%; C-O torsion 5.56%; C-H out-of-plane bending 4.66%
   52     1486.44          --                 --  C-H bending                                                    C-H bending 84.36%; C-C torsion 13.39%
   53     1490.16          --                 --  mixed C-H bending / C-C torsion                                C-H bending 53.67%; C-C torsion 34.26%; C-H out-of-plane bending 11.52%
   54     1497.68          --                 --  mixed C-H bending / C-C torsion                                C-H bending 72.69%; C-C torsion 26.17%
   55     1498.79          --                 --  mixed C-H bending / C-C torsion                                C-H bending 63.60%; C-C torsion 35.84%
   56     1499.40          --                 --  C-H bending                                                    C-H bending 77.57%; C-C torsion 15.84%; C-H out-of-plane bending 5.58%
   57     1512.87          --                 --  mixed C-H bending / C-C torsion                                C-H bending 69.48%; C-C torsion 19.21%; C-H out-of-plane bending 10.58%
   58     1532.98          --                 --  C-H bending                                                    C-H bending 97.74%
   59     2954.63          --                 --  opposite-phase C-H stretching                                  opposite-phase C-H stretching 98.97%
   60     2961.18          --                 --  in-phase C-H stretching                                        in-phase C-H stretching 99.09%
   61     3016.34          --                 --  mixed-phase C-H stretching                                     mixed-phase C-H stretching 99.45%
   62     3021.83          --                 --  C-H stretching                                                 C-H stretching 99.51%
   63     3029.84          --                 --  mixed-phase C-H stretching                                     mixed-phase C-H stretching 99.30%
   64     3034.98          --                 --  mixed-phase C-H stretching                                     mixed-phase C-H stretching 99.33%
   65     3038.74          --                 --  C-H stretching                                                 C-H stretching 99.55%
   66     3043.08          --                 --  mixed-phase C-H stretching                                     mixed-phase C-H stretching 99.29%
   67     3067.92          --                 --  mixed-phase C-H stretching                                     mixed-phase C-H stretching 99.47%
   68     3088.19          --                 --  mixed-phase C-H stretching                                     mixed-phase C-H stretching 99.30%
   69     3095.49          --                 --  mixed-phase C-H stretching                                     mixed-phase C-H stretching 99.33%
   70     3103.85          --                 --  mixed-phase C-H stretching                                     mixed-phase C-H stretching 99.49%
   71     3106.00          --                 --  mixed-phase C-H stretching                                     mixed-phase C-H stretching 99.61%
   72     3109.55          --                 --  mixed-phase C-H stretching                                     mixed-phase C-H stretching 99.21%
   73     3111.51          --                 --  mixed-phase C-H stretching                                     mixed-phase C-H stretching 99.41%
   74     3783.39          --                 --  O-H stretching                                                 O-H stretching 99.88%

# Selected internal-coordinate set:
#   1  nu(C1-C2)
#   2  nu(O3-H14)
#   3  nu(C4-C5)
#   4  nu(O6-C7)
#   5  nu(C8-H20)
#   6  nu(C9-H24)
#   7  nu(C8-H22)
#   8  nu(C7-H19)
#   9  nu(C9-H25)
#  10  nu(C2-H13)
#  11  nu(C4-H16)
#  12  nu(C5-H18)
#  13  nu(C1-H10)
#  14  nu(C8-H21)
#  15  nu(C4-H15)
#  16  nu(C9-H23)
#  17  nu(C5-H17)
#  18  nu(C1-H12)
#  19  nu(C2-O3)
#  20  nu(C1-H11)
#  21  tau(C5-O6-C7-H19)
#  22  tau(H13-C2-O3-H14)
#  23  nu(C5-O6)
#  24  gamma(H24;C9,H23,H25)
#  25  gamma(H20;C8,H21,H22)
#  26  delta(H15-C4-H16)
#  27  delta(O6-C7-H19)
#  28  tau(H12-C1-C2-H13)
#  29  delta(H21-C8-H22)
#  30  delta(H23-C9-H25)
#  31  delta(H10-C1-H11)
#  32  delta(C2-O3-H14)
#  33  delta(H17-C5-H18)
#  34  delta(C5-C4-H16)
#  35  delta(C5-C4-H15)
#  36  delta(C2-C1-H10)
#  37  tau(O6-C7-C9-H24)
#  38  delta(C2-C1-H11)
#  39  tau(C9-C7-C8-H20)
#  40  delta(O6-C5-H18)
#  41  delta(O6-C5-H17)
#  42  delta(C2-C1-H12)
#  43  gamma(C1;C2,O3,H13)
#  44  delta(C7-C8-H20)
#  45  delta(C7-C9-H23)
#  46  tau(C9-C7-C8-H22)
#  47  nu(C7-C9)
#  48  delta(O3-C2-H13)
#  49  delta(C2-C4-H15)
#  50  nu(C7-C8)
#  51  tau(H11-C1-C2-O3)
#  52  tau(C8-C7-C9-H23)
#  53  delta(C4-C5-H18)
#  54  delta(C7-C8-H21)
#  55  nu(C2-C4)
#  56  delta(C7-C9-H25)
#  57  delta(C8-C7-H19)
#  58  delta(C5-O6-C7)
#  59  tau(H10-C1-C2-C4)
#  60  tau(C5-O6-C7-C9)
#  61  delta(C1-C2-C4)
#  62  tau(C1-C2-C4-C5)
#  63  delta(C4-C5-O6)
#  64  delta(C1-C2-O3)
#  65  delta(O6-C7-C9)
#  66  tau(C4-C5-O6-C7)
#  67  tau(C2-C4-C5-O6)
#  68  delta(C2-C4-C5)
#  69  delta(C8-C7-C9)

Wrote: /local/scratch/mv487/qm9s/experiment_1_phase2/ped/55354/55354_summary.csv
Wrote: /local/scratch/mv487/qm9s/experiment_1_phase2/ped/55354/55354_families.csv
Wrote: /local/scratch/mv487/qm9s/experiment_1_phase2/ped/55354/55354_ped.csv
Wrote: /local/scratch/mv487/qm9s/experiment_1_phase2/ped/55354/55354_ir_transitions.csv

# All generated files are in: /local/scratch/mv487/qm9s/experiment_1_phase2/ped/55354
# Manifest: /local/scratch/mv487/qm9s/experiment_1_phase2/ped/55354/55354_manifest.txt

--- stderr ---
Normal modes/frequencies absent or incomplete: diagonalizing Hessian.
