# Contact: romi@lens.unifi.it
# Manual: https://github.com/SebRoLENS/orca-ped-analyzer/blob/main/docs/ORCA_PED_Analyzer_Manual.md
# Check GitHub for updates and new releases: https://github.com/SebRoLENS/orca-ped-analyzer
#
# Molecule: 16 atoms | non-linear
# Bonds inferred: 17 | candidate ICs: 162 | selected ICs: 42
# Cartesian-Hessian reconstruction relative error: 2.620e-05
# Energy distribution: PED (PED is the backward-compatible default; TED includes kinetic-energy terms)
# Ring/cycle bonds detected: 6 | ring atoms: 5 | ring systems: 1
# VPT2: no matching .out file supplied/found -> harmonic/PED analysis only
#
 Mode   Harm/cm-1   VPT2/cm-1  Harm.Int/km mol-1  Assignment                                                     Grouped PED
------------------------------------------------------------------------------------------------------------------------------------------------------------------------------------------------
    6       57.61          --                 --  C-C torsion                                                    C-C torsion 98.81%
    7       96.03          --                 --  mixed C-C torsion / C-C-C bending                              C-C torsion 44.04%; C-C-C bending 28.02%; cyclic-ring torsional/out-of-plane deformation 13.00%; ring-site C-H out-of-plane bending 7.11%
    8      165.16          --                 --  mixed C-C torsion / C-C-C bending / cyclic-ring torsional/out-of-plane deformation C-C torsion 42.79%; C-C-C bending 19.55%; cyclic-ring torsional/out-of-plane deformation 17.53%; ring-site C-H out-of-plane bending 7.02%
    9      226.96          --                 --  mixed C-C torsion / C-C-C bending                              C-C torsion 35.50%; C-C-C bending 33.84%; C-O torsion 9.37%; O-C-C bending 9.31%
   10      255.72          --                 --  mixed C-C-C bending / C-C torsion / cyclic-ring torsional/out-of-plane deformation C-C-C bending 35.27%; C-C torsion 22.46%; cyclic-ring torsional/out-of-plane deformation 18.20%; ring-site C-H in-plane bending 6.17%
   11      374.87          --                 --  C-C torsion                                                    C-C torsion 76.10%; C-H bending 12.07%; C-C-N linear bending 8.75%; C-O torsion 2.37%
   12      424.36          --                 --  mixed C-O torsion / C-C torsion / C-C-C bending                C-O torsion 37.76%; C-C torsion 18.95%; C-C-C bending 18.56%; O-C-C bending 6.75%
   13      471.36          --                 --  C-O torsion                                                    C-O torsion 93.75%
   14      485.22          --                 --  C-O torsion                                                    C-O torsion 76.45%; C-C-C bending 5.05%; C-C-N linear bending 4.97%; C-H bending 3.50%
   15      597.98          --                 --  mixed C-H bending / C-C torsion / C-C-C bending                C-H bending 32.25%; C-C torsion 22.64%; C-C-C bending 20.28%; cyclic-ring torsional/out-of-plane deformation 7.18%
   16      651.91          --                 --  mixed cyclic-ring torsional/out-of-plane deformation / C-H bending cyclic-ring torsional/out-of-plane deformation 41.46%; C-H bending 15.57%; C-C-C bending 12.05%; cyclic C-C stretching 5.97%
   17      713.70          --                 --  mixed C-C torsion / opposite-phase cyclic C-O stretching       C-C torsion 29.72%; opposite-phase cyclic C-O stretching 29.46%; C-H bending 12.33%; ring-site C-H out-of-plane bending 8.51%
   18      780.73          --                 --  mixed cyclic C-C stretching / C-C torsion / C-H bending        cyclic C-C stretching 29.80%; C-C torsion 21.10%; C-H bending 20.49%; C-C-C bending 6.53%
   19      847.16          --                 --  mixed C-H bending / mixed-phase cyclic C-C stretching / cyclic C-O stretching C-H bending 31.06%; mixed-phase cyclic C-C stretching 19.78%; cyclic C-O stretching 18.16%; C-C torsion 16.86%
   20      862.11          --                 --  mixed C-H bending / C-C torsion                                C-H bending 32.08%; C-C torsion 16.71%; cyclic C-O stretching 11.58%; cyclic C-C stretching 9.48%
   21      902.17          --                 --  mixed mixed-phase cyclic C-C stretching / ring-site C-H out-of-plane bending mixed-phase cyclic C-C stretching 39.92%; ring-site C-H out-of-plane bending 28.50%; C-O torsion 6.92%; ring-site C-H in-plane bending 6.67%
   22      938.04          --                 --  mixed cyclic C-C stretching / C-C stretching                   cyclic C-C stretching 30.90%; C-C stretching 23.45%; cyclic C-O stretching 13.27%; C-C torsion 6.99%
   23      956.48          --                 --  mixed C-C-C bending / C-C torsion / C-C stretching             C-C-C bending 24.37%; C-C torsion 20.09%; C-C stretching 15.62%; C-H bending 14.41%
   24      968.07          --                 --  C-H bending                                                    C-H bending 74.48%; C-C torsion 8.64%; C-C-C bending 4.74%; ring-site C-H in-plane bending 4.47%
   25     1016.42          --                 --  mixed C-C-C bending / in-phase cyclic C-O stretching / ring-site C-H out-of-plane bending C-C-C bending 19.35%; in-phase cyclic C-O stretching 18.56%; ring-site C-H out-of-plane bending 17.63%; mixed-phase cyclic C-C stretching 16.58%
   26     1063.98          --                 --  ring-site C-H out-of-plane bending                             ring-site C-H out-of-plane bending 79.10%; C-C torsion 4.02%; exocyclic C-C stretching 3.44%; C-H bending 3.18%
   27     1104.95          --                 --  mixed C-H bending / exocyclic C-O stretching                   C-H bending 32.70%; exocyclic C-O stretching 18.87%; C-C torsion 14.27%; C-C-C bending 8.66%
   28     1114.07          --                 --  mixed exocyclic C-C stretching / cyclic C-C stretching         exocyclic C-C stretching 27.52%; cyclic C-C stretching 21.39%; ring-site C-H out-of-plane bending 13.34%; C-C-C bending 12.27%
   29     1172.08          --                 --  mixed C-H bending / ring-site C-H in-plane bending             C-H bending 41.89%; ring-site C-H in-plane bending 16.27%; C-C torsion 12.14%; O-H bending 6.42%
   30     1224.40          --                 --  mixed ring-site C-H in-plane bending / C-H bending             ring-site C-H in-plane bending 30.62%; C-H bending 28.77%; cyclic C-C stretching 13.84%; C-O torsion 9.23%
   31     1243.72          --                 --  mixed C-H bending / ring-site C-H out-of-plane bending         C-H bending 43.97%; ring-site C-H out-of-plane bending 17.96%; ring-site C-H in-plane bending 11.29%; C-O torsion 11.01%
   32     1249.10          --                 --  C-H bending                                                    C-H bending 89.27%; ring-site C-H out-of-plane bending 3.49%; ring-site C-H in-plane bending 2.26%
   33     1263.42          --                 --  mixed ring-site C-H in-plane bending / C-H bending             ring-site C-H in-plane bending 25.82%; C-H bending 23.68%; mixed-phase cyclic C-C stretching 14.01%; ring-site C-H out-of-plane bending 11.00%
   34     1300.39          --                 --  mixed C-H bending / O-H bending                                C-H bending 30.36%; O-H bending 14.32%; C-C torsion 13.43%; ring-site C-H out-of-plane bending 11.79%
   35     1316.69          --                 --  C-H bending                                                    C-H bending 82.39%; ring-site C-H in-plane bending 5.48%; C-C torsion 5.41%
   36     1367.82          --                 --  mixed C-H bending / mixed-phase cyclic C-C stretching          C-H bending 46.40%; mixed-phase cyclic C-C stretching 18.98%; ring-site C-H in-plane bending 13.21%; in-phase cyclic C-O stretching 8.56%
   37     1392.11          --                 --  C-H bending                                                    C-H bending 79.70%; ring-site C-H out-of-plane bending 6.27%; cyclic C-C stretching 4.27%; ring-site C-H in-plane bending 2.62%
   38     1437.63          --                 --  mixed C-H bending / ring-site C-H in-plane bending             C-H bending 55.88%; ring-site C-H in-plane bending 18.84%; O-H bending 16.37%; cyclic C-C stretching 5.05%
   39     1472.99          --                 --  C-H bending                                                    C-H bending 88.96%; C-C torsion 10.77%
   40     2365.28          --                 --  C-N stretching                                                 C-N stretching 90.21%; C-C stretching 9.61%
   41     3044.52          --                 --  C-H stretching                                                 C-H stretching 98.48%
   42     3075.84          --                 --  ring-site C-H stretching                                       ring-site C-H stretching 81.17%; mixed-phase C-H stretching 16.39%
   43     3093.28          --                 --  mixed-phase C-H stretching                                     mixed-phase C-H stretching 81.72%; mixed-phase ring-site C-H stretching 16.27%
   44     3114.05          --                 --  ring-site C-H stretching                                       ring-site C-H stretching 98.78%
   45     3189.13          --                 --  opposite-phase ring-site C-H stretching                        opposite-phase ring-site C-H stretching 99.42%
   46     3202.58          --                 --  in-phase ring-site C-H stretching                              in-phase ring-site C-H stretching 98.55%
   47     3770.48          --                 --  O-H stretching                                                 O-H stretching 99.92%

# Selected internal-coordinate set:
#   1  nu(O1-H10)
#   2  nu(C2-C3)
#   3  nu(C5-C6)
#   4  nu(C7-C8)
#   5  nu(C3-C5)
#   6  nu(C2-C6)
#   7  nu(C7-H15)
#   8  delta_lin1(C7-C8-N9)
#   9  nu(C6-H14)
#  10  nu(C2-H11)
#  11  nu(C3-O4)
#  12  delta_lin2(C7-C8-N9)
#  13  nu(C7-H16)
#  14  gamma(H13;C5,C3,C6)
#  15  tau(H10-O1-C2-H11)
#  16  delta(C2-O1-H10)
#  17  nu(C5-H13)
#  18  nu(C8-N9)
#  19  nu(C3-H12)
#  20  delta(C2-C6-H14)
#  21  delta(H15-C7-H16)
#  22  tau(C6-C2-C3-H12)
#  23  nu(O4-C5)
#  24  nu(O1-C2)
#  25  tau(C3-C2-C6-H14)
#  26  delta(C6-C7-H15)
#  27  delta(C6-C7-H16)
#  28  tau(C2-C3-C5-O4)
#  29  delta(O1-C2-H11)
#  30  delta(C2-C3-H12)
#  31  gamma(H13;C5,C3,O4)
#  32  delta(O1-C2-C6)
#  33  nu(C6-C7)
#  34  tau(C2-C6-C7-H15)
#  35  tau(H10-O1-C2-C6)
#  36  delta(C8-C7-H16)
#  37  tau(C5-C6-C7-C8)
#  38  tau(O4-C5-C6-C2)
#  39  delta(C3-C2-H11)
#  40  delta(C2-C6-C7)
#  41  delta(C6-C7-C8)
#  42  delta(C5-C6-C7)

Wrote: /local/scratch/mv487/qm9s/experiment_1_phase2/ped/75733/75733_summary.csv
Wrote: /local/scratch/mv487/qm9s/experiment_1_phase2/ped/75733/75733_families.csv
Wrote: /local/scratch/mv487/qm9s/experiment_1_phase2/ped/75733/75733_ped.csv
Wrote: /local/scratch/mv487/qm9s/experiment_1_phase2/ped/75733/75733_ir_transitions.csv

# All generated files are in: /local/scratch/mv487/qm9s/experiment_1_phase2/ped/75733
# Manifest: /local/scratch/mv487/qm9s/experiment_1_phase2/ped/75733/75733_manifest.txt

--- stderr ---
Normal modes/frequencies absent or incomplete: diagonalizing Hessian.
