# Contact: romi@lens.unifi.it
# Manual: https://github.com/SebRoLENS/orca-ped-analyzer/blob/main/docs/ORCA_PED_Analyzer_Manual.md
# Check GitHub for updates and new releases: https://github.com/SebRoLENS/orca-ped-analyzer
#
# Molecule: 21 atoms | non-linear
# Bonds inferred: 21 | candidate ICs: 196 | selected ICs: 57
# Cartesian-Hessian reconstruction relative error: 2.134e-05
# Energy distribution: PED (PED is the backward-compatible default; TED includes kinetic-energy terms)
# Ring/cycle bonds detected: 4 | ring atoms: 4 | ring systems: 1
# VPT2: no matching .out file supplied/found -> harmonic/PED analysis only
#
 Mode   Harm/cm-1   VPT2/cm-1  Harm.Int/km mol-1  Assignment                                                     Grouped PED
------------------------------------------------------------------------------------------------------------------------------------------------------------------------------------------------
    6       59.24          --                 --  mixed C-C torsion / cyclic-ring torsional/out-of-plane deformation C-C torsion 50.09%; cyclic-ring torsional/out-of-plane deformation 26.98%; ring-site C-H out-of-plane bending 9.59%; C-O torsion 7.23%
    7       78.01          --                 --  C-C torsion                                                    C-C torsion 84.64%; cyclic-ring torsional/out-of-plane deformation 9.93%; ring-site C-H out-of-plane bending 2.94%
    8       90.98          --                 --  C-C torsion                                                    C-C torsion 97.46%
    9      126.20          --                 --  mixed cyclic-ring torsional/out-of-plane deformation / C-O torsion cyclic-ring torsional/out-of-plane deformation 51.47%; C-O torsion 15.48%; C-C torsion 7.73%; C-C out-of-plane bending 7.20%
   10      180.57          --                 --  mixed cyclic-ring torsional/out-of-plane deformation / ring-site C-H out-of-plane bending / C-C torsion cyclic-ring torsional/out-of-plane deformation 48.44%; ring-site C-H out-of-plane bending 27.71%; C-C torsion 16.16%; C-C out-of-plane bending 2.12%
   11      217.79          --                 --  mixed C-C torsion / cyclic-ring torsional/out-of-plane deformation C-C torsion 55.24%; cyclic-ring torsional/out-of-plane deformation 20.07%; cyclic-ring out-of-plane deformation 14.58%; C-C-C bending 2.13%
   12      247.09          --                 --  C-C torsion                                                    C-C torsion 97.92%
   13      291.18          --                 --  mixed C-C torsion / cyclic-ring torsional/out-of-plane deformation C-C torsion 39.19%; cyclic-ring torsional/out-of-plane deformation 17.22%; ring-site C-H out-of-plane bending 11.18%; cyclic C-C stretching 8.86%
   14      335.60          --                 --  mixed C-C torsion / C-C out-of-plane bending / ring-site C-H out-of-plane bending C-C torsion 31.82%; C-C out-of-plane bending 24.00%; ring-site C-H out-of-plane bending 23.90%; cyclic-ring torsional/out-of-plane deformation 7.22%
   15      355.81          --                 --  mixed C-C torsion / cyclic-ring torsional/out-of-plane deformation / cyclic-ring out-of-plane deformation C-C torsion 29.33%; cyclic-ring torsional/out-of-plane deformation 18.64%; cyclic-ring out-of-plane deformation 16.57%; C-C-C bending 16.33%
   16      450.23          --                 --  mixed cyclic-ring torsional/out-of-plane deformation / ring-site C-H out-of-plane bending cyclic-ring torsional/out-of-plane deformation 41.42%; ring-site C-H out-of-plane bending 14.96%; C-C torsion 11.08%; cyclic C-C stretching 8.05%
   17      488.86          --                 --  mixed ring-site C-H out-of-plane bending / ring-site C-H in-plane bending ring-site C-H out-of-plane bending 42.55%; ring-site C-H in-plane bending 13.00%; cyclic-ring deformation (C-C-C bend) 12.57%; C-C torsion 11.24%
   18      568.13          --                 --  mixed ring-site C-H out-of-plane bending / C-C out-of-plane bending ring-site C-H out-of-plane bending 43.97%; C-C out-of-plane bending 11.01%; cyclic-ring torsional/out-of-plane deformation 10.42%; mixed-phase cyclic C-C stretching 9.86%
   19      708.10          --                 --  mixed C-C torsion / in-phase cyclic C-C stretching             C-C torsion 44.12%; in-phase cyclic C-C stretching 17.64%; ring-site C-H out-of-plane bending 10.42%; C-H bending 9.37%
   20      730.56          --                 --  mixed cyclic-ring deformation (C-C-C bend) / ring-site C-H out-of-plane bending cyclic-ring deformation (C-C-C bend) 32.73%; ring-site C-H out-of-plane bending 26.65%; ring-site C-H in-plane bending 10.04%; cyclic C-C stretching 9.44%
   21      753.88          --                 --  C-C torsion                                                    C-C torsion 71.63%; C-H bending 15.94%; ring-site C-H in-plane bending 2.86%; cyclic C-C stretching 2.52%
   22      768.95          --                 --  mixed ring-site C-H in-plane bending / ring-site C-H out-of-plane bending ring-site C-H in-plane bending 54.46%; ring-site C-H out-of-plane bending 15.21%; C-C torsion 10.04%; cyclic-ring deformation (C-C-C bend) 7.68%
   23      863.28          --                 --  mixed C-C torsion / C-H bending / ring-site C-H out-of-plane bending C-C torsion 33.65%; C-H bending 28.97%; ring-site C-H out-of-plane bending 16.50%; exocyclic C-C stretching 6.38%
   24      881.91          --                 --  mixed opposite-phase cyclic C-C stretching / C-H bending / ring-site C-H out-of-plane bending opposite-phase cyclic C-C stretching 24.87%; C-H bending 24.79%; ring-site C-H out-of-plane bending 18.21%; C-C stretching 11.71%
   25      913.83          --                 --  mixed cyclic C-C stretching / C-H bending                      cyclic C-C stretching 56.17%; C-H bending 18.58%; C-C torsion 6.12%; C-C out-of-plane bending 4.94%
   26      939.07          --                 --  mixed ring-site C-H out-of-plane bending / C-C stretching      ring-site C-H out-of-plane bending 42.26%; C-C stretching 10.43%; exocyclic C-C stretching 9.37%; ring-site C-H in-plane bending 8.95%
   27      972.78          --                 --  mixed mixed-phase cyclic C-C stretching / C-C out-of-plane bending / C-H bending mixed-phase cyclic C-C stretching 23.19%; C-C out-of-plane bending 17.95%; C-H bending 17.86%; C-C torsion 12.15%
   28     1025.19          --                 --  mixed ring-site C-H in-plane bending / mixed-phase cyclic C-C stretching ring-site C-H in-plane bending 31.26%; mixed-phase cyclic C-C stretching 26.37%; ring-site C-H out-of-plane bending 9.15%; C-H bending 8.88%
   29     1043.89          --                 --  mixed mixed-phase C-C stretching / C-H bending                 mixed-phase C-C stretching 62.88%; C-H bending 13.68%; C-C torsion 5.11%; ring-site C-H out-of-plane bending 3.05%
   30     1060.49          --                 --  mixed C-H bending / cyclic C-C stretching                      C-H bending 30.27%; cyclic C-C stretching 18.23%; exocyclic C-O stretching 11.40%; cyclic-ring deformation (C-C-C bend) 9.62%
   31     1079.49          --                 --  mixed ring-site C-H in-plane bending / opposite-phase cyclic C-C stretching ring-site C-H in-plane bending 23.82%; opposite-phase cyclic C-C stretching 17.47%; C-H bending 13.94%; C-C out-of-plane bending 13.05%
   32     1124.89          --                 --  mixed C-H bending / ring-site C-H out-of-plane bending         C-H bending 24.11%; ring-site C-H out-of-plane bending 16.89%; C-C stretching 11.66%; ring-site C-H in-plane bending 10.48%
   33     1142.46          --                 --  mixed C-H bending / O-H bending                                C-H bending 42.31%; O-H bending 11.61%; C-C out-of-plane bending 9.08%; ring-site C-H out-of-plane bending 7.62%
   34     1187.98          --                 --  mixed ring-site C-H out-of-plane bending / ring-site C-H in-plane bending / C-C out-of-plane bending ring-site C-H out-of-plane bending 40.49%; ring-site C-H in-plane bending 20.13%; C-C out-of-plane bending 18.18%; cyclic C-C stretching 6.13%
   35     1205.37          --                 --  mixed ring-site C-H in-plane bending / C-C out-of-plane bending ring-site C-H in-plane bending 37.00%; C-C out-of-plane bending 18.61%; C-H bending 10.85%; ring-site C-H out-of-plane bending 10.20%
   36     1226.64          --                 --  mixed ring-site C-H in-plane bending / ring-site C-H out-of-plane bending ring-site C-H in-plane bending 51.29%; ring-site C-H out-of-plane bending 21.63%; C-H bending 5.91%; C-C torsion 5.19%
   37     1251.09          --                 --  mixed C-C out-of-plane bending / C-C torsion                   C-C out-of-plane bending 47.71%; C-C torsion 14.32%; ring-site C-H in-plane bending 13.09%; C-H bending 10.05%
   38     1294.68          --                 --  mixed C-H bending / C-C torsion                                C-H bending 30.69%; C-C torsion 20.96%; C-C out-of-plane bending 12.15%; exocyclic C-O stretching 8.33%
   39     1321.82          --                 --  mixed C-H bending / C-C out-of-plane bending / C-C torsion     C-H bending 40.64%; C-C out-of-plane bending 39.13%; C-C torsion 15.84%
   40     1337.21          --                 --  mixed C-H bending / O-H bending / C-C torsion                  C-H bending 44.29%; O-H bending 19.38%; C-C torsion 15.04%; C-C out-of-plane bending 6.50%
   41     1370.14          --                 --  mixed C-H bending / O-H bending                                C-H bending 32.98%; O-H bending 25.27%; C-C out-of-plane bending 10.49%; C-C torsion 9.21%
   42     1398.84          --                 --  mixed C-H bending / C-C out-of-plane bending                   C-H bending 43.51%; C-C out-of-plane bending 41.30%; mixed-phase C-C stretching 7.93%; C-C torsion 4.06%
   43     1419.09          --                 --  mixed C-H out-of-plane bending / C-H bending                   C-H out-of-plane bending 63.35%; C-H bending 34.16%
   44     1453.82          --                 --  mixed ring-site C-H out-of-plane bending / ring-site C-H in-plane bending ring-site C-H out-of-plane bending 49.68%; ring-site C-H in-plane bending 35.43%; C-H bending 7.99%; C-C torsion 3.07%
   45     1478.51          --                 --  C-C torsion                                                    C-C torsion 74.93%; C-H bending 17.60%; ring-site C-H out-of-plane bending 3.58%
   46     1491.97          --                 --  mixed C-H bending / ring-site C-H out-of-plane bending         C-H bending 68.71%; ring-site C-H out-of-plane bending 23.05%; ring-site C-H in-plane bending 6.24%
   47     1499.77          --                 --  mixed C-H bending / C-C torsion                                C-H bending 51.73%; C-C torsion 31.20%; C-H out-of-plane bending 16.18%
   48     1503.90          --                 --  C-C torsion                                                    C-C torsion 80.23%; C-H bending 18.72%
   49     1515.13          --                 --  mixed C-C torsion / C-H bending                                C-C torsion 45.79%; C-H bending 44.19%; C-H out-of-plane bending 8.78%
   50     1841.13          --                 --  mixed exocyclic C-O stretching / cyclic-ring deformation (C-C-C bend) exocyclic C-O stretching 69.81%; cyclic-ring deformation (C-C-C bend) 16.08%; in-phase cyclic C-C stretching 9.54%
   51     3015.62          --                 --  C-H stretching                                                 C-H stretching 99.40%
   52     3022.57          --                 --  C-H stretching                                                 C-H stretching 99.52%
   53     3034.23          --                 --  mixed-phase C-H stretching                                     mixed-phase C-H stretching 99.41%
   54     3050.97          --                 --  mixed-phase C-H stretching                                     mixed-phase C-H stretching 98.12%
   55     3067.62          --                 --  ring-site C-H stretching                                       ring-site C-H stretching 93.09%; mixed-phase C-H stretching 6.32%
   56     3069.58          --                 --  mixed-phase C-H stretching                                     mixed-phase C-H stretching 94.03%; ring-site C-H stretching 5.40%
   57     3074.35          --                 --  in-phase ring-site C-H stretching                              in-phase ring-site C-H stretching 98.95%
   58     3091.74          --                 --  mixed-phase C-H stretching                                     mixed-phase C-H stretching 99.49%
   59     3094.53          --                 --  mixed-phase C-H stretching                                     mixed-phase C-H stretching 99.66%
   60     3121.19          --                 --  mixed-phase ring-site C-H stretching                           mixed-phase ring-site C-H stretching 98.80%
   61     3135.13          --                 --  mixed-phase ring-site C-H stretching                           mixed-phase ring-site C-H stretching 99.57%
   62     3793.92          --                 --  O-H stretching                                                 O-H stretching 99.90%

# Selected internal-coordinate set:
#   1  nu(C6-C7)
#   2  nu(C1-H11)
#   3  nu(C2-C3)
#   4  nu(C4-O5)
#   5  nu(C8-O9)
#   6  nu(C1-H10)
#   7  nu(C2-H14)
#   8  nu(O5-H17)
#   9  nu(C3-H16)
#  10  nu(C6-H18)
#  11  nu(C7-H21)
#  12  nu(C1-H12)
#  13  nu(C2-H13)
#  14  nu(C3-H15)
#  15  tau(H18-C6-C7-H21)
#  16  tau(C8-C4-O5-H17)
#  17  delta(C7-C8-O9)
#  18  tau(C6-C7-C8-O9)
#  19  nu(C6-H19)
#  20  nu(C7-H20)
#  21  gamma(C3;C4,O5,C6)
#  22  tau(H13-C2-C3-H15)
#  23  gamma(H10;C1,H11,H12)
#  24  tau(H14-C2-C3-H16)
#  25  gamma(C7;C6,H18,H19)
#  26  delta(H11-C1-H12)
#  27  tau(H19-C6-C7-H20)
#  28  delta(C3-C2-H14)
#  29  delta(C3-C2-H13)
#  30  delta(C4-O5-H17)
#  31  gamma(C2;C3,H15,H16)
#  32  tau(H10-C1-C2-C3)
#  33  tau(H20-C7-C8-C4)
#  34  delta(C6-C7-H21)
#  35  tau(H15-C3-C4-C8)
#  36  delta(H18-C6-H19)
#  37  nu(C4-C6)
#  38  delta(C2-C1-H10)
#  39  tau(H16-C3-C4-O5)
#  40  nu(C7-C8)
#  41  gamma(C3;C4,C6,C8)
#  42  delta(C2-C1-H12)
#  43  nu(C1-C2)
#  44  delta(C7-C6-H18)
#  45  nu(C4-C8)
#  46  tau(H12-C1-C2-C3)
#  47  tau(O5-C4-C8-C7)
#  48  nu(C3-C4)
#  49  tau(C3-C4-C8-C7)
#  50  delta(C4-C3-H15)
#  51  delta(C8-C7-H20)
#  52  tau(C2-C3-C4-C6)
#  53  delta(C1-C2-C3)
#  54  tau(C1-C2-C3-C4)
#  55  tau(O5-C4-C6-C7)
#  56  delta(C4-C8-C7)
#  57  delta(C4-C3-H16)

Wrote: /local/scratch/mv487/qm9s/experiment_1_phase2/ped/109953/109953_summary.csv
Wrote: /local/scratch/mv487/qm9s/experiment_1_phase2/ped/109953/109953_families.csv
Wrote: /local/scratch/mv487/qm9s/experiment_1_phase2/ped/109953/109953_ped.csv
Wrote: /local/scratch/mv487/qm9s/experiment_1_phase2/ped/109953/109953_ir_transitions.csv

# All generated files are in: /local/scratch/mv487/qm9s/experiment_1_phase2/ped/109953
# Manifest: /local/scratch/mv487/qm9s/experiment_1_phase2/ped/109953/109953_manifest.txt

--- stderr ---
Normal modes/frequencies absent or incomplete: diagonalizing Hessian.
