# Contact: romi@lens.unifi.it
# Manual: https://github.com/SebRoLENS/orca-ped-analyzer/blob/main/docs/ORCA_PED_Analyzer_Manual.md
# Check GitHub for updates and new releases: https://github.com/SebRoLENS/orca-ped-analyzer
#
# Molecule: 15 atoms | non-linear
# Bonds inferred: 14 | candidate ICs: 72 | selected ICs: 39
# Cartesian-Hessian reconstruction relative error: 6.864e-06
# Energy distribution: PED (PED is the backward-compatible default; TED includes kinetic-energy terms)
# Ring/cycle bonds detected: 0 | ring atoms: 0 | ring systems: 0
# VPT2: no matching .out file supplied/found -> harmonic/PED analysis only
#
 Mode   Harm/cm-1   VPT2/cm-1  Harm.Int/km mol-1  Assignment                                                     Grouped PED
------------------------------------------------------------------------------------------------------------------------------------------------------------------------------------------------
    6       25.12          --                 --  C-N torsion                                                    C-N torsion 77.98%; N-C-C bending 11.24%; C-H bending 2.63%
    7       56.79          --                 --  mixed C-N torsion / N-C-C bending                              C-N torsion 50.09%; N-C-C bending 18.12%; C-O torsion 16.73%; C-C-C linear bending 4.78%
    8      106.79          --                 --  C-O torsion                                                    C-O torsion 83.01%; C-N torsion 13.73%
    9      115.94          --                 --  mixed C-O torsion / C-N torsion                                C-O torsion 57.13%; C-N torsion 14.78%; N-C-C bending 10.05%; C-C-C linear bending 6.62%
   10      173.83          --                 --  mixed O-C-N bending / C-O-C bending / C-N-C bending            O-C-N bending 27.65%; C-O-C bending 24.39%; C-N-C bending 20.08%; C-N torsion 11.82%
   11      227.31          --                 --  mixed C-C-C linear bending / N-C-C bending                     C-C-C linear bending 39.60%; N-C-C bending 25.38%; C-N torsion 14.76%; C-H out-of-plane bending 6.19%
   12      308.33          --                 --  mixed C-N-C bending / C-O-C bending                            C-N-C bending 41.95%; C-O-C bending 19.03%; O-C-O bending 9.58%; C-C-C linear bending 7.87%
   13      326.32          --                 --  C-C-C linear bending                                           C-C-C linear bending 71.79%; C-H bending 13.31%; C-N-C bending 3.64%; C-C-H linear bending 2.65%
   14      398.07          --                 --  mixed O-C-N bending / C-N stretching / in-phase C-O stretching O-C-N bending 20.74%; C-N stretching 20.53%; in-phase C-O stretching 15.46%; C-O-C bending 13.94%
   15      503.77          --                 --  mixed C-N torsion / N-C-O bending                              C-N torsion 68.81%; N-C-O bending 7.74%; N-H bending 3.85%; C-O stretching 3.73%
   16      512.61          --                 --  mixed N-C-O bending / C-N torsion / O-C-O bending              N-C-O bending 23.88%; C-N torsion 21.09%; O-C-O bending 17.38%; C-O stretching 9.19%
   17      601.72          --                 --  mixed N-C-C bending / O-C-N bending                            N-C-C bending 32.29%; O-C-N bending 20.45%; C-C-C linear bending 8.27%; N-C-O bending 7.51%
   18      668.74          --                 --  C-C-H linear bending                                           C-C-H linear bending 96.36%; C-C-C linear bending 3.07%
   19      706.27          --                 --  C-C-H linear bending                                           C-C-H linear bending 95.92%; C-C-C linear bending 2.99%
   20      758.72          --                 --  C-N out-of-plane bending                                       C-N out-of-plane bending 83.29%; C-N torsion 6.17%; O-C-O bending 3.00%
   21      763.60          --                 --  mixed O-C-O bending / N-C-O bending                            O-C-O bending 28.58%; N-C-O bending 15.17%; C-O-C bending 10.19%; C-N-C bending 8.95%
   22      841.30          --                 --  C-N torsion                                                    C-N torsion 99.48%
   23      937.97          --                 --  mixed C-O stretching / C-H bending                             C-O stretching 26.19%; C-H bending 15.36%; C-C stretching 14.82%; N-C-O bending 10.99%
   24      946.20          --                 --  mixed C-C stretching / C-H bending / N-C-C bending             C-C stretching 40.70%; C-H bending 22.68%; N-C-C bending 19.60%; C-N stretching 5.20%
   25     1009.09          --                 --  mixed C-O stretching / C-N stretching / N-H bending            C-O stretching 39.37%; C-N stretching 19.77%; N-H bending 15.63%; C-C stretching 11.84%
   26     1061.92          --                 --  mixed C-H bending / C-H out-of-plane bending                   C-H bending 38.59%; C-H out-of-plane bending 18.03%; C-N-C bending 11.63%; C-N stretching 10.98%
   27     1068.69          --                 --  C-N torsion                                                    C-N torsion 99.73%
   28     1139.64          --                 --  mixed mixed-phase C-O stretching / C-N stretching              mixed-phase C-O stretching 36.10%; C-N stretching 33.74%; N-H bending 9.73%; O-C-O bending 7.91%
   29     1229.11          --                 --  mixed mixed-phase C-N stretching / N-H bending / mixed-phase C-O stretching mixed-phase C-N stretching 32.71%; N-H bending 24.33%; mixed-phase C-O stretching 21.37%; O-C-O bending 13.51%
   30     1259.31          --                 --  mixed N-H bending / C-O stretching / C-H bending               N-H bending 40.73%; C-O stretching 22.87%; C-H bending 20.88%; N-C-O bending 7.54%
   31     1282.21          --                 --  C-H bending                                                    C-H bending 82.09%; C-H out-of-plane bending 7.63%; N-H bending 3.40%
   32     1386.49          --                 --  mixed C-H bending / C-H out-of-plane bending                   C-H bending 54.58%; C-H out-of-plane bending 37.63%; C-C stretching 2.42%
   33     1395.07          --                 --  mixed C-H bending / C-H out-of-plane bending                   C-H bending 63.34%; C-H out-of-plane bending 14.98%; N-H bending 9.20%; C-N stretching 7.16%
   34     1486.89          --                 --  mixed C-H out-of-plane bending / C-H bending                   C-H out-of-plane bending 65.37%; C-H bending 31.13%
   35     1543.46          --                 --  mixed N-H bending / mixed-phase C-N stretching                 N-H bending 49.88%; mixed-phase C-N stretching 30.19%; C-H bending 11.74%; C-O stretching 3.29%
   36     1735.06          --                 --  C-N stretching                                                 C-N stretching 77.77%; C-H bending 13.11%; C-O stretching 4.42%
   37     1808.54          --                 --  mixed C-O stretching / C-N stretching                          C-O stretching 69.60%; C-N stretching 12.93%; O-C-N bending 9.12%; O-C-O bending 4.06%
   38     2233.29          --                 --  mixed-phase C-C stretching                                     mixed-phase C-C stretching 95.26%; C-H stretching 4.65%
   39     3032.09          --                 --  C-H stretching                                                 C-H stretching 99.52%
   40     3096.99          --                 --  mixed-phase C-H stretching                                     mixed-phase C-H stretching 99.26%
   41     3131.72          --                 --  C-H stretching                                                 C-H stretching 98.30%
   42     3475.20          --                 --  C-H stretching                                                 C-H stretching 95.42%; C-C stretching 4.58%
   43     3507.32          --                 --  N-H stretching                                                 N-H stretching 99.53%
   44     3627.86          --                 --  N-H stretching                                                 N-H stretching 99.48%

# Selected internal-coordinate set:
#   1  nu(N1-H10)
#   2  nu(O3-C4)
#   3  nu(N6-C7)
#   4  nu(C9-H15)
#   5  nu(C2-H11)
#   6  nu(C7-H14)
#   7  delta_lin2(C8-C9-H15)
#   8  delta_lin1(C8-C9-H15)
#   9  nu(C7-H13)
#  10  nu(N6-H12)
#  11  tau(H10-N1-C2-H11)
#  12  gamma(N6;C4,O3,O5)
#  13  nu(C4-O5)
#  14  nu(C2-O3)
#  15  tau(H10-N1-C2-O3)
#  16  nu(C7-C8)
#  17  tau(H12-N6-C7-H14)
#  18  delta(C2-N1-H10)
#  19  delta(O3-C4-O5)
#  20  delta(C7-N6-H12)
#  21  delta(O3-C2-H11)
#  22  delta(C8-C7-H13)
#  23  tau(O3-C4-N6-C7)
#  24  gamma(H14;C7,C8,H13)
#  25  nu(N1-C2)
#  26  nu(C8-C9)
#  27  delta_lin2(C7-C8-C9)
#  28  delta_lin1(C7-C8-C9)
#  29  nu(C4-N6)
#  30  delta(N1-C2-O3)
#  31  delta(N6-C7-H14)
#  32  tau(O5-C4-N6-H12)
#  33  delta(O3-C4-N6)
#  34  tau(C2-O3-C4-N6)
#  35  tau(N1-C2-O3-C4)
#  36  delta(C2-O3-C4)
#  37  delta(C4-N6-C7)
#  38  delta(C8-C7-H14)
#  39  delta(N6-C7-C8)

Wrote: /local/scratch/mv487/qm9s/experiment_1_phase2/ped/46896/46896_summary.csv
Wrote: /local/scratch/mv487/qm9s/experiment_1_phase2/ped/46896/46896_families.csv
Wrote: /local/scratch/mv487/qm9s/experiment_1_phase2/ped/46896/46896_ped.csv
Wrote: /local/scratch/mv487/qm9s/experiment_1_phase2/ped/46896/46896_ir_transitions.csv

# All generated files are in: /local/scratch/mv487/qm9s/experiment_1_phase2/ped/46896
# Manifest: /local/scratch/mv487/qm9s/experiment_1_phase2/ped/46896/46896_manifest.txt

--- stderr ---
Normal modes/frequencies absent or incomplete: diagonalizing Hessian.
