# Contact: romi@lens.unifi.it
# Manual: https://github.com/SebRoLENS/orca-ped-analyzer/blob/main/docs/ORCA_PED_Analyzer_Manual.md
# Check GitHub for updates and new releases: https://github.com/SebRoLENS/orca-ped-analyzer
#
# Molecule: 21 atoms | non-linear
# Bonds inferred: 22 | candidate ICs: 204 | selected ICs: 57
# Cartesian-Hessian reconstruction relative error: 1.721e-05
# Energy distribution: PED (PED is the backward-compatible default; TED includes kinetic-energy terms)
# Ring/cycle bonds detected: 7 | ring atoms: 6 | ring systems: 1
# VPT2: no matching .out file supplied/found -> harmonic/PED analysis only
#
 Mode   Harm/cm-1   VPT2/cm-1  Harm.Int/km mol-1  Assignment                                                     Grouped PED
------------------------------------------------------------------------------------------------------------------------------------------------------------------------------------------------
    6      133.79          --                 --  mixed C-C torsion / ring-site C-H out-of-plane bending / cyclic-ring torsional/out-of-plane deformation C-C torsion 35.76%; ring-site C-H out-of-plane bending 33.61%; cyclic-ring torsional/out-of-plane deformation 17.29%; C-C-C bending 8.52%
    7      146.44          --                 --  mixed cyclic-ring torsional/out-of-plane deformation / C-C torsion cyclic-ring torsional/out-of-plane deformation 65.58%; C-C torsion 18.67%; cyclic-ring deformation (C-C-O bend) 5.33%; cyclic-ring out-of-plane deformation 3.95%
    8      181.68          --                 --  C-C torsion                                                    C-C torsion 97.98%
    9      194.00          --                 --  C-C torsion                                                    C-C torsion 84.35%; ring-site C-H out-of-plane bending 5.41%; C-C-C bending 3.43%; cyclic-ring torsional/out-of-plane deformation 3.05%
   10      219.36          --                 --  C-C torsion                                                    C-C torsion 98.00%
   11      232.52          --                 --  C-C torsion                                                    C-C torsion 76.85%; C-C-C bending 16.07%; C-C out-of-plane bending 2.94%; cyclic-ring out-of-plane deformation 2.21%
   12      247.25          --                 --  mixed C-C-C bending / C-C torsion                              C-C-C bending 40.20%; C-C torsion 20.77%; C-H bending 7.96%; cyclic-ring torsional/out-of-plane deformation 7.68%
   13      325.63          --                 --  mixed C-C torsion / cyclic-ring torsional/out-of-plane deformation C-C torsion 45.08%; cyclic-ring torsional/out-of-plane deformation 26.04%; C-C-C bending 14.85%; cyclic-ring out-of-plane deformation 7.61%
   14      382.54          --                 --  mixed C-C torsion / cyclic-ring torsional/out-of-plane deformation / C-C-C bending C-C torsion 32.12%; cyclic-ring torsional/out-of-plane deformation 21.23%; C-C-C bending 19.62%; ring-site C-H out-of-plane bending 10.31%
   15      444.89          --                 --  mixed C-C-C bending / C-C torsion                              C-C-C bending 44.93%; C-C torsion 11.98%; C-C out-of-plane bending 10.75%; cyclic-ring deformation (C-C-O bend) 9.47%
   16      511.14          --                 --  mixed C-C-C bending / C-C torsion                              C-C-C bending 27.35%; C-C torsion 18.51%; C-H bending 10.61%; in-phase exocyclic C-C stretching 10.02%
   17      583.40          --                 --  mixed C-C-C bending / cyclic-ring out-of-plane deformation     C-C-C bending 23.07%; cyclic-ring out-of-plane deformation 22.01%; cyclic-ring torsional/out-of-plane deformation 10.98%; C-H bending 8.10%
   18      598.12          --                 --  mixed C-C torsion / cyclic-ring deformation (C-C-O bend)       C-C torsion 26.07%; cyclic-ring deformation (C-C-O bend) 15.16%; cyclic-ring torsional/out-of-plane deformation 14.12%; cyclic-ring torsional/out-of-plane deformation 10.79%
   19      643.02          --                 --  mixed C-C torsion / opposite-phase exocyclic C-C stretching    C-C torsion 29.48%; opposite-phase exocyclic C-C stretching 17.36%; mixed-phase cyclic C-C stretching 14.30%; opposite-phase cyclic C-O stretching 12.90%
   20      723.08          --                 --  mixed C-C torsion / C-H bending                                C-C torsion 44.61%; C-H bending 17.92%; mixed-phase cyclic C-O stretching 8.41%; C-C-C bending 6.52%
   21      809.39          --                 --  mixed opposite-phase cyclic C-O stretching / cyclic C-C stretching opposite-phase cyclic C-O stretching 28.09%; cyclic C-C stretching 15.82%; C-C torsion 13.11%; C-H bending 12.54%
   22      853.48          --                 --  mixed cyclic-ring out-of-plane deformation / C-H bending / cyclic C-O stretching cyclic-ring out-of-plane deformation 20.40%; C-H bending 19.61%; cyclic C-O stretching 16.00%; cyclic C-C stretching 12.04%
   23      860.52          --                 --  mixed cyclic-ring out-of-plane deformation / C-H bending       cyclic-ring out-of-plane deformation 34.44%; C-H bending 17.34%; C-C torsion 11.39%; cyclic C-O stretching 9.62%
   24      917.00          --                 --  mixed mixed-phase cyclic C-C stretching / C-H bending / cyclic-ring deformation (C-C-O bend) mixed-phase cyclic C-C stretching 34.64%; C-H bending 20.67%; cyclic-ring deformation (C-C-O bend) 16.41%; C-C torsion 8.60%
   25      933.44          --                 --  mixed mixed-phase cyclic C-C stretching / C-C torsion / C-H bending mixed-phase cyclic C-C stretching 38.10%; C-C torsion 22.87%; C-H bending 21.35%; cyclic C-O stretching 3.29%
   26      992.92          --                 --  mixed C-H bending / mixed-phase exocyclic C-C stretching       C-H bending 60.15%; mixed-phase exocyclic C-C stretching 10.80%; C-C torsion 8.49%; mixed-phase cyclic C-C stretching 7.06%
   27     1004.84          --                 --  mixed C-H bending / ring-site C-H out-of-plane bending         C-H bending 50.22%; ring-site C-H out-of-plane bending 21.96%; cyclic C-O stretching 10.81%; C-C torsion 3.85%
   28     1031.60          --                 --  mixed C-H bending / ring-site C-H in-plane bending             C-H bending 62.59%; ring-site C-H in-plane bending 7.51%; exocyclic C-C stretching 6.45%; mixed-phase cyclic C-C stretching 6.34%
   29     1049.77          --                 --  mixed opposite-phase exocyclic C-C stretching / C-H bending    opposite-phase exocyclic C-C stretching 26.78%; C-H bending 23.66%; ring-site C-H out-of-plane bending 9.77%; cyclic-ring torsional/out-of-plane deformation 9.40%
   30     1069.91          --                 --  mixed C-H bending / cyclic-ring torsional/out-of-plane deformation C-H bending 69.43%; cyclic-ring torsional/out-of-plane deformation 8.94%; ring-site C-H out-of-plane bending 5.18%; C-C torsion 4.13%
   31     1085.15          --                 --  mixed C-H bending / ring-site C-H out-of-plane bending         C-H bending 41.89%; ring-site C-H out-of-plane bending 17.07%; ring-site C-H in-plane bending 10.41%; in-phase exocyclic C-C stretching 9.29%
   32     1109.96          --                 --  mixed C-H bending / C-C-C bending                              C-H bending 48.53%; C-C-C bending 16.65%; C-C torsion 10.10%; exocyclic C-C stretching 7.32%
   33     1138.31          --                 --  mixed C-H bending / C-C-C bending                              C-H bending 42.04%; C-C-C bending 23.29%; cyclic-ring out-of-plane deformation 12.46%; cyclic C-C stretching 4.30%
   34     1193.39          --                 --  mixed exocyclic C-C stretching / ring-site C-H in-plane bending / mixed-phase cyclic C-C stretching exocyclic C-C stretching 28.83%; ring-site C-H in-plane bending 24.04%; mixed-phase cyclic C-C stretching 22.09%; C-H bending 12.69%
   35     1222.87          --                 --  mixed ring-site C-H out-of-plane bending / C-H bending / C-C out-of-plane bending ring-site C-H out-of-plane bending 24.88%; C-H bending 22.02%; C-C out-of-plane bending 20.05%; cyclic C-C stretching 10.76%
   36     1266.22          --                 --  mixed ring-site C-H in-plane bending / mixed-phase cyclic C-C stretching ring-site C-H in-plane bending 55.61%; mixed-phase cyclic C-C stretching 14.75%; C-H bending 13.85%; ring-site C-H out-of-plane bending 7.38%
   37     1309.91          --                 --  mixed C-H bending / C-C out-of-plane bending                   C-H bending 39.61%; C-C out-of-plane bending 33.73%; mixed-phase cyclic C-C stretching 10.43%; C-C-C bending 4.76%
   38     1340.31          --                 --  mixed C-H bending / ring-site C-H out-of-plane bending         C-H bending 43.21%; ring-site C-H out-of-plane bending 28.35%; cyclic C-C stretching 9.22%; C-C out-of-plane bending 7.89%
   39     1348.33          --                 --  mixed C-H bending / mixed-phase cyclic C-C stretching / ring-site C-H in-plane bending C-H bending 29.83%; mixed-phase cyclic C-C stretching 23.90%; ring-site C-H in-plane bending 22.61%; C-C out-of-plane bending 8.45%
   40     1410.24          --                 --  C-H bending                                                    C-H bending 97.85%
   41     1413.05          --                 --  C-H bending                                                    C-H bending 84.36%; mixed-phase cyclic C-C stretching 6.01%; C-C out-of-plane bending 2.06%
   42     1420.79          --                 --  C-H bending                                                    C-H bending 90.85%; exocyclic C-C stretching 7.57%
   43     1444.62          --                 --  mixed mixed-phase cyclic C-C stretching / C-H bending          mixed-phase cyclic C-C stretching 26.70%; C-H bending 25.96%; exocyclic C-C stretching 12.63%; C-C out-of-plane bending 11.17%
   44     1483.88          --                 --  mixed C-C torsion / C-H bending                                C-C torsion 73.03%; C-H bending 25.85%
   45     1488.34          --                 --  C-H bending                                                    C-H bending 90.64%; C-C torsion 6.34%
   46     1493.30          --                 --  C-H bending                                                    C-H bending 82.03%; C-C torsion 15.00%
   47     1498.11          --                 --  C-H bending                                                    C-H bending 87.23%; C-C torsion 10.75%
   48     1501.60          --                 --  mixed C-H bending / C-C torsion                                C-H bending 67.74%; C-C torsion 31.99%
   49     1506.91          --                 --  C-H bending                                                    C-H bending 82.92%; C-C torsion 16.18%
   50     1698.44          --                 --  cyclic C-C stretching                                          cyclic C-C stretching 71.37%; exocyclic C-C stretching 7.30%; C-C-C bending 4.75%; ring-site C-H in-plane bending 4.62%
   51     2992.66          --                 --  ring-site C-H stretching                                       ring-site C-H stretching 97.32%
   52     3016.49          --                 --  C-H stretching                                                 C-H stretching 99.67%
   53     3029.99          --                 --  mixed-phase C-H stretching                                     mixed-phase C-H stretching 99.50%
   54     3032.43          --                 --  C-H stretching                                                 C-H stretching 99.21%
   55     3058.88          --                 --  opposite-phase C-H stretching                                  opposite-phase C-H stretching 99.63%
   56     3086.05          --                 --  opposite-phase C-H stretching                                  opposite-phase C-H stretching 99.37%
   57     3089.52          --                 --  opposite-phase C-H stretching                                  opposite-phase C-H stretching 98.93%
   58     3103.16          --                 --  mixed-phase C-H stretching                                     mixed-phase C-H stretching 99.53%
   59     3112.41          --                 --  mixed-phase C-H stretching                                     mixed-phase C-H stretching 98.26%
   60     3113.66          --                 --  mixed-phase C-H stretching                                     mixed-phase C-H stretching 99.07%
   61     3143.54          --                 --  ring-site C-H stretching                                       ring-site C-H stretching 98.53%
   62     3170.96          --                 --  ring-site C-H stretching                                       ring-site C-H stretching 99.08%

# Selected internal-coordinate set:
#   1  nu(C1-C2)
#   2  nu(C3-C4)
#   3  nu(C5-H17)
#   4  nu(C6-O7)
#   5  nu(C9-H21)
#   6  nu(C5-H16)
#   7  nu(C9-H19)
#   8  nu(C2-H13)
#   9  nu(C1-H10)
#  10  nu(C6-H18)
#  11  nu(C5-H15)
#  12  nu(C9-H20)
#  13  nu(O7-C8)
#  14  nu(C1-H11)
#  15  nu(C3-H14)
#  16  tau(H18-C6-O7-C8)
#  17  gamma(C2;C3,C4,H14)
#  18  nu(C1-H12)
#  19  gamma(C8;C2,C1,H13)
#  20  delta(C4-C3-H14)
#  21  delta(O7-C6-H18)
#  22  nu(C4-C5)
#  23  nu(C8-C9)
#  24  tau(C6-C4-C5-H15)
#  25  gamma(O7;C8,C2,C9)
#  26  delta(H11-C1-H12)
#  27  delta(H16-C5-H17)
#  28  delta(H19-C9-H20)
#  29  delta(H10-C1-H12)
#  30  delta(H19-C9-H21)
#  31  delta(H10-C1-H11)
#  32  delta(H20-C9-H21)
#  33  delta(C4-C5-H16)
#  34  delta(C4-C5-H17)
#  35  delta(C1-C2-H13)
#  36  delta(C4-C5-H15)
#  37  tau(C4-C6-O7-C8)
#  38  delta(C8-C9-H21)
#  39  delta(C4-C6-O7)
#  40  nu(C2-C8)
#  41  delta(C2-C1-H10)
#  42  nu(C4-C6)
#  43  tau(C2-C3-C4-C5)
#  44  delta(C2-C1-H11)
#  45  nu(C2-C3)
#  46  delta(C8-C9-H19)
#  47  tau(H12-C1-C2-C3)
#  48  tau(C3-C4-C5-H17)
#  49  tau(H11-C1-C2-C8)
#  50  tau(O7-C8-C9-H20)
#  51  nu(C6-C8)
#  52  delta(C5-C4-C6)
#  53  delta(C1-C2-C3)
#  54  delta(C2-C8-C9)
#  55  tau(H13-C2-C3-C4)
#  56  tau(C4-C6-C8-C9)
#  57  delta(C1-C2-C8)

Wrote: /local/scratch/mv487/qm9s/experiment_1_phase2/ped/77604/77604_summary.csv
Wrote: /local/scratch/mv487/qm9s/experiment_1_phase2/ped/77604/77604_families.csv
Wrote: /local/scratch/mv487/qm9s/experiment_1_phase2/ped/77604/77604_ped.csv
Wrote: /local/scratch/mv487/qm9s/experiment_1_phase2/ped/77604/77604_ir_transitions.csv

# All generated files are in: /local/scratch/mv487/qm9s/experiment_1_phase2/ped/77604
# Manifest: /local/scratch/mv487/qm9s/experiment_1_phase2/ped/77604/77604_manifest.txt

--- stderr ---
Normal modes/frequencies absent or incomplete: diagonalizing Hessian.
