# Contact: romi@lens.unifi.it
# Manual: https://github.com/SebRoLENS/orca-ped-analyzer/blob/main/docs/ORCA_PED_Analyzer_Manual.md
# Check GitHub for updates and new releases: https://github.com/SebRoLENS/orca-ped-analyzer
#
# Molecule: 21 atoms | non-linear
# Bonds inferred: 23 | candidate ICs: 252 | selected ICs: 57
# Cartesian-Hessian reconstruction relative error: 8.720e-05
# Energy distribution: PED (PED is the backward-compatible default; TED includes kinetic-energy terms)
# Ring/cycle bonds detected: 11 | ring atoms: 9 | ring systems: 1
# VPT2: no matching .out file supplied/found -> harmonic/PED analysis only
#
 Mode   Harm/cm-1   VPT2/cm-1  Harm.Int/km mol-1  Assignment                                                     Grouped PED
------------------------------------------------------------------------------------------------------------------------------------------------------------------------------------------------
    6      105.46          --                 --  mixed cyclic-ring torsional/out-of-plane deformation / ring-site C-H out-of-plane bending cyclic-ring torsional/out-of-plane deformation 46.31%; ring-site C-H out-of-plane bending 43.34%; cyclic-ring deformation (C-C-C bend) 9.14%
    7      126.61          --                 --  ring-site C-H out-of-plane bending                             ring-site C-H out-of-plane bending 92.60%; cyclic-ring torsional/out-of-plane deformation 3.93%
    8      257.42          --                 --  cyclic-ring deformation (C-C-C bend)                           cyclic-ring deformation (C-C-C bend) 78.29%; ring-site C-H out-of-plane bending 13.17%; ring-site C-H in-plane bending 4.61%
    9      327.03          --                 --  mixed cyclic-ring deformation (C-C-C bend) / ring-site C-H out-of-plane bending cyclic-ring deformation (C-C-C bend) 56.25%; ring-site C-H out-of-plane bending 37.29%; cyclic-ring torsional/out-of-plane deformation 4.23%
   10      344.13          --                 --  mixed ring-site C-H out-of-plane bending / cyclic-ring deformation (C-C-C bend) ring-site C-H out-of-plane bending 36.99%; cyclic-ring deformation (C-C-C bend) 31.50%; cyclic-ring deformation (O-C-C bend) 14.41%; cyclic-ring torsional/out-of-plane deformation 12.66%
   11      382.23          --                 --  mixed ring-site C-H out-of-plane bending / cyclic-ring deformation (C-C-C bend) ring-site C-H out-of-plane bending 55.07%; cyclic-ring deformation (C-C-C bend) 22.32%; cyclic-ring deformation (O-C-C bend) 14.48%; ring-site C-H in-plane bending 5.79%
   12      386.66          --                 --  mixed ring-site C-H out-of-plane bending / cyclic-ring deformation (C-C-C bend) ring-site C-H out-of-plane bending 49.74%; cyclic-ring deformation (C-C-C bend) 38.67%; ring-site C-H in-plane bending 9.95%
   13      531.31          --                 --  mixed cyclic-ring deformation (C-C-C bend) / mixed-phase cyclic C-C stretching cyclic-ring deformation (C-C-C bend) 41.36%; mixed-phase cyclic C-C stretching 31.07%; ring-site C-H out-of-plane bending 14.52%; cyclic-ring deformation (O-C-C bend) 5.33%
   14      626.41          --                 --  mixed cyclic-ring deformation (C-C-C bend) / cyclic-ring deformation (C-O-C bend) cyclic-ring deformation (C-C-C bend) 37.62%; cyclic-ring deformation (C-O-C bend) 27.35%; mixed-phase cyclic C-C stretching 12.15%; ring-site C-H out-of-plane bending 10.03%
   15      760.72          --                 --  mixed mixed-phase cyclic C-C stretching / ring-site C-H out-of-plane bending mixed-phase cyclic C-C stretching 53.70%; ring-site C-H out-of-plane bending 13.39%; cyclic-ring deformation (C-C-C bend) 10.01%; ring-site C-H in-plane bending 8.59%
   16      781.89          --                 --  mixed ring-site C-H out-of-plane bending / ring-site C-H in-plane bending ring-site C-H out-of-plane bending 66.92%; ring-site C-H in-plane bending 13.86%; mixed-phase cyclic C-C stretching 10.30%; cyclic-ring deformation (C-C-C bend) 7.28%
   17      797.54          --                 --  mixed ring-site C-H out-of-plane bending / ring-site C-H in-plane bending ring-site C-H out-of-plane bending 53.38%; ring-site C-H in-plane bending 21.17%; cyclic C-C stretching 12.42%; cyclic-ring deformation (C-C-C bend) 9.05%
   18      846.73          --                 --  mixed mixed-phase cyclic C-C stretching / ring-site C-H out-of-plane bending mixed-phase cyclic C-C stretching 45.15%; ring-site C-H out-of-plane bending 32.21%; cyclic-ring deformation (C-C-C bend) 10.10%; cyclic-ring deformation (C-O-C bend) 5.88%
   19      850.49          --                 --  mixed cyclic-ring deformation (C-O-C bend) / mixed-phase cyclic C-C stretching / cyclic C-O stretching cyclic-ring deformation (C-O-C bend) 30.11%; mixed-phase cyclic C-C stretching 18.14%; cyclic C-O stretching 16.46%; ring-site C-H out-of-plane bending 16.08%
   20      871.51          --                 --  mixed mixed-phase cyclic C-C stretching / ring-site C-H in-plane bending / cyclic-ring deformation (C-O-C bend) mixed-phase cyclic C-C stretching 31.21%; ring-site C-H in-plane bending 27.51%; cyclic-ring deformation (C-O-C bend) 16.37%; ring-site C-H out-of-plane bending 10.62%
   21      896.98          --                 --  mixed mixed-phase cyclic C-C stretching / ring-site C-H out-of-plane bending mixed-phase cyclic C-C stretching 39.20%; ring-site C-H out-of-plane bending 24.04%; cyclic-ring deformation (C-O-C bend) 13.18%; ring-site C-H in-plane bending 10.06%
   22      909.26          --                 --  mixed ring-site C-H in-plane bending / ring-site C-H out-of-plane bending / mixed-phase cyclic C-C stretching ring-site C-H in-plane bending 26.10%; ring-site C-H out-of-plane bending 22.79%; mixed-phase cyclic C-C stretching 19.39%; cyclic C-O stretching 15.48%
   23      942.64          --                 --  mixed ring-site C-H out-of-plane bending / ring-site C-H in-plane bending ring-site C-H out-of-plane bending 47.71%; ring-site C-H in-plane bending 32.64%; mixed-phase cyclic C-C stretching 9.76%; cyclic-ring deformation (C-C-C bend) 5.30%
   24      944.37          --                 --  mixed ring-site C-H in-plane bending / mixed-phase cyclic C-C stretching ring-site C-H in-plane bending 46.56%; mixed-phase cyclic C-C stretching 17.70%; ring-site C-H out-of-plane bending 13.79%; cyclic-ring deformation (C-C-C bend) 11.08%
   25      973.80          --                 --  mixed-phase cyclic C-C stretching                              mixed-phase cyclic C-C stretching 72.97%; ring-site C-H out-of-plane bending 14.57%; C-C out-of-plane bending 4.19%; cyclic-ring deformation (C-C-C bend) 3.93%
   26     1002.94          --                 --  cyclic C-O stretching                                          cyclic C-O stretching 76.01%; ring-site C-H out-of-plane bending 6.94%; ring-site C-H in-plane bending 6.59%; cyclic C-C stretching 4.14%
   27     1023.03          --                 --  mixed mixed-phase cyclic C-C stretching / ring-site C-H out-of-plane bending / cyclic C-O stretching mixed-phase cyclic C-C stretching 35.14%; ring-site C-H out-of-plane bending 17.31%; cyclic C-O stretching 16.11%; cyclic-ring deformation (C-C-C bend) 11.82%
   28     1040.84          --                 --  mixed ring-site C-H out-of-plane bending / ring-site C-H in-plane bending ring-site C-H out-of-plane bending 34.96%; ring-site C-H in-plane bending 29.25%; mixed-phase cyclic C-O stretching 8.94%; mixed-phase cyclic C-C stretching 8.49%
   29     1048.19          --                 --  mixed C-C out-of-plane bending / ring-site C-H out-of-plane bending C-C out-of-plane bending 48.53%; ring-site C-H out-of-plane bending 41.81%; ring-site C-H in-plane bending 5.73%; cyclic C-C stretching 3.51%
   30     1071.86          --                 --  mixed ring-site C-H out-of-plane bending / C-C out-of-plane bending / mixed-phase cyclic C-C stretching ring-site C-H out-of-plane bending 36.34%; C-C out-of-plane bending 33.11%; mixed-phase cyclic C-C stretching 18.39%; ring-site C-H in-plane bending 5.83%
   31     1079.67          --                 --  mixed C-C out-of-plane bending / ring-site C-H out-of-plane bending C-C out-of-plane bending 49.31%; ring-site C-H out-of-plane bending 33.48%; ring-site C-H in-plane bending 9.65%; mixed-phase cyclic C-C stretching 4.45%
   32     1112.86          --                 --  mixed ring-site C-H in-plane bending / ring-site C-H out-of-plane bending / cyclic-ring deformation (C-C-C bend) ring-site C-H in-plane bending 27.38%; ring-site C-H out-of-plane bending 19.66%; cyclic-ring deformation (C-C-C bend) 18.93%; C-C out-of-plane bending 12.14%
   33     1165.00          --                 --  mixed ring-site C-H in-plane bending / ring-site C-H out-of-plane bending ring-site C-H in-plane bending 46.26%; ring-site C-H out-of-plane bending 31.00%; mixed-phase cyclic C-C stretching 10.29%; cyclic-ring deformation (C-C-C bend) 6.04%
   34     1167.47          --                 --  mixed ring-site C-H out-of-plane bending / mixed-phase cyclic C-C stretching ring-site C-H out-of-plane bending 53.77%; mixed-phase cyclic C-C stretching 17.42%; ring-site C-H in-plane bending 14.63%; cyclic-ring out-of-plane deformation 5.63%
   35     1174.67          --                 --  mixed ring-site C-H out-of-plane bending / cyclic-ring out-of-plane deformation ring-site C-H out-of-plane bending 39.86%; cyclic-ring out-of-plane deformation 31.25%; mixed-phase cyclic C-C stretching 12.12%; ring-site C-H in-plane bending 8.24%
   36     1188.86          --                 --  mixed ring-site C-H out-of-plane bending / ring-site C-H in-plane bending ring-site C-H out-of-plane bending 69.02%; ring-site C-H in-plane bending 25.32%; cyclic-ring deformation (C-C-C bend) 5.03%
   37     1250.70          --                 --  mixed ring-site C-H out-of-plane bending / ring-site C-H in-plane bending ring-site C-H out-of-plane bending 50.69%; ring-site C-H in-plane bending 23.82%; mixed-phase cyclic C-C stretching 16.61%; cyclic-ring deformation (C-C-C bend) 4.20%
   38     1272.49          --                 --  mixed ring-site C-H out-of-plane bending / cyclic-ring deformation (C-C-C bend) / mixed-phase cyclic C-C stretching ring-site C-H out-of-plane bending 34.21%; cyclic-ring deformation (C-C-C bend) 25.78%; mixed-phase cyclic C-C stretching 17.95%; ring-site C-H in-plane bending 17.90%
   39     1285.66          --                 --  mixed ring-site C-H out-of-plane bending / ring-site C-H in-plane bending / cyclic-ring deformation (C-C-C bend) ring-site C-H out-of-plane bending 42.29%; ring-site C-H in-plane bending 25.73%; cyclic-ring deformation (C-C-C bend) 15.06%; mixed-phase cyclic C-C stretching 14.39%
   40     1303.32          --                 --  mixed ring-site C-H in-plane bending / ring-site C-H out-of-plane bending ring-site C-H in-plane bending 65.29%; ring-site C-H out-of-plane bending 18.66%; mixed-phase cyclic C-C stretching 8.78%; cyclic-ring deformation (C-C-C bend) 2.56%
   41     1304.73          --                 --  mixed C-C out-of-plane bending / ring-site C-H in-plane bending C-C out-of-plane bending 42.89%; ring-site C-H in-plane bending 32.85%; cyclic C-C stretching 8.71%; ring-site C-H out-of-plane bending 7.94%
   42     1349.46          --                 --  mixed ring-site C-H in-plane bending / ring-site C-H out-of-plane bending / mixed-phase cyclic C-C stretching ring-site C-H in-plane bending 49.43%; ring-site C-H out-of-plane bending 21.47%; mixed-phase cyclic C-C stretching 17.04%; C-H bending 5.89%
   43     1352.87          --                 --  mixed ring-site C-H out-of-plane bending / mixed-phase cyclic C-C stretching ring-site C-H out-of-plane bending 63.39%; mixed-phase cyclic C-C stretching 11.02%; ring-site C-H in-plane bending 7.51%; cyclic-ring deformation (C-C-C bend) 6.84%
   44     1373.94          --                 --  mixed ring-site C-H in-plane bending / ring-site C-H out-of-plane bending ring-site C-H in-plane bending 37.97%; ring-site C-H out-of-plane bending 33.75%; mixed-phase cyclic C-C stretching 12.45%; cyclic-ring out-of-plane deformation 4.37%
   45     1391.84          --                 --  mixed mixed-phase cyclic C-C stretching / C-C out-of-plane bending / ring-site C-H in-plane bending mixed-phase cyclic C-C stretching 34.53%; C-C out-of-plane bending 17.25%; ring-site C-H in-plane bending 15.88%; ring-site C-H out-of-plane bending 15.08%
   46     1469.90          --                 --  C-H bending                                                    C-H bending 73.08%; ring-site C-H out-of-plane bending 13.33%; ring-site C-H in-plane bending 12.25%
   47     1474.32          --                 --  C-H bending                                                    C-H bending 73.55%; ring-site C-H out-of-plane bending 13.42%; ring-site C-H in-plane bending 11.92%
   48     1494.37          --                 --  C-H bending                                                    C-H bending 79.30%; ring-site C-H in-plane bending 14.93%; ring-site C-H out-of-plane bending 2.94%; cyclic C-C stretching 2.25%
   49     1511.86          --                 --  mixed C-H bending / ring-site C-H out-of-plane bending         C-H bending 59.96%; ring-site C-H out-of-plane bending 18.03%; ring-site C-H in-plane bending 11.73%; in-phase cyclic C-C stretching 9.60%
   50     1526.83          --                 --  mixed ring-site C-H out-of-plane bending / cyclic-ring out-of-plane deformation ring-site C-H out-of-plane bending 57.03%; cyclic-ring out-of-plane deformation 23.30%; ring-site C-H in-plane bending 13.06%; C-H bending 2.13%
   51     3008.78          --                 --  ring-site C-H stretching                                       ring-site C-H stretching 99.43%
   52     3017.08          --                 --  ring-site C-H stretching                                       ring-site C-H stretching 99.42%
   53     3018.94          --                 --  in-phase ring-site C-H stretching                              in-phase ring-site C-H stretching 99.38%
   54     3055.11          --                 --  ring-site C-H stretching                                       ring-site C-H stretching 98.91%
   55     3060.06          --                 --  opposite-phase ring-site C-H stretching                        opposite-phase ring-site C-H stretching 99.22%
   56     3066.63          --                 --  mixed-phase ring-site C-H stretching                           mixed-phase ring-site C-H stretching 99.03%
   57     3084.57          --                 --  mixed-phase ring-site C-H stretching                           mixed-phase ring-site C-H stretching 99.39%
   58     3100.95          --                 --  ring-site C-H stretching                                       ring-site C-H stretching 99.30%
   59     3116.02          --                 --  in-phase ring-site C-H stretching                              in-phase ring-site C-H stretching 99.45%
   60     3122.25          --                 --  in-phase ring-site C-H stretching                              in-phase ring-site C-H stretching 99.10%
   61     3190.89          --                 --  mixed-phase ring-site C-H stretching                           mixed-phase ring-site C-H stretching 98.88%
   62     3207.00          --                 --  mixed-phase ring-site C-H stretching                           mixed-phase ring-site C-H stretching 99.52%

# Selected internal-coordinate set:
#   1  nu(C1-C3)
#   2  nu(C2-H12)
#   3  nu(C4-C5)
#   4  nu(C6-O7)
#   5  nu(C8-H19)
#   6  nu(C9-H20)
#   7  nu(C9-H21)
#   8  nu(C4-H14)
#   9  nu(O7-C8)
#  10  nu(C6-H17)
#  11  nu(C5-H16)
#  12  nu(C2-H13)
#  13  nu(C1-H11)
#  14  nu(C4-H15)
#  15  nu(C6-H18)
#  16  gamma(H10;C1,C3,H11)
#  17  gamma(C3;C9,H20,H21)
#  18  gamma(C3;C2,H12,H13)
#  19  nu(C5-C8)
#  20  nu(C1-H10)
#  21  nu(C3-C4)
#  22  delta(H12-C2-H13)
#  23  gamma(H17;C6,O7,H18)
#  24  gamma(H16;C5,C4,C8)
#  25  delta(H20-C9-H21)
#  26  delta(O7-C8-H19)
#  27  tau(C6-O7-C8-H19)
#  28  delta(H14-C4-H15)
#  29  delta(C2-C3-C4)
#  30  tau(H16-C5-C6-H18)
#  31  delta(H10-C1-H11)
#  32  gamma(O7;C6,C5,H17)
#  33  delta(C5-C4-H15)
#  34  delta(O7-C8-C9)
#  35  delta(C5-C4-H14)
#  36  delta(C2-C1-H10)
#  37  tau(H12-C2-C3-C4)
#  38  delta(C5-C8-C9)
#  39  tau(C1-C3-C9-H21)
#  40  tau(H16-C5-C6-O7)
#  41  tau(H11-C1-C2-H13)
#  42  nu(C2-C3)
#  43  delta(C5-C6-H18)
#  44  delta(C3-C4-H14)
#  45  delta(C3-C9-H21)
#  46  nu(C3-C9)
#  47  nu(C8-C9)
#  48  nu(C5-C6)
#  49  nu(C1-C2)
#  50  delta(C6-O7-C8)
#  51  delta(C3-C2-H13)
#  52  tau(H13-C2-C3-C9)
#  53  delta(C4-C5-C6)
#  54  tau(H19-C8-C9-C3)
#  55  delta(C2-C3-C9)
#  56  delta(C1-C3-C4)
#  57  tau(C2-C3-C4-C5)

Wrote: /local/scratch/mv487/qm9s/experiment_1_phase2/ped/36701/36701_summary.csv
Wrote: /local/scratch/mv487/qm9s/experiment_1_phase2/ped/36701/36701_families.csv
Wrote: /local/scratch/mv487/qm9s/experiment_1_phase2/ped/36701/36701_ped.csv
Wrote: /local/scratch/mv487/qm9s/experiment_1_phase2/ped/36701/36701_ir_transitions.csv

# All generated files are in: /local/scratch/mv487/qm9s/experiment_1_phase2/ped/36701
# Manifest: /local/scratch/mv487/qm9s/experiment_1_phase2/ped/36701/36701_manifest.txt

--- stderr ---
Normal modes/frequencies absent or incomplete: diagonalizing Hessian.
