# Contact: romi@lens.unifi.it
# Manual: https://github.com/SebRoLENS/orca-ped-analyzer/blob/main/docs/ORCA_PED_Analyzer_Manual.md
# Check GitHub for updates and new releases: https://github.com/SebRoLENS/orca-ped-analyzer
#
# Molecule: 17 atoms | non-linear
# Bonds inferred: 17 | candidate ICs: 140 | selected ICs: 45
# Cartesian-Hessian reconstruction relative error: 1.456e-05
# Energy distribution: PED (PED is the backward-compatible default; TED includes kinetic-energy terms)
# Ring/cycle bonds detected: 4 | ring atoms: 4 | ring systems: 1
# VPT2: no matching .out file supplied/found -> harmonic/PED analysis only
#
 Mode   Harm/cm-1   VPT2/cm-1  Harm.Int/km mol-1  Assignment                                                     Grouped PED
------------------------------------------------------------------------------------------------------------------------------------------------------------------------------------------------
    6       55.54          --                 --  mixed cyclic-ring torsional/out-of-plane deformation / ring-site C-H out-of-plane bending / cyclic-ring torsional/out-of-plane deformation cyclic-ring torsional/out-of-plane deformation 48.13%; ring-site C-H out-of-plane bending 19.80%; cyclic-ring torsional/out-of-plane deformation 19.34%; ring-site N-H out-of-plane bending 7.52%
    7      122.81          --                 --  mixed C-C-C bending / N-C-C bending                            C-C-C bending 22.84%; N-C-C bending 15.17%; C-C-C linear bending 14.78%; cyclic-ring torsional/out-of-plane deformation 14.77%
    8      152.82          --                 --  mixed cyclic-ring torsional/out-of-plane deformation / C-C-C bending cyclic-ring torsional/out-of-plane deformation 40.79%; C-C-C bending 9.76%; cyclic-ring torsional/out-of-plane deformation 8.99%; C-C-N linear bending 7.53%
    9      177.00          --                 --  mixed cyclic-ring torsional/out-of-plane deformation / C-C-C bending cyclic-ring torsional/out-of-plane deformation 22.95%; C-C-C bending 19.50%; C-C-C linear bending 13.46%; N-C-C bending 10.84%
   10      239.51          --                 --  mixed ring-site C-H out-of-plane bending / cyclic-ring torsional/out-of-plane deformation ring-site C-H out-of-plane bending 16.99%; cyclic-ring torsional/out-of-plane deformation 14.43%; C-C torsion 11.27%; ring-site N-H out-of-plane bending 9.20%
   11      254.56          --                 --  mixed C-C torsion / C-C-N linear bending                       C-C torsion 43.87%; C-C-N linear bending 10.21%; ring-site C-H out-of-plane bending 9.47%; cyclic-ring torsional/out-of-plane deformation 8.51%
   12      313.02          --                 --  mixed C-C-C bending / C-C out-of-plane bending                 C-C-C bending 38.07%; C-C out-of-plane bending 21.60%; cyclic-ring torsional/out-of-plane deformation 11.50%; C-H bending 8.84%
   13      361.21          --                 --  mixed ring-site C-H out-of-plane bending / C-C-C bending / C-C-C linear bending ring-site C-H out-of-plane bending 16.57%; C-C-C bending 15.83%; C-C-C linear bending 15.34%; C-H bending 11.53%
   14      463.23          --                 --  mixed ring-site N-H out-of-plane bending / cyclic-ring deformation (C-N-C bend) ring-site N-H out-of-plane bending 16.38%; cyclic-ring deformation (C-N-C bend) 15.59%; C-C-C bending 11.77%; C-C-N linear bending 10.13%
   15      497.09          --                 --  mixed N-C-C bending / C-C-C linear bending / C-C-C bending     N-C-C bending 26.44%; C-C-C linear bending 18.12%; C-C-C bending 16.01%; cyclic-ring torsional/out-of-plane deformation 13.83%
   16      568.56          --                 --  mixed ring-site C-H out-of-plane bending / cyclic-ring deformation (C-N-C bend) ring-site C-H out-of-plane bending 21.16%; cyclic-ring deformation (C-N-C bend) 16.48%; cyclic-ring torsional/out-of-plane deformation 13.35%; ring-site N-H out-of-plane bending 12.96%
   17      596.58          --                 --  mixed N-C-C bending / cyclic-ring torsional/out-of-plane deformation N-C-C bending 21.24%; cyclic-ring torsional/out-of-plane deformation 14.79%; mixed-phase exocyclic C-C stretching 14.18%; C-H bending 7.86%
   18      668.48          --                 --  C-C-H linear bending                                           C-C-H linear bending 87.00%; C-C-C linear bending 3.41%; ring-site C-H out-of-plane bending 3.01%; cyclic-ring deformation (C-N-C bend) 2.22%
   19      687.07          --                 --  mixed ring-site C-H out-of-plane bending / cyclic-ring deformation (C-N-C bend) ring-site C-H out-of-plane bending 26.91%; cyclic-ring deformation (C-N-C bend) 25.33%; ring-site N-H out-of-plane bending 12.97%; cyclic-ring torsional/out-of-plane deformation 9.36%
   20      691.24          --                 --  C-C-H linear bending                                           C-C-H linear bending 94.11%; C-C-C linear bending 3.51%
   21      798.58          --                 --  mixed cyclic C-C stretching / exocyclic C-C stretching / C-H bending cyclic C-C stretching 33.86%; exocyclic C-C stretching 21.09%; C-H bending 15.65%; ring-site C-H in-plane bending 6.94%
   22      834.07          --                 --  mixed ring-site N-H out-of-plane bending / in-phase cyclic C-N stretching ring-site N-H out-of-plane bending 28.43%; in-phase cyclic C-N stretching 13.53%; ring-site C-H in-plane bending 12.93%; cyclic-ring torsional/out-of-plane deformation 11.29%
   23      878.20          --                 --  mixed mixed-phase cyclic C-C stretching / C-H bending / C-C-C bending mixed-phase cyclic C-C stretching 33.89%; C-H bending 19.77%; C-C-C bending 17.20%; cyclic-ring deformation (C-N-C bend) 9.84%
   24      972.45          --                 --  mixed C-H bending / opposite-phase exocyclic C-C stretching / cyclic-ring deformation (C-N-C bend) C-H bending 21.00%; opposite-phase exocyclic C-C stretching 18.73%; cyclic-ring deformation (C-N-C bend) 16.10%; opposite-phase cyclic C-C stretching 15.70%
   25     1008.42          --                 --  mixed ring-site C-H in-plane bending / cyclic-ring deformation (C-N-C bend) ring-site C-H in-plane bending 22.26%; cyclic-ring deformation (C-N-C bend) 20.22%; ring-site N-H out-of-plane bending 11.04%; mixed-phase exocyclic C-C stretching 10.28%
   26     1026.20          --                 --  mixed-phase cyclic C-N stretching                              mixed-phase cyclic C-N stretching 70.67%; opposite-phase exocyclic C-C stretching 13.58%; cyclic-ring torsional/out-of-plane deformation 4.52%; N-C-C bending 2.59%
   27     1043.92          --                 --  mixed cyclic C-N stretching / C-H bending / mixed-phase exocyclic C-C stretching cyclic C-N stretching 26.56%; C-H bending 26.49%; mixed-phase exocyclic C-C stretching 23.80%; ring-site C-H in-plane bending 9.83%
   28     1094.00          --                 --  mixed C-H bending / cyclic C-C stretching                      C-H bending 57.70%; cyclic C-C stretching 17.77%; exocyclic C-C stretching 6.22%; C-C-C bending 5.17%
   29     1112.17          --                 --  mixed C-H bending / cyclic C-C stretching / in-phase exocyclic C-C stretching C-H bending 31.52%; cyclic C-C stretching 20.32%; in-phase exocyclic C-C stretching 17.45%; in-phase cyclic C-N stretching 14.70%
   30     1117.48          --                 --  mixed ring-site C-H out-of-plane bending / C-H bending / exocyclic C-C stretching ring-site C-H out-of-plane bending 35.44%; C-H bending 22.68%; exocyclic C-C stretching 15.60%; C-C-C bending 10.40%
   31     1228.68          --                 --  mixed ring-site C-H in-plane bending / C-C out-of-plane bending ring-site C-H in-plane bending 51.81%; C-C out-of-plane bending 15.76%; ring-site C-H out-of-plane bending 11.56%; C-H bending 11.25%
   32     1250.38          --                 --  ring-site C-H out-of-plane bending                             ring-site C-H out-of-plane bending 75.13%; C-C out-of-plane bending 6.62%; C-H bending 4.97%; cyclic-ring deformation (C-N-C bend) 4.10%
   33     1273.99          --                 --  mixed ring-site C-H in-plane bending / C-C out-of-plane bending ring-site C-H in-plane bending 52.47%; C-C out-of-plane bending 22.19%; ring-site C-H out-of-plane bending 7.03%; C-H bending 4.11%
   34     1326.85          --                 --  mixed ring-site C-H out-of-plane bending / ring-site N-H out-of-plane bending ring-site C-H out-of-plane bending 56.47%; ring-site N-H out-of-plane bending 13.87%; C-H bending 12.91%; ring-site C-H in-plane bending 12.46%
   35     1352.02          --                 --  mixed C-H bending / ring-site C-H in-plane bending             C-H bending 55.99%; ring-site C-H in-plane bending 21.48%; ring-site N-H out-of-plane bending 12.07%; cyclic C-C stretching 2.37%
   36     1381.41          --                 --  mixed C-H bending / ring-site C-H in-plane bending             C-H bending 51.89%; ring-site C-H in-plane bending 26.74%; ring-site C-H out-of-plane bending 9.06%; ring-site N-H out-of-plane bending 5.07%
   37     1410.03          --                 --  mixed C-H bending / ring-site C-H in-plane bending             C-H bending 39.55%; ring-site C-H in-plane bending 32.88%; ring-site C-H out-of-plane bending 14.61%; exocyclic C-C stretching 3.90%
   38     1425.17          --                 --  C-H bending                                                    C-H bending 92.95%; exocyclic C-C stretching 4.24%; ring-site C-H in-plane bending 2.16%
   39     1499.89          --                 --  C-H bending                                                    C-H bending 98.53%
   40     1501.12          --                 --  C-H bending                                                    C-H bending 98.04%
   41     2213.95          --                 --  C-C stretching                                                 C-C stretching 84.44%; exocyclic C-C stretching 10.93%; C-H stretching 4.45%
   42     2355.94          --                 --  C-N stretching                                                 C-N stretching 90.87%; exocyclic C-C stretching 9.00%
   43     3018.78          --                 --  ring-site C-H stretching                                       ring-site C-H stretching 98.99%
   44     3035.95          --                 --  in-phase C-H stretching                                        in-phase C-H stretching 95.93%; ring-site C-H stretching 3.72%
   45     3043.17          --                 --  ring-site C-H stretching                                       ring-site C-H stretching 95.18%; in-phase C-H stretching 3.58%
   46     3097.12          --                 --  mixed opposite-phase C-H stretching / ring-site C-H stretching opposite-phase C-H stretching 63.09%; ring-site C-H stretching 35.98%
   47     3101.47          --                 --  mixed-phase C-H stretching                                     mixed-phase C-H stretching 87.39%; ring-site C-H stretching 12.08%
   48     3117.59          --                 --  mixed ring-site C-H stretching / mixed-phase C-H stretching    ring-site C-H stretching 50.72%; mixed-phase C-H stretching 48.91%
   49     3473.37          --                 --  C-H stretching                                                 C-H stretching 95.56%; C-C stretching 4.36%
   50     3532.39          --                 --  ring-site N-H stretching                                       ring-site N-H stretching 99.47%

# Selected internal-coordinate set:
#   1  nu(C1-C2)
#   2  nu(C3-N4)
#   3  nu(C5-C6)
#   4  nu(C8-C9)
#   5  nu(C5-H16)
#   6  nu(C1-H11)
#   7  nu(C2-H13)
#   8  nu(C3-H14)
#   9  delta_lin1(C8-C9-H17)
#  10  delta_lin2(C8-C9-H17)
#  11  nu(N4-H15)
#  12  delta_lin1(C5-C6-N7)
#  13  nu(C1-H12)
#  14  delta_lin2(C5-C6-N7)
#  15  tau(H14-C3-N4-H15)
#  16  nu(C1-H10)
#  17  gamma(C5;C2,C1,H13)
#  18  nu(C9-H17)
#  19  nu(C6-N7)
#  20  gamma(H14;C3,N4,C8)
#  21  delta(H11-C1-H12)
#  22  delta(N4-C5-H16)
#  23  delta(H10-C1-H12)
#  24  delta(H10-C1-H11)
#  25  tau(H15-N4-C5-H16)
#  26  delta(C1-C2-H13)
#  27  delta(N4-C3-C8)
#  28  nu(N4-C5)
#  29  tau(C5-C2-C3-H14)
#  30  nu(C3-C8)
#  31  nu(C2-C5)
#  32  delta(C2-C1-H10)
#  33  delta(C2-C5-H16)
#  34  delta_lin2(C3-C8-C9)
#  35  delta(C2-C1-H11)
#  36  delta_lin1(C3-C8-C9)
#  37  delta(C6-C5-H16)
#  38  tau(H12-C1-C2-C3)
#  39  nu(C2-C3)
#  40  delta(C1-C2-C3)
#  41  delta(C3-N4-C5)
#  42  tau(C1-C2-C3-C8)
#  43  tau(C3-C2-C5-C6)
#  44  delta(C2-C3-C8)
#  45  tau(C3-N4-C5-C6)

Wrote: /local/scratch/mv487/qm9s/experiment_1_phase2/ped/71083/71083_summary.csv
Wrote: /local/scratch/mv487/qm9s/experiment_1_phase2/ped/71083/71083_families.csv
Wrote: /local/scratch/mv487/qm9s/experiment_1_phase2/ped/71083/71083_ped.csv
Wrote: /local/scratch/mv487/qm9s/experiment_1_phase2/ped/71083/71083_ir_transitions.csv

# All generated files are in: /local/scratch/mv487/qm9s/experiment_1_phase2/ped/71083
# Manifest: /local/scratch/mv487/qm9s/experiment_1_phase2/ped/71083/71083_manifest.txt

--- stderr ---
Normal modes/frequencies absent or incomplete: diagonalizing Hessian.
