# Contact: romi@lens.unifi.it
# Manual: https://github.com/SebRoLENS/orca-ped-analyzer/blob/main/docs/ORCA_PED_Analyzer_Manual.md
# Check GitHub for updates and new releases: https://github.com/SebRoLENS/orca-ped-analyzer
#
# Molecule: 11 atoms | non-linear
# Bonds inferred: 12 | candidate ICs: 69 | selected ICs: 27
# Cartesian-Hessian reconstruction relative error: 2.743e-05
# Energy distribution: PED (PED is the backward-compatible default; TED includes kinetic-energy terms)
# Ring/cycle bonds detected: 9 | ring atoms: 8 | ring systems: 1
# VPT2: no matching .out file supplied/found -> harmonic/PED analysis only
#
 Mode   Harm/cm-1   VPT2/cm-1  Harm.Int/km mol-1  Assignment                                                     Grouped PED
------------------------------------------------------------------------------------------------------------------------------------------------------------------------------------------------
    6      129.62          --                 --  mixed cyclic-ring torsional/out-of-plane deformation / cyclic-ring torsional/out-of-plane deformation cyclic-ring torsional/out-of-plane deformation 58.50%; cyclic-ring torsional/out-of-plane deformation 33.86%; cyclic-ring deformation (C-N-C bend) 3.08%
    7      277.22          --                 --  cyclic-ring torsional/out-of-plane deformation                 cyclic-ring torsional/out-of-plane deformation 70.24%; cyclic-ring torsional/out-of-plane deformation 16.04%; ring-site N-H in-plane bending 4.52%; cyclic-ring deformation (C-C-O bend) 2.19%
    8      340.82          --                 --  mixed cyclic-ring torsional/out-of-plane deformation / cyclic-ring torsional/out-of-plane deformation cyclic-ring torsional/out-of-plane deformation 70.08%; cyclic-ring torsional/out-of-plane deformation 21.81%; cyclic-ring deformation (C-C-O bend) 3.49%
    9      365.68          --                 --  mixed mixed-phase cyclic C-N stretching / mixed-phase cyclic C-O stretching / cyclic-ring deformation (C-C-O bend) mixed-phase cyclic C-N stretching 21.88%; mixed-phase cyclic C-O stretching 20.85%; cyclic-ring deformation (C-C-O bend) 18.79%; O-C-O bending 16.52%
   10      469.36          --                 --  mixed ring-site N-H out-of-plane bending / ring-site N-H in-plane bending ring-site N-H out-of-plane bending 56.42%; ring-site N-H in-plane bending 16.21%; cyclic-ring deformation (C-N-C bend) 15.97%; cyclic C-N stretching 2.75%
   11      596.89          --                 --  mixed O-C-O bending / cyclic-ring deformation (C-O-C bend)     O-C-O bending 24.89%; cyclic-ring deformation (C-O-C bend) 21.72%; cyclic C-N stretching 14.81%; cyclic-ring torsional/out-of-plane deformation 14.20%
   12      599.46          --                 --  mixed cyclic C-O stretching / cyclic-ring deformation (C-N-C bend) / O-C-O bending cyclic C-O stretching 21.39%; cyclic-ring deformation (C-N-C bend) 20.97%; O-C-O bending 16.48%; cyclic C-N stretching 13.42%
   13      625.82          --                 --  mixed cyclic-ring torsional/out-of-plane deformation / ring-site C-H out-of-plane bending cyclic-ring torsional/out-of-plane deformation 52.33%; ring-site C-H out-of-plane bending 14.06%; cyclic-ring torsional/out-of-plane deformation 12.65%; cyclic-ring deformation (C-O-C bend) 5.74%
   14      710.10          --                 --  mixed cyclic-ring torsional/out-of-plane deformation / cyclic-ring torsional/out-of-plane deformation cyclic-ring torsional/out-of-plane deformation 51.47%; cyclic-ring torsional/out-of-plane deformation 17.07%; mixed-phase cyclic C-O stretching 11.88%; cyclic-ring deformation (C-C-O bend) 8.83%
   15      739.47          --                 --  cyclic-ring torsional/out-of-plane deformation                 cyclic-ring torsional/out-of-plane deformation 88.90%; cyclic-ring torsional/out-of-plane deformation 2.66%
   16      766.54          --                 --  mixed ring-site C-H out-of-plane bending / cyclic-ring torsional/out-of-plane deformation / cyclic-ring deformation (C-C-O bend) ring-site C-H out-of-plane bending 43.44%; cyclic-ring torsional/out-of-plane deformation 15.61%; cyclic-ring deformation (C-C-O bend) 15.56%; cyclic-ring deformation (C-N-C bend) 11.83%
   17      779.79          --                 --  mixed cyclic-ring deformation (C-N-C bend) / cyclic-ring deformation (C-O-C bend) / ring-site C-H out-of-plane bending cyclic-ring deformation (C-N-C bend) 20.35%; cyclic-ring deformation (C-O-C bend) 17.75%; ring-site C-H out-of-plane bending 16.85%; cyclic-ring deformation (C-C-O bend) 16.52%
   18      857.12          --                 --  mixed cyclic C-O stretching / cyclic-ring deformation (C-O-C bend) / cyclic-ring deformation (C-N-C bend) cyclic C-O stretching 39.90%; cyclic-ring deformation (C-O-C bend) 25.22%; cyclic-ring deformation (C-N-C bend) 16.55%; cyclic C-N stretching 5.98%
   19      884.52          --                 --  mixed mixed-phase cyclic C-O stretching / cyclic-ring deformation (C-N-C bend) mixed-phase cyclic C-O stretching 52.35%; cyclic-ring deformation (C-N-C bend) 17.17%; cyclic-ring deformation (C-C-O bend) 13.26%; mixed-phase cyclic C-N stretching 9.29%
   20      943.32          --                 --  mixed cyclic C-O stretching / cyclic-ring deformation (C-N-C bend) / cyclic C-N stretching cyclic C-O stretching 44.24%; cyclic-ring deformation (C-N-C bend) 17.62%; cyclic C-N stretching 15.49%; cyclic C-C stretching 7.41%
   21     1020.25          --                 --  mixed mixed-phase cyclic C-O stretching / mixed-phase cyclic C-N stretching mixed-phase cyclic C-O stretching 53.52%; mixed-phase cyclic C-N stretching 23.70%; cyclic-ring deformation (C-N-C bend) 15.34%; O-C-O bending 3.77%
   22     1045.86          --                 --  mixed mixed-phase cyclic C-N stretching / cyclic-ring deformation (C-N-C bend) / mixed-phase cyclic C-O stretching mixed-phase cyclic C-N stretching 33.85%; cyclic-ring deformation (C-N-C bend) 27.30%; mixed-phase cyclic C-O stretching 22.28%; O-C-O bending 6.09%
   23     1204.70          --                 --  mixed ring-site C-H in-plane bending / cyclic-ring deformation (C-N-C bend) / mixed-phase cyclic C-O stretching ring-site C-H in-plane bending 25.64%; cyclic-ring deformation (C-N-C bend) 23.72%; mixed-phase cyclic C-O stretching 16.80%; cyclic-ring deformation (C-O-C bend) 11.92%
   24     1300.68          --                 --  mixed mixed-phase cyclic C-N stretching / ring-site N-H in-plane bending mixed-phase cyclic C-N stretching 28.49%; ring-site N-H in-plane bending 21.15%; cyclic-ring deformation (C-N-C bend) 13.67%; cyclic-ring deformation (C-C-O bend) 8.81%
   25     1316.37          --                 --  mixed ring-site N-H in-plane bending / ring-site C-H in-plane bending / mixed-phase cyclic C-O stretching ring-site N-H in-plane bending 32.65%; ring-site C-H in-plane bending 29.73%; mixed-phase cyclic C-O stretching 16.28%; cyclic C-N stretching 9.24%
   26     1395.39          --                 --  mixed mixed-phase cyclic C-N stretching / mixed-phase cyclic C-O stretching mixed-phase cyclic C-N stretching 55.91%; mixed-phase cyclic C-O stretching 29.65%; cyclic-ring deformation (C-C-O bend) 7.52%
   27     1489.22          --                 --  mixed-phase cyclic C-N stretching                              mixed-phase cyclic C-N stretching 70.93%; ring-site C-H in-plane bending 9.82%; mixed-phase cyclic C-O stretching 6.70%; cyclic-ring deformation (C-C-O bend) 4.82%
   28     1502.89          --                 --  mixed cyclic C-N stretching / cyclic C-O stretching            cyclic C-N stretching 41.53%; cyclic C-O stretching 24.48%; cyclic-ring deformation (C-C-O bend) 14.73%; ring-site C-H in-plane bending 9.26%
   29     1658.12          --                 --  mixed cyclic C-C stretching / cyclic-ring deformation (C-N-C bend) cyclic C-C stretching 65.75%; cyclic-ring deformation (C-N-C bend) 12.68%; cyclic C-N stretching 6.09%; cyclic-ring deformation (C-C-O bend) 5.73%
   30     1886.08          --                 --  exocyclic C-O stretching                                       exocyclic C-O stretching 76.23%; cyclic C-N stretching 7.27%; cyclic-ring deformation (C-O-C bend) 5.69%; cyclic-ring deformation (C-N-C bend) 4.13%
   31     3291.88          --                 --  ring-site C-H stretching                                       ring-site C-H stretching 99.08%
   32     3632.37          --                 --  ring-site N-H stretching                                       ring-site N-H stretching 99.22%

# Selected internal-coordinate set:
#   1  nu(O1-C2)
#   2  nu(N3-H10)
#   3  nu(C4-O9)
#   4  nu(C5-O6)
#   5  nu(C8-H11)
#   6  nu(C4-C5)
#   7  nu(C8-O9)
#   8  tau(O1-C2-O6-C5)
#   9  tau(H11-C8-O9-C4)
#  10  tau(N7-C8-O9-C4)
#  11  tau(O6-C2-N3-H10)
#  12  nu(C2-O6)
#  13  tau(N3-C2-O6-C5)
#  14  nu(N7-C8)
#  15  delta(C2-N3-H10)
#  16  nu(C5-N7)
#  17  delta(O1-C2-O6)
#  18  tau(O9-C4-C5-N7)
#  19  delta(O9-C8-H11)
#  20  delta(C5-C4-O9)
#  21  nu(C2-N3)
#  22  delta(C2-O6-C5)
#  23  tau(N3-C4-O9-C8)
#  24  delta(C5-N7-C8)
#  25  delta(C2-N3-C4)
#  26  tau(O9-C4-C5-O6)
#  27  nu(N3-C4)

Wrote: /local/scratch/mv487/qm9s/experiment_1_phase2/ped/22870/22870_summary.csv
Wrote: /local/scratch/mv487/qm9s/experiment_1_phase2/ped/22870/22870_families.csv
Wrote: /local/scratch/mv487/qm9s/experiment_1_phase2/ped/22870/22870_ped.csv
Wrote: /local/scratch/mv487/qm9s/experiment_1_phase2/ped/22870/22870_ir_transitions.csv

# All generated files are in: /local/scratch/mv487/qm9s/experiment_1_phase2/ped/22870
# Manifest: /local/scratch/mv487/qm9s/experiment_1_phase2/ped/22870/22870_manifest.txt

--- stderr ---
Normal modes/frequencies absent or incomplete: diagonalizing Hessian.
