# Contact: romi@lens.unifi.it
# Manual: https://github.com/SebRoLENS/orca-ped-analyzer/blob/main/docs/ORCA_PED_Analyzer_Manual.md
# Check GitHub for updates and new releases: https://github.com/SebRoLENS/orca-ped-analyzer
#
# Molecule: 16 atoms | non-linear
# Bonds inferred: 19 | candidate ICs: 227 | selected ICs: 42
# Cartesian-Hessian reconstruction relative error: 6.022e-05
# Energy distribution: PED (PED is the backward-compatible default; TED includes kinetic-energy terms)
# Ring/cycle bonds detected: 10 | ring atoms: 7 | ring systems: 1
# VPT2: no matching .out file supplied/found -> harmonic/PED analysis only
#
 Mode   Harm/cm-1   VPT2/cm-1  Harm.Int/km mol-1  Assignment                                                     Grouped PED
------------------------------------------------------------------------------------------------------------------------------------------------------------------------------------------------
    6      199.26          --                 --  C-C torsion                                                    C-C torsion 99.58%
    7      224.81          --                 --  mixed C-C torsion / cyclic-ring torsional/out-of-plane deformation C-C torsion 53.82%; cyclic-ring torsional/out-of-plane deformation 43.14%
    8      280.48          --                 --  mixed cyclic-ring torsional/out-of-plane deformation / C-C torsion cyclic-ring torsional/out-of-plane deformation 68.79%; C-C torsion 23.39%; C-H bending 4.89%
    9      535.55          --                 --  mixed ring-site C-H out-of-plane bending / cyclic-ring deformation (C-C-O bend) ring-site C-H out-of-plane bending 25.27%; cyclic-ring deformation (C-C-O bend) 22.97%; C-C torsion 10.79%; mixed-phase cyclic C-C stretching 9.29%
   10      587.32          --                 --  mixed ring-site C-H out-of-plane bending / mixed-phase cyclic C-C stretching ring-site C-H out-of-plane bending 38.08%; mixed-phase cyclic C-C stretching 13.83%; C-C torsion 13.04%; cyclic-ring deformation (O-C-C bend) 13.03%
   11      623.30          --                 --  mixed C-C torsion / cyclic-ring deformation (C-C-C bend)       C-C torsion 42.46%; cyclic-ring deformation (C-C-C bend) 17.38%; cyclic-ring deformation (C-C-O bend) 14.51%; ring-site C-H out-of-plane bending 13.84%
   12      700.64          --                 --  mixed C-C torsion / mixed-phase cyclic C-C stretching          C-C torsion 40.00%; mixed-phase cyclic C-C stretching 29.14%; cyclic-ring torsional/out-of-plane deformation 13.65%; cyclic-ring deformation (C-C-C bend) 8.47%
   13      741.25          --                 --  mixed ring-site C-H out-of-plane bending / cyclic-ring out-of-plane deformation / cyclic-ring deformation (O-C-C bend) ring-site C-H out-of-plane bending 20.33%; cyclic-ring out-of-plane deformation 19.22%; cyclic-ring deformation (O-C-C bend) 16.76%; cyclic-ring deformation (C-C-C bend) 16.71%
   14      758.25          --                 --  mixed mixed-phase cyclic C-C stretching / cyclic-ring deformation (C-C-O bend) / cyclic-ring deformation (O-C-C bend) mixed-phase cyclic C-C stretching 37.03%; cyclic-ring deformation (C-C-O bend) 20.61%; cyclic-ring deformation (O-C-C bend) 17.53%; ring-site C-H out-of-plane bending 8.98%
   15      765.00          --                 --  mixed ring-site C-H out-of-plane bending / cyclic-ring deformation (C-C-C bend) ring-site C-H out-of-plane bending 50.34%; cyclic-ring deformation (C-C-C bend) 28.02%; mixed-phase cyclic C-C stretching 7.70%; C-C torsion 7.50%
   16      824.45          --                 --  mixed mixed-phase cyclic C-C stretching / ring-site C-H out-of-plane bending / C-C torsion mixed-phase cyclic C-C stretching 36.40%; ring-site C-H out-of-plane bending 23.10%; C-C torsion 18.51%; cyclic-ring out-of-plane deformation 6.27%
   17      847.00          --                 --  mixed ring-site C-H out-of-plane bending / cyclic-ring deformation (C-C-C bend) ring-site C-H out-of-plane bending 36.49%; cyclic-ring deformation (C-C-C bend) 17.20%; C-C torsion 14.89%; cyclic-ring deformation (C-C-O bend) 10.54%
   18      859.72          --                 --  mixed mixed-phase cyclic C-C stretching / cyclic-ring deformation (C-C-C bend) / ring-site C-H out-of-plane bending mixed-phase cyclic C-C stretching 30.65%; cyclic-ring deformation (C-C-C bend) 25.67%; ring-site C-H out-of-plane bending 23.51%; C-C torsion 6.72%
   19      888.78          --                 --  mixed mixed-phase cyclic C-C stretching / cyclic-ring out-of-plane deformation mixed-phase cyclic C-C stretching 37.18%; cyclic-ring out-of-plane deformation 21.71%; ring-site C-H out-of-plane bending 11.80%; C-C torsion 9.93%
   20      915.48          --                 --  mixed ring-site C-H out-of-plane bending / cyclic C-C stretching ring-site C-H out-of-plane bending 46.05%; cyclic C-C stretching 27.21%; C-C torsion 5.79%; cyclic-ring deformation (C-C-C bend) 5.48%
   21      959.88          --                 --  mixed ring-site C-H out-of-plane bending / C-H bending         ring-site C-H out-of-plane bending 32.37%; C-H bending 16.41%; mixed-phase cyclic C-C stretching 14.35%; cyclic-ring out-of-plane deformation 10.40%
   22      980.39          --                 --  mixed mixed-phase cyclic C-C stretching / C-H bending / cyclic C-O stretching mixed-phase cyclic C-C stretching 30.29%; C-H bending 25.40%; cyclic C-O stretching 17.42%; ring-site C-H in-plane bending 8.93%
   23      984.18          --                 --  mixed mixed-phase cyclic C-C stretching / ring-site C-H in-plane bending mixed-phase cyclic C-C stretching 34.42%; ring-site C-H in-plane bending 26.90%; in-phase cyclic C-O stretching 9.17%; cyclic-ring deformation (O-C-C bend) 8.46%
   24     1015.21          --                 --  mixed ring-site C-H out-of-plane bending / ring-site C-H in-plane bending ring-site C-H out-of-plane bending 30.34%; ring-site C-H in-plane bending 16.31%; mixed-phase cyclic C-C stretching 14.11%; cyclic-ring deformation (C-C-C bend) 13.42%
   25     1033.87          --                 --  mixed ring-site C-H out-of-plane bending / cyclic-ring out-of-plane deformation ring-site C-H out-of-plane bending 27.33%; cyclic-ring out-of-plane deformation 26.91%; mixed-phase cyclic C-C stretching 10.59%; cyclic C-O stretching 10.50%
   26     1037.62          --                 --  ring-site C-H out-of-plane bending                             ring-site C-H out-of-plane bending 88.14%; ring-site C-H in-plane bending 3.40%; cyclic C-C stretching 2.01%
   27     1069.12          --                 --  mixed ring-site C-H out-of-plane bending / cyclic C-C stretching ring-site C-H out-of-plane bending 30.11%; cyclic C-C stretching 25.80%; mixed-phase cyclic C-O stretching 11.58%; cyclic-ring out-of-plane deformation 8.96%
   28     1102.73          --                 --  mixed opposite-phase cyclic C-O stretching / C-H bending       opposite-phase cyclic C-O stretching 38.86%; C-H bending 25.10%; cyclic-ring deformation (O-C-C bend) 9.21%; cyclic-ring deformation (C-C-O bend) 8.06%
   29     1115.96          --                 --  mixed C-H bending / cyclic C-C stretching                      C-H bending 48.86%; cyclic C-C stretching 8.74%; ring-site C-H out-of-plane bending 8.44%; cyclic-ring deformation (C-C-C bend) 8.32%
   30     1179.54          --                 --  mixed C-H bending / ring-site C-H in-plane bending / ring-site C-H out-of-plane bending C-H bending 30.39%; ring-site C-H in-plane bending 27.49%; ring-site C-H out-of-plane bending 16.64%; cyclic-ring torsional/out-of-plane deformation 9.41%
   31     1209.91          --                 --  mixed ring-site C-H out-of-plane bending / mixed-phase cyclic C-C stretching ring-site C-H out-of-plane bending 41.93%; mixed-phase cyclic C-C stretching 21.87%; ring-site C-H in-plane bending 13.07%; cyclic-ring deformation (C-C-C bend) 10.34%
   32     1235.77          --                 --  mixed ring-site C-H out-of-plane bending / ring-site C-H in-plane bending ring-site C-H out-of-plane bending 41.95%; ring-site C-H in-plane bending 36.07%; C-H bending 8.39%; mixed-phase cyclic C-C stretching 6.75%
   33     1260.83          --                 --  mixed mixed-phase cyclic C-C stretching / C-H bending          mixed-phase cyclic C-C stretching 43.57%; C-H bending 12.87%; cyclic-ring deformation (C-C-O bend) 11.09%; ring-site C-H out-of-plane bending 9.62%
   34     1282.12          --                 --  mixed mixed-phase cyclic C-C stretching / ring-site C-H in-plane bending mixed-phase cyclic C-C stretching 33.38%; ring-site C-H in-plane bending 26.04%; ring-site C-H out-of-plane bending 14.61%; exocyclic C-C stretching 8.05%
   35     1369.55          --                 --  mixed ring-site C-H out-of-plane bending / in-phase cyclic C-C stretching ring-site C-H out-of-plane bending 39.83%; in-phase cyclic C-C stretching 34.26%; cyclic C-O stretching 9.25%; ring-site C-H in-plane bending 8.76%
   36     1416.59          --                 --  C-H bending                                                    C-H bending 92.94%; ring-site C-H in-plane bending 2.27%; cyclic C-C stretching 2.25%
   37     1434.93          --                 --  mixed C-H bending / cyclic C-C stretching / exocyclic C-C stretching C-H bending 39.27%; cyclic C-C stretching 20.94%; exocyclic C-C stretching 18.99%; ring-site C-H in-plane bending 12.37%
   38     1488.14          --                 --  mixed C-H bending / C-C torsion                                C-H bending 67.73%; C-C torsion 32.14%
   39     1502.73          --                 --  C-H bending                                                    C-H bending 82.62%; C-C torsion 16.98%
   40     3018.04          --                 --  C-H stretching                                                 C-H stretching 99.57%
   41     3071.66          --                 --  opposite-phase C-H stretching                                  opposite-phase C-H stretching 99.00%
   42     3086.01          --                 --  mixed-phase C-H stretching                                     mixed-phase C-H stretching 98.99%
   43     3196.88          --                 --  mixed-phase ring-site C-H stretching                           mixed-phase ring-site C-H stretching 98.45%
   44     3199.91          --                 --  opposite-phase ring-site C-H stretching                        opposite-phase ring-site C-H stretching 98.98%
   45     3211.00          --                 --  mixed-phase ring-site C-H stretching                           mixed-phase ring-site C-H stretching 98.37%
   46     3216.73          --                 --  mixed-phase ring-site C-H stretching                           mixed-phase ring-site C-H stretching 98.66%
   47     3225.94          --                 --  ring-site C-H stretching                                       ring-site C-H stretching 98.59%

# Selected internal-coordinate set:
#   1  nu(C1-C2)
#   2  nu(C3-O4)
#   3  nu(C5-C6)
#   4  nu(C8-H16)
#   5  nu(C7-H15)
#   6  nu(C1-H10)
#   7  nu(O4-C5)
#   8  nu(C3-H12)
#   9  nu(C1-H9)
#  10  delta(C7-C6-H14)
#  11  gamma(C2;C3,O4,H12)
#  12  tau(C7-C2-C8-H16)
#  13  gamma(H13;C5,O4,C6)
#  14  delta(C2-C8-H16)
#  15  nu(C1-H11)
#  16  nu(C6-H14)
#  17  delta(C2-C7-H15)
#  18  gamma(C5;C7,C2,H15)
#  19  nu(C5-H13)
#  20  nu(C2-C7)
#  21  delta(H9-C1-H10)
#  22  delta(O4-C3-H12)
#  23  delta(H10-C1-H11)
#  24  tau(H14-C6-C7-C2)
#  25  delta(H9-C1-H11)
#  26  delta(C2-C8-C3)
#  27  gamma(H13;C5,C6,C7)
#  28  tau(C1-C2-C3-O4)
#  29  delta(C7-C6-C8)
#  30  delta(C2-C1-H11)
#  31  delta(C2-C3-O4)
#  32  nu(C6-C8)
#  33  delta(O4-C5-C6)
#  34  nu(C5-C7)
#  35  nu(C3-C8)
#  36  nu(C6-C7)
#  37  delta(C2-C1-H10)
#  38  tau(H9-C1-C2-C8)
#  39  nu(C2-C8)
#  40  tau(H10-C1-C2-C7)
#  41  tau(C3-O4-C5-H13)
#  42  tau(C1-C2-C8-C6)

Wrote: /local/scratch/mv487/qm9s/experiment_1_phase2/ped/17392/17392_summary.csv
Wrote: /local/scratch/mv487/qm9s/experiment_1_phase2/ped/17392/17392_families.csv
Wrote: /local/scratch/mv487/qm9s/experiment_1_phase2/ped/17392/17392_ped.csv
Wrote: /local/scratch/mv487/qm9s/experiment_1_phase2/ped/17392/17392_ir_transitions.csv

# All generated files are in: /local/scratch/mv487/qm9s/experiment_1_phase2/ped/17392
# Manifest: /local/scratch/mv487/qm9s/experiment_1_phase2/ped/17392/17392_manifest.txt

--- stderr ---
Normal modes/frequencies absent or incomplete: diagonalizing Hessian.
