# Contact: romi@lens.unifi.it
# Manual: https://github.com/SebRoLENS/orca-ped-analyzer/blob/main/docs/ORCA_PED_Analyzer_Manual.md
# Check GitHub for updates and new releases: https://github.com/SebRoLENS/orca-ped-analyzer
#
# Molecule: 19 atoms | non-linear
# Bonds inferred: 19 | candidate ICs: 157 | selected ICs: 51
# Cartesian-Hessian reconstruction relative error: 1.439e-05
# Energy distribution: PED (PED is the backward-compatible default; TED includes kinetic-energy terms)
# Ring/cycle bonds detected: 3 | ring atoms: 3 | ring systems: 1
# VPT2: no matching .out file supplied/found -> harmonic/PED analysis only
#
 Mode   Harm/cm-1   VPT2/cm-1  Harm.Int/km mol-1  Assignment                                                     Grouped PED
------------------------------------------------------------------------------------------------------------------------------------------------------------------------------------------------
    6       93.88          --                 --  mixed C-O torsion / cyclic-ring torsional/out-of-plane deformation / O-C-C bending C-O torsion 31.37%; cyclic-ring torsional/out-of-plane deformation 19.83%; O-C-C bending 19.31%; C-C-C bending 10.64%
    7      125.31          --                 --  mixed C-O torsion / ring-site C-H out-of-plane bending         C-O torsion 38.83%; ring-site C-H out-of-plane bending 13.55%; C-C-C bending 12.78%; cyclic-ring out-of-plane deformation 8.11%
    8      135.35          --                 --  mixed C-C torsion / ring-site C-H out-of-plane bending         C-C torsion 50.83%; ring-site C-H out-of-plane bending 28.26%; C-C out-of-plane bending 6.04%; C-C-C linear bending 5.48%
    9      173.57          --                 --  C-O torsion                                                    C-O torsion 75.14%; cyclic-ring out-of-plane deformation 7.64%; ring-site C-H out-of-plane bending 5.74%; C-C torsion 5.13%
   10      179.48          --                 --  mixed C-O torsion / C-C torsion                                C-O torsion 49.78%; C-C torsion 41.04%; cyclic-ring torsional/out-of-plane deformation 5.14%
   11      206.70          --                 --  mixed C-C torsion / C-O torsion                                C-C torsion 73.45%; C-O torsion 22.87%
   12      253.06          --                 --  mixed C-O torsion / cyclic-ring torsional/out-of-plane deformation C-O torsion 56.18%; cyclic-ring torsional/out-of-plane deformation 24.31%; O-C-C bending 6.19%; C-C torsion 6.11%
   13      311.90          --                 --  mixed C-O torsion / C-C out-of-plane bending                   C-O torsion 54.85%; C-C out-of-plane bending 8.74%; C-O-C bending 8.49%; O-C-C bending 6.72%
   14      322.36          --                 --  mixed cyclic-ring out-of-plane deformation / ring-site C-H out-of-plane bending cyclic-ring out-of-plane deformation 22.72%; ring-site C-H out-of-plane bending 13.69%; C-O-C bending 13.67%; C-C torsion 9.98%
   15      368.98          --                 --  mixed cyclic-ring out-of-plane deformation / O-C-C bending     cyclic-ring out-of-plane deformation 17.20%; O-C-C bending 15.10%; C-O torsion 13.79%; C-C-C linear bending 13.22%
   16      388.62          --                 --  mixed cyclic-ring out-of-plane deformation / C-C-C linear bending / O-C-C bending cyclic-ring out-of-plane deformation 24.64%; C-C-C linear bending 19.88%; O-C-C bending 16.50%; C-O torsion 6.72%
   17      422.05          --                 --  mixed C-C-O bending / cyclic-ring torsional/out-of-plane deformation / ring-site C-H out-of-plane bending C-C-O bending 26.23%; cyclic-ring torsional/out-of-plane deformation 20.44%; ring-site C-H out-of-plane bending 15.94%; C-C out-of-plane bending 15.30%
   18      523.88          --                 --  mixed cyclic-ring out-of-plane deformation / ring-site C-H out-of-plane bending cyclic-ring out-of-plane deformation 31.44%; ring-site C-H out-of-plane bending 30.38%; C-H bending 11.65%; exocyclic C-O stretching 5.42%
   19      554.32          --                 --  mixed ring-site C-H out-of-plane bending / C-C out-of-plane bending ring-site C-H out-of-plane bending 32.13%; C-C out-of-plane bending 30.60%; C-C torsion 10.84%; cyclic-ring torsional/out-of-plane deformation 5.52%
   20      619.10          --                 --  C-C-H linear bending                                           C-C-H linear bending 90.12%; C-C-C linear bending 6.07%
   21      662.56          --                 --  mixed O-C-C bending / cyclic-ring torsional/out-of-plane deformation O-C-C bending 28.31%; cyclic-ring torsional/out-of-plane deformation 13.19%; C-C-C bending 12.22%; ring-site C-H out-of-plane bending 10.69%
   22      680.75          --                 --  C-C-H linear bending                                           C-C-H linear bending 94.84%; C-C-C linear bending 3.76%
   23      699.36          --                 --  mixed cyclic-ring out-of-plane deformation / mixed-phase cyclic C-C stretching cyclic-ring out-of-plane deformation 22.57%; mixed-phase cyclic C-C stretching 20.22%; O-C-C bending 13.11%; C-C out-of-plane bending 11.99%
   24      821.46          --                 --  mixed ring-site C-H out-of-plane bending / exocyclic C-C stretching / cyclic C-C stretching ring-site C-H out-of-plane bending 22.74%; exocyclic C-C stretching 20.38%; cyclic C-C stretching 19.91%; in-phase exocyclic C-O stretching 10.07%
   25      879.30          --                 --  mixed cyclic-ring out-of-plane deformation / ring-site C-H out-of-plane bending cyclic-ring out-of-plane deformation 33.34%; ring-site C-H out-of-plane bending 14.15%; C-C out-of-plane bending 12.74%; cyclic C-C stretching 10.55%
   26      945.88          --                 --  mixed ring-site C-H out-of-plane bending / cyclic-ring out-of-plane deformation ring-site C-H out-of-plane bending 64.21%; cyclic-ring out-of-plane deformation 12.07%; mixed-phase cyclic C-C stretching 5.64%; C-H bending 5.60%
   27      993.24          --                 --  mixed C-H bending / mixed-phase exocyclic C-O stretching / ring-site C-H out-of-plane bending C-H bending 24.88%; mixed-phase exocyclic C-O stretching 23.61%; ring-site C-H out-of-plane bending 19.15%; cyclic-ring out-of-plane deformation 13.12%
   28     1016.45          --                 --  mixed C-H bending / C-O stretching                             C-H bending 39.95%; C-O stretching 33.04%; O-C-C bending 4.87%; cyclic C-C stretching 4.03%
   29     1073.56          --                 --  mixed ring-site C-H out-of-plane bending / cyclic-ring out-of-plane deformation ring-site C-H out-of-plane bending 53.26%; cyclic-ring out-of-plane deformation 15.28%; exocyclic C-C stretching 7.41%; cyclic C-C stretching 5.60%
   30     1090.60          --                 --  mixed ring-site C-H out-of-plane bending / C-H bending         ring-site C-H out-of-plane bending 53.42%; C-H bending 18.98%; cyclic-ring out-of-plane deformation 6.01%; ring-site C-H in-plane bending 4.87%
   31     1106.67          --                 --  mixed ring-site C-H out-of-plane bending / C-H bending         ring-site C-H out-of-plane bending 41.24%; C-H bending 19.81%; exocyclic C-C stretching 9.90%; cyclic-ring out-of-plane deformation 9.77%
   32     1154.02          --                 --  mixed mixed-phase exocyclic C-O stretching / C-H bending / C-O stretching mixed-phase exocyclic C-O stretching 27.78%; C-H bending 21.47%; C-O stretching 15.97%; C-C out-of-plane bending 9.76%
   33     1177.44          --                 --  C-H bending                                                    C-H bending 87.05%; C-O torsion 10.26%
   34     1204.75          --                 --  mixed C-H bending / exocyclic C-O stretching                   C-H bending 46.11%; exocyclic C-O stretching 10.20%; ring-site C-H in-plane bending 9.46%; cyclic-ring out-of-plane deformation 9.04%
   35     1253.92          --                 --  mixed C-H bending / exocyclic C-O stretching                   C-H bending 33.30%; exocyclic C-O stretching 29.40%; O-H bending 11.79%; in-phase cyclic C-C stretching 5.28%
   36     1264.93          --                 --  mixed O-H bending / cyclic-ring out-of-plane deformation       O-H bending 19.62%; cyclic-ring out-of-plane deformation 18.77%; exocyclic C-C stretching 14.81%; C-H bending 11.78%
   37     1331.78          --                 --  mixed ring-site C-H out-of-plane bending / cyclic-ring out-of-plane deformation ring-site C-H out-of-plane bending 36.61%; cyclic-ring out-of-plane deformation 15.66%; opposite-phase exocyclic C-C stretching 14.47%; O-H bending 7.55%
   38     1361.97          --                 --  mixed ring-site C-H out-of-plane bending / ring-site C-H in-plane bending ring-site C-H out-of-plane bending 33.67%; ring-site C-H in-plane bending 28.96%; cyclic-ring out-of-plane deformation 10.56%; O-H bending 8.53%
   39     1423.38          --                 --  mixed C-H out-of-plane bending / C-H bending                   C-H out-of-plane bending 60.78%; C-H bending 33.45%; exocyclic C-C stretching 4.15%
   40     1451.37          --                 --  mixed C-H bending / cyclic C-C stretching                      C-H bending 34.08%; cyclic C-C stretching 21.99%; ring-site C-H out-of-plane bending 9.77%; C-H out-of-plane bending 8.51%
   41     1485.34          --                 --  C-H bending                                                    C-H bending 77.69%; C-C torsion 5.83%; C-O torsion 3.36%; C-H out-of-plane bending 2.82%
   42     1489.29          --                 --  mixed C-C torsion / C-H bending                                C-C torsion 43.77%; C-H bending 40.42%; C-H out-of-plane bending 11.33%; C-O torsion 3.07%
   43     1490.06          --                 --  mixed C-O torsion / C-H bending                                C-O torsion 61.61%; C-H bending 33.62%; C-C torsion 2.43%
   44     1506.03          --                 --  C-H bending                                                    C-H bending 87.57%; C-O torsion 8.55%
   45     1515.74          --                 --  mixed C-H bending / cyclic C-C stretching                      C-H bending 60.93%; cyclic C-C stretching 12.83%; C-C torsion 4.71%; ring-site C-H out-of-plane bending 4.63%
   46     2212.18          --                 --  C-C stretching                                                 C-C stretching 82.64%; exocyclic C-C stretching 13.05%; C-H stretching 4.12%
   47     2998.53          --                 --  C-H stretching                                                 C-H stretching 99.68%
   48     3033.20          --                 --  C-H stretching                                                 C-H stretching 99.58%
   49     3062.35          --                 --  mixed-phase C-H stretching                                     mixed-phase C-H stretching 99.33%
   50     3095.43          --                 --  mixed-phase C-H stretching                                     mixed-phase C-H stretching 99.46%
   51     3101.76          --                 --  ring-site C-H stretching                                       ring-site C-H stretching 98.20%
   52     3129.96          --                 --  mixed-phase C-H stretching                                     mixed-phase C-H stretching 99.45%
   53     3144.79          --                 --  ring-site C-H stretching                                       ring-site C-H stretching 96.80%; C-H stretching 2.63%
   54     3146.34          --                 --  mixed-phase C-H stretching                                     mixed-phase C-H stretching 96.80%; ring-site C-H stretching 2.58%
   55     3478.40          --                 --  C-H stretching                                                 C-H stretching 95.73%; C-C stretching 4.20%
   56     3779.87          --                 --  O-H stretching                                                 O-H stretching 99.91%

# Selected internal-coordinate set:
#   1  nu(C1-O2)
#   2  nu(C3-C4)
#   3  nu(C6-H15)
#   4  nu(C7-O9)
#   5  nu(C8-H17)
#   6  nu(C1-H10)
#   7  nu(O9-H19)
#   8  nu(C8-H18)
#   9  delta_lin2(C5-C6-H15)
#  10  delta_lin1(C5-C6-H15)
#  11  nu(C4-H14)
#  12  nu(C3-H13)
#  13  nu(C8-H16)
#  14  nu(C1-H12)
#  15  tau(H13-C3-C4-H14)
#  16  tau(C4-C7-O9-H19)
#  17  nu(C1-H11)
#  18  gamma(C8;C7,C3,O9)
#  19  nu(C4-C5)
#  20  nu(O2-C3)
#  21  gamma(H16;C8,H17,H18)
#  22  tau(H13-C3-C4-C5)
#  23  tau(H10-C1-O2-C3)
#  24  delta(H17-C8-H18)
#  25  delta(H11-C1-H12)
#  26  delta(C7-O9-H19)
#  27  delta(O2-C1-H12)
#  28  delta(O2-C1-H11)
#  29  delta(C4-C3-H13)
#  30  tau(O9-C7-C8-H16)
#  31  nu(C3-C7)
#  32  delta(C3-C4-C5)
#  33  delta(O2-C1-H10)
#  34  tau(H14-C4-C7-C8)
#  35  nu(C5-C6)
#  36  nu(C7-C8)
#  37  delta(C7-C8-H16)
#  38  tau(O2-C3-C4-H14)
#  39  tau(H12-C1-O2-C3)
#  40  tau(C3-C7-C8-H18)
#  41  delta(C7-C8-H18)
#  42  delta_lin2(C4-C5-C6)
#  43  delta_lin1(C4-C5-C6)
#  44  delta(C3-C7-O9)
#  45  gamma(C7;C3,O2,C4)
#  46  delta(C1-O2-C3)
#  47  tau(O2-C3-C7-O9)
#  48  tau(C1-O2-C3-C7)
#  49  gamma(C8;C7,C3,C4)
#  50  delta(O2-C3-C4)
#  51  gamma(C7;C3,C4,H13)

Wrote: /local/scratch/mv487/qm9s/experiment_1_phase2/ped/101197/101197_summary.csv
Wrote: /local/scratch/mv487/qm9s/experiment_1_phase2/ped/101197/101197_families.csv
Wrote: /local/scratch/mv487/qm9s/experiment_1_phase2/ped/101197/101197_ped.csv
Wrote: /local/scratch/mv487/qm9s/experiment_1_phase2/ped/101197/101197_ir_transitions.csv

# All generated files are in: /local/scratch/mv487/qm9s/experiment_1_phase2/ped/101197
# Manifest: /local/scratch/mv487/qm9s/experiment_1_phase2/ped/101197/101197_manifest.txt

--- stderr ---
Normal modes/frequencies absent or incomplete: diagonalizing Hessian.
