# Contact: romi@lens.unifi.it
# Manual: https://github.com/SebRoLENS/orca-ped-analyzer/blob/main/docs/ORCA_PED_Analyzer_Manual.md
# Check GitHub for updates and new releases: https://github.com/SebRoLENS/orca-ped-analyzer
#
# Molecule: 14 atoms | non-linear
# Bonds inferred: 15 | candidate ICs: 140 | selected ICs: 36
# Cartesian-Hessian reconstruction relative error: 1.273e-05
# Energy distribution: PED (PED is the backward-compatible default; TED includes kinetic-energy terms)
# Ring/cycle bonds detected: 6 | ring atoms: 5 | ring systems: 1
# VPT2: no matching .out file supplied/found -> harmonic/PED analysis only
#
 Mode   Harm/cm-1   VPT2/cm-1  Harm.Int/km mol-1  Assignment                                                     Grouped PED
------------------------------------------------------------------------------------------------------------------------------------------------------------------------------------------------
    6      101.75          --                 --  mixed cyclic-ring torsional/out-of-plane deformation / cyclic-ring torsional/out-of-plane deformation / ring-site C-H out-of-plane bending cyclic-ring torsional/out-of-plane deformation 40.24%; cyclic-ring torsional/out-of-plane deformation 30.61%; ring-site C-H out-of-plane bending 18.64%; C-C-N linear bending 5.41%
    7      130.67          --                 --  mixed C-C-C bending / ring-site C-H out-of-plane bending / C-C-N linear bending C-C-C bending 32.99%; ring-site C-H out-of-plane bending 24.86%; C-C-N linear bending 18.87%; cyclic-ring torsional/out-of-plane deformation 16.95%
    8      159.47          --                 --  C-C torsion                                                    C-C torsion 71.15%; cyclic-ring torsional/out-of-plane deformation 12.13%; cyclic-ring torsional/out-of-plane deformation 5.89%; C-C-C bending 3.25%
    9      198.57          --                 --  mixed cyclic-ring torsional/out-of-plane deformation / cyclic-ring torsional/out-of-plane deformation cyclic-ring torsional/out-of-plane deformation 45.61%; cyclic-ring torsional/out-of-plane deformation 16.18%; ring-site C-H out-of-plane bending 11.77%; C-C-N linear bending 8.76%
   10      248.03          --                 --  mixed cyclic-ring torsional/out-of-plane deformation / cyclic-ring torsional/out-of-plane deformation cyclic-ring torsional/out-of-plane deformation 58.45%; cyclic-ring torsional/out-of-plane deformation 13.52%; ring-site C-H out-of-plane bending 7.28%; mixed-phase cyclic C-C stretching 4.90%
   11      309.64          --                 --  mixed cyclic-ring torsional/out-of-plane deformation / ring-site C-H out-of-plane bending cyclic-ring torsional/out-of-plane deformation 35.13%; ring-site C-H out-of-plane bending 34.49%; C-C-N linear bending 11.24%; cyclic-ring torsional/out-of-plane deformation 8.86%
   12      387.52          --                 --  mixed C-C-N linear bending / ring-site C-H out-of-plane bending / cyclic-ring torsional/out-of-plane deformation C-C-N linear bending 34.03%; ring-site C-H out-of-plane bending 27.07%; cyclic-ring torsional/out-of-plane deformation 16.32%; cyclic-ring torsional/out-of-plane deformation 12.50%
   13      480.93          --                 --  mixed cyclic C-C stretching / ring-site C-H out-of-plane bending / O-C-O bending cyclic C-C stretching 23.48%; ring-site C-H out-of-plane bending 19.52%; O-C-O bending 16.03%; cyclic-ring deformation (C-O-C bend) 13.10%
   14      526.30          --                 --  mixed C-C-N linear bending / cyclic-ring torsional/out-of-plane deformation / ring-site C-H out-of-plane bending C-C-N linear bending 24.83%; cyclic-ring torsional/out-of-plane deformation 22.85%; ring-site C-H out-of-plane bending 18.21%; O-C-O bending 12.38%
   15      623.67          --                 --  mixed cyclic-ring deformation (C-O-C bend) / in-phase exocyclic C-C stretching cyclic-ring deformation (C-O-C bend) 24.99%; in-phase exocyclic C-C stretching 18.54%; C-C-C bending 13.40%; cyclic-ring torsional/out-of-plane deformation 10.91%
   16      663.53          --                 --  mixed ring-site C-H out-of-plane bending / mixed-phase cyclic C-C stretching ring-site C-H out-of-plane bending 25.33%; mixed-phase cyclic C-C stretching 22.92%; mixed-phase exocyclic C-C stretching 13.62%; cyclic-ring torsional/out-of-plane deformation 9.98%
   17      730.86          --                 --  mixed in-phase cyclic C-C stretching / cyclic C-O stretching / O-C-O bending in-phase cyclic C-C stretching 33.54%; cyclic C-O stretching 22.35%; O-C-O bending 15.89%; exocyclic C-C stretching 6.53%
   18      759.26          --                 --  mixed cyclic-ring torsional/out-of-plane deformation / mixed-phase cyclic C-C stretching / cyclic-ring torsional/out-of-plane deformation cyclic-ring torsional/out-of-plane deformation 26.40%; mixed-phase cyclic C-C stretching 21.61%; cyclic-ring torsional/out-of-plane deformation 17.75%; ring-site C-H out-of-plane bending 16.33%
   19      818.75          --                 --  mixed mixed-phase cyclic C-O stretching / cyclic-ring deformation (C-O-C bend) / mixed-phase cyclic C-C stretching mixed-phase cyclic C-O stretching 24.96%; cyclic-ring deformation (C-O-C bend) 16.62%; mixed-phase cyclic C-C stretching 15.57%; cyclic-ring torsional/out-of-plane deformation 12.75%
   20      875.97          --                 --  mixed mixed-phase cyclic C-C stretching / C-H bending          mixed-phase cyclic C-C stretching 49.13%; C-H bending 15.01%; cyclic-ring torsional/out-of-plane deformation 12.02%; cyclic-ring torsional/out-of-plane deformation 5.23%
   21      908.51          --                 --  mixed ring-site C-H out-of-plane bending / mixed-phase cyclic C-O stretching ring-site C-H out-of-plane bending 46.66%; mixed-phase cyclic C-O stretching 15.95%; cyclic C-C stretching 11.39%; cyclic-ring deformation (C-O-C bend) 9.39%
   22      932.42          --                 --  mixed ring-site C-H out-of-plane bending / mixed-phase cyclic C-O stretching ring-site C-H out-of-plane bending 54.90%; mixed-phase cyclic C-O stretching 19.52%; mixed-phase cyclic C-C stretching 8.67%; O-C-O bending 6.15%
   23      975.11          --                 --  mixed ring-site C-H out-of-plane bending / mixed-phase cyclic C-O stretching ring-site C-H out-of-plane bending 32.50%; mixed-phase cyclic C-O stretching 14.18%; mixed-phase exocyclic C-C stretching 13.52%; cyclic-ring torsional/out-of-plane deformation 10.07%
   24     1028.99          --                 --  mixed ring-site C-H out-of-plane bending / mixed-phase cyclic C-C stretching ring-site C-H out-of-plane bending 67.81%; mixed-phase cyclic C-C stretching 9.36%; cyclic-ring deformation (C-O-C bend) 6.49%; C-H bending 4.94%
   25     1059.41          --                 --  mixed in-phase cyclic C-O stretching / cyclic-ring deformation (C-O-C bend) in-phase cyclic C-O stretching 33.60%; cyclic-ring deformation (C-O-C bend) 26.21%; O-C-O bending 13.26%; ring-site C-H in-plane bending 9.57%
   26     1102.87          --                 --  mixed C-H bending / mixed-phase exocyclic C-C stretching / cyclic C-C stretching C-H bending 35.51%; mixed-phase exocyclic C-C stretching 21.93%; cyclic C-C stretching 18.58%; ring-site C-H out-of-plane bending 6.40%
   27     1111.12          --                 --  C-H bending                                                    C-H bending 70.27%; ring-site C-H out-of-plane bending 15.23%; cyclic-ring torsional/out-of-plane deformation 4.22%; cyclic C-C stretching 2.79%
   28     1235.36          --                 --  mixed ring-site C-H out-of-plane bending / mixed-phase cyclic C-C stretching / ring-site C-H in-plane bending ring-site C-H out-of-plane bending 24.27%; mixed-phase cyclic C-C stretching 21.20%; ring-site C-H in-plane bending 20.18%; C-H bending 14.11%
   29     1255.90          --                 --  mixed mixed-phase cyclic C-C stretching / ring-site C-H in-plane bending mixed-phase cyclic C-C stretching 29.52%; ring-site C-H in-plane bending 27.44%; ring-site C-H out-of-plane bending 10.42%; exocyclic C-C stretching 10.08%
   30     1325.88          --                 --  mixed ring-site C-H out-of-plane bending / mixed-phase exocyclic C-C stretching ring-site C-H out-of-plane bending 51.30%; mixed-phase exocyclic C-C stretching 13.69%; in-phase cyclic C-C stretching 12.60%; ring-site C-H in-plane bending 12.19%
   31     1427.07          --                 --  C-H bending                                                    C-H bending 94.54%; exocyclic C-C stretching 2.13%
   32     1450.64          --                 --  mixed cyclic C-C stretching / exocyclic C-C stretching / ring-site C-H out-of-plane bending cyclic C-C stretching 36.64%; exocyclic C-C stretching 21.97%; ring-site C-H out-of-plane bending 20.43%; C-H bending 11.58%
   33     1488.20          --                 --  C-H bending                                                    C-H bending 96.86%
   34     1500.40          --                 --  C-H bending                                                    C-H bending 99.27%
   35     1931.16          --                 --  exocyclic C-O stretching                                       exocyclic C-O stretching 81.18%; cyclic C-C stretching 7.08%; cyclic-ring deformation (C-O-C bend) 6.32%; cyclic C-O stretching 3.55%
   36     2364.16          --                 --  C-N stretching                                                 C-N stretching 89.29%; exocyclic C-C stretching 10.60%
   37     3042.45          --                 --  in-phase C-H stretching                                        in-phase C-H stretching 99.66%
   38     3108.09          --                 --  mixed-phase C-H stretching                                     mixed-phase C-H stretching 99.47%
   39     3111.91          --                 --  mixed-phase C-H stretching                                     mixed-phase C-H stretching 99.53%
   40     3143.41          --                 --  ring-site C-H stretching                                       ring-site C-H stretching 99.22%
   41     3229.62          --                 --  ring-site C-H stretching                                       ring-site C-H stretching 98.99%

# Selected internal-coordinate set:
#   1  nu(C1-C2)
#   2  nu(C3-O4)
#   3  nu(C7-C8)
#   4  nu(C5-O6)
#   5  nu(C1-H12)
#   6  delta_lin2(C7-C8-N9)
#   7  delta_lin1(C7-C8-N9)
#   8  nu(C3-H13)
#   9  nu(C1-H10)
#  10  tau(H13-C3-O4-C5)
#  11  nu(C7-H14)
#  12  nu(O4-C5)
#  13  nu(C1-H11)
#  14  tau(C2-C3-O4-C5)
#  15  tau(C1-C2-C3-O4)
#  16  nu(C8-N9)
#  17  tau(C1-C2-C7-H14)
#  18  delta(O4-C5-O6)
#  19  tau(C3-O4-C5-O6)
#  20  tau(C2-C3-C7-H14)
#  21  delta(H10-C1-H11)
#  22  delta(H10-C1-H12)
#  23  delta(H11-C1-H12)
#  24  delta(O4-C3-H13)
#  25  tau(C5-C2-C7-H14)
#  26  nu(C3-C7)
#  27  delta(C3-O4-C5)
#  28  delta(C2-C1-H12)
#  29  tau(C2-C3-C7-C8)
#  30  delta(C3-C7-C8)
#  31  delta(C2-C1-H10)
#  32  nu(C2-C5)
#  33  tau(H11-C1-C2-C5)
#  34  nu(C2-C7)
#  35  nu(C2-C3)
#  36  tau(C5-C2-C3-C7)

Wrote: /local/scratch/mv487/qm9s/experiment_1_phase2/ped/126521/126521_summary.csv
Wrote: /local/scratch/mv487/qm9s/experiment_1_phase2/ped/126521/126521_families.csv
Wrote: /local/scratch/mv487/qm9s/experiment_1_phase2/ped/126521/126521_ped.csv
Wrote: /local/scratch/mv487/qm9s/experiment_1_phase2/ped/126521/126521_ir_transitions.csv

# All generated files are in: /local/scratch/mv487/qm9s/experiment_1_phase2/ped/126521
# Manifest: /local/scratch/mv487/qm9s/experiment_1_phase2/ped/126521/126521_manifest.txt

--- stderr ---
Normal modes/frequencies absent or incomplete: diagonalizing Hessian.
