# Contact: romi@lens.unifi.it
# Manual: https://github.com/SebRoLENS/orca-ped-analyzer/blob/main/docs/ORCA_PED_Analyzer_Manual.md
# Check GitHub for updates and new releases: https://github.com/SebRoLENS/orca-ped-analyzer
#
# Molecule: 23 atoms | non-linear
# Bonds inferred: 24 | candidate ICs: 250 | selected ICs: 63
# Cartesian-Hessian reconstruction relative error: 3.251e-05
# Energy distribution: PED (PED is the backward-compatible default; TED includes kinetic-energy terms)
# Ring/cycle bonds detected: 6 | ring atoms: 5 | ring systems: 1
# VPT2: no matching .out file supplied/found -> harmonic/PED analysis only
#
 Mode   Harm/cm-1   VPT2/cm-1  Harm.Int/km mol-1  Assignment                                                     Grouped PED
------------------------------------------------------------------------------------------------------------------------------------------------------------------------------------------------
    6       78.56          --                 --  C-C torsion                                                    C-C torsion 80.65%; cyclic-ring torsional/out-of-plane deformation 9.47%; ring-site C-H out-of-plane bending 7.93%
    7      100.26          --                 --  mixed cyclic-ring torsional/out-of-plane deformation / ring-site C-H out-of-plane bending / C-C torsion cyclic-ring torsional/out-of-plane deformation 35.57%; ring-site C-H out-of-plane bending 30.29%; C-C torsion 24.34%; C-C-C bending 3.82%
    8      176.65          --                 --  mixed C-C torsion / C-C-C bending                              C-C torsion 58.15%; C-C-C bending 11.17%; ring-site C-H out-of-plane bending 10.10%; cyclic-ring torsional/out-of-plane deformation 8.00%
    9      219.99          --                 --  C-C torsion                                                    C-C torsion 82.52%; cyclic-ring torsional/out-of-plane deformation 6.57%; ring-site C-H out-of-plane bending 5.74%; C-C-C bending 2.30%
   10      254.66          --                 --  mixed C-C torsion / cyclic-ring torsional/out-of-plane deformation C-C torsion 33.37%; cyclic-ring torsional/out-of-plane deformation 23.47%; C-C-C bending 11.52%; C-O torsion 10.11%
   11      265.94          --                 --  C-C torsion                                                    C-C torsion 87.21%; C-C-C bending 4.19%; C-O torsion 2.75%; cyclic-ring torsional/out-of-plane deformation 2.11%
   12      281.16          --                 --  mixed C-O torsion / cyclic-ring torsional/out-of-plane deformation C-O torsion 34.99%; cyclic-ring torsional/out-of-plane deformation 28.87%; C-C-C bending 7.42%; C-C torsion 7.21%
   13      334.50          --                 --  mixed C-C-C bending / cyclic-ring torsional/out-of-plane deformation C-C-C bending 22.46%; cyclic-ring torsional/out-of-plane deformation 20.61%; cyclic-ring out-of-plane deformation 12.12%; ring-site C-H out-of-plane bending 8.18%
   14      346.19          --                 --  C-C torsion                                                    C-C torsion 72.12%; ring-site C-H out-of-plane bending 8.74%; cyclic-ring torsional/out-of-plane deformation 4.10%; C-H bending 3.81%
   15      398.57          --                 --  mixed ring-site C-H out-of-plane bending / C-C-C bending / cyclic-ring torsional/out-of-plane deformation ring-site C-H out-of-plane bending 23.68%; C-C-C bending 23.66%; cyclic-ring torsional/out-of-plane deformation 23.16%; C-H bending 11.85%
   16      418.81          --                 --  mixed cyclic-ring deformation (C-C-C bend) / ring-site C-H out-of-plane bending cyclic-ring deformation (C-C-C bend) 34.34%; ring-site C-H out-of-plane bending 33.25%; cyclic-ring torsional/out-of-plane deformation 11.66%; cyclic-ring out-of-plane deformation 8.84%
   17      447.20          --                 --  mixed ring-site C-H out-of-plane bending / cyclic-ring torsional/out-of-plane deformation ring-site C-H out-of-plane bending 62.53%; cyclic-ring torsional/out-of-plane deformation 14.40%; cyclic-ring deformation (C-C-C bend) 10.06%; C-C torsion 3.49%
   18      529.88          --                 --  mixed C-C-O bending / ring-site C-H out-of-plane bending       C-C-O bending 26.34%; ring-site C-H out-of-plane bending 24.96%; cyclic-ring torsional/out-of-plane deformation 14.84%; cyclic-ring out-of-plane deformation 14.60%
   19      604.17          --                 --  mixed ring-site C-H out-of-plane bending / cyclic-ring torsional/out-of-plane deformation ring-site C-H out-of-plane bending 24.98%; cyclic-ring torsional/out-of-plane deformation 20.60%; C-C-C bending 11.86%; C-H bending 8.32%
   20      682.12          --                 --  mixed mixed-phase cyclic C-C stretching / cyclic-ring torsional/out-of-plane deformation mixed-phase cyclic C-C stretching 35.62%; cyclic-ring torsional/out-of-plane deformation 20.60%; mixed-phase exocyclic C-C stretching 10.49%; C-C-C bending 7.65%
   21      787.98          --                 --  mixed C-H bending / C-C torsion                                C-H bending 58.62%; C-C torsion 26.72%; cyclic C-C stretching 7.57%; cyclic-ring torsional/out-of-plane deformation 2.81%
   22      797.99          --                 --  mixed C-H bending / ring-site C-H out-of-plane bending / in-phase cyclic C-C stretching C-H bending 23.71%; ring-site C-H out-of-plane bending 19.31%; in-phase cyclic C-C stretching 16.74%; cyclic-ring out-of-plane deformation 12.57%
   23      837.48          --                 --  mixed cyclic-ring out-of-plane deformation / mixed-phase cyclic C-C stretching / ring-site C-H out-of-plane bending cyclic-ring out-of-plane deformation 31.30%; mixed-phase cyclic C-C stretching 28.17%; ring-site C-H out-of-plane bending 15.12%; C-H bending 7.09%
   24      877.88          --                 --  mixed ring-site C-H out-of-plane bending / mixed-phase cyclic C-C stretching ring-site C-H out-of-plane bending 43.83%; mixed-phase cyclic C-C stretching 13.94%; cyclic-ring out-of-plane deformation 13.65%; C-H bending 12.67%
   25      912.74          --                 --  mixed ring-site C-H out-of-plane bending / mixed-phase cyclic C-C stretching ring-site C-H out-of-plane bending 69.00%; mixed-phase cyclic C-C stretching 7.08%; exocyclic C-O stretching 6.88%; C-H bending 6.38%
   26      931.05          --                 --  mixed ring-site C-H out-of-plane bending / C-H bending         ring-site C-H out-of-plane bending 43.25%; C-H bending 15.36%; opposite-phase cyclic C-C stretching 11.69%; exocyclic C-O stretching 6.94%
   27      959.06          --                 --  mixed mixed-phase cyclic C-C stretching / C-H bending / ring-site C-H out-of-plane bending mixed-phase cyclic C-C stretching 25.63%; C-H bending 19.89%; ring-site C-H out-of-plane bending 17.44%; cyclic-ring out-of-plane deformation 12.12%
   28      967.80          --                 --  mixed mixed-phase cyclic C-C stretching / C-H bending / cyclic-ring out-of-plane deformation mixed-phase cyclic C-C stretching 31.40%; C-H bending 21.02%; cyclic-ring out-of-plane deformation 16.37%; C-C stretching 11.79%
   29      982.80          --                 --  mixed cyclic-ring out-of-plane deformation / C-C stretching    cyclic-ring out-of-plane deformation 29.27%; C-C stretching 14.08%; C-H bending 12.43%; ring-site C-H out-of-plane bending 12.39%
   30     1005.16          --                 --  mixed C-H bending / cyclic-ring out-of-plane deformation / ring-site C-H out-of-plane bending C-H bending 29.45%; cyclic-ring out-of-plane deformation 17.71%; ring-site C-H out-of-plane bending 16.70%; opposite-phase cyclic C-C stretching 13.10%
   31     1028.88          --                 --  mixed cyclic-ring out-of-plane deformation / C-H bending       cyclic-ring out-of-plane deformation 42.19%; C-H bending 17.69%; ring-site C-H in-plane bending 10.61%; cyclic-ring torsional/out-of-plane deformation 7.48%
   32     1054.93          --                 --  mixed ring-site C-H out-of-plane bending / C-H bending         ring-site C-H out-of-plane bending 36.47%; C-H bending 20.78%; cyclic-ring out-of-plane deformation 10.49%; opposite-phase exocyclic C-C stretching 7.35%
   33     1077.98          --                 --  mixed C-C out-of-plane bending / cyclic-ring out-of-plane deformation C-C out-of-plane bending 60.09%; cyclic-ring out-of-plane deformation 27.18%; ring-site C-H out-of-plane bending 6.12%; C-H bending 2.26%
   34     1088.31          --                 --  mixed C-C out-of-plane bending / C-H bending                   C-C out-of-plane bending 38.25%; C-H bending 17.99%; ring-site C-H out-of-plane bending 12.23%; cyclic-ring out-of-plane deformation 11.83%
   35     1109.30          --                 --  mixed C-H bending / mixed-phase cyclic C-C stretching / O-H bending C-H bending 42.53%; mixed-phase cyclic C-C stretching 18.75%; O-H bending 15.63%; ring-site C-H out-of-plane bending 7.61%
   36     1153.56          --                 --  mixed C-H bending / ring-site C-H out-of-plane bending         C-H bending 29.17%; ring-site C-H out-of-plane bending 26.12%; cyclic C-C stretching 13.19%; O-H bending 6.64%
   37     1168.02          --                 --  mixed C-H bending / mixed-phase cyclic C-C stretching          C-H bending 40.19%; mixed-phase cyclic C-C stretching 13.19%; C-C out-of-plane bending 9.45%; cyclic-ring out-of-plane deformation 8.98%
   38     1224.94          --                 --  mixed ring-site C-H out-of-plane bending / C-C out-of-plane bending ring-site C-H out-of-plane bending 46.77%; C-C out-of-plane bending 18.69%; exocyclic C-C stretching 8.49%; mixed-phase cyclic C-C stretching 8.28%
   39     1234.33          --                 --  mixed C-H bending / cyclic-ring out-of-plane deformation       C-H bending 40.95%; cyclic-ring out-of-plane deformation 14.79%; mixed-phase cyclic C-C stretching 12.45%; C-C out-of-plane bending 8.24%
   40     1238.03          --                 --  mixed C-C out-of-plane bending / mixed-phase cyclic C-C stretching C-C out-of-plane bending 54.09%; mixed-phase cyclic C-C stretching 10.05%; ring-site C-H out-of-plane bending 7.65%; exocyclic C-O stretching 7.03%
   41     1274.35          --                 --  mixed C-H bending / ring-site C-H in-plane bending             C-H bending 40.62%; ring-site C-H in-plane bending 19.20%; mixed-phase cyclic C-C stretching 11.94%; O-H bending 5.68%
   42     1324.61          --                 --  mixed C-H bending / cyclic C-C stretching                      C-H bending 50.72%; cyclic C-C stretching 13.93%; C-C torsion 11.43%; cyclic-ring deformation (C-C-C bend) 7.54%
   43     1346.41          --                 --  C-H bending                                                    C-H bending 83.50%; mixed-phase cyclic C-C stretching 6.93%; O-H bending 4.50%
   44     1375.99          --                 --  mixed C-H bending / cyclic C-C stretching                      C-H bending 57.62%; cyclic C-C stretching 10.83%; O-H bending 9.80%; in-phase exocyclic C-C stretching 5.56%
   45     1405.63          --                 --  mixed C-H bending / C-H out-of-plane bending                   C-H bending 32.95%; C-H out-of-plane bending 20.10%; mixed-phase cyclic C-C stretching 12.24%; mixed-phase exocyclic C-C stretching 10.21%
   46     1411.74          --                 --  C-H bending                                                    C-H bending 90.01%; exocyclic C-C stretching 4.47%; C-H out-of-plane bending 2.83%
   47     1417.09          --                 --  mixed C-H out-of-plane bending / C-H bending                   C-H out-of-plane bending 47.37%; C-H bending 40.91%; cyclic C-C stretching 2.89%; exocyclic C-C stretching 2.06%
   48     1480.03          --                 --  mixed ring-site C-H out-of-plane bending / C-H bending         ring-site C-H out-of-plane bending 55.91%; C-H bending 40.56%
   49     1486.06          --                 --  C-H bending                                                    C-H bending 91.27%; C-C torsion 5.16%
   50     1492.56          --                 --  C-H bending                                                    C-H bending 98.45%
   51     1498.97          --                 --  C-H bending                                                    C-H bending 92.83%; ring-site C-H out-of-plane bending 2.83%; C-C torsion 2.42%
   52     1501.40          --                 --  mixed C-C torsion / C-H bending                                C-C torsion 63.12%; C-H bending 35.51%
   53     1506.97          --                 --  mixed C-H bending / ring-site C-H out-of-plane bending         C-H bending 61.08%; ring-site C-H out-of-plane bending 23.53%; in-phase cyclic C-C stretching 6.38%; cyclic-ring out-of-plane deformation 5.20%
   54     1510.13          --                 --  mixed C-H bending / C-C torsion                                C-H bending 69.30%; C-C torsion 18.61%; C-H out-of-plane bending 8.98%
   55     3007.52          --                 --  C-H stretching                                                 C-H stretching 99.08%
   56     3019.32          --                 --  C-H stretching                                                 C-H stretching 98.79%
   57     3028.21          --                 --  in-phase C-H stretching                                        in-phase C-H stretching 99.11%
   58     3039.74          --                 --  in-phase ring-site C-H stretching                              in-phase ring-site C-H stretching 95.40%; C-H stretching 3.81%
   59     3040.08          --                 --  mixed-phase C-H stretching                                     mixed-phase C-H stretching 96.79%; in-phase ring-site C-H stretching 2.12%
   60     3082.83          --                 --  mixed-phase C-H stretching                                     mixed-phase C-H stretching 98.95%
   61     3089.91          --                 --  opposite-phase C-H stretching                                  opposite-phase C-H stretching 96.14%; mixed-phase ring-site C-H stretching 3.45%
   62     3090.38          --                 --  opposite-phase ring-site C-H stretching                        opposite-phase ring-site C-H stretching 89.68%; mixed-phase C-H stretching 8.89%
   63     3093.98          --                 --  mixed-phase C-H stretching                                     mixed-phase C-H stretching 98.31%
   64     3105.30          --                 --  opposite-phase C-H stretching                                  opposite-phase C-H stretching 95.53%; mixed-phase ring-site C-H stretching 4.03%
   65     3112.09          --                 --  in-phase ring-site C-H stretching                              in-phase ring-site C-H stretching 98.87%
   66     3159.08          --                 --  ring-site C-H stretching                                       ring-site C-H stretching 98.94%
   67     3193.59          --                 --  opposite-phase ring-site C-H stretching                        opposite-phase ring-site C-H stretching 99.35%
   68     3791.69          --                 --  O-H stretching                                                 O-H stretching 99.94%

# Selected internal-coordinate set:
#   1  nu(C2-C3)
#   2  nu(C4-H16)
#   3  nu(C6-C7)
#   4  nu(O8-H21)
#   5  nu(C9-H22)
#   6  nu(C1-H10)
#   7  nu(C5-H17)
#   8  nu(C1-H11)
#   9  nu(C2-H14)
#  10  nu(C9-H23)
#  11  nu(C7-H18)
#  12  nu(C4-H15)
#  13  nu(C1-H12)
#  14  nu(C2-H13)
#  15  nu(C6-O8)
#  16  nu(C7-H19)
#  17  gamma(C3;C4,H15,H16)
#  18  gamma(C6;C9,H22,H23)
#  19  gamma(C3;C5,C6,H17)
#  20  nu(C7-H20)
#  21  delta(C6-C5-H17)
#  22  tau(C7-C6-O8-H21)
#  23  delta(H15-C4-H16)
#  24  gamma(C2;C3,C4,C5)
#  25  delta(H22-C9-H23)
#  26  gamma(H10;C1,H11,H12)
#  27  delta(H13-C2-H14)
#  28  delta(C6-O8-H21)
#  29  delta(C3-C2-H13)
#  30  delta(H11-C1-H12)
#  31  delta(H18-C7-H19)
#  32  delta(H18-C7-H20)
#  33  delta(H19-C7-H20)
#  34  gamma(C5;C4,C3,H15)
#  35  tau(C9-C3-C4-C5)
#  36  tau(H10-C1-C2-C3)
#  37  nu(C6-C9)
#  38  delta(C1-C2-H14)
#  39  delta(C6-C7-H19)
#  40  delta(C2-C1-H12)
#  41  gamma(H23;C9,C3,C6)
#  42  tau(H11-C1-C2-H14)
#  43  nu(C5-C6)
#  44  nu(C3-C4)
#  45  delta(C6-C7-H18)
#  46  nu(C4-C5)
#  47  nu(C1-C2)
#  48  tau(H15-C4-C5-C6)
#  49  delta(C2-C1-H11)
#  50  delta(C5-C6-O8)
#  51  tau(C9-C6-C7-H18)
#  52  delta(C1-C2-H13)
#  53  tau(C3-C5-C6-O8)
#  54  tau(C4-C3-C9-H23)
#  55  gamma(C5;C4,C3,H16)
#  56  nu(C3-C9)
#  57  tau(C4-C5-C6-C7)
#  58  delta(C5-C6-C7)
#  59  delta(C4-C3-C9)
#  60  tau(C5-C6-C9-H23)
#  61  delta(C1-C2-C3)
#  62  tau(H14-C2-C3-C9)
#  63  tau(C1-C2-C3-C5)

Wrote: /local/scratch/mv487/qm9s/experiment_1_phase2/ped/98795/98795_summary.csv
Wrote: /local/scratch/mv487/qm9s/experiment_1_phase2/ped/98795/98795_families.csv
Wrote: /local/scratch/mv487/qm9s/experiment_1_phase2/ped/98795/98795_ped.csv
Wrote: /local/scratch/mv487/qm9s/experiment_1_phase2/ped/98795/98795_ir_transitions.csv

# All generated files are in: /local/scratch/mv487/qm9s/experiment_1_phase2/ped/98795
# Manifest: /local/scratch/mv487/qm9s/experiment_1_phase2/ped/98795/98795_manifest.txt

--- stderr ---
Normal modes/frequencies absent or incomplete: diagonalizing Hessian.
