# Contact: romi@lens.unifi.it
# Manual: https://github.com/SebRoLENS/orca-ped-analyzer/blob/main/docs/ORCA_PED_Analyzer_Manual.md
# Check GitHub for updates and new releases: https://github.com/SebRoLENS/orca-ped-analyzer
#
# Molecule: 18 atoms | non-linear
# Bonds inferred: 18 | candidate ICs: 153 | selected ICs: 48
# Cartesian-Hessian reconstruction relative error: 2.873e-05
# Energy distribution: PED (PED is the backward-compatible default; TED includes kinetic-energy terms)
# Ring/cycle bonds detected: 5 | ring atoms: 5 | ring systems: 1
# VPT2: no matching .out file supplied/found -> harmonic/PED analysis only
#
 Mode   Harm/cm-1   VPT2/cm-1  Harm.Int/km mol-1  Assignment                                                     Grouped PED
------------------------------------------------------------------------------------------------------------------------------------------------------------------------------------------------
    6       72.32          --                 --  mixed C-C torsion / cyclic-ring torsional/out-of-plane deformation / C-O torsion C-C torsion 44.52%; cyclic-ring torsional/out-of-plane deformation 32.33%; C-O torsion 15.28%; ring-site C-H out-of-plane bending 3.60%
    7      125.89          --                 --  C-C torsion                                                    C-C torsion 83.68%; cyclic-ring torsional/out-of-plane deformation 9.59%; C-O torsion 4.35%
    8      165.35          --                 --  mixed ring-site C-H out-of-plane bending / C-C torsion         ring-site C-H out-of-plane bending 50.28%; C-C torsion 13.06%; cyclic-ring torsional/out-of-plane deformation 12.51%; cyclic-ring torsional/out-of-plane deformation 9.12%
    9      207.56          --                 --  mixed C-O torsion / cyclic-ring torsional/out-of-plane deformation / ring-site C-H out-of-plane bending C-O torsion 31.88%; cyclic-ring torsional/out-of-plane deformation 25.79%; ring-site C-H out-of-plane bending 17.41%; C-C-O bending 6.52%
   10      255.58          --                 --  mixed C-O torsion / C-C torsion                                C-O torsion 68.64%; C-C torsion 7.52%; C-C-O bending 6.45%; O-C-C bending 4.95%
   11      261.62          --                 --  mixed C-O torsion / ring-site C-H out-of-plane bending         C-O torsion 67.11%; ring-site C-H out-of-plane bending 15.70%; C-C-O bending 6.14%; O-C-C bending 3.39%
   12      297.28          --                 --  mixed C-C torsion / ring-site C-H out-of-plane bending / cyclic-ring torsional/out-of-plane deformation C-C torsion 21.28%; ring-site C-H out-of-plane bending 20.35%; cyclic-ring torsional/out-of-plane deformation 16.10%; cyclic-ring deformation (C-C-C bend) 13.32%
   13      406.69          --                 --  C-O torsion                                                    C-O torsion 88.85%; ring-site C-H out-of-plane bending 2.24%; O-C-C bending 2.12%
   14      428.74          --                 --  C-O torsion                                                    C-O torsion 93.29%
   15      462.99          --                 --  mixed C-O torsion / ring-site C-H out-of-plane bending         C-O torsion 42.26%; ring-site C-H out-of-plane bending 14.03%; C-C-O bending 9.60%; cyclic-ring torsional/out-of-plane deformation 8.03%
   16      525.43          --                 --  mixed C-C-O bending / ring-site C-H out-of-plane bending       C-C-O bending 21.09%; ring-site C-H out-of-plane bending 13.13%; C-C torsion 12.05%; cyclic-ring torsional/out-of-plane deformation 11.77%
   17      553.21          --                 --  mixed ring-site N-H out-of-plane bending / cyclic-ring torsional/out-of-plane deformation ring-site N-H out-of-plane bending 39.16%; cyclic-ring torsional/out-of-plane deformation 23.47%; ring-site C-H out-of-plane bending 7.04%; O-C-C bending 6.96%
   18      647.99          --                 --  mixed cyclic-ring torsional/out-of-plane deformation / O-C-C bending cyclic-ring torsional/out-of-plane deformation 24.02%; O-C-C bending 16.70%; cyclic-ring deformation (C-C-C bend) 10.42%; cyclic-ring deformation (C-N-C bend) 9.04%
   19      720.53          --                 --  mixed cyclic-ring deformation (C-N-C bend) / C-C torsion / cyclic-ring deformation (C-C-C bend) cyclic-ring deformation (C-N-C bend) 36.00%; C-C torsion 17.18%; cyclic-ring deformation (C-C-C bend) 16.30%; mixed-phase cyclic C-C stretching 7.81%
   20      752.52          --                 --  mixed cyclic C-C stretching / cyclic C-N stretching            cyclic C-C stretching 29.52%; cyclic C-N stretching 10.42%; C-C torsion 8.41%; C-C-O bending 6.49%
   21      816.86          --                 --  mixed cyclic C-C stretching / exocyclic C-C stretching         cyclic C-C stretching 28.02%; exocyclic C-C stretching 19.55%; ring-site C-H out-of-plane bending 8.07%; cyclic-ring torsional/out-of-plane deformation 7.37%
   22      877.12          --                 --  mixed C-C torsion / opposite-phase cyclic C-C stretching       C-C torsion 28.66%; opposite-phase cyclic C-C stretching 26.21%; ring-site C-H out-of-plane bending 8.84%; C-H bending 7.55%
   23      943.44          --                 --  mixed ring-site C-H out-of-plane bending / ring-site C-H in-plane bending ring-site C-H out-of-plane bending 52.08%; ring-site C-H in-plane bending 11.75%; mixed-phase cyclic C-C stretching 10.85%; C-C torsion 9.55%
   24      993.18          --                 --  mixed ring-site C-H out-of-plane bending / cyclic C-N stretching ring-site C-H out-of-plane bending 16.89%; cyclic C-N stretching 15.88%; mixed-phase cyclic C-C stretching 13.75%; cyclic-ring deformation (C-C-C bend) 8.73%
   25     1036.78          --                 --  mixed mixed-phase cyclic C-N stretching / mixed-phase cyclic C-C stretching mixed-phase cyclic C-N stretching 31.52%; mixed-phase cyclic C-C stretching 12.95%; C-H bending 11.83%; cyclic-ring deformation (C-N-C bend) 9.57%
   26     1047.18          --                 --  C-O stretching                                                 C-O stretching 77.29%; C-C-C bending 4.90%; O-C-C bending 4.28%
   27     1068.26          --                 --  mixed cyclic-ring deformation (C-C-C bend) / cyclic C-C stretching cyclic-ring deformation (C-C-C bend) 17.68%; cyclic C-C stretching 17.54%; exocyclic C-C stretching 9.35%; C-H bending 8.03%
   28     1142.66          --                 --  mixed ring-site C-H out-of-plane bending / exocyclic C-O stretching ring-site C-H out-of-plane bending 31.21%; exocyclic C-O stretching 20.93%; C-C torsion 10.16%; cyclic-ring deformation (C-C-C bend) 8.11%
   29     1147.29          --                 --  mixed exocyclic C-O stretching / ring-site C-H out-of-plane bending / C-C torsion exocyclic C-O stretching 27.65%; ring-site C-H out-of-plane bending 16.63%; C-C torsion 15.30%; cyclic C-C stretching 11.36%
   30     1199.02          --                 --  mixed C-C torsion / ring-site C-H in-plane bending / O-H bending C-C torsion 34.15%; ring-site C-H in-plane bending 23.34%; O-H bending 16.08%; C-O torsion 15.85%
   31     1227.22          --                 --  mixed ring-site C-H out-of-plane bending / ring-site C-H in-plane bending ring-site C-H out-of-plane bending 29.11%; ring-site C-H in-plane bending 22.93%; C-O torsion 9.70%; O-H bending 8.24%
   32     1242.83          --                 --  mixed C-C torsion / ring-site C-H out-of-plane bending         C-C torsion 40.84%; ring-site C-H out-of-plane bending 19.28%; C-H bending 13.63%; C-O torsion 5.10%
   33     1263.55          --                 --  mixed ring-site C-H in-plane bending / O-H bending             ring-site C-H in-plane bending 22.24%; O-H bending 22.07%; C-H bending 10.94%; C-C torsion 10.84%
   34     1284.11          --                 --  mixed C-C torsion / cyclic C-N stretching                      C-C torsion 22.45%; cyclic C-N stretching 21.70%; ring-site C-H out-of-plane bending 14.05%; ring-site C-H in-plane bending 9.52%
   35     1309.00          --                 --  mixed C-C torsion / C-H bending                                C-C torsion 39.80%; C-H bending 16.58%; ring-site C-H out-of-plane bending 14.60%; opposite-phase cyclic C-C stretching 6.16%
   36     1357.16          --                 --  mixed C-H bending / ring-site C-H in-plane bending / ring-site C-H out-of-plane bending C-H bending 25.32%; ring-site C-H in-plane bending 21.31%; ring-site C-H out-of-plane bending 15.23%; C-C torsion 9.42%
   37     1367.58          --                 --  mixed ring-site C-H out-of-plane bending / C-H bending         ring-site C-H out-of-plane bending 39.73%; C-H bending 17.03%; ring-site C-H in-plane bending 8.78%; ring-site N-H in-plane bending 7.51%
   38     1395.26          --                 --  mixed C-H bending / ring-site C-H out-of-plane bending         C-H bending 35.03%; ring-site C-H out-of-plane bending 14.13%; C-C torsion 13.85%; ring-site N-H in-plane bending 7.97%
   39     1406.33          --                 --  mixed O-H bending / C-O torsion                                O-H bending 28.28%; C-O torsion 18.22%; ring-site C-H in-plane bending 12.70%; mixed-phase cyclic C-C stretching 11.56%
   40     1445.79          --                 --  mixed mixed-phase cyclic C-N stretching / ring-site C-H out-of-plane bending / ring-site N-H in-plane bending mixed-phase cyclic C-N stretching 20.47%; ring-site C-H out-of-plane bending 18.51%; ring-site N-H in-plane bending 15.04%; C-H bending 11.02%
   41     1461.76          --                 --  mixed C-H bending / ring-site C-H out-of-plane bending         C-H bending 39.15%; ring-site C-H out-of-plane bending 15.21%; exocyclic C-C stretching 9.53%; O-H bending 9.08%
   42     1522.98          --                 --  C-C torsion                                                    C-C torsion 76.52%; C-H bending 15.79%; ring-site C-H out-of-plane bending 2.83%
   43     1539.10          --                 --  ring-site C-H out-of-plane bending                             ring-site C-H out-of-plane bending 94.32%; ring-site C-H in-plane bending 2.33%
   44     1788.71          --                 --  exocyclic C-O stretching                                       exocyclic C-O stretching 71.44%; cyclic C-N stretching 14.55%; ring-site N-H in-plane bending 4.48%; cyclic-ring deformation (C-N-C bend) 3.69%
   45     2964.63          --                 --  ring-site C-H stretching                                       ring-site C-H stretching 98.99%
   46     3002.25          --                 --  C-H stretching                                                 C-H stretching 98.70%
   47     3026.32          --                 --  ring-site C-H stretching                                       ring-site C-H stretching 99.27%
   48     3067.63          --                 --  mixed-phase C-H stretching                                     mixed-phase C-H stretching 90.73%; ring-site C-H stretching 8.48%
   49     3089.77          --                 --  ring-site C-H stretching                                       ring-site C-H stretching 90.06%; mixed-phase C-H stretching 8.93%
   50     3108.89          --                 --  mixed-phase ring-site C-H stretching                           mixed-phase ring-site C-H stretching 98.82%
   51     3626.06          --                 --  ring-site N-H stretching                                       ring-site N-H stretching 99.19%
   52     3715.27          --                 --  O-H stretching                                                 O-H stretching 99.90%
   53     3827.98          --                 --  O-H stretching                                                 O-H stretching 99.94%

# Selected internal-coordinate set:
#   1  nu(N5-C6)
#   2  nu(O1-C2)
#   3  nu(C3-C8)
#   4  nu(C4-H15)
#   5  nu(O9-H18)
#   6  nu(C4-H14)
#   7  nu(O1-H10)
#   8  nu(C8-H17)
#   9  nu(C2-H11)
#  10  nu(C3-H13)
#  11  nu(C6-C8)
#  12  nu(C2-H12)
#  13  nu(N5-H16)
#  14  tau(H16-N5-C6-O7)
#  15  nu(C3-C4)
#  16  nu(C8-O9)
#  17  tau(H10-O1-C2-H11)
#  18  nu(C6-O7)
#  19  tau(H17-C8-O9-H18)
#  20  gamma(H14;C4,C3,H15)
#  21  delta(C2-O1-H10)
#  22  tau(C4-N5-C6-O7)
#  23  delta(C6-N5-H16)
#  24  gamma(H13;C3,C4,C8)
#  25  tau(H11-C2-C3-H13)
#  26  delta(C8-O9-H18)
#  27  delta(C3-C2-H12)
#  28  delta(O9-C8-H17)
#  29  delta(C3-C4-H15)
#  30  tau(H12-C2-C3-C4)
#  31  delta(O7-C6-C8)
#  32  delta(C6-C8-H17)
#  33  delta(C3-C2-H11)
#  34  tau(H14-C4-N5-C6)
#  35  delta(O1-C2-C3)
#  36  tau(C8-C3-C4-H15)
#  37  nu(C4-N5)
#  38  tau(O1-C2-C3-C8)
#  39  delta(C4-N5-C6)
#  40  nu(C2-C3)
#  41  tau(O1-C2-C3-H13)
#  42  tau(N5-C6-C8-O9)
#  43  tau(C3-C8-O9-H18)
#  44  gamma(H14;C4,C3,N5)
#  45  tau(C2-C3-C8-C6)
#  46  delta(C2-C3-C8)
#  47  delta(C4-C3-C8)
#  48  delta(C3-C8-O9)

Wrote: /local/scratch/mv487/qm9s/experiment_1_phase2/ped/106530/106530_summary.csv
Wrote: /local/scratch/mv487/qm9s/experiment_1_phase2/ped/106530/106530_families.csv
Wrote: /local/scratch/mv487/qm9s/experiment_1_phase2/ped/106530/106530_ped.csv
Wrote: /local/scratch/mv487/qm9s/experiment_1_phase2/ped/106530/106530_ir_transitions.csv

# All generated files are in: /local/scratch/mv487/qm9s/experiment_1_phase2/ped/106530
# Manifest: /local/scratch/mv487/qm9s/experiment_1_phase2/ped/106530/106530_manifest.txt

--- stderr ---
Normal modes/frequencies absent or incomplete: diagonalizing Hessian.
