# Contact: romi@lens.unifi.it
# Manual: https://github.com/SebRoLENS/orca-ped-analyzer/blob/main/docs/ORCA_PED_Analyzer_Manual.md
# Check GitHub for updates and new releases: https://github.com/SebRoLENS/orca-ped-analyzer
#
# Molecule: 18 atoms | non-linear
# Bonds inferred: 19 | candidate ICs: 184 | selected ICs: 48
# Cartesian-Hessian reconstruction relative error: 4.635e-05
# Energy distribution: PED (PED is the backward-compatible default; TED includes kinetic-energy terms)
# Ring/cycle bonds detected: 6 | ring atoms: 6 | ring systems: 2
# VPT2: no matching .out file supplied/found -> harmonic/PED analysis only
#
 Mode   Harm/cm-1   VPT2/cm-1  Harm.Int/km mol-1  Assignment                                                     Grouped PED
------------------------------------------------------------------------------------------------------------------------------------------------------------------------------------------------
    6       84.60          --                 --  inter-ring C-C torsion                                         inter-ring C-C torsion 78.85%; C-C-C bending 6.77%; cyclic-ring out-of-plane deformation 2.54%; C-C out-of-plane bending 2.48%
    7      116.89          --                 --  mixed cyclic-ring torsional/out-of-plane deformation / C-C-C bending cyclic-ring torsional/out-of-plane deformation 36.64%; C-C-C bending 26.88%; C-C out-of-plane bending 12.14%; C-C-N linear bending 8.73%
    8      140.56          --                 --  mixed cyclic-ring torsional/out-of-plane deformation / C-C-C bending cyclic-ring torsional/out-of-plane deformation 36.69%; C-C-C bending 18.59%; ring-site C-H out-of-plane bending 14.01%; C-C-N linear bending 8.39%
    9      189.24          --                 --  mixed C-C-C bending / cyclic-ring torsional/out-of-plane deformation / C-C-N linear bending C-C-C bending 32.03%; cyclic-ring torsional/out-of-plane deformation 18.65%; C-C-N linear bending 16.38%; C-C torsion 12.61%
   10      214.24          --                 --  mixed C-C torsion / cyclic-ring torsional/out-of-plane deformation C-C torsion 56.04%; cyclic-ring torsional/out-of-plane deformation 13.67%; C-C-O bending 7.55%; C-C-C bending 6.71%
   11      250.93          --                 --  mixed C-C-C bending / C-C out-of-plane bending / cyclic-ring torsional/out-of-plane deformation C-C-C bending 25.76%; C-C out-of-plane bending 21.93%; cyclic-ring torsional/out-of-plane deformation 15.05%; C-C-N linear bending 10.79%
   12      312.90          --                 --  mixed ring-site C-H out-of-plane bending / C-C out-of-plane bending / cyclic-ring torsional/out-of-plane deformation ring-site C-H out-of-plane bending 35.21%; C-C out-of-plane bending 22.56%; cyclic-ring torsional/out-of-plane deformation 18.34%; C-C-O bending 6.90%
   13      355.02          --                 --  mixed C-C out-of-plane bending / C-C-C bending                 C-C out-of-plane bending 32.64%; C-C-C bending 31.44%; ring-site C-H out-of-plane bending 8.12%; cyclic-ring out-of-plane deformation 7.64%
   14      420.92          --                 --  mixed C-C-N linear bending / cyclic-ring torsional/out-of-plane deformation C-C-N linear bending 16.78%; cyclic-ring torsional/out-of-plane deformation 14.70%; ring-site C-H out-of-plane bending 12.33%; C-C-C bending 11.91%
   15      582.72          --                 --  mixed C-C out-of-plane bending / C-C-C bending / C-C-N linear bending C-C out-of-plane bending 28.89%; C-C-C bending 16.82%; C-C-N linear bending 15.02%; ring-site C-H out-of-plane bending 13.11%
   16      584.36          --                 --  mixed C-C-C bending / C-C-N linear bending                     C-C-C bending 36.63%; C-C-N linear bending 20.01%; cyclic-ring torsional/out-of-plane deformation 11.12%; C-C out-of-plane bending 7.79%
   17      599.92          --                 --  mixed cyclic-ring torsional/out-of-plane deformation / C-C-O bending cyclic-ring torsional/out-of-plane deformation 23.85%; C-C-O bending 16.16%; C-C-C bending 14.41%; ring-site C-H in-plane bending 13.87%
   18      679.20          --                 --  mixed exocyclic C-C stretching / mixed-phase cyclic C-C stretching / C-C out-of-plane bending exocyclic C-C stretching 27.96%; mixed-phase cyclic C-C stretching 22.92%; C-C out-of-plane bending 15.64%; ring-site C-H out-of-plane bending 10.74%
   19      758.32          --                 --  mixed ring-site C-H out-of-plane bending / cyclic-ring torsional/out-of-plane deformation ring-site C-H out-of-plane bending 28.33%; cyclic-ring torsional/out-of-plane deformation 16.87%; opposite-phase cyclic C-O stretching 14.44%; inter-ring C-C stretching 11.38%
   20      838.19          --                 --  mixed opposite-phase cyclic C-O stretching / ring-site C-H in-plane bending opposite-phase cyclic C-O stretching 43.18%; ring-site C-H in-plane bending 12.01%; cyclic-ring out-of-plane deformation 11.59%; cyclic C-C stretching 9.14%
   21      865.62          --                 --  mixed cyclic-ring out-of-plane deformation / cyclic C-C stretching cyclic-ring out-of-plane deformation 29.79%; cyclic C-C stretching 22.32%; ring-site C-H out-of-plane bending 13.72%; cyclic C-O stretching 7.86%
   22      892.82          --                 --  mixed opposite-phase cyclic C-C stretching / in-phase cyclic C-O stretching opposite-phase cyclic C-C stretching 31.23%; in-phase cyclic C-O stretching 23.47%; exocyclic C-C stretching 12.69%; cyclic-ring out-of-plane deformation 10.30%
   23      946.33          --                 --  mixed ring-site C-H out-of-plane bending / cyclic-ring out-of-plane deformation ring-site C-H out-of-plane bending 38.57%; cyclic-ring out-of-plane deformation 19.20%; mixed-phase cyclic C-C stretching 9.58%; mixed-phase exocyclic C-C stretching 7.26%
   24      968.02          --                 --  mixed cyclic-ring out-of-plane deformation / ring-site C-H out-of-plane bending cyclic-ring out-of-plane deformation 31.12%; ring-site C-H out-of-plane bending 21.31%; C-H bending 14.72%; exocyclic C-C stretching 13.16%
   25      993.93          --                 --  mixed ring-site C-H out-of-plane bending / ring-site C-H in-plane bending ring-site C-H out-of-plane bending 54.86%; ring-site C-H in-plane bending 12.59%; cyclic-ring out-of-plane deformation 6.45%; cyclic C-O stretching 6.10%
   26     1025.74          --                 --  mixed ring-site C-H out-of-plane bending / C-H bending         ring-site C-H out-of-plane bending 48.46%; C-H bending 22.65%; cyclic-ring out-of-plane deformation 7.80%; cyclic C-C stretching 7.62%
   27     1084.06          --                 --  mixed ring-site C-H out-of-plane bending / cyclic-ring out-of-plane deformation / ring-site C-H in-plane bending ring-site C-H out-of-plane bending 44.12%; cyclic-ring out-of-plane deformation 24.95%; ring-site C-H in-plane bending 19.97%; C-H bending 7.57%
   28     1099.26          --                 --  mixed ring-site C-H out-of-plane bending / ring-site C-H in-plane bending / cyclic-ring out-of-plane deformation ring-site C-H out-of-plane bending 41.22%; ring-site C-H in-plane bending 37.37%; cyclic-ring out-of-plane deformation 15.15%
   29     1118.62          --                 --  mixed C-H bending / ring-site C-H out-of-plane bending / cyclic-ring out-of-plane deformation C-H bending 37.54%; ring-site C-H out-of-plane bending 25.12%; cyclic-ring out-of-plane deformation 21.31%; C-C out-of-plane bending 7.33%
   30     1127.78          --                 --  mixed ring-site C-H out-of-plane bending / mixed-phase cyclic C-C stretching ring-site C-H out-of-plane bending 21.66%; mixed-phase cyclic C-C stretching 17.51%; ring-site C-H in-plane bending 14.82%; C-H bending 13.68%
   31     1148.57          --                 --  mixed ring-site C-H out-of-plane bending / ring-site C-H in-plane bending ring-site C-H out-of-plane bending 69.30%; ring-site C-H in-plane bending 16.33%; cyclic-ring torsional/out-of-plane deformation 2.36%; cyclic-ring torsional/out-of-plane deformation 2.28%
   32     1169.49          --                 --  mixed ring-site C-H out-of-plane bending / ring-site C-H in-plane bending ring-site C-H out-of-plane bending 56.95%; ring-site C-H in-plane bending 24.14%; cyclic C-O stretching 5.13%; inter-ring C-C stretching 4.46%
   33     1177.02          --                 --  mixed ring-site C-H in-plane bending / ring-site C-H out-of-plane bending ring-site C-H in-plane bending 51.06%; ring-site C-H out-of-plane bending 44.94%
   34     1266.25          --                 --  mixed ring-site C-H in-plane bending / opposite-phase exocyclic C-C stretching / cyclic-ring out-of-plane deformation ring-site C-H in-plane bending 19.92%; opposite-phase exocyclic C-C stretching 18.33%; cyclic-ring out-of-plane deformation 15.06%; C-H bending 14.24%
   35     1283.26          --                 --  mixed mixed-phase cyclic C-C stretching / ring-site C-H in-plane bending mixed-phase cyclic C-C stretching 31.96%; ring-site C-H in-plane bending 23.69%; C-H bending 11.23%; C-C-C bending 9.61%
   36     1301.99          --                 --  mixed mixed-phase exocyclic C-C stretching / cyclic C-C stretching / cyclic-ring out-of-plane deformation mixed-phase exocyclic C-C stretching 22.73%; cyclic C-C stretching 19.96%; cyclic-ring out-of-plane deformation 16.88%; ring-site C-H in-plane bending 13.21%
   37     1407.44          --                 --  mixed ring-site C-H in-plane bending / ring-site C-H out-of-plane bending / mixed-phase cyclic C-C stretching ring-site C-H in-plane bending 41.69%; ring-site C-H out-of-plane bending 19.87%; mixed-phase cyclic C-C stretching 15.15%; C-H bending 10.32%
   38     1426.82          --                 --  C-H bending                                                    C-H bending 94.66%; exocyclic C-C stretching 3.43%
   39     1432.24          --                 --  mixed inter-ring C-C stretching / ring-site C-H in-plane bending / ring-site C-H out-of-plane bending inter-ring C-C stretching 24.87%; ring-site C-H in-plane bending 23.78%; ring-site C-H out-of-plane bending 22.49%; cyclic C-C stretching 16.36%
   40     1487.72          --                 --  mixed ring-site C-H out-of-plane bending / ring-site C-H in-plane bending / in-phase cyclic C-C stretching ring-site C-H out-of-plane bending 33.84%; ring-site C-H in-plane bending 21.05%; in-phase cyclic C-C stretching 16.12%; cyclic-ring out-of-plane deformation 15.12%
   41     1501.96          --                 --  C-H bending                                                    C-H bending 98.74%
   42     1509.56          --                 --  C-H bending                                                    C-H bending 96.09%
   43     1527.96          --                 --  mixed ring-site C-H in-plane bending / ring-site C-H out-of-plane bending ring-site C-H in-plane bending 49.73%; ring-site C-H out-of-plane bending 26.82%; cyclic C-C stretching 13.47%; in-phase cyclic C-O stretching 6.80%
   44     2343.61          --                 --  C-N stretching                                                 C-N stretching 89.55%; exocyclic C-C stretching 10.31%
   45     3044.66          --                 --  C-H stretching                                                 C-H stretching 99.64%
   46     3091.94          --                 --  in-phase ring-site C-H stretching                              in-phase ring-site C-H stretching 99.47%
   47     3102.59          --                 --  opposite-phase C-H stretching                                  opposite-phase C-H stretching 96.08%; ring-site C-H stretching 3.45%
   48     3106.74          --                 --  ring-site C-H stretching                                       ring-site C-H stretching 95.63%; opposite-phase C-H stretching 3.51%
   49     3138.19          --                 --  mixed mixed-phase C-H stretching / in-phase ring-site C-H stretching mixed-phase C-H stretching 66.68%; in-phase ring-site C-H stretching 32.73%
   50     3140.55          --                 --  mixed in-phase ring-site C-H stretching / mixed-phase C-H stretching in-phase ring-site C-H stretching 65.95%; mixed-phase C-H stretching 33.39%
   51     3146.39          --                 --  ring-site C-H stretching                                       ring-site C-H stretching 99.18%
   52     3181.61          --                 --  opposite-phase ring-site C-H stretching                        opposite-phase ring-site C-H stretching 99.38%
   53     3231.18          --                 --  opposite-phase ring-site C-H stretching                        opposite-phase ring-site C-H stretching 99.33%

# Selected internal-coordinate set:
#   1  nu(C1-C2)
#   2  nu(C3-C4)
#   3  nu(C5-C6)
#   4  nu(C8-N9)
#   5  nu(C1-H11)
#   6  delta_lin1(C2-C8-N9)
#   7  delta(O7-C6-H17)
#   8  nu(C4-H15)
#   9  nu(C5-H16)
#  10  nu(C3-H14)
#  11  nu(C1-H12)
#  12  delta(O7-C6-H18)
#  13  tau(H14-C3-C4-H15)
#  14  delta_lin2(C2-C8-N9)
#  15  nu(C5-O7)
#  16  nu(C1-H10)
#  17  tau(H13-C3-C4-H15)
#  18  nu(C3-H13)
#  19  nu(C6-H18)
#  20  delta(O7-C5-H16)
#  21  nu(C2-C8)
#  22  nu(C6-H17)
#  23  delta(C3-C4-H15)
#  24  delta(H10-C1-H11)
#  25  nu(C6-O7)
#  26  delta(H11-C1-H12)
#  27  delta(H10-C1-H12)
#  28  tau(H16-C5-O7-C6)
#  29  gamma(C4;C2,C1,C8)
#  30  delta(C4-C3-H14)
#  31  tau(H18-C6-O7-C5)
#  32  tau(C1-C2-C3-H13)
#  33  gamma(C2;C3,C4,H13)
#  34  tau(H17-C6-O7-C5)
#  35  delta(C2-C1-H10)
#  36  delta(C4-C5-O7)
#  37  tau(C2-C3-C4-C5)
#  38  nu(C4-C5)
#  39  delta(C2-C1-H11)
#  40  nu(C2-C3)
#  41  gamma(C2;C3,C4,H14)
#  42  tau(H11-C1-C2-C4)
#  43  delta(C1-C2-C8)
#  44  delta(C3-C4-C5)
#  45  tau(C4-C5-O7-C6)
#  46  tau(C2-C4-C5-C6)
#  47  delta(C3-C2-C8)
#  48  tau(C8-C2-C3-C4)

Wrote: /local/scratch/mv487/qm9s/experiment_1_phase2/ped/59914/59914_summary.csv
Wrote: /local/scratch/mv487/qm9s/experiment_1_phase2/ped/59914/59914_families.csv
Wrote: /local/scratch/mv487/qm9s/experiment_1_phase2/ped/59914/59914_ped.csv
Wrote: /local/scratch/mv487/qm9s/experiment_1_phase2/ped/59914/59914_ir_transitions.csv

# All generated files are in: /local/scratch/mv487/qm9s/experiment_1_phase2/ped/59914
# Manifest: /local/scratch/mv487/qm9s/experiment_1_phase2/ped/59914/59914_manifest.txt

--- stderr ---
Normal modes/frequencies absent or incomplete: diagonalizing Hessian.
