# Contact: romi@lens.unifi.it
# Manual: https://github.com/SebRoLENS/orca-ped-analyzer/blob/main/docs/ORCA_PED_Analyzer_Manual.md
# Check GitHub for updates and new releases: https://github.com/SebRoLENS/orca-ped-analyzer
#
# Molecule: 23 atoms | non-linear
# Bonds inferred: 24 | candidate ICs: 253 | selected ICs: 63
# Cartesian-Hessian reconstruction relative error: 4.314e-05
# Energy distribution: PED (PED is the backward-compatible default; TED includes kinetic-energy terms)
# Ring/cycle bonds detected: 8 | ring atoms: 7 | ring systems: 1
# VPT2: no matching .out file supplied/found -> harmonic/PED analysis only
#
 Mode   Harm/cm-1   VPT2/cm-1  Harm.Int/km mol-1  Assignment                                                     Grouped PED
------------------------------------------------------------------------------------------------------------------------------------------------------------------------------------------------
    6      127.10          --                 --  mixed cyclic-ring torsional/out-of-plane deformation / ring-site C-H out-of-plane bending cyclic-ring torsional/out-of-plane deformation 70.04%; ring-site C-H out-of-plane bending 25.61%
    7      211.93          --                 --  mixed C-C torsion / ring-site C-H out-of-plane bending         C-C torsion 62.03%; ring-site C-H out-of-plane bending 33.02%; cyclic-ring torsional/out-of-plane deformation 3.28%
    8      237.41          --                 --  C-C torsion                                                    C-C torsion 96.19%; ring-site C-H out-of-plane bending 2.65%
    9      293.05          --                 --  C-C torsion                                                    C-C torsion 85.49%; cyclic-ring torsional/out-of-plane deformation 4.65%; C-C-C bending 2.73%
   10      300.75          --                 --  mixed C-C torsion / C-O torsion / ring-site C-H out-of-plane bending C-C torsion 28.05%; C-O torsion 27.66%; ring-site C-H out-of-plane bending 26.96%; C-C-C bending 5.54%
   11      354.97          --                 --  mixed cyclic-ring torsional/out-of-plane deformation / C-C torsion / ring-site C-H out-of-plane bending cyclic-ring torsional/out-of-plane deformation 42.78%; C-C torsion 16.85%; ring-site C-H out-of-plane bending 15.68%; C-C-O bending 11.16%
   12      373.56          --                 --  mixed C-C torsion / cyclic-ring deformation (C-C-C bend) / cyclic-ring torsional/out-of-plane deformation C-C torsion 25.83%; cyclic-ring deformation (C-C-C bend) 24.89%; cyclic-ring torsional/out-of-plane deformation 15.67%; C-C-C bending 13.44%
   13      408.27          --                 --  mixed ring-site C-H out-of-plane bending / cyclic-ring deformation (C-C-C bend) ring-site C-H out-of-plane bending 41.37%; cyclic-ring deformation (C-C-C bend) 32.32%; cyclic-ring torsional/out-of-plane deformation 13.81%; ring-site C-H in-plane bending 4.90%
   14      426.48          --                 --  mixed cyclic-ring torsional/out-of-plane deformation / cyclic-ring deformation (C-C-C bend) / ring-site C-H out-of-plane bending cyclic-ring torsional/out-of-plane deformation 29.21%; cyclic-ring deformation (C-C-C bend) 24.24%; ring-site C-H out-of-plane bending 17.82%; C-C torsion 9.71%
   15      466.92          --                 --  mixed ring-site C-H out-of-plane bending / cyclic-ring torsional/out-of-plane deformation ring-site C-H out-of-plane bending 28.51%; cyclic-ring torsional/out-of-plane deformation 22.36%; cyclic-ring deformation (C-C-C bend) 13.24%; C-C torsion 9.15%
   16      519.93          --                 --  mixed C-C torsion / ring-site C-H out-of-plane bending         C-C torsion 29.67%; ring-site C-H out-of-plane bending 17.99%; mixed-phase cyclic C-C stretching 12.22%; cyclic-ring torsional/out-of-plane deformation 9.98%
   17      563.33          --                 --  mixed ring-site C-H out-of-plane bending / cyclic-ring deformation (C-C-C bend) / ring-site C-H in-plane bending ring-site C-H out-of-plane bending 30.99%; cyclic-ring deformation (C-C-C bend) 23.27%; ring-site C-H in-plane bending 19.91%; cyclic-ring torsional/out-of-plane deformation 10.35%
   18      666.91          --                 --  mixed mixed-phase cyclic C-C stretching / cyclic-ring deformation (C-C-C bend) mixed-phase cyclic C-C stretching 31.40%; cyclic-ring deformation (C-C-C bend) 19.91%; C-C torsion 13.15%; exocyclic C-O stretching 9.18%
   19      758.94          --                 --  mixed ring-site C-H in-plane bending / ring-site C-H out-of-plane bending ring-site C-H in-plane bending 30.91%; ring-site C-H out-of-plane bending 30.01%; cyclic-ring deformation (C-C-C bend) 13.83%; cyclic C-C stretching 12.74%
   20      809.82          --                 --  mixed mixed-phase cyclic C-C stretching / ring-site C-H out-of-plane bending mixed-phase cyclic C-C stretching 41.99%; ring-site C-H out-of-plane bending 19.13%; ring-site C-H in-plane bending 9.32%; C-C torsion 8.98%
   21      836.82          --                 --  mixed ring-site C-H out-of-plane bending / mixed-phase cyclic C-C stretching ring-site C-H out-of-plane bending 27.22%; mixed-phase cyclic C-C stretching 24.84%; ring-site C-H in-plane bending 14.53%; cyclic-ring deformation (C-C-C bend) 9.09%
   22      864.58          --                 --  mixed opposite-phase cyclic C-C stretching / ring-site C-H out-of-plane bending opposite-phase cyclic C-C stretching 35.93%; ring-site C-H out-of-plane bending 28.88%; ring-site C-H in-plane bending 14.03%; cyclic-ring deformation (C-C-C bend) 13.50%
   23      893.78          --                 --  mixed mixed-phase cyclic C-C stretching / ring-site C-H in-plane bending / C-H bending mixed-phase cyclic C-C stretching 26.47%; ring-site C-H in-plane bending 19.80%; C-H bending 19.22%; ring-site C-H out-of-plane bending 16.53%
   24      909.30          --                 --  mixed ring-site C-H in-plane bending / mixed-phase cyclic C-C stretching / C-H bending ring-site C-H in-plane bending 27.14%; mixed-phase cyclic C-C stretching 21.78%; C-H bending 19.04%; ring-site C-H out-of-plane bending 14.60%
   25      943.49          --                 --  mixed mixed-phase cyclic C-C stretching / cyclic-ring deformation (C-C-C bend) / ring-site C-H in-plane bending mixed-phase cyclic C-C stretching 30.03%; cyclic-ring deformation (C-C-C bend) 24.66%; ring-site C-H in-plane bending 17.65%; ring-site C-H out-of-plane bending 15.08%
   26      979.21          --                 --  mixed C-H bending / ring-site C-H in-plane bending / mixed-phase cyclic C-C stretching C-H bending 33.25%; ring-site C-H in-plane bending 19.88%; mixed-phase cyclic C-C stretching 15.95%; C-C torsion 11.99%
   27      994.35          --                 --  mixed C-H bending / mixed-phase cyclic C-C stretching / ring-site C-H in-plane bending C-H bending 21.28%; mixed-phase cyclic C-C stretching 19.61%; ring-site C-H in-plane bending 18.22%; ring-site C-H out-of-plane bending 16.11%
   28     1007.46          --                 --  mixed mixed-phase cyclic C-C stretching / C-C torsion / C-H bending mixed-phase cyclic C-C stretching 22.48%; C-C torsion 20.17%; C-H bending 15.78%; cyclic-ring deformation (C-C-C bend) 15.73%
   29     1020.61          --                 --  mixed mixed-phase cyclic C-C stretching / exocyclic C-C stretching mixed-phase cyclic C-C stretching 57.12%; exocyclic C-C stretching 9.16%; ring-site C-H out-of-plane bending 8.57%; cyclic-ring torsional/out-of-plane deformation 6.38%
   30     1050.70          --                 --  mixed ring-site C-H in-plane bending / ring-site C-H out-of-plane bending ring-site C-H in-plane bending 47.84%; ring-site C-H out-of-plane bending 24.18%; C-H bending 8.65%; mixed-phase cyclic C-C stretching 8.47%
   31     1071.93          --                 --  mixed exocyclic C-C stretching / ring-site C-H in-plane bending / in-phase cyclic C-C stretching exocyclic C-C stretching 28.64%; ring-site C-H in-plane bending 23.16%; in-phase cyclic C-C stretching 15.56%; ring-site C-H out-of-plane bending 11.29%
   32     1109.61          --                 --  mixed ring-site C-H out-of-plane bending / ring-site C-H in-plane bending ring-site C-H out-of-plane bending 36.60%; ring-site C-H in-plane bending 16.91%; mixed-phase cyclic C-C stretching 13.88%; cyclic-ring torsional/out-of-plane deformation 12.19%
   33     1115.24          --                 --  mixed C-H bending / ring-site C-H in-plane bending             C-H bending 31.27%; ring-site C-H in-plane bending 23.93%; O-H bending 10.34%; mixed-phase cyclic C-C stretching 9.76%
   34     1131.18          --                 --  mixed ring-site C-H out-of-plane bending / ring-site C-H in-plane bending / C-H bending ring-site C-H out-of-plane bending 35.63%; ring-site C-H in-plane bending 29.63%; C-H bending 18.00%; C-C torsion 5.89%
   35     1174.24          --                 --  mixed C-H bending / mixed-phase cyclic C-C stretching          C-H bending 21.19%; mixed-phase cyclic C-C stretching 18.70%; ring-site C-H out-of-plane bending 12.82%; cyclic-ring deformation (C-C-C bend) 11.96%
   36     1184.54          --                 --  mixed ring-site C-H in-plane bending / ring-site C-H out-of-plane bending / cyclic-ring deformation (C-C-C bend) ring-site C-H in-plane bending 35.27%; ring-site C-H out-of-plane bending 22.42%; cyclic-ring deformation (C-C-C bend) 15.36%; mixed-phase cyclic C-C stretching 11.06%
   37     1194.01          --                 --  mixed ring-site C-H in-plane bending / C-H bending             ring-site C-H in-plane bending 17.77%; C-H bending 15.98%; cyclic-ring torsional/out-of-plane deformation 14.00%; C-C torsion 12.30%
   38     1232.30          --                 --  mixed ring-site C-H in-plane bending / ring-site C-H out-of-plane bending ring-site C-H in-plane bending 39.62%; ring-site C-H out-of-plane bending 35.63%; C-H bending 8.15%; mixed-phase cyclic C-C stretching 7.78%
   39     1239.53          --                 --  mixed ring-site C-H in-plane bending / ring-site C-H out-of-plane bending / mixed-phase cyclic C-C stretching ring-site C-H in-plane bending 42.40%; ring-site C-H out-of-plane bending 23.52%; mixed-phase cyclic C-C stretching 16.52%; C-C torsion 13.36%
   40     1282.06          --                 --  mixed ring-site C-H in-plane bending / ring-site C-H out-of-plane bending ring-site C-H in-plane bending 45.41%; ring-site C-H out-of-plane bending 24.49%; mixed-phase cyclic C-C stretching 14.65%; exocyclic C-O stretching 4.18%
   41     1284.84          --                 --  mixed ring-site C-H out-of-plane bending / ring-site C-H in-plane bending ring-site C-H out-of-plane bending 39.22%; ring-site C-H in-plane bending 28.67%; mixed-phase cyclic C-C stretching 12.82%; cyclic-ring deformation (C-C-C bend) 8.63%
   42     1328.71          --                 --  mixed ring-site C-H in-plane bending / C-C torsion / ring-site C-H out-of-plane bending ring-site C-H in-plane bending 30.36%; C-C torsion 30.06%; ring-site C-H out-of-plane bending 18.14%; C-H bending 11.36%
   43     1346.44          --                 --  mixed ring-site C-H out-of-plane bending / ring-site C-H in-plane bending / C-C torsion ring-site C-H out-of-plane bending 30.74%; ring-site C-H in-plane bending 20.13%; C-C torsion 15.69%; mixed-phase cyclic C-C stretching 12.69%
   44     1361.35          --                 --  mixed C-H bending / C-C torsion                                C-H bending 46.73%; C-C torsion 15.98%; ring-site C-H in-plane bending 9.37%; ring-site C-H out-of-plane bending 9.30%
   45     1368.57          --                 --  mixed ring-site C-H in-plane bending / C-C torsion             ring-site C-H in-plane bending 62.08%; C-C torsion 18.00%; ring-site C-H out-of-plane bending 7.66%; opposite-phase cyclic C-C stretching 5.53%
   46     1376.71          --                 --  mixed ring-site C-H in-plane bending / ring-site C-H out-of-plane bending ring-site C-H in-plane bending 54.72%; ring-site C-H out-of-plane bending 25.86%; mixed-phase cyclic C-C stretching 7.98%; O-H bending 3.97%
   47     1399.35          --                 --  mixed C-H bending / ring-site C-H in-plane bending             C-H bending 46.22%; ring-site C-H in-plane bending 31.83%; cyclic C-C stretching 7.24%; O-H bending 4.67%
   48     1417.22          --                 --  C-H bending                                                    C-H bending 87.28%; ring-site C-H in-plane bending 7.12%
   49     1481.11          --                 --  C-H bending                                                    C-H bending 75.96%; ring-site C-H in-plane bending 12.08%; ring-site C-H out-of-plane bending 9.97%
   50     1493.53          --                 --  mixed C-H bending / C-C torsion                                C-H bending 64.89%; C-C torsion 30.28%; ring-site C-H out-of-plane bending 2.85%
   51     1501.52          --                 --  mixed C-H bending / ring-site C-H out-of-plane bending         C-H bending 65.43%; ring-site C-H out-of-plane bending 14.31%; C-C torsion 10.61%; ring-site C-H in-plane bending 8.85%
   52     1503.28          --                 --  mixed C-H bending / ring-site C-H out-of-plane bending         C-H bending 54.83%; ring-site C-H out-of-plane bending 27.02%; ring-site C-H in-plane bending 8.65%; C-C torsion 7.28%
   53     1508.49          --                 --  mixed C-H bending / C-C torsion                                C-H bending 68.79%; C-C torsion 27.80%
   54     1523.94          --                 --  C-H bending                                                    C-H bending 71.73%; ring-site C-H out-of-plane bending 14.48%; ring-site C-H in-plane bending 11.80%
   55     3008.13          --                 --  ring-site C-H stretching                                       ring-site C-H stretching 96.31%; C-H stretching 2.46%
   56     3020.90          --                 --  in-phase ring-site C-H stretching                              in-phase ring-site C-H stretching 98.82%
   57     3026.41          --                 --  mixed C-H stretching / ring-site C-H stretching                C-H stretching 79.07%; ring-site C-H stretching 20.44%
   58     3030.42          --                 --  in-phase ring-site C-H stretching                              in-phase ring-site C-H stretching 98.56%
   59     3032.59          --                 --  ring-site C-H stretching                                       ring-site C-H stretching 81.02%; C-H stretching 18.18%
   60     3047.74          --                 --  ring-site C-H stretching                                       ring-site C-H stretching 99.02%
   61     3053.10          --                 --  mixed-phase ring-site C-H stretching                           mixed-phase ring-site C-H stretching 98.54%
   62     3072.47          --                 --  mixed-phase ring-site C-H stretching                           mixed-phase ring-site C-H stretching 90.88%; opposite-phase C-H stretching 8.04%
   63     3080.84          --                 --  mixed opposite-phase C-H stretching / mixed-phase ring-site C-H stretching opposite-phase C-H stretching 49.74%; mixed-phase ring-site C-H stretching 48.95%
   64     3082.23          --                 --  mixed ring-site C-H stretching / opposite-phase C-H stretching ring-site C-H stretching 62.97%; opposite-phase C-H stretching 35.56%
   65     3086.15          --                 --  mixed-phase ring-site C-H stretching                           mixed-phase ring-site C-H stretching 95.26%; opposite-phase C-H stretching 4.11%
   66     3099.44          --                 --  mixed-phase ring-site C-H stretching                           mixed-phase ring-site C-H stretching 98.64%
   67     3124.72          --                 --  mixed-phase C-H stretching                                     mixed-phase C-H stretching 98.29%
   68     3807.31          --                 --  O-H stretching                                                 O-H stretching 99.93%

# Selected internal-coordinate set:
#   1  nu(C1-C2)
#   2  nu(C3-C4)
#   3  nu(C5-C9)
#   4  nu(C6-C7)
#   5  nu(O8-H21)
#   6  nu(C7-C9)
#   7  nu(C5-C6)
#   8  nu(C2-H13)
#   9  nu(C3-H15)
#  10  nu(C4-H17)
#  11  nu(C1-H11)
#  12  nu(C3-H14)
#  13  nu(C6-H19)
#  14  nu(C9-H23)
#  15  nu(C4-H16)
#  16  nu(C1-H10)
#  17  nu(C5-H18)
#  18  nu(C1-H12)
#  19  delta(C7-O8-H21)
#  20  nu(C2-C7)
#  21  nu(C9-H22)
#  22  nu(C6-H20)
#  23  tau(C2-C7-O8-H21)
#  24  gamma(H17;C4,C3,H16)
#  25  delta(H14-C3-H15)
#  26  tau(H10-C1-C2-H13)
#  27  gamma(H18;C5,C6,C9)
#  28  delta(H11-C1-H12)
#  29  delta(H19-C6-H20)
#  30  delta(H22-C9-H23)
#  31  delta(C1-C2-H13)
#  32  delta(C4-C3-H15)
#  33  tau(H16-C4-C5-H18)
#  34  nu(C7-O8)
#  35  delta(C4-C3-H14)
#  36  tau(H17-C4-C5-C9)
#  37  delta(C2-C1-H12)
#  38  delta(C7-C6-H19)
#  39  delta(C2-C1-H10)
#  40  delta(C7-C9-H22)
#  41  delta(C7-C9-H23)
#  42  delta(C2-C1-H11)
#  43  delta(C7-C6-H20)
#  44  delta(C2-C3-H15)
#  45  delta(C5-C4-H16)
#  46  tau(C2-C7-C9-H23)
#  47  tau(H19-C6-C7-C2)
#  48  tau(C3-C4-C5-H18)
#  49  tau(H11-C1-C2-H13)
#  50  nu(C2-C3)
#  51  tau(C3-C2-C7-O8)
#  52  nu(C4-C5)
#  53  delta(C3-C4-C5)
#  54  delta(C2-C7-O8)
#  55  tau(H12-C1-C2-C3)
#  56  tau(C5-C6-C7-C2)
#  57  delta(C4-C5-C9)
#  58  tau(H11-C1-C2-C7)
#  59  delta(C5-C9-C7)
#  60  tau(H14-C3-C4-C5)
#  61  delta(C1-C2-C3)
#  62  tau(C1-C2-C3-C4)
#  63  tau(C6-C5-C9-C7)

Wrote: /local/scratch/mv487/qm9s/experiment_1_phase2/ped/87885/87885_summary.csv
Wrote: /local/scratch/mv487/qm9s/experiment_1_phase2/ped/87885/87885_families.csv
Wrote: /local/scratch/mv487/qm9s/experiment_1_phase2/ped/87885/87885_ped.csv
Wrote: /local/scratch/mv487/qm9s/experiment_1_phase2/ped/87885/87885_ir_transitions.csv

# All generated files are in: /local/scratch/mv487/qm9s/experiment_1_phase2/ped/87885
# Manifest: /local/scratch/mv487/qm9s/experiment_1_phase2/ped/87885/87885_manifest.txt

--- stderr ---
Normal modes/frequencies absent or incomplete: diagonalizing Hessian.
