# Contact: romi@lens.unifi.it
# Manual: https://github.com/SebRoLENS/orca-ped-analyzer/blob/main/docs/ORCA_PED_Analyzer_Manual.md
# Check GitHub for updates and new releases: https://github.com/SebRoLENS/orca-ped-analyzer
#
# Molecule: 21 atoms | non-linear
# Bonds inferred: 20 | candidate ICs: 165 | selected ICs: 57
# Cartesian-Hessian reconstruction relative error: 3.670e-05
# Energy distribution: PED (PED is the backward-compatible default; TED includes kinetic-energy terms)
# Ring/cycle bonds detected: 0 | ring atoms: 0 | ring systems: 0
# VPT2: no matching .out file supplied/found -> harmonic/PED analysis only
#
 Mode   Harm/cm-1   VPT2/cm-1  Harm.Int/km mol-1  Assignment                                                     Grouped PED
------------------------------------------------------------------------------------------------------------------------------------------------------------------------------------------------
    6       33.89          --                 --  mixed C-C torsion / C-N torsion                                C-C torsion 50.00%; C-N torsion 46.89%
    7       37.58          --                 --  C-N torsion                                                    C-N torsion 93.06%; C-H bending 3.30%; C-C torsion 2.67%
    8      139.89          --                 --  C-N torsion                                                    C-N torsion 85.72%; C-C torsion 12.62%
    9      222.43          --                 --  C-C torsion                                                    C-C torsion 84.00%; N-C-C bending 6.82%; C-N-C bending 3.47%; O-C-C bending 2.14%
   10      222.87          --                 --  C-C torsion                                                    C-C torsion 96.18%
   11      274.26          --                 --  C-C torsion                                                    C-C torsion 98.53%
   12      274.65          --                 --  C-C torsion                                                    C-C torsion 83.51%; C-N torsion 8.62%; C-N out-of-plane bending 4.17%
   13      310.04          --                 --  mixed C-C-C bending / C-C torsion                              C-C-C bending 65.85%; C-C torsion 16.01%; C-H bending 5.25%; N-C-C bending 4.97%
   14      312.63          --                 --  C-C torsion                                                    C-C torsion 99.50%
   15      351.91          --                 --  mixed C-C torsion / C-C-C bending                              C-C torsion 33.91%; C-C-C bending 32.24%; C-N-C bending 14.60%; C-C stretching 7.09%
   16      371.00          --                 --  mixed C-C-C bending / C-C torsion                              C-C-C bending 46.24%; C-C torsion 15.36%; O-C-C bending 14.89%; C-N-C bending 12.08%
   17      377.10          --                 --  mixed C-C torsion / C-C-C bending                              C-C torsion 42.12%; C-C-C bending 39.22%; C-H bending 9.27%; C-N torsion 6.30%
   18      490.56          --                 --  mixed C-C-C bending / N-C-C bending / O-C-C bending            C-C-C bending 31.34%; N-C-C bending 20.05%; O-C-C bending 16.76%; C-C torsion 14.78%
   19      504.71          --                 --  C-N torsion                                                    C-N torsion 78.32%; C-C torsion 13.50%; C-N out-of-plane bending 3.56%; C-H bending 2.47%
   20      578.28          --                 --  mixed C-C torsion / C-C stretching                             C-C torsion 32.59%; C-C stretching 27.44%; C-H bending 14.00%; C-C-C bending 11.43%
   21      769.95          --                 --  mixed C-N out-of-plane bending / C-C torsion                   C-N out-of-plane bending 68.91%; C-C torsion 12.96%; C-H bending 8.82%; opposite-phase C-C stretching 6.08%
   22      795.40          --                 --  mixed in-phase C-C stretching / C-H bending                    in-phase C-C stretching 41.41%; C-H bending 17.56%; C-C torsion 8.80%; C-N-C bending 8.28%
   23      869.43          --                 --  mixed C-H bending / mixed-phase C-C stretching                 C-H bending 31.62%; mixed-phase C-C stretching 29.07%; C-C torsion 10.57%; C-N stretching 8.13%
   24      937.46          --                 --  mixed C-H bending / opposite-phase C-C stretching / C-C torsion C-H bending 42.62%; opposite-phase C-C stretching 33.35%; C-C torsion 21.87%
   25      944.16          --                 --  mixed C-H bending / mixed-phase C-C stretching                 C-H bending 58.01%; mixed-phase C-C stretching 25.82%; C-C torsion 11.45%
   26      970.90          --                 --  C-H bending                                                    C-H bending 81.91%; C-C torsion 16.74%
   27     1023.33          --                 --  mixed C-H bending / C-N stretching / C-C torsion               C-H bending 47.16%; C-N stretching 24.50%; C-C torsion 15.98%; opposite-phase C-C stretching 8.25%
   28     1051.05          --                 --  C-H bending                                                    C-H bending 77.40%; C-C torsion 18.49%; opposite-phase C-C stretching 2.49%
   29     1066.95          --                 --  mixed C-H bending / C-N stretching                             C-H bending 46.79%; C-N stretching 22.88%; C-C torsion 14.66%; O-C-C bending 5.58%
   30     1150.35          --                 --  C-H bending                                                    C-H bending 97.46%
   31     1168.11          --                 --  C-H bending                                                    C-H bending 79.69%; C-N-C bending 8.38%; C-N stretching 4.81%
   32     1220.41          --                 --  mixed C-H bending / opposite-phase C-N stretching              C-H bending 39.16%; opposite-phase C-N stretching 33.44%; N-H bending 12.28%; C-C-C bending 5.66%
   33     1227.53          --                 --  mixed C-H bending / opposite-phase C-C stretching              C-H bending 49.94%; opposite-phase C-C stretching 33.43%; C-C-C bending 10.30%; C-N out-of-plane bending 2.89%
   34     1251.62          --                 --  mixed C-H bending / mixed-phase C-C stretching / C-C-C bending C-H bending 41.46%; mixed-phase C-C stretching 24.98%; C-C-C bending 19.33%; O-C-C bending 5.99%
   35     1287.31          --                 --  mixed C-H bending / mixed-phase C-C stretching                 C-H bending 45.21%; mixed-phase C-C stretching 21.46%; C-C-C bending 9.97%; C-N stretching 8.75%
   36     1399.73          --                 --  C-H bending                                                    C-H bending 97.37%; opposite-phase C-C stretching 2.39%
   37     1400.95          --                 --  mixed C-H bending / C-H out-of-plane bending                   C-H bending 56.83%; C-H out-of-plane bending 40.95%
   38     1432.35          --                 --  mixed C-H bending / C-H out-of-plane bending                   C-H bending 68.27%; C-H out-of-plane bending 29.21%
   39     1444.32          --                 --  C-H bending                                                    C-H bending 91.62%; C-H out-of-plane bending 4.74%
   40     1483.40          --                 --  C-H bending                                                    C-H bending 89.11%; C-C torsion 9.73%
   41     1493.22          --                 --  C-H bending                                                    C-H bending 78.91%; C-C torsion 8.76%; N-H bending 6.12%; opposite-phase C-N stretching 3.48%
   42     1497.45          --                 --  C-H bending                                                    C-H bending 81.94%; C-C torsion 17.53%
   43     1499.94          --                 --  mixed C-H bending / C-C torsion                                C-H bending 72.59%; C-C torsion 22.87%; C-H out-of-plane bending 2.13%
   44     1506.08          --                 --  C-H bending                                                    C-H bending 91.61%; C-C torsion 7.42%
   45     1508.30          --                 --  C-H bending                                                    C-H bending 97.43%; C-N torsion 2.37%
   46     1515.78          --                 --  mixed C-H bending / C-C torsion                                C-H bending 65.91%; C-C torsion 25.49%; C-H out-of-plane bending 8.31%
   47     1529.60          --                 --  mixed C-H bending / C-C torsion                                C-H bending 72.08%; C-C torsion 24.61%; C-H out-of-plane bending 2.29%
   48     1563.72          --                 --  mixed N-H bending / C-H bending / mixed-phase C-N stretching   N-H bending 37.04%; C-H bending 36.89%; mixed-phase C-N stretching 20.62%; O-C-C bending 2.38%
   49     1726.40          --                 --  C-O stretching                                                 C-O stretching 70.46%; N-C-C bending 11.34%; C-N stretching 5.64%; C-C stretching 2.72%
   50     3018.75          --                 --  C-H stretching                                                 C-H stretching 99.61%
   51     3026.94          --                 --  mixed-phase C-H stretching                                     mixed-phase C-H stretching 99.69%
   52     3027.34          --                 --  C-H stretching                                                 C-H stretching 99.63%
   53     3031.98          --                 --  C-H stretching                                                 C-H stretching 99.65%
   54     3075.66          --                 --  opposite-phase C-H stretching                                  opposite-phase C-H stretching 99.56%
   55     3079.57          --                 --  opposite-phase C-H stretching                                  opposite-phase C-H stretching 99.34%
   56     3084.90          --                 --  mixed-phase C-H stretching                                     mixed-phase C-H stretching 99.06%
   57     3085.64          --                 --  mixed-phase C-H stretching                                     mixed-phase C-H stretching 99.44%
   58     3090.97          --                 --  mixed-phase C-H stretching                                     mixed-phase C-H stretching 99.47%
   59     3121.93          --                 --  opposite-phase C-H stretching                                  opposite-phase C-H stretching 99.28%
   60     3125.76          --                 --  in-phase C-H stretching                                        in-phase C-H stretching 99.42%
   61     3147.78          --                 --  C-H stretching                                                 C-H stretching 99.30%
   62     3658.16          --                 --  N-H stretching                                                 N-H stretching 99.51%

# Selected internal-coordinate set:
#   1  nu(C1-N2)
#   2  nu(C3-C5)
#   3  nu(C6-H14)
#   4  nu(C7-H17)
#   5  nu(C8-H19)
#   6  nu(C8-H20)
#   7  nu(C1-H11)
#   8  nu(C6-H15)
#   9  nu(C7-H16)
#  10  nu(C8-H21)
#  11  nu(N2-H12)
#  12  nu(C6-H13)
#  13  nu(C7-H18)
#  14  nu(C3-O4)
#  15  nu(C1-H10)
#  16  gamma(N2;C3,O4,C5)
#  17  nu(C1-H9)
#  18  nu(C5-C7)
#  19  tau(H11-C1-N2-H12)
#  20  nu(C5-C6)
#  21  delta(O4-C3-C5)
#  22  gamma(H21;C8,H19,H20)
#  23  delta(C1-N2-H12)
#  24  delta(H19-C8-H20)
#  25  delta(H13-C6-H14)
#  26  delta(H17-C7-H18)
#  27  delta(H9-C1-H10)
#  28  delta(H14-C6-H15)
#  29  delta(H16-C7-H17)
#  30  delta(H13-C6-H15)
#  31  delta(H16-C7-H18)
#  32  tau(C6-C5-C8-H21)
#  33  delta(H10-C1-H11)
#  34  delta(H9-C1-H11)
#  35  delta(N2-C1-H9)
#  36  delta(C5-C6-H13)
#  37  delta(C5-C7-H18)
#  38  delta(C5-C8-H20)
#  39  nu(C5-C8)
#  40  nu(N2-C3)
#  41  tau(C7-C5-C8-H19)
#  42  delta(N2-C1-H11)
#  43  delta(C5-C8-H21)
#  44  delta(C5-C6-H14)
#  45  delta(C5-C7-H17)
#  46  tau(H10-C1-N2-C3)
#  47  delta(N2-C3-C5)
#  48  tau(C8-C5-C6-H13)
#  49  tau(C6-C5-C7-H16)
#  50  tau(O4-C3-C5-C8)
#  51  delta(C1-N2-C3)
#  52  delta(C6-C5-C7)
#  53  tau(C1-N2-C3-C5)
#  54  tau(C7-C5-C6-H15)
#  55  delta(C6-C5-C8)
#  56  delta(C3-C5-C8)
#  57  tau(C3-C5-C8-H20)

Wrote: /local/scratch/mv487/qm9s/experiment_1_phase2/ped/5302/5302_summary.csv
Wrote: /local/scratch/mv487/qm9s/experiment_1_phase2/ped/5302/5302_families.csv
Wrote: /local/scratch/mv487/qm9s/experiment_1_phase2/ped/5302/5302_ped.csv
Wrote: /local/scratch/mv487/qm9s/experiment_1_phase2/ped/5302/5302_ir_transitions.csv

# All generated files are in: /local/scratch/mv487/qm9s/experiment_1_phase2/ped/5302
# Manifest: /local/scratch/mv487/qm9s/experiment_1_phase2/ped/5302/5302_manifest.txt

--- stderr ---
Normal modes/frequencies absent or incomplete: diagonalizing Hessian.
