# Contact: romi@lens.unifi.it
# Manual: https://github.com/SebRoLENS/orca-ped-analyzer/blob/main/docs/ORCA_PED_Analyzer_Manual.md
# Check GitHub for updates and new releases: https://github.com/SebRoLENS/orca-ped-analyzer
#
# Molecule: 18 atoms | non-linear
# Bonds inferred: 20 | candidate ICs: 219 | selected ICs: 48
# Cartesian-Hessian reconstruction relative error: 1.770e-05
# Energy distribution: PED (PED is the backward-compatible default; TED includes kinetic-energy terms)
# Ring/cycle bonds detected: 9 | ring atoms: 7 | ring systems: 1
# VPT2: no matching .out file supplied/found -> harmonic/PED analysis only
#
 Mode   Harm/cm-1   VPT2/cm-1  Harm.Int/km mol-1  Assignment                                                     Grouped PED
------------------------------------------------------------------------------------------------------------------------------------------------------------------------------------------------
    6      129.41          --                 --  mixed cyclic-ring torsional/out-of-plane deformation / cyclic-ring out-of-plane deformation cyclic-ring torsional/out-of-plane deformation 63.07%; cyclic-ring out-of-plane deformation 17.01%; cyclic-ring deformation (O-C-C bend) 6.42%; C-C torsion 4.42%
    7      201.90          --                 --  mixed cyclic-ring torsional/out-of-plane deformation / C-C-C bending cyclic-ring torsional/out-of-plane deformation 39.16%; C-C-C bending 37.82%; cyclic-ring out-of-plane deformation 14.14%; C-C torsion 4.01%
    8      217.44          --                 --  C-C torsion                                                    C-C torsion 96.77%
    9      237.88          --                 --  C-C torsion                                                    C-C torsion 77.51%; cyclic-ring out-of-plane deformation 7.71%; C-C-C bending 4.12%; cyclic-ring torsional/out-of-plane deformation 3.80%
   10      268.01          --                 --  mixed cyclic-ring torsional/out-of-plane deformation / C-C torsion cyclic-ring torsional/out-of-plane deformation 36.09%; C-C torsion 30.37%; ring-site C-H out-of-plane bending 14.03%; cyclic-ring out-of-plane deformation 6.57%
   11      371.26          --                 --  mixed cyclic-ring torsional/out-of-plane deformation / C-C-C bending / cyclic-ring out-of-plane deformation cyclic-ring torsional/out-of-plane deformation 36.07%; C-C-C bending 33.49%; cyclic-ring out-of-plane deformation 16.55%; ring-site C-H out-of-plane bending 3.95%
   12      492.10          --                 --  mixed cyclic-ring deformation (O-C-C bend) / cyclic-ring out-of-plane deformation / mixed-phase cyclic C-C stretching cyclic-ring deformation (O-C-C bend) 27.72%; cyclic-ring out-of-plane deformation 18.41%; mixed-phase cyclic C-C stretching 15.93%; C-C torsion 15.18%
   13      566.36          --                 --  mixed C-C-C bending / cyclic-ring out-of-plane deformation     C-C-C bending 33.71%; cyclic-ring out-of-plane deformation 21.79%; C-H bending 11.04%; cyclic-ring deformation (C-C-O bend) 8.66%
   14      611.82          --                 --  mixed cyclic-ring deformation (C-C-O bend) / cyclic-ring deformation (O-C-C bend) cyclic-ring deformation (C-C-O bend) 25.56%; cyclic-ring deformation (O-C-C bend) 18.66%; ring-site C-H out-of-plane bending 12.53%; in-phase cyclic C-C stretching 11.59%
   15      730.86          --                 --  mixed cyclic-ring torsional/out-of-plane deformation / opposite-phase cyclic C-O stretching / mixed-phase cyclic C-C stretching cyclic-ring torsional/out-of-plane deformation 24.25%; opposite-phase cyclic C-O stretching 18.09%; mixed-phase cyclic C-C stretching 16.83%; C-H bending 7.82%
   16      782.54          --                 --  ring-site C-H in-plane bending                                 ring-site C-H in-plane bending 90.13%; cyclic C-C stretching 3.47%; opposite-phase cyclic C-O stretching 2.35%
   17      826.09          --                 --  mixed mixed-phase cyclic C-O stretching / cyclic-ring deformation (C-C-O bend) / C-C torsion mixed-phase cyclic C-O stretching 34.38%; cyclic-ring deformation (C-C-O bend) 16.49%; C-C torsion 15.13%; C-H bending 9.05%
   18      846.79          --                 --  mixed mixed-phase cyclic C-C stretching / cyclic C-O stretching mixed-phase cyclic C-C stretching 29.88%; cyclic C-O stretching 20.80%; cyclic-ring out-of-plane deformation 12.75%; cyclic-ring deformation (C-C-O bend) 11.05%
   19      852.45          --                 --  mixed mixed-phase cyclic C-C stretching / ring-site C-H out-of-plane bending mixed-phase cyclic C-C stretching 40.86%; ring-site C-H out-of-plane bending 15.65%; C-H bending 11.52%; cyclic-ring deformation (C-C-O bend) 11.26%
   20      875.05          --                 --  mixed mixed-phase cyclic C-C stretching / cyclic-ring out-of-plane deformation mixed-phase cyclic C-C stretching 42.38%; cyclic-ring out-of-plane deformation 20.53%; cyclic-ring deformation (O-C-C bend) 13.68%; ring-site C-H in-plane bending 7.06%
   21      923.42          --                 --  mixed ring-site C-H out-of-plane bending / cyclic-ring out-of-plane deformation ring-site C-H out-of-plane bending 66.93%; cyclic-ring out-of-plane deformation 17.16%; C-H bending 4.50%; ring-site C-H in-plane bending 3.15%
   22      954.78          --                 --  mixed ring-site C-H out-of-plane bending / cyclic-ring out-of-plane deformation ring-site C-H out-of-plane bending 46.04%; cyclic-ring out-of-plane deformation 26.12%; cyclic C-C stretching 6.72%; cyclic-ring torsional/out-of-plane deformation 6.14%
   23      964.36          --                 --  mixed cyclic C-C stretching / cyclic-ring out-of-plane deformation cyclic C-C stretching 50.48%; cyclic-ring out-of-plane deformation 15.66%; ring-site C-H out-of-plane bending 9.29%; cyclic C-O stretching 7.41%
   24      967.06          --                 --  mixed ring-site C-H out-of-plane bending / cyclic-ring out-of-plane deformation / mixed-phase cyclic C-C stretching ring-site C-H out-of-plane bending 33.09%; cyclic-ring out-of-plane deformation 20.80%; mixed-phase cyclic C-C stretching 16.78%; in-phase cyclic C-O stretching 16.68%
   25     1045.85          --                 --  mixed ring-site C-H out-of-plane bending / cyclic-ring out-of-plane deformation ring-site C-H out-of-plane bending 33.37%; cyclic-ring out-of-plane deformation 20.74%; ring-site C-H in-plane bending 12.96%; C-H bending 10.30%
   26     1048.18          --                 --  mixed ring-site C-H out-of-plane bending / cyclic-ring out-of-plane deformation ring-site C-H out-of-plane bending 46.34%; cyclic-ring out-of-plane deformation 26.02%; ring-site C-H in-plane bending 10.36%; cyclic C-C stretching 6.75%
   27     1067.06          --                 --  mixed ring-site C-H out-of-plane bending / cyclic-ring out-of-plane deformation / ring-site C-H in-plane bending ring-site C-H out-of-plane bending 37.17%; cyclic-ring out-of-plane deformation 21.70%; ring-site C-H in-plane bending 18.11%; exocyclic C-C stretching 5.10%
   28     1076.80          --                 --  mixed ring-site C-H out-of-plane bending / cyclic-ring out-of-plane deformation ring-site C-H out-of-plane bending 55.56%; cyclic-ring out-of-plane deformation 20.10%; ring-site C-H in-plane bending 17.78%
   29     1095.40          --                 --  mixed C-H bending / C-C torsion                                C-H bending 35.90%; C-C torsion 19.97%; cyclic-ring out-of-plane deformation 11.63%; C-C-C bending 11.57%
   30     1139.84          --                 --  mixed C-H bending / C-C-C bending / exocyclic C-C stretching   C-H bending 26.60%; C-C-C bending 22.42%; exocyclic C-C stretching 21.76%; cyclic-ring out-of-plane deformation 7.88%
   31     1186.86          --                 --  ring-site C-H in-plane bending                                 ring-site C-H in-plane bending 85.99%; ring-site C-H out-of-plane bending 9.31%
   32     1202.47          --                 --  mixed ring-site C-H in-plane bending / mixed-phase cyclic C-C stretching / cyclic-ring out-of-plane deformation ring-site C-H in-plane bending 35.00%; mixed-phase cyclic C-C stretching 21.82%; cyclic-ring out-of-plane deformation 20.70%; C-C torsion 13.30%
   33     1225.37          --                 --  mixed C-C torsion / ring-site C-H in-plane bending             C-C torsion 40.65%; ring-site C-H in-plane bending 19.89%; mixed-phase cyclic C-C stretching 14.44%; C-H bending 6.35%
   34     1234.19          --                 --  mixed C-C torsion / ring-site C-H in-plane bending             C-C torsion 50.28%; ring-site C-H in-plane bending 23.01%; cyclic-ring out-of-plane deformation 7.72%; cyclic C-C stretching 6.38%
   35     1269.69          --                 --  mixed mixed-phase cyclic C-C stretching / cyclic-ring out-of-plane deformation / ring-site C-H in-plane bending mixed-phase cyclic C-C stretching 26.13%; cyclic-ring out-of-plane deformation 24.08%; ring-site C-H in-plane bending 18.01%; C-C torsion 17.78%
   36     1349.54          --                 --  mixed C-H bending / mixed-phase cyclic C-C stretching          C-H bending 39.93%; mixed-phase cyclic C-C stretching 25.62%; cyclic-ring out-of-plane deformation 10.71%; ring-site C-H in-plane bending 5.14%
   37     1367.10          --                 --  mixed cyclic C-C stretching / C-H bending / in-phase cyclic C-O stretching cyclic C-C stretching 32.88%; C-H bending 25.83%; in-phase cyclic C-O stretching 15.64%; C-C torsion 7.10%
   38     1392.55          --                 --  mixed mixed-phase cyclic C-C stretching / ring-site C-H in-plane bending mixed-phase cyclic C-C stretching 48.12%; ring-site C-H in-plane bending 12.00%; C-H bending 11.70%; ring-site C-H out-of-plane bending 7.98%
   39     1414.73          --                 --  C-H bending                                                    C-H bending 88.17%; exocyclic C-C stretching 6.02%; cyclic C-C stretching 2.27%
   40     1469.65          --                 --  mixed ring-site C-H in-plane bending / ring-site C-H out-of-plane bending ring-site C-H in-plane bending 52.01%; ring-site C-H out-of-plane bending 34.76%; cyclic-ring out-of-plane deformation 10.69%
   41     1496.67          --                 --  mixed C-H bending / C-C torsion                                C-H bending 66.45%; C-C torsion 30.44%
   42     1503.37          --                 --  mixed C-C torsion / C-H bending                                C-C torsion 67.19%; C-H bending 17.17%; ring-site C-H out-of-plane bending 6.28%; ring-site C-H in-plane bending 4.45%
   43     1511.01          --                 --  mixed ring-site C-H out-of-plane bending / ring-site C-H in-plane bending / mixed-phase cyclic C-C stretching ring-site C-H out-of-plane bending 32.96%; ring-site C-H in-plane bending 26.01%; mixed-phase cyclic C-C stretching 20.20%; cyclic-ring out-of-plane deformation 11.19%
   44     3026.95          --                 --  C-H stretching                                                 C-H stretching 96.89%; ring-site C-H stretching 2.78%
   45     3042.27          --                 --  ring-site C-H stretching                                       ring-site C-H stretching 94.18%; C-H stretching 4.41%
   46     3080.42          --                 --  opposite-phase C-H stretching                                  opposite-phase C-H stretching 99.27%
   47     3110.25          --                 --  mixed-phase C-H stretching                                     mixed-phase C-H stretching 97.55%
   48     3115.49          --                 --  in-phase ring-site C-H stretching                              in-phase ring-site C-H stretching 99.65%
   49     3123.07          --                 --  in-phase ring-site C-H stretching                              in-phase ring-site C-H stretching 99.20%
   50     3174.21          --                 --  opposite-phase ring-site C-H stretching                        opposite-phase ring-site C-H stretching 99.04%
   51     3187.54          --                 --  in-phase ring-site C-H stretching                              in-phase ring-site C-H stretching 98.23%
   52     3190.90          --                 --  mixed-phase ring-site C-H stretching                           mixed-phase ring-site C-H stretching 98.96%
   53     3206.54          --                 --  mixed-phase ring-site C-H stretching                           mixed-phase ring-site C-H stretching 99.59%

# Selected internal-coordinate set:
#   1  nu(C1-C2)
#   2  nu(C3-O4)
#   3  nu(C5-C6)
#   4  nu(C7-C8)
#   5  nu(C1-H9)
#   6  nu(C2-H12)
#   7  nu(C3-H13)
#   8  nu(C7-H16)
#   9  nu(C8-H18)
#  10  nu(C1-H11)
#  11  tau(H16-C7-C8-H18)
#  12  nu(O4-C5)
#  13  gamma(H14;C5,O4,C6)
#  14  gamma(C2;C3,O4,H13)
#  15  nu(C1-H10)
#  16  nu(C2-C6)
#  17  nu(C8-H17)
#  18  tau(H16-C7-C8-H17)
#  19  nu(C5-H14)
#  20  nu(C7-H15)
#  21  delta(O4-C3-H13)
#  22  tau(H9-C1-C2-H12)
#  23  gamma(C7;C6,C2,C5)
#  24  delta(H10-C1-H11)
#  25  tau(H15-C7-C8-H17)
#  26  delta(C2-C1-H11)
#  27  delta(O4-C5-H14)
#  28  delta(C2-C1-H10)
#  29  delta(C7-C8-H18)
#  30  delta(C8-C7-H16)
#  31  delta(C2-C1-H9)
#  32  delta(C1-C2-H12)
#  33  delta(C7-C8-H17)
#  34  delta(C8-C7-H15)
#  35  delta(C2-C3-O4)
#  36  nu(C2-C3)
#  37  nu(C6-C7)
#  38  tau(H11-C1-C2-H12)
#  39  gamma(C2;C6,C7,C8)
#  40  nu(C3-C5)
#  41  tau(H11-C1-C2-C3)
#  42  gamma(C6;C7,C8,H16)
#  43  gamma(C6;C7,C8,H15)
#  44  delta(C1-C2-C3)
#  45  delta(O4-C5-C6)
#  46  tau(C1-C2-C3-C5)
#  47  delta(C1-C2-C6)
#  48  tau(C5-C6-C7-C8)

Wrote: /local/scratch/mv487/qm9s/experiment_1_phase2/ped/124269/124269_summary.csv
Wrote: /local/scratch/mv487/qm9s/experiment_1_phase2/ped/124269/124269_families.csv
Wrote: /local/scratch/mv487/qm9s/experiment_1_phase2/ped/124269/124269_ped.csv
Wrote: /local/scratch/mv487/qm9s/experiment_1_phase2/ped/124269/124269_ir_transitions.csv

# All generated files are in: /local/scratch/mv487/qm9s/experiment_1_phase2/ped/124269
# Manifest: /local/scratch/mv487/qm9s/experiment_1_phase2/ped/124269/124269_manifest.txt

--- stderr ---
Normal modes/frequencies absent or incomplete: diagonalizing Hessian.
