# Contact: romi@lens.unifi.it
# Manual: https://github.com/SebRoLENS/orca-ped-analyzer/blob/main/docs/ORCA_PED_Analyzer_Manual.md
# Check GitHub for updates and new releases: https://github.com/SebRoLENS/orca-ped-analyzer
#
# Molecule: 20 atoms | non-linear
# Bonds inferred: 20 | candidate ICs: 161 | selected ICs: 54
# Cartesian-Hessian reconstruction relative error: 3.566e-05
# Energy distribution: PED (PED is the backward-compatible default; TED includes kinetic-energy terms)
# Ring/cycle bonds detected: 5 | ring atoms: 5 | ring systems: 1
# VPT2: no matching .out file supplied/found -> harmonic/PED analysis only
#
 Mode   Harm/cm-1   VPT2/cm-1  Harm.Int/km mol-1  Assignment                                                     Grouped PED
------------------------------------------------------------------------------------------------------------------------------------------------------------------------------------------------
    6       47.12          --                 --  mixed cyclic-ring torsional/out-of-plane deformation / cyclic-ring torsional/out-of-plane deformation cyclic-ring torsional/out-of-plane deformation 67.99%; cyclic-ring torsional/out-of-plane deformation 23.66%; C-N torsion 4.68%
    7       80.85          --                 --  mixed C-N torsion / cyclic-ring torsional/out-of-plane deformation C-N torsion 47.37%; cyclic-ring torsional/out-of-plane deformation 41.17%; cyclic-ring torsional/out-of-plane deformation 9.18%
    8      118.20          --                 --  mixed C-C torsion / C-H bending                                C-C torsion 52.76%; C-H bending 16.62%; C-N torsion 15.62%; C-N out-of-plane bending 8.99%
    9      143.38          --                 --  mixed C-N torsion / cyclic-ring torsional/out-of-plane deformation C-N torsion 56.48%; cyclic-ring torsional/out-of-plane deformation 28.20%; C-C torsion 11.95%
   10      180.64          --                 --  mixed C-N-C bending / C-C-N bending / C-C-C bending            C-N-C bending 48.60%; C-C-N bending 20.20%; C-C-C bending 17.84%; C-H bending 3.92%
   11      183.65          --                 --  C-C torsion                                                    C-C torsion 95.56%
   12      275.54          --                 --  mixed cyclic-ring torsional/out-of-plane deformation / C-C torsion cyclic-ring torsional/out-of-plane deformation 52.95%; C-C torsion 28.25%; C-N torsion 11.78%; cyclic-ring torsional/out-of-plane deformation 3.90%
   13      327.93          --                 --  mixed C-C-C bending / C-H bending                              C-C-C bending 55.72%; C-H bending 14.96%; C-C-N bending 14.57%; C-N-C bending 6.87%
   14      379.26          --                 --  mixed C-C-O bending / C-C-N bending                            C-C-O bending 39.39%; C-C-N bending 22.37%; cyclic-ring deformation (C-N-C bend) 11.83%; C-N-C bending 7.56%
   15      463.89          --                 --  mixed cyclic-ring torsional/out-of-plane deformation / C-C torsion / C-N torsion cyclic-ring torsional/out-of-plane deformation 41.40%; C-C torsion 34.50%; C-N torsion 15.32%; ring-site C-H in-plane bending 6.41%
   16      514.05          --                 --  mixed C-C-N bending / cyclic-ring deformation (C-C-C bend)     C-C-N bending 28.12%; cyclic-ring deformation (C-C-C bend) 11.79%; mixed-phase cyclic C-N stretching 10.76%; exocyclic C-C stretching 8.02%
   17      586.97          --                 --  C-N out-of-plane bending                                       C-N out-of-plane bending 72.70%; cyclic-ring torsional/out-of-plane deformation 10.78%; C-H bending 10.28%; C-N torsion 3.72%
   18      614.90          --                 --  mixed cyclic-ring deformation (C-N-C bend) / cyclic-ring deformation (C-C-C bend) cyclic-ring deformation (C-N-C bend) 26.65%; cyclic-ring deformation (C-C-C bend) 24.01%; C-C-O bending 11.95%; C-C-N bending 9.75%
   19      630.34          --                 --  mixed C-C-O bending / C-C stretching / cyclic-ring deformation (C-C-C bend) C-C-O bending 31.59%; C-C stretching 21.17%; cyclic-ring deformation (C-C-C bend) 19.34%; exocyclic C-C stretching 8.24%
   20      825.43          --                 --  ring-site C-H in-plane bending                                 ring-site C-H in-plane bending 70.14%; cyclic-ring out-of-plane deformation 11.44%; C-C torsion 6.83%; cyclic-ring torsional/out-of-plane deformation 6.55%
   21      855.17          --                 --  mixed cyclic-ring out-of-plane deformation / ring-site C-H in-plane bending cyclic-ring out-of-plane deformation 69.69%; ring-site C-H in-plane bending 16.51%; cyclic-ring torsional/out-of-plane deformation 4.92%; C-C torsion 4.49%
   22      873.48          --                 --  mixed in-phase cyclic C-N stretching / cyclic-ring deformation (C-N-C bend) in-phase cyclic C-N stretching 38.48%; cyclic-ring deformation (C-N-C bend) 19.05%; cyclic-ring deformation (C-C-C bend) 9.63%; C-C stretching 7.38%
   23      887.62          --                 --  mixed cyclic C-C stretching / C-H bending                      cyclic C-C stretching 51.29%; C-H bending 17.42%; cyclic-ring deformation (C-C-C bend) 9.66%; exocyclic C-C stretching 5.16%
   24      944.45          --                 --  mixed C-H bending / C-C stretching / mixed-phase cyclic C-C stretching C-H bending 27.85%; C-C stretching 23.78%; mixed-phase cyclic C-C stretching 22.37%; cyclic C-N stretching 16.11%
   25      988.49          --                 --  mixed cyclic C-C stretching / C-H bending                      cyclic C-C stretching 41.28%; C-H bending 27.12%; cyclic-ring deformation (C-N-C bend) 5.87%; cyclic C-N stretching 5.12%
   26     1020.74          --                 --  mixed C-H bending / ring-site C-H in-plane bending             C-H bending 43.67%; ring-site C-H in-plane bending 38.60%; C-C torsion 9.36%; cyclic-ring out-of-plane deformation 4.07%
   27     1025.08          --                 --  mixed C-H bending / mixed-phase cyclic C-C stretching          C-H bending 64.86%; mixed-phase cyclic C-C stretching 9.04%; cyclic-ring deformation (C-C-C bend) 6.86%; C-C torsion 4.98%
   28     1051.67          --                 --  mixed C-H bending / C-N out-of-plane bending                   C-H bending 65.33%; C-N out-of-plane bending 28.38%; C-N torsion 3.50%; cyclic-ring torsional/out-of-plane deformation 2.07%
   29     1078.50          --                 --  mixed C-H bending / cyclic C-N stretching                      C-H bending 47.65%; cyclic C-N stretching 14.09%; cyclic-ring deformation (C-N-C bend) 12.70%; ring-site C-H in-plane bending 5.45%
   30     1100.09          --                 --  mixed ring-site C-H in-plane bending / C-H bending / cyclic-ring torsional/out-of-plane deformation ring-site C-H in-plane bending 43.42%; C-H bending 32.39%; cyclic-ring torsional/out-of-plane deformation 21.96%
   31     1209.22          --                 --  mixed ring-site C-H in-plane bending / exocyclic C-C stretching ring-site C-H in-plane bending 26.43%; exocyclic C-C stretching 23.26%; C-H bending 13.82%; cyclic C-C stretching 10.97%
   32     1209.69          --                 --  ring-site C-H in-plane bending                                 ring-site C-H in-plane bending 98.00%
   33     1244.32          --                 --  mixed opposite-phase cyclic C-N stretching / ring-site C-H in-plane bending opposite-phase cyclic C-N stretching 46.95%; ring-site C-H in-plane bending 28.17%; cyclic-ring deformation (C-C-C bend) 8.42%; C-N-C bending 4.83%
   34     1255.01          --                 --  ring-site C-H in-plane bending                                 ring-site C-H in-plane bending 98.48%
   35     1298.42          --                 --  ring-site C-H in-plane bending                                 ring-site C-H in-plane bending 80.41%; C-H bending 7.72%; opposite-phase cyclic C-N stretching 4.12%
   36     1329.19          --                 --  mixed ring-site C-H in-plane bending / mixed-phase cyclic C-C stretching ring-site C-H in-plane bending 49.87%; mixed-phase cyclic C-C stretching 25.77%; C-H bending 7.57%; cyclic-ring deformation (C-C-C bend) 6.26%
   37     1380.89          --                 --  mixed C-H bending / ring-site C-H in-plane bending             C-H bending 47.46%; ring-site C-H in-plane bending 26.64%; cyclic C-C stretching 6.59%; exocyclic C-N stretching 6.29%
   38     1400.13          --                 --  mixed C-H bending / ring-site C-H in-plane bending             C-H bending 66.48%; ring-site C-H in-plane bending 17.22%; C-C stretching 5.44%; cyclic C-N stretching 3.84%
   39     1418.42          --                 --  mixed C-H out-of-plane bending / C-H bending                   C-H out-of-plane bending 56.47%; C-H bending 30.84%; exocyclic C-N stretching 3.32%; ring-site C-H in-plane bending 2.75%
   40     1447.79          --                 --  mixed C-H bending / exocyclic C-N stretching / C-H out-of-plane bending C-H bending 26.95%; exocyclic C-N stretching 19.05%; C-H out-of-plane bending 16.02%; cyclic-ring deformation (C-N-C bend) 8.88%
   41     1479.90          --                 --  mixed C-C torsion / C-H bending                                C-C torsion 77.96%; C-H bending 20.92%
   42     1481.27          --                 --  C-H bending                                                    C-H bending 94.34%
   43     1490.08          --                 --  C-H bending                                                    C-H bending 98.98%
   44     1496.67          --                 --  mixed C-H bending / C-H out-of-plane bending                   C-H bending 67.23%; C-H out-of-plane bending 15.86%; ring-site C-H in-plane bending 9.14%; C-C torsion 5.72%
   45     1498.00          --                 --  C-H bending                                                    C-H bending 72.20%; ring-site C-H in-plane bending 10.81%; C-H out-of-plane bending 8.93%; C-C torsion 4.99%
   46     1526.58          --                 --  C-H bending                                                    C-H bending 78.58%; ring-site C-H in-plane bending 19.67%
   47     1710.03          --                 --  mixed C-O stretching / cyclic C-C stretching                   C-O stretching 43.38%; cyclic C-C stretching 22.18%; C-C-N bending 6.24%; C-H bending 5.21%
   48     1725.24          --                 --  mixed cyclic C-C stretching / C-O stretching                   cyclic C-C stretching 40.62%; C-O stretching 25.90%; ring-site C-H in-plane bending 6.30%; C-H bending 4.92%
   49     3008.40          --                 --  C-H stretching                                                 C-H stretching 97.77%
   50     3022.31          --                 --  in-phase ring-site C-H stretching                              in-phase ring-site C-H stretching 97.76%
   51     3040.53          --                 --  C-H stretching                                                 C-H stretching 99.63%
   52     3041.26          --                 --  opposite-phase ring-site C-H stretching                        opposite-phase ring-site C-H stretching 98.08%
   53     3045.07          --                 --  opposite-phase C-H stretching                                  opposite-phase C-H stretching 98.72%
   54     3069.50          --                 --  in-phase ring-site C-H stretching                              in-phase ring-site C-H stretching 99.39%
   55     3097.61          --                 --  opposite-phase C-H stretching                                  opposite-phase C-H stretching 99.62%
   56     3098.95          --                 --  mixed-phase C-H stretching                                     mixed-phase C-H stretching 99.45%
   57     3103.82          --                 --  opposite-phase ring-site C-H stretching                        opposite-phase ring-site C-H stretching 99.44%
   58     3155.17          --                 --  mixed-phase C-H stretching                                     mixed-phase C-H stretching 99.35%
   59     3242.47          --                 --  ring-site C-H stretching                                       ring-site C-H stretching 98.74%

# Selected internal-coordinate set:
#   1  nu(C1-C2)
#   2  nu(N4-C5)
#   3  nu(C6-C7)
#   4  nu(C8-H17)
#   5  nu(C9-H20)
#   6  nu(C8-H19)
#   7  nu(C1-H10)
#   8  nu(C5-H13)
#   9  nu(C6-H16)
#  10  nu(C8-H18)
#  11  nu(C5-H14)
#  12  nu(C6-H15)
#  13  nu(C1-H11)
#  14  gamma(N4;C9,C7,H20)
#  15  nu(C2-O3)
#  16  nu(N4-C9)
#  17  gamma(N4;C2,C1,O3)
#  18  nu(C1-H12)
#  19  nu(C7-C9)
#  20  tau(C8-C7-C9-N4)
#  21  nu(C5-C6)
#  22  gamma(H18;C8,H17,H19)
#  23  delta(C1-C2-O3)
#  24  delta(H17-C8-H19)
#  25  delta(H10-C1-H11)
#  26  delta(H15-C6-H16)
#  27  delta(H10-C1-H12)
#  28  delta(H13-C5-H14)
#  29  tau(C6-C7-C8-H18)
#  30  delta(N4-C5-H13)
#  31  delta(H11-C1-H12)
#  32  delta(N4-C5-H14)
#  33  delta(N4-C9-H20)
#  34  delta(C5-C6-H16)
#  35  delta(C5-C6-H15)
#  36  nu(C2-N4)
#  37  delta(C7-C8-H18)
#  38  delta(C2-C1-H10)
#  39  tau(O3-C2-N4-C9)
#  40  delta(C6-C7-C9)
#  41  delta(C6-C5-H13)
#  42  delta(C7-C6-H16)
#  43  delta(C2-C1-H11)
#  44  nu(C7-C8)
#  45  tau(C9-C7-C8-H17)
#  46  tau(C1-C2-N4-C5)
#  47  delta(C1-C2-N4)
#  48  delta(C7-C8-H17)
#  49  delta(C5-N4-C9)
#  50  tau(H10-C1-C2-N4)
#  51  delta(C6-C7-C8)
#  52  tau(C5-C6-C7-C9)
#  53  tau(C2-N4-C5-C6)
#  54  delta(C2-N4-C5)

Wrote: /local/scratch/mv487/qm9s/experiment_1_phase2/ped/50695/50695_summary.csv
Wrote: /local/scratch/mv487/qm9s/experiment_1_phase2/ped/50695/50695_families.csv
Wrote: /local/scratch/mv487/qm9s/experiment_1_phase2/ped/50695/50695_ped.csv
Wrote: /local/scratch/mv487/qm9s/experiment_1_phase2/ped/50695/50695_ir_transitions.csv

# All generated files are in: /local/scratch/mv487/qm9s/experiment_1_phase2/ped/50695
# Manifest: /local/scratch/mv487/qm9s/experiment_1_phase2/ped/50695/50695_manifest.txt

--- stderr ---
Normal modes/frequencies absent or incomplete: diagonalizing Hessian.
