# Contact: romi@lens.unifi.it
# Manual: https://github.com/SebRoLENS/orca-ped-analyzer/blob/main/docs/ORCA_PED_Analyzer_Manual.md
# Check GitHub for updates and new releases: https://github.com/SebRoLENS/orca-ped-analyzer
#
# Molecule: 19 atoms | non-linear
# Bonds inferred: 20 | candidate ICs: 188 | selected ICs: 51
# Cartesian-Hessian reconstruction relative error: 3.362e-05
# Energy distribution: PED (PED is the backward-compatible default; TED includes kinetic-energy terms)
# Ring/cycle bonds detected: 8 | ring atoms: 7 | ring systems: 1
# VPT2: no matching .out file supplied/found -> harmonic/PED analysis only
#
 Mode   Harm/cm-1   VPT2/cm-1  Harm.Int/km mol-1  Assignment                                                     Grouped PED
------------------------------------------------------------------------------------------------------------------------------------------------------------------------------------------------
    6       43.98          --                 --  mixed cyclic-ring torsional/out-of-plane deformation / ring-site C-H out-of-plane bending cyclic-ring torsional/out-of-plane deformation 58.99%; ring-site C-H out-of-plane bending 39.68%
    7      158.66          --                 --  mixed cyclic-ring torsional/out-of-plane deformation / C-O torsion cyclic-ring torsional/out-of-plane deformation 69.91%; C-O torsion 14.77%; cyclic-ring deformation (C-C-C bend) 5.87%; cyclic-ring out-of-plane deformation 4.21%
    8      209.26          --                 --  mixed C-O torsion / cyclic-ring torsional/out-of-plane deformation C-O torsion 40.57%; cyclic-ring torsional/out-of-plane deformation 32.56%; ring-site C-H out-of-plane bending 12.69%; O-C-C bending 5.24%
    9      267.45          --                 --  mixed C-O torsion / cyclic-ring torsional/out-of-plane deformation C-O torsion 53.40%; cyclic-ring torsional/out-of-plane deformation 25.62%; ring-site C-H out-of-plane bending 13.74%; cyclic-ring out-of-plane deformation 3.80%
   10      272.15          --                 --  C-O torsion                                                    C-O torsion 75.13%; ring-site C-H out-of-plane bending 15.34%; cyclic-ring torsional/out-of-plane deformation 5.18%
   11      293.07          --                 --  C-O torsion                                                    C-O torsion 98.80%
   12      367.94          --                 --  C-O torsion                                                    C-O torsion 88.82%; ring-site C-H out-of-plane bending 4.12%; cyclic-ring deformation (C-C-C bend) 3.25%
   13      436.76          --                 --  ring-site C-H out-of-plane bending                             ring-site C-H out-of-plane bending 70.23%; cyclic-ring deformation (C-C-C bend) 10.99%; cyclic-ring torsional/out-of-plane deformation 5.65%; cyclic-ring out-of-plane deformation 4.38%
   14      467.56          --                 --  mixed cyclic-ring torsional/out-of-plane deformation / ring-site C-H out-of-plane bending / cyclic-ring out-of-plane deformation cyclic-ring torsional/out-of-plane deformation 33.17%; ring-site C-H out-of-plane bending 23.12%; cyclic-ring out-of-plane deformation 15.35%; C-O torsion 9.69%
   15      488.57          --                 --  mixed C-O out-of-plane bending / C-O torsion                   C-O out-of-plane bending 35.70%; C-O torsion 25.51%; cyclic-ring deformation (C-C-C bend) 12.14%; ring-site C-H out-of-plane bending 6.51%
   16      553.32          --                 --  mixed cyclic-ring deformation (C-C-C bend) / cyclic-ring torsional/out-of-plane deformation cyclic-ring deformation (C-C-C bend) 21.63%; cyclic-ring torsional/out-of-plane deformation 19.23%; O-C-C bending 14.00%; C-O torsion 12.45%
   17      569.62          --                 --  mixed ring-site C-H out-of-plane bending / cyclic-ring deformation (C-C-C bend) / cyclic-ring out-of-plane deformation ring-site C-H out-of-plane bending 28.45%; cyclic-ring deformation (C-C-C bend) 21.57%; cyclic-ring out-of-plane deformation 16.75%; mixed-phase cyclic C-C stretching 10.84%
   18      725.81          --                 --  mixed ring-site C-H out-of-plane bending / mixed-phase cyclic C-C stretching ring-site C-H out-of-plane bending 59.85%; mixed-phase cyclic C-C stretching 10.66%; cyclic-ring deformation (C-C-C bend) 6.32%; ring-site C-H in-plane bending 5.45%
   19      783.37          --                 --  mixed cyclic-ring deformation (C-C-C bend) / cyclic C-C stretching cyclic-ring deformation (C-C-C bend) 52.25%; cyclic C-C stretching 22.22%; ring-site C-H out-of-plane bending 6.87%; ring-site C-H in-plane bending 5.38%
   20      802.14          --                 --  mixed cyclic-ring out-of-plane deformation / ring-site C-H out-of-plane bending cyclic-ring out-of-plane deformation 36.48%; ring-site C-H out-of-plane bending 24.84%; cyclic C-C stretching 11.58%; cyclic-ring deformation (C-C-C bend) 9.44%
   21      818.13          --                 --  mixed cyclic-ring out-of-plane deformation / mixed-phase cyclic C-C stretching cyclic-ring out-of-plane deformation 54.06%; mixed-phase cyclic C-C stretching 14.29%; C-O torsion 12.23%; cyclic-ring deformation (C-C-C bend) 6.82%
   22      896.32          --                 --  mixed ring-site C-H out-of-plane bending / ring-site C-H in-plane bending / mixed-phase cyclic C-C stretching ring-site C-H out-of-plane bending 35.39%; ring-site C-H in-plane bending 17.55%; mixed-phase cyclic C-C stretching 16.90%; cyclic-ring out-of-plane deformation 13.31%
   23      914.45          --                 --  mixed cyclic-ring out-of-plane deformation / in-phase cyclic C-C stretching cyclic-ring out-of-plane deformation 29.04%; in-phase cyclic C-C stretching 23.43%; ring-site C-H in-plane bending 12.70%; ring-site C-H out-of-plane bending 12.49%
   24      963.90          --                 --  mixed cyclic C-C stretching / ring-site C-H out-of-plane bending cyclic C-C stretching 52.32%; ring-site C-H out-of-plane bending 14.88%; cyclic-ring deformation (C-C-C bend) 13.25%; ring-site C-H in-plane bending 8.53%
   25      981.99          --                 --  ring-site C-H out-of-plane bending                             ring-site C-H out-of-plane bending 78.45%; cyclic-ring out-of-plane deformation 7.57%; cyclic C-C stretching 4.84%; cyclic-ring torsional/out-of-plane deformation 2.72%
   26      990.59          --                 --  mixed ring-site C-H out-of-plane bending / ring-site C-H in-plane bending ring-site C-H out-of-plane bending 35.23%; ring-site C-H in-plane bending 23.02%; cyclic C-C stretching 11.93%; C-O torsion 8.04%
   27     1019.02          --                 --  mixed cyclic C-C stretching / C-O torsion / cyclic-ring out-of-plane deformation cyclic C-C stretching 29.92%; C-O torsion 23.54%; cyclic-ring out-of-plane deformation 23.37%; cyclic-ring deformation (C-C-C bend) 9.08%
   28     1030.40          --                 --  mixed ring-site C-H out-of-plane bending / exocyclic C-O stretching ring-site C-H out-of-plane bending 51.27%; exocyclic C-O stretching 14.58%; ring-site C-H in-plane bending 8.11%; cyclic-ring deformation (C-C-C bend) 5.75%
   29     1043.18          --                 --  mixed C-C out-of-plane bending / cyclic-ring out-of-plane deformation C-C out-of-plane bending 36.57%; cyclic-ring out-of-plane deformation 20.95%; cyclic C-C stretching 11.11%; C-O torsion 9.63%
   30     1058.97          --                 --  mixed C-C out-of-plane bending / cyclic-ring out-of-plane deformation / ring-site C-H out-of-plane bending C-C out-of-plane bending 31.61%; cyclic-ring out-of-plane deformation 17.60%; ring-site C-H out-of-plane bending 15.34%; exocyclic C-O stretching 11.85%
   31     1088.01          --                 --  mixed cyclic-ring out-of-plane deformation / C-C out-of-plane bending cyclic-ring out-of-plane deformation 34.34%; C-C out-of-plane bending 21.79%; C-O torsion 14.99%; in-phase cyclic C-C stretching 11.46%
   32     1137.26          --                 --  ring-site C-H in-plane bending                                 ring-site C-H in-plane bending 72.87%; cyclic C-C stretching 9.70%; ring-site C-H out-of-plane bending 7.10%; exocyclic C-O stretching 4.29%
   33     1155.94          --                 --  mixed cyclic-ring out-of-plane deformation / C-O torsion / exocyclic C-O stretching cyclic-ring out-of-plane deformation 42.36%; C-O torsion 19.02%; exocyclic C-O stretching 17.08%; C-H bending 5.66%
   34     1195.76          --                 --  mixed ring-site C-H out-of-plane bending / ring-site C-H in-plane bending ring-site C-H out-of-plane bending 46.62%; ring-site C-H in-plane bending 22.75%; cyclic-ring out-of-plane deformation 9.72%; cyclic-ring torsional/out-of-plane deformation 5.79%
   35     1229.87          --                 --  mixed cyclic-ring out-of-plane deformation / opposite-phase cyclic C-C stretching cyclic-ring out-of-plane deformation 27.60%; opposite-phase cyclic C-C stretching 21.58%; C-O torsion 11.18%; ring-site C-H in-plane bending 8.30%
   36     1249.34          --                 --  mixed ring-site C-H in-plane bending / C-O out-of-plane bending / O-H bending ring-site C-H in-plane bending 29.77%; C-O out-of-plane bending 24.21%; O-H bending 22.01%; opposite-phase cyclic C-C stretching 7.56%
   37     1257.22          --                 --  mixed O-H bending / C-O out-of-plane bending / ring-site C-H out-of-plane bending O-H bending 32.19%; C-O out-of-plane bending 17.05%; ring-site C-H out-of-plane bending 15.28%; mixed-phase cyclic C-C stretching 14.10%
   38     1293.93          --                 --  mixed C-O out-of-plane bending / ring-site C-H in-plane bending C-O out-of-plane bending 25.39%; ring-site C-H in-plane bending 21.28%; cyclic-ring out-of-plane deformation 13.56%; ring-site C-H out-of-plane bending 10.94%
   39     1300.30          --                 --  mixed ring-site C-H out-of-plane bending / ring-site C-H in-plane bending ring-site C-H out-of-plane bending 39.64%; ring-site C-H in-plane bending 20.29%; C-O out-of-plane bending 11.10%; cyclic-ring out-of-plane deformation 7.19%
   40     1353.22          --                 --  mixed ring-site C-H out-of-plane bending / cyclic-ring deformation (C-C-C bend) ring-site C-H out-of-plane bending 23.92%; cyclic-ring deformation (C-C-C bend) 20.51%; mixed-phase cyclic C-C stretching 14.29%; C-H bending 12.31%
   41     1376.01          --                 --  mixed ring-site C-H in-plane bending / mixed-phase cyclic C-C stretching ring-site C-H in-plane bending 57.26%; mixed-phase cyclic C-C stretching 20.87%; cyclic-ring deformation (C-C-C bend) 8.03%; C-O out-of-plane bending 5.28%
   42     1423.73          --                 --  mixed C-H bending / C-O out-of-plane bending                   C-H bending 41.52%; C-O out-of-plane bending 17.95%; cyclic-ring out-of-plane deformation 11.99%; ring-site C-H out-of-plane bending 7.96%
   43     1427.71          --                 --  mixed C-O out-of-plane bending / C-H bending                   C-O out-of-plane bending 35.89%; C-H bending 22.45%; ring-site C-H in-plane bending 10.93%; ring-site C-H out-of-plane bending 9.68%
   44     1487.10          --                 --  mixed C-H bending / cyclic C-C stretching                      C-H bending 56.48%; cyclic C-C stretching 13.30%; cyclic-ring out-of-plane deformation 12.37%; ring-site C-H in-plane bending 7.72%
   45     1493.56          --                 --  ring-site C-H out-of-plane bending                             ring-site C-H out-of-plane bending 90.65%; ring-site C-H in-plane bending 4.40%
   46     1679.99          --                 --  cyclic C-C stretching                                          cyclic C-C stretching 79.89%; ring-site C-H in-plane bending 12.22%; cyclic-ring deformation (C-C-C bend) 3.70%
   47     3027.08          --                 --  ring-site C-H stretching                                       ring-site C-H stretching 98.94%
   48     3050.69          --                 --  ring-site C-H stretching                                       ring-site C-H stretching 98.79%
   49     3055.05          --                 --  mixed-phase ring-site C-H stretching                           mixed-phase ring-site C-H stretching 98.98%
   50     3110.47          --                 --  in-phase ring-site C-H stretching                              in-phase ring-site C-H stretching 99.09%
   51     3128.48          --                 --  ring-site C-H stretching                                       ring-site C-H stretching 98.51%
   52     3175.57          --                 --  mixed-phase ring-site C-H stretching                           mixed-phase ring-site C-H stretching 98.71%
   53     3197.81          --                 --  opposite-phase ring-site C-H stretching                        opposite-phase ring-site C-H stretching 99.26%
   54     3201.42          --                 --  ring-site C-H stretching                                       ring-site C-H stretching 98.59%
   55     3781.06          --                 --  O-H stretching                                                 O-H stretching 99.92%
   56     3801.98          --                 --  O-H stretching                                                 O-H stretching 99.91%

# Selected internal-coordinate set:
#   1  nu(O1-H10)
#   2  nu(C2-H11)
#   3  nu(C3-H12)
#   4  nu(C4-C5)
#   5  nu(C6-C7)
#   6  nu(C8-O9)
#   7  nu(C8-H18)
#   8  nu(O9-H19)
#   9  nu(C5-H14)
#  10  nu(C3-H13)
#  11  nu(O1-C2)
#  12  nu(C5-H15)
#  13  tau(H16-C6-C7-H17)
#  14  tau(H18-C8-O9-H19)
#  15  nu(C6-H16)
#  16  gamma(C4;C3,H12,H13)
#  17  tau(H10-O1-C2-H11)
#  18  nu(C7-H17)
#  19  nu(C4-C8)
#  20  tau(H10-O1-C2-C4)
#  21  delta(C6-C7-H17)
#  22  delta(H12-C3-H13)
#  23  gamma(H15;C5,C4,H14)
#  24  delta(O1-C2-H11)
#  25  tau(H16-C6-C7-C8)
#  26  gamma(O9;C8,C4,H18)
#  27  delta(C8-O9-H19)
#  28  delta(C4-C5-H14)
#  29  delta(C2-O1-H10)
#  30  delta(C5-C6-H16)
#  31  gamma(C3;C2,C4,H11)
#  32  gamma(O9;C8,C7,H18)
#  33  gamma(H15;C5,C4,C6)
#  34  gamma(C2;C3,C4,H13)
#  35  nu(C5-C6)
#  36  tau(O1-C2-C4-C8)
#  37  tau(H15-C5-C6-C7)
#  38  delta(C4-C3-H13)
#  39  gamma(C2;C3,C4,H12)
#  40  nu(C7-C8)
#  41  delta(O1-C2-C4)
#  42  delta(C5-C6-C7)
#  43  tau(C8-C4-C5-H14)
#  44  nu(C2-C3)
#  45  gamma(O9;C8,C4,C7)
#  46  tau(C3-C4-C5-C6)
#  47  tau(C3-C2-C4-C5)
#  48  tau(C6-C7-C8-H18)
#  49  delta(C7-C8-H18)
#  50  delta(C2-C4-C8)
#  51  delta(C5-C4-C8)

Wrote: /local/scratch/mv487/qm9s/experiment_1_phase2/ped/81159/81159_summary.csv
Wrote: /local/scratch/mv487/qm9s/experiment_1_phase2/ped/81159/81159_families.csv
Wrote: /local/scratch/mv487/qm9s/experiment_1_phase2/ped/81159/81159_ped.csv
Wrote: /local/scratch/mv487/qm9s/experiment_1_phase2/ped/81159/81159_ir_transitions.csv

# All generated files are in: /local/scratch/mv487/qm9s/experiment_1_phase2/ped/81159
# Manifest: /local/scratch/mv487/qm9s/experiment_1_phase2/ped/81159/81159_manifest.txt

--- stderr ---
Normal modes/frequencies absent or incomplete: diagonalizing Hessian.
