# Contact: romi@lens.unifi.it
# Manual: https://github.com/SebRoLENS/orca-ped-analyzer/blob/main/docs/ORCA_PED_Analyzer_Manual.md
# Check GitHub for updates and new releases: https://github.com/SebRoLENS/orca-ped-analyzer
#
# Molecule: 20 atoms | non-linear
# Bonds inferred: 21 | candidate ICs: 211 | selected ICs: 54
# Cartesian-Hessian reconstruction relative error: 9.869e-05
# Energy distribution: PED (PED is the backward-compatible default; TED includes kinetic-energy terms)
# Ring/cycle bonds detected: 9 | ring atoms: 8 | ring systems: 1
# VPT2: no matching .out file supplied/found -> harmonic/PED analysis only
#
 Mode   Harm/cm-1   VPT2/cm-1  Harm.Int/km mol-1  Assignment                                                     Grouped PED
------------------------------------------------------------------------------------------------------------------------------------------------------------------------------------------------
    6      162.41          --                 --  mixed ring-site C-H out-of-plane bending / cyclic-ring deformation (C-C-C bend) ring-site C-H out-of-plane bending 60.13%; cyclic-ring deformation (C-C-C bend) 17.94%; cyclic-ring torsional/out-of-plane deformation 17.48%; ring-site C-H in-plane bending 3.66%
    7      232.87          --                 --  mixed cyclic-ring deformation (C-C-C bend) / ring-site C-H out-of-plane bending cyclic-ring deformation (C-C-C bend) 47.97%; ring-site C-H out-of-plane bending 46.35%; cyclic-ring torsional/out-of-plane deformation 3.17%
    8      325.34          --                 --  mixed ring-site C-H out-of-plane bending / cyclic-ring torsional/out-of-plane deformation ring-site C-H out-of-plane bending 43.04%; cyclic-ring torsional/out-of-plane deformation 39.12%; cyclic-ring deformation (C-C-C bend) 12.84%; ring-site C-H in-plane bending 3.29%
    9      354.92          --                 --  mixed ring-site C-H out-of-plane bending / cyclic-ring deformation (C-C-C bend) ring-site C-H out-of-plane bending 49.74%; cyclic-ring deformation (C-C-C bend) 41.24%; ring-site C-H in-plane bending 4.53%; cyclic-ring torsional/out-of-plane deformation 3.68%
   10      370.11          --                 --  mixed cyclic-ring torsional/out-of-plane deformation / ring-site C-H out-of-plane bending / cyclic-ring deformation (C-C-C bend) cyclic-ring torsional/out-of-plane deformation 32.98%; ring-site C-H out-of-plane bending 31.72%; cyclic-ring deformation (C-C-C bend) 27.15%; ring-site C-H in-plane bending 3.96%
   11      470.97          --                 --  mixed cyclic-ring deformation (C-C-C bend) / ring-site C-H out-of-plane bending cyclic-ring deformation (C-C-C bend) 38.75%; ring-site C-H out-of-plane bending 32.79%; ring-site C-H in-plane bending 14.28%; cyclic-ring torsional/out-of-plane deformation 11.05%
   12      547.05          --                 --  mixed ring-site C-H out-of-plane bending / cyclic-ring deformation (C-C-C bend) ring-site C-H out-of-plane bending 46.87%; cyclic-ring deformation (C-C-C bend) 30.94%; ring-site C-H in-plane bending 12.67%; cyclic-ring torsional/out-of-plane deformation 5.63%
   13      670.89          --                 --  mixed ring-site C-H out-of-plane bending / cyclic-ring deformation (C-C-C bend) / ring-site C-H in-plane bending ring-site C-H out-of-plane bending 45.35%; cyclic-ring deformation (C-C-C bend) 27.82%; ring-site C-H in-plane bending 18.69%; cyclic-ring torsional/out-of-plane deformation 3.69%
   14      734.11          --                 --  mixed ring-site C-H out-of-plane bending / mixed-phase cyclic C-C stretching ring-site C-H out-of-plane bending 50.55%; mixed-phase cyclic C-C stretching 18.62%; ring-site C-H in-plane bending 15.83%; cyclic-ring deformation (C-C-C bend) 10.73%
   15      750.25          --                 --  mixed cyclic C-C stretching / ring-site C-H out-of-plane bending cyclic C-C stretching 52.24%; ring-site C-H out-of-plane bending 25.60%; ring-site C-H in-plane bending 8.71%; cyclic-ring deformation (C-C-C bend) 8.45%
   16      795.59          --                 --  mixed ring-site C-H out-of-plane bending / mixed-phase cyclic C-C stretching ring-site C-H out-of-plane bending 51.91%; mixed-phase cyclic C-C stretching 22.90%; cyclic-ring deformation (C-C-C bend) 13.47%; ring-site C-H in-plane bending 11.22%
   17      804.31          --                 --  mixed mixed-phase cyclic C-C stretching / ring-site C-H out-of-plane bending mixed-phase cyclic C-C stretching 57.09%; ring-site C-H out-of-plane bending 23.30%; cyclic-ring torsional/out-of-plane deformation 6.90%; cyclic-ring deformation (C-C-C bend) 6.54%
   18      860.63          --                 --  mixed cyclic-ring deformation (C-C-C bend) / ring-site C-H out-of-plane bending cyclic-ring deformation (C-C-C bend) 60.05%; ring-site C-H out-of-plane bending 15.20%; mixed-phase cyclic C-C stretching 10.66%; ring-site C-H in-plane bending 7.71%
   19      868.09          --                 --  mixed mixed-phase cyclic C-C stretching / ring-site C-H out-of-plane bending / ring-site C-H in-plane bending mixed-phase cyclic C-C stretching 33.37%; ring-site C-H out-of-plane bending 25.40%; ring-site C-H in-plane bending 22.31%; cyclic-ring torsional/out-of-plane deformation 10.47%
   20      884.24          --                 --  mixed mixed-phase cyclic C-C stretching / cyclic-ring deformation (C-C-C bend) / ring-site C-H in-plane bending mixed-phase cyclic C-C stretching 40.64%; cyclic-ring deformation (C-C-C bend) 29.49%; ring-site C-H in-plane bending 15.74%; ring-site C-H out-of-plane bending 10.18%
   21      918.95          --                 --  mixed mixed-phase cyclic C-C stretching / ring-site C-H in-plane bending mixed-phase cyclic C-C stretching 66.22%; ring-site C-H in-plane bending 12.08%; ring-site C-H out-of-plane bending 11.27%; cyclic-ring deformation (C-C-C bend) 6.19%
   22      956.56          --                 --  mixed ring-site C-H out-of-plane bending / ring-site C-H in-plane bending / mixed-phase cyclic C-C stretching ring-site C-H out-of-plane bending 32.31%; ring-site C-H in-plane bending 25.20%; mixed-phase cyclic C-C stretching 24.17%; cyclic-ring deformation (C-C-C bend) 11.83%
   23      979.60          --                 --  mixed mixed-phase cyclic C-C stretching / ring-site C-H in-plane bending mixed-phase cyclic C-C stretching 45.84%; ring-site C-H in-plane bending 19.96%; cyclic-ring deformation (C-C-C bend) 14.58%; ring-site C-H out-of-plane bending 14.33%
   24     1000.42          --                 --  ring-site C-H out-of-plane bending                             ring-site C-H out-of-plane bending 91.12%; ring-site C-H in-plane bending 4.61%; cyclic-ring deformation (C-C-C bend) 2.78%
   25     1045.45          --                 --  mixed ring-site C-H out-of-plane bending / ring-site C-H in-plane bending ring-site C-H out-of-plane bending 39.94%; ring-site C-H in-plane bending 32.70%; mixed-phase cyclic C-C stretching 12.94%; cyclic-ring deformation (C-C-C bend) 9.50%
   26     1070.10          --                 --  mixed mixed-phase cyclic C-C stretching / cyclic-ring deformation (C-C-C bend) / ring-site C-H out-of-plane bending mixed-phase cyclic C-C stretching 30.16%; cyclic-ring deformation (C-C-C bend) 22.69%; ring-site C-H out-of-plane bending 20.14%; ring-site C-H in-plane bending 13.96%
   27     1076.15          --                 --  mixed mixed-phase cyclic C-C stretching / ring-site C-H in-plane bending mixed-phase cyclic C-C stretching 52.82%; ring-site C-H in-plane bending 17.13%; cyclic-ring deformation (C-C-C bend) 12.66%; ring-site C-H out-of-plane bending 11.41%
   28     1105.76          --                 --  mixed ring-site C-H out-of-plane bending / ring-site C-H in-plane bending ring-site C-H out-of-plane bending 41.73%; ring-site C-H in-plane bending 41.52%; cyclic-ring deformation (C-C-C bend) 7.34%; cyclic C-C stretching 6.80%
   29     1117.76          --                 --  mixed ring-site C-H out-of-plane bending / mixed-phase cyclic C-C stretching / cyclic-ring torsional/out-of-plane deformation ring-site C-H out-of-plane bending 32.74%; mixed-phase cyclic C-C stretching 32.13%; cyclic-ring torsional/out-of-plane deformation 15.45%; cyclic-ring deformation (C-C-C bend) 7.81%
   30     1163.08          --                 --  mixed ring-site C-H out-of-plane bending / ring-site C-H in-plane bending / C-C out-of-plane bending ring-site C-H out-of-plane bending 40.87%; ring-site C-H in-plane bending 25.46%; C-C out-of-plane bending 20.00%; mixed-phase cyclic C-C stretching 11.20%
   31     1182.97          --                 --  mixed ring-site C-H out-of-plane bending / ring-site C-H in-plane bending ring-site C-H out-of-plane bending 49.48%; ring-site C-H in-plane bending 25.46%; C-C out-of-plane bending 13.02%; cyclic-ring deformation (C-C-C bend) 5.35%
   32     1221.67          --                 --  mixed ring-site C-H in-plane bending / ring-site C-H out-of-plane bending ring-site C-H in-plane bending 67.05%; ring-site C-H out-of-plane bending 21.47%; C-C out-of-plane bending 5.51%; opposite-phase cyclic C-C stretching 4.60%
   33     1251.23          --                 --  ring-site C-H in-plane bending                                 ring-site C-H in-plane bending 72.73%; ring-site C-H out-of-plane bending 10.71%; C-C out-of-plane bending 7.29%; cyclic-ring torsional/out-of-plane deformation 3.35%
   34     1261.84          --                 --  mixed ring-site C-H out-of-plane bending / ring-site C-H in-plane bending ring-site C-H out-of-plane bending 61.33%; ring-site C-H in-plane bending 25.58%; mixed-phase cyclic C-C stretching 9.20%
   35     1265.24          --                 --  mixed C-C out-of-plane bending / ring-site C-H out-of-plane bending / ring-site C-H in-plane bending C-C out-of-plane bending 45.26%; ring-site C-H out-of-plane bending 25.35%; ring-site C-H in-plane bending 18.36%; mixed-phase cyclic C-C stretching 8.47%
   36     1277.45          --                 --  mixed ring-site C-H in-plane bending / C-C out-of-plane bending ring-site C-H in-plane bending 55.75%; C-C out-of-plane bending 13.32%; ring-site C-H out-of-plane bending 11.41%; opposite-phase cyclic C-C stretching 10.85%
   37     1303.96          --                 --  mixed ring-site C-H in-plane bending / mixed-phase cyclic C-C stretching ring-site C-H in-plane bending 58.04%; mixed-phase cyclic C-C stretching 14.06%; ring-site C-H out-of-plane bending 12.11%; cyclic-ring deformation (C-C-C bend) 7.43%
   38     1347.21          --                 --  mixed ring-site C-H in-plane bending / ring-site C-H out-of-plane bending ring-site C-H in-plane bending 49.16%; ring-site C-H out-of-plane bending 18.43%; mixed-phase cyclic C-C stretching 14.89%; C-C out-of-plane bending 13.63%
   39     1367.55          --                 --  mixed ring-site C-H out-of-plane bending / ring-site C-H in-plane bending ring-site C-H out-of-plane bending 46.25%; ring-site C-H in-plane bending 29.98%; mixed-phase cyclic C-C stretching 10.94%; C-C out-of-plane bending 10.08%
   40     1387.01          --                 --  mixed ring-site C-H in-plane bending / C-C out-of-plane bending / ring-site C-H out-of-plane bending ring-site C-H in-plane bending 37.07%; C-C out-of-plane bending 23.48%; ring-site C-H out-of-plane bending 19.98%; mixed-phase cyclic C-C stretching 11.55%
   41     1394.10          --                 --  mixed ring-site C-H in-plane bending / C-C out-of-plane bending ring-site C-H in-plane bending 56.56%; C-C out-of-plane bending 29.07%; mixed-phase cyclic C-C stretching 7.12%; ring-site C-H out-of-plane bending 5.93%
   42     1428.97          --                 --  mixed ring-site C-H in-plane bending / opposite-phase cyclic C-C stretching ring-site C-H in-plane bending 63.74%; opposite-phase cyclic C-C stretching 16.28%; C-C out-of-plane bending 10.90%; cyclic-ring deformation (C-C-C bend) 4.04%
   43     1476.39          --                 --  mixed C-H bending / ring-site C-H out-of-plane bending         C-H bending 62.34%; ring-site C-H out-of-plane bending 24.85%; ring-site C-H in-plane bending 10.67%
   44     1488.89          --                 --  C-H bending                                                    C-H bending 77.26%; ring-site C-H in-plane bending 11.11%; ring-site C-H out-of-plane bending 9.21%
   45     1496.01          --                 --  mixed C-H bending / ring-site C-H out-of-plane bending         C-H bending 67.51%; ring-site C-H out-of-plane bending 25.30%; ring-site C-H in-plane bending 5.34%
   46     1512.31          --                 --  mixed C-H bending / ring-site C-H out-of-plane bending         C-H bending 44.73%; ring-site C-H out-of-plane bending 38.33%; ring-site C-H in-plane bending 12.66%; cyclic C-C stretching 2.41%
   47     1705.56          --                 --  mixed-phase cyclic C-C stretching                              mixed-phase cyclic C-C stretching 76.30%; ring-site C-H in-plane bending 17.79%; cyclic-ring deformation (C-C-C bend) 4.07%
   48     2998.03          --                 --  ring-site C-H stretching                                       ring-site C-H stretching 99.21%
   49     3012.83          --                 --  in-phase ring-site C-H stretching                              in-phase ring-site C-H stretching 99.36%
   50     3038.25          --                 --  mixed-phase ring-site C-H stretching                           mixed-phase ring-site C-H stretching 98.96%
   51     3043.33          --                 --  mixed-phase ring-site C-H stretching                           mixed-phase ring-site C-H stretching 99.41%
   52     3049.49          --                 --  mixed-phase ring-site C-H stretching                           mixed-phase ring-site C-H stretching 98.87%
   53     3051.09          --                 --  mixed-phase ring-site C-H stretching                           mixed-phase ring-site C-H stretching 99.22%
   54     3059.04          --                 --  mixed-phase ring-site C-H stretching                           mixed-phase ring-site C-H stretching 99.09%
   55     3069.40          --                 --  ring-site C-H stretching                                       ring-site C-H stretching 98.74%
   56     3097.21          --                 --  opposite-phase ring-site C-H stretching                        opposite-phase ring-site C-H stretching 99.07%
   57     3103.74          --                 --  opposite-phase ring-site C-H stretching                        opposite-phase ring-site C-H stretching 99.32%
   58     3127.24          --                 --  opposite-phase ring-site C-H stretching                        opposite-phase ring-site C-H stretching 99.24%
   59     3150.71          --                 --  in-phase ring-site C-H stretching                              in-phase ring-site C-H stretching 98.98%

# Selected internal-coordinate set:
#   1  nu(C1-H9)
#   2  nu(C2-C3)
#   3  nu(C4-C5)
#   4  nu(C6-C7)
#   5  nu(C8-H19)
#   6  nu(C8-H20)
#   7  nu(C7-H17)
#   8  nu(C1-H10)
#   9  nu(C4-H14)
#  10  nu(C3-H13)
#  11  nu(C6-H16)
#  12  nu(C2-H11)
#  13  nu(C5-H15)
#  14  nu(C7-H18)
#  15  tau(H15-C5-C6-H16)
#  16  tau(H11-C2-C3-H13)
#  17  tau(C4-C5-C6-H16)
#  18  gamma(C4;C1,H9,H10)
#  19  gamma(C7;C8,H19,H20)
#  20  nu(C3-H12)
#  21  delta(H9-C1-H10)
#  22  delta(C7-C6-H16)
#  23  delta(H19-C8-H20)
#  24  delta(C4-C5-H15)
#  25  delta(C3-C2-H11)
#  26  delta(H17-C7-H18)
#  27  delta(C3-C4-H14)
#  28  tau(H12-C3-C4-H14)
#  29  tau(C8-C2-C3-H13)
#  30  delta(C6-C7-H17)
#  31  tau(C1-C2-C3-H12)
#  32  delta(C6-C7-H18)
#  33  delta(C2-C3-H13)
#  34  tau(H15-C5-C6-C7)
#  35  nu(C1-C4)
#  36  tau(C4-C1-C2-C8)
#  37  nu(C3-C4)
#  38  delta(C2-C1-H9)
#  39  delta(C8-C7-H17)
#  40  delta(C4-C5-C6)
#  41  nu(C5-C6)
#  42  nu(C7-C8)
#  43  delta(C2-C8-H20)
#  44  tau(C1-C2-C8-H20)
#  45  tau(H9-C1-C2-C8)
#  46  nu(C2-C8)
#  47  tau(C2-C3-C4-H14)
#  48  nu(C1-C2)
#  49  delta(C6-C7-C8)
#  50  tau(H18-C7-C8-C2)
#  51  delta(C2-C3-C4)
#  52  tau(C2-C1-C4-C3)
#  53  delta(C1-C2-C8)
#  54  delta(C1-C4-C5)

Wrote: /local/scratch/mv487/qm9s/experiment_1_phase2/ped/13024/13024_summary.csv
Wrote: /local/scratch/mv487/qm9s/experiment_1_phase2/ped/13024/13024_families.csv
Wrote: /local/scratch/mv487/qm9s/experiment_1_phase2/ped/13024/13024_ped.csv
Wrote: /local/scratch/mv487/qm9s/experiment_1_phase2/ped/13024/13024_ir_transitions.csv

# All generated files are in: /local/scratch/mv487/qm9s/experiment_1_phase2/ped/13024
# Manifest: /local/scratch/mv487/qm9s/experiment_1_phase2/ped/13024/13024_manifest.txt

--- stderr ---
Normal modes/frequencies absent or incomplete: diagonalizing Hessian.
