# Contact: romi@lens.unifi.it
# Manual: https://github.com/SebRoLENS/orca-ped-analyzer/blob/main/docs/ORCA_PED_Analyzer_Manual.md
# Check GitHub for updates and new releases: https://github.com/SebRoLENS/orca-ped-analyzer
#
# Molecule: 18 atoms | non-linear
# Bonds inferred: 20 | candidate ICs: 208 | selected ICs: 48
# Cartesian-Hessian reconstruction relative error: 3.194e-05
# Energy distribution: PED (PED is the backward-compatible default; TED includes kinetic-energy terms)
# Ring/cycle bonds detected: 8 | ring atoms: 6 | ring systems: 1
# VPT2: no matching .out file supplied/found -> harmonic/PED analysis only
#
 Mode   Harm/cm-1   VPT2/cm-1  Harm.Int/km mol-1  Assignment                                                     Grouped PED
------------------------------------------------------------------------------------------------------------------------------------------------------------------------------------------------
    6      155.93          --                 --  C-C torsion                                                    C-C torsion 92.77%; cyclic-ring out-of-plane deformation 3.12%
    7      160.88          --                 --  C-C torsion                                                    C-C torsion 92.34%; cyclic-ring out-of-plane deformation 3.01%
    8      208.53          --                 --  mixed C-O torsion / cyclic-ring out-of-plane deformation       C-O torsion 64.63%; cyclic-ring out-of-plane deformation 14.66%; C-C torsion 9.07%; cyclic C-C stretching 3.17%
    9      222.30          --                 --  mixed cyclic-ring torsional/out-of-plane deformation / C-C torsion / cyclic-ring torsional/out-of-plane deformation cyclic-ring torsional/out-of-plane deformation 45.38%; C-C torsion 23.85%; cyclic-ring torsional/out-of-plane deformation 17.42%; cyclic-ring out-of-plane deformation 6.89%
   10      240.21          --                 --  mixed cyclic-ring torsional/out-of-plane deformation / C-C torsion cyclic-ring torsional/out-of-plane deformation 36.84%; C-C torsion 15.35%; cyclic-ring torsional/out-of-plane deformation 12.86%; cyclic-ring out-of-plane deformation 12.04%
   11      267.82          --                 --  mixed cyclic-ring torsional/out-of-plane deformation / cyclic-ring torsional/out-of-plane deformation cyclic-ring torsional/out-of-plane deformation 30.97%; cyclic-ring torsional/out-of-plane deformation 23.16%; cyclic-ring out-of-plane deformation 11.78%; C-C torsion 11.30%
   12      271.08          --                 --  mixed cyclic-ring torsional/out-of-plane deformation / cyclic-ring torsional/out-of-plane deformation cyclic-ring torsional/out-of-plane deformation 36.63%; cyclic-ring torsional/out-of-plane deformation 26.53%; C-C torsion 10.19%; mixed-phase cyclic C-C stretching 7.44%
   13      436.55          --                 --  mixed C-O torsion / C-C-O bending                              C-O torsion 23.87%; C-C-O bending 18.17%; cyclic-ring out-of-plane deformation 14.46%; C-C torsion 12.43%
   14      442.79          --                 --  mixed C-O torsion / cyclic-ring torsional/out-of-plane deformation C-O torsion 28.61%; cyclic-ring torsional/out-of-plane deformation 18.06%; C-C-O bending 8.62%; mixed-phase cyclic C-C stretching 8.35%
   15      508.84          --                 --  mixed cyclic-ring torsional/out-of-plane deformation / cyclic-ring torsional/out-of-plane deformation cyclic-ring torsional/out-of-plane deformation 25.00%; cyclic-ring torsional/out-of-plane deformation 16.27%; ring-site C-H out-of-plane bending 13.12%; cyclic-ring out-of-plane deformation 12.79%
   16      515.97          --                 --  mixed cyclic-ring torsional/out-of-plane deformation / ring-site C-H out-of-plane bending / C-C torsion cyclic-ring torsional/out-of-plane deformation 30.72%; ring-site C-H out-of-plane bending 18.25%; C-C torsion 15.10%; cyclic-ring out-of-plane deformation 8.71%
   17      587.97          --                 --  mixed ring-site C-H out-of-plane bending / cyclic-ring torsional/out-of-plane deformation / cyclic-ring out-of-plane deformation ring-site C-H out-of-plane bending 25.60%; cyclic-ring torsional/out-of-plane deformation 23.84%; cyclic-ring out-of-plane deformation 16.32%; cyclic-ring torsional/out-of-plane deformation 9.41%
   18      672.71          --                 --  mixed cyclic-ring deformation (C-N-C bend) / exocyclic C-C stretching cyclic-ring deformation (C-N-C bend) 31.62%; exocyclic C-C stretching 12.56%; ring-site C-H out-of-plane bending 12.55%; cyclic-ring torsional/out-of-plane deformation 9.69%
   19      704.66          --                 --  mixed cyclic C-C stretching / cyclic-ring deformation (C-N-C bend) cyclic C-C stretching 28.04%; cyclic-ring deformation (C-N-C bend) 16.25%; mixed-phase cyclic C-N stretching 14.09%; exocyclic C-C stretching 9.73%
   20      748.75          --                 --  mixed mixed-phase cyclic C-N stretching / cyclic-ring deformation (C-N-C bend) mixed-phase cyclic C-N stretching 29.48%; cyclic-ring deformation (C-N-C bend) 22.52%; ring-site C-H out-of-plane bending 13.64%; mixed-phase cyclic C-C stretching 8.72%
   21      770.99          --                 --  mixed mixed-phase cyclic C-N stretching / ring-site C-H out-of-plane bending mixed-phase cyclic C-N stretching 24.50%; ring-site C-H out-of-plane bending 21.43%; mixed-phase cyclic C-C stretching 13.35%; cyclic-ring deformation (C-N-C bend) 12.63%
   22      830.78          --                 --  mixed cyclic C-N stretching / mixed-phase cyclic C-C stretching cyclic C-N stretching 30.25%; mixed-phase cyclic C-C stretching 20.12%; cyclic-ring deformation (C-N-C bend) 14.32%; C-C torsion 11.89%
   23      874.50          --                 --  mixed mixed-phase cyclic C-C stretching / cyclic-ring out-of-plane deformation mixed-phase cyclic C-C stretching 29.78%; cyclic-ring out-of-plane deformation 10.54%; opposite-phase cyclic C-N stretching 10.08%; cyclic-ring torsional/out-of-plane deformation 8.46%
   24      955.01          --                 --  mixed opposite-phase cyclic C-N stretching / C-H bending / mixed-phase cyclic C-C stretching opposite-phase cyclic C-N stretching 23.24%; C-H bending 20.96%; mixed-phase cyclic C-C stretching 19.71%; C-C torsion 13.27%
   25     1030.44          --                 --  mixed ring-site C-H out-of-plane bending / ring-site C-H in-plane bending ring-site C-H out-of-plane bending 43.34%; ring-site C-H in-plane bending 16.60%; cyclic C-N stretching 13.99%; cyclic-ring torsional/out-of-plane deformation 11.56%
   26     1039.90          --                 --  mixed ring-site C-H out-of-plane bending / ring-site C-H in-plane bending ring-site C-H out-of-plane bending 45.14%; ring-site C-H in-plane bending 22.54%; mixed-phase cyclic C-C stretching 8.97%; C-H bending 8.10%
   27     1057.88          --                 --  mixed ring-site C-H in-plane bending / ring-site C-H out-of-plane bending ring-site C-H in-plane bending 40.69%; ring-site C-H out-of-plane bending 28.17%; C-H bending 12.65%; mixed-phase cyclic C-C stretching 4.89%
   28     1083.57          --                 --  mixed mixed-phase exocyclic C-O stretching / C-H bending       mixed-phase exocyclic C-O stretching 25.62%; C-H bending 24.09%; ring-site C-H out-of-plane bending 12.35%; O-H bending 9.12%
   29     1104.82          --                 --  mixed C-H bending / mixed-phase cyclic C-C stretching          C-H bending 55.60%; mixed-phase cyclic C-C stretching 18.32%; cyclic-ring out-of-plane deformation 5.11%; exocyclic C-O stretching 5.08%
   30     1122.79          --                 --  ring-site C-H out-of-plane bending                             ring-site C-H out-of-plane bending 90.77%; cyclic C-N stretching 4.86%
   31     1147.78          --                 --  mixed ring-site C-H out-of-plane bending / C-H bending         ring-site C-H out-of-plane bending 45.04%; C-H bending 20.87%; mixed-phase cyclic C-C stretching 11.86%; exocyclic C-O stretching 8.11%
   32     1165.09          --                 --  mixed ring-site C-H out-of-plane bending / cyclic-ring deformation (C-N-C bend) ring-site C-H out-of-plane bending 32.57%; cyclic-ring deformation (C-N-C bend) 16.49%; cyclic C-N stretching 12.13%; C-H bending 10.20%
   33     1203.53          --                 --  mixed cyclic C-N stretching / ring-site C-H out-of-plane bending / mixed-phase cyclic C-C stretching cyclic C-N stretching 22.77%; ring-site C-H out-of-plane bending 18.57%; mixed-phase cyclic C-C stretching 17.80%; C-H bending 11.06%
   34     1209.17          --                 --  mixed mixed-phase cyclic C-C stretching / ring-site C-H out-of-plane bending mixed-phase cyclic C-C stretching 31.53%; ring-site C-H out-of-plane bending 31.27%; in-phase cyclic C-N stretching 8.84%; exocyclic C-O stretching 8.26%
   35     1259.00          --                 --  mixed mixed-phase cyclic C-C stretching / exocyclic C-O stretching mixed-phase cyclic C-C stretching 22.26%; exocyclic C-O stretching 20.06%; ring-site C-H out-of-plane bending 13.01%; mixed-phase cyclic C-N stretching 9.78%
   36     1262.27          --                 --  mixed O-H bending / cyclic C-C stretching                      O-H bending 60.87%; cyclic C-C stretching 11.12%; exocyclic C-O stretching 6.24%; C-C-O bending 3.65%
   37     1297.56          --                 --  mixed O-H bending / mixed-phase exocyclic C-O stretching       O-H bending 29.88%; mixed-phase exocyclic C-O stretching 14.35%; ring-site C-H in-plane bending 13.02%; ring-site C-H out-of-plane bending 12.52%
   38     1359.01          --                 --  mixed mixed-phase cyclic C-C stretching / ring-site C-H out-of-plane bending mixed-phase cyclic C-C stretching 40.07%; ring-site C-H out-of-plane bending 20.31%; C-H out-of-plane bending 7.23%; ring-site C-H in-plane bending 6.06%
   39     1389.17          --                 --  mixed mixed-phase cyclic C-C stretching / O-H bending / ring-site C-H in-plane bending mixed-phase cyclic C-C stretching 23.71%; O-H bending 22.85%; ring-site C-H in-plane bending 15.13%; ring-site C-H out-of-plane bending 10.72%
   40     1421.69          --                 --  mixed C-H out-of-plane bending / C-H bending                   C-H out-of-plane bending 52.34%; C-H bending 41.25%; exocyclic C-C stretching 2.66%
   41     1459.01          --                 --  mixed in-phase cyclic C-C stretching / exocyclic C-C stretching in-phase cyclic C-C stretching 42.95%; exocyclic C-C stretching 11.85%; O-H bending 7.55%; C-H out-of-plane bending 6.84%
   42     1486.86          --                 --  mixed C-H bending / C-C torsion                                C-H bending 54.93%; C-C torsion 25.02%; C-H out-of-plane bending 18.30%
   43     1499.14          --                 --  mixed C-C torsion / C-H bending / ring-site C-H out-of-plane bending C-C torsion 36.31%; C-H bending 25.76%; ring-site C-H out-of-plane bending 18.71%; mixed-phase cyclic C-C stretching 7.56%
   44     1505.64          --                 --  mixed ring-site C-H out-of-plane bending / C-H bending         ring-site C-H out-of-plane bending 60.77%; C-H bending 13.88%; C-C torsion 7.56%; cyclic C-C stretching 7.51%
   45     3033.58          --                 --  C-H stretching                                                 C-H stretching 99.57%
   46     3088.86          --                 --  opposite-phase C-H stretching                                  opposite-phase C-H stretching 99.12%
   47     3114.24          --                 --  ring-site C-H stretching                                       ring-site C-H stretching 97.62%
   48     3117.34          --                 --  mixed-phase C-H stretching                                     mixed-phase C-H stretching 98.15%
   49     3131.65          --                 --  ring-site C-H stretching                                       ring-site C-H stretching 98.63%
   50     3159.13          --                 --  ring-site C-H stretching                                       ring-site C-H stretching 98.67%
   51     3204.99          --                 --  mixed-phase ring-site C-H stretching                           mixed-phase ring-site C-H stretching 99.36%
   52     3742.27          --                 --  O-H stretching                                                 O-H stretching 99.90%
   53     3753.77          --                 --  mixed-phase O-H stretching                                     mixed-phase O-H stretching 99.92%

# Selected internal-coordinate set:
#   1  nu(C1-H10)
#   2  nu(C2-C3)
#   3  nu(O4-H14)
#   4  nu(C5-O6)
#   5  nu(C7-C8)
#   6  nu(C2-N9)
#   7  nu(C1-H11)
#   8  nu(O6-H15)
#   9  nu(C8-H17)
#  10  nu(C1-H12)
#  11  delta(C5-C3-H13)
#  12  nu(C7-N9)
#  13  gamma(H18;C8,C7,H17)
#  14  tau(N9-C2-C5-O6)
#  15  delta(C3-O4-H14)
#  16  nu(C7-H16)
#  17  nu(C3-H13)
#  18  nu(C2-C5)
#  19  nu(C8-H18)
#  20  tau(C2-C5-O6-H15)
#  21  tau(C2-C3-O4-H14)
#  22  gamma(H12;C1,H10,H11)
#  23  delta(N9-C7-H16)
#  24  delta(H10-C1-H11)
#  25  tau(H13-C3-C5-O6)
#  26  tau(H16-C7-N9-C8)
#  27  tau(H12-C1-C2-C3)
#  28  delta(C5-O6-H15)
#  29  tau(H17-C8-N9-C2)
#  30  gamma(H18;C8,C7,N9)
#  31  gamma(C5;C2,C1,C3)
#  32  nu(C3-O4)
#  33  nu(C8-N9)
#  34  delta(C2-C1-H12)
#  35  delta(C2-N9-C7)
#  36  tau(H10-C1-C2-N9)
#  37  gamma(O4;C3,C2,C5)
#  38  tau(C5-C7-C8-H17)
#  39  nu(C1-C2)
#  40  delta(C2-C1-H11)
#  41  tau(H11-C1-C2-C5)
#  42  nu(C3-C5)
#  43  tau(N9-C2-C3-O4)
#  44  delta(C2-C5-O6)
#  45  tau(C5-C7-N9-C8)
#  46  nu(C5-C7)
#  47  tau(C3-C2-C5-C7)
#  48  tau(C3-C2-N9-C8)

Wrote: /local/scratch/mv487/qm9s/experiment_1_phase2/ped/71287/71287_summary.csv
Wrote: /local/scratch/mv487/qm9s/experiment_1_phase2/ped/71287/71287_families.csv
Wrote: /local/scratch/mv487/qm9s/experiment_1_phase2/ped/71287/71287_ped.csv
Wrote: /local/scratch/mv487/qm9s/experiment_1_phase2/ped/71287/71287_ir_transitions.csv

# All generated files are in: /local/scratch/mv487/qm9s/experiment_1_phase2/ped/71287
# Manifest: /local/scratch/mv487/qm9s/experiment_1_phase2/ped/71287/71287_manifest.txt

--- stderr ---
Normal modes/frequencies absent or incomplete: diagonalizing Hessian.
