# Contact: romi@lens.unifi.it
# Manual: https://github.com/SebRoLENS/orca-ped-analyzer/blob/main/docs/ORCA_PED_Analyzer_Manual.md
# Check GitHub for updates and new releases: https://github.com/SebRoLENS/orca-ped-analyzer
#
# Molecule: 17 atoms | non-linear
# Bonds inferred: 18 | candidate ICs: 179 | selected ICs: 45
# Cartesian-Hessian reconstruction relative error: 2.558e-05
# Energy distribution: PED (PED is the backward-compatible default; TED includes kinetic-energy terms)
# Ring/cycle bonds detected: 7 | ring atoms: 6 | ring systems: 1
# VPT2: no matching .out file supplied/found -> harmonic/PED analysis only
#
 Mode   Harm/cm-1   VPT2/cm-1  Harm.Int/km mol-1  Assignment                                                     Grouped PED
------------------------------------------------------------------------------------------------------------------------------------------------------------------------------------------------
    6       37.47          --                 --  mixed ring-site C-H out-of-plane bending / cyclic-ring torsional/out-of-plane deformation ring-site C-H out-of-plane bending 62.72%; cyclic-ring torsional/out-of-plane deformation 35.90%
    7      120.30          --                 --  mixed ring-site C-H out-of-plane bending / cyclic-ring torsional/out-of-plane deformation ring-site C-H out-of-plane bending 61.59%; cyclic-ring torsional/out-of-plane deformation 31.34%; ring-site C-H in-plane bending 3.09%; O-C-C bending 2.68%
    8      238.21          --                 --  mixed C-O torsion / ring-site C-H out-of-plane bending         C-O torsion 66.67%; ring-site C-H out-of-plane bending 9.83%; cyclic-ring torsional/out-of-plane deformation 9.33%; C-C-O bending 7.95%
    9      257.79          --                 --  mixed ring-site C-H out-of-plane bending / cyclic-ring torsional/out-of-plane deformation / C-C-O bending ring-site C-H out-of-plane bending 26.41%; cyclic-ring torsional/out-of-plane deformation 22.86%; C-C-O bending 19.01%; O-C-C bending 13.52%
   10      274.11          --                 --  mixed C-O torsion / ring-site C-H out-of-plane bending         C-O torsion 54.23%; ring-site C-H out-of-plane bending 17.25%; cyclic-ring torsional/out-of-plane deformation 13.39%; O-C-C bending 5.63%
   11      344.86          --                 --  mixed cyclic-ring torsional/out-of-plane deformation / ring-site C-H out-of-plane bending cyclic-ring torsional/out-of-plane deformation 30.08%; ring-site C-H out-of-plane bending 29.81%; O-C-C bending 11.72%; C-C-O bending 11.66%
   12      364.17          --                 --  mixed ring-site C-H out-of-plane bending / cyclic-ring torsional/out-of-plane deformation ring-site C-H out-of-plane bending 69.73%; cyclic-ring torsional/out-of-plane deformation 19.26%; C-C-O bending 4.59%; ring-site C-H in-plane bending 2.78%
   13      396.11          --                 --  mixed ring-site C-H out-of-plane bending / O-C-C bending       ring-site C-H out-of-plane bending 55.56%; O-C-C bending 16.99%; cyclic-ring torsional/out-of-plane deformation 10.21%; C-C-O bending 6.50%
   14      421.21          --                 --  mixed ring-site C-H out-of-plane bending / cyclic-ring torsional/out-of-plane deformation ring-site C-H out-of-plane bending 41.13%; cyclic-ring torsional/out-of-plane deformation 16.43%; O-C-C bending 13.45%; C-C-O bending 12.85%
   15      448.60          --                 --  mixed ring-site C-H out-of-plane bending / cyclic-ring torsional/out-of-plane deformation ring-site C-H out-of-plane bending 57.99%; cyclic-ring torsional/out-of-plane deformation 15.72%; ring-site C-H in-plane bending 10.24%; C-C-O bending 6.87%
   16      576.71          --                 --  mixed ring-site C-H out-of-plane bending / ring-site C-H in-plane bending ring-site C-H out-of-plane bending 59.53%; ring-site C-H in-plane bending 12.23%; cyclic-ring deformation (C-C-C bend) 8.10%; cyclic-ring torsional/out-of-plane deformation 6.20%
   17      600.47          --                 --  ring-site C-H out-of-plane bending                             ring-site C-H out-of-plane bending 80.41%; cyclic-ring torsional/out-of-plane deformation 7.12%; O-C-C bending 5.82%; cyclic-ring deformation (C-C-C bend) 3.66%
   18      606.58          --                 --  mixed ring-site C-H out-of-plane bending / cyclic C-C stretching ring-site C-H out-of-plane bending 56.91%; cyclic C-C stretching 18.58%; ring-site C-H in-plane bending 7.58%; exocyclic C-O stretching 6.77%
   19      719.46          --                 --  mixed mixed-phase cyclic C-C stretching / ring-site C-H out-of-plane bending mixed-phase cyclic C-C stretching 50.72%; ring-site C-H out-of-plane bending 22.63%; ring-site C-H in-plane bending 12.82%; cyclic-ring torsional/out-of-plane deformation 7.20%
   20      814.05          --                 --  mixed ring-site C-H out-of-plane bending / mixed-phase cyclic C-C stretching ring-site C-H out-of-plane bending 53.05%; mixed-phase cyclic C-C stretching 19.87%; ring-site C-H in-plane bending 17.83%; exocyclic C-O stretching 3.11%
   21      869.22          --                 --  ring-site C-H out-of-plane bending                             ring-site C-H out-of-plane bending 72.22%; cyclic C-C stretching 14.18%; ring-site C-H in-plane bending 3.17%; cyclic-ring deformation (C-C-C bend) 3.00%
   22      894.46          --                 --  mixed mixed-phase cyclic C-C stretching / cyclic-ring deformation (C-C-C bend) mixed-phase cyclic C-C stretching 46.47%; cyclic-ring deformation (C-C-C bend) 21.21%; cyclic-ring torsional/out-of-plane deformation 14.52%; ring-site C-H in-plane bending 8.12%
   23      922.65          --                 --  mixed ring-site C-H out-of-plane bending / cyclic C-C stretching ring-site C-H out-of-plane bending 44.50%; cyclic C-C stretching 27.32%; ring-site C-H in-plane bending 14.34%; exocyclic C-O stretching 6.83%
   24      941.80          --                 --  mixed ring-site C-H in-plane bending / ring-site C-H out-of-plane bending ring-site C-H in-plane bending 40.46%; ring-site C-H out-of-plane bending 31.45%; opposite-phase cyclic C-C stretching 13.81%; cyclic-ring deformation (C-C-C bend) 5.38%
   25      983.17          --                 --  mixed mixed-phase cyclic C-C stretching / ring-site C-H out-of-plane bending mixed-phase cyclic C-C stretching 45.20%; ring-site C-H out-of-plane bending 15.53%; ring-site C-H in-plane bending 14.78%; mixed-phase exocyclic C-O stretching 8.96%
   26     1012.74          --                 --  mixed ring-site C-H in-plane bending / ring-site C-H out-of-plane bending / mixed-phase cyclic C-C stretching ring-site C-H in-plane bending 30.75%; ring-site C-H out-of-plane bending 26.84%; mixed-phase cyclic C-C stretching 22.91%; C-C-O bending 6.15%
   27     1068.55          --                 --  mixed mixed-phase cyclic C-C stretching / ring-site C-H out-of-plane bending / exocyclic C-O stretching mixed-phase cyclic C-C stretching 30.24%; ring-site C-H out-of-plane bending 29.25%; exocyclic C-O stretching 19.08%; ring-site C-H in-plane bending 8.39%
   28     1082.40          --                 --  mixed ring-site C-H out-of-plane bending / ring-site C-H in-plane bending ring-site C-H out-of-plane bending 35.33%; ring-site C-H in-plane bending 22.78%; mixed-phase cyclic C-C stretching 11.61%; cyclic-ring deformation (C-C-C bend) 11.31%
   29     1120.96          --                 --  mixed ring-site C-H in-plane bending / ring-site C-H out-of-plane bending ring-site C-H in-plane bending 58.28%; ring-site C-H out-of-plane bending 18.05%; mixed-phase cyclic C-C stretching 11.27%; O-C-C bending 4.12%
   30     1152.79          --                 --  mixed ring-site C-H out-of-plane bending / ring-site C-H in-plane bending ring-site C-H out-of-plane bending 52.46%; ring-site C-H in-plane bending 29.89%; mixed-phase exocyclic C-O stretching 6.03%; cyclic C-C stretching 5.33%
   31     1171.72          --                 --  mixed ring-site C-H out-of-plane bending / ring-site C-H in-plane bending ring-site C-H out-of-plane bending 43.44%; ring-site C-H in-plane bending 20.48%; C-C out-of-plane bending 11.12%; mixed-phase cyclic C-C stretching 6.20%
   32     1192.62          --                 --  mixed ring-site C-H out-of-plane bending / C-C out-of-plane bending / ring-site C-H in-plane bending ring-site C-H out-of-plane bending 46.42%; C-C out-of-plane bending 20.83%; ring-site C-H in-plane bending 19.18%; opposite-phase cyclic C-C stretching 4.88%
   33     1212.71          --                 --  mixed C-C out-of-plane bending / opposite-phase cyclic C-C stretching / ring-site C-H out-of-plane bending C-C out-of-plane bending 37.41%; opposite-phase cyclic C-C stretching 22.25%; ring-site C-H out-of-plane bending 18.48%; ring-site C-H in-plane bending 9.15%
   34     1232.47          --                 --  mixed ring-site C-H in-plane bending / ring-site C-H out-of-plane bending ring-site C-H in-plane bending 36.25%; ring-site C-H out-of-plane bending 32.90%; mixed-phase cyclic C-C stretching 13.08%; O-H bending 10.48%
   35     1269.23          --                 --  mixed ring-site C-H in-plane bending / ring-site C-H out-of-plane bending ring-site C-H in-plane bending 52.48%; ring-site C-H out-of-plane bending 36.40%; O-H bending 3.99%; cyclic C-C stretching 3.36%
   36     1278.65          --                 --  mixed ring-site C-H out-of-plane bending / ring-site C-H in-plane bending / O-H bending ring-site C-H out-of-plane bending 32.07%; ring-site C-H in-plane bending 22.12%; O-H bending 16.77%; mixed-phase cyclic C-C stretching 10.35%
   37     1316.77          --                 --  mixed ring-site C-H in-plane bending / ring-site C-H out-of-plane bending ring-site C-H in-plane bending 38.58%; ring-site C-H out-of-plane bending 33.46%; O-H bending 9.68%; mixed-phase cyclic C-C stretching 9.00%
   38     1342.12          --                 --  mixed O-H bending / ring-site C-H in-plane bending / mixed-phase cyclic C-C stretching O-H bending 22.26%; ring-site C-H in-plane bending 19.91%; mixed-phase cyclic C-C stretching 15.96%; C-C out-of-plane bending 9.81%
   39     1409.08          --                 --  mixed ring-site C-H out-of-plane bending / ring-site C-H in-plane bending ring-site C-H out-of-plane bending 69.55%; ring-site C-H in-plane bending 13.67%; O-H bending 8.43%; cyclic C-C stretching 4.19%
   40     1428.60          --                 --  mixed ring-site C-H out-of-plane bending / C-H bending         ring-site C-H out-of-plane bending 67.37%; C-H bending 30.04%
   41     1469.94          --                 --  mixed ring-site C-H out-of-plane bending / ring-site C-H in-plane bending ring-site C-H out-of-plane bending 60.15%; ring-site C-H in-plane bending 32.37%; in-phase cyclic C-C stretching 3.42%; C-H bending 2.52%
   42     1865.17          --                 --  exocyclic C-O stretching                                       exocyclic C-O stretching 82.59%; in-phase cyclic C-C stretching 10.32%; cyclic-ring deformation (C-C-C bend) 4.91%
   43     3032.02          --                 --  ring-site C-H stretching                                       ring-site C-H stretching 99.13%
   44     3050.67          --                 --  mixed-phase ring-site C-H stretching                           mixed-phase ring-site C-H stretching 98.96%
   45     3053.65          --                 --  ring-site C-H stretching                                       ring-site C-H stretching 99.39%
   46     3108.50          --                 --  mixed-phase ring-site C-H stretching                           mixed-phase ring-site C-H stretching 98.62%
   47     3112.52          --                 --  mixed-phase ring-site C-H stretching                           mixed-phase ring-site C-H stretching 98.98%
   48     3124.31          --                 --  ring-site C-H stretching                                       ring-site C-H stretching 98.95%
   49     3784.14          --                 --  O-H stretching                                                 O-H stretching 99.94%
   50     3806.55          --                 --  O-H stretching                                                 O-H stretching 99.94%

# Selected internal-coordinate set:
#   1  nu(C2-C3)
#   2  nu(C4-O5)
#   3  nu(C6-H15)
#   4  nu(C7-O8)
#   5  nu(C9-H17)
#   6  nu(O1-H10)
#   7  nu(O5-H14)
#   8  nu(C6-H16)
#   9  nu(C3-H12)
#  10  nu(C2-H11)
#  11  tau(H11-C2-C3-H12)
#  12  tau(O5-C4-C9-H17)
#  13  gamma(C4;C6,H15,H16)
#  14  delta(O8-C7-C9)
#  15  tau(O8-C7-C9-C4)
#  16  delta(C2-O1-H10)
#  17  delta(C4-C9-H17)
#  18  nu(C3-H13)
#  19  tau(C9-C4-O5-H14)
#  20  tau(H10-O1-C2-C9)
#  21  delta(H15-C6-H16)
#  22  delta(C4-O5-H14)
#  23  tau(H11-C2-C3-H13)
#  24  delta(C3-C2-H11)
#  25  nu(C4-C9)
#  26  nu(O1-C2)
#  27  nu(C7-C9)
#  28  delta(C2-C3-H13)
#  29  tau(H12-C3-C4-C6)
#  30  nu(C4-C6)
#  31  gamma(H15;C6,C4,C7)
#  32  nu(C2-C9)
#  33  tau(O1-C2-C9-C4)
#  34  nu(C3-C4)
#  35  nu(C6-C7)
#  36  delta(O1-C2-C9)
#  37  delta(C3-C4-O5)
#  38  delta(O5-C4-C9)
#  39  tau(C3-C4-C9-C7)
#  40  delta(C4-C3-H12)
#  41  tau(C3-C4-C6-H15)
#  42  delta(C4-C6-C7)
#  43  tau(H15-C6-C7-C9)
#  44  delta(C2-C9-H17)
#  45  tau(C6-C4-C9-C2)

Wrote: /local/scratch/mv487/qm9s/experiment_1_phase2/ped/82463/82463_summary.csv
Wrote: /local/scratch/mv487/qm9s/experiment_1_phase2/ped/82463/82463_families.csv
Wrote: /local/scratch/mv487/qm9s/experiment_1_phase2/ped/82463/82463_ped.csv
Wrote: /local/scratch/mv487/qm9s/experiment_1_phase2/ped/82463/82463_ir_transitions.csv

# All generated files are in: /local/scratch/mv487/qm9s/experiment_1_phase2/ped/82463
# Manifest: /local/scratch/mv487/qm9s/experiment_1_phase2/ped/82463/82463_manifest.txt

--- stderr ---
Normal modes/frequencies absent or incomplete: diagonalizing Hessian.
