# Contact: romi@lens.unifi.it
# Manual: https://github.com/SebRoLENS/orca-ped-analyzer/blob/main/docs/ORCA_PED_Analyzer_Manual.md
# Check GitHub for updates and new releases: https://github.com/SebRoLENS/orca-ped-analyzer
#
# Molecule: 25 atoms | non-linear
# Bonds inferred: 25 | candidate ICs: 233 | selected ICs: 69
# Cartesian-Hessian reconstruction relative error: 4.909e-05
# Energy distribution: PED (PED is the backward-compatible default; TED includes kinetic-energy terms)
# Ring/cycle bonds detected: 5 | ring atoms: 5 | ring systems: 1
# VPT2: no matching .out file supplied/found -> harmonic/PED analysis only
#
 Mode   Harm/cm-1   VPT2/cm-1  Harm.Int/km mol-1  Assignment                                                     Grouped PED
------------------------------------------------------------------------------------------------------------------------------------------------------------------------------------------------
    6       56.79          --                 --  mixed cyclic-ring torsional/out-of-plane deformation / C-C torsion cyclic-ring torsional/out-of-plane deformation 65.39%; C-C torsion 27.75%; ring-site C-H out-of-plane bending 4.29%
    7      112.79          --                 --  cyclic-ring torsional/out-of-plane deformation                 cyclic-ring torsional/out-of-plane deformation 84.79%; C-C torsion 6.85%; ring-site C-H out-of-plane bending 5.46%
    8      205.45          --                 --  mixed C-C torsion / ring-site C-H out-of-plane bending         C-C torsion 69.26%; ring-site C-H out-of-plane bending 16.08%; C-C-C bending 11.45%
    9      218.33          --                 --  C-C torsion                                                    C-C torsion 90.93%; ring-site C-H out-of-plane bending 3.98%; C-C-C bending 3.44%
   10      234.89          --                 --  C-C torsion                                                    C-C torsion 95.65%; C-C-C bending 3.23%
   11      241.38          --                 --  C-C torsion                                                    C-C torsion 89.71%; C-C-C bending 3.82%; cyclic-ring torsional/out-of-plane deformation 2.67%; ring-site C-H out-of-plane bending 2.63%
   12      273.25          --                 --  mixed cyclic-ring torsional/out-of-plane deformation / C-C torsion / C-C-C bending cyclic-ring torsional/out-of-plane deformation 39.07%; C-C torsion 29.08%; C-C-C bending 24.14%; ring-site C-H out-of-plane bending 2.59%
   13      316.33          --                 --  mixed ring-site C-H out-of-plane bending / C-C torsion         ring-site C-H out-of-plane bending 32.73%; C-C torsion 30.86%; cyclic-ring torsional/out-of-plane deformation 12.70%; C-H bending 11.22%
   14      373.64          --                 --  mixed C-C-C bending / C-C torsion                              C-C-C bending 46.91%; C-C torsion 34.57%; cyclic-ring torsional/out-of-plane deformation 5.65%; exocyclic C-C stretching 4.63%
   15      386.88          --                 --  mixed C-C-C bending / ring-site C-H out-of-plane bending       C-C-C bending 46.66%; ring-site C-H out-of-plane bending 33.66%; C-C torsion 6.08%; C-H bending 5.15%
   16      394.71          --                 --  mixed C-C-C bending / ring-site C-H out-of-plane bending       C-C-C bending 52.31%; ring-site C-H out-of-plane bending 14.06%; C-H bending 12.45%; C-C torsion 6.18%
   17      458.24          --                 --  mixed C-C-C bending / C-C torsion / C-H bending                C-C-C bending 29.39%; C-C torsion 19.96%; C-H bending 18.19%; ring-site C-H out-of-plane bending 16.88%
   18      548.51          --                 --  mixed ring-site C-H out-of-plane bending / C-C-C bending       ring-site C-H out-of-plane bending 46.41%; C-C-C bending 23.77%; C-H bending 11.77%; C-C torsion 7.51%
   19      590.14          --                 --  mixed in-phase exocyclic C-C stretching / cyclic-ring deformation (C-C-C bend) / C-H bending in-phase exocyclic C-C stretching 24.19%; cyclic-ring deformation (C-C-C bend) 20.42%; C-H bending 19.65%; C-C torsion 11.19%
   20      697.93          --                 --  mixed cyclic-ring deformation (C-C-C bend) / ring-site C-H out-of-plane bending / ring-site C-H in-plane bending cyclic-ring deformation (C-C-C bend) 30.84%; ring-site C-H out-of-plane bending 28.46%; ring-site C-H in-plane bending 17.42%; exocyclic C-C stretching 7.68%
   21      763.24          --                 --  ring-site C-H out-of-plane bending                             ring-site C-H out-of-plane bending 84.60%; cyclic-ring deformation (C-C-C bend) 6.29%; ring-site C-H in-plane bending 3.59%
   22      784.57          --                 --  mixed cyclic-ring deformation (C-C-C bend) / mixed-phase cyclic C-C stretching cyclic-ring deformation (C-C-C bend) 48.97%; mixed-phase cyclic C-C stretching 16.76%; ring-site C-H in-plane bending 9.28%; ring-site C-H out-of-plane bending 7.84%
   23      838.04          --                 --  mixed ring-site C-H out-of-plane bending / ring-site C-H in-plane bending / cyclic-ring deformation (C-C-C bend) ring-site C-H out-of-plane bending 33.33%; ring-site C-H in-plane bending 32.42%; cyclic-ring deformation (C-C-C bend) 17.51%; cyclic C-C stretching 12.63%
   24      850.89          --                 --  mixed in-phase C-C stretching / C-H bending / cyclic C-C stretching in-phase C-C stretching 24.79%; C-H bending 20.81%; cyclic C-C stretching 17.70%; ring-site C-H out-of-plane bending 10.17%
   25      909.70          --                 --  mixed mixed-phase cyclic C-C stretching / cyclic-ring deformation (C-C-C bend) mixed-phase cyclic C-C stretching 52.10%; cyclic-ring deformation (C-C-C bend) 12.74%; C-H bending 12.64%; ring-site C-H in-plane bending 9.03%
   26      931.13          --                 --  mixed C-H bending / C-C stretching                             C-H bending 46.47%; C-C stretching 15.12%; exocyclic C-C stretching 13.51%; C-C torsion 8.31%
   27      934.26          --                 --  C-H bending                                                    C-H bending 75.47%; C-C torsion 12.60%; C-C stretching 3.55%; ring-site C-H out-of-plane bending 2.64%
   28      950.48          --                 --  mixed mixed-phase cyclic C-C stretching / cyclic-ring deformation (C-C-C bend) / C-H bending mixed-phase cyclic C-C stretching 43.80%; cyclic-ring deformation (C-C-C bend) 22.45%; C-H bending 18.37%; ring-site C-H in-plane bending 9.37%
   29      965.28          --                 --  mixed C-H bending / opposite-phase C-C stretching              C-H bending 66.45%; opposite-phase C-C stretching 18.86%; C-C torsion 6.51%; ring-site C-H out-of-plane bending 3.41%
   30      976.20          --                 --  ring-site C-H out-of-plane bending                             ring-site C-H out-of-plane bending 93.58%; cyclic C-C stretching 2.09%; ring-site C-H in-plane bending 2.02%
   31      992.73          --                 --  ring-site C-H out-of-plane bending                             ring-site C-H out-of-plane bending 72.93%; mixed-phase cyclic C-C stretching 11.08%; ring-site C-H in-plane bending 4.74%; C-H bending 3.31%
   32     1022.80          --                 --  mixed ring-site C-H out-of-plane bending / C-H bending / ring-site C-H in-plane bending ring-site C-H out-of-plane bending 37.40%; C-H bending 20.62%; ring-site C-H in-plane bending 18.32%; mixed-phase cyclic C-C stretching 11.89%
   33     1062.76          --                 --  mixed C-H bending / C-C torsion                                C-H bending 56.62%; C-C torsion 12.31%; opposite-phase C-C stretching 6.69%; in-phase cyclic C-C stretching 6.44%
   34     1090.42          --                 --  mixed C-H bending / opposite-phase C-C stretching              C-H bending 50.82%; opposite-phase C-C stretching 11.13%; cyclic-ring deformation (C-C-C bend) 7.60%; exocyclic C-C stretching 6.57%
   35     1120.91          --                 --  mixed ring-site C-H in-plane bending / C-H bending / ring-site C-H out-of-plane bending ring-site C-H in-plane bending 40.66%; C-H bending 22.24%; ring-site C-H out-of-plane bending 16.97%; C-C-C bending 9.17%
   36     1133.37          --                 --  mixed ring-site C-H in-plane bending / C-H bending             ring-site C-H in-plane bending 49.35%; C-H bending 15.76%; opposite-phase C-C stretching 13.39%; ring-site C-H out-of-plane bending 7.49%
   37     1188.00          --                 --  mixed C-H bending / C-C-C bending                              C-H bending 44.84%; C-C-C bending 15.29%; ring-site C-H in-plane bending 13.96%; in-phase C-C stretching 7.39%
   38     1198.81          --                 --  mixed C-H bending / C-C-C bending                              C-H bending 32.47%; C-C-C bending 18.16%; ring-site C-H in-plane bending 14.51%; exocyclic C-C stretching 10.53%
   39     1211.60          --                 --  mixed C-H bending / mixed-phase cyclic C-C stretching / ring-site C-H in-plane bending C-H bending 32.18%; mixed-phase cyclic C-C stretching 18.13%; ring-site C-H in-plane bending 16.02%; cyclic-ring deformation (C-C-C bend) 10.71%
   40     1219.57          --                 --  mixed ring-site C-H in-plane bending / C-H bending / ring-site C-H out-of-plane bending ring-site C-H in-plane bending 41.74%; C-H bending 18.86%; ring-site C-H out-of-plane bending 16.15%; C-C-C bending 10.07%
   41     1264.92          --                 --  mixed ring-site C-H in-plane bending / C-H bending             ring-site C-H in-plane bending 42.03%; C-H bending 15.83%; exocyclic C-C stretching 11.31%; mixed-phase cyclic C-C stretching 9.66%
   42     1312.94          --                 --  mixed ring-site C-H in-plane bending / C-H bending             ring-site C-H in-plane bending 63.86%; C-H bending 15.37%; ring-site C-H out-of-plane bending 8.89%; opposite-phase cyclic C-C stretching 7.37%
   43     1324.66          --                 --  mixed ring-site C-H in-plane bending / ring-site C-H out-of-plane bending ring-site C-H in-plane bending 48.88%; ring-site C-H out-of-plane bending 38.47%; C-H bending 6.28%; in-phase cyclic C-C stretching 4.25%
   44     1348.52          --                 --  C-H bending                                                    C-H bending 71.44%; ring-site C-H in-plane bending 8.29%; ring-site C-H out-of-plane bending 6.15%; C-C torsion 5.95%
   45     1355.82          --                 --  C-H bending                                                    C-H bending 89.96%; C-C torsion 4.29%; opposite-phase C-C stretching 2.82%
   46     1389.89          --                 --  mixed C-H bending / ring-site C-H in-plane bending             C-H bending 48.98%; ring-site C-H in-plane bending 29.13%; mixed-phase cyclic C-C stretching 11.28%; cyclic-ring deformation (C-C-C bend) 2.74%
   47     1404.91          --                 --  mixed C-H bending / C-H out-of-plane bending                   C-H bending 58.47%; C-H out-of-plane bending 36.44%; opposite-phase C-C stretching 3.59%
   48     1416.09          --                 --  C-H bending                                                    C-H bending 85.63%; ring-site C-H in-plane bending 6.74%; cyclic C-C stretching 2.60%
   49     1426.06          --                 --  mixed C-H bending / C-H out-of-plane bending                   C-H bending 60.44%; C-H out-of-plane bending 35.69%; in-phase C-C stretching 2.61%
   50     1486.34          --                 --  mixed C-H bending / ring-site C-H out-of-plane bending         C-H bending 48.58%; ring-site C-H out-of-plane bending 27.75%; ring-site C-H in-plane bending 11.26%; C-C torsion 8.27%
   51     1494.17          --                 --  C-H bending                                                    C-H bending 79.07%; C-C torsion 18.17%
   52     1495.82          --                 --  mixed C-H bending / ring-site C-H out-of-plane bending         C-H bending 65.52%; ring-site C-H out-of-plane bending 18.08%; C-C torsion 7.16%; ring-site C-H in-plane bending 4.29%
   53     1500.18          --                 --  C-H bending                                                    C-H bending 84.60%; C-C torsion 9.80%; ring-site C-H out-of-plane bending 2.09%
   54     1505.51          --                 --  C-H bending                                                    C-H bending 78.06%; C-C torsion 12.24%; C-H out-of-plane bending 4.25%; ring-site C-H in-plane bending 2.77%
   55     1512.91          --                 --  C-H bending                                                    C-H bending 76.02%; ring-site C-H in-plane bending 7.71%; ring-site C-H out-of-plane bending 7.64%; C-C torsion 5.48%
   56     1515.91          --                 --  mixed C-H bending / C-C torsion                                C-H bending 67.22%; C-C torsion 20.47%; C-H out-of-plane bending 7.27%; ring-site C-H in-plane bending 3.70%
   57     1524.47          --                 --  C-H bending                                                    C-H bending 76.05%; C-C torsion 14.67%; ring-site C-H in-plane bending 3.44%; C-H out-of-plane bending 2.47%
   58     1682.11          --                 --  cyclic C-C stretching                                          cyclic C-C stretching 76.66%; ring-site C-H in-plane bending 12.13%; cyclic-ring deformation (C-C-C bend) 9.25%
   59     2990.35          --                 --  C-H stretching                                                 C-H stretching 98.58%
   60     3012.07          --                 --  ring-site C-H stretching                                       ring-site C-H stretching 98.79%
   61     3022.78          --                 --  C-H stretching                                                 C-H stretching 98.65%
   62     3029.13          --                 --  mixed-phase C-H stretching                                     mixed-phase C-H stretching 99.68%
   63     3034.92          --                 --  C-H stretching                                                 C-H stretching 98.25%
   64     3039.37          --                 --  mixed-phase ring-site C-H stretching                           mixed-phase ring-site C-H stretching 97.41%
   65     3057.14          --                 --  ring-site C-H stretching                                       ring-site C-H stretching 98.25%
   66     3081.75          --                 --  mixed-phase C-H stretching                                     mixed-phase C-H stretching 98.74%
   67     3085.12          --                 --  mixed-phase C-H stretching                                     mixed-phase C-H stretching 92.45%; mixed-phase ring-site C-H stretching 7.12%
   68     3089.87          --                 --  mixed mixed-phase ring-site C-H stretching / mixed-phase C-H stretching mixed-phase ring-site C-H stretching 74.05%; mixed-phase C-H stretching 25.31%
   69     3090.44          --                 --  mixed-phase C-H stretching                                     mixed-phase C-H stretching 98.58%
   70     3098.24          --                 --  mixed-phase C-H stretching                                     mixed-phase C-H stretching 87.15%; opposite-phase ring-site C-H stretching 12.27%
   71     3104.44          --                 --  mixed-phase C-H stretching                                     mixed-phase C-H stretching 95.15%; ring-site C-H stretching 4.25%
   72     3110.73          --                 --  mixed-phase C-H stretching                                     mixed-phase C-H stretching 99.08%
   73     3165.02          --                 --  opposite-phase ring-site C-H stretching                        opposite-phase ring-site C-H stretching 98.65%
   74     3189.16          --                 --  in-phase ring-site C-H stretching                              in-phase ring-site C-H stretching 98.33%

# Selected internal-coordinate set:
#   1  nu(C1-H11)
#   2  nu(C2-C3)
#   3  nu(C4-C5)
#   4  nu(C6-C7)
#   5  nu(C8-C9)
#   6  nu(C1-H10)
#   7  nu(C2-H13)
#   8  nu(C6-H20)
#   9  nu(C5-H18)
#  10  nu(C3-H16)
#  11  nu(C7-H22)
#  12  nu(C1-H12)
#  13  nu(C5-H17)
#  14  nu(C3-H14)
#  15  nu(C7-H23)
#  16  nu(C6-H21)
#  17  nu(C4-C9)
#  18  tau(H24-C8-C9-H25)
#  19  nu(C8-H24)
#  20  nu(C3-H15)
#  21  nu(C5-H19)
#  22  nu(C2-C4)
#  23  nu(C9-H25)
#  24  gamma(H22;C7,C6,H23)
#  25  gamma(H11;C1,H10,H12)
#  26  delta(H20-C6-H21)
#  27  tau(H13-C2-C3-H14)
#  28  tau(C7-C8-C9-H25)
#  29  delta(C9-C8-H24)
#  30  delta(H10-C1-H12)
#  31  delta(H15-C3-H16)
#  32  delta(H17-C5-H18)
#  33  delta(H18-C5-H19)
#  34  delta(H17-C5-H19)
#  35  delta(C3-C2-H13)
#  36  delta(C7-C6-H21)
#  37  delta(C7-C6-H20)
#  38  tau(H11-C1-C2-C3)
#  39  delta(C4-C9-H25)
#  40  delta(C2-C3-H15)
#  41  delta(C2-C3-H14)
#  42  delta(C6-C7-H23)
#  43  delta(C2-C3-H16)
#  44  tau(H22-C7-C8-C9)
#  45  delta(C4-C5-H19)
#  46  delta(C2-C1-H12)
#  47  tau(C4-C2-C3-H16)
#  48  nu(C4-C6)
#  49  delta(C4-C6-H20)
#  50  delta(C4-C5-H18)
#  51  nu(C1-C2)
#  52  delta(C2-C1-H10)
#  53  delta(C8-C7-H22)
#  54  tau(H10-C1-C2-C4)
#  55  nu(C7-C8)
#  56  delta(C1-C2-H13)
#  57  delta(C4-C9-C8)
#  58  tau(H24-C8-C9-C4)
#  59  tau(C2-C4-C5-H18)
#  60  delta(C4-C2-H13)
#  61  delta(C6-C7-C8)
#  62  delta(C3-C2-C4)
#  63  tau(C5-C4-C6-C7)
#  64  delta(C5-C4-C6)
#  65  delta(C2-C4-C6)
#  66  delta(C1-C2-C3)
#  67  delta(C2-C4-C9)
#  68  tau(C3-C2-C4-C5)
#  69  tau(C2-C4-C6-C7)

Wrote: /local/scratch/mv487/qm9s/experiment_1_phase2/ped/53606/53606_summary.csv
Wrote: /local/scratch/mv487/qm9s/experiment_1_phase2/ped/53606/53606_families.csv
Wrote: /local/scratch/mv487/qm9s/experiment_1_phase2/ped/53606/53606_ped.csv
Wrote: /local/scratch/mv487/qm9s/experiment_1_phase2/ped/53606/53606_ir_transitions.csv

# All generated files are in: /local/scratch/mv487/qm9s/experiment_1_phase2/ped/53606
# Manifest: /local/scratch/mv487/qm9s/experiment_1_phase2/ped/53606/53606_manifest.txt

--- stderr ---
Normal modes/frequencies absent or incomplete: diagonalizing Hessian.
