# Contact: romi@lens.unifi.it
# Manual: https://github.com/SebRoLENS/orca-ped-analyzer/blob/main/docs/ORCA_PED_Analyzer_Manual.md
# Check GitHub for updates and new releases: https://github.com/SebRoLENS/orca-ped-analyzer
#
# Molecule: 22 atoms | non-linear
# Bonds inferred: 23 | candidate ICs: 225 | selected ICs: 60
# Cartesian-Hessian reconstruction relative error: 3.753e-05
# Energy distribution: PED (PED is the backward-compatible default; TED includes kinetic-energy terms)
# Ring/cycle bonds detected: 6 | ring atoms: 6 | ring systems: 2
# VPT2: no matching .out file supplied/found -> harmonic/PED analysis only
#
 Mode   Harm/cm-1   VPT2/cm-1  Harm.Int/km mol-1  Assignment                                                     Grouped PED
------------------------------------------------------------------------------------------------------------------------------------------------------------------------------------------------
    6       44.21          --                 --  mixed C-C torsion / C-N torsion                                C-C torsion 63.50%; C-N torsion 12.28%; C-O torsion 11.54%; ring-site C-H out-of-plane bending 3.15%
    7       71.26          --                 --  mixed C-C torsion / C-N torsion                                C-C torsion 56.93%; C-N torsion 19.39%; ring-site C-H out-of-plane bending 11.84%; C-C-C bending 4.58%
    8      121.24          --                 --  mixed C-C-C bending / C-N torsion / cyclic-ring torsional/out-of-plane deformation C-C-C bending 36.16%; C-N torsion 17.56%; cyclic-ring torsional/out-of-plane deformation 17.42%; ring-site C-H out-of-plane bending 17.38%
    9      177.19          --                 --  C-N torsion                                                    C-N torsion 74.05%; ring-site C-H out-of-plane bending 9.01%; cyclic-ring torsional/out-of-plane deformation 7.80%; C-C-C bending 3.35%
   10      210.79          --                 --  C-N torsion                                                    C-N torsion 92.06%; C-C-C bending 3.37%; ring-site C-H out-of-plane bending 2.87%
   11      278.37          --                 --  mixed C-O torsion / ring-site C-H out-of-plane bending         C-O torsion 58.89%; ring-site C-H out-of-plane bending 13.26%; C-N torsion 10.62%; C-C-C bending 8.26%
   12      304.43          --                 --  C-O torsion                                                    C-O torsion 85.15%; C-N torsion 5.20%; ring-site C-H out-of-plane bending 3.41%; C-C-C bending 2.54%
   13      316.60          --                 --  C-O torsion                                                    C-O torsion 90.94%; ring-site C-H out-of-plane bending 3.15%; cyclic-ring torsional/out-of-plane deformation 2.16%
   14      368.46          --                 --  mixed ring-site C-H out-of-plane bending / C-N-C bending       ring-site C-H out-of-plane bending 38.43%; C-N-C bending 26.09%; C-C-C bending 14.13%; C-O torsion 5.91%
   15      415.05          --                 --  mixed C-N-C bending / ring-site C-H out-of-plane bending       C-N-C bending 35.34%; ring-site C-H out-of-plane bending 24.79%; C-C-C bending 10.48%; cyclic-ring out-of-plane deformation 6.84%
   16      470.03          --                 --  mixed C-C-C bending / C-O torsion                              C-C-C bending 28.96%; C-O torsion 20.14%; ring-site C-H out-of-plane bending 14.83%; C-H out-of-plane bending 9.99%
   17      506.20          --                 --  mixed ring-site C-H out-of-plane bending / cyclic-ring torsional/out-of-plane deformation ring-site C-H out-of-plane bending 29.68%; cyclic-ring torsional/out-of-plane deformation 14.03%; cyclic-ring torsional/out-of-plane deformation 12.00%; C-C-C bending 11.37%
   18      572.49          --                 --  mixed cyclic-ring torsional/out-of-plane deformation / ring-site C-H out-of-plane bending cyclic-ring torsional/out-of-plane deformation 37.59%; ring-site C-H out-of-plane bending 20.95%; C-H bending 10.78%; cyclic-ring torsional/out-of-plane deformation 4.88%
   19      735.41          --                 --  mixed cyclic-ring out-of-plane deformation / exocyclic C-N stretching cyclic-ring out-of-plane deformation 30.26%; exocyclic C-N stretching 16.11%; cyclic C-C stretching 12.27%; ring-site C-H out-of-plane bending 7.90%
   20      760.19          --                 --  mixed opposite-phase cyclic C-C stretching / ring-site C-H out-of-plane bending / cyclic-ring out-of-plane deformation opposite-phase cyclic C-C stretching 39.54%; ring-site C-H out-of-plane bending 22.34%; cyclic-ring out-of-plane deformation 15.22%; cyclic-ring torsional/out-of-plane deformation 5.19%
   21      786.30          --                 --  mixed ring-site C-H out-of-plane bending / cyclic C-N stretching / cyclic-ring out-of-plane deformation ring-site C-H out-of-plane bending 27.81%; cyclic C-N stretching 17.53%; cyclic-ring out-of-plane deformation 15.45%; ring-site C-H in-plane bending 8.18%
   22      831.61          --                 --  mixed ring-site C-H out-of-plane bending / cyclic-ring out-of-plane deformation ring-site C-H out-of-plane bending 39.55%; cyclic-ring out-of-plane deformation 20.51%; ring-site C-H in-plane bending 10.82%; C-O torsion 9.90%
   23      883.42          --                 --  mixed ring-site C-H out-of-plane bending / cyclic-ring out-of-plane deformation ring-site C-H out-of-plane bending 41.59%; cyclic-ring out-of-plane deformation 15.10%; ring-site C-H in-plane bending 14.35%; C-H bending 4.94%
   24      900.01          --                 --  mixed C-H out-of-plane bending / ring-site C-H in-plane bending / ring-site C-H out-of-plane bending C-H out-of-plane bending 23.89%; ring-site C-H in-plane bending 18.46%; ring-site C-H out-of-plane bending 16.99%; cyclic-ring out-of-plane deformation 16.05%
   25      929.06          --                 --  mixed cyclic-ring out-of-plane deformation / cyclic C-N stretching cyclic-ring out-of-plane deformation 20.94%; cyclic C-N stretching 20.54%; ring-site C-H in-plane bending 14.34%; ring-site C-H out-of-plane bending 14.21%
   26      983.27          --                 --  mixed ring-site C-H out-of-plane bending / cyclic-ring out-of-plane deformation ring-site C-H out-of-plane bending 32.76%; cyclic-ring out-of-plane deformation 18.19%; in-phase cyclic C-C stretching 13.96%; C-O torsion 8.33%
   27     1020.13          --                 --  mixed ring-site C-H out-of-plane bending / cyclic-ring out-of-plane deformation ring-site C-H out-of-plane bending 38.17%; cyclic-ring out-of-plane deformation 27.48%; mixed-phase cyclic C-C stretching 10.24%; C-H bending 5.24%
   28     1038.26          --                 --  mixed ring-site C-H out-of-plane bending / cyclic-ring out-of-plane deformation ring-site C-H out-of-plane bending 53.37%; cyclic-ring out-of-plane deformation 29.09%; ring-site C-H in-plane bending 3.65%; exocyclic C-N stretching 3.18%
   29     1054.88          --                 --  mixed ring-site C-H out-of-plane bending / cyclic-ring out-of-plane deformation ring-site C-H out-of-plane bending 49.46%; cyclic-ring out-of-plane deformation 28.85%; opposite-phase cyclic C-C stretching 8.91%; ring-site C-H in-plane bending 3.44%
   30     1079.76          --                 --  mixed ring-site C-H out-of-plane bending / ring-site C-H in-plane bending ring-site C-H out-of-plane bending 60.45%; ring-site C-H in-plane bending 7.04%; cyclic C-C stretching 6.18%; C-C-C bending 5.35%
   31     1111.85          --                 --  mixed ring-site C-H out-of-plane bending / C-O torsion         ring-site C-H out-of-plane bending 30.15%; C-O torsion 14.53%; cyclic-ring out-of-plane deformation 12.74%; exocyclic C-C stretching 10.78%
   32     1114.36          --                 --  mixed ring-site C-H out-of-plane bending / cyclic-ring out-of-plane deformation ring-site C-H out-of-plane bending 45.18%; cyclic-ring out-of-plane deformation 25.76%; C-H bending 11.88%; ring-site C-H in-plane bending 8.82%
   33     1129.91          --                 --  mixed ring-site C-H out-of-plane bending / cyclic-ring out-of-plane deformation ring-site C-H out-of-plane bending 37.49%; cyclic-ring out-of-plane deformation 29.69%; C-H bending 14.66%; ring-site C-H in-plane bending 5.94%
   34     1139.47          --                 --  mixed ring-site C-H out-of-plane bending / cyclic-ring out-of-plane deformation ring-site C-H out-of-plane bending 63.99%; cyclic-ring out-of-plane deformation 12.11%; C-O torsion 10.49%; cyclic-ring torsional/out-of-plane deformation 2.49%
   35     1162.48          --                 --  mixed ring-site C-H out-of-plane bending / C-H bending         ring-site C-H out-of-plane bending 47.95%; C-H bending 32.65%; cyclic-ring out-of-plane deformation 5.34%; ring-site C-H in-plane bending 3.03%
   36     1176.02          --                 --  mixed ring-site C-H in-plane bending / ring-site C-H out-of-plane bending / C-H bending ring-site C-H in-plane bending 21.20%; ring-site C-H out-of-plane bending 20.78%; C-H bending 19.74%; cyclic-ring out-of-plane deformation 19.64%
   37     1190.29          --                 --  mixed C-H bending / ring-site C-H out-of-plane bending         C-H bending 24.21%; ring-site C-H out-of-plane bending 22.32%; cyclic-ring out-of-plane deformation 13.23%; ring-site C-H in-plane bending 9.27%
   38     1202.23          --                 --  mixed cyclic-ring out-of-plane deformation / C-H bending       cyclic-ring out-of-plane deformation 32.90%; C-H bending 19.67%; C-N-C bending 12.86%; ring-site C-H in-plane bending 11.24%
   39     1232.03          --                 --  mixed in-phase cyclic C-C stretching / O-H bending / exocyclic C-O stretching in-phase cyclic C-C stretching 34.39%; O-H bending 21.18%; exocyclic C-O stretching 18.42%; ring-site C-H in-plane bending 7.26%
   40     1262.21          --                 --  mixed C-H bending / ring-site C-H out-of-plane bending         C-H bending 38.75%; ring-site C-H out-of-plane bending 20.69%; ring-site C-H in-plane bending 13.58%; C-O torsion 6.06%
   41     1289.67          --                 --  mixed O-H bending / C-H bending                                O-H bending 36.96%; C-H bending 24.80%; ring-site C-H out-of-plane bending 13.77%; C-C out-of-plane bending 4.75%
   42     1313.94          --                 --  mixed C-C out-of-plane bending / C-H bending                   C-C out-of-plane bending 59.12%; C-H bending 22.00%; ring-site C-H out-of-plane bending 4.21%; ring-site C-H in-plane bending 2.79%
   43     1332.48          --                 --  mixed ring-site C-H out-of-plane bending / exocyclic C-N stretching ring-site C-H out-of-plane bending 30.89%; exocyclic C-N stretching 16.08%; cyclic C-N stretching 12.84%; cyclic C-C stretching 10.19%
   44     1400.35          --                 --  mixed C-H bending / ring-site C-H out-of-plane bending         C-H bending 37.62%; ring-site C-H out-of-plane bending 23.70%; ring-site C-H in-plane bending 12.17%; C-C out-of-plane bending 5.76%
   45     1426.48          --                 --  mixed C-H bending / ring-site C-H out-of-plane bending         C-H bending 32.71%; ring-site C-H out-of-plane bending 29.15%; C-C out-of-plane bending 10.08%; cyclic C-C stretching 8.16%
   46     1426.97          --                 --  mixed ring-site C-H out-of-plane bending / C-H bending / C-C out-of-plane bending ring-site C-H out-of-plane bending 24.94%; C-H bending 22.60%; C-C out-of-plane bending 18.10%; opposite-phase exocyclic C-C stretching 11.02%
   47     1451.66          --                 --  mixed C-H out-of-plane bending / C-H bending                   C-H out-of-plane bending 58.15%; C-H bending 38.30%
   48     1484.28          --                 --  mixed C-H bending / C-H out-of-plane bending                   C-H bending 67.54%; C-H out-of-plane bending 16.90%; C-N torsion 6.13%; ring-site C-H out-of-plane bending 2.94%
   49     1491.63          --                 --  mixed C-H bending / ring-site C-H out-of-plane bending         C-H bending 23.79%; ring-site C-H out-of-plane bending 21.92%; in-phase cyclic C-C stretching 13.44%; cyclic-ring out-of-plane deformation 12.98%
   50     1494.38          --                 --  mixed C-H bending / C-N torsion                                C-H bending 66.56%; C-N torsion 12.75%; C-H out-of-plane bending 8.05%; ring-site C-H out-of-plane bending 3.94%
   51     1508.42          --                 --  mixed C-H bending / C-H out-of-plane bending                   C-H bending 63.80%; C-H out-of-plane bending 16.77%; C-N torsion 9.19%; ring-site C-H out-of-plane bending 3.75%
   52     1518.54          --                 --  mixed ring-site C-H out-of-plane bending / ring-site C-H in-plane bending ring-site C-H out-of-plane bending 28.88%; ring-site C-H in-plane bending 24.05%; cyclic-ring out-of-plane deformation 14.17%; C-H bending 13.71%
   53     2970.85          --                 --  C-H stretching                                                 C-H stretching 99.52%
   54     3047.66          --                 --  in-phase C-H stretching                                        in-phase C-H stretching 98.11%
   55     3059.70          --                 --  mixed-phase C-H stretching                                     mixed-phase C-H stretching 99.11%
   56     3072.34          --                 --  ring-site C-H stretching                                       ring-site C-H stretching 95.69%; C-H stretching 3.52%
   57     3077.89          --                 --  opposite-phase C-H stretching                                  opposite-phase C-H stretching 88.13%; mixed-phase ring-site C-H stretching 10.62%
   58     3090.93          --                 --  opposite-phase C-H stretching                                  opposite-phase C-H stretching 99.31%
   59     3103.91          --                 --  ring-site C-H stretching                                       ring-site C-H stretching 99.04%
   60     3106.01          --                 --  ring-site C-H stretching                                       ring-site C-H stretching 92.49%; opposite-phase C-H stretching 6.85%
   61     3121.11          --                 --  in-phase ring-site C-H stretching                              in-phase ring-site C-H stretching 99.09%
   62     3139.82          --                 --  ring-site C-H stretching                                       ring-site C-H stretching 97.58%
   63     3159.97          --                 --  mixed-phase ring-site C-H stretching                           mixed-phase ring-site C-H stretching 99.04%
   64     3206.47          --                 --  opposite-phase ring-site C-H stretching                        opposite-phase ring-site C-H stretching 99.40%
   65     3800.31          --                 --  O-H stretching                                                 O-H stretching 99.91%

# Selected internal-coordinate set:
#   1  nu(C1-N2)
#   2  nu(C3-C4)
#   3  nu(C5-H16)
#   4  nu(C6-C7)
#   5  nu(C8-H21)
#   6  nu(O9-H22)
#   7  nu(C5-H17)
#   8  nu(C1-H11)
#   9  nu(C6-H18)
#  10  nu(C3-H14)
#  11  nu(C7-H20)
#  12  nu(C4-H15)
#  13  nu(C1-H12)
#  14  nu(C8-O9)
#  15  tau(H14-C3-C4-H15)
#  16  tau(H18-C6-C7-H20)
#  17  tau(H21-C8-O9-H22)
#  18  gamma(C6;C5,H16,H17)
#  19  nu(C1-H10)
#  20  tau(H13-C3-C4-H15)
#  21  nu(C7-H19)
#  22  nu(C3-H13)
#  23  tau(H18-C6-C7-H19)
#  24  tau(C6-C8-O9-H22)
#  25  delta(H16-C5-H17)
#  26  tau(C1-N2-C3-C4)
#  27  delta(O9-C8-H21)
#  28  tau(H11-C1-N2-C4)
#  29  delta(H10-C1-H12)
#  30  delta(C7-C6-H18)
#  31  tau(C1-N2-C4-H15)
#  32  gamma(H11;C1,H10,H12)
#  33  delta(C8-O9-H22)
#  34  delta(C4-C3-H13)
#  35  delta(C6-C7-H20)
#  36  delta(C4-C3-H14)
#  37  gamma(C8;C7,C6,H19)
#  38  tau(H19-C7-C8-O9)
#  39  tau(H13-C3-C4-C5)
#  40  delta(N2-C1-H10)
#  41  nu(C5-C6)
#  42  gamma(H16;C5,C4,C6)
#  43  nu(N2-C3)
#  44  nu(C4-C5)
#  45  tau(H12-C1-N2-C3)
#  46  tau(C5-C6-C8-H21)
#  47  gamma(N2;C3,C4,H14)
#  48  tau(C5-C6-C7-C8)
#  49  delta(N2-C1-H11)
#  50  nu(C7-C8)
#  51  delta(C4-C5-H17)
#  52  gamma(C8;C7,C6,H20)
#  53  delta(C1-N2-C3)
#  54  delta(C3-C4-C5)
#  55  tau(C6-C7-C8-O9)
#  56  delta(C5-C6-C7)
#  57  delta(C4-C5-C6)
#  58  tau(C4-C5-C6-C8)
#  59  tau(C3-C4-C5-C6)
#  60  gamma(N2;C3,C4,H13)

Wrote: /local/scratch/mv487/qm9s/experiment_1_phase2/ped/82176/82176_summary.csv
Wrote: /local/scratch/mv487/qm9s/experiment_1_phase2/ped/82176/82176_families.csv
Wrote: /local/scratch/mv487/qm9s/experiment_1_phase2/ped/82176/82176_ped.csv
Wrote: /local/scratch/mv487/qm9s/experiment_1_phase2/ped/82176/82176_ir_transitions.csv

# All generated files are in: /local/scratch/mv487/qm9s/experiment_1_phase2/ped/82176
# Manifest: /local/scratch/mv487/qm9s/experiment_1_phase2/ped/82176/82176_manifest.txt

--- stderr ---
Normal modes/frequencies absent or incomplete: diagonalizing Hessian.
