# Contact: romi@lens.unifi.it
# Manual: https://github.com/SebRoLENS/orca-ped-analyzer/blob/main/docs/ORCA_PED_Analyzer_Manual.md
# Check GitHub for updates and new releases: https://github.com/SebRoLENS/orca-ped-analyzer
#
# Molecule: 17 atoms | non-linear
# Bonds inferred: 17 | candidate ICs: 134 | selected ICs: 45
# Cartesian-Hessian reconstruction relative error: 2.589e-05
# Energy distribution: PED (PED is the backward-compatible default; TED includes kinetic-energy terms)
# Ring/cycle bonds detected: 3 | ring atoms: 3 | ring systems: 1
# VPT2: no matching .out file supplied/found -> harmonic/PED analysis only
#
 Mode   Harm/cm-1   VPT2/cm-1  Harm.Int/km mol-1  Assignment                                                     Grouped PED
------------------------------------------------------------------------------------------------------------------------------------------------------------------------------------------------
    6       53.92          --                 --  C-C torsion                                                    C-C torsion 98.98%
    7       92.18          --                 --  mixed C-C-C bending / C-C torsion                              C-C-C bending 41.04%; C-C torsion 15.49%; ring-site C-H out-of-plane bending 11.19%; cyclic-ring torsional/out-of-plane deformation 9.77%
    8      137.65          --                 --  mixed ring-site C-H out-of-plane bending / cyclic-ring out-of-plane deformation / N-C-C bending ring-site C-H out-of-plane bending 23.92%; cyclic-ring out-of-plane deformation 19.62%; N-C-C bending 18.98%; C-C-C linear bending 13.18%
    9      167.78          --                 --  mixed C-N torsion / C-C-C linear bending                       C-N torsion 29.51%; C-C-C linear bending 20.40%; N-C-C bending 13.10%; C-C torsion 10.05%
   10      184.19          --                 --  mixed C-N torsion / C-C-C bending                              C-N torsion 34.07%; C-C-C bending 20.93%; C-C-N linear bending 14.98%; C-C-C linear bending 7.23%
   11      252.57          --                 --  mixed ring-site C-H out-of-plane bending / N-C-C bending       ring-site C-H out-of-plane bending 38.51%; N-C-C bending 31.83%; C-H bending 9.09%; C-C-N linear bending 6.83%
   12      316.92          --                 --  mixed ring-site C-H out-of-plane bending / cyclic-ring out-of-plane deformation ring-site C-H out-of-plane bending 34.17%; cyclic-ring out-of-plane deformation 30.60%; C-C-C bending 12.23%; C-C torsion 9.24%
   13      353.08          --                 --  mixed cyclic-ring out-of-plane deformation / ring-site C-H out-of-plane bending cyclic-ring out-of-plane deformation 35.71%; ring-site C-H out-of-plane bending 21.34%; C-C-C bending 13.83%; C-C-C linear bending 13.45%
   14      376.83          --                 --  mixed C-C torsion / C-C-N linear bending                       C-C torsion 59.04%; C-C-N linear bending 35.98%
   15      442.53          --                 --  mixed ring-site C-H out-of-plane bending / N-C-C bending / C-C-N linear bending ring-site C-H out-of-plane bending 26.45%; N-C-C bending 21.90%; C-C-N linear bending 16.10%; C-H bending 12.23%
   16      560.03          --                 --  mixed C-H bending / cyclic-ring out-of-plane deformation       C-H bending 20.62%; cyclic-ring out-of-plane deformation 18.32%; N-C-C bending 14.34%; ring-site C-H out-of-plane bending 10.57%
   17      588.56          --                 --  mixed cyclic-ring torsional/out-of-plane deformation / C-C-C bending cyclic-ring torsional/out-of-plane deformation 24.74%; C-C-C bending 16.05%; C-C-C linear bending 14.32%; mixed-phase exocyclic C-C stretching 10.02%
   18      594.06          --                 --  mixed ring-site C-H out-of-plane bending / cyclic-ring out-of-plane deformation / N-C-C bending ring-site C-H out-of-plane bending 31.55%; cyclic-ring out-of-plane deformation 21.17%; N-C-C bending 17.31%; C-H bending 8.57%
   19      649.48          --                 --  C-C-H linear bending                                           C-C-H linear bending 95.98%
   20      692.64          --                 --  C-C-H linear bending                                           C-C-H linear bending 95.18%; C-C-C linear bending 3.84%
   21      728.14          --                 --  mixed cyclic C-C stretching / ring-site C-H out-of-plane bending / cyclic-ring out-of-plane deformation cyclic C-C stretching 26.22%; ring-site C-H out-of-plane bending 21.67%; cyclic-ring out-of-plane deformation 20.67%; exocyclic C-N stretching 12.55%
   22      808.00          --                 --  mixed cyclic-ring out-of-plane deformation / C-H bending       cyclic-ring out-of-plane deformation 32.75%; C-H bending 17.01%; C-C torsion 13.81%; ring-site C-H out-of-plane bending 13.10%
   23      846.04          --                 --  mixed ring-site C-H out-of-plane bending / in-phase exocyclic C-C stretching ring-site C-H out-of-plane bending 26.75%; in-phase exocyclic C-C stretching 16.44%; cyclic-ring out-of-plane deformation 10.80%; ring-site C-H in-plane bending 10.08%
   24      952.38          --                 --  mixed C-C stretching / C-C-C bending                           C-C stretching 60.77%; C-C-C bending 15.18%; cyclic C-C stretching 7.06%; C-N stretching 5.93%
   25      970.57          --                 --  mixed C-H bending / cyclic-ring out-of-plane deformation       C-H bending 31.33%; cyclic-ring out-of-plane deformation 22.05%; ring-site C-H out-of-plane bending 11.74%; C-C torsion 11.26%
   26     1025.32          --                 --  mixed ring-site C-H out-of-plane bending / opposite-phase exocyclic C-C stretching ring-site C-H out-of-plane bending 45.83%; opposite-phase exocyclic C-C stretching 16.91%; ring-site C-H in-plane bending 11.94%; cyclic-ring out-of-plane deformation 7.38%
   27     1077.21          --                 --  mixed cyclic-ring out-of-plane deformation / ring-site C-H out-of-plane bending / cyclic C-C stretching cyclic-ring out-of-plane deformation 38.35%; ring-site C-H out-of-plane bending 20.79%; cyclic C-C stretching 18.92%; exocyclic C-N stretching 5.87%
   28     1118.11          --                 --  mixed C-H bending / ring-site C-H out-of-plane bending / exocyclic C-C stretching C-H bending 22.91%; ring-site C-H out-of-plane bending 20.65%; exocyclic C-C stretching 15.41%; ring-site C-H in-plane bending 10.68%
   29     1141.45          --                 --  ring-site C-H out-of-plane bending                             ring-site C-H out-of-plane bending 72.55%; cyclic-ring out-of-plane deformation 14.19%; C-H bending 6.99%; ring-site C-H in-plane bending 2.83%
   30     1164.57          --                 --  mixed C-H bending / cyclic-ring out-of-plane deformation / ring-site C-H out-of-plane bending C-H bending 45.76%; cyclic-ring out-of-plane deformation 22.11%; ring-site C-H out-of-plane bending 18.78%; ring-site C-H in-plane bending 3.92%
   31     1175.91          --                 --  mixed C-H bending / cyclic-ring out-of-plane deformation       C-H bending 67.52%; cyclic-ring out-of-plane deformation 18.14%; ring-site C-H out-of-plane bending 7.68%
   32     1238.17          --                 --  mixed C-H bending / ring-site C-H out-of-plane bending         C-H bending 64.66%; ring-site C-H out-of-plane bending 10.02%; cyclic C-C stretching 7.56%; C-C torsion 5.27%
   33     1325.07          --                 --  C-H bending                                                    C-H bending 71.24%; ring-site C-H out-of-plane bending 9.38%; C-C torsion 4.65%; C-C stretching 4.64%
   34     1337.21          --                 --  mixed C-H bending / cyclic-ring out-of-plane deformation / exocyclic C-N stretching C-H bending 34.95%; cyclic-ring out-of-plane deformation 22.77%; exocyclic C-N stretching 15.45%; cyclic C-C stretching 12.46%
   35     1367.44          --                 --  mixed ring-site C-H in-plane bending / ring-site C-H out-of-plane bending / C-H bending ring-site C-H in-plane bending 39.30%; ring-site C-H out-of-plane bending 26.34%; C-H bending 15.28%; cyclic C-C stretching 8.26%
   36     1418.24          --                 --  C-H bending                                                    C-H bending 71.13%; ring-site C-H out-of-plane bending 11.75%; cyclic C-C stretching 10.33%; exocyclic C-C stretching 2.98%
   37     1457.45          --                 --  C-H bending                                                    C-H bending 92.23%; C-C torsion 3.99%
   38     1468.80          --                 --  C-H bending                                                    C-H bending 89.50%; C-C torsion 8.57%
   39     1492.21          --                 --  C-H bending                                                    C-H bending 98.30%
   40     1512.18          --                 --  C-H bending                                                    C-H bending 98.85%
   41     2215.03          --                 --  C-C stretching                                                 C-C stretching 83.30%; exocyclic C-C stretching 12.04%; C-H stretching 4.33%
   42     2363.90          --                 --  C-N stretching                                                 C-N stretching 90.42%; C-C stretching 9.49%
   43     3009.73          --                 --  C-H stretching                                                 C-H stretching 99.59%
   44     3052.27          --                 --  C-H stretching                                                 C-H stretching 99.53%
   45     3087.11          --                 --  mixed-phase C-H stretching                                     mixed-phase C-H stretching 99.54%
   46     3101.41          --                 --  mixed-phase C-H stretching                                     mixed-phase C-H stretching 86.54%; ring-site C-H stretching 12.22%
   47     3118.60          --                 --  opposite-phase C-H stretching                                  opposite-phase C-H stretching 97.32%
   48     3122.52          --                 --  mixed-phase ring-site C-H stretching                           mixed-phase ring-site C-H stretching 86.85%; mixed-phase C-H stretching 12.00%
   49     3129.03          --                 --  ring-site C-H stretching                                       ring-site C-H stretching 96.75%; C-H stretching 2.16%
   50     3473.30          --                 --  C-H stretching                                                 C-H stretching 95.60%; C-C stretching 4.33%

# Selected internal-coordinate set:
#   1  nu(C1-N2)
#   2  nu(C3-C7)
#   3  nu(C4-C5)
#   4  nu(C8-C9)
#   5  nu(C1-H12)
#   6  nu(C4-H15)
#   7  delta_lin1(C8-C9-H17)
#   8  delta_lin2(C8-C9-H17)
#   9  delta_lin2(C4-C5-N6)
#  10  nu(C3-H13)
#  11  nu(C7-H16)
#  12  nu(C1-H11)
#  13  tau(H13-C3-C7-H16)
#  14  delta_lin1(C4-C5-N6)
#  15  nu(C4-H14)
#  16  nu(C1-H10)
#  17  gamma(N2;C3,C7,H13)
#  18  gamma(N2;C7,C3,H16)
#  19  nu(C9-H17)
#  20  nu(C5-N6)
#  21  delta(C3-C7-H16)
#  22  delta(H14-C4-H15)
#  23  delta(H11-C1-H12)
#  24  delta(H10-C1-H11)
#  25  delta(H10-C1-H12)
#  26  tau(C1-N2-C3-H13)
#  27  delta(C3-C4-H15)
#  28  delta(C3-C4-H14)
#  29  delta_lin1(C7-C8-C9)
#  30  delta_lin2(C7-C8-C9)
#  31  delta(N2-C1-H12)
#  32  nu(C3-C4)
#  33  nu(C7-C8)
#  34  tau(N2-C3-C4-H15)
#  35  delta(C4-C3-H13)
#  36  delta(N2-C1-H11)
#  37  tau(H11-C1-N2-C7)
#  38  delta(N2-C3-C4)
#  39  delta(N2-C7-C8)
#  40  delta(C3-C4-C5)
#  41  tau(C7-C3-C4-C5)
#  42  tau(C3-N2-C7-C8)
#  43  tau(C1-N2-C7-H16)
#  44  gamma(C7;N2,C1,C3)
#  45  delta(C4-C3-C7)

Wrote: /local/scratch/mv487/qm9s/experiment_1_phase2/ped/70924/70924_summary.csv
Wrote: /local/scratch/mv487/qm9s/experiment_1_phase2/ped/70924/70924_families.csv
Wrote: /local/scratch/mv487/qm9s/experiment_1_phase2/ped/70924/70924_ped.csv
Wrote: /local/scratch/mv487/qm9s/experiment_1_phase2/ped/70924/70924_ir_transitions.csv

# All generated files are in: /local/scratch/mv487/qm9s/experiment_1_phase2/ped/70924
# Manifest: /local/scratch/mv487/qm9s/experiment_1_phase2/ped/70924/70924_manifest.txt

--- stderr ---
Normal modes/frequencies absent or incomplete: diagonalizing Hessian.
