# Contact: romi@lens.unifi.it
# Manual: https://github.com/SebRoLENS/orca-ped-analyzer/blob/main/docs/ORCA_PED_Analyzer_Manual.md
# Check GitHub for updates and new releases: https://github.com/SebRoLENS/orca-ped-analyzer
#
# Molecule: 11 atoms | non-linear
# Bonds inferred: 12 | candidate ICs: 112 | selected ICs: 27
# Cartesian-Hessian reconstruction relative error: 1.350e-05
# Energy distribution: PED (PED is the backward-compatible default; TED includes kinetic-energy terms)
# Ring/cycle bonds detected: 6 | ring atoms: 5 | ring systems: 1
# VPT2: no matching .out file supplied/found -> harmonic/PED analysis only
#
 Mode   Harm/cm-1   VPT2/cm-1  Harm.Int/km mol-1  Assignment                                                     Grouped PED
------------------------------------------------------------------------------------------------------------------------------------------------------------------------------------------------
    6      175.31          --                 --  mixed cyclic-ring torsional/out-of-plane deformation / cyclic-ring torsional/out-of-plane deformation cyclic-ring torsional/out-of-plane deformation 36.45%; cyclic-ring torsional/out-of-plane deformation 35.57%; ring-site C-H out-of-plane bending 9.89%; cyclic-ring out-of-plane deformation 9.87%
    7      251.39          --                 --  mixed C-O torsion / cyclic-ring torsional/out-of-plane deformation C-O torsion 52.91%; cyclic-ring torsional/out-of-plane deformation 14.04%; C-C-O bending 12.29%; cyclic C-C stretching 7.81%
    8      302.14          --                 --  mixed O-C-C bending / C-O torsion / cyclic-ring torsional/out-of-plane deformation O-C-C bending 23.48%; C-O torsion 17.81%; cyclic-ring torsional/out-of-plane deformation 16.12%; cyclic-ring torsional/out-of-plane deformation 12.69%
    9      349.49          --                 --  mixed cyclic-ring torsional/out-of-plane deformation / O-C-C bending cyclic-ring torsional/out-of-plane deformation 61.12%; O-C-C bending 23.25%; cyclic-ring out-of-plane deformation 4.21%; ring-site C-H in-plane bending 4.06%
   10      464.90          --                 --  mixed ring-site C-H out-of-plane bending / cyclic-ring torsional/out-of-plane deformation ring-site C-H out-of-plane bending 30.88%; cyclic-ring torsional/out-of-plane deformation 30.66%; cyclic-ring torsional/out-of-plane deformation 12.24%; ring-site C-H in-plane bending 11.87%
   11      514.23          --                 --  mixed C-C-O bending / cyclic C-C stretching                    C-C-O bending 20.38%; cyclic C-C stretching 18.71%; cyclic-ring torsional/out-of-plane deformation 13.65%; O-C-C bending 12.50%
   12      645.79          --                 --  mixed cyclic-ring deformation (C-O-C bend) / ring-site C-H out-of-plane bending cyclic-ring deformation (C-O-C bend) 31.73%; ring-site C-H out-of-plane bending 24.14%; mixed-phase cyclic C-C stretching 12.24%; cyclic-ring out-of-plane deformation 11.94%
   13      718.28          --                 --  mixed mixed-phase cyclic C-C stretching / cyclic C-O stretching mixed-phase cyclic C-C stretching 33.23%; cyclic C-O stretching 17.84%; exocyclic C-O stretching 14.97%; C-C-O bending 14.50%
   14      758.88          --                 --  mixed cyclic-ring out-of-plane deformation / mixed-phase cyclic C-C stretching / cyclic-ring torsional/out-of-plane deformation cyclic-ring out-of-plane deformation 18.81%; mixed-phase cyclic C-C stretching 18.47%; cyclic-ring torsional/out-of-plane deformation 15.32%; cyclic-ring torsional/out-of-plane deformation 13.03%
   15      839.11          --                 --  mixed mixed-phase cyclic C-O stretching / mixed-phase cyclic C-C stretching mixed-phase cyclic C-O stretching 52.00%; mixed-phase cyclic C-C stretching 17.22%; ring-site C-H out-of-plane bending 10.33%; cyclic-ring deformation (C-O-C bend) 8.69%
   16      898.92          --                 --  mixed ring-site C-H out-of-plane bending / opposite-phase cyclic C-O stretching ring-site C-H out-of-plane bending 31.70%; opposite-phase cyclic C-O stretching 21.46%; mixed-phase cyclic C-C stretching 13.72%; ring-site C-H in-plane bending 11.08%
   17      927.62          --                 --  mixed opposite-phase cyclic C-C stretching / ring-site C-H out-of-plane bending opposite-phase cyclic C-C stretching 37.78%; ring-site C-H out-of-plane bending 17.88%; ring-site C-H in-plane bending 12.90%; cyclic-ring deformation (C-O-C bend) 7.04%
   18      931.20          --                 --  mixed ring-site C-H out-of-plane bending / ring-site C-H in-plane bending / opposite-phase cyclic C-C stretching ring-site C-H out-of-plane bending 33.82%; ring-site C-H in-plane bending 22.34%; opposite-phase cyclic C-C stretching 18.65%; cyclic-ring torsional/out-of-plane deformation 9.07%
   19     1019.18          --                 --  mixed ring-site C-H out-of-plane bending / mixed-phase cyclic C-C stretching / ring-site C-H in-plane bending ring-site C-H out-of-plane bending 36.84%; mixed-phase cyclic C-C stretching 23.69%; ring-site C-H in-plane bending 19.42%; cyclic C-O stretching 12.35%
   20     1043.89          --                 --  mixed ring-site C-H out-of-plane bending / in-phase cyclic C-O stretching / ring-site C-H in-plane bending ring-site C-H out-of-plane bending 35.31%; in-phase cyclic C-O stretching 17.56%; ring-site C-H in-plane bending 16.06%; cyclic-ring deformation (C-O-C bend) 12.44%
   21     1059.31          --                 --  mixed cyclic-ring deformation (C-O-C bend) / ring-site C-H out-of-plane bending / cyclic C-O stretching cyclic-ring deformation (C-O-C bend) 29.57%; ring-site C-H out-of-plane bending 25.09%; cyclic C-O stretching 15.67%; ring-site C-H in-plane bending 13.17%
   22     1081.54          --                 --  ring-site C-H out-of-plane bending                             ring-site C-H out-of-plane bending 91.24%; opposite-phase cyclic C-O stretching 3.61%
   23     1212.04          --                 --  mixed ring-site C-H out-of-plane bending / mixed-phase cyclic C-C stretching / O-H bending ring-site C-H out-of-plane bending 26.40%; mixed-phase cyclic C-C stretching 25.33%; O-H bending 18.74%; ring-site C-H in-plane bending 8.77%
   24     1261.57          --                 --  mixed mixed-phase cyclic C-C stretching / ring-site C-H out-of-plane bending / exocyclic C-O stretching mixed-phase cyclic C-C stretching 37.27%; ring-site C-H out-of-plane bending 22.17%; exocyclic C-O stretching 15.44%; O-H bending 6.73%
   25     1290.80          --                 --  mixed O-H bending / ring-site C-H out-of-plane bending         O-H bending 45.39%; ring-site C-H out-of-plane bending 18.25%; ring-site C-H in-plane bending 8.56%; in-phase cyclic C-O stretching 8.47%
   26     1420.67          --                 --  mixed ring-site C-H out-of-plane bending / exocyclic C-O stretching / cyclic C-C stretching ring-site C-H out-of-plane bending 28.45%; exocyclic C-O stretching 24.43%; cyclic C-C stretching 23.22%; ring-site C-H in-plane bending 10.04%
   27     1494.71          --                 --  mixed ring-site C-H out-of-plane bending / cyclic C-C stretching ring-site C-H out-of-plane bending 39.00%; cyclic C-C stretching 28.21%; ring-site C-H in-plane bending 14.82%; exocyclic C-O stretching 11.13%
   28     1921.61          --                 --  exocyclic C-O stretching                                       exocyclic C-O stretching 80.56%; cyclic C-C stretching 7.92%; cyclic-ring deformation (C-O-C bend) 7.35%; cyclic C-O stretching 3.66%
   29     3119.21          --                 --  in-phase ring-site C-H stretching                              in-phase ring-site C-H stretching 99.48%
   30     3212.46          --                 --  opposite-phase ring-site C-H stretching                        opposite-phase ring-site C-H stretching 99.34%
   31     3240.47          --                 --  ring-site C-H stretching                                       ring-site C-H stretching 98.95%
   32     3782.37          --                 --  O-H stretching                                                 O-H stretching 99.94%

# Selected internal-coordinate set:
#   1  nu(C2-C6)
#   2  nu(C3-C4)
#   3  nu(O1-H8)
#   4  nu(O5-C6)
#   5  nu(C4-O5)
#   6  nu(C3-H9)
#   7  nu(C2-C4)
#   8  gamma(O7;C6,C2,O5)
#   9  gamma(H10;C3,C4,H9)
#  10  delta(C2-O1-H8)
#  11  nu(C3-H10)
#  12  nu(C6-O7)
#  13  nu(C4-H11)
#  14  tau(H8-O1-C2-C4)
#  15  delta(C2-C4-H11)
#  16  tau(O1-C2-C4-O5)
#  17  delta(C4-C3-H9)
#  18  delta(C2-C6-O7)
#  19  nu(O1-C2)
#  20  gamma(H10;C3,C2,C4)
#  21  tau(C6-C2-C4-H11)
#  22  tau(C2-C4-O5-C6)
#  23  delta(O1-C2-C4)
#  24  tau(H9-C3-C4-O5)
#  25  nu(C2-C3)
#  26  delta(C4-O5-C6)
#  27  tau(C6-C2-C4-C3)

Wrote: /local/scratch/mv487/qm9s/experiment_1_phase2/ped/123443/123443_summary.csv
Wrote: /local/scratch/mv487/qm9s/experiment_1_phase2/ped/123443/123443_families.csv
Wrote: /local/scratch/mv487/qm9s/experiment_1_phase2/ped/123443/123443_ped.csv
Wrote: /local/scratch/mv487/qm9s/experiment_1_phase2/ped/123443/123443_ir_transitions.csv

# All generated files are in: /local/scratch/mv487/qm9s/experiment_1_phase2/ped/123443
# Manifest: /local/scratch/mv487/qm9s/experiment_1_phase2/ped/123443/123443_manifest.txt

--- stderr ---
Normal modes/frequencies absent or incomplete: diagonalizing Hessian.
