# Contact: romi@lens.unifi.it
# Manual: https://github.com/SebRoLENS/orca-ped-analyzer/blob/main/docs/ORCA_PED_Analyzer_Manual.md
# Check GitHub for updates and new releases: https://github.com/SebRoLENS/orca-ped-analyzer
#
# Molecule: 19 atoms | non-linear
# Bonds inferred: 21 | candidate ICs: 224 | selected ICs: 51
# Cartesian-Hessian reconstruction relative error: 8.271e-05
# Energy distribution: PED (PED is the backward-compatible default; TED includes kinetic-energy terms)
# Ring/cycle bonds detected: 11 | ring atoms: 9 | ring systems: 1
# VPT2: no matching .out file supplied/found -> harmonic/PED analysis only
#
 Mode   Harm/cm-1   VPT2/cm-1  Harm.Int/km mol-1  Assignment                                                     Grouped PED
------------------------------------------------------------------------------------------------------------------------------------------------------------------------------------------------
    6      198.75          --                 --  mixed cyclic-ring torsional/out-of-plane deformation / cyclic-ring torsional/out-of-plane deformation cyclic-ring torsional/out-of-plane deformation 49.41%; cyclic-ring torsional/out-of-plane deformation 32.25%; ring-site C-H out-of-plane bending 11.62%; cyclic-ring deformation (C-C-C bend) 4.43%
    7      302.06          --                 --  mixed ring-site C-H out-of-plane bending / cyclic-ring torsional/out-of-plane deformation ring-site C-H out-of-plane bending 46.23%; cyclic-ring torsional/out-of-plane deformation 34.81%; cyclic-ring deformation (C-C-C bend) 9.82%; cyclic-ring deformation (C-C-O bend) 4.08%
    8      319.30          --                 --  mixed cyclic-ring deformation (C-C-O bend) / ring-site C-H out-of-plane bending cyclic-ring deformation (C-C-O bend) 36.79%; ring-site C-H out-of-plane bending 28.03%; cyclic-ring torsional/out-of-plane deformation 13.98%; cyclic-ring deformation (C-C-C bend) 8.34%
    9      355.47          --                 --  mixed cyclic-ring torsional/out-of-plane deformation / cyclic-ring torsional/out-of-plane deformation cyclic-ring torsional/out-of-plane deformation 51.41%; cyclic-ring torsional/out-of-plane deformation 30.25%; ring-site C-H out-of-plane bending 7.61%; cyclic-ring out-of-plane deformation 6.83%
   10      422.26          --                 --  mixed cyclic-ring torsional/out-of-plane deformation / cyclic-ring out-of-plane deformation / ring-site C-H out-of-plane bending cyclic-ring torsional/out-of-plane deformation 33.38%; cyclic-ring out-of-plane deformation 25.71%; ring-site C-H out-of-plane bending 23.34%; cyclic-ring torsional/out-of-plane deformation 5.92%
   11      485.95          --                 --  mixed cyclic-ring torsional/out-of-plane deformation / cyclic-ring torsional/out-of-plane deformation / ring-site C-H out-of-plane bending cyclic-ring torsional/out-of-plane deformation 38.10%; cyclic-ring torsional/out-of-plane deformation 35.71%; ring-site C-H out-of-plane bending 15.28%; cyclic C-C stretching 5.00%
   12      586.70          --                 --  mixed ring-site C-H out-of-plane bending / cyclic C-C stretching ring-site C-H out-of-plane bending 33.79%; cyclic C-C stretching 24.51%; cyclic C-O stretching 9.58%; cyclic-ring deformation (C-C-O bend) 8.56%
   13      623.26          --                 --  mixed cyclic-ring deformation (C-C-O bend) / ring-site C-H out-of-plane bending cyclic-ring deformation (C-C-O bend) 32.03%; ring-site C-H out-of-plane bending 18.93%; cyclic-ring torsional/out-of-plane deformation 11.50%; cyclic-ring deformation (C-C-C bend) 9.88%
   14      656.44          --                 --  mixed ring-site C-H out-of-plane bending / cyclic-ring out-of-plane deformation / mixed-phase cyclic C-C stretching ring-site C-H out-of-plane bending 31.20%; cyclic-ring out-of-plane deformation 20.39%; mixed-phase cyclic C-C stretching 19.59%; ring-site C-H in-plane bending 12.45%
   15      753.45          --                 --  mixed ring-site C-H out-of-plane bending / ring-site C-H in-plane bending / mixed-phase cyclic C-C stretching ring-site C-H out-of-plane bending 21.93%; ring-site C-H in-plane bending 19.83%; mixed-phase cyclic C-C stretching 19.52%; cyclic-ring out-of-plane deformation 15.74%
   16      788.05          --                 --  mixed ring-site C-H out-of-plane bending / mixed-phase cyclic C-C stretching ring-site C-H out-of-plane bending 35.60%; mixed-phase cyclic C-C stretching 33.55%; ring-site C-H in-plane bending 14.25%; cyclic-ring out-of-plane deformation 6.46%
   17      826.22          --                 --  mixed mixed-phase cyclic C-C stretching / mixed-phase cyclic C-O stretching / ring-site C-H out-of-plane bending mixed-phase cyclic C-C stretching 35.77%; mixed-phase cyclic C-O stretching 26.49%; ring-site C-H out-of-plane bending 18.71%; cyclic-ring out-of-plane deformation 7.31%
   18      836.59          --                 --  mixed mixed-phase cyclic C-C stretching / cyclic-ring deformation (C-C-O bend) / ring-site C-H out-of-plane bending mixed-phase cyclic C-C stretching 37.68%; cyclic-ring deformation (C-C-O bend) 19.84%; ring-site C-H out-of-plane bending 18.62%; ring-site C-H in-plane bending 8.58%
   19      855.98          --                 --  mixed ring-site C-H out-of-plane bending / mixed-phase cyclic C-C stretching ring-site C-H out-of-plane bending 41.48%; mixed-phase cyclic C-C stretching 30.70%; ring-site C-H in-plane bending 14.31%; mixed-phase cyclic C-O stretching 10.98%
   20      870.97          --                 --  mixed cyclic C-O stretching / cyclic C-C stretching            cyclic C-O stretching 55.11%; cyclic C-C stretching 21.92%; cyclic-ring deformation (C-C-O bend) 7.02%; cyclic-ring torsional/out-of-plane deformation 5.65%
   21      913.67          --                 --  mixed mixed-phase cyclic C-O stretching / mixed-phase cyclic C-C stretching mixed-phase cyclic C-O stretching 31.10%; mixed-phase cyclic C-C stretching 25.00%; ring-site C-H in-plane bending 13.55%; cyclic-ring torsional/out-of-plane deformation 9.23%
   22      919.38          --                 --  mixed cyclic C-O stretching / cyclic-ring deformation (C-C-O bend) / mixed-phase cyclic C-C stretching cyclic C-O stretching 25.65%; cyclic-ring deformation (C-C-O bend) 21.42%; mixed-phase cyclic C-C stretching 19.37%; cyclic-ring torsional/out-of-plane deformation 12.82%
   23      954.04          --                 --  mixed cyclic C-O stretching / ring-site C-H in-plane bending / cyclic C-C stretching cyclic C-O stretching 34.62%; ring-site C-H in-plane bending 26.66%; cyclic C-C stretching 16.24%; cyclic-ring torsional/out-of-plane deformation 9.36%
   24      986.39          --                 --  mixed mixed-phase cyclic C-O stretching / ring-site C-H out-of-plane bending / cyclic-ring out-of-plane deformation mixed-phase cyclic C-O stretching 30.53%; ring-site C-H out-of-plane bending 19.30%; cyclic-ring out-of-plane deformation 15.54%; cyclic-ring deformation (C-C-O bend) 11.29%
   25      998.47          --                 --  mixed mixed-phase cyclic C-O stretching / cyclic-ring deformation (C-C-O bend) / mixed-phase cyclic C-C stretching mixed-phase cyclic C-O stretching 25.98%; cyclic-ring deformation (C-C-O bend) 21.57%; mixed-phase cyclic C-C stretching 15.44%; ring-site C-H out-of-plane bending 12.39%
   26     1044.70          --                 --  mixed ring-site C-H out-of-plane bending / cyclic-ring out-of-plane deformation / ring-site C-H in-plane bending ring-site C-H out-of-plane bending 30.21%; cyclic-ring out-of-plane deformation 22.82%; ring-site C-H in-plane bending 18.02%; cyclic C-O stretching 10.70%
   27     1073.10          --                 --  mixed opposite-phase cyclic C-C stretching / ring-site C-H out-of-plane bending opposite-phase cyclic C-C stretching 41.71%; ring-site C-H out-of-plane bending 25.73%; cyclic-ring out-of-plane deformation 14.02%; ring-site C-H in-plane bending 7.77%
   28     1094.85          --                 --  mixed ring-site C-H out-of-plane bending / ring-site C-H in-plane bending ring-site C-H out-of-plane bending 65.79%; ring-site C-H in-plane bending 11.00%; cyclic-ring torsional/out-of-plane deformation 7.78%; cyclic C-C stretching 4.08%
   29     1112.99          --                 --  mixed ring-site C-H in-plane bending / cyclic-ring torsional/out-of-plane deformation ring-site C-H in-plane bending 29.95%; cyclic-ring torsional/out-of-plane deformation 14.93%; ring-site C-H out-of-plane bending 14.62%; cyclic-ring out-of-plane deformation 10.41%
   30     1142.79          --                 --  mixed ring-site C-H out-of-plane bending / mixed-phase cyclic C-C stretching ring-site C-H out-of-plane bending 33.48%; mixed-phase cyclic C-C stretching 20.97%; cyclic-ring torsional/out-of-plane deformation 12.26%; ring-site C-H in-plane bending 11.94%
   31     1171.92          --                 --  mixed ring-site C-H in-plane bending / ring-site C-H out-of-plane bending / cyclic-ring out-of-plane deformation ring-site C-H in-plane bending 27.19%; ring-site C-H out-of-plane bending 25.87%; cyclic-ring out-of-plane deformation 17.57%; mixed-phase cyclic C-C stretching 12.50%
   32     1185.69          --                 --  mixed ring-site C-H in-plane bending / ring-site C-H out-of-plane bending ring-site C-H in-plane bending 48.12%; ring-site C-H out-of-plane bending 25.49%; cyclic-ring out-of-plane deformation 13.01%; cyclic C-C stretching 6.70%
   33     1211.99          --                 --  mixed ring-site C-H out-of-plane bending / ring-site C-H in-plane bending ring-site C-H out-of-plane bending 53.18%; ring-site C-H in-plane bending 19.11%; cyclic-ring out-of-plane deformation 9.19%; opposite-phase cyclic C-C stretching 8.66%
   34     1218.68          --                 --  mixed ring-site C-H out-of-plane bending / ring-site C-H in-plane bending ring-site C-H out-of-plane bending 43.28%; ring-site C-H in-plane bending 33.65%; cyclic-ring out-of-plane deformation 6.13%; cyclic-ring torsional/out-of-plane deformation 6.01%
   35     1224.87          --                 --  mixed ring-site C-H in-plane bending / cyclic-ring out-of-plane deformation ring-site C-H in-plane bending 44.09%; cyclic-ring out-of-plane deformation 19.06%; mixed-phase cyclic C-C stretching 14.27%; ring-site C-H out-of-plane bending 8.16%
   36     1242.73          --                 --  mixed ring-site C-H out-of-plane bending / ring-site C-H in-plane bending / cyclic-ring out-of-plane deformation ring-site C-H out-of-plane bending 22.65%; ring-site C-H in-plane bending 22.61%; cyclic-ring out-of-plane deformation 20.81%; mixed-phase cyclic C-C stretching 19.66%
   37     1261.67          --                 --  mixed ring-site C-H out-of-plane bending / ring-site C-H in-plane bending ring-site C-H out-of-plane bending 62.89%; ring-site C-H in-plane bending 14.28%; cyclic C-C stretching 9.90%; cyclic-ring deformation (C-C-O bend) 5.68%
   38     1267.38          --                 --  mixed ring-site C-H out-of-plane bending / ring-site C-H in-plane bending / mixed-phase cyclic C-C stretching ring-site C-H out-of-plane bending 34.70%; ring-site C-H in-plane bending 27.14%; mixed-phase cyclic C-C stretching 17.96%; cyclic-ring out-of-plane deformation 14.80%
   39     1309.76          --                 --  mixed ring-site C-H in-plane bending / mixed-phase cyclic C-C stretching ring-site C-H in-plane bending 69.90%; mixed-phase cyclic C-C stretching 13.70%; ring-site C-H out-of-plane bending 3.16%; cyclic-ring out-of-plane deformation 3.14%
   40     1341.18          --                 --  mixed ring-site C-H out-of-plane bending / ring-site C-H in-plane bending ring-site C-H out-of-plane bending 58.85%; ring-site C-H in-plane bending 24.89%; cyclic C-O stretching 6.03%; cyclic C-C stretching 4.81%
   41     1377.28          --                 --  mixed ring-site C-H in-plane bending / ring-site C-H out-of-plane bending ring-site C-H in-plane bending 59.04%; ring-site C-H out-of-plane bending 13.79%; mixed-phase cyclic C-C stretching 13.65%; cyclic-ring torsional/out-of-plane deformation 3.57%
   42     1397.13          --                 --  ring-site C-H in-plane bending                                 ring-site C-H in-plane bending 73.43%; opposite-phase cyclic C-C stretching 11.12%; cyclic-ring out-of-plane deformation 6.79%; ring-site C-H out-of-plane bending 3.68%
   43     1490.36          --                 --  mixed ring-site C-H out-of-plane bending / ring-site C-H in-plane bending ring-site C-H out-of-plane bending 52.22%; ring-site C-H in-plane bending 31.56%; C-H bending 14.12%
   44     1500.15          --                 --  mixed ring-site C-H out-of-plane bending / ring-site C-H in-plane bending ring-site C-H out-of-plane bending 52.63%; ring-site C-H in-plane bending 25.34%; C-H bending 16.77%; cyclic C-C stretching 2.82%
   45     1505.48          --                 --  ring-site C-H out-of-plane bending                             ring-site C-H out-of-plane bending 77.72%; ring-site C-H in-plane bending 14.33%; cyclic-ring deformation (C-C-O bend) 2.63%; cyclic C-C stretching 2.60%
   46     1525.23          --                 --  C-H bending                                                    C-H bending 74.04%; ring-site C-H in-plane bending 19.21%; ring-site C-H out-of-plane bending 5.21%
   47     3045.32          --                 --  ring-site C-H stretching                                       ring-site C-H stretching 98.61%
   48     3049.91          --                 --  in-phase ring-site C-H stretching                              in-phase ring-site C-H stretching 99.48%
   49     3069.54          --                 --  in-phase ring-site C-H stretching                              in-phase ring-site C-H stretching 99.40%
   50     3080.23          --                 --  ring-site C-H stretching                                       ring-site C-H stretching 98.87%
   51     3089.20          --                 --  mixed-phase ring-site C-H stretching                           mixed-phase ring-site C-H stretching 99.04%
   52     3094.75          --                 --  mixed-phase ring-site C-H stretching                           mixed-phase ring-site C-H stretching 98.27%
   53     3104.90          --                 --  mixed-phase ring-site C-H stretching                           mixed-phase ring-site C-H stretching 99.11%
   54     3123.67          --                 --  mixed-phase ring-site C-H stretching                           mixed-phase ring-site C-H stretching 99.11%
   55     3133.88          --                 --  ring-site C-H stretching                                       ring-site C-H stretching 97.85%
   56     3147.65          --                 --  mixed-phase ring-site C-H stretching                           mixed-phase ring-site C-H stretching 99.48%

# Selected internal-coordinate set:
#   1  nu(C1-C2)
#   2  nu(C3-C4)
#   3  nu(O5-C6)
#   4  nu(C7-O8)
#   5  nu(C9-H19)
#   6  nu(C1-C9)
#   7  nu(C7-H17)
#   8  nu(C6-H16)
#   9  nu(C4-H15)
#  10  nu(C3-O8)
#  11  nu(C2-H13)
#  12  nu(C3-C9)
#  13  nu(C7-H18)
#  14  nu(C4-O5)
#  15  nu(C1-H11)
#  16  nu(C2-H12)
#  17  gamma(C9;C6,O5,H16)
#  18  nu(C4-H14)
#  19  nu(C1-H10)
#  20  gamma(H12;C2,C1,H13)
#  21  gamma(H18;C7,O8,H17)
#  22  tau(H11-C1-C9-H19)
#  23  delta(O8-C7-H17)
#  24  delta(H14-C4-H15)
#  25  delta(C1-C9-H19)
#  26  delta(O5-C6-H16)
#  27  delta(O5-C4-H15)
#  28  delta(C9-C1-H11)
#  29  tau(C9-C6-C7-H18)
#  30  delta(O5-C4-H14)
#  31  delta(C1-C2-H13)
#  32  gamma(O8;C3,C4,C9)
#  33  tau(H12-C2-C3-C9)
#  34  delta(C9-C1-H10)
#  35  tau(H10-C1-C9-C3)
#  36  tau(H17-C7-O8-C3)
#  37  gamma(O5;C6,C7,C9)
#  38  delta(C3-C4-H15)
#  39  nu(C6-C9)
#  40  tau(C2-C1-C9-H19)
#  41  delta(C3-C2-H12)
#  42  nu(C6-C7)
#  43  tau(C4-O5-C6-C7)
#  44  tau(C4-C3-O8-C7)
#  45  nu(C2-C3)
#  46  delta(C1-C9-C6)
#  47  delta(C2-C3-O8)
#  48  tau(C2-C3-O8-C7)
#  49  delta(C6-C7-O8)
#  50  tau(O5-C6-C9-H19)
#  51  tau(O8-C3-C4-O5)

Wrote: /local/scratch/mv487/qm9s/experiment_1_phase2/ped/37912/37912_summary.csv
Wrote: /local/scratch/mv487/qm9s/experiment_1_phase2/ped/37912/37912_families.csv
Wrote: /local/scratch/mv487/qm9s/experiment_1_phase2/ped/37912/37912_ped.csv
Wrote: /local/scratch/mv487/qm9s/experiment_1_phase2/ped/37912/37912_ir_transitions.csv

# All generated files are in: /local/scratch/mv487/qm9s/experiment_1_phase2/ped/37912
# Manifest: /local/scratch/mv487/qm9s/experiment_1_phase2/ped/37912/37912_manifest.txt

--- stderr ---
Normal modes/frequencies absent or incomplete: diagonalizing Hessian.
