# Contact: romi@lens.unifi.it
# Manual: https://github.com/SebRoLENS/orca-ped-analyzer/blob/main/docs/ORCA_PED_Analyzer_Manual.md
# Check GitHub for updates and new releases: https://github.com/SebRoLENS/orca-ped-analyzer
#
# Molecule: 19 atoms | non-linear
# Bonds inferred: 18 | candidate ICs: 137 | selected ICs: 51
# Cartesian-Hessian reconstruction relative error: 2.411e-05
# Energy distribution: PED (PED is the backward-compatible default; TED includes kinetic-energy terms)
# Ring/cycle bonds detected: 0 | ring atoms: 0 | ring systems: 0
# VPT2: no matching .out file supplied/found -> harmonic/PED analysis only
#
 Mode   Harm/cm-1   VPT2/cm-1  Harm.Int/km mol-1  Assignment                                                     Grouped PED
------------------------------------------------------------------------------------------------------------------------------------------------------------------------------------------------
    6       53.83          --                 --  C-C torsion                                                    C-C torsion 97.14%
    7       63.83          --                 --  C-C torsion                                                    C-C torsion 98.98%
    8      105.71          --                 --  mixed C-C-C bending / C-C torsion                              C-C-C bending 54.92%; C-C torsion 13.67%; C-C-C linear bending 12.38%; C-C out-of-plane bending 6.18%
    9      112.14          --                 --  C-C torsion                                                    C-C torsion 99.16%
   10      212.71          --                 --  mixed C-C-C bending / C-C-C linear bending                     C-C-C bending 39.50%; C-C-C linear bending 20.83%; C-C torsion 11.11%; C-C out-of-plane bending 7.80%
   11      242.81          --                 --  C-C torsion                                                    C-C torsion 78.72%; C-C-C linear bending 4.87%; C-C-C bending 4.73%; C-H bending 2.94%
   12      260.90          --                 --  mixed C-C out-of-plane bending / C-C-C bending                 C-C out-of-plane bending 35.85%; C-C-C bending 30.29%; C-C-O bending 11.85%; C-C torsion 10.99%
   13      323.19          --                 --  mixed C-C-C bending / C-C torsion                              C-C-C bending 36.31%; C-C torsion 29.18%; O-C-C bending 14.41%; C-C out-of-plane bending 9.26%
   14      344.29          --                 --  mixed C-C torsion / C-C-C linear bending                       C-C torsion 57.68%; C-C-C linear bending 24.13%; C-C-C bending 4.71%; C-C-O bending 4.43%
   15      369.86          --                 --  mixed C-C torsion / C-C-O bending                              C-C torsion 32.65%; C-C-O bending 30.75%; C-C-C bending 12.61%; C-O torsion 11.36%
   16      372.80          --                 --  mixed C-C torsion / C-O torsion                                C-C torsion 62.59%; C-O torsion 19.86%; C-C-C linear bending 5.30%; C-C-C bending 4.47%
   17      425.89          --                 --  mixed C-C torsion / O-C-C bending                              C-C torsion 64.13%; O-C-C bending 11.52%; C-C-C bending 10.67%; C-C-O bending 6.73%
   18      465.51          --                 --  mixed C-C-C bending / C-C-C linear bending                     C-C-C bending 29.13%; C-C-C linear bending 14.41%; C-C out-of-plane bending 14.33%; O-C-C bending 12.46%
   19      518.07          --                 --  mixed C-C-C bending / C-C out-of-plane bending                 C-C-C bending 23.30%; C-C out-of-plane bending 20.34%; C-C stretching 14.77%; O-C-C bending 11.71%
   20      626.61          --                 --  mixed C-C-O bending / mixed-phase C-C stretching               C-C-O bending 37.03%; mixed-phase C-C stretching 13.64%; C-C torsion 12.76%; C-C-C bending 12.36%
   21      667.22          --                 --  C-C-H linear bending                                           C-C-H linear bending 96.10%; C-C-C linear bending 3.32%
   22      676.96          --                 --  C-C-H linear bending                                           C-C-H linear bending 95.41%; C-C-C linear bending 3.52%
   23      771.47          --                 --  mixed C-C torsion / C-H bending                                C-C torsion 65.49%; C-H bending 30.77%
   24      783.12          --                 --  mixed C-C stretching / C-C-C bending                           C-C stretching 40.36%; C-C-C bending 16.90%; C-C torsion 10.15%; C-C out-of-plane bending 8.36%
   25      902.49          --                 --  mixed mixed-phase C-C stretching / C-H bending                 mixed-phase C-C stretching 38.64%; C-H bending 23.22%; C-H out-of-plane bending 11.68%; C-O stretching 11.14%
   26      950.94          --                 --  mixed C-O stretching / mixed-phase C-C stretching / C-H out-of-plane bending C-O stretching 33.80%; mixed-phase C-C stretching 23.48%; C-H out-of-plane bending 15.96%; C-H bending 8.18%
   27      957.47          --                 --  mixed mixed-phase C-C stretching / C-H bending                 mixed-phase C-C stretching 47.62%; C-H bending 27.94%; C-C torsion 9.52%; C-C-C bending 9.00%
   28      982.28          --                 --  mixed C-H bending / mixed-phase C-C stretching                 C-H bending 48.69%; mixed-phase C-C stretching 17.03%; C-C-C bending 10.29%; C-O stretching 5.93%
   29     1017.45          --                 --  mixed C-C torsion / mixed-phase C-C stretching / C-H out-of-plane bending C-C torsion 36.41%; mixed-phase C-C stretching 28.51%; C-H out-of-plane bending 22.67%; C-H bending 6.66%
   30     1045.98          --                 --  mixed mixed-phase C-C stretching / C-C torsion                 mixed-phase C-C stretching 52.99%; C-C torsion 16.23%; C-H out-of-plane bending 10.44%; C-H bending 9.53%
   31     1105.86          --                 --  mixed C-C torsion / C-H bending / mixed-phase C-C stretching   C-C torsion 24.22%; C-H bending 21.06%; mixed-phase C-C stretching 19.44%; O-H bending 13.95%
   32     1153.58          --                 --  mixed C-C torsion / C-H bending                                C-C torsion 36.26%; C-H bending 30.50%; C-O stretching 8.66%; C-H out-of-plane bending 7.29%
   33     1212.79          --                 --  mixed C-H bending / C-C out-of-plane bending / mixed-phase C-C stretching C-H bending 39.52%; C-C out-of-plane bending 24.08%; mixed-phase C-C stretching 16.20%; C-C-C bending 6.33%
   34     1233.87          --                 --  mixed C-H bending / C-C torsion                                C-H bending 38.12%; C-C torsion 23.58%; C-C out-of-plane bending 8.42%; C-O stretching 7.48%
   35     1308.16          --                 --  mixed C-H bending / C-H out-of-plane bending                   C-H bending 57.24%; C-H out-of-plane bending 15.51%; O-H bending 9.46%; C-C torsion 6.82%
   36     1313.99          --                 --  mixed C-C out-of-plane bending / C-H bending / C-H out-of-plane bending C-C out-of-plane bending 35.02%; C-H bending 23.97%; C-H out-of-plane bending 23.63%; C-C torsion 9.36%
   37     1361.18          --                 --  mixed C-H bending / O-H bending                                C-H bending 36.45%; O-H bending 26.29%; C-C torsion 12.85%; opposite-phase C-C stretching 9.86%
   38     1395.01          --                 --  mixed C-C out-of-plane bending / C-H bending                   C-C out-of-plane bending 43.51%; C-H bending 37.84%; C-H out-of-plane bending 9.41%; mixed-phase C-C stretching 5.60%
   39     1400.56          --                 --  C-H bending                                                    C-H bending 74.84%; opposite-phase C-C stretching 7.88%; C-C out-of-plane bending 5.98%; C-H out-of-plane bending 3.34%
   40     1415.78          --                 --  C-H bending                                                    C-H bending 89.15%; C-C out-of-plane bending 4.67%; C-C stretching 3.96%
   41     1480.03          --                 --  mixed C-H bending / C-C torsion                                C-H bending 69.10%; C-C torsion 19.62%; C-H out-of-plane bending 9.46%
   42     1489.89          --                 --  mixed C-H bending / C-C torsion                                C-H bending 69.63%; C-C torsion 18.25%; C-H out-of-plane bending 9.62%
   43     1500.10          --                 --  mixed C-H bending / C-C torsion                                C-H bending 51.51%; C-C torsion 40.88%; C-H out-of-plane bending 6.34%
   44     1509.99          --                 --  C-H bending                                                    C-H bending 94.32%; C-C torsion 4.83%
   45     1807.36          --                 --  C-O stretching                                                 C-O stretching 89.69%; C-H bending 4.36%; C-C stretching 3.60%
   46     2226.25          --                 --  mixed-phase C-C stretching                                     mixed-phase C-C stretching 95.41%; C-H stretching 4.47%
   47     2889.79          --                 --  C-H stretching                                                 C-H stretching 98.95%
   48     3031.83          --                 --  in-phase C-H stretching                                        in-phase C-H stretching 98.87%
   49     3040.62          --                 --  mixed-phase C-H stretching                                     mixed-phase C-H stretching 99.52%
   50     3045.98          --                 --  in-phase C-H stretching                                        in-phase C-H stretching 99.69%
   51     3064.76          --                 --  mixed-phase C-H stretching                                     mixed-phase C-H stretching 99.03%
   52     3101.02          --                 --  mixed-phase C-H stretching                                     mixed-phase C-H stretching 99.30%
   53     3112.58          --                 --  mixed-phase C-H stretching                                     mixed-phase C-H stretching 99.35%
   54     3126.41          --                 --  opposite-phase C-H stretching                                  opposite-phase C-H stretching 99.55%
   55     3477.59          --                 --  C-H stretching                                                 C-H stretching 95.53%; C-C stretching 4.47%
   56     3785.44          --                 --  O-H stretching                                                 O-H stretching 99.90%

# Selected internal-coordinate set:
#   1  nu(C1-C2)
#   2  nu(C4-H15)
#   3  nu(C5-C6)
#   4  nu(C7-H18)
#   5  nu(C8-O9)
#   6  nu(O3-H13)
#   7  nu(C4-H14)
#   8  nu(C5-H17)
#   9  nu(C1-H12)
#  10  delta_lin1(C6-C7-H18)
#  11  delta_lin2(C6-C7-H18)
#  12  nu(C2-O3)
#  13  nu(C5-H16)
#  14  nu(C1-H10)
#  15  nu(C8-H19)
#  16  gamma(H19;C8,C2,O9)
#  17  gamma(C2;C4,H14,H15)
#  18  nu(C1-H11)
#  19  tau(C1-C2-O3-H13)
#  20  delta(O9-C8-H19)
#  21  gamma(C8;C2,C1,O3)
#  22  gamma(H16;C5,C6,H17)
#  23  delta(H14-C4-H15)
#  24  delta(H10-C1-H12)
#  25  delta(C6-C5-H17)
#  26  delta(H10-C1-H11)
#  27  delta(C2-O3-H13)
#  28  delta(H11-C1-H12)
#  29  tau(C2-C4-C5-H16)
#  30  nu(C6-C7)
#  31  delta(C2-C1-H11)
#  32  delta_lin2(C5-C6-C7)
#  33  tau(H14-C4-C5-H16)
#  34  nu(C2-C8)
#  35  delta_lin1(C5-C6-C7)
#  36  delta(C4-C5-H16)
#  37  delta(C2-C8-O9)
#  38  nu(C2-C4)
#  39  nu(C4-C5)
#  40  tau(C4-C2-C8-H19)
#  41  tau(O3-C2-C4-H14)
#  42  delta(C2-C1-H10)
#  43  tau(H10-C1-C2-C4)
#  44  delta(C5-C4-H15)
#  45  tau(C8-C2-C4-C5)
#  46  delta(C1-C2-O3)
#  47  delta(O3-C2-C4)
#  48  delta(C4-C5-C6)
#  49  tau(C2-C4-C5-C6)
#  50  delta(C2-C4-C5)
#  51  delta(C1-C2-C4)

Wrote: /local/scratch/mv487/qm9s/experiment_1_phase2/ped/52814/52814_summary.csv
Wrote: /local/scratch/mv487/qm9s/experiment_1_phase2/ped/52814/52814_families.csv
Wrote: /local/scratch/mv487/qm9s/experiment_1_phase2/ped/52814/52814_ped.csv
Wrote: /local/scratch/mv487/qm9s/experiment_1_phase2/ped/52814/52814_ir_transitions.csv

# All generated files are in: /local/scratch/mv487/qm9s/experiment_1_phase2/ped/52814
# Manifest: /local/scratch/mv487/qm9s/experiment_1_phase2/ped/52814/52814_manifest.txt

--- stderr ---
Normal modes/frequencies absent or incomplete: diagonalizing Hessian.
