# Contact: romi@lens.unifi.it
# Manual: https://github.com/SebRoLENS/orca-ped-analyzer/blob/main/docs/ORCA_PED_Analyzer_Manual.md
# Check GitHub for updates and new releases: https://github.com/SebRoLENS/orca-ped-analyzer
#
# Molecule: 20 atoms | non-linear
# Bonds inferred: 23 | candidate ICs: 269 | selected ICs: 54
# Cartesian-Hessian reconstruction relative error: 5.794e-05
# Energy distribution: PED (PED is the backward-compatible default; TED includes kinetic-energy terms)
# Ring/cycle bonds detected: 11 | ring atoms: 8 | ring systems: 1
# VPT2: no matching .out file supplied/found -> harmonic/PED analysis only
#
 Mode   Harm/cm-1   VPT2/cm-1  Harm.Int/km mol-1  Assignment                                                     Grouped PED
------------------------------------------------------------------------------------------------------------------------------------------------------------------------------------------------
    6      167.30          --                 --  cyclic-ring torsional/out-of-plane deformation                 cyclic-ring torsional/out-of-plane deformation 70.81%; cyclic-ring torsional/out-of-plane deformation 11.41%; cyclic-ring deformation (C-C-N bend) 4.25%; C-C-C bending 3.48%
    7      227.29          --                 --  C-C torsion                                                    C-C torsion 73.92%; cyclic-ring torsional/out-of-plane deformation 7.10%; cyclic-ring torsional/out-of-plane deformation 5.54%; ring-site C-H out-of-plane bending 5.18%
    8      284.38          --                 --  mixed C-C-C bending / C-C out-of-plane bending                 C-C-C bending 36.96%; C-C out-of-plane bending 20.45%; cyclic-ring torsional/out-of-plane deformation 13.04%; cyclic-ring out-of-plane deformation 9.05%
    9      338.45          --                 --  mixed ring-site C-H out-of-plane bending / ring-site C-H in-plane bending ring-site C-H out-of-plane bending 68.44%; ring-site C-H in-plane bending 9.60%; cyclic-ring torsional/out-of-plane deformation 7.20%; cyclic-ring out-of-plane deformation 4.79%
   10      414.22          --                 --  mixed cyclic-ring torsional/out-of-plane deformation / cyclic-ring out-of-plane deformation cyclic-ring torsional/out-of-plane deformation 35.88%; cyclic-ring out-of-plane deformation 27.12%; ring-site C-H out-of-plane bending 11.26%; C-C-C bending 6.00%
   11      522.86          --                 --  mixed cyclic-ring torsional/out-of-plane deformation / cyclic-ring torsional/out-of-plane deformation / ring-site C-H out-of-plane bending cyclic-ring torsional/out-of-plane deformation 24.46%; cyclic-ring torsional/out-of-plane deformation 17.61%; ring-site C-H out-of-plane bending 17.47%; cyclic-ring deformation (C-C-N bend) 16.03%
   12      632.38          --                 --  mixed cyclic-ring torsional/out-of-plane deformation / ring-site C-H out-of-plane bending cyclic-ring torsional/out-of-plane deformation 43.63%; ring-site C-H out-of-plane bending 31.74%; cyclic-ring deformation (C-N-C bend) 10.17%; cyclic C-C stretching 5.28%
   13      676.21          --                 --  mixed cyclic-ring torsional/out-of-plane deformation / cyclic-ring deformation (C-N-C bend) cyclic-ring torsional/out-of-plane deformation 23.41%; cyclic-ring deformation (C-N-C bend) 20.35%; mixed-phase cyclic C-C stretching 12.74%; cyclic-ring deformation (C-C-N bend) 8.05%
   14      698.58          --                 --  mixed cyclic-ring torsional/out-of-plane deformation / mixed-phase cyclic C-N stretching cyclic-ring torsional/out-of-plane deformation 28.97%; mixed-phase cyclic C-N stretching 27.66%; ring-site C-H out-of-plane bending 11.04%; C-H bending 10.76%
   15      732.47          --                 --  mixed cyclic-ring deformation (C-N-C bend) / cyclic C-N stretching / ring-site C-H out-of-plane bending cyclic-ring deformation (C-N-C bend) 32.12%; cyclic C-N stretching 21.20%; ring-site C-H out-of-plane bending 20.15%; cyclic C-C stretching 13.62%
   16      762.04          --                 --  mixed cyclic-ring torsional/out-of-plane deformation / mixed-phase cyclic C-C stretching / mixed-phase cyclic C-N stretching cyclic-ring torsional/out-of-plane deformation 30.20%; mixed-phase cyclic C-C stretching 28.68%; mixed-phase cyclic C-N stretching 19.47%; ring-site C-H out-of-plane bending 6.54%
   17      799.99          --                 --  mixed cyclic C-C stretching / ring-site C-H out-of-plane bending cyclic C-C stretching 32.68%; ring-site C-H out-of-plane bending 19.79%; ring-site C-H in-plane bending 12.12%; C-H bending 7.95%
   18      827.54          --                 --  mixed mixed-phase cyclic C-C stretching / cyclic-ring torsional/out-of-plane deformation mixed-phase cyclic C-C stretching 51.14%; cyclic-ring torsional/out-of-plane deformation 16.18%; ring-site C-H out-of-plane bending 11.57%; mixed-phase cyclic C-N stretching 9.25%
   19      870.19          --                 --  mixed mixed-phase cyclic C-C stretching / cyclic-ring torsional/out-of-plane deformation mixed-phase cyclic C-C stretching 35.70%; cyclic-ring torsional/out-of-plane deformation 12.53%; ring-site C-H out-of-plane bending 12.40%; mixed-phase cyclic C-N stretching 11.47%
   20      891.80          --                 --  mixed opposite-phase cyclic C-N stretching / mixed-phase cyclic C-C stretching / ring-site C-H out-of-plane bending opposite-phase cyclic C-N stretching 26.54%; mixed-phase cyclic C-C stretching 23.91%; ring-site C-H out-of-plane bending 16.65%; cyclic-ring deformation (C-N-C bend) 10.02%
   21      919.13          --                 --  mixed ring-site C-H out-of-plane bending / ring-site C-H in-plane bending / cyclic-ring torsional/out-of-plane deformation ring-site C-H out-of-plane bending 31.13%; ring-site C-H in-plane bending 22.18%; cyclic-ring torsional/out-of-plane deformation 15.09%; mixed-phase cyclic C-C stretching 15.00%
   22      923.32          --                 --  mixed mixed-phase cyclic C-C stretching / C-H bending          mixed-phase cyclic C-C stretching 24.95%; C-H bending 15.49%; ring-site C-H in-plane bending 14.05%; cyclic-ring deformation (C-C-N bend) 11.98%
   23      942.98          --                 --  mixed mixed-phase cyclic C-C stretching / ring-site C-H in-plane bending mixed-phase cyclic C-C stretching 54.04%; ring-site C-H in-plane bending 14.32%; cyclic-ring torsional/out-of-plane deformation 11.10%; cyclic-ring torsional/out-of-plane deformation 4.60%
   24      967.66          --                 --  mixed mixed-phase cyclic C-C stretching / ring-site C-H in-plane bending mixed-phase cyclic C-C stretching 45.52%; ring-site C-H in-plane bending 20.96%; cyclic C-N stretching 12.42%; ring-site C-H out-of-plane bending 9.10%
   25     1002.02          --                 --  mixed ring-site C-H in-plane bending / ring-site C-H out-of-plane bending / C-H bending ring-site C-H in-plane bending 40.45%; ring-site C-H out-of-plane bending 20.48%; C-H bending 15.96%; cyclic C-N stretching 10.44%
   26     1021.97          --                 --  mixed cyclic C-C stretching / cyclic-ring torsional/out-of-plane deformation cyclic C-C stretching 56.90%; cyclic-ring torsional/out-of-plane deformation 9.77%; mixed-phase cyclic C-N stretching 8.03%; exocyclic C-C stretching 7.34%
   27     1033.57          --                 --  mixed C-H bending / ring-site C-H in-plane bending / mixed-phase cyclic C-C stretching C-H bending 31.90%; ring-site C-H in-plane bending 21.90%; mixed-phase cyclic C-C stretching 17.86%; exocyclic C-C stretching 14.85%
   28     1046.97          --                 --  mixed ring-site C-H in-plane bending / ring-site C-H out-of-plane bending ring-site C-H in-plane bending 36.71%; ring-site C-H out-of-plane bending 19.35%; cyclic C-C stretching 9.89%; C-H bending 9.07%
   29     1063.98          --                 --  mixed ring-site C-H in-plane bending / ring-site C-H out-of-plane bending ring-site C-H in-plane bending 35.90%; ring-site C-H out-of-plane bending 23.00%; mixed-phase cyclic C-C stretching 9.22%; cyclic-ring deformation (C-N-C bend) 7.97%
   30     1105.11          --                 --  mixed ring-site C-H out-of-plane bending / ring-site C-H in-plane bending ring-site C-H out-of-plane bending 33.39%; ring-site C-H in-plane bending 27.18%; mixed-phase cyclic C-C stretching 10.20%; C-H bending 8.04%
   31     1120.16          --                 --  mixed ring-site C-H in-plane bending / ring-site C-H out-of-plane bending / C-H bending ring-site C-H in-plane bending 25.26%; ring-site C-H out-of-plane bending 22.39%; C-H bending 15.40%; cyclic-ring torsional/out-of-plane deformation 8.61%
   32     1129.65          --                 --  mixed mixed-phase cyclic C-C stretching / ring-site C-H in-plane bending / ring-site C-H out-of-plane bending mixed-phase cyclic C-C stretching 25.94%; ring-site C-H in-plane bending 23.63%; ring-site C-H out-of-plane bending 19.03%; cyclic-ring deformation (C-C-N bend) 9.59%
   33     1150.96          --                 --  mixed ring-site C-H out-of-plane bending / ring-site C-H in-plane bending ring-site C-H out-of-plane bending 26.90%; ring-site C-H in-plane bending 20.31%; C-H bending 14.44%; cyclic-ring torsional/out-of-plane deformation 9.29%
   34     1198.32          --                 --  mixed ring-site C-H out-of-plane bending / ring-site C-H in-plane bending ring-site C-H out-of-plane bending 41.24%; ring-site C-H in-plane bending 28.42%; cyclic-ring out-of-plane deformation 9.71%; cyclic C-C stretching 9.44%
   35     1216.91          --                 --  mixed ring-site C-H in-plane bending / mixed-phase cyclic C-C stretching / ring-site C-H out-of-plane bending ring-site C-H in-plane bending 31.44%; mixed-phase cyclic C-C stretching 27.55%; ring-site C-H out-of-plane bending 26.09%; cyclic-ring torsional/out-of-plane deformation 2.83%
   36     1217.27          --                 --  mixed ring-site C-H in-plane bending / cyclic-ring out-of-plane deformation / mixed-phase cyclic C-C stretching ring-site C-H in-plane bending 25.83%; cyclic-ring out-of-plane deformation 25.60%; mixed-phase cyclic C-C stretching 24.78%; ring-site C-H out-of-plane bending 10.99%
   37     1252.63          --                 --  mixed ring-site C-H in-plane bending / ring-site C-H out-of-plane bending / mixed-phase cyclic C-C stretching ring-site C-H in-plane bending 40.82%; ring-site C-H out-of-plane bending 23.92%; mixed-phase cyclic C-C stretching 15.25%; cyclic-ring out-of-plane deformation 7.73%
   38     1259.99          --                 --  ring-site C-H in-plane bending                                 ring-site C-H in-plane bending 70.77%; mixed-phase cyclic C-C stretching 15.46%; ring-site C-H out-of-plane bending 7.32%; cyclic-ring out-of-plane deformation 2.19%
   39     1289.78          --                 --  mixed ring-site C-H in-plane bending / ring-site C-H out-of-plane bending ring-site C-H in-plane bending 41.63%; ring-site C-H out-of-plane bending 40.13%; opposite-phase cyclic C-C stretching 6.51%; cyclic-ring torsional/out-of-plane deformation 5.17%
   40     1301.89          --                 --  mixed mixed-phase cyclic C-C stretching / C-C out-of-plane bending mixed-phase cyclic C-C stretching 30.33%; C-C out-of-plane bending 25.87%; ring-site C-H in-plane bending 9.63%; ring-site C-H out-of-plane bending 7.71%
   41     1316.21          --                 --  mixed ring-site C-H in-plane bending / C-H bending             ring-site C-H in-plane bending 45.11%; C-H bending 13.69%; cyclic C-C stretching 12.52%; ring-site C-H out-of-plane bending 10.50%
   42     1330.42          --                 --  mixed C-C out-of-plane bending / mixed-phase cyclic C-C stretching C-C out-of-plane bending 24.73%; mixed-phase cyclic C-C stretching 21.41%; ring-site C-H in-plane bending 14.60%; ring-site C-H out-of-plane bending 13.32%
   43     1365.25          --                 --  mixed C-H bending / cyclic C-C stretching                      C-H bending 47.45%; cyclic C-C stretching 16.47%; ring-site C-H in-plane bending 10.14%; C-C out-of-plane bending 6.39%
   44     1395.72          --                 --  mixed C-H bending / mixed-phase cyclic C-C stretching / ring-site C-H in-plane bending C-H bending 36.09%; mixed-phase cyclic C-C stretching 25.47%; ring-site C-H in-plane bending 15.95%; cyclic C-N stretching 6.59%
   45     1416.17          --                 --  C-H bending                                                    C-H bending 88.36%; opposite-phase cyclic C-C stretching 3.99%; ring-site C-H in-plane bending 2.92%
   46     1486.13          --                 --  C-H bending                                                    C-H bending 74.01%; ring-site C-H out-of-plane bending 14.76%; ring-site C-H in-plane bending 10.29%
   47     1499.67          --                 --  C-H bending                                                    C-H bending 98.27%
   48     1501.98          --                 --  C-H bending                                                    C-H bending 97.15%
   49     3024.36          --                 --  in-phase C-H stretching                                        in-phase C-H stretching 99.17%
   50     3028.17          --                 --  ring-site C-H stretching                                       ring-site C-H stretching 95.50%; in-phase C-H stretching 3.24%
   51     3038.02          --                 --  in-phase ring-site C-H stretching                              in-phase ring-site C-H stretching 98.90%
   52     3084.18          --                 --  mixed-phase ring-site C-H stretching                           mixed-phase ring-site C-H stretching 94.35%; mixed-phase C-H stretching 4.34%
   53     3087.36          --                 --  mixed-phase C-H stretching                                     mixed-phase C-H stretching 81.47%; mixed-phase ring-site C-H stretching 18.11%
   54     3089.76          --                 --  opposite-phase C-H stretching                                  opposite-phase C-H stretching 82.90%; mixed-phase ring-site C-H stretching 16.51%
   55     3091.62          --                 --  mixed mixed-phase ring-site C-H stretching / opposite-phase C-H stretching mixed-phase ring-site C-H stretching 71.45%; opposite-phase C-H stretching 27.72%
   56     3099.79          --                 --  ring-site C-H stretching                                       ring-site C-H stretching 99.19%
   57     3139.61          --                 --  ring-site C-H stretching                                       ring-site C-H stretching 99.25%
   58     3154.54          --                 --  mixed-phase ring-site C-H stretching                           mixed-phase ring-site C-H stretching 98.62%
   59     3171.53          --                 --  ring-site C-H stretching                                       ring-site C-H stretching 98.77%

# Selected internal-coordinate set:
#   1  nu(C1-C2)
#   2  nu(C3-C4)
#   3  nu(C6-C7)
#   4  nu(C8-N9)
#   5  nu(C5-H16)
#   6  nu(C8-H20)
#   7  nu(C2-H13)
#   8  nu(C1-H12)
#   9  nu(C7-H18)
#  10  nu(C6-H17)
#  11  nu(C4-N9)
#  12  nu(C3-H14)
#  13  nu(C1-H10)
#  14  tau(H17-C6-C7-H18)
#  15  nu(C4-C5)
#  16  tau(H14-C3-C4-C5)
#  17  nu(C1-H11)
#  18  gamma(C5;C8,N9,H20)
#  19  tau(N9-C4-C5-H16)
#  20  gamma(C6;C2,C1,H13)
#  21  nu(C7-H19)
#  22  nu(C4-H15)
#  23  delta(C7-C6-H17)
#  24  delta(N9-C8-H20)
#  25  delta(C4-C3-H14)
#  26  delta(H10-C1-H12)
#  27  delta(N9-C4-H15)
#  28  delta(H11-C1-H12)
#  29  delta(H10-C1-H11)
#  30  delta(C4-C5-H16)
#  31  delta(H18-C7-H19)
#  32  delta(C1-C2-H13)
#  33  tau(H15-C4-N9-C8)
#  34  delta(C8-C7-H19)
#  35  nu(C3-N9)
#  36  nu(C5-C6)
#  37  nu(C5-C8)
#  38  delta(C2-C1-H10)
#  39  nu(C2-C6)
#  40  delta(C6-C7-H19)
#  41  delta(C2-C3-N9)
#  42  nu(C7-C8)
#  43  tau(C2-C3-N9-C4)
#  44  delta(C4-N9-C8)
#  45  delta(C2-C1-H12)
#  46  tau(C2-C6-C7-H18)
#  47  tau(C6-C5-C8-N9)
#  48  gamma(C7;C6,C2,C5)
#  49  tau(H11-C1-C2-C6)
#  50  tau(H18-C7-C8-N9)
#  51  nu(C2-C3)
#  52  delta(C1-C2-C6)
#  53  tau(C1-C2-C6-C7)
#  54  tau(C3-C2-C6-C7)

Wrote: /local/scratch/mv487/qm9s/experiment_1_phase2/ped/72695/72695_summary.csv
Wrote: /local/scratch/mv487/qm9s/experiment_1_phase2/ped/72695/72695_families.csv
Wrote: /local/scratch/mv487/qm9s/experiment_1_phase2/ped/72695/72695_ped.csv
Wrote: /local/scratch/mv487/qm9s/experiment_1_phase2/ped/72695/72695_ir_transitions.csv

# All generated files are in: /local/scratch/mv487/qm9s/experiment_1_phase2/ped/72695
# Manifest: /local/scratch/mv487/qm9s/experiment_1_phase2/ped/72695/72695_manifest.txt

--- stderr ---
Normal modes/frequencies absent or incomplete: diagonalizing Hessian.
