# Contact: romi@lens.unifi.it
# Manual: https://github.com/SebRoLENS/orca-ped-analyzer/blob/main/docs/ORCA_PED_Analyzer_Manual.md
# Check GitHub for updates and new releases: https://github.com/SebRoLENS/orca-ped-analyzer
#
# Molecule: 15 atoms | non-linear
# Bonds inferred: 17 | candidate ICs: 146 | selected ICs: 39
# Cartesian-Hessian reconstruction relative error: 6.244e-05
# Energy distribution: PED (PED is the backward-compatible default; TED includes kinetic-energy terms)
# Ring/cycle bonds detected: 11 | ring atoms: 9 | ring systems: 1
# VPT2: no matching .out file supplied/found -> harmonic/PED analysis only
#
 Mode   Harm/cm-1   VPT2/cm-1  Harm.Int/km mol-1  Assignment                                                     Grouped PED
------------------------------------------------------------------------------------------------------------------------------------------------------------------------------------------------
    6      151.13          --                 --  mixed cyclic-ring torsional/out-of-plane deformation / ring-site C-H out-of-plane bending cyclic-ring torsional/out-of-plane deformation 46.81%; ring-site C-H out-of-plane bending 43.98%; cyclic-ring out-of-plane deformation 2.25%
    7      269.86          --                 --  mixed ring-site C-H out-of-plane bending / cyclic-ring torsional/out-of-plane deformation / cyclic-ring torsional/out-of-plane deformation ring-site C-H out-of-plane bending 41.86%; cyclic-ring torsional/out-of-plane deformation 23.66%; cyclic-ring torsional/out-of-plane deformation 22.30%; cyclic-ring deformation (C-N-C bend) 6.44%
    8      331.10          --                 --  mixed cyclic-ring deformation (C-N-C bend) / cyclic-ring torsional/out-of-plane deformation / ring-site C-H out-of-plane bending cyclic-ring deformation (C-N-C bend) 26.64%; cyclic-ring torsional/out-of-plane deformation 23.41%; ring-site C-H out-of-plane bending 18.03%; cyclic-ring out-of-plane deformation 9.26%
    9      376.28          --                 --  mixed cyclic-ring out-of-plane deformation / ring-site C-H out-of-plane bending / ring-site C-H in-plane bending cyclic-ring out-of-plane deformation 30.99%; ring-site C-H out-of-plane bending 25.21%; ring-site C-H in-plane bending 16.74%; cyclic-ring torsional/out-of-plane deformation 13.27%
   10      500.82          --                 --  mixed cyclic-ring torsional/out-of-plane deformation / ring-site C-H out-of-plane bending / mixed-phase cyclic C-N stretching cyclic-ring torsional/out-of-plane deformation 35.62%; ring-site C-H out-of-plane bending 29.93%; mixed-phase cyclic C-N stretching 19.77%; cyclic-ring deformation (C-N-C bend) 4.22%
   11      620.30          --                 --  mixed ring-site C-H out-of-plane bending / cyclic-ring torsional/out-of-plane deformation ring-site C-H out-of-plane bending 32.81%; cyclic-ring torsional/out-of-plane deformation 29.90%; cyclic C-N stretching 11.09%; cyclic C-C stretching 6.61%
   12      683.23          --                 --  mixed ring-site C-H out-of-plane bending / cyclic-ring torsional/out-of-plane deformation ring-site C-H out-of-plane bending 25.65%; cyclic-ring torsional/out-of-plane deformation 21.01%; cyclic-ring deformation (C-O-C bend) 13.79%; ring-site C-H in-plane bending 13.53%
   13      711.15          --                 --  mixed ring-site C-H out-of-plane bending / ring-site C-H in-plane bending ring-site C-H out-of-plane bending 29.27%; ring-site C-H in-plane bending 19.16%; cyclic-ring deformation (C-N-C bend) 10.87%; mixed-phase cyclic C-C stretching 8.29%
   14      727.77          --                 --  mixed ring-site C-H out-of-plane bending / cyclic-ring deformation (C-N-C bend) / ring-site C-H in-plane bending ring-site C-H out-of-plane bending 32.45%; cyclic-ring deformation (C-N-C bend) 18.84%; ring-site C-H in-plane bending 18.41%; in-phase cyclic C-N stretching 8.68%
   15      752.21          --                 --  mixed cyclic C-N stretching / cyclic-ring deformation (C-N-C bend) cyclic C-N stretching 26.56%; cyclic-ring deformation (C-N-C bend) 20.32%; ring-site C-H out-of-plane bending 14.82%; cyclic-ring torsional/out-of-plane deformation 9.11%
   16      837.01          --                 --  mixed in-phase cyclic C-O stretching / cyclic-ring deformation (C-O-C bend) / ring-site C-H out-of-plane bending in-phase cyclic C-O stretching 30.86%; cyclic-ring deformation (C-O-C bend) 18.99%; ring-site C-H out-of-plane bending 17.49%; mixed-phase cyclic C-N stretching 11.24%
   17      857.99          --                 --  mixed cyclic-ring deformation (C-N-C bend) / cyclic-ring deformation (C-O-C bend) cyclic-ring deformation (C-N-C bend) 30.20%; cyclic-ring deformation (C-O-C bend) 14.96%; ring-site C-H out-of-plane bending 14.92%; mixed-phase cyclic C-C stretching 12.92%
   18      877.77          --                 --  mixed cyclic C-O stretching / ring-site C-H out-of-plane bending cyclic C-O stretching 37.47%; ring-site C-H out-of-plane bending 28.63%; cyclic C-C stretching 13.58%; cyclic-ring deformation (C-N-C bend) 5.91%
   19      890.31          --                 --  mixed cyclic C-C stretching / ring-site C-H out-of-plane bending / cyclic C-N stretching cyclic C-C stretching 21.28%; ring-site C-H out-of-plane bending 20.75%; cyclic C-N stretching 19.83%; cyclic-ring deformation (C-O-C bend) 17.50%
   20      967.75          --                 --  mixed cyclic-ring deformation (C-N-C bend) / ring-site C-H out-of-plane bending cyclic-ring deformation (C-N-C bend) 34.57%; ring-site C-H out-of-plane bending 24.27%; mixed-phase cyclic C-N stretching 10.90%; opposite-phase cyclic C-O stretching 9.60%
   21      986.84          --                 --  mixed ring-site C-H in-plane bending / cyclic-ring deformation (C-N-C bend) / cyclic C-C stretching ring-site C-H in-plane bending 34.48%; cyclic-ring deformation (C-N-C bend) 17.76%; cyclic C-C stretching 17.13%; mixed-phase cyclic C-O stretching 12.55%
   22     1005.59          --                 --  mixed ring-site C-H in-plane bending / ring-site C-H out-of-plane bending ring-site C-H in-plane bending 36.75%; ring-site C-H out-of-plane bending 12.37%; cyclic-ring deformation (C-N-C bend) 12.07%; mixed-phase cyclic C-O stretching 9.66%
   23     1035.15          --                 --  mixed ring-site C-H in-plane bending / ring-site C-H out-of-plane bending ring-site C-H in-plane bending 32.98%; ring-site C-H out-of-plane bending 28.38%; mixed-phase cyclic C-O stretching 13.68%; cyclic-ring out-of-plane deformation 11.77%
   24     1097.18          --                 --  mixed mixed-phase cyclic C-N stretching / ring-site C-H out-of-plane bending / ring-site C-H in-plane bending mixed-phase cyclic C-N stretching 35.64%; ring-site C-H out-of-plane bending 23.24%; ring-site C-H in-plane bending 19.04%; cyclic-ring deformation (C-N-C bend) 11.84%
   25     1111.32          --                 --  mixed mixed-phase cyclic C-N stretching / cyclic-ring deformation (C-N-C bend) / mixed-phase cyclic C-C stretching mixed-phase cyclic C-N stretching 31.33%; cyclic-ring deformation (C-N-C bend) 20.07%; mixed-phase cyclic C-C stretching 19.63%; ring-site C-H in-plane bending 12.95%
   26     1138.26          --                 --  mixed ring-site C-H out-of-plane bending / ring-site C-H in-plane bending ring-site C-H out-of-plane bending 48.91%; ring-site C-H in-plane bending 36.71%; in-phase cyclic C-N stretching 6.04%; cyclic-ring out-of-plane deformation 3.91%
   27     1172.85          --                 --  mixed ring-site C-H out-of-plane bending / cyclic-ring out-of-plane deformation ring-site C-H out-of-plane bending 35.23%; cyclic-ring out-of-plane deformation 32.76%; ring-site C-H in-plane bending 14.77%; opposite-phase cyclic C-N stretching 8.02%
   28     1203.02          --                 --  mixed ring-site C-H out-of-plane bending / mixed-phase cyclic C-N stretching / cyclic-ring out-of-plane deformation ring-site C-H out-of-plane bending 40.66%; mixed-phase cyclic C-N stretching 21.94%; cyclic-ring out-of-plane deformation 17.78%; ring-site C-H in-plane bending 11.82%
   29     1225.38          --                 --  mixed ring-site C-H out-of-plane bending / ring-site C-H in-plane bending / mixed-phase cyclic C-N stretching ring-site C-H out-of-plane bending 49.34%; ring-site C-H in-plane bending 22.13%; mixed-phase cyclic C-N stretching 15.83%; mixed-phase cyclic C-C stretching 7.89%
   30     1269.97          --                 --  mixed ring-site C-H out-of-plane bending / cyclic C-N stretching ring-site C-H out-of-plane bending 55.30%; cyclic C-N stretching 17.69%; ring-site C-H in-plane bending 13.64%; cyclic C-C stretching 9.33%
   31     1290.95          --                 --  mixed ring-site C-H out-of-plane bending / ring-site C-H in-plane bending ring-site C-H out-of-plane bending 47.99%; ring-site C-H in-plane bending 19.12%; cyclic C-C stretching 11.73%; mixed-phase cyclic C-N stretching 10.01%
   32     1320.29          --                 --  mixed ring-site C-H in-plane bending / ring-site C-H out-of-plane bending / mixed-phase cyclic C-N stretching ring-site C-H in-plane bending 34.13%; ring-site C-H out-of-plane bending 32.57%; mixed-phase cyclic C-N stretching 23.15%; cyclic C-C stretching 3.63%
   33     1346.65          --                 --  mixed ring-site C-H in-plane bending / ring-site C-H out-of-plane bending / opposite-phase cyclic C-C stretching ring-site C-H in-plane bending 34.06%; ring-site C-H out-of-plane bending 24.42%; opposite-phase cyclic C-C stretching 19.41%; mixed-phase cyclic C-N stretching 18.29%
   34     1366.02          --                 --  mixed ring-site C-H out-of-plane bending / ring-site C-H in-plane bending ring-site C-H out-of-plane bending 42.38%; ring-site C-H in-plane bending 35.04%; in-phase cyclic C-C stretching 11.99%; cyclic-ring deformation (C-O-C bend) 4.78%
   35     1448.49          --                 --  mixed ring-site C-H out-of-plane bending / cyclic C-N stretching / ring-site C-H in-plane bending ring-site C-H out-of-plane bending 36.94%; cyclic C-N stretching 31.32%; ring-site C-H in-plane bending 21.84%; cyclic-ring deformation (C-N-C bend) 6.53%
   36     1475.07          --                 --  mixed ring-site C-H out-of-plane bending / ring-site C-H in-plane bending ring-site C-H out-of-plane bending 67.53%; ring-site C-H in-plane bending 19.18%; cyclic C-N stretching 10.02%; cyclic-ring deformation (C-N-C bend) 2.66%
   37     1513.78          --                 --  ring-site C-H out-of-plane bending                             ring-site C-H out-of-plane bending 86.00%; ring-site C-H in-plane bending 9.64%; cyclic C-C stretching 2.07%
   38     1568.07          --                 --  mixed mixed-phase cyclic C-C stretching / cyclic-ring deformation (C-N-C bend) mixed-phase cyclic C-C stretching 69.34%; cyclic-ring deformation (C-N-C bend) 12.68%; in-phase cyclic C-N stretching 5.58%; cyclic-ring torsional/out-of-plane deformation 4.29%
   39     3051.14          --                 --  ring-site C-H stretching                                       ring-site C-H stretching 99.36%
   40     3096.90          --                 --  mixed-phase ring-site C-H stretching                           mixed-phase ring-site C-H stretching 99.26%
   41     3101.35          --                 --  ring-site C-H stretching                                       ring-site C-H stretching 98.77%
   42     3112.91          --                 --  mixed-phase ring-site C-H stretching                           mixed-phase ring-site C-H stretching 99.55%
   43     3179.59          --                 --  opposite-phase ring-site C-H stretching                        opposite-phase ring-site C-H stretching 98.93%
   44     3222.28          --                 --  ring-site C-H stretching                                       ring-site C-H stretching 98.62%

# Selected internal-coordinate set:
#   1  nu(C1-H10)
#   2  nu(C2-O3)
#   3  nu(C4-H13)
#   4  nu(C5-C6)
#   5  nu(C8-H15)
#   6  nu(C6-N7)
#   7  nu(C2-H12)
#   8  nu(C4-H14)
#   9  nu(C5-N9)
#  10  nu(C1-N7)
#  11  tau(H15-C8-N9-C5)
#  12  nu(C1-H11)
#  13  tau(C6-C5-N9-C8)
#  14  nu(O3-C4)
#  15  nu(C8-N9)
#  16  gamma(C6;C2,O3,H12)
#  17  nu(N7-C8)
#  18  gamma(H10;C1,N7,H11)
#  19  gamma(H13;C4,O3,H14)
#  20  delta(O3-C2-H12)
#  21  tau(C4-C5-C6-N7)
#  22  delta(N7-C1-H11)
#  23  tau(H14-C4-C5-C6)
#  24  tau(H10-C1-C2-C6)
#  25  tau(H13-C4-C5-C6)
#  26  delta(N7-C8-H15)
#  27  nu(C4-C5)
#  28  tau(C1-C2-O3-C4)
#  29  gamma(O3;C2,C1,C6)
#  30  delta(C6-N7-C8)
#  31  delta(C5-C4-H14)
#  32  tau(C4-C5-N9-C8)
#  33  delta(C2-C1-H10)
#  34  nu(C1-C2)
#  35  delta(C1-N7-C8)
#  36  delta(C5-N9-C8)
#  37  nu(C2-C6)
#  38  tau(H11-C1-N7-C8)
#  39  delta(C2-O3-C4)

Wrote: /local/scratch/mv487/qm9s/experiment_1_phase2/ped/22296/22296_summary.csv
Wrote: /local/scratch/mv487/qm9s/experiment_1_phase2/ped/22296/22296_families.csv
Wrote: /local/scratch/mv487/qm9s/experiment_1_phase2/ped/22296/22296_ped.csv
Wrote: /local/scratch/mv487/qm9s/experiment_1_phase2/ped/22296/22296_ir_transitions.csv

# All generated files are in: /local/scratch/mv487/qm9s/experiment_1_phase2/ped/22296
# Manifest: /local/scratch/mv487/qm9s/experiment_1_phase2/ped/22296/22296_manifest.txt

--- stderr ---
Normal modes/frequencies absent or incomplete: diagonalizing Hessian.
