# Contact: romi@lens.unifi.it
# Manual: https://github.com/SebRoLENS/orca-ped-analyzer/blob/main/docs/ORCA_PED_Analyzer_Manual.md
# Check GitHub for updates and new releases: https://github.com/SebRoLENS/orca-ped-analyzer
#
# Molecule: 23 atoms | non-linear
# Bonds inferred: 24 | candidate ICs: 247 | selected ICs: 63
# Cartesian-Hessian reconstruction relative error: 4.329e-05
# Energy distribution: PED (PED is the backward-compatible default; TED includes kinetic-energy terms)
# Ring/cycle bonds detected: 7 | ring atoms: 6 | ring systems: 1
# VPT2: no matching .out file supplied/found -> harmonic/PED analysis only
#
 Mode   Harm/cm-1   VPT2/cm-1  Harm.Int/km mol-1  Assignment                                                     Grouped PED
------------------------------------------------------------------------------------------------------------------------------------------------------------------------------------------------
    6       58.06          --                 --  mixed C-C torsion / C-O torsion                                C-C torsion 63.09%; C-O torsion 34.11%
    7       79.76          --                 --  C-O torsion                                                    C-O torsion 77.89%; C-C torsion 11.01%; C-H bending 2.51%; ring-site C-H out-of-plane bending 2.29%
    8      146.89          --                 --  mixed C-O-C bending / ring-site C-H out-of-plane bending / C-C-O bending C-O-C bending 33.12%; ring-site C-H out-of-plane bending 18.43%; C-C-O bending 16.77%; cyclic-ring out-of-plane deformation 13.31%
    9      248.25          --                 --  C-C torsion                                                    C-C torsion 98.89%
   10      283.08          --                 --  mixed ring-site C-H out-of-plane bending / C-C torsion         ring-site C-H out-of-plane bending 55.91%; C-C torsion 25.38%; cyclic-ring deformation (C-C-C bend) 14.18%
   11      336.17          --                 --  mixed C-C-O bending / C-C torsion                              C-C-O bending 42.44%; C-C torsion 16.77%; C-H bending 11.54%; cyclic-ring deformation (C-C-C bend) 7.84%
   12      366.69          --                 --  mixed C-C torsion / cyclic-ring torsional/out-of-plane deformation C-C torsion 47.57%; cyclic-ring torsional/out-of-plane deformation 25.83%; cyclic-ring deformation (C-C-C bend) 7.62%; cyclic C-C stretching 4.55%
   13      401.89          --                 --  mixed ring-site C-H out-of-plane bending / cyclic-ring deformation (C-C-C bend) ring-site C-H out-of-plane bending 43.32%; cyclic-ring deformation (C-C-C bend) 41.83%; opposite-phase cyclic C-C stretching 3.99%; C-C torsion 2.74%
   14      462.91          --                 --  mixed cyclic-ring deformation (C-C-C bend) / cyclic-ring out-of-plane deformation cyclic-ring deformation (C-C-C bend) 53.57%; cyclic-ring out-of-plane deformation 15.42%; ring-site C-H out-of-plane bending 15.25%; mixed-phase cyclic C-C stretching 4.02%
   15      525.51          --                 --  mixed cyclic-ring deformation (C-C-C bend) / ring-site C-H out-of-plane bending cyclic-ring deformation (C-C-C bend) 53.22%; ring-site C-H out-of-plane bending 31.13%; ring-site C-H in-plane bending 5.24%; cyclic-ring out-of-plane deformation 4.56%
   16      611.80          --                 --  mixed cyclic-ring deformation (C-C-C bend) / ring-site C-H out-of-plane bending cyclic-ring deformation (C-C-C bend) 41.49%; ring-site C-H out-of-plane bending 23.11%; mixed-phase cyclic C-C stretching 14.84%; cyclic-ring torsional/out-of-plane deformation 4.37%
   17      696.31          --                 --  mixed mixed-phase cyclic C-C stretching / C-C-O bending        mixed-phase cyclic C-C stretching 36.78%; C-C-O bending 11.29%; C-H bending 9.67%; C-C torsion 9.30%
   18      818.90          --                 --  mixed mixed-phase cyclic C-C stretching / ring-site C-H out-of-plane bending / cyclic-ring deformation (C-C-C bend) mixed-phase cyclic C-C stretching 43.52%; ring-site C-H out-of-plane bending 22.48%; cyclic-ring deformation (C-C-C bend) 22.38%; cyclic-ring out-of-plane deformation 2.43%
   19      824.20          --                 --  mixed mixed-phase cyclic C-C stretching / cyclic-ring deformation (C-C-C bend) / ring-site C-H out-of-plane bending mixed-phase cyclic C-C stretching 34.22%; cyclic-ring deformation (C-C-C bend) 17.30%; ring-site C-H out-of-plane bending 16.64%; C-C torsion 13.92%
   20      829.70          --                 --  mixed C-C torsion / C-H bending                                C-C torsion 48.15%; C-H bending 40.78%; opposite-phase cyclic C-C stretching 5.82%; ring-site C-H out-of-plane bending 2.28%
   21      842.22          --                 --  mixed ring-site C-H in-plane bending / ring-site C-H out-of-plane bending ring-site C-H in-plane bending 53.66%; ring-site C-H out-of-plane bending 40.14%; cyclic-ring deformation (C-C-C bend) 2.45%
   22      876.11          --                 --  mixed cyclic C-C stretching / cyclic-ring deformation (C-C-C bend) cyclic C-C stretching 45.28%; cyclic-ring deformation (C-C-C bend) 15.36%; C-H bending 7.68%; ring-site C-H in-plane bending 6.66%
   23      910.36          --                 --  mixed mixed-phase cyclic C-C stretching / ring-site C-H in-plane bending mixed-phase cyclic C-C stretching 37.95%; ring-site C-H in-plane bending 13.20%; ring-site C-H out-of-plane bending 12.79%; C-H bending 10.52%
   24      920.05          --                 --  mixed ring-site C-H out-of-plane bending / mixed-phase cyclic C-C stretching / ring-site C-H in-plane bending ring-site C-H out-of-plane bending 27.02%; mixed-phase cyclic C-C stretching 23.94%; ring-site C-H in-plane bending 15.38%; C-H bending 10.62%
   25      945.21          --                 --  mixed mixed-phase cyclic C-C stretching / cyclic-ring deformation (C-C-C bend) mixed-phase cyclic C-C stretching 32.05%; cyclic-ring deformation (C-C-C bend) 28.00%; ring-site C-H in-plane bending 9.28%; ring-site C-H out-of-plane bending 8.85%
   26      971.48          --                 --  mixed ring-site C-H out-of-plane bending / ring-site C-H in-plane bending / mixed-phase cyclic C-C stretching ring-site C-H out-of-plane bending 31.45%; ring-site C-H in-plane bending 23.24%; mixed-phase cyclic C-C stretching 19.53%; cyclic-ring deformation (C-C-C bend) 19.05%
   27      980.06          --                 --  mixed mixed-phase cyclic C-C stretching / ring-site C-H out-of-plane bending / ring-site C-H in-plane bending mixed-phase cyclic C-C stretching 32.84%; ring-site C-H out-of-plane bending 29.16%; ring-site C-H in-plane bending 17.16%; cyclic-ring deformation (C-C-C bend) 12.47%
   28     1004.78          --                 --  mixed mixed-phase cyclic C-C stretching / ring-site C-H out-of-plane bending mixed-phase cyclic C-C stretching 38.48%; ring-site C-H out-of-plane bending 33.66%; ring-site C-H in-plane bending 11.31%; cyclic-ring deformation (C-C-C bend) 9.51%
   29     1019.56          --                 --  mixed ring-site C-H out-of-plane bending / ring-site C-H in-plane bending / mixed-phase cyclic C-C stretching ring-site C-H out-of-plane bending 34.10%; ring-site C-H in-plane bending 32.02%; mixed-phase cyclic C-C stretching 17.09%; cyclic-ring deformation (C-C-C bend) 6.99%
   30     1064.87          --                 --  mixed C-O stretching / C-C stretching                          C-O stretching 37.46%; C-C stretching 36.44%; in-phase cyclic C-C stretching 9.34%; C-C out-of-plane bending 6.12%
   31     1088.70          --                 --  mixed ring-site C-H in-plane bending / ring-site C-H out-of-plane bending ring-site C-H in-plane bending 53.65%; ring-site C-H out-of-plane bending 16.23%; cyclic-ring deformation (C-C-C bend) 13.71%; C-C out-of-plane bending 11.15%
   32     1114.06          --                 --  mixed ring-site C-H in-plane bending / ring-site C-H out-of-plane bending ring-site C-H in-plane bending 37.72%; ring-site C-H out-of-plane bending 21.64%; C-C out-of-plane bending 13.11%; C-H bending 7.13%
   33     1136.03          --                 --  mixed ring-site C-H out-of-plane bending / ring-site C-H in-plane bending ring-site C-H out-of-plane bending 26.39%; ring-site C-H in-plane bending 16.92%; C-H bending 14.30%; C-C torsion 11.61%
   34     1146.03          --                 --  mixed ring-site C-H out-of-plane bending / ring-site C-H in-plane bending ring-site C-H out-of-plane bending 24.38%; ring-site C-H in-plane bending 15.30%; C-H bending 14.06%; C-C torsion 10.75%
   35     1170.02          --                 --  mixed ring-site C-H out-of-plane bending / C-C out-of-plane bending ring-site C-H out-of-plane bending 25.02%; C-C out-of-plane bending 22.68%; mixed-phase cyclic C-C stretching 14.20%; ring-site C-H in-plane bending 12.31%
   36     1184.26          --                 --  mixed C-H bending / C-C torsion                                C-H bending 66.06%; C-C torsion 30.74%
   37     1205.99          --                 --  mixed ring-site C-H in-plane bending / C-C out-of-plane bending / ring-site C-H out-of-plane bending ring-site C-H in-plane bending 35.71%; C-C out-of-plane bending 31.00%; ring-site C-H out-of-plane bending 19.24%; cyclic-ring deformation (C-C-C bend) 3.57%
   38     1234.71          --                 --  mixed C-C out-of-plane bending / ring-site C-H out-of-plane bending C-C out-of-plane bending 44.09%; ring-site C-H out-of-plane bending 16.08%; ring-site C-H in-plane bending 10.41%; cyclic-ring deformation (C-C-C bend) 9.23%
   39     1238.95          --                 --  mixed C-C out-of-plane bending / ring-site C-H in-plane bending / mixed-phase cyclic C-C stretching C-C out-of-plane bending 39.12%; ring-site C-H in-plane bending 23.88%; mixed-phase cyclic C-C stretching 19.78%; cyclic-ring deformation (C-C-C bend) 12.30%
   40     1252.37          --                 --  mixed ring-site C-H in-plane bending / ring-site C-H out-of-plane bending ring-site C-H in-plane bending 47.12%; ring-site C-H out-of-plane bending 11.77%; mixed-phase cyclic C-C stretching 9.92%; cyclic-ring deformation (C-C-C bend) 9.08%
   41     1268.79          --                 --  mixed ring-site C-H in-plane bending / ring-site C-H out-of-plane bending / mixed-phase cyclic C-C stretching ring-site C-H in-plane bending 29.68%; ring-site C-H out-of-plane bending 23.47%; mixed-phase cyclic C-C stretching 15.17%; cyclic-ring deformation (C-C-C bend) 13.29%
   42     1274.21          --                 --  mixed ring-site C-H in-plane bending / mixed-phase cyclic C-C stretching / ring-site C-H out-of-plane bending ring-site C-H in-plane bending 29.89%; mixed-phase cyclic C-C stretching 22.63%; ring-site C-H out-of-plane bending 20.35%; cyclic-ring deformation (C-C-C bend) 12.07%
   43     1302.91          --                 --  mixed C-H bending / C-C torsion                                C-H bending 67.45%; C-C torsion 30.97%
   44     1325.27          --                 --  mixed C-C out-of-plane bending / ring-site C-H out-of-plane bending C-C out-of-plane bending 59.53%; ring-site C-H out-of-plane bending 16.34%; ring-site C-H in-plane bending 14.17%; mixed-phase cyclic C-C stretching 5.60%
   45     1334.54          --                 --  mixed C-C out-of-plane bending / ring-site C-H in-plane bending C-C out-of-plane bending 37.89%; ring-site C-H in-plane bending 20.87%; mixed-phase cyclic C-C stretching 12.94%; ring-site C-H out-of-plane bending 8.30%
   46     1406.95          --                 --  C-H bending                                                    C-H bending 87.16%; C-C torsion 9.73%
   47     1431.69          --                 --  C-H bending                                                    C-H bending 73.33%; C-C torsion 15.05%; C-C stretching 8.52%
   48     1486.49          --                 --  C-C torsion                                                    C-C torsion 85.79%; C-H bending 14.00%
   49     1491.74          --                 --  C-H bending                                                    C-H bending 71.45%; ring-site C-H out-of-plane bending 14.64%; ring-site C-H in-plane bending 12.51%
   50     1499.40          --                 --  C-H bending                                                    C-H bending 80.84%; ring-site C-H out-of-plane bending 11.55%; ring-site C-H in-plane bending 6.01%
   51     1504.45          --                 --  C-C torsion                                                    C-C torsion 76.24%; C-H bending 19.48%; ring-site C-H out-of-plane bending 2.37%
   52     1507.70          --                 --  mixed C-H bending / ring-site C-H out-of-plane bending         C-H bending 67.63%; ring-site C-H out-of-plane bending 21.39%; ring-site C-H in-plane bending 7.92%
   53     1529.45          --                 --  mixed C-C torsion / C-H bending                                C-C torsion 67.15%; C-H bending 27.81%; ring-site C-H out-of-plane bending 2.49%
   54     1538.93          --                 --  mixed C-H bending / ring-site C-H out-of-plane bending         C-H bending 64.28%; ring-site C-H out-of-plane bending 19.00%; ring-site C-H in-plane bending 7.89%; C-C torsion 5.66%
   55     2983.53          --                 --  in-phase C-H stretching                                        in-phase C-H stretching 98.94%
   56     3012.00          --                 --  opposite-phase C-H stretching                                  opposite-phase C-H stretching 97.69%
   57     3038.59          --                 --  in-phase C-H stretching                                        in-phase C-H stretching 99.65%
   58     3045.93          --                 --  mixed-phase ring-site C-H stretching                           mixed-phase ring-site C-H stretching 99.18%
   59     3046.73          --                 --  mixed-phase ring-site C-H stretching                           mixed-phase ring-site C-H stretching 98.62%
   60     3052.71          --                 --  mixed-phase ring-site C-H stretching                           mixed-phase ring-site C-H stretching 98.96%
   61     3059.34          --                 --  ring-site C-H stretching                                       ring-site C-H stretching 98.91%
   62     3081.02          --                 --  mixed-phase ring-site C-H stretching                           mixed-phase ring-site C-H stretching 98.99%
   63     3101.26          --                 --  mixed-phase ring-site C-H stretching                           mixed-phase ring-site C-H stretching 97.67%
   64     3103.90          --                 --  mixed-phase C-H stretching                                     mixed-phase C-H stretching 97.55%
   65     3111.37          --                 --  opposite-phase C-H stretching                                  opposite-phase C-H stretching 99.34%
   66     3113.88          --                 --  mixed-phase ring-site C-H stretching                           mixed-phase ring-site C-H stretching 98.77%
   67     3117.99          --                 --  mixed-phase ring-site C-H stretching                           mixed-phase ring-site C-H stretching 98.43%
   68     3123.19          --                 --  mixed-phase ring-site C-H stretching                           mixed-phase ring-site C-H stretching 98.98%

# Selected internal-coordinate set:
#   1  nu(C1-C2)
#   2  nu(O3-C4)
#   3  nu(C5-C6)
#   4  nu(C8-H20)
#   5  nu(C9-H22)
#   6  nu(C7-H18)
#   7  nu(C8-H21)
#   8  nu(C9-H23)
#   9  nu(C1-H10)
#  10  nu(C2-H13)
#  11  nu(C7-H19)
#  12  nu(C5-H16)
#  13  nu(C2-H14)
#  14  nu(C6-H17)
#  15  nu(C1-H11)
#  16  tau(H16-C5-C6-H17)
#  17  gamma(C8;C9,H22,H23)
#  18  gamma(C4;C7,H18,H19)
#  19  nu(C1-H12)
#  20  gamma(C6;C8,H20,H21)
#  21  tau(O3-C4-C7-C6)
#  22  gamma(C9;C4,O3,C5)
#  23  nu(C5-H15)
#  24  nu(C2-O3)
#  25  delta(H18-C7-H19)
#  26  delta(H22-C9-H23)
#  27  delta(H20-C8-H21)
#  28  delta(C5-C6-H17)
#  29  tau(H12-C1-C2-H13)
#  30  tau(H11-C1-C2-H14)
#  31  tau(C2-O3-C4-C7)
#  32  delta(H15-C5-H16)
#  33  delta(C2-C1-H11)
#  34  delta(C2-C1-H10)
#  35  delta(C2-C1-H12)
#  36  delta(C6-C5-H16)
#  37  tau(H10-C1-C2-O3)
#  38  delta(C1-C2-H13)
#  39  delta(C1-C2-H14)
#  40  delta(C5-C4-C9)
#  41  tau(H16-C5-C6-C8)
#  42  delta(C9-C8-H21)
#  43  nu(C6-C8)
#  44  delta(C6-C7-H18)
#  45  tau(H21-C8-C9-H23)
#  46  nu(C8-C9)
#  47  delta(C6-C5-H15)
#  48  tau(H11-C1-C2-H13)
#  49  tau(C8-C6-C7-H18)
#  50  delta(C8-C9-H23)
#  51  delta(C5-C6-C7)
#  52  nu(C6-C7)
#  53  nu(C4-C9)
#  54  tau(H20-C8-C9-C4)
#  55  delta(C7-C6-C8)
#  56  delta(C1-C2-O3)
#  57  delta(C5-C6-C8)
#  58  delta(O3-C2-H14)
#  59  nu(C4-C7)
#  60  nu(C4-C5)
#  61  tau(C1-C2-O3-C4)
#  62  delta(C2-O3-C4)
#  63  delta(C7-C4-C9)

Wrote: /local/scratch/mv487/qm9s/experiment_1_phase2/ped/110401/110401_summary.csv
Wrote: /local/scratch/mv487/qm9s/experiment_1_phase2/ped/110401/110401_families.csv
Wrote: /local/scratch/mv487/qm9s/experiment_1_phase2/ped/110401/110401_ped.csv
Wrote: /local/scratch/mv487/qm9s/experiment_1_phase2/ped/110401/110401_ir_transitions.csv

# All generated files are in: /local/scratch/mv487/qm9s/experiment_1_phase2/ped/110401
# Manifest: /local/scratch/mv487/qm9s/experiment_1_phase2/ped/110401/110401_manifest.txt

--- stderr ---
Normal modes/frequencies absent or incomplete: diagonalizing Hessian.
