# Contact: romi@lens.unifi.it
# Manual: https://github.com/SebRoLENS/orca-ped-analyzer/blob/main/docs/ORCA_PED_Analyzer_Manual.md
# Check GitHub for updates and new releases: https://github.com/SebRoLENS/orca-ped-analyzer
#
# Molecule: 21 atoms | non-linear
# Bonds inferred: 21 | candidate ICs: 156 | selected ICs: 57
# Cartesian-Hessian reconstruction relative error: 1.259e-05
# Energy distribution: PED (PED is the backward-compatible default; TED includes kinetic-energy terms)
# Ring/cycle bonds detected: 5 | ring atoms: 5 | ring systems: 1
# VPT2: no matching .out file supplied/found -> harmonic/PED analysis only
#
 Mode   Harm/cm-1   VPT2/cm-1  Harm.Int/km mol-1  Assignment                                                     Grouped PED
------------------------------------------------------------------------------------------------------------------------------------------------------------------------------------------------
    6       38.17          --                 --  mixed C-N torsion / ring-site N-H out-of-plane bending         C-N torsion 56.92%; ring-site N-H out-of-plane bending 10.32%; cyclic-ring torsional/out-of-plane deformation 6.29%; cyclic-ring out-of-plane deformation 4.50%
    7       51.15          --                 --  C-C torsion                                                    C-C torsion 70.68%; cyclic-ring torsional/out-of-plane deformation 8.95%; cyclic-ring torsional/out-of-plane deformation 5.49%; C-N torsion 5.05%
    8      112.20          --                 --  mixed cyclic-ring torsional/out-of-plane deformation / cyclic-ring out-of-plane deformation cyclic-ring torsional/out-of-plane deformation 41.05%; cyclic-ring out-of-plane deformation 20.00%; cyclic-ring torsional/out-of-plane deformation 13.89%; C-C-C bending 8.61%
    9      169.20          --                 --  mixed C-C torsion / cyclic-ring torsional/out-of-plane deformation / C-N torsion C-C torsion 21.26%; cyclic-ring torsional/out-of-plane deformation 17.30%; C-N torsion 15.53%; cyclic-ring out-of-plane deformation 11.55%
   10      179.92          --                 --  mixed C-C torsion / cyclic-ring torsional/out-of-plane deformation C-C torsion 33.35%; cyclic-ring torsional/out-of-plane deformation 19.86%; cyclic-ring out-of-plane deformation 14.84%; C-N torsion 9.64%
   11      204.73          --                 --  C-C torsion                                                    C-C torsion 94.35%
   12      292.79          --                 --  C-C torsion                                                    C-C torsion 91.82%; C-C-N bending 2.56%
   13      340.57          --                 --  mixed C-N-C bending / cyclic-ring torsional/out-of-plane deformation / C-C-C bending C-N-C bending 17.70%; cyclic-ring torsional/out-of-plane deformation 16.70%; C-C-C bending 16.25%; C-N out-of-plane bending 14.17%
   14      429.93          --                 --  mixed C-C torsion / C-C-C bending                              C-C torsion 14.72%; C-C-C bending 14.06%; C-N out-of-plane bending 11.90%; cyclic-ring torsional/out-of-plane deformation 9.23%
   15      438.99          --                 --  mixed C-C torsion / N-C-N bending                              C-C torsion 31.66%; N-C-N bending 18.91%; cyclic-ring torsional/out-of-plane deformation 9.28%; C-N-C bending 8.04%
   16      499.50          --                 --  mixed ring-site N-H out-of-plane bending / ring-site C-H out-of-plane bending ring-site N-H out-of-plane bending 67.63%; ring-site C-H out-of-plane bending 10.69%; cyclic-ring torsional/out-of-plane deformation 7.77%; cyclic-ring out-of-plane deformation 4.33%
   17      594.84          --                 --  mixed cyclic-ring deformation (C-C-N bend) / exocyclic C-C stretching cyclic-ring deformation (C-C-N bend) 29.17%; exocyclic C-C stretching 13.22%; exocyclic C-N stretching 9.75%; C-C-C bending 6.67%
   18      647.92          --                 --  mixed cyclic-ring out-of-plane deformation / cyclic-ring torsional/out-of-plane deformation cyclic-ring out-of-plane deformation 32.56%; cyclic-ring torsional/out-of-plane deformation 17.51%; C-N out-of-plane bending 13.01%; cyclic-ring torsional/out-of-plane deformation 9.96%
   19      662.31          --                 --  mixed C-N out-of-plane bending / N-H bending                   C-N out-of-plane bending 42.08%; N-H bending 9.48%; exocyclic C-N stretching 8.33%; cyclic-ring deformation (C-C-N bend) 7.76%
   20      702.40          --                 --  mixed cyclic-ring torsional/out-of-plane deformation / C-C-C bending cyclic-ring torsional/out-of-plane deformation 21.13%; C-C-C bending 15.65%; C-H bending 13.62%; cyclic-ring deformation (C-C-N bend) 12.31%
   21      757.85          --                 --  mixed C-N out-of-plane bending / ring-site C-H out-of-plane bending / N-H bending C-N out-of-plane bending 19.65%; ring-site C-H out-of-plane bending 17.81%; N-H bending 16.66%; C-H bending 14.03%
   22      776.70          --                 --  mixed ring-site C-H out-of-plane bending / C-H bending / C-C torsion ring-site C-H out-of-plane bending 42.08%; C-H bending 24.82%; C-C torsion 15.74%; cyclic-ring out-of-plane deformation 7.25%
   23      791.71          --                 --  mixed C-H bending / C-C torsion                                C-H bending 56.92%; C-C torsion 30.20%; cyclic-ring out-of-plane deformation 2.36%; ring-site C-H out-of-plane bending 2.12%
   24      832.82          --                 --  mixed ring-site C-H out-of-plane bending / cyclic-ring torsional/out-of-plane deformation ring-site C-H out-of-plane bending 67.61%; cyclic-ring torsional/out-of-plane deformation 12.57%; cyclic-ring out-of-plane deformation 7.78%; C-H bending 4.72%
   25      946.32          --                 --  mixed C-C stretching / C-H bending / cyclic-ring deformation (C-C-N bend) C-C stretching 38.19%; C-H bending 24.89%; cyclic-ring deformation (C-C-N bend) 18.33%; C-C torsion 7.37%
   26      986.20          --                 --  mixed C-N stretching / cyclic-ring deformation (C-C-N bend) / mixed-phase cyclic C-N stretching C-N stretching 20.48%; cyclic-ring deformation (C-C-N bend) 20.12%; mixed-phase cyclic C-N stretching 15.82%; C-H bending 15.72%
   27     1013.16          --                 --  mixed cyclic-ring deformation (C-C-N bend) / ring-site C-H in-plane bending cyclic-ring deformation (C-C-N bend) 29.53%; ring-site C-H in-plane bending 16.78%; C-C stretching 12.65%; in-phase cyclic C-C stretching 11.88%
   28     1050.78          --                 --  mixed C-N stretching / C-H bending                             C-N stretching 29.64%; C-H bending 25.22%; cyclic C-C stretching 12.22%; ring-site C-H in-plane bending 10.76%
   29     1052.89          --                 --  mixed C-H bending / ring-site C-H in-plane bending / mixed-phase cyclic C-C stretching C-H bending 34.16%; ring-site C-H in-plane bending 23.69%; mixed-phase cyclic C-C stretching 16.70%; cyclic C-N stretching 13.87%
   30     1075.71          --                 --  mixed C-H bending / C-C torsion                                C-H bending 54.02%; C-C torsion 9.54%; C-C stretching 8.06%; in-phase cyclic C-C stretching 6.53%
   31     1088.60          --                 --  mixed C-H bending / C-C torsion                                C-H bending 56.19%; C-C torsion 17.64%; C-C-C bending 8.61%; C-C stretching 5.35%
   32     1139.04          --                 --  C-H bending                                                    C-H bending 74.76%; C-N stretching 7.16%; C-N out-of-plane bending 6.84%; exocyclic C-N stretching 2.91%
   33     1163.32          --                 --  C-H bending                                                    C-H bending 72.44%; C-N stretching 7.96%; C-N-C bending 6.93%; ring-site N-H in-plane bending 2.67%
   34     1210.73          --                 --  mixed ring-site C-H in-plane bending / C-H bending             ring-site C-H in-plane bending 19.21%; C-H bending 19.14%; exocyclic C-C stretching 14.41%; ring-site N-H in-plane bending 12.63%
   35     1250.10          --                 --  mixed C-H bending / ring-site C-H in-plane bending             C-H bending 45.50%; ring-site C-H in-plane bending 22.78%; ring-site N-H in-plane bending 10.63%; mixed-phase cyclic C-N stretching 10.43%
   36     1288.31          --                 --  mixed C-H bending / mixed-phase cyclic C-C stretching          C-H bending 40.21%; mixed-phase cyclic C-C stretching 16.98%; cyclic C-N stretching 13.71%; exocyclic C-N stretching 8.17%
   37     1303.96          --                 --  mixed C-H bending / cyclic C-C stretching                      C-H bending 60.31%; cyclic C-C stretching 15.15%; ring-site C-H in-plane bending 11.30%; C-C torsion 4.24%
   38     1360.34          --                 --  C-H bending                                                    C-H bending 88.59%; exocyclic C-C stretching 4.16%; C-C stretching 2.46%; cyclic C-C stretching 2.16%
   39     1408.18          --                 --  mixed C-H bending / cyclic C-N stretching / in-phase cyclic C-C stretching C-H bending 26.26%; cyclic C-N stretching 19.34%; in-phase cyclic C-C stretching 15.82%; N-H bending 14.30%
   40     1415.23          --                 --  C-H bending                                                    C-H bending 80.25%; C-C stretching 6.03%; cyclic C-N stretching 3.55%; cyclic C-C stretching 2.80%
   41     1438.54          --                 --  mixed mixed-phase cyclic C-N stretching / C-H bending          mixed-phase cyclic C-N stretching 34.30%; C-H bending 23.39%; ring-site N-H in-plane bending 13.10%; cyclic C-C stretching 12.96%
   42     1454.72          --                 --  C-H bending                                                    C-H bending 90.73%; cyclic C-C stretching 3.22%
   43     1487.71          --                 --  C-H bending                                                    C-H bending 86.62%; N-H bending 3.95%; C-C torsion 3.27%
   44     1488.79          --                 --  C-H bending                                                    C-H bending 88.07%; N-H bending 3.15%; cyclic C-N stretching 2.51%
   45     1492.07          --                 --  C-H bending                                                    C-H bending 75.73%; N-H bending 7.92%; cyclic C-N stretching 3.68%; cyclic-ring deformation (C-C-N bend) 3.00%
   46     1500.39          --                 --  mixed C-C torsion / C-H bending                                C-C torsion 75.06%; C-H bending 22.69%
   47     1506.60          --                 --  mixed C-C torsion / C-H bending                                C-C torsion 48.82%; C-H bending 46.87%; cyclic C-C stretching 2.20%
   48     1516.95          --                 --  C-H bending                                                    C-H bending 85.42%; in-phase cyclic C-C stretching 3.57%; cyclic-ring deformation (C-C-N bend) 2.63%; C-C torsion 2.00%
   49     1541.14          --                 --  mixed mixed-phase cyclic C-C stretching / C-H bending          mixed-phase cyclic C-C stretching 33.98%; C-H bending 20.70%; cyclic-ring deformation (C-C-N bend) 14.63%; exocyclic C-N stretching 10.00%
   50     1624.27          --                 --  mixed opposite-phase cyclic C-C stretching / cyclic-ring deformation (C-C-N bend) opposite-phase cyclic C-C stretching 41.42%; cyclic-ring deformation (C-C-N bend) 15.33%; ring-site N-H in-plane bending 9.65%; ring-site C-H in-plane bending 9.13%
   51     2981.81          --                 --  C-H stretching                                                 C-H stretching 99.65%
   52     3003.22          --                 --  C-H stretching                                                 C-H stretching 99.26%
   53     3028.49          --                 --  in-phase C-H stretching                                        in-phase C-H stretching 99.76%
   54     3066.79          --                 --  C-H stretching                                                 C-H stretching 99.03%
   55     3068.85          --                 --  mixed-phase C-H stretching                                     mixed-phase C-H stretching 99.69%
   56     3090.91          --                 --  mixed-phase C-H stretching                                     mixed-phase C-H stretching 99.61%
   57     3101.32          --                 --  mixed-phase C-H stretching                                     mixed-phase C-H stretching 99.63%
   58     3105.29          --                 --  opposite-phase C-H stretching                                  opposite-phase C-H stretching 99.25%
   59     3228.35          --                 --  opposite-phase ring-site C-H stretching                        opposite-phase ring-site C-H stretching 99.32%
   60     3242.67          --                 --  in-phase ring-site C-H stretching                              in-phase ring-site C-H stretching 98.81%
   61     3549.39          --                 --  N-H stretching                                                 N-H stretching 99.66%
   62     3648.93          --                 --  ring-site N-H stretching                                       ring-site N-H stretching 99.35%

# Selected internal-coordinate set:
#   1  nu(C1-C2)
#   2  nu(C4-H15)
#   3  nu(C5-C6)
#   4  nu(N7-C8)
#   5  nu(C3-N9)
#   6  nu(C8-H19)
#   7  nu(C2-H13)
#   8  nu(N7-H17)
#   9  nu(C1-H12)
#  10  nu(C6-N9)
#  11  nu(C2-H14)
#  12  nu(C8-H18)
#  13  nu(C1-H10)
#  14  tau(N9-C3-C4-H15)
#  15  tau(C3-C4-C5-H16)
#  16  nu(C5-H16)
#  17  tau(N9-C3-C4-C5)
#  18  nu(C3-C4)
#  19  nu(C1-H11)
#  20  nu(C8-H20)
#  21  gamma(C6;N7,C8,H17)
#  22  nu(N9-H21)
#  23  gamma(C5;C6,N7,N9)
#  24  tau(H12-C1-C2-H13)
#  25  nu(C4-C5)
#  26  tau(C4-C3-N9-H21)
#  27  tau(H11-C1-C2-H14)
#  28  delta(H19-C8-H20)
#  29  delta(C8-N7-H17)
#  30  delta(C2-C1-H10)
#  31  delta(H18-C8-H19)
#  32  delta(C2-C1-H11)
#  33  delta(C2-C1-H12)
#  34  delta(H18-C8-H20)
#  35  delta(C5-C4-H15)
#  36  tau(H10-C1-C2-C3)
#  37  delta(C6-N9-H21)
#  38  delta(C1-C2-H13)
#  39  delta(C1-C2-H14)
#  40  delta(C6-C5-H16)
#  41  nu(C6-N7)
#  42  delta(N7-C8-H18)
#  43  tau(C2-C3-C4-C5)
#  44  delta(C4-C3-N9)
#  45  delta(H13-C2-H14)
#  46  delta(N7-C8-H19)
#  47  tau(C6-N7-C8-H19)
#  48  delta(C3-C2-H14)
#  49  nu(C2-C3)
#  50  delta(C5-C6-N9)
#  51  tau(N7-C6-N9-C3)
#  52  delta(N7-C6-N9)
#  53  delta(C6-N7-C8)
#  54  delta(C1-C2-C3)
#  55  delta(C2-C3-N9)
#  56  tau(H14-C2-C3-N9)
#  57  tau(N9-C6-N7-H17)

Wrote: /local/scratch/mv487/qm9s/experiment_1_phase2/ped/29063/29063_summary.csv
Wrote: /local/scratch/mv487/qm9s/experiment_1_phase2/ped/29063/29063_families.csv
Wrote: /local/scratch/mv487/qm9s/experiment_1_phase2/ped/29063/29063_ped.csv
Wrote: /local/scratch/mv487/qm9s/experiment_1_phase2/ped/29063/29063_ir_transitions.csv

# All generated files are in: /local/scratch/mv487/qm9s/experiment_1_phase2/ped/29063
# Manifest: /local/scratch/mv487/qm9s/experiment_1_phase2/ped/29063/29063_manifest.txt

--- stderr ---
Normal modes/frequencies absent or incomplete: diagonalizing Hessian.
