# Contact: romi@lens.unifi.it
# Manual: https://github.com/SebRoLENS/orca-ped-analyzer/blob/main/docs/ORCA_PED_Analyzer_Manual.md
# Check GitHub for updates and new releases: https://github.com/SebRoLENS/orca-ped-analyzer
#
# Molecule: 16 atoms | non-linear
# Bonds inferred: 18 | candidate ICs: 194 | selected ICs: 42
# Cartesian-Hessian reconstruction relative error: 4.851e-05
# Energy distribution: PED (PED is the backward-compatible default; TED includes kinetic-energy terms)
# Ring/cycle bonds detected: 10 | ring atoms: 8 | ring systems: 1
# VPT2: no matching .out file supplied/found -> harmonic/PED analysis only
#
 Mode   Harm/cm-1   VPT2/cm-1  Harm.Int/km mol-1  Assignment                                                     Grouped PED
------------------------------------------------------------------------------------------------------------------------------------------------------------------------------------------------
    6      132.14          --                 --  mixed ring-site C-H out-of-plane bending / cyclic-ring torsional/out-of-plane deformation ring-site C-H out-of-plane bending 47.24%; cyclic-ring torsional/out-of-plane deformation 28.07%; cyclic-ring torsional/out-of-plane deformation 14.34%; cyclic-ring out-of-plane deformation 5.71%
    7      238.27          --                 --  mixed ring-site C-H out-of-plane bending / cyclic-ring torsional/out-of-plane deformation ring-site C-H out-of-plane bending 43.56%; cyclic-ring torsional/out-of-plane deformation 38.58%; cyclic-ring deformation (O-C-C bend) 8.09%; cyclic-ring deformation (C-C-C bend) 6.50%
    8      315.52          --                 --  mixed cyclic-ring out-of-plane deformation / cyclic-ring deformation (C-C-C bend) cyclic-ring out-of-plane deformation 39.96%; cyclic-ring deformation (C-C-C bend) 21.67%; ring-site C-H out-of-plane bending 14.83%; cyclic-ring torsional/out-of-plane deformation 14.27%
    9      350.11          --                 --  mixed cyclic-ring deformation (O-C-C bend) / cyclic-ring deformation (C-C-C bend) cyclic-ring deformation (O-C-C bend) 51.31%; cyclic-ring deformation (C-C-C bend) 19.74%; cyclic-ring out-of-plane deformation 9.05%; cyclic-ring torsional/out-of-plane deformation 7.91%
   10      430.13          --                 --  mixed ring-site C-H out-of-plane bending / cyclic-ring deformation (O-C-C bend) ring-site C-H out-of-plane bending 49.24%; cyclic-ring deformation (O-C-C bend) 25.06%; cyclic-ring torsional/out-of-plane deformation 9.88%; cyclic-ring torsional/out-of-plane deformation 6.94%
   11      497.97          --                 --  mixed cyclic-ring deformation (C-C-C bend) / cyclic C-C stretching cyclic-ring deformation (C-C-C bend) 34.95%; cyclic C-C stretching 23.95%; ring-site C-H out-of-plane bending 14.74%; cyclic-ring out-of-plane deformation 8.55%
   12      697.53          --                 --  mixed cyclic-ring deformation (C-O-C bend) / in-phase cyclic C-C stretching / ring-site C-H out-of-plane bending cyclic-ring deformation (C-O-C bend) 27.97%; in-phase cyclic C-C stretching 17.69%; ring-site C-H out-of-plane bending 16.36%; cyclic-ring deformation (O-C-C bend) 13.41%
   13      714.13          --                 --  mixed ring-site C-H out-of-plane bending / cyclic-ring deformation (C-C-C bend) / mixed-phase cyclic C-C stretching ring-site C-H out-of-plane bending 28.56%; cyclic-ring deformation (C-C-C bend) 25.86%; mixed-phase cyclic C-C stretching 15.90%; ring-site C-H in-plane bending 11.72%
   14      795.31          --                 --  mixed mixed-phase cyclic C-C stretching / ring-site C-H out-of-plane bending mixed-phase cyclic C-C stretching 23.73%; ring-site C-H out-of-plane bending 23.00%; opposite-phase cyclic C-O stretching 14.30%; ring-site C-H in-plane bending 14.25%
   15      848.61          --                 --  mixed mixed-phase cyclic C-C stretching / cyclic C-O stretching mixed-phase cyclic C-C stretching 32.21%; cyclic C-O stretching 20.14%; cyclic-ring torsional/out-of-plane deformation 11.43%; cyclic-ring deformation (C-O-C bend) 8.35%
   16      857.50          --                 --  mixed cyclic-ring deformation (C-O-C bend) / ring-site C-H out-of-plane bending cyclic-ring deformation (C-O-C bend) 27.17%; ring-site C-H out-of-plane bending 23.59%; mixed-phase cyclic C-O stretching 12.92%; mixed-phase cyclic C-C stretching 11.98%
   17      896.85          --                 --  mixed ring-site C-H out-of-plane bending / mixed-phase cyclic C-O stretching ring-site C-H out-of-plane bending 34.81%; mixed-phase cyclic C-O stretching 20.19%; cyclic-ring torsional/out-of-plane deformation 13.62%; cyclic C-C stretching 8.81%
   18      951.92          --                 --  mixed cyclic C-O stretching / ring-site C-H out-of-plane bending cyclic C-O stretching 52.19%; ring-site C-H out-of-plane bending 13.11%; cyclic-ring deformation (C-O-C bend) 11.90%; cyclic C-C stretching 7.50%
   19      954.12          --                 --  mixed-phase cyclic C-O stretching                              mixed-phase cyclic C-O stretching 75.82%; cyclic-ring deformation (C-C-C bend) 7.87%; ring-site C-H out-of-plane bending 6.45%; opposite-phase cyclic C-C stretching 2.96%
   20      971.52          --                 --  mixed opposite-phase cyclic C-C stretching / ring-site C-H out-of-plane bending opposite-phase cyclic C-C stretching 31.09%; ring-site C-H out-of-plane bending 31.07%; cyclic-ring deformation (C-C-C bend) 13.74%; mixed-phase cyclic C-O stretching 12.64%
   21      995.59          --                 --  mixed mixed-phase cyclic C-O stretching / ring-site C-H out-of-plane bending mixed-phase cyclic C-O stretching 38.61%; ring-site C-H out-of-plane bending 18.12%; in-phase cyclic C-C stretching 10.50%; cyclic-ring out-of-plane deformation 8.39%
   22     1019.09          --                 --  mixed in-phase cyclic C-C stretching / mixed-phase cyclic C-O stretching in-phase cyclic C-C stretching 38.89%; mixed-phase cyclic C-O stretching 32.88%; ring-site C-H in-plane bending 10.29%; cyclic-ring deformation (C-C-C bend) 7.70%
   23     1045.49          --                 --  mixed ring-site C-H out-of-plane bending / opposite-phase cyclic C-O stretching / cyclic-ring deformation (O-C-C bend) ring-site C-H out-of-plane bending 29.19%; opposite-phase cyclic C-O stretching 23.14%; cyclic-ring deformation (O-C-C bend) 23.12%; ring-site C-H in-plane bending 10.52%
   24     1117.28          --                 --  mixed ring-site C-H in-plane bending / ring-site C-H out-of-plane bending ring-site C-H in-plane bending 33.99%; ring-site C-H out-of-plane bending 32.62%; mixed-phase cyclic C-C stretching 12.96%; cyclic-ring out-of-plane deformation 9.37%
   25     1125.36          --                 --  mixed ring-site C-H in-plane bending / ring-site C-H out-of-plane bending ring-site C-H in-plane bending 41.49%; ring-site C-H out-of-plane bending 25.55%; cyclic-ring out-of-plane deformation 14.04%; cyclic C-C stretching 8.76%
   26     1154.33          --                 --  mixed ring-site C-H in-plane bending / ring-site C-H out-of-plane bending ring-site C-H in-plane bending 50.32%; ring-site C-H out-of-plane bending 34.80%; in-phase cyclic C-O stretching 2.97%; cyclic-ring deformation (O-C-C bend) 2.47%
   27     1169.87          --                 --  mixed ring-site C-H out-of-plane bending / ring-site C-H in-plane bending / cyclic-ring out-of-plane deformation ring-site C-H out-of-plane bending 30.60%; ring-site C-H in-plane bending 17.28%; cyclic-ring out-of-plane deformation 16.36%; mixed-phase cyclic C-C stretching 13.86%
   28     1187.13          --                 --  mixed ring-site C-H in-plane bending / ring-site C-H out-of-plane bending / mixed-phase cyclic C-C stretching ring-site C-H in-plane bending 30.19%; ring-site C-H out-of-plane bending 26.01%; mixed-phase cyclic C-C stretching 20.92%; cyclic-ring deformation (O-C-C bend) 6.90%
   29     1201.85          --                 --  mixed cyclic-ring out-of-plane deformation / ring-site C-H in-plane bending / ring-site C-H out-of-plane bending cyclic-ring out-of-plane deformation 28.52%; ring-site C-H in-plane bending 26.71%; ring-site C-H out-of-plane bending 26.16%; cyclic-ring deformation (C-C-C bend) 10.70%
   30     1256.40          --                 --  mixed ring-site C-H out-of-plane bending / ring-site C-H in-plane bending ring-site C-H out-of-plane bending 64.83%; ring-site C-H in-plane bending 13.86%; mixed-phase cyclic C-C stretching 13.36%; cyclic-ring deformation (C-C-C bend) 4.43%
   31     1265.77          --                 --  mixed ring-site C-H out-of-plane bending / mixed-phase cyclic C-C stretching / ring-site C-H in-plane bending ring-site C-H out-of-plane bending 33.82%; mixed-phase cyclic C-C stretching 23.47%; ring-site C-H in-plane bending 15.59%; cyclic-ring out-of-plane deformation 15.49%
   32     1271.07          --                 --  mixed ring-site C-H out-of-plane bending / ring-site C-H in-plane bending ring-site C-H out-of-plane bending 65.05%; ring-site C-H in-plane bending 16.93%; mixed-phase cyclic C-C stretching 9.91%; cyclic-ring deformation (C-C-C bend) 2.96%
   33     1299.47          --                 --  mixed ring-site C-H in-plane bending / ring-site C-H out-of-plane bending ring-site C-H in-plane bending 65.88%; ring-site C-H out-of-plane bending 10.32%; mixed-phase cyclic C-C stretching 9.92%; cyclic-ring out-of-plane deformation 6.42%
   34     1322.94          --                 --  mixed ring-site C-H in-plane bending / mixed-phase cyclic C-C stretching ring-site C-H in-plane bending 60.60%; mixed-phase cyclic C-C stretching 13.84%; cyclic-ring out-of-plane deformation 13.30%; ring-site C-H out-of-plane bending 3.13%
   35     1356.70          --                 --  mixed ring-site C-H out-of-plane bending / ring-site C-H in-plane bending ring-site C-H out-of-plane bending 44.78%; ring-site C-H in-plane bending 39.36%; in-phase cyclic C-O stretching 4.23%; cyclic C-C stretching 3.26%
   36     1393.31          --                 --  mixed mixed-phase cyclic C-C stretching / ring-site C-H out-of-plane bending / ring-site C-H in-plane bending mixed-phase cyclic C-C stretching 38.33%; ring-site C-H out-of-plane bending 21.75%; ring-site C-H in-plane bending 19.32%; cyclic-ring deformation (C-C-C bend) 17.02%
   37     1448.52          --                 --  ring-site C-H out-of-plane bending                             ring-site C-H out-of-plane bending 90.51%; ring-site C-H in-plane bending 6.99%; cyclic C-C stretching 2.06%
   38     1521.78          --                 --  mixed ring-site C-H out-of-plane bending / ring-site C-H in-plane bending ring-site C-H out-of-plane bending 65.38%; ring-site C-H in-plane bending 28.22%; opposite-phase cyclic C-C stretching 3.61%
   39     1524.34          --                 --  mixed ring-site C-H out-of-plane bending / ring-site C-H in-plane bending ring-site C-H out-of-plane bending 67.03%; ring-site C-H in-plane bending 27.82%
   40     3010.71          --                 --  mixed-phase ring-site C-H stretching                           mixed-phase ring-site C-H stretching 99.40%
   41     3014.42          --                 --  ring-site C-H stretching                                       ring-site C-H stretching 99.36%
   42     3059.19          --                 --  mixed-phase ring-site C-H stretching                           mixed-phase ring-site C-H stretching 99.34%
   43     3067.86          --                 --  mixed-phase ring-site C-H stretching                           mixed-phase ring-site C-H stretching 99.33%
   44     3068.67          --                 --  mixed-phase ring-site C-H stretching                           mixed-phase ring-site C-H stretching 99.06%
   45     3070.53          --                 --  opposite-phase ring-site C-H stretching                        opposite-phase ring-site C-H stretching 98.84%
   46     3075.91          --                 --  ring-site C-H stretching                                       ring-site C-H stretching 98.64%
   47     3119.94          --                 --  opposite-phase ring-site C-H stretching                        opposite-phase ring-site C-H stretching 99.17%

# Selected internal-coordinate set:
#   1  nu(C2-H9)
#   2  nu(C3-C4)
#   3  nu(C6-C7)
#   4  nu(C8-H16)
#   5  nu(C4-O5)
#   6  nu(C3-C6)
#   7  nu(C2-H10)
#   8  nu(O1-C8)
#   9  nu(C7-H14)
#  10  nu(O5-C6)
#  11  nu(C4-H12)
#  12  nu(O1-C2)
#  13  nu(C7-H15)
#  14  gamma(C3;C8,O1,H16)
#  15  nu(C4-H11)
#  16  nu(C6-H13)
#  17  gamma(C2;C3,C4,C6)
#  18  gamma(H14;C7,C6,H15)
#  19  gamma(H9;C2,O1,H10)
#  20  delta(O1-C8-H16)
#  21  delta(O5-C4-H12)
#  22  delta(O5-C4-H11)
#  23  tau(H13-C6-C7-H14)
#  24  delta(O1-C2-H10)
#  25  tau(H11-C4-O5-C6)
#  26  tau(H12-C4-O5-C6)
#  27  delta(C6-C7-H15)
#  28  tau(H9-C2-C3-C6)
#  29  tau(H14-C7-C8-O1)
#  30  delta(C7-C6-H13)
#  31  tau(C2-O1-C8-C7)
#  32  delta(O1-C8-C7)
#  33  tau(O5-C6-C7-H15)
#  34  delta(C3-C2-H9)
#  35  nu(C7-C8)
#  36  delta(O5-C6-C7)
#  37  nu(C2-C3)
#  38  delta(C4-O5-C6)
#  39  delta(C2-C3-C8)
#  40  tau(C4-O5-C6-C7)
#  41  tau(C6-C7-C8-O1)
#  42  delta(C2-C3-C6)

Wrote: /local/scratch/mv487/qm9s/experiment_1_phase2/ped/17251/17251_summary.csv
Wrote: /local/scratch/mv487/qm9s/experiment_1_phase2/ped/17251/17251_families.csv
Wrote: /local/scratch/mv487/qm9s/experiment_1_phase2/ped/17251/17251_ped.csv
Wrote: /local/scratch/mv487/qm9s/experiment_1_phase2/ped/17251/17251_ir_transitions.csv

# All generated files are in: /local/scratch/mv487/qm9s/experiment_1_phase2/ped/17251
# Manifest: /local/scratch/mv487/qm9s/experiment_1_phase2/ped/17251/17251_manifest.txt

--- stderr ---
Normal modes/frequencies absent or incomplete: diagonalizing Hessian.
