# Contact: romi@lens.unifi.it
# Manual: https://github.com/SebRoLENS/orca-ped-analyzer/blob/main/docs/ORCA_PED_Analyzer_Manual.md
# Check GitHub for updates and new releases: https://github.com/SebRoLENS/orca-ped-analyzer
#
# Molecule: 21 atoms | non-linear
# Bonds inferred: 22 | candidate ICs: 213 | selected ICs: 57
# Cartesian-Hessian reconstruction relative error: 3.492e-05
# Energy distribution: PED (PED is the backward-compatible default; TED includes kinetic-energy terms)
# Ring/cycle bonds detected: 7 | ring atoms: 6 | ring systems: 1
# VPT2: no matching .out file supplied/found -> harmonic/PED analysis only
#
 Mode   Harm/cm-1   VPT2/cm-1  Harm.Int/km mol-1  Assignment                                                     Grouped PED
------------------------------------------------------------------------------------------------------------------------------------------------------------------------------------------------
    6       72.06          --                 --  mixed cyclic-ring torsional/out-of-plane deformation / C-C torsion cyclic-ring torsional/out-of-plane deformation 50.82%; C-C torsion 23.01%; cyclic-ring torsional/out-of-plane deformation 16.73%; ring-site C-H out-of-plane bending 8.19%
    7       95.76          --                 --  C-C torsion                                                    C-C torsion 95.91%; cyclic-ring torsional/out-of-plane deformation 2.24%
    8      154.99          --                 --  mixed C-C-C bending / C-C torsion / cyclic-ring torsional/out-of-plane deformation C-C-C bending 40.48%; C-C torsion 22.70%; cyclic-ring torsional/out-of-plane deformation 22.50%; cyclic-ring torsional/out-of-plane deformation 3.73%
    9      191.88          --                 --  C-C torsion                                                    C-C torsion 98.63%
   10      210.25          --                 --  C-C torsion                                                    C-C torsion 95.29%
   11      261.44          --                 --  C-C torsion                                                    C-C torsion 91.43%; cyclic-ring torsional/out-of-plane deformation 2.48%
   12      281.83          --                 --  mixed C-C torsion / cyclic-ring deformation (C-C-C bend)       C-C torsion 41.67%; cyclic-ring deformation (C-C-C bend) 16.15%; C-C-C bending 14.07%; C-H bending 9.01%
   13      311.76          --                 --  mixed ring-site C-H out-of-plane bending / cyclic-ring torsional/out-of-plane deformation ring-site C-H out-of-plane bending 39.81%; cyclic-ring torsional/out-of-plane deformation 14.52%; cyclic-ring torsional/out-of-plane deformation 11.92%; C-C torsion 9.90%
   14      358.18          --                 --  C-C torsion                                                    C-C torsion 83.48%; cyclic-ring torsional/out-of-plane deformation 7.49%; C-H bending 3.92%; cyclic-ring out-of-plane deformation 2.17%
   15      390.90          --                 --  mixed C-C torsion / cyclic-ring torsional/out-of-plane deformation C-C torsion 54.14%; cyclic-ring torsional/out-of-plane deformation 21.61%; cyclic-ring out-of-plane deformation 8.54%; C-H bending 5.10%
   16      477.12          --                 --  mixed C-C torsion / ring-site C-H out-of-plane bending / C-C-C bending C-C torsion 24.98%; ring-site C-H out-of-plane bending 24.69%; C-C-C bending 16.21%; cyclic-ring torsional/out-of-plane deformation 11.01%
   17      516.67          --                 --  mixed C-C torsion / C-H bending                                C-C torsion 28.95%; C-H bending 14.95%; cyclic C-C stretching 12.27%; C-C-C bending 11.70%
   18      587.60          --                 --  mixed C-C torsion / C-H bending                                C-C torsion 52.09%; C-H bending 11.89%; cyclic-ring torsional/out-of-plane deformation 7.99%; C-C-C bending 5.76%
   19      676.63          --                 --  mixed in-phase exocyclic C-C stretching / C-C torsion / C-H bending in-phase exocyclic C-C stretching 23.77%; C-C torsion 21.49%; C-H bending 18.09%; C-C-C bending 14.41%
   20      787.95          --                 --  mixed C-C torsion / C-H bending                                C-C torsion 56.23%; C-H bending 41.37%
   21      840.24          --                 --  mixed C-C torsion / mixed-phase cyclic C-O stretching / C-H bending C-C torsion 34.33%; mixed-phase cyclic C-O stretching 21.39%; C-H bending 16.52%; in-phase cyclic C-C stretching 8.97%
   22      867.15          --                 --  mixed C-C torsion / mixed-phase cyclic C-O stretching          C-C torsion 33.81%; mixed-phase cyclic C-O stretching 29.07%; C-H bending 13.98%; ring-site C-H in-plane bending 5.91%
   23      889.70          --                 --  mixed ring-site C-H out-of-plane bending / mixed-phase cyclic C-C stretching / C-C torsion ring-site C-H out-of-plane bending 25.62%; mixed-phase cyclic C-C stretching 23.86%; C-C torsion 15.05%; mixed-phase cyclic C-O stretching 14.27%
   24      900.76          --                 --  mixed C-H bending / mixed-phase cyclic C-O stretching / C-C torsion C-H bending 23.83%; mixed-phase cyclic C-O stretching 21.05%; C-C torsion 17.65%; exocyclic C-C stretching 8.37%
   25      938.43          --                 --  mixed C-H bending / mixed-phase cyclic C-O stretching          C-H bending 30.43%; mixed-phase cyclic C-O stretching 27.68%; C-C torsion 14.01%; cyclic C-C stretching 9.83%
   26      994.51          --                 --  mixed mixed-phase cyclic C-O stretching / C-H bending          mixed-phase cyclic C-O stretching 54.87%; C-H bending 19.94%; C-C torsion 13.69%; ring-site C-H out-of-plane bending 4.23%
   27     1004.12          --                 --  mixed C-H bending / C-C stretching / C-C torsion               C-H bending 38.18%; C-C stretching 23.13%; C-C torsion 20.26%; cyclic C-O stretching 10.88%
   28     1019.78          --                 --  mixed C-H bending / C-C torsion                                C-H bending 50.29%; C-C torsion 17.38%; exocyclic C-C stretching 8.63%; in-phase cyclic C-O stretching 7.94%
   29     1056.64          --                 --  mixed C-H bending / C-C torsion                                C-H bending 58.39%; C-C torsion 22.52%; C-C stretching 5.42%; cyclic C-O stretching 2.36%
   30     1082.96          --                 --  mixed ring-site C-H in-plane bending / ring-site C-H out-of-plane bending ring-site C-H in-plane bending 21.90%; ring-site C-H out-of-plane bending 18.33%; C-H bending 14.35%; C-C torsion 10.09%
   31     1123.81          --                 --  ring-site C-H out-of-plane bending                             ring-site C-H out-of-plane bending 89.27%; ring-site C-H in-plane bending 4.04%; cyclic-ring torsional/out-of-plane deformation 2.30%
   32     1140.02          --                 --  mixed C-H bending / ring-site C-H out-of-plane bending         C-H bending 38.90%; ring-site C-H out-of-plane bending 12.12%; C-C torsion 11.15%; C-C out-of-plane bending 8.67%
   33     1157.16          --                 --  mixed ring-site C-H in-plane bending / ring-site C-H out-of-plane bending ring-site C-H in-plane bending 44.09%; ring-site C-H out-of-plane bending 41.65%; C-C out-of-plane bending 6.10%; cyclic-ring torsional/out-of-plane deformation 2.89%
   34     1173.26          --                 --  mixed C-C out-of-plane bending / ring-site C-H out-of-plane bending C-C out-of-plane bending 56.54%; ring-site C-H out-of-plane bending 27.21%; C-H bending 4.77%; cyclic C-O stretching 3.09%
   35     1183.10          --                 --  mixed C-H bending / C-C torsion                                C-H bending 51.63%; C-C torsion 19.91%; mixed-phase cyclic C-C stretching 8.10%; cyclic C-O stretching 6.19%
   36     1234.74          --                 --  mixed C-H bending / opposite-phase exocyclic C-C stretching    C-H bending 45.03%; opposite-phase exocyclic C-C stretching 18.46%; C-C-C bending 13.34%; C-C torsion 10.39%
   37     1252.41          --                 --  mixed C-H bending / mixed-phase cyclic C-C stretching          C-H bending 57.48%; mixed-phase cyclic C-C stretching 21.48%; cyclic-ring torsional/out-of-plane deformation 3.05%; cyclic-ring torsional/out-of-plane deformation 2.88%
   38     1314.40          --                 --  mixed C-H bending / C-C torsion / ring-site C-H out-of-plane bending C-H bending 47.82%; C-C torsion 20.42%; ring-site C-H out-of-plane bending 19.31%; ring-site C-H in-plane bending 7.40%
   39     1332.69          --                 --  mixed C-H bending / ring-site C-H out-of-plane bending / C-C torsion C-H bending 44.53%; ring-site C-H out-of-plane bending 23.95%; C-C torsion 16.05%; ring-site C-H in-plane bending 8.58%
   40     1378.46          --                 --  C-H bending                                                    C-H bending 93.23%; C-C torsion 3.42%
   41     1414.60          --                 --  C-H bending                                                    C-H bending 92.91%; C-C stretching 2.50%; exocyclic C-C stretching 2.17%
   42     1417.06          --                 --  C-H bending                                                    C-H bending 95.19%; exocyclic C-C stretching 2.16%
   43     1445.99          --                 --  mixed C-H bending / mixed-phase cyclic C-C stretching          C-H bending 32.80%; mixed-phase cyclic C-C stretching 31.98%; ring-site C-H out-of-plane bending 12.50%; cyclic C-O stretching 7.10%
   44     1477.90          --                 --  mixed C-H bending / C-C torsion                                C-H bending 75.95%; C-C torsion 23.68%
   45     1491.53          --                 --  C-H bending                                                    C-H bending 80.89%; C-C torsion 18.31%
   46     1496.37          --                 --  mixed C-H bending / C-C torsion                                C-H bending 74.24%; C-C torsion 25.08%
   47     1508.35          --                 --  mixed C-H bending / C-C torsion                                C-H bending 58.95%; C-C torsion 40.64%
   48     1514.02          --                 --  mixed C-H bending / C-C torsion                                C-H bending 49.63%; C-C torsion 49.36%
   49     1516.74          --                 --  mixed ring-site C-H out-of-plane bending / ring-site C-H in-plane bending ring-site C-H out-of-plane bending 66.72%; ring-site C-H in-plane bending 24.01%; C-H bending 5.39%
   50     1541.54          --                 --  mixed C-H bending / ring-site C-H out-of-plane bending         C-H bending 57.52%; ring-site C-H out-of-plane bending 20.25%; mixed-phase cyclic C-C stretching 14.36%; in-phase cyclic C-O stretching 4.79%
   51     3018.98          --                 --  C-H stretching                                                 C-H stretching 97.42%
   52     3025.24          --                 --  in-phase ring-site C-H stretching                              in-phase ring-site C-H stretching 97.90%
   53     3038.84          --                 --  in-phase C-H stretching                                        in-phase C-H stretching 99.74%
   54     3044.23          --                 --  C-H stretching                                                 C-H stretching 99.36%
   55     3054.37          --                 --  mixed-phase C-H stretching                                     mixed-phase C-H stretching 96.63%
   56     3070.11          --                 --  opposite-phase ring-site C-H stretching                        opposite-phase ring-site C-H stretching 98.86%
   57     3086.29          --                 --  in-phase ring-site C-H stretching                              in-phase ring-site C-H stretching 99.25%
   58     3097.88          --                 --  opposite-phase C-H stretching                                  opposite-phase C-H stretching 99.34%
   59     3109.80          --                 --  mixed-phase C-H stretching                                     mixed-phase C-H stretching 99.34%
   60     3110.98          --                 --  mixed-phase C-H stretching                                     mixed-phase C-H stretching 99.25%
   61     3122.17          --                 --  opposite-phase C-H stretching                                  opposite-phase C-H stretching 98.88%
   62     3171.88          --                 --  opposite-phase ring-site C-H stretching                        opposite-phase ring-site C-H stretching 99.48%

# Selected internal-coordinate set:
#   1  nu(C1-C2)
#   2  nu(C3-C4)
#   3  nu(O5-C6)
#   4  nu(C7-O9)
#   5  nu(C8-H20)
#   6  nu(C2-H13)
#   7  nu(C4-H15)
#   8  nu(C1-H12)
#   9  nu(C3-O5)
#  10  nu(C6-H19)
#  11  nu(C8-H21)
#  12  nu(C2-H14)
#  13  nu(C4-H16)
#  14  nu(C1-H10)
#  15  nu(C6-H18)
#  16  gamma(C7;C8,H20,H21)
#  17  tau(O5-C3-C7-O9)
#  18  nu(C4-H17)
#  19  nu(C1-H11)
#  20  nu(C3-C7)
#  21  delta(H20-C8-H21)
#  22  gamma(H19;C6,O5,H18)
#  23  delta(C3-C7-O9)
#  24  tau(H10-C1-C2-H14)
#  25  tau(H11-C1-C2-H13)
#  26  delta(H15-C4-H16)
#  27  delta(C2-C1-H12)
#  28  delta(H15-C4-H17)
#  29  delta(O5-C6-H18)
#  30  delta(H16-C4-H17)
#  31  delta(C2-C1-H11)
#  32  delta(C2-C1-H10)
#  33  tau(H19-C6-C7-C3)
#  34  tau(H12-C1-C2-C3)
#  35  gamma(O5;C3,C4,C7)
#  36  delta(C1-C2-H14)
#  37  delta(C1-C2-H13)
#  38  nu(C8-O9)
#  39  gamma(H20;C8,C7,O9)
#  40  delta(C3-C4-H15)
#  41  delta(H13-C2-H14)
#  42  delta(C7-C6-H19)
#  43  nu(C7-C8)
#  44  tau(C4-C3-O5-C6)
#  45  nu(C6-C7)
#  46  delta(C3-C4-H16)
#  47  tau(C2-C3-C4-H16)
#  48  delta(C3-C2-H13)
#  49  nu(C2-C3)
#  50  tau(C6-C7-C8-H21)
#  51  tau(O5-C3-C4-H17)
#  52  tau(C1-C2-C3-C7)
#  53  tau(H14-C2-C3-O5)
#  54  delta(C1-C2-C3)
#  55  delta(C3-C7-C8)
#  56  tau(C2-C3-C7-C6)
#  57  delta(C2-C3-C7)

Wrote: /local/scratch/mv487/qm9s/experiment_1_phase2/ped/96217/96217_summary.csv
Wrote: /local/scratch/mv487/qm9s/experiment_1_phase2/ped/96217/96217_families.csv
Wrote: /local/scratch/mv487/qm9s/experiment_1_phase2/ped/96217/96217_ped.csv
Wrote: /local/scratch/mv487/qm9s/experiment_1_phase2/ped/96217/96217_ir_transitions.csv

# All generated files are in: /local/scratch/mv487/qm9s/experiment_1_phase2/ped/96217
# Manifest: /local/scratch/mv487/qm9s/experiment_1_phase2/ped/96217/96217_manifest.txt

--- stderr ---
Normal modes/frequencies absent or incomplete: diagonalizing Hessian.
