# Contact: romi@lens.unifi.it
# Manual: https://github.com/SebRoLENS/orca-ped-analyzer/blob/main/docs/ORCA_PED_Analyzer_Manual.md
# Check GitHub for updates and new releases: https://github.com/SebRoLENS/orca-ped-analyzer
#
# Molecule: 23 atoms | non-linear
# Bonds inferred: 24 | candidate ICs: 250 | selected ICs: 63
# Cartesian-Hessian reconstruction relative error: 6.504e-05
# Energy distribution: PED (PED is the backward-compatible default; TED includes kinetic-energy terms)
# Ring/cycle bonds detected: 7 | ring atoms: 6 | ring systems: 1
# VPT2: no matching .out file supplied/found -> harmonic/PED analysis only
#
 Mode   Harm/cm-1   VPT2/cm-1  Harm.Int/km mol-1  Assignment                                                     Grouped PED
------------------------------------------------------------------------------------------------------------------------------------------------------------------------------------------------
    6       60.18          --                 --  C-C torsion                                                    C-C torsion 72.74%; C-O torsion 10.53%; ring-site C-H out-of-plane bending 7.13%; C-H bending 5.72%
    7       86.92          --                 --  mixed cyclic-ring torsional/out-of-plane deformation / cyclic-ring deformation (C-C-C bend) cyclic-ring torsional/out-of-plane deformation 54.23%; cyclic-ring deformation (C-C-C bend) 18.86%; ring-site C-H out-of-plane bending 15.01%; C-C-C bending 5.34%
    8      152.32          --                 --  mixed ring-site C-H out-of-plane bending / cyclic-ring out-of-plane deformation ring-site C-H out-of-plane bending 61.01%; cyclic-ring out-of-plane deformation 16.59%; C-C torsion 11.49%; cyclic-ring torsional/out-of-plane deformation 4.78%
    9      204.74          --                 --  C-C torsion                                                    C-C torsion 72.13%; ring-site C-H out-of-plane bending 11.78%; cyclic-ring torsional/out-of-plane deformation 5.63%; cyclic-ring deformation (C-C-C bend) 3.38%
   10      245.20          --                 --  mixed ring-site C-H out-of-plane bending / C-O torsion         ring-site C-H out-of-plane bending 34.28%; C-O torsion 29.39%; C-C-C bending 10.63%; C-C torsion 9.45%
   11      251.50          --                 --  C-C torsion                                                    C-C torsion 89.86%; cyclic-ring out-of-plane deformation 3.35%; C-O torsion 2.43%
   12      272.14          --                 --  C-O torsion                                                    C-O torsion 99.90%
   13      364.34          --                 --  mixed C-C-C bending / O-C-C bending                            C-C-C bending 22.13%; O-C-C bending 17.69%; C-O torsion 14.77%; ring-site C-H out-of-plane bending 10.79%
   14      430.24          --                 --  mixed C-O torsion / cyclic-ring torsional/out-of-plane deformation C-O torsion 39.57%; cyclic-ring torsional/out-of-plane deformation 19.78%; ring-site C-H out-of-plane bending 11.95%; ring-site C-H in-plane bending 10.67%
   15      472.27          --                 --  mixed ring-site C-H out-of-plane bending / cyclic-ring out-of-plane deformation / C-C torsion ring-site C-H out-of-plane bending 38.19%; cyclic-ring out-of-plane deformation 27.44%; C-C torsion 19.12%; ring-site C-H in-plane bending 4.83%
   16      544.42          --                 --  mixed cyclic-ring deformation (C-C-C bend) / ring-site C-H out-of-plane bending cyclic-ring deformation (C-C-C bend) 30.46%; ring-site C-H out-of-plane bending 21.07%; cyclic-ring torsional/out-of-plane deformation 9.71%; exocyclic C-O stretching 7.06%
   17      662.54          --                 --  mixed ring-site C-H out-of-plane bending / cyclic-ring deformation (C-C-C bend) ring-site C-H out-of-plane bending 20.53%; cyclic-ring deformation (C-C-C bend) 17.64%; ring-site C-H in-plane bending 13.71%; cyclic-ring out-of-plane deformation 13.02%
   18      687.85          --                 --  mixed cyclic-ring deformation (C-C-C bend) / ring-site C-H in-plane bending cyclic-ring deformation (C-C-C bend) 33.22%; ring-site C-H in-plane bending 19.15%; cyclic-ring out-of-plane deformation 12.37%; ring-site C-H out-of-plane bending 11.39%
   19      737.70          --                 --  mixed C-H bending / C-C torsion                                C-H bending 23.03%; C-C torsion 16.79%; cyclic C-C stretching 14.01%; ring-site C-H out-of-plane bending 13.46%
   20      764.02          --                 --  mixed mixed-phase cyclic C-C stretching / ring-site C-H out-of-plane bending / cyclic-ring out-of-plane deformation mixed-phase cyclic C-C stretching 30.63%; ring-site C-H out-of-plane bending 28.01%; cyclic-ring out-of-plane deformation 16.15%; C-H bending 5.56%
   21      806.64          --                 --  mixed C-H bending / C-C torsion / ring-site C-H out-of-plane bending C-H bending 46.77%; C-C torsion 20.28%; ring-site C-H out-of-plane bending 19.96%; ring-site C-H in-plane bending 4.72%
   22      827.72          --                 --  mixed ring-site C-H out-of-plane bending / ring-site C-H in-plane bending ring-site C-H out-of-plane bending 41.77%; ring-site C-H in-plane bending 28.32%; cyclic-ring deformation (C-C-C bend) 11.73%; cyclic C-C stretching 7.65%
   23      868.47          --                 --  mixed ring-site C-H in-plane bending / ring-site C-H out-of-plane bending / cyclic C-C stretching ring-site C-H in-plane bending 46.76%; ring-site C-H out-of-plane bending 26.60%; cyclic C-C stretching 17.92%; cyclic-ring out-of-plane deformation 2.25%
   24      915.86          --                 --  mixed C-H bending / ring-site C-H out-of-plane bending / cyclic-ring deformation (C-C-C bend) C-H bending 18.22%; ring-site C-H out-of-plane bending 17.16%; cyclic-ring deformation (C-C-C bend) 15.53%; mixed-phase cyclic C-C stretching 13.81%
   25      957.70          --                 --  mixed mixed-phase cyclic C-C stretching / ring-site C-H in-plane bending mixed-phase cyclic C-C stretching 66.13%; ring-site C-H in-plane bending 9.67%; ring-site C-H out-of-plane bending 4.76%; exocyclic C-O stretching 4.38%
   26      970.56          --                 --  mixed ring-site C-H out-of-plane bending / C-H bending / mixed-phase cyclic C-C stretching ring-site C-H out-of-plane bending 24.72%; C-H bending 16.13%; mixed-phase cyclic C-C stretching 16.06%; C-C stretching 15.84%
   27      995.50          --                 --  mixed ring-site C-H out-of-plane bending / mixed-phase cyclic C-C stretching ring-site C-H out-of-plane bending 36.96%; mixed-phase cyclic C-C stretching 17.83%; ring-site C-H in-plane bending 12.66%; C-H bending 11.50%
   28     1017.69          --                 --  mixed ring-site C-H out-of-plane bending / opposite-phase cyclic C-C stretching ring-site C-H out-of-plane bending 52.55%; opposite-phase cyclic C-C stretching 11.62%; ring-site C-H in-plane bending 11.04%; C-C stretching 6.33%
   29     1036.18          --                 --  mixed ring-site C-H out-of-plane bending / ring-site C-H in-plane bending ring-site C-H out-of-plane bending 32.87%; ring-site C-H in-plane bending 27.79%; cyclic C-C stretching 10.17%; exocyclic C-O stretching 9.46%
   30     1047.30          --                 --  mixed C-C stretching / exocyclic C-O stretching                C-C stretching 15.65%; exocyclic C-O stretching 14.71%; exocyclic C-C stretching 14.38%; mixed-phase cyclic C-C stretching 14.35%
   31     1080.35          --                 --  mixed ring-site C-H out-of-plane bending / ring-site C-H in-plane bending ring-site C-H out-of-plane bending 29.25%; ring-site C-H in-plane bending 18.88%; exocyclic C-O stretching 14.78%; C-H bending 11.60%
   32     1097.63          --                 --  mixed ring-site C-H in-plane bending / mixed-phase cyclic C-C stretching ring-site C-H in-plane bending 34.77%; mixed-phase cyclic C-C stretching 17.86%; cyclic-ring out-of-plane deformation 14.69%; C-O torsion 8.69%
   33     1110.35          --                 --  mixed ring-site C-H out-of-plane bending / C-H bending         ring-site C-H out-of-plane bending 34.71%; C-H bending 26.92%; mixed-phase cyclic C-C stretching 9.87%; cyclic-ring out-of-plane deformation 9.77%
   34     1134.73          --                 --  mixed ring-site C-H out-of-plane bending / ring-site C-H in-plane bending ring-site C-H out-of-plane bending 60.31%; ring-site C-H in-plane bending 10.63%; C-H bending 8.40%; C-C-C bending 5.95%
   35     1154.30          --                 --  mixed ring-site C-H out-of-plane bending / ring-site C-H in-plane bending / C-H bending ring-site C-H out-of-plane bending 30.84%; ring-site C-H in-plane bending 23.11%; C-H bending 22.07%; cyclic-ring out-of-plane deformation 11.06%
   36     1203.99          --                 --  mixed ring-site C-H in-plane bending / ring-site C-H out-of-plane bending ring-site C-H in-plane bending 59.74%; ring-site C-H out-of-plane bending 9.54%; cyclic-ring deformation (C-C-C bend) 7.65%; C-H bending 7.12%
   37     1233.88          --                 --  mixed O-H bending / ring-site C-H in-plane bending / C-O torsion O-H bending 31.08%; ring-site C-H in-plane bending 22.32%; C-O torsion 19.96%; mixed-phase cyclic C-C stretching 7.69%
   38     1239.07          --                 --  mixed ring-site C-H in-plane bending / C-C out-of-plane bending ring-site C-H in-plane bending 59.81%; C-C out-of-plane bending 14.58%; mixed-phase cyclic C-C stretching 7.75%; C-O torsion 4.86%
   39     1253.12          --                 --  mixed ring-site C-H in-plane bending / C-H bending             ring-site C-H in-plane bending 38.63%; C-H bending 13.44%; C-O torsion 11.48%; ring-site C-H out-of-plane bending 9.82%
   40     1295.61          --                 --  mixed C-H bending / ring-site C-H in-plane bending             C-H bending 46.71%; ring-site C-H in-plane bending 25.76%; C-C out-of-plane bending 11.22%; ring-site C-H out-of-plane bending 5.36%
   41     1302.99          --                 --  mixed ring-site C-H in-plane bending / C-C out-of-plane bending / C-H bending ring-site C-H in-plane bending 40.73%; C-C out-of-plane bending 24.50%; C-H bending 18.65%; ring-site C-H out-of-plane bending 8.43%
   42     1333.82          --                 --  mixed ring-site C-H in-plane bending / C-H bending             ring-site C-H in-plane bending 67.81%; C-H bending 9.67%; ring-site C-H out-of-plane bending 9.08%; cyclic C-C stretching 4.87%
   43     1346.53          --                 --  C-H bending                                                    C-H bending 75.24%; ring-site C-H in-plane bending 9.11%; ring-site C-H out-of-plane bending 8.63%
   44     1352.69          --                 --  mixed ring-site C-H in-plane bending / C-O torsion             ring-site C-H in-plane bending 52.38%; C-O torsion 26.89%; mixed-phase cyclic C-C stretching 7.42%; C-H bending 5.63%
   45     1360.38          --                 --  mixed ring-site C-H in-plane bending / C-H bending             ring-site C-H in-plane bending 55.38%; C-H bending 22.03%; opposite-phase cyclic C-C stretching 6.99%; C-O torsion 5.66%
   46     1397.68          --                 --  mixed ring-site C-H in-plane bending / C-H bending             ring-site C-H in-plane bending 45.07%; C-H bending 18.91%; ring-site C-H out-of-plane bending 14.67%; C-O torsion 11.97%
   47     1415.00          --                 --  C-H bending                                                    C-H bending 86.19%; C-C stretching 7.72%; ring-site C-H in-plane bending 3.00%
   48     1427.53          --                 --  mixed C-H bending / mixed-phase cyclic C-C stretching          C-H bending 44.60%; mixed-phase cyclic C-C stretching 11.64%; C-C out-of-plane bending 10.93%; ring-site C-H in-plane bending 8.66%
   49     1458.76          --                 --  mixed ring-site C-H in-plane bending / in-phase cyclic C-C stretching / ring-site C-H out-of-plane bending ring-site C-H in-plane bending 26.01%; in-phase cyclic C-C stretching 22.42%; ring-site C-H out-of-plane bending 17.61%; C-H bending 11.18%
   50     1490.07          --                 --  C-H bending                                                    C-H bending 93.99%; C-C torsion 2.67%
   51     1498.75          --                 --  C-H bending                                                    C-H bending 74.96%; ring-site C-H in-plane bending 12.83%; ring-site C-H out-of-plane bending 9.21%
   52     1501.18          --                 --  mixed C-C torsion / C-H bending                                C-C torsion 74.10%; C-H bending 22.86%
   53     1509.84          --                 --  mixed C-H bending / C-C torsion                                C-H bending 49.68%; C-C torsion 37.13%; ring-site C-H out-of-plane bending 6.80%; ring-site C-H in-plane bending 4.86%
   54     1519.08          --                 --  mixed C-H bending / ring-site C-H out-of-plane bending         C-H bending 66.31%; ring-site C-H out-of-plane bending 18.33%; ring-site C-H in-plane bending 9.15%; C-C torsion 5.00%
   55     2978.61          --                 --  ring-site C-H stretching                                       ring-site C-H stretching 98.83%
   56     3022.55          --                 --  in-phase C-H stretching                                        in-phase C-H stretching 99.47%
   57     3031.71          --                 --  in-phase ring-site C-H stretching                              in-phase ring-site C-H stretching 98.80%
   58     3037.31          --                 --  C-H stretching                                                 C-H stretching 98.57%
   59     3053.15          --                 --  ring-site C-H stretching                                       ring-site C-H stretching 98.86%
   60     3058.82          --                 --  mixed-phase ring-site C-H stretching                           mixed-phase ring-site C-H stretching 97.88%
   61     3075.80          --                 --  mixed-phase C-H stretching                                     mixed-phase C-H stretching 97.32%; ring-site C-H stretching 2.03%
   62     3088.15          --                 --  opposite-phase C-H stretching                                  opposite-phase C-H stretching 99.37%
   63     3093.12          --                 --  mixed mixed-phase ring-site C-H stretching / mixed-phase C-H stretching mixed-phase ring-site C-H stretching 73.09%; mixed-phase C-H stretching 25.70%
   64     3097.82          --                 --  mixed-phase ring-site C-H stretching                           mixed-phase ring-site C-H stretching 99.13%
   65     3117.49          --                 --  mixed mixed-phase C-H stretching / mixed-phase ring-site C-H stretching mixed-phase C-H stretching 75.16%; mixed-phase ring-site C-H stretching 24.32%
   66     3148.72          --                 --  mixed-phase ring-site C-H stretching                           mixed-phase ring-site C-H stretching 98.82%
   67     3161.03          --                 --  ring-site C-H stretching                                       ring-site C-H stretching 98.89%
   68     3804.67          --                 --  O-H stretching                                                 O-H stretching 99.93%

# Selected internal-coordinate set:
#   1  nu(C1-C2)
#   2  nu(C3-C9)
#   3  nu(C4-C5)
#   4  nu(C6-H20)
#   5  nu(O8-H22)
#   6  nu(C7-H21)
#   7  nu(C6-H19)
#   8  nu(C5-H17)
#   9  nu(C2-H13)
#  10  nu(C3-H15)
#  11  nu(C1-H12)
#  12  nu(C7-O8)
#  13  nu(C4-H16)
#  14  nu(C9-H23)
#  15  nu(C2-H14)
#  16  nu(C1-H11)
#  17  nu(C5-H18)
#  18  tau(H15-C3-C9-H23)
#  19  tau(H21-C7-O8-H22)
#  20  gamma(C7;C6,H19,H20)
#  21  nu(C1-H10)
#  22  gamma(C3;C4,C5,H16)
#  23  tau(H15-C3-C9-C7)
#  24  delta(C5-C4-H16)
#  25  delta(H19-C6-H20)
#  26  delta(C3-C9-H23)
#  27  tau(H10-C1-C2-H14)
#  28  delta(H17-C5-H18)
#  29  delta(C7-O8-H22)
#  30  tau(H11-C1-C2-H13)
#  31  delta(C2-C1-H12)
#  32  delta(C2-C1-H11)
#  33  delta(C2-C1-H10)
#  34  delta(C6-C5-H17)
#  35  tau(H12-C1-C2-C3)
#  36  tau(C9-C7-O8-H22)
#  37  delta(O8-C7-H21)
#  38  delta(C6-C5-H18)
#  39  delta(C9-C3-H15)
#  40  delta(C1-C2-H13)
#  41  delta(C1-C2-H14)
#  42  delta(C6-C7-H21)
#  43  nu(C3-C4)
#  44  nu(C6-C7)
#  45  delta(H13-C2-H14)
#  46  tau(H17-C5-C6-H20)
#  47  delta(C2-C3-C9)
#  48  nu(C5-C6)
#  49  nu(C7-C9)
#  50  delta(C5-C6-H20)
#  51  gamma(C5;C4,C3,C9)
#  52  nu(C2-C3)
#  53  tau(C2-C3-C9-H23)
#  54  delta(C4-C5-H18)
#  55  delta(O8-C7-C9)
#  56  delta(C3-C2-H14)
#  57  delta(C5-C6-C7)
#  58  tau(C3-C4-C5-H17)
#  59  delta(C1-C2-C3)
#  60  tau(O8-C7-C9-C4)
#  61  gamma(C4;C3,C2,C9)
#  62  tau(C1-C2-C3-C9)
#  63  delta(C3-C9-C7)

Wrote: /local/scratch/mv487/qm9s/experiment_1_phase2/ped/103247/103247_summary.csv
Wrote: /local/scratch/mv487/qm9s/experiment_1_phase2/ped/103247/103247_families.csv
Wrote: /local/scratch/mv487/qm9s/experiment_1_phase2/ped/103247/103247_ped.csv
Wrote: /local/scratch/mv487/qm9s/experiment_1_phase2/ped/103247/103247_ir_transitions.csv

# All generated files are in: /local/scratch/mv487/qm9s/experiment_1_phase2/ped/103247
# Manifest: /local/scratch/mv487/qm9s/experiment_1_phase2/ped/103247/103247_manifest.txt

--- stderr ---
Normal modes/frequencies absent or incomplete: diagonalizing Hessian.
