# Contact: romi@lens.unifi.it
# Manual: https://github.com/SebRoLENS/orca-ped-analyzer/blob/main/docs/ORCA_PED_Analyzer_Manual.md
# Check GitHub for updates and new releases: https://github.com/SebRoLENS/orca-ped-analyzer
#
# Molecule: 17 atoms | non-linear
# Bonds inferred: 18 | candidate ICs: 165 | selected ICs: 45
# Cartesian-Hessian reconstruction relative error: 1.725e-05
# Energy distribution: PED (PED is the backward-compatible default; TED includes kinetic-energy terms)
# Ring/cycle bonds detected: 6 | ring atoms: 5 | ring systems: 1
# VPT2: no matching .out file supplied/found -> harmonic/PED analysis only
#
 Mode   Harm/cm-1   VPT2/cm-1  Harm.Int/km mol-1  Assignment                                                     Grouped PED
------------------------------------------------------------------------------------------------------------------------------------------------------------------------------------------------
    6      115.74          --                 --  mixed C-C torsion / cyclic-ring out-of-plane deformation / C-C-C linear bending C-C torsion 40.75%; cyclic-ring out-of-plane deformation 27.97%; C-C-C linear bending 17.09%; C-O out-of-plane bending 4.70%
    7      137.13          --                 --  mixed C-C torsion / C-C-C linear bending / cyclic-ring out-of-plane deformation C-C torsion 29.53%; C-C-C linear bending 20.95%; cyclic-ring out-of-plane deformation 16.80%; cyclic-ring torsional/out-of-plane deformation 13.06%
    8      186.94          --                 --  C-C torsion                                                    C-C torsion 99.44%
    9      237.56          --                 --  mixed cyclic-ring out-of-plane deformation / cyclic-ring torsional/out-of-plane deformation cyclic-ring out-of-plane deformation 37.75%; cyclic-ring torsional/out-of-plane deformation 27.36%; C-C-C linear bending 9.51%; C-O torsion 5.94%
   10      252.29          --                 --  mixed C-C torsion / cyclic-ring out-of-plane deformation       C-C torsion 63.48%; cyclic-ring out-of-plane deformation 16.02%; cyclic-ring torsional/out-of-plane deformation 12.13%; C-O torsion 3.86%
   11      271.26          --                 --  mixed cyclic-ring torsional/out-of-plane deformation / C-O torsion / cyclic-ring out-of-plane deformation cyclic-ring torsional/out-of-plane deformation 31.26%; C-O torsion 25.68%; cyclic-ring out-of-plane deformation 22.50%; C-O out-of-plane bending 12.96%
   12      342.29          --                 --  mixed cyclic-ring torsional/out-of-plane deformation / C-C torsion / C-O out-of-plane bending cyclic-ring torsional/out-of-plane deformation 34.07%; C-C torsion 33.35%; C-O out-of-plane bending 16.69%; C-O torsion 4.01%
   13      380.82          --                 --  mixed cyclic-ring out-of-plane deformation / cyclic-ring torsional/out-of-plane deformation / C-C-C linear bending cyclic-ring out-of-plane deformation 29.07%; cyclic-ring torsional/out-of-plane deformation 22.51%; C-C-C linear bending 19.94%; C-O out-of-plane bending 13.84%
   14      417.23          --                 --  mixed C-C torsion / cyclic-ring out-of-plane deformation / cyclic-ring torsional/out-of-plane deformation C-C torsion 33.86%; cyclic-ring out-of-plane deformation 23.09%; cyclic-ring torsional/out-of-plane deformation 19.98%; C-O out-of-plane bending 8.79%
   15      482.38          --                 --  mixed cyclic-ring out-of-plane deformation / O-C-C bending     cyclic-ring out-of-plane deformation 50.12%; O-C-C bending 8.19%; C-C torsion 7.64%; C-O out-of-plane bending 7.27%
   16      501.92          --                 --  mixed cyclic-ring out-of-plane deformation / C-C-C linear bending / cyclic-ring torsional/out-of-plane deformation cyclic-ring out-of-plane deformation 28.60%; C-C-C linear bending 23.50%; cyclic-ring torsional/out-of-plane deformation 19.12%; O-C-C bending 9.36%
   17      572.38          --                 --  mixed cyclic-ring out-of-plane deformation / C-C torsion       cyclic-ring out-of-plane deformation 31.27%; C-C torsion 17.46%; O-C-C bending 11.20%; C-O out-of-plane bending 8.39%
   18      618.13          --                 --  C-C-H linear bending                                           C-C-H linear bending 91.81%; C-C-C linear bending 4.53%
   19      628.95          --                 --  mixed C-O out-of-plane bending / C-C torsion                   C-O out-of-plane bending 30.78%; C-C torsion 17.35%; cyclic C-C stretching 13.74%; in-phase exocyclic C-C stretching 12.82%
   20      701.17          --                 --  mixed C-C torsion / cyclic C-C stretching / cyclic-ring deformation (C-C-O bend) C-C torsion 28.72%; cyclic C-C stretching 21.58%; cyclic-ring deformation (C-C-O bend) 16.23%; cyclic-ring out-of-plane deformation 10.37%
   21      719.87          --                 --  C-C-H linear bending                                           C-C-H linear bending 93.30%; C-C-C linear bending 3.58%
   22      782.31          --                 --  mixed cyclic-ring out-of-plane deformation / mixed-phase cyclic C-C stretching / cyclic-ring deformation (C-C-O bend) cyclic-ring out-of-plane deformation 32.38%; mixed-phase cyclic C-C stretching 19.49%; cyclic-ring deformation (C-C-O bend) 17.10%; cyclic-ring torsional/out-of-plane deformation 15.12%
   23      915.18          --                 --  mixed cyclic-ring deformation (C-C-O bend) / cyclic-ring out-of-plane deformation cyclic-ring deformation (C-C-O bend) 31.94%; cyclic-ring out-of-plane deformation 13.06%; mixed-phase cyclic C-C stretching 10.18%; exocyclic C-C stretching 8.67%
   24      936.85          --                 --  mixed ring-site C-H out-of-plane bending / cyclic C-O stretching ring-site C-H out-of-plane bending 55.75%; cyclic C-O stretching 20.18%; ring-site C-H in-plane bending 5.43%; cyclic-ring deformation (C-C-O bend) 3.32%
   25      957.15          --                 --  mixed cyclic C-O stretching / cyclic-ring deformation (C-C-O bend) cyclic C-O stretching 60.38%; cyclic-ring deformation (C-C-O bend) 11.74%; ring-site C-H in-plane bending 10.04%; ring-site C-H out-of-plane bending 4.92%
   26      977.14          --                 --  mixed cyclic C-C stretching / ring-site C-H in-plane bending   cyclic C-C stretching 21.32%; ring-site C-H in-plane bending 20.50%; C-C torsion 11.50%; C-H bending 9.97%
   27      988.37          --                 --  mixed C-H bending / opposite-phase cyclic C-C stretching       C-H bending 27.23%; opposite-phase cyclic C-C stretching 19.22%; C-C torsion 14.58%; cyclic-ring deformation (C-C-O bend) 13.81%
   28     1032.65          --                 --  mixed cyclic C-O stretching / C-H bending                      cyclic C-O stretching 33.78%; C-H bending 21.46%; ring-site C-H in-plane bending 9.57%; O-C-C bending 6.19%
   29     1082.12          --                 --  mixed ring-site C-H in-plane bending / mixed-phase cyclic C-C stretching ring-site C-H in-plane bending 38.67%; mixed-phase cyclic C-C stretching 21.51%; C-H bending 11.75%; cyclic C-O stretching 8.67%
   30     1094.13          --                 --  mixed C-H bending / C-C torsion                                C-H bending 65.86%; C-C torsion 9.10%; ring-site C-H in-plane bending 5.58%; cyclic-ring out-of-plane deformation 4.70%
   31     1157.68          --                 --  ring-site C-H in-plane bending                                 ring-site C-H in-plane bending 89.17%
   32     1180.00          --                 --  mixed opposite-phase exocyclic C-C stretching / C-H bending    opposite-phase exocyclic C-C stretching 20.51%; C-H bending 19.27%; ring-site C-H in-plane bending 12.35%; cyclic C-O stretching 11.23%
   33     1202.25          --                 --  mixed exocyclic C-O stretching / opposite-phase exocyclic C-C stretching / ring-site C-H in-plane bending exocyclic C-O stretching 25.36%; opposite-phase exocyclic C-C stretching 18.03%; ring-site C-H in-plane bending 16.49%; mixed-phase cyclic C-C stretching 10.15%
   34     1287.14          --                 --  mixed ring-site C-H in-plane bending / mixed-phase cyclic C-C stretching ring-site C-H in-plane bending 31.26%; mixed-phase cyclic C-C stretching 13.76%; cyclic-ring out-of-plane deformation 13.40%; O-H bending 10.42%
   35     1317.33          --                 --  mixed O-H bending / C-H bending                                O-H bending 41.10%; C-H bending 15.17%; cyclic-ring out-of-plane deformation 12.35%; ring-site C-H in-plane bending 8.26%
   36     1334.91          --                 --  mixed ring-site C-H in-plane bending / mixed-phase cyclic C-C stretching ring-site C-H in-plane bending 69.75%; mixed-phase cyclic C-C stretching 14.46%; in-phase cyclic C-O stretching 3.44%; C-H bending 2.56%
   37     1410.31          --                 --  C-H bending                                                    C-H bending 79.57%; in-phase cyclic C-C stretching 8.64%; C-C torsion 3.64%; ring-site C-H in-plane bending 3.11%
   38     1427.37          --                 --  mixed C-H bending / in-phase cyclic C-C stretching             C-H bending 58.50%; in-phase cyclic C-C stretching 16.13%; exocyclic C-C stretching 12.26%; cyclic-ring out-of-plane deformation 3.58%
   39     1492.39          --                 --  mixed C-H bending / C-C torsion                                C-H bending 69.88%; C-C torsion 28.49%
   40     1498.31          --                 --  C-H bending                                                    C-H bending 85.63%; C-C torsion 12.64%
   41     1524.58          --                 --  C-H bending                                                    C-H bending 77.96%; ring-site C-H in-plane bending 16.19%; C-C torsion 3.13%
   42     2213.58          --                 --  C-C stretching                                                 C-C stretching 82.04%; exocyclic C-C stretching 13.48%; C-H stretching 4.17%
   43     3034.57          --                 --  C-H stretching                                                 C-H stretching 97.70%
   44     3043.29          --                 --  in-phase ring-site C-H stretching                              in-phase ring-site C-H stretching 97.13%
   45     3090.60          --                 --  mixed opposite-phase ring-site C-H stretching / opposite-phase C-H stretching opposite-phase ring-site C-H stretching 71.48%; opposite-phase C-H stretching 27.73%
   46     3091.31          --                 --  mixed opposite-phase C-H stretching / opposite-phase ring-site C-H stretching opposite-phase C-H stretching 71.48%; opposite-phase ring-site C-H stretching 27.57%
   47     3131.47          --                 --  mixed-phase C-H stretching                                     mixed-phase C-H stretching 99.19%
   48     3212.51          --                 --  ring-site C-H stretching                                       ring-site C-H stretching 99.29%
   49     3476.10          --                 --  C-H stretching                                                 C-H stretching 95.68%; C-C stretching 4.25%
   50     3773.06          --                 --  O-H stretching                                                 O-H stretching 99.84%

# Selected internal-coordinate set:
#   1  nu(C1-C2)
#   2  nu(O3-H13)
#   3  nu(C4-C5)
#   4  nu(C7-C8)
#   5  nu(C9-H17)
#   6  nu(C5-O6)
#   7  nu(C1-H12)
#   8  delta_lin2(C8-C9-H17)
#   9  delta_lin1(C8-C9-H17)
#  10  nu(O6-C7)
#  11  nu(C1-H11)
#  12  nu(C5-H15)
#  13  nu(C2-O3)
#  14  tau(C4-C2-O3-H13)
#  15  nu(C4-H14)
#  16  gamma(C2;C7,O6,C8)
#  17  nu(C1-H10)
#  18  nu(C5-H16)
#  19  tau(H14-C4-C5-O6)
#  20  delta(C5-C4-H14)
#  21  delta(C2-O3-H13)
#  22  delta(O6-C7-C8)
#  23  delta(H11-C1-H12)
#  24  delta(H10-C1-H12)
#  25  delta(O6-C5-H15)
#  26  delta(H10-C1-H11)
#  27  gamma(O3;C2,C1,C4)
#  28  delta(H15-C5-H16)
#  29  delta(O6-C5-H16)
#  30  nu(C8-C9)
#  31  delta(C2-C1-H12)
#  32  nu(C2-C4)
#  33  delta(C4-C5-H16)
#  34  delta_lin1(C7-C8-C9)
#  35  gamma(O3;C2,C4,C7)
#  36  delta(C4-C5-O6)
#  37  delta(C2-C1-H11)
#  38  delta_lin2(C7-C8-C9)
#  39  tau(H11-C1-C2-C7)
#  40  tau(C2-C4-C5-O6)
#  41  tau(H10-C1-C2-O3)
#  42  nu(C2-C7)
#  43  gamma(C4;C2,C1,C7)
#  44  gamma(O6;C7,C2,C4)
#  45  tau(O3-C2-C7-O6)

Wrote: /local/scratch/mv487/qm9s/experiment_1_phase2/ped/126358/126358_summary.csv
Wrote: /local/scratch/mv487/qm9s/experiment_1_phase2/ped/126358/126358_families.csv
Wrote: /local/scratch/mv487/qm9s/experiment_1_phase2/ped/126358/126358_ped.csv
Wrote: /local/scratch/mv487/qm9s/experiment_1_phase2/ped/126358/126358_ir_transitions.csv

# All generated files are in: /local/scratch/mv487/qm9s/experiment_1_phase2/ped/126358
# Manifest: /local/scratch/mv487/qm9s/experiment_1_phase2/ped/126358/126358_manifest.txt

--- stderr ---
Normal modes/frequencies absent or incomplete: diagonalizing Hessian.
