# Contact: romi@lens.unifi.it
# Manual: https://github.com/SebRoLENS/orca-ped-analyzer/blob/main/docs/ORCA_PED_Analyzer_Manual.md
# Check GitHub for updates and new releases: https://github.com/SebRoLENS/orca-ped-analyzer
#
# Molecule: 18 atoms | non-linear
# Bonds inferred: 21 | candidate ICs: 229 | selected ICs: 48
# Cartesian-Hessian reconstruction relative error: 3.532e-05
# Energy distribution: PED (PED is the backward-compatible default; TED includes kinetic-energy terms)
# Ring/cycle bonds detected: 11 | ring atoms: 8 | ring systems: 1
# VPT2: no matching .out file supplied/found -> harmonic/PED analysis only
#
 Mode   Harm/cm-1   VPT2/cm-1  Harm.Int/km mol-1  Assignment                                                     Grouped PED
------------------------------------------------------------------------------------------------------------------------------------------------------------------------------------------------
    6      206.98          --                 --  C-C torsion                                                    C-C torsion 99.53%
    7      229.87          --                 --  mixed cyclic-ring torsional/out-of-plane deformation / C-C torsion cyclic-ring torsional/out-of-plane deformation 40.55%; C-C torsion 38.48%; C-C-C bending 13.37%; C-H bending 3.40%
    8      254.62          --                 --  mixed C-C torsion / cyclic-ring torsional/out-of-plane deformation / C-C-C bending C-C torsion 42.56%; cyclic-ring torsional/out-of-plane deformation 27.99%; C-C-C bending 17.53%; C-H bending 4.07%
    9      328.04          --                 --  mixed cyclic-ring torsional/out-of-plane deformation / C-C torsion cyclic-ring torsional/out-of-plane deformation 44.22%; C-C torsion 23.25%; cyclic-ring torsional/out-of-plane deformation 12.37%; ring-site C-H out-of-plane bending 8.72%
   10      404.00          --                 --  mixed cyclic-ring torsional/out-of-plane deformation / mixed-phase cyclic C-C stretching cyclic-ring torsional/out-of-plane deformation 64.58%; mixed-phase cyclic C-C stretching 8.71%; C-C-C bending 7.32%; cyclic-ring deformation (C-C-C bend) 4.31%
   11      473.32          --                 --  mixed mixed-phase cyclic C-C stretching / cyclic-ring torsional/out-of-plane deformation / ring-site C-H out-of-plane bending mixed-phase cyclic C-C stretching 42.11%; cyclic-ring torsional/out-of-plane deformation 30.70%; ring-site C-H out-of-plane bending 15.38%; cyclic C-N stretching 3.42%
   12      526.30          --                 --  mixed cyclic-ring torsional/out-of-plane deformation / C-C torsion cyclic-ring torsional/out-of-plane deformation 32.39%; C-C torsion 29.44%; cyclic C-N stretching 9.90%; ring-site C-H out-of-plane bending 7.17%
   13      599.71          --                 --  mixed cyclic-ring torsional/out-of-plane deformation / cyclic-ring deformation (C-C-N bend) cyclic-ring torsional/out-of-plane deformation 39.43%; cyclic-ring deformation (C-C-N bend) 21.90%; cyclic-ring deformation (C-C-C bend) 10.76%; mixed-phase cyclic C-C stretching 8.60%
   14      658.45          --                 --  mixed cyclic C-C stretching / in-phase cyclic C-N stretching   cyclic C-C stretching 23.68%; in-phase cyclic C-N stretching 23.17%; exocyclic C-C stretching 12.40%; C-C torsion 10.60%
   15      688.05          --                 --  mixed cyclic-ring deformation (C-C-C bend) / cyclic C-N stretching / mixed-phase cyclic C-C stretching cyclic-ring deformation (C-C-C bend) 37.04%; cyclic C-N stretching 16.49%; mixed-phase cyclic C-C stretching 15.98%; ring-site C-H out-of-plane bending 8.07%
   16      748.85          --                 --  mixed C-C torsion / cyclic-ring torsional/out-of-plane deformation C-C torsion 25.21%; cyclic-ring torsional/out-of-plane deformation 23.43%; ring-site C-H out-of-plane bending 11.49%; mixed-phase cyclic C-N stretching 11.35%
   17      766.44          --                 --  mixed cyclic-ring out-of-plane deformation / cyclic-ring torsional/out-of-plane deformation cyclic-ring out-of-plane deformation 26.03%; cyclic-ring torsional/out-of-plane deformation 19.21%; mixed-phase cyclic C-C stretching 14.48%; ring-site C-H in-plane bending 9.24%
   18      789.82          --                 --  mixed ring-site C-H out-of-plane bending / C-C torsion         ring-site C-H out-of-plane bending 24.14%; C-C torsion 24.02%; cyclic-ring deformation (C-C-C bend) 14.02%; cyclic-ring out-of-plane deformation 8.21%
   19      826.22          --                 --  mixed ring-site C-H out-of-plane bending / opposite-phase cyclic C-C stretching ring-site C-H out-of-plane bending 56.72%; opposite-phase cyclic C-C stretching 27.13%; cyclic-ring torsional/out-of-plane deformation 4.27%; cyclic-ring out-of-plane deformation 4.21%
   20      846.76          --                 --  mixed C-C torsion / C-H bending                                C-C torsion 35.82%; C-H bending 20.63%; cyclic C-N stretching 14.70%; cyclic-ring deformation (C-C-N bend) 10.51%
   21      872.43          --                 --  mixed C-H bending / C-C torsion / mixed-phase cyclic C-C stretching C-H bending 33.94%; C-C torsion 24.42%; mixed-phase cyclic C-C stretching 21.93%; cyclic C-N stretching 5.54%
   22      884.38          --                 --  mixed mixed-phase cyclic C-C stretching / ring-site C-H out-of-plane bending mixed-phase cyclic C-C stretching 24.84%; ring-site C-H out-of-plane bending 14.04%; cyclic-ring deformation (C-C-N bend) 13.44%; cyclic-ring torsional/out-of-plane deformation 8.72%
   23      886.44          --                 --  mixed cyclic C-C stretching / ring-site C-H out-of-plane bending / ring-site C-H in-plane bending cyclic C-C stretching 47.04%; ring-site C-H out-of-plane bending 19.61%; ring-site C-H in-plane bending 17.21%; cyclic-ring deformation (C-C-C bend) 5.44%
   24      921.70          --                 --  mixed cyclic C-C stretching / mixed-phase cyclic C-N stretching / ring-site C-H out-of-plane bending cyclic C-C stretching 29.16%; mixed-phase cyclic C-N stretching 21.35%; ring-site C-H out-of-plane bending 18.84%; cyclic-ring torsional/out-of-plane deformation 10.64%
   25      965.68          --                 --  mixed mixed-phase cyclic C-N stretching / mixed-phase cyclic C-C stretching mixed-phase cyclic C-N stretching 31.88%; mixed-phase cyclic C-C stretching 13.83%; C-H bending 13.21%; cyclic-ring torsional/out-of-plane deformation 12.71%
   26      988.85          --                 --  mixed ring-site C-H out-of-plane bending / cyclic-ring torsional/out-of-plane deformation ring-site C-H out-of-plane bending 62.23%; cyclic-ring torsional/out-of-plane deformation 17.40%; mixed-phase cyclic C-C stretching 15.06%; C-H bending 2.12%
   27     1008.65          --                 --  mixed mixed-phase cyclic C-C stretching / opposite-phase cyclic C-N stretching / ring-site C-H in-plane bending mixed-phase cyclic C-C stretching 32.50%; opposite-phase cyclic C-N stretching 25.91%; ring-site C-H in-plane bending 16.04%; ring-site C-H out-of-plane bending 10.24%
   28     1042.42          --                 --  mixed cyclic C-C stretching / ring-site C-H out-of-plane bending / ring-site C-H in-plane bending cyclic C-C stretching 33.84%; ring-site C-H out-of-plane bending 27.32%; ring-site C-H in-plane bending 16.37%; cyclic-ring torsional/out-of-plane deformation 7.30%
   29     1057.66          --                 --  mixed ring-site C-H out-of-plane bending / ring-site C-H in-plane bending ring-site C-H out-of-plane bending 31.91%; ring-site C-H in-plane bending 23.17%; mixed-phase cyclic C-C stretching 13.82%; cyclic-ring torsional/out-of-plane deformation 11.86%
   30     1107.15          --                 --  mixed mixed-phase cyclic C-C stretching / ring-site C-H out-of-plane bending mixed-phase cyclic C-C stretching 33.40%; ring-site C-H out-of-plane bending 20.54%; ring-site C-H in-plane bending 13.54%; C-H bending 10.55%
   31     1132.11          --                 --  mixed C-H bending / mixed-phase cyclic C-C stretching          C-H bending 58.17%; mixed-phase cyclic C-C stretching 9.83%; C-C-C bending 6.88%; ring-site C-H out-of-plane bending 6.49%
   32     1153.40          --                 --  mixed C-H bending / cyclic-ring torsional/out-of-plane deformation C-H bending 58.72%; cyclic-ring torsional/out-of-plane deformation 10.15%; mixed-phase cyclic C-C stretching 10.07%; cyclic-ring deformation (C-C-N bend) 5.83%
   33     1174.01          --                 --  mixed mixed-phase cyclic C-C stretching / ring-site C-H in-plane bending / ring-site C-H out-of-plane bending mixed-phase cyclic C-C stretching 30.03%; ring-site C-H in-plane bending 21.99%; ring-site C-H out-of-plane bending 21.12%; cyclic-ring torsional/out-of-plane deformation 12.35%
   34     1218.03          --                 --  mixed ring-site C-H out-of-plane bending / C-N out-of-plane bending ring-site C-H out-of-plane bending 51.99%; C-N out-of-plane bending 15.41%; mixed-phase cyclic C-N stretching 10.80%; mixed-phase cyclic C-C stretching 8.59%
   35     1220.71          --                 --  mixed ring-site C-H in-plane bending / ring-site C-H out-of-plane bending ring-site C-H in-plane bending 38.01%; ring-site C-H out-of-plane bending 21.61%; C-H bending 11.15%; cyclic-ring torsional/out-of-plane deformation 6.42%
   36     1269.96          --                 --  mixed ring-site C-H in-plane bending / mixed-phase cyclic C-C stretching ring-site C-H in-plane bending 54.96%; mixed-phase cyclic C-C stretching 12.39%; ring-site C-H out-of-plane bending 6.50%; C-N out-of-plane bending 5.99%
   37     1290.68          --                 --  mixed C-N out-of-plane bending / ring-site C-H in-plane bending C-N out-of-plane bending 56.95%; ring-site C-H in-plane bending 26.37%; in-phase cyclic C-C stretching 5.88%; ring-site C-H out-of-plane bending 3.85%
   38     1322.18          --                 --  mixed mixed-phase cyclic C-C stretching / ring-site C-H out-of-plane bending mixed-phase cyclic C-C stretching 37.70%; ring-site C-H out-of-plane bending 10.99%; ring-site C-H in-plane bending 10.71%; exocyclic C-C stretching 8.77%
   39     1340.89          --                 --  mixed cyclic C-C stretching / C-H bending                      cyclic C-C stretching 43.94%; C-H bending 14.00%; exocyclic C-C stretching 12.68%; ring-site C-H out-of-plane bending 12.66%
   40     1415.85          --                 --  C-H bending                                                    C-H bending 93.20%; exocyclic C-C stretching 5.02%
   41     1472.38          --                 --  C-H bending                                                    C-H bending 77.94%; ring-site C-H out-of-plane bending 13.57%; ring-site C-H in-plane bending 3.81%; C-C torsion 2.74%
   42     1489.48          --                 --  mixed C-H bending / C-C torsion                                C-H bending 62.62%; C-C torsion 36.13%
   43     1491.35          --                 --  mixed C-H bending / C-C torsion                                C-H bending 71.89%; C-C torsion 27.86%
   44     1573.52          --                 --  mixed-phase cyclic C-C stretching                              mixed-phase cyclic C-C stretching 75.94%; C-C torsion 5.87%; ring-site C-H in-plane bending 4.05%; cyclic-ring deformation (C-C-N bend) 3.37%
   45     3031.98          --                 --  in-phase C-H stretching                                        in-phase C-H stretching 96.10%; ring-site C-H stretching 3.45%
   46     3044.00          --                 --  in-phase ring-site C-H stretching                              in-phase ring-site C-H stretching 96.08%; in-phase C-H stretching 3.40%
   47     3080.67          --                 --  opposite-phase ring-site C-H stretching                        opposite-phase ring-site C-H stretching 97.49%
   48     3096.36          --                 --  opposite-phase C-H stretching                                  opposite-phase C-H stretching 97.37%
   49     3102.93          --                 --  mixed-phase C-H stretching                                     mixed-phase C-H stretching 98.95%
   50     3157.54          --                 --  ring-site C-H stretching                                       ring-site C-H stretching 98.85%
   51     3191.32          --                 --  mixed-phase ring-site C-H stretching                           mixed-phase ring-site C-H stretching 99.33%
   52     3195.25          --                 --  mixed-phase ring-site C-H stretching                           mixed-phase ring-site C-H stretching 99.00%
   53     3209.55          --                 --  ring-site C-H stretching                                       ring-site C-H stretching 98.44%

# Selected internal-coordinate set:
#   1  nu(C1-C2)
#   2  nu(C3-C5)
#   3  nu(C6-C7)
#   4  nu(C8-H17)
#   5  nu(C4-N9)
#   6  nu(C8-H18)
#   7  nu(C1-H10)
#   8  nu(C3-C4)
#   9  nu(C1-H12)
#  10  nu(C2-N9)
#  11  nu(C7-H16)
#  12  nu(C5-C6)
#  13  gamma(H14;C4,C3,N9)
#  14  gamma(H15;C5,C3,C6)
#  15  nu(C2-C3)
#  16  gamma(C8;C7,C6,H16)
#  17  gamma(N9;C8,H17,H18)
#  18  nu(C1-H11)
#  19  nu(C2-C6)
#  20  nu(C4-H14)
#  21  nu(C5-H15)
#  22  delta(H17-C8-H18)
#  23  nu(C3-H13)
#  24  delta(C6-C7-H16)
#  25  tau(H10-C1-C2-N9)
#  26  delta(H11-C1-H12)
#  27  tau(C6-C2-C3-H13)
#  28  delta(C2-C3-H13)
#  29  delta(C2-C1-H11)
#  30  delta(C2-C1-H12)
#  31  gamma(H14;C4,C3,C5)
#  32  gamma(H15;C5,C3,C4)
#  33  delta(C2-C1-H10)
#  34  nu(C8-N9)
#  35  tau(H12-C1-C2-C3)
#  36  gamma(H17;C8,C7,N9)
#  37  delta(C6-C2-N9)
#  38  delta(C6-C7-C8)
#  39  nu(C7-C8)
#  40  tau(H11-C1-C2-C6)
#  41  nu(C4-C5)
#  42  delta(C1-C2-C6)
#  43  tau(C4-C3-C5-C6)
#  44  delta(C7-C8-H18)
#  45  tau(C3-C2-N9-C8)
#  46  tau(N9-C4-C5-C3)
#  47  tau(C2-C6-C7-C8)
#  48  tau(C1-C2-C6-C7)

Wrote: /local/scratch/mv487/qm9s/experiment_1_phase2/ped/61235/61235_summary.csv
Wrote: /local/scratch/mv487/qm9s/experiment_1_phase2/ped/61235/61235_families.csv
Wrote: /local/scratch/mv487/qm9s/experiment_1_phase2/ped/61235/61235_ped.csv
Wrote: /local/scratch/mv487/qm9s/experiment_1_phase2/ped/61235/61235_ir_transitions.csv

# All generated files are in: /local/scratch/mv487/qm9s/experiment_1_phase2/ped/61235
# Manifest: /local/scratch/mv487/qm9s/experiment_1_phase2/ped/61235/61235_manifest.txt

--- stderr ---
Normal modes/frequencies absent or incomplete: diagonalizing Hessian.
