# Contact: romi@lens.unifi.it
# Manual: https://github.com/SebRoLENS/orca-ped-analyzer/blob/main/docs/ORCA_PED_Analyzer_Manual.md
# Check GitHub for updates and new releases: https://github.com/SebRoLENS/orca-ped-analyzer
#
# Molecule: 22 atoms | non-linear
# Bonds inferred: 22 | candidate ICs: 177 | selected ICs: 60
# Cartesian-Hessian reconstruction relative error: 1.397e-05
# Energy distribution: PED (PED is the backward-compatible default; TED includes kinetic-energy terms)
# Ring/cycle bonds detected: 5 | ring atoms: 5 | ring systems: 1
# VPT2: no matching .out file supplied/found -> harmonic/PED analysis only
#
 Mode   Harm/cm-1   VPT2/cm-1  Harm.Int/km mol-1  Assignment                                                     Grouped PED
------------------------------------------------------------------------------------------------------------------------------------------------------------------------------------------------
    6       34.93          --                 --  C-C torsion                                                    C-C torsion 99.81%
    7       75.54          --                 --  C-C torsion                                                    C-C torsion 98.49%
    8      110.86          --                 --  mixed C-C torsion / cyclic-ring torsional/out-of-plane deformation C-C torsion 42.78%; cyclic-ring torsional/out-of-plane deformation 40.98%; C-C-C bending 11.15%; C-C out-of-plane bending 3.22%
    9      227.04          --                 --  C-C torsion                                                    C-C torsion 99.51%
   10      252.21          --                 --  C-C torsion                                                    C-C torsion 98.46%
   11      286.34          --                 --  mixed C-C torsion / cyclic-ring torsional/out-of-plane deformation / C-C-C bending C-C torsion 35.57%; cyclic-ring torsional/out-of-plane deformation 33.60%; C-C-C bending 20.24%; C-C out-of-plane bending 6.58%
   12      318.77          --                 --  mixed C-C torsion / C-C-C bending                              C-C torsion 48.24%; C-C-C bending 34.31%; C-C out-of-plane bending 9.27%; exocyclic C-C stretching 2.52%
   13      332.70          --                 --  mixed C-C torsion / C-C-C bending                              C-C torsion 63.95%; C-C-C bending 23.44%; cyclic-ring torsional/out-of-plane deformation 5.82%; C-H bending 2.62%
   14      418.62          --                 --  C-C torsion                                                    C-C torsion 72.01%; C-H bending 11.26%; C-C-C bending 8.14%; C-C out-of-plane bending 4.32%
   15      421.67          --                 --  mixed C-C-C bending / C-C torsion                              C-C-C bending 38.26%; C-C torsion 22.58%; cyclic-ring torsional/out-of-plane deformation 14.43%; C-H bending 9.48%
   16      455.14          --                 --  mixed ring-site N-H out-of-plane bending / cyclic-ring torsional/out-of-plane deformation ring-site N-H out-of-plane bending 64.65%; cyclic-ring torsional/out-of-plane deformation 21.56%; ring-site C-H out-of-plane bending 7.83%; cyclic-ring torsional/out-of-plane deformation 2.56%
   17      636.49          --                 --  mixed cyclic-ring torsional/out-of-plane deformation / cyclic-ring torsional/out-of-plane deformation cyclic-ring torsional/out-of-plane deformation 46.51%; cyclic-ring torsional/out-of-plane deformation 13.21%; ring-site C-H out-of-plane bending 12.82%; C-C torsion 10.99%
   18      642.91          --                 --  mixed C-C torsion / C-C-C bending                              C-C torsion 68.28%; C-C-C bending 7.00%; ring-site C-H out-of-plane bending 7.00%; exocyclic C-C stretching 3.64%
   19      684.78          --                 --  ring-site C-H out-of-plane bending                             ring-site C-H out-of-plane bending 78.77%; cyclic-ring out-of-plane deformation 10.21%; C-C torsion 2.89%; cyclic-ring torsional/out-of-plane deformation 2.63%
   20      727.83          --                 --  mixed C-C-C bending / ring-site C-H out-of-plane bending       C-C-C bending 23.29%; ring-site C-H out-of-plane bending 15.90%; C-C torsion 12.17%; cyclic-ring deformation (C-C-N bend) 11.03%
   21      773.90          --                 --  mixed ring-site C-H out-of-plane bending / C-C torsion         ring-site C-H out-of-plane bending 30.09%; C-C torsion 23.53%; cyclic-ring torsional/out-of-plane deformation 12.98%; C-C stretching 12.87%
   22      819.60          --                 --  mixed C-C stretching / C-C torsion                             C-C stretching 32.84%; C-C torsion 25.68%; C-H bending 9.79%; cyclic-ring torsional/out-of-plane deformation 9.42%
   23      844.36          --                 --  mixed cyclic-ring out-of-plane deformation / C-C torsion       cyclic-ring out-of-plane deformation 56.35%; C-C torsion 24.46%; ring-site C-H out-of-plane bending 8.87%; C-C stretching 4.67%
   24      882.73          --                 --  mixed C-C torsion / C-H bending                                C-C torsion 58.97%; C-H bending 30.07%; C-C stretching 2.92%; mixed-phase cyclic C-C stretching 2.88%
   25      911.10          --                 --  mixed cyclic-ring deformation (N-C-C bend) / cyclic-ring deformation (C-C-N bend) cyclic-ring deformation (N-C-C bend) 61.02%; cyclic-ring deformation (C-C-N bend) 21.69%; ring-site C-H in-plane bending 6.11%; C-C torsion 3.49%
   26      932.64          --                 --  mixed C-H bending / C-C torsion                                C-H bending 66.56%; C-C torsion 16.77%; opposite-phase C-C stretching 11.74%
   27      944.56          --                 --  mixed C-H bending / mixed-phase C-C stretching                 C-H bending 48.73%; mixed-phase C-C stretching 23.02%; C-C torsion 14.54%; cyclic-ring deformation (N-C-C bend) 2.71%
   28      966.89          --                 --  mixed C-H bending / opposite-phase C-C stretching              C-H bending 58.66%; opposite-phase C-C stretching 21.65%; C-C torsion 14.70%
   29      984.97          --                 --  mixed cyclic C-C stretching / cyclic-ring deformation (C-C-N bend) cyclic C-C stretching 21.11%; cyclic-ring deformation (C-C-N bend) 18.39%; cyclic-ring deformation (N-C-C bend) 14.28%; ring-site C-H in-plane bending 11.26%
   30     1079.57          --                 --  mixed in-phase cyclic C-N stretching / ring-site C-H in-plane bending in-phase cyclic C-N stretching 59.27%; ring-site C-H in-plane bending 27.75%; cyclic-ring deformation (C-C-N bend) 4.71%; exocyclic C-C stretching 2.84%
   31     1086.98          --                 --  mixed ring-site C-H in-plane bending / mixed-phase cyclic C-C stretching / C-H bending ring-site C-H in-plane bending 44.68%; mixed-phase cyclic C-C stretching 22.76%; C-H bending 16.42%; mixed-phase cyclic C-N stretching 5.93%
   32     1098.48          --                 --  mixed C-H bending / mixed-phase cyclic C-C stretching          C-H bending 49.32%; mixed-phase cyclic C-C stretching 10.03%; cyclic-ring deformation (C-C-N bend) 9.65%; C-C out-of-plane bending 8.44%
   33     1136.56          --                 --  mixed C-H bending / mixed-phase C-C stretching / C-C-C bending C-H bending 32.83%; mixed-phase C-C stretching 26.60%; C-C-C bending 18.83%; C-C out-of-plane bending 13.11%
   34     1160.42          --                 --  mixed mixed-phase cyclic C-N stretching / ring-site C-H in-plane bending / ring-site N-H in-plane bending mixed-phase cyclic C-N stretching 34.61%; ring-site C-H in-plane bending 29.04%; ring-site N-H in-plane bending 24.95%; C-H bending 3.73%
   35     1190.70          --                 --  mixed C-H bending / mixed-phase C-C stretching                 C-H bending 57.55%; mixed-phase C-C stretching 19.54%; C-C-C bending 13.34%; C-C torsion 6.78%
   36     1238.21          --                 --  mixed C-H bending / C-C torsion                                C-H bending 45.38%; C-C torsion 20.51%; ring-site C-H in-plane bending 9.50%; mixed-phase cyclic C-C stretching 9.12%
   37     1284.53          --                 --  mixed C-C out-of-plane bending / cyclic C-N stretching         C-C out-of-plane bending 26.71%; cyclic C-N stretching 19.21%; ring-site C-H in-plane bending 14.83%; cyclic C-C stretching 14.14%
   38     1304.30          --                 --  mixed ring-site C-H in-plane bending / C-H bending             ring-site C-H in-plane bending 48.18%; C-H bending 22.07%; mixed-phase cyclic C-N stretching 7.45%; C-C out-of-plane bending 6.65%
   39     1323.37          --                 --  mixed C-H bending / C-C out-of-plane bending                   C-H bending 41.32%; C-C out-of-plane bending 36.54%; C-C torsion 8.52%; exocyclic C-C stretching 4.75%
   40     1368.61          --                 --  mixed C-C out-of-plane bending / C-H bending                   C-C out-of-plane bending 59.06%; C-H bending 18.98%; mixed-phase C-C stretching 7.55%; C-C torsion 5.85%
   41     1374.06          --                 --  mixed C-C out-of-plane bending / C-H bending                   C-C out-of-plane bending 41.36%; C-H bending 35.98%; C-C torsion 7.28%; mixed-phase C-C stretching 4.95%
   42     1403.94          --                 --  mixed C-H bending / C-H out-of-plane bending                   C-H bending 67.07%; C-H out-of-plane bending 27.13%; opposite-phase C-C stretching 3.57%
   43     1414.43          --                 --  mixed mixed-phase cyclic C-C stretching / C-H bending          mixed-phase cyclic C-C stretching 55.10%; C-H bending 15.08%; cyclic-ring deformation (N-C-C bend) 8.74%; cyclic-ring deformation (C-C-N bend) 8.60%
   44     1423.78          --                 --  mixed C-H bending / C-H out-of-plane bending                   C-H bending 67.15%; C-H out-of-plane bending 28.73%; C-C stretching 2.30%
   45     1459.32          --                 --  mixed mixed-phase cyclic C-N stretching / ring-site N-H in-plane bending mixed-phase cyclic C-N stretching 42.52%; ring-site N-H in-plane bending 27.82%; cyclic C-C stretching 9.73%; cyclic-ring deformation (C-C-N bend) 9.45%
   46     1486.46          --                 --  C-H bending                                                    C-H bending 79.80%; C-C torsion 16.63%; C-H out-of-plane bending 2.23%
   47     1493.44          --                 --  mixed C-H bending / C-C torsion                                C-H bending 71.82%; C-C torsion 27.63%
   48     1498.97          --                 --  C-H bending                                                    C-H bending 79.73%; C-C torsion 16.72%; C-H out-of-plane bending 2.52%
   49     1506.76          --                 --  C-H bending                                                    C-H bending 77.65%; C-C torsion 15.81%; C-H out-of-plane bending 4.91%
   50     1513.39          --                 --  mixed C-H bending / cyclic C-C stretching                      C-H bending 43.15%; cyclic C-C stretching 14.92%; ring-site C-H in-plane bending 13.18%; C-C torsion 12.08%
   51     1516.27          --                 --  mixed C-H bending / C-C torsion                                C-H bending 41.48%; C-C torsion 18.84%; cyclic C-C stretching 13.66%; ring-site C-H in-plane bending 12.47%
   52     1598.70          --                 --  mixed mixed-phase cyclic C-C stretching / ring-site C-H in-plane bending mixed-phase cyclic C-C stretching 54.31%; ring-site C-H in-plane bending 21.44%; exocyclic C-C stretching 7.69%; ring-site N-H in-plane bending 6.36%
   53     3000.70          --                 --  C-H stretching                                                 C-H stretching 98.91%
   54     3011.99          --                 --  mixed-phase C-H stretching                                     mixed-phase C-H stretching 99.46%
   55     3015.12          --                 --  mixed-phase C-H stretching                                     mixed-phase C-H stretching 99.69%
   56     3021.89          --                 --  C-H stretching                                                 C-H stretching 99.66%
   57     3047.36          --                 --  opposite-phase C-H stretching                                  opposite-phase C-H stretching 99.31%
   58     3072.41          --                 --  mixed-phase C-H stretching                                     mixed-phase C-H stretching 99.21%
   59     3079.20          --                 --  mixed-phase C-H stretching                                     mixed-phase C-H stretching 99.49%
   60     3084.81          --                 --  mixed-phase C-H stretching                                     mixed-phase C-H stretching 99.33%
   61     3102.91          --                 --  mixed-phase C-H stretching                                     mixed-phase C-H stretching 99.59%
   62     3234.91          --                 --  mixed-phase ring-site C-H stretching                           mixed-phase ring-site C-H stretching 99.00%
   63     3250.82          --                 --  ring-site C-H stretching                                       ring-site C-H stretching 98.29%
   64     3263.61          --                 --  ring-site C-H stretching                                       ring-site C-H stretching 98.28%
   65     3670.63          --                 --  ring-site N-H stretching                                       ring-site N-H stretching 99.32%

# Selected internal-coordinate set:
#   1  nu(C1-C2)
#   2  nu(C3-H14)
#   3  nu(C4-H18)
#   4  nu(C5-C6)
#   5  nu(N7-C8)
#   6  nu(C9-H22)
#   7  nu(C4-H17)
#   8  nu(C3-H16)
#   9  nu(C2-H13)
#  10  nu(C1-H12)
#  11  nu(C6-N7)
#  12  nu(C3-H15)
#  13  nu(C1-H10)
#  14  nu(C8-H21)
#  15  gamma(C5;C9,C8,H22)
#  16  tau(C5-C6-N7-C8)
#  17  tau(H19-C6-N7-C8)
#  18  nu(C5-C9)
#  19  gamma(C5;C4,H17,H18)
#  20  nu(C1-H11)
#  21  gamma(C4;C2,C1,H13)
#  22  nu(C6-H19)
#  23  nu(N7-H20)
#  24  tau(C5-C6-N7-H20)
#  25  gamma(H15;C3,H14,H16)
#  26  delta(H17-C4-H18)
#  27  delta(C5-C9-H22)
#  28  delta(H14-C3-H16)
#  29  delta(N7-C8-H21)
#  30  delta(H11-C1-H12)
#  31  tau(C6-N7-C8-H21)
#  32  delta(H10-C1-H11)
#  33  delta(H10-C1-H12)
#  34  tau(C1-C2-C3-H15)
#  35  delta(C1-C2-H13)
#  36  delta(N7-C6-H19)
#  37  nu(C4-C5)
#  38  delta(C8-N7-H20)
#  39  delta(C2-C3-H14)
#  40  tau(H18-C4-C5-C9)
#  41  tau(H17-C4-C5-C6)
#  42  delta(C2-C1-H11)
#  43  nu(C8-C9)
#  44  tau(C4-C2-C3-H16)
#  45  delta(C2-C3-H16)
#  46  delta(N7-C8-C9)
#  47  nu(C2-C4)
#  48  delta(C5-C4-H17)
#  49  delta(C2-C1-H12)
#  50  nu(C2-C3)
#  51  delta(C5-C6-N7)
#  52  tau(H11-C1-C2-C3)
#  53  tau(C1-C2-C4-C5)
#  54  tau(H10-C1-C2-C4)
#  55  tau(C4-C5-C9-C8)
#  56  delta(C1-C2-C3)
#  57  delta(C1-C2-C4)
#  58  delta(C4-C5-C9)
#  59  delta(C2-C4-C5)
#  60  tau(C2-C4-C5-C9)

Wrote: /local/scratch/mv487/qm9s/experiment_1_phase2/ped/24102/24102_summary.csv
Wrote: /local/scratch/mv487/qm9s/experiment_1_phase2/ped/24102/24102_families.csv
Wrote: /local/scratch/mv487/qm9s/experiment_1_phase2/ped/24102/24102_ped.csv
Wrote: /local/scratch/mv487/qm9s/experiment_1_phase2/ped/24102/24102_ir_transitions.csv

# All generated files are in: /local/scratch/mv487/qm9s/experiment_1_phase2/ped/24102
# Manifest: /local/scratch/mv487/qm9s/experiment_1_phase2/ped/24102/24102_manifest.txt

--- stderr ---
Normal modes/frequencies absent or incomplete: diagonalizing Hessian.
