# Contact: romi@lens.unifi.it
# Manual: https://github.com/SebRoLENS/orca-ped-analyzer/blob/main/docs/ORCA_PED_Analyzer_Manual.md
# Check GitHub for updates and new releases: https://github.com/SebRoLENS/orca-ped-analyzer
#
# Molecule: 17 atoms | non-linear
# Bonds inferred: 17 | candidate ICs: 148 | selected ICs: 45
# Cartesian-Hessian reconstruction relative error: 5.699e-05
# Energy distribution: PED (PED is the backward-compatible default; TED includes kinetic-energy terms)
# Ring/cycle bonds detected: 5 | ring atoms: 5 | ring systems: 1
# VPT2: no matching .out file supplied/found -> harmonic/PED analysis only
#
 Mode   Harm/cm-1   VPT2/cm-1  Harm.Int/km mol-1  Assignment                                                     Grouped PED
------------------------------------------------------------------------------------------------------------------------------------------------------------------------------------------------
    6       57.64          --                 --  mixed cyclic-ring torsional/out-of-plane deformation / ring-site C-H out-of-plane bending / cyclic-ring torsional/out-of-plane deformation cyclic-ring torsional/out-of-plane deformation 41.29%; ring-site C-H out-of-plane bending 34.59%; cyclic-ring torsional/out-of-plane deformation 23.19%
    7      215.60          --                 --  mixed C-C torsion / ring-site C-H out-of-plane bending         C-C torsion 52.32%; ring-site C-H out-of-plane bending 23.75%; cyclic-ring torsional/out-of-plane deformation 17.02%; cyclic-ring torsional/out-of-plane deformation 4.26%
    8      242.41          --                 --  C-C torsion                                                    C-C torsion 90.97%; ring-site C-H out-of-plane bending 4.16%; cyclic-ring torsional/out-of-plane deformation 2.13%
    9      264.86          --                 --  C-C torsion                                                    C-C torsion 71.56%; C-C-O bending 9.42%; cyclic-ring torsional/out-of-plane deformation 6.80%; ring-site C-H out-of-plane bending 6.72%
   10      267.85          --                 --  mixed C-C torsion / cyclic-ring torsional/out-of-plane deformation C-C torsion 41.62%; cyclic-ring torsional/out-of-plane deformation 24.90%; ring-site C-H out-of-plane bending 14.09%; C-C-O bending 9.42%
   11      356.78          --                 --  mixed C-C-O bending / cyclic-ring torsional/out-of-plane deformation C-C-O bending 40.53%; cyclic-ring torsional/out-of-plane deformation 23.23%; cyclic-ring torsional/out-of-plane deformation 13.07%; C-C torsion 9.21%
   12      401.15          --                 --  mixed cyclic-ring torsional/out-of-plane deformation / ring-site C-H out-of-plane bending cyclic-ring torsional/out-of-plane deformation 48.15%; ring-site C-H out-of-plane bending 24.59%; C-C torsion 12.90%; C-H bending 4.65%
   13      514.32          --                 --  mixed C-C-O bending / C-C torsion / cyclic-ring torsional/out-of-plane deformation C-C-O bending 27.15%; C-C torsion 24.52%; cyclic-ring torsional/out-of-plane deformation 16.45%; C-H bending 8.89%
   14      693.10          --                 --  mixed C-C torsion / C-H bending                                C-C torsion 55.50%; C-H bending 10.09%; ring-site C-H out-of-plane bending 8.84%; cyclic-ring deformation (C-O-C bend) 7.68%
   15      737.21          --                 --  mixed cyclic-ring deformation (C-O-C bend) / cyclic C-C stretching cyclic-ring deformation (C-O-C bend) 57.35%; cyclic C-C stretching 12.19%; mixed-phase cyclic C-O stretching 8.33%; cyclic-ring torsional/out-of-plane deformation 7.54%
   16      768.08          --                 --  mixed cyclic C-C stretching / exocyclic C-C stretching         cyclic C-C stretching 23.46%; exocyclic C-C stretching 14.51%; C-H bending 13.90%; cyclic-ring deformation (C-O-C bend) 12.39%
   17      863.44          --                 --  mixed mixed-phase cyclic C-O stretching / C-H bending / C-C torsion mixed-phase cyclic C-O stretching 33.56%; C-H bending 20.39%; C-C torsion 17.43%; cyclic-ring deformation (C-O-C bend) 12.02%
   18      886.83          --                 --  mixed C-H bending / cyclic C-O stretching                      C-H bending 37.24%; cyclic C-O stretching 30.52%; C-C torsion 9.65%; cyclic C-C stretching 8.40%
   19      982.52          --                 --  mixed mixed-phase cyclic C-O stretching / C-H bending          mixed-phase cyclic C-O stretching 51.69%; C-H bending 20.10%; mixed-phase exocyclic C-C stretching 8.42%; C-C torsion 6.01%
   20     1014.17          --                 --  mixed C-H bending / mixed-phase cyclic C-O stretching          C-H bending 35.12%; mixed-phase cyclic C-O stretching 22.13%; ring-site C-H out-of-plane bending 12.93%; C-C torsion 11.26%
   21     1054.59          --                 --  mixed C-H bending / mixed-phase cyclic C-O stretching          C-H bending 39.69%; mixed-phase cyclic C-O stretching 17.32%; ring-site C-H out-of-plane bending 8.41%; C-C torsion 7.41%
   22     1074.91          --                 --  mixed C-H bending / in-phase cyclic C-O stretching             C-H bending 55.31%; in-phase cyclic C-O stretching 23.52%; ring-site C-H in-plane bending 5.92%; exocyclic C-C stretching 5.40%
   23     1109.85          --                 --  mixed C-H bending / mixed-phase cyclic C-O stretching          C-H bending 31.23%; mixed-phase cyclic C-O stretching 22.73%; ring-site C-H in-plane bending 13.60%; exocyclic C-C stretching 11.48%
   24     1116.53          --                 --  mixed mixed-phase cyclic C-O stretching / C-H bending          mixed-phase cyclic C-O stretching 41.69%; C-H bending 31.06%; ring-site C-H in-plane bending 7.47%; ring-site C-H out-of-plane bending 3.93%
   25     1151.58          --                 --  mixed ring-site C-H in-plane bending / ring-site C-H out-of-plane bending ring-site C-H in-plane bending 50.66%; ring-site C-H out-of-plane bending 16.57%; C-H bending 8.93%; exocyclic C-C stretching 6.51%
   26     1169.88          --                 --  mixed C-H bending / ring-site C-H in-plane bending             C-H bending 40.96%; ring-site C-H in-plane bending 14.37%; exocyclic C-C stretching 14.19%; ring-site C-H out-of-plane bending 13.88%
   27     1195.53          --                 --  mixed ring-site C-H in-plane bending / C-H bending             ring-site C-H in-plane bending 48.37%; C-H bending 12.24%; C-C-O bending 7.45%; cyclic-ring deformation (C-O-C bend) 6.55%
   28     1240.99          --                 --  ring-site C-H in-plane bending                                 ring-site C-H in-plane bending 75.56%; ring-site C-H out-of-plane bending 11.63%; C-H bending 3.73%; C-C-O bending 3.35%
   29     1320.69          --                 --  mixed ring-site C-H in-plane bending / C-H bending             ring-site C-H in-plane bending 60.99%; C-H bending 10.92%; ring-site C-H out-of-plane bending 10.27%; cyclic C-C stretching 6.65%
   30     1350.85          --                 --  mixed ring-site C-H in-plane bending / ring-site C-H out-of-plane bending / C-C torsion ring-site C-H in-plane bending 47.63%; ring-site C-H out-of-plane bending 20.18%; C-C torsion 16.37%; C-H bending 7.27%
   31     1389.92          --                 --  mixed ring-site C-H in-plane bending / ring-site C-H out-of-plane bending ring-site C-H in-plane bending 43.17%; ring-site C-H out-of-plane bending 23.99%; C-H bending 14.77%; C-C torsion 6.89%
   32     1395.48          --                 --  mixed C-H bending / C-H out-of-plane bending                   C-H bending 53.69%; C-H out-of-plane bending 18.39%; ring-site C-H out-of-plane bending 15.00%; ring-site C-H in-plane bending 9.69%
   33     1419.60          --                 --  C-H bending                                                    C-H bending 70.26%; C-H out-of-plane bending 19.95%; ring-site C-H in-plane bending 4.84%; exocyclic C-C stretching 3.03%
   34     1427.36          --                 --  mixed ring-site C-H in-plane bending / C-H bending             ring-site C-H in-plane bending 62.75%; C-H bending 16.07%; ring-site C-H out-of-plane bending 11.16%; C-H out-of-plane bending 3.75%
   35     1431.26          --                 --  mixed C-H bending / ring-site C-H in-plane bending             C-H bending 52.45%; ring-site C-H in-plane bending 17.30%; C-H out-of-plane bending 13.79%; ring-site C-H out-of-plane bending 5.91%
   36     1482.52          --                 --  mixed C-H bending / C-C torsion                                C-H bending 70.92%; C-C torsion 25.63%; C-H out-of-plane bending 2.25%
   37     1494.82          --                 --  C-H bending                                                    C-H bending 76.25%; C-C torsion 19.32%; C-H out-of-plane bending 2.94%
   38     1501.71          --                 --  C-H bending                                                    C-H bending 79.33%; C-C torsion 18.88%
   39     1510.23          --                 --  mixed C-H bending / C-C torsion                                C-H bending 67.02%; C-C torsion 27.76%; C-H out-of-plane bending 4.56%
   40     1545.36          --                 --  mixed C-H bending / ring-site C-H in-plane bending             C-H bending 56.33%; ring-site C-H in-plane bending 21.40%; ring-site C-H out-of-plane bending 21.02%
   41     2945.49          --                 --  ring-site C-H stretching                                       ring-site C-H stretching 98.88%
   42     2964.03          --                 --  ring-site C-H stretching                                       ring-site C-H stretching 98.09%
   43     3028.28          --                 --  ring-site C-H stretching                                       ring-site C-H stretching 95.23%; C-H stretching 3.71%
   44     3037.65          --                 --  C-H stretching                                                 C-H stretching 98.50%
   45     3046.60          --                 --  C-H stretching                                                 C-H stretching 98.51%
   46     3096.49          --                 --  ring-site C-H stretching                                       ring-site C-H stretching 98.59%
   47     3103.72          --                 --  mixed-phase C-H stretching                                     mixed-phase C-H stretching 99.07%
   48     3109.39          --                 --  mixed-phase C-H stretching                                     mixed-phase C-H stretching 98.97%
   49     3114.91          --                 --  opposite-phase C-H stretching                                  opposite-phase C-H stretching 98.38%
   50     3125.35          --                 --  mixed-phase C-H stretching                                     mixed-phase C-H stretching 98.11%

# Selected internal-coordinate set:
#   1  nu(C1-H9)
#   2  nu(C2-O3)
#   3  nu(C4-O5)
#   4  nu(C6-C7)
#   5  nu(C1-H10)
#   6  nu(C2-H11)
#   7  nu(C7-H17)
#   8  nu(C4-H12)
#   9  nu(C6-H14)
#  10  nu(C1-H8)
#  11  nu(C7-H15)
#  12  nu(C4-H13)
#  13  nu(O5-C6)
#  14  nu(C7-H16)
#  15  nu(O3-C4)
#  16  tau(H11-C2-O3-C4)
#  17  gamma(H8;C1,H9,H10)
#  18  tau(C4-O5-C6-H14)
#  19  delta(O3-C2-H11)
#  20  delta(H9-C1-H10)
#  21  delta(H15-C7-H17)
#  22  delta(H12-C4-H13)
#  23  delta(H16-C7-H17)
#  24  delta(H15-C7-H16)
#  25  tau(C4-O5-C6-C7)
#  26  tau(C1-C2-O3-C4)
#  27  delta(O5-C6-H14)
#  28  tau(H8-C1-C2-H11)
#  29  delta(O3-C4-H13)
#  30  delta(C6-C7-H16)
#  31  delta(C2-C1-H10)
#  32  delta(O3-C4-H12)
#  33  nu(C1-C2)
#  34  tau(H9-C1-C2-C6)
#  35  delta(O5-C4-H13)
#  36  tau(H10-C1-C2-O3)
#  37  delta(C6-C7-H17)
#  38  tau(O5-C6-C7-H16)
#  39  delta(C2-C1-H9)
#  40  tau(O3-C2-C6-C7)
#  41  delta(C4-O5-C6)
#  42  nu(C2-C6)
#  43  tau(C1-C2-C6-O5)
#  44  delta(C1-C2-O3)
#  45  tau(H13-C4-O5-C6)

Wrote: /local/scratch/mv487/qm9s/experiment_1_phase2/ped/1972/1972_summary.csv
Wrote: /local/scratch/mv487/qm9s/experiment_1_phase2/ped/1972/1972_families.csv
Wrote: /local/scratch/mv487/qm9s/experiment_1_phase2/ped/1972/1972_ped.csv
Wrote: /local/scratch/mv487/qm9s/experiment_1_phase2/ped/1972/1972_ir_transitions.csv

# All generated files are in: /local/scratch/mv487/qm9s/experiment_1_phase2/ped/1972
# Manifest: /local/scratch/mv487/qm9s/experiment_1_phase2/ped/1972/1972_manifest.txt

--- stderr ---
Normal modes/frequencies absent or incomplete: diagonalizing Hessian.
