# Contact: romi@lens.unifi.it
# Manual: https://github.com/SebRoLENS/orca-ped-analyzer/blob/main/docs/ORCA_PED_Analyzer_Manual.md
# Check GitHub for updates and new releases: https://github.com/SebRoLENS/orca-ped-analyzer
#
# Molecule: 23 atoms | non-linear
# Bonds inferred: 22 | candidate ICs: 184 | selected ICs: 63
# Cartesian-Hessian reconstruction relative error: 1.688e-05
# Energy distribution: PED (PED is the backward-compatible default; TED includes kinetic-energy terms)
# Ring/cycle bonds detected: 0 | ring atoms: 0 | ring systems: 0
# VPT2: no matching .out file supplied/found -> harmonic/PED analysis only
#
 Mode   Harm/cm-1   VPT2/cm-1  Harm.Int/km mol-1  Assignment                                                     Grouped PED
------------------------------------------------------------------------------------------------------------------------------------------------------------------------------------------------
    6       27.64          --                 --  mixed C-C-C bending / C-C torsion                              C-C-C bending 49.50%; C-C torsion 38.56%; C-O torsion 5.54%; C-O out-of-plane bending 4.84%
    7       69.28          --                 --  mixed C-O torsion / C-C torsion / C-C-C bending                C-O torsion 44.97%; C-C torsion 28.08%; C-C-C bending 21.54%; C-O out-of-plane bending 4.13%
    8      112.05          --                 --  mixed C-C torsion / C-O torsion                                C-C torsion 62.55%; C-O torsion 23.74%; C-C-C bending 10.17%; C-O out-of-plane bending 3.27%
    9      137.55          --                 --  mixed O-C-C bending / C-O-C bending                            O-C-C bending 31.66%; C-O-C bending 28.62%; C-C-O bending 14.22%; C-C-C bending 6.58%
   10      208.52          --                 --  C-C torsion                                                    C-C torsion 97.20%; C-C-C bending 2.33%
   11      238.17          --                 --  C-C torsion                                                    C-C torsion 96.36%; C-C-C bending 3.09%
   12      262.01          --                 --  C-C torsion                                                    C-C torsion 99.01%
   13      266.82          --                 --  C-C torsion                                                    C-C torsion 99.62%
   14      285.05          --                 --  mixed C-C-C bending / C-C torsion                              C-C-C bending 56.48%; C-C torsion 14.15%; C-C-O bending 9.28%; C-O-C bending 7.92%
   15      294.09          --                 --  C-C torsion                                                    C-C torsion 88.67%; C-C-C bending 9.67%
   16      319.77          --                 --  mixed C-C-C bending / C-C torsion                              C-C-C bending 50.29%; C-C torsion 16.54%; C-O-C bending 8.83%; C-C stretching 7.91%
   17      356.22          --                 --  C-C-C bending                                                  C-C-C bending 73.13%; C-C torsion 11.12%; C-H bending 6.16%; O-C-O bending 2.56%
   18      383.14          --                 --  C-C-C bending                                                  C-C-C bending 81.21%; C-C torsion 12.06%; C-H bending 4.72%
   19      388.58          --                 --  mixed C-C-C bending / C-C-O bending                            C-C-C bending 30.35%; C-C-O bending 28.19%; C-C torsion 14.06%; C-H bending 12.40%
   20      505.58          --                 --  mixed C-C-C bending / O-C-C bending                            C-C-C bending 33.73%; O-C-C bending 21.15%; C-C torsion 11.73%; C-C-O bending 11.37%
   21      587.88          --                 --  mixed C-C stretching / C-C-C bending                           C-C stretching 35.01%; C-C-C bending 26.03%; C-H bending 13.01%; O-C-O bending 12.09%
   22      776.39          --                 --  mixed C-O out-of-plane bending / C-C-C bending / C-C torsion   C-O out-of-plane bending 45.72%; C-C-C bending 17.49%; C-C torsion 16.36%; C-H bending 12.11%
   23      805.73          --                 --  mixed in-phase C-C stretching / O-C-O bending                  in-phase C-C stretching 52.22%; O-C-O bending 16.00%; C-H bending 11.54%; C-C-C bending 6.22%
   24      818.28          --                 --  mixed C-C torsion / C-H bending                                C-C torsion 62.13%; C-H bending 36.28%
   25      877.59          --                 --  mixed C-H bending / C-C torsion / C-O stretching               C-H bending 31.85%; C-C torsion 21.52%; C-O stretching 20.47%; C-O-C bending 7.24%
   26      910.47          --                 --  mixed mixed-phase C-C stretching / C-H bending / mixed-phase C-O stretching mixed-phase C-C stretching 38.94%; C-H bending 24.99%; mixed-phase C-O stretching 17.86%; O-C-O bending 7.54%
   27      941.11          --                 --  mixed C-H bending / opposite-phase C-C stretching              C-H bending 48.58%; opposite-phase C-C stretching 39.86%; C-C-C bending 5.78%; C-C torsion 4.18%
   28      948.98          --                 --  mixed C-H bending / mixed-phase C-C stretching                 C-H bending 58.88%; mixed-phase C-C stretching 32.73%; C-C torsion 4.33%
   29      974.44          --                 --  C-H bending                                                    C-H bending 94.37%; C-C torsion 5.29%
   30     1036.38          --                 --  mixed C-H bending / C-C stretching / C-O stretching            C-H bending 41.31%; C-C stretching 27.89%; C-O stretching 18.59%; C-C torsion 8.58%
   31     1052.60          --                 --  C-H bending                                                    C-H bending 76.79%; C-C-C bending 8.52%; C-C torsion 8.38%; opposite-phase C-C stretching 4.03%
   32     1057.72          --                 --  mixed C-H bending / C-O stretching                             C-H bending 64.22%; C-O stretching 14.10%; mixed-phase C-C stretching 12.33%; C-C torsion 5.24%
   33     1136.65          --                 --  mixed C-H bending / C-C torsion                                C-H bending 45.54%; C-C torsion 26.91%; C-C stretching 9.30%; C-C-O bending 9.16%
   34     1177.73          --                 --  mixed mixed-phase C-O stretching / C-H bending                 mixed-phase C-O stretching 44.81%; C-H bending 25.45%; O-C-O bending 14.35%; C-C-C bending 4.68%
   35     1180.77          --                 --  mixed C-H bending / C-C torsion                                C-H bending 47.33%; C-C torsion 44.88%; C-H out-of-plane bending 7.18%
   36     1229.40          --                 --  mixed C-H bending / C-C-C bending / opposite-phase C-C stretching C-H bending 36.81%; C-C-C bending 34.86%; opposite-phase C-C stretching 25.21%; C-O out-of-plane bending 2.07%
   37     1250.10          --                 --  mixed C-H bending / mixed-phase C-C stretching / C-C-C bending C-H bending 43.14%; mixed-phase C-C stretching 28.51%; C-C-C bending 23.29%; O-C-C bending 3.44%
   38     1298.62          --                 --  mixed C-H bending / C-C-C bending / mixed-phase C-C stretching C-H bending 37.12%; C-C-C bending 24.21%; mixed-phase C-C stretching 21.57%; C-O stretching 8.58%
   39     1300.57          --                 --  mixed C-C torsion / C-H bending                                C-C torsion 59.41%; C-H bending 34.89%; C-H out-of-plane bending 5.61%
   40     1400.77          --                 --  mixed C-H out-of-plane bending / C-H bending                   C-H out-of-plane bending 53.36%; C-H bending 36.43%; C-C torsion 7.70%
   41     1401.32          --                 --  mixed C-H bending / C-H out-of-plane bending                   C-H bending 62.78%; C-H out-of-plane bending 34.89%; opposite-phase C-C stretching 2.15%
   42     1409.62          --                 --  mixed C-H bending / C-H out-of-plane bending                   C-H bending 71.60%; C-H out-of-plane bending 24.24%; C-C stretching 2.86%
   43     1429.45          --                 --  mixed C-H out-of-plane bending / C-H bending                   C-H out-of-plane bending 47.41%; C-H bending 44.58%; C-C stretching 4.22%; C-C torsion 3.23%
   44     1440.02          --                 --  mixed C-H bending / C-H out-of-plane bending                   C-H bending 69.11%; C-H out-of-plane bending 25.96%; C-C stretching 2.88%
   45     1482.07          --                 --  C-H bending                                                    C-H bending 92.92%; C-C torsion 4.23%; C-H out-of-plane bending 2.69%
   46     1489.80          --                 --  mixed C-H bending / C-C torsion                                C-H bending 56.68%; C-C torsion 32.80%; C-H out-of-plane bending 10.45%
   47     1490.91          --                 --  C-H bending                                                    C-H bending 94.49%; C-C torsion 5.01%
   48     1495.38          --                 --  C-H bending                                                    C-H bending 80.47%; C-C torsion 15.14%; C-H out-of-plane bending 3.95%
   49     1501.60          --                 --  mixed C-C torsion / C-H bending                                C-C torsion 54.27%; C-H bending 25.06%; C-H out-of-plane bending 19.72%
   50     1504.20          --                 --  C-H bending                                                    C-H bending 94.60%; C-C torsion 3.39%
   51     1507.59          --                 --  C-H bending                                                    C-H bending 86.78%; C-C torsion 7.38%; C-H out-of-plane bending 4.91%
   52     1522.79          --                 --  C-C torsion                                                    C-C torsion 72.93%; C-H bending 13.44%; C-H out-of-plane bending 12.75%
   53     1526.51          --                 --  mixed C-H bending / C-C torsion                                C-H bending 75.23%; C-C torsion 20.03%; C-H out-of-plane bending 2.81%
   54     1777.57          --                 --  C-O stretching                                                 C-O stretching 81.71%; O-C-C bending 7.24%; C-C stretching 4.50%; O-C-O bending 3.33%
   55     3031.22          --                 --  mixed-phase C-H stretching                                     mixed-phase C-H stretching 99.72%
   56     3033.19          --                 --  mixed-phase C-H stretching                                     mixed-phase C-H stretching 99.70%
   57     3041.21          --                 --  in-phase C-H stretching                                        in-phase C-H stretching 99.51%
   58     3042.37          --                 --  C-H stretching                                                 C-H stretching 99.68%
   59     3053.56          --                 --  in-phase C-H stretching                                        in-phase C-H stretching 99.23%
   60     3088.22          --                 --  mixed-phase C-H stretching                                     mixed-phase C-H stretching 99.44%
   61     3091.39          --                 --  mixed-phase C-H stretching                                     mixed-phase C-H stretching 99.49%
   62     3092.96          --                 --  mixed-phase C-H stretching                                     mixed-phase C-H stretching 99.31%
   63     3106.35          --                 --  mixed-phase C-H stretching                                     mixed-phase C-H stretching 99.47%
   64     3106.73          --                 --  mixed-phase C-H stretching                                     mixed-phase C-H stretching 99.23%
   65     3115.49          --                 --  mixed-phase C-H stretching                                     mixed-phase C-H stretching 99.56%
   66     3117.10          --                 --  mixed-phase C-H stretching                                     mixed-phase C-H stretching 99.19%
   67     3118.04          --                 --  mixed-phase C-H stretching                                     mixed-phase C-H stretching 99.37%
   68     3119.88          --                 --  mixed-phase C-H stretching                                     mixed-phase C-H stretching 99.36%

# Selected internal-coordinate set:
#   1  nu(C2-O3)
#   2  nu(C1-H10)
#   3  nu(C4-C6)
#   4  nu(C7-H15)
#   5  nu(C8-H19)
#   6  nu(C9-H21)
#   7  nu(C7-H17)
#   8  nu(C8-H20)
#   9  nu(C9-H22)
#  10  nu(C1-H12)
#  11  nu(C2-H13)
#  12  nu(C2-H14)
#  13  nu(C8-H18)
#  14  nu(C9-H23)
#  15  nu(C1-H11)
#  16  nu(C7-H16)
#  17  gamma(O3;C4,O5,C6)
#  18  nu(C4-O5)
#  19  nu(C6-C7)
#  20  nu(O3-C4)
#  21  nu(C6-C9)
#  22  gamma(H11;C1,H10,H12)
#  23  gamma(H18;C8,H19,H20)
#  24  gamma(H13;C2,O3,H14)
#  25  delta(H10-C1-H12)
#  26  delta(H19-C8-H20)
#  27  tau(H11-C1-C2-H14)
#  28  delta(H16-C7-H17)
#  29  delta(H21-C9-H22)
#  30  delta(H15-C7-H16)
#  31  delta(H22-C9-H23)
#  32  delta(H15-C7-H17)
#  33  delta(H21-C9-H23)
#  34  tau(C2-O3-C4-C6)
#  35  tau(C7-C6-C8-H18)
#  36  delta(O3-C4-O5)
#  37  tau(H11-C1-C2-H13)
#  38  delta(C6-C9-H21)
#  39  delta(C6-C7-H17)
#  40  delta(C2-C1-H11)
#  41  delta(C6-C8-H18)
#  42  tau(H12-C1-C2-H13)
#  43  nu(C6-C8)
#  44  tau(C9-C6-C8-H20)
#  45  delta(C1-C2-H14)
#  46  nu(C1-C2)
#  47  delta(C6-C7-H16)
#  48  delta(C6-C8-H19)
#  49  delta(C6-C9-H22)
#  50  delta(C2-C1-H10)
#  51  tau(C4-C6-C9-H22)
#  52  tau(C8-C6-C7-H17)
#  53  tau(C1-C2-O3-C4)
#  54  delta(O3-C4-C6)
#  55  delta(C2-O3-C4)
#  56  tau(H10-C1-C2-O3)
#  57  delta(C7-C6-C8)
#  58  delta(C8-C6-C9)
#  59  delta(C7-C6-C9)
#  60  delta(C1-C2-O3)
#  61  delta(C4-C6-C8)
#  62  tau(O3-C4-C6-C7)
#  63  delta(C4-C6-C9)

Wrote: /local/scratch/mv487/qm9s/experiment_1_phase2/ped/108284/108284_summary.csv
Wrote: /local/scratch/mv487/qm9s/experiment_1_phase2/ped/108284/108284_families.csv
Wrote: /local/scratch/mv487/qm9s/experiment_1_phase2/ped/108284/108284_ped.csv
Wrote: /local/scratch/mv487/qm9s/experiment_1_phase2/ped/108284/108284_ir_transitions.csv

# All generated files are in: /local/scratch/mv487/qm9s/experiment_1_phase2/ped/108284
# Manifest: /local/scratch/mv487/qm9s/experiment_1_phase2/ped/108284/108284_manifest.txt

--- stderr ---
Normal modes/frequencies absent or incomplete: diagonalizing Hessian.
