# Contact: romi@lens.unifi.it
# Manual: https://github.com/SebRoLENS/orca-ped-analyzer/blob/main/docs/ORCA_PED_Analyzer_Manual.md
# Check GitHub for updates and new releases: https://github.com/SebRoLENS/orca-ped-analyzer
#
# Molecule: 22 atoms | non-linear
# Bonds inferred: 23 | candidate ICs: 225 | selected ICs: 60
# Cartesian-Hessian reconstruction relative error: 1.026e-05
# Energy distribution: PED (PED is the backward-compatible default; TED includes kinetic-energy terms)
# Ring/cycle bonds detected: 6 | ring atoms: 5 | ring systems: 1
# VPT2: no matching .out file supplied/found -> harmonic/PED analysis only
#
 Mode   Harm/cm-1   VPT2/cm-1  Harm.Int/km mol-1  Assignment                                                     Grouped PED
------------------------------------------------------------------------------------------------------------------------------------------------------------------------------------------------
    6       49.80          --                 --  C-C torsion                                                    C-C torsion 94.33%; C-O torsion 3.94%
    7       74.66          --                 --  mixed C-C torsion / C-O torsion                                C-C torsion 59.97%; C-O torsion 27.24%; cyclic-ring torsional/out-of-plane deformation 4.64%; ring-site C-H out-of-plane bending 4.56%
    8      101.88          --                 --  mixed cyclic-ring torsional/out-of-plane deformation / O-C-C bending / ring-site C-H out-of-plane bending cyclic-ring torsional/out-of-plane deformation 36.98%; O-C-C bending 21.01%; ring-site C-H out-of-plane bending 19.41%; C-O-C bending 7.51%
    9      134.45          --                 --  C-C torsion                                                    C-C torsion 87.62%; C-O torsion 6.84%
   10      197.94          --                 --  mixed C-C torsion / ring-site C-H out-of-plane bending / cyclic-ring torsional/out-of-plane deformation C-C torsion 31.34%; ring-site C-H out-of-plane bending 31.17%; cyclic-ring torsional/out-of-plane deformation 27.22%; C-C-O bending 2.20%
   11      252.90          --                 --  C-C torsion                                                    C-C torsion 99.46%
   12      278.07          --                 --  mixed C-C torsion / C-C-C bending                              C-C torsion 40.09%; C-C-C bending 13.44%; C-C-O bending 11.12%; ring-site C-H out-of-plane bending 7.18%
   13      341.11          --                 --  mixed cyclic-ring torsional/out-of-plane deformation / ring-site C-H out-of-plane bending / cyclic-ring out-of-plane deformation cyclic-ring torsional/out-of-plane deformation 27.23%; ring-site C-H out-of-plane bending 26.80%; cyclic-ring out-of-plane deformation 16.49%; C-O-C bending 5.04%
   14      448.85          --                 --  mixed cyclic-ring out-of-plane deformation / C-C-O bending     cyclic-ring out-of-plane deformation 31.06%; C-C-O bending 27.93%; C-H bending 9.92%; C-C torsion 6.75%
   15      454.65          --                 --  mixed ring-site C-H out-of-plane bending / cyclic-ring torsional/out-of-plane deformation ring-site C-H out-of-plane bending 27.90%; cyclic-ring torsional/out-of-plane deformation 14.91%; C-C torsion 12.90%; C-C-C bending 10.04%
   16      570.29          --                 --  mixed cyclic-ring out-of-plane deformation / cyclic-ring torsional/out-of-plane deformation cyclic-ring out-of-plane deformation 26.84%; cyclic-ring torsional/out-of-plane deformation 15.13%; ring-site N-H out-of-plane bending 9.17%; C-C torsion 7.93%
   17      683.62          --                 --  mixed cyclic-ring deformation (C-C-C bend) / opposite-phase cyclic C-N stretching / ring-site N-H out-of-plane bending cyclic-ring deformation (C-C-C bend) 24.41%; opposite-phase cyclic C-N stretching 20.73%; ring-site N-H out-of-plane bending 15.79%; ring-site C-H out-of-plane bending 14.91%
   18      792.40          --                 --  mixed cyclic-ring deformation (C-C-C bend) / mixed-phase cyclic C-N stretching cyclic-ring deformation (C-C-C bend) 23.97%; mixed-phase cyclic C-N stretching 20.59%; mixed-phase cyclic C-C stretching 12.41%; ring-site N-H out-of-plane bending 11.99%
   19      815.36          --                 --  mixed cyclic-ring deformation (C-C-C bend) / mixed-phase cyclic C-C stretching cyclic-ring deformation (C-C-C bend) 28.22%; mixed-phase cyclic C-C stretching 26.99%; ring-site C-H out-of-plane bending 13.07%; ring-site N-H out-of-plane bending 7.95%
   20      827.80          --                 --  mixed C-H bending / C-C torsion                                C-H bending 49.52%; C-C torsion 49.49%
   21      849.35          --                 --  mixed mixed-phase cyclic C-C stretching / cyclic-ring deformation (C-C-C bend) mixed-phase cyclic C-C stretching 36.59%; cyclic-ring deformation (C-C-C bend) 14.21%; C-H bending 11.86%; ring-site C-H out-of-plane bending 7.26%
   22      871.42          --                 --  mixed ring-site C-H out-of-plane bending / opposite-phase cyclic C-C stretching ring-site C-H out-of-plane bending 23.57%; opposite-phase cyclic C-C stretching 15.75%; ring-site C-H in-plane bending 13.39%; C-H bending 13.33%
   23      897.65          --                 --  mixed C-H bending / C-O stretching                             C-H bending 22.68%; C-O stretching 13.60%; ring-site C-H out-of-plane bending 12.37%; C-C torsion 11.55%
   24      932.19          --                 --  mixed ring-site C-H out-of-plane bending / cyclic C-N stretching / ring-site C-H in-plane bending ring-site C-H out-of-plane bending 22.18%; cyclic C-N stretching 16.19%; ring-site C-H in-plane bending 16.03%; cyclic-ring out-of-plane deformation 10.79%
   25      962.25          --                 --  mixed cyclic C-C stretching / mixed-phase cyclic C-N stretching cyclic C-C stretching 45.72%; mixed-phase cyclic C-N stretching 11.32%; cyclic-ring out-of-plane deformation 9.28%; C-H bending 7.22%
   26      993.29          --                 --  mixed cyclic C-C stretching / ring-site C-H out-of-plane bending cyclic C-C stretching 36.11%; ring-site C-H out-of-plane bending 16.59%; ring-site C-H in-plane bending 10.15%; cyclic-ring torsional/out-of-plane deformation 6.32%
   27     1014.14          --                 --  mixed ring-site C-H in-plane bending / cyclic-ring out-of-plane deformation ring-site C-H in-plane bending 21.60%; cyclic-ring out-of-plane deformation 15.51%; C-C stretching 11.77%; ring-site C-H out-of-plane bending 11.41%
   28     1040.12          --                 --  mixed C-C stretching / C-O stretching                          C-C stretching 26.79%; C-O stretching 24.95%; cyclic-ring out-of-plane deformation 11.45%; O-C-C bending 7.42%
   29     1075.71          --                 --  mixed ring-site C-H out-of-plane bending / C-H bending         ring-site C-H out-of-plane bending 29.61%; C-H bending 13.94%; cyclic C-C stretching 10.97%; ring-site C-H in-plane bending 10.71%
   30     1098.05          --                 --  mixed ring-site C-H out-of-plane bending / ring-site C-H in-plane bending / ring-site N-H in-plane bending ring-site C-H out-of-plane bending 29.03%; ring-site C-H in-plane bending 26.15%; ring-site N-H in-plane bending 15.05%; exocyclic C-C stretching 6.72%
   31     1119.06          --                 --  mixed ring-site N-H out-of-plane bending / ring-site C-H out-of-plane bending / ring-site C-H in-plane bending ring-site N-H out-of-plane bending 32.11%; ring-site C-H out-of-plane bending 18.51%; ring-site C-H in-plane bending 17.84%; exocyclic C-C stretching 10.27%
   32     1127.45          --                 --  opposite-phase C-O stretching                                  opposite-phase C-O stretching 73.27%; C-C stretching 9.89%; C-H bending 4.74%; C-C-O bending 2.03%
   33     1138.47          --                 --  mixed ring-site C-H out-of-plane bending / ring-site C-H in-plane bending ring-site C-H out-of-plane bending 16.06%; ring-site C-H in-plane bending 14.26%; ring-site N-H out-of-plane bending 11.98%; C-H bending 11.50%
   34     1155.60          --                 --  mixed C-H bending / C-C torsion                                C-H bending 25.25%; C-C torsion 22.27%; C-O stretching 13.04%; C-C-O bending 9.20%
   35     1172.85          --                 --  mixed C-H bending / ring-site C-H out-of-plane bending         C-H bending 23.89%; ring-site C-H out-of-plane bending 16.33%; mixed-phase cyclic C-C stretching 14.42%; ring-site C-H in-plane bending 10.57%
   36     1188.91          --                 --  mixed C-H bending / C-C torsion                                C-H bending 55.67%; C-C torsion 19.78%; ring-site C-H out-of-plane bending 11.23%; cyclic C-C stretching 5.72%
   37     1214.83          --                 --  mixed ring-site C-H out-of-plane bending / ring-site C-H in-plane bending ring-site C-H out-of-plane bending 38.01%; ring-site C-H in-plane bending 16.28%; C-H bending 11.76%; C-C torsion 9.10%
   38     1256.21          --                 --  mixed ring-site C-H in-plane bending / ring-site C-H out-of-plane bending ring-site C-H in-plane bending 41.98%; ring-site C-H out-of-plane bending 39.88%; C-C torsion 5.33%; C-H bending 2.86%
   39     1262.74          --                 --  mixed C-H bending / ring-site C-H in-plane bending             C-H bending 33.68%; ring-site C-H in-plane bending 28.68%; C-C torsion 8.74%; mixed-phase cyclic C-C stretching 7.15%
   40     1298.30          --                 --  mixed C-H bending / C-C torsion                                C-H bending 37.41%; C-C torsion 11.24%; cyclic C-C stretching 11.20%; ring-site N-H in-plane bending 10.03%
   41     1301.52          --                 --  mixed C-H bending / C-C torsion                                C-H bending 64.18%; C-C torsion 25.26%; cyclic C-C stretching 2.23%; ring-site C-H out-of-plane bending 2.21%
   42     1327.73          --                 --  mixed ring-site C-H in-plane bending / opposite-phase cyclic C-C stretching ring-site C-H in-plane bending 31.07%; opposite-phase cyclic C-C stretching 24.08%; ring-site N-H out-of-plane bending 13.53%; cyclic-ring deformation (C-C-C bend) 11.75%
   43     1345.77          --                 --  mixed C-H bending / ring-site C-H out-of-plane bending / C-H out-of-plane bending C-H bending 27.60%; ring-site C-H out-of-plane bending 21.26%; C-H out-of-plane bending 19.57%; ring-site C-H in-plane bending 15.44%
   44     1381.65          --                 --  mixed ring-site C-H in-plane bending / mixed-phase cyclic C-C stretching ring-site C-H in-plane bending 37.62%; mixed-phase cyclic C-C stretching 22.04%; in-phase cyclic C-N stretching 11.84%; C-H bending 10.69%
   45     1397.33          --                 --  mixed C-H bending / C-C torsion                                C-H bending 64.64%; C-C torsion 11.97%; ring-site C-H out-of-plane bending 8.07%; C-H out-of-plane bending 5.67%
   46     1416.70          --                 --  mixed C-H bending / C-H out-of-plane bending                   C-H bending 62.88%; C-H out-of-plane bending 14.37%; C-C stretching 6.44%; ring-site C-H out-of-plane bending 5.75%
   47     1453.04          --                 --  mixed C-H bending / C-H out-of-plane bending                   C-H bending 48.39%; C-H out-of-plane bending 31.25%; C-C torsion 5.63%; exocyclic C-C stretching 4.31%
   48     1482.09          --                 --  mixed ring-site C-H out-of-plane bending / ring-site C-H in-plane bending ring-site C-H out-of-plane bending 58.95%; ring-site C-H in-plane bending 31.62%; in-phase cyclic C-C stretching 5.86%
   49     1486.49          --                 --  C-C torsion                                                    C-C torsion 84.87%; C-H bending 14.88%
   50     1503.71          --                 --  C-C torsion                                                    C-C torsion 82.44%; C-H bending 15.30%
   51     1518.15          --                 --  mixed C-C torsion / C-H out-of-plane bending / C-H bending     C-C torsion 44.69%; C-H out-of-plane bending 31.13%; C-H bending 21.34%
   52     1536.52          --                 --  mixed C-C torsion / C-H bending                                C-C torsion 62.68%; C-H bending 28.29%; C-H out-of-plane bending 6.99%
   53     2947.56          --                 --  mixed-phase C-H stretching                                     mixed-phase C-H stretching 99.32%
   54     2959.49          --                 --  C-H stretching                                                 C-H stretching 99.32%
   55     2980.80          --                 --  mixed-phase C-H stretching                                     mixed-phase C-H stretching 99.06%
   56     3019.83          --                 --  mixed-phase C-H stretching                                     mixed-phase C-H stretching 96.70%; ring-site C-H stretching 2.54%
   57     3038.35          --                 --  in-phase C-H stretching                                        in-phase C-H stretching 99.73%
   58     3067.99          --                 --  mixed-phase ring-site C-H stretching                           mixed-phase ring-site C-H stretching 98.69%
   59     3073.15          --                 --  ring-site C-H stretching                                       ring-site C-H stretching 97.40%
   60     3103.50          --                 --  mixed-phase C-H stretching                                     mixed-phase C-H stretching 99.34%
   61     3109.74          --                 --  opposite-phase C-H stretching                                  opposite-phase C-H stretching 99.55%
   62     3123.87          --                 --  opposite-phase ring-site C-H stretching                        opposite-phase ring-site C-H stretching 99.06%
   63     3172.58          --                 --  mixed-phase ring-site C-H stretching                           mixed-phase ring-site C-H stretching 98.92%
   64     3186.35          --                 --  ring-site C-H stretching                                       ring-site C-H stretching 98.32%
   65     3467.24          --                 --  ring-site N-H stretching                                       ring-site N-H stretching 99.66%

# Selected internal-coordinate set:
#   1  nu(C1-C2)
#   2  nu(O3-C4)
#   3  nu(C5-H17)
#   4  nu(C6-C7)
#   5  nu(N8-H21)
#   6  nu(C9-H22)
#   7  nu(C4-H16)
#   8  nu(C5-C6)
#   9  nu(C1-H12)
#  10  nu(C2-H14)
#  11  nu(C7-N8)
#  12  nu(C2-H13)
#  13  nu(C4-H15)
#  14  nu(C1-H10)
#  15  nu(C6-H18)
#  16  tau(H20-C7-N8-H21)
#  17  gamma(N8;C9,C5,H22)
#  18  nu(C5-C9)
#  19  nu(C1-H11)
#  20  nu(C6-H19)
#  21  nu(C2-O3)
#  22  nu(C7-H20)
#  23  delta(C5-C9-H22)
#  24  gamma(H16;C4,O3,H15)
#  25  tau(C6-C7-N8-H21)
#  26  tau(H10-C1-C2-H14)
#  27  delta(O3-C4-H15)
#  28  tau(H11-C1-C2-H13)
#  29  delta(C7-N8-H21)
#  30  delta(C6-C5-H17)
#  31  tau(H12-C1-C2-O3)
#  32  tau(H17-C5-C6-H19)
#  33  delta(C1-C2-H13)
#  34  delta(C1-C2-H14)
#  35  delta(C5-C6-H19)
#  36  tau(H16-C4-C5-C6)
#  37  tau(H18-C6-C7-N8)
#  38  delta(C2-C1-H10)
#  39  delta(C2-C1-H11)
#  40  delta(C7-C6-H18)
#  41  delta(C2-C1-H12)
#  42  delta(N8-C7-H20)
#  43  nu(N8-C9)
#  44  tau(C2-O3-C4-C5)
#  45  tau(H17-C5-C6-C7)
#  46  tau(O3-C4-C5-C6)
#  47  tau(H11-C1-C2-H14)
#  48  nu(C4-C5)
#  49  delta(C5-C4-H16)
#  50  gamma(C6;C7,N8,C9)
#  51  nu(C7-C9)
#  52  delta(C2-O3-C4)
#  53  tau(C1-C2-O3-C4)
#  54  delta(C1-C2-O3)
#  55  delta(C4-C5-C6)
#  56  delta(C6-C7-C9)
#  57  delta(O3-C2-H14)
#  58  tau(C5-C6-C7-C9)
#  59  delta(O3-C4-C5)
#  60  tau(C4-C5-C6-C7)

Wrote: /local/scratch/mv487/qm9s/experiment_1_phase2/ped/113321/113321_summary.csv
Wrote: /local/scratch/mv487/qm9s/experiment_1_phase2/ped/113321/113321_families.csv
Wrote: /local/scratch/mv487/qm9s/experiment_1_phase2/ped/113321/113321_ped.csv
Wrote: /local/scratch/mv487/qm9s/experiment_1_phase2/ped/113321/113321_ir_transitions.csv

# All generated files are in: /local/scratch/mv487/qm9s/experiment_1_phase2/ped/113321
# Manifest: /local/scratch/mv487/qm9s/experiment_1_phase2/ped/113321/113321_manifest.txt

--- stderr ---
Normal modes/frequencies absent or incomplete: diagonalizing Hessian.
