# Contact: romi@lens.unifi.it
# Manual: https://github.com/SebRoLENS/orca-ped-analyzer/blob/main/docs/ORCA_PED_Analyzer_Manual.md
# Check GitHub for updates and new releases: https://github.com/SebRoLENS/orca-ped-analyzer
#
# Molecule: 19 atoms | non-linear
# Bonds inferred: 20 | candidate ICs: 198 | selected ICs: 51
# Cartesian-Hessian reconstruction relative error: 2.035e-05
# Energy distribution: PED (PED is the backward-compatible default; TED includes kinetic-energy terms)
# Ring/cycle bonds detected: 7 | ring atoms: 6 | ring systems: 1
# VPT2: no matching .out file supplied/found -> harmonic/PED analysis only
#
 Mode   Harm/cm-1   VPT2/cm-1  Harm.Int/km mol-1  Assignment                                                     Grouped PED
------------------------------------------------------------------------------------------------------------------------------------------------------------------------------------------------
    6      123.29          --                 --  mixed cyclic-ring torsional/out-of-plane deformation / cyclic-ring deformation (C-C-C bend) / cyclic-ring deformation (O-C-C bend) cyclic-ring torsional/out-of-plane deformation 25.82%; cyclic-ring deformation (C-C-C bend) 19.95%; cyclic-ring deformation (O-C-C bend) 19.88%; ring-site C-H out-of-plane bending 13.66%
    7      178.69          --                 --  mixed C-C torsion / cyclic-ring torsional/out-of-plane deformation / cyclic-ring deformation (C-C-C bend) C-C torsion 31.20%; cyclic-ring torsional/out-of-plane deformation 26.38%; cyclic-ring deformation (C-C-C bend) 20.55%; cyclic-ring out-of-plane deformation 7.13%
    8      183.47          --                 --  C-C torsion                                                    C-C torsion 98.60%
    9      221.30          --                 --  C-C torsion                                                    C-C torsion 89.67%; cyclic-ring torsional/out-of-plane deformation 6.90%
   10      235.54          --                 --  C-C torsion                                                    C-C torsion 95.19%; cyclic-ring torsional/out-of-plane deformation 3.15%
   11      265.13          --                 --  mixed C-C torsion / cyclic-ring torsional/out-of-plane deformation C-C torsion 61.72%; cyclic-ring torsional/out-of-plane deformation 22.44%; cyclic-ring deformation (C-C-C bend) 5.49%; C-H bending 4.37%
   12      316.79          --                 --  mixed cyclic-ring torsional/out-of-plane deformation / cyclic-ring out-of-plane deformation cyclic-ring torsional/out-of-plane deformation 32.83%; cyclic-ring out-of-plane deformation 23.81%; cyclic-ring deformation (O-C-C bend) 13.86%; ring-site C-H out-of-plane bending 8.72%
   13      453.91          --                 --  mixed cyclic-ring torsional/out-of-plane deformation / mixed-phase cyclic C-C stretching / O-C-C bending cyclic-ring torsional/out-of-plane deformation 22.09%; mixed-phase cyclic C-C stretching 20.19%; O-C-C bending 15.81%; C-C torsion 9.54%
   14      507.47          --                 --  mixed cyclic-ring deformation (O-C-C bend) / cyclic-ring deformation (C-C-C bend) cyclic-ring deformation (O-C-C bend) 43.28%; cyclic-ring deformation (C-C-C bend) 19.83%; cyclic-ring out-of-plane deformation 8.15%; C-C torsion 6.39%
   15      540.25          --                 --  mixed cyclic-ring deformation (C-C-C bend) / cyclic-ring deformation (O-C-C bend) / cyclic C-C stretching cyclic-ring deformation (C-C-C bend) 25.16%; cyclic-ring deformation (O-C-C bend) 16.90%; cyclic C-C stretching 15.97%; exocyclic C-C stretching 7.42%
   16      622.07          --                 --  mixed mixed-phase cyclic C-C stretching / C-C torsion          mixed-phase cyclic C-C stretching 19.61%; C-C torsion 15.70%; cyclic-ring deformation (O-C-C bend) 12.98%; cyclic-ring deformation (C-C-C bend) 10.69%
   17      703.38          --                 --  mixed mixed-phase cyclic C-C stretching / cyclic-ring deformation (O-C-C bend) / cyclic-ring out-of-plane deformation mixed-phase cyclic C-C stretching 21.71%; cyclic-ring deformation (O-C-C bend) 21.16%; cyclic-ring out-of-plane deformation 15.22%; ring-site C-H out-of-plane bending 13.79%
   18      756.55          --                 --  mixed mixed-phase cyclic C-C stretching / C-C torsion          mixed-phase cyclic C-C stretching 52.39%; C-C torsion 12.20%; ring-site C-H out-of-plane bending 9.93%; cyclic-ring out-of-plane deformation 6.58%
   19      798.94          --                 --  mixed cyclic C-C stretching / cyclic-ring deformation (C-C-O bend) / C-H bending cyclic C-C stretching 25.08%; cyclic-ring deformation (C-C-O bend) 17.15%; C-H bending 15.59%; C-C torsion 14.49%
   20      839.19          --                 --  mixed mixed-phase cyclic C-O stretching / mixed-phase cyclic C-C stretching mixed-phase cyclic C-O stretching 34.86%; mixed-phase cyclic C-C stretching 23.31%; cyclic-ring deformation (C-C-C bend) 12.34%; C-H bending 8.50%
   21      856.85          --                 --  mixed cyclic C-O stretching / cyclic-ring deformation (C-C-O bend) cyclic C-O stretching 40.04%; cyclic-ring deformation (C-C-O bend) 16.57%; mixed-phase cyclic C-C stretching 9.75%; C-H bending 8.47%
   22      880.79          --                 --  mixed mixed-phase cyclic C-C stretching / C-H bending          mixed-phase cyclic C-C stretching 30.23%; C-H bending 25.05%; C-C torsion 13.12%; cyclic-ring deformation (O-C-C bend) 7.11%
   23      916.98          --                 --  mixed mixed-phase cyclic C-O stretching / cyclic-ring deformation (C-C-O bend) mixed-phase cyclic C-O stretching 29.46%; cyclic-ring deformation (C-C-O bend) 16.46%; cyclic-ring deformation (O-C-C bend) 14.99%; mixed-phase cyclic C-C stretching 11.86%
   24      959.23          --                 --  mixed mixed-phase cyclic C-C stretching / cyclic C-O stretching mixed-phase cyclic C-C stretching 29.80%; cyclic C-O stretching 19.67%; C-H bending 14.20%; exocyclic C-C stretching 6.61%
   25     1023.59          --                 --  mixed C-H bending / ring-site C-H out-of-plane bending         C-H bending 46.78%; ring-site C-H out-of-plane bending 12.96%; C-C torsion 11.53%; ring-site C-H in-plane bending 9.05%
   26     1056.92          --                 --  mixed C-H bending / C-C torsion                                C-H bending 27.46%; C-C torsion 19.54%; exocyclic C-C stretching 12.30%; ring-site C-H out-of-plane bending 10.77%
   27     1069.11          --                 --  mixed C-H bending / C-C torsion                                C-H bending 37.56%; C-C torsion 10.34%; mixed-phase cyclic C-C stretching 9.96%; ring-site C-H out-of-plane bending 9.17%
   28     1076.75          --                 --  mixed C-H bending / C-C torsion                                C-H bending 35.24%; C-C torsion 24.27%; ring-site C-H out-of-plane bending 12.94%; cyclic C-C stretching 8.15%
   29     1111.41          --                 --  mixed exocyclic C-C stretching / C-H bending                   exocyclic C-C stretching 37.22%; C-H bending 17.06%; cyclic C-C stretching 13.92%; cyclic-ring deformation (O-C-C bend) 6.74%
   30     1115.08          --                 --  mixed C-H bending / ring-site C-H in-plane bending             C-H bending 39.42%; ring-site C-H in-plane bending 12.59%; ring-site C-H out-of-plane bending 10.65%; opposite-phase exocyclic C-C stretching 9.16%
   31     1160.87          --                 --  mixed ring-site C-H in-plane bending / mixed-phase cyclic C-C stretching ring-site C-H in-plane bending 25.11%; mixed-phase cyclic C-C stretching 18.73%; cyclic-ring deformation (C-C-C bend) 11.04%; cyclic-ring deformation (O-C-C bend) 9.53%
   32     1180.20          --                 --  mixed ring-site C-H out-of-plane bending / ring-site C-H in-plane bending ring-site C-H out-of-plane bending 28.12%; ring-site C-H in-plane bending 14.74%; mixed-phase cyclic C-C stretching 13.27%; C-C torsion 12.41%
   33     1221.87          --                 --  mixed ring-site C-H in-plane bending / mixed-phase cyclic C-C stretching ring-site C-H in-plane bending 29.47%; mixed-phase cyclic C-C stretching 19.14%; C-H bending 14.41%; cyclic-ring deformation (C-C-C bend) 13.67%
   34     1236.78          --                 --  mixed ring-site C-H out-of-plane bending / cyclic C-C stretching / C-C torsion ring-site C-H out-of-plane bending 26.57%; cyclic C-C stretching 16.95%; C-C torsion 16.32%; C-H bending 15.15%
   35     1245.67          --                 --  C-C torsion                                                    C-C torsion 70.25%; C-H bending 8.22%; opposite-phase cyclic C-C stretching 6.04%; ring-site C-H out-of-plane bending 5.22%
   36     1278.38          --                 --  mixed ring-site C-H in-plane bending / ring-site C-H out-of-plane bending ring-site C-H in-plane bending 45.03%; ring-site C-H out-of-plane bending 27.14%; in-phase cyclic C-O stretching 11.25%; in-phase cyclic C-C stretching 5.65%
   37     1305.93          --                 --  mixed ring-site C-H out-of-plane bending / ring-site C-H in-plane bending ring-site C-H out-of-plane bending 42.28%; ring-site C-H in-plane bending 23.58%; opposite-phase cyclic C-C stretching 14.38%; cyclic-ring deformation (C-C-C bend) 6.39%
   38     1344.49          --                 --  mixed ring-site C-H in-plane bending / ring-site C-H out-of-plane bending ring-site C-H in-plane bending 39.18%; ring-site C-H out-of-plane bending 15.72%; cyclic C-C stretching 12.98%; C-H bending 11.77%
   39     1399.45          --                 --  mixed ring-site C-H out-of-plane bending / in-phase cyclic C-C stretching ring-site C-H out-of-plane bending 49.06%; in-phase cyclic C-C stretching 13.29%; C-H bending 12.41%; C-H out-of-plane bending 11.23%
   40     1416.75          --                 --  mixed C-H bending / C-H out-of-plane bending                   C-H bending 48.16%; C-H out-of-plane bending 47.09%; exocyclic C-C stretching 3.04%
   41     1418.93          --                 --  mixed C-H out-of-plane bending / C-H bending                   C-H out-of-plane bending 55.13%; C-H bending 41.60%; exocyclic C-C stretching 2.05%
   42     1500.21          --                 --  C-H bending                                                    C-H bending 72.31%; C-C torsion 19.93%; C-H out-of-plane bending 6.88%
   43     1502.07          --                 --  mixed C-H bending / C-H out-of-plane bending                   C-H bending 61.28%; C-H out-of-plane bending 19.80%; C-C torsion 17.44%
   44     1504.00          --                 --  mixed C-H bending / C-C torsion                                C-H bending 62.89%; C-C torsion 29.56%; C-H out-of-plane bending 6.07%
   45     1507.06          --                 --  mixed C-C torsion / C-H bending                                C-C torsion 70.79%; C-H bending 27.98%
   46     1845.49          --                 --  exocyclic C-O stretching                                       exocyclic C-O stretching 85.08%; in-phase cyclic C-C stretching 8.89%
   47     3033.19          --                 --  C-H stretching                                                 C-H stretching 97.93%
   48     3036.01          --                 --  in-phase C-H stretching                                        in-phase C-H stretching 98.03%
   49     3051.10          --                 --  ring-site C-H stretching                                       ring-site C-H stretching 94.90%; opposite-phase C-H stretching 4.00%
   50     3054.71          --                 --  ring-site C-H stretching                                       ring-site C-H stretching 93.62%; C-H stretching 5.39%
   51     3088.63          --                 --  opposite-phase C-H stretching                                  opposite-phase C-H stretching 99.38%
   52     3098.08          --                 --  opposite-phase C-H stretching                                  opposite-phase C-H stretching 96.35%; ring-site C-H stretching 3.27%
   53     3107.55          --                 --  mixed-phase C-H stretching                                     mixed-phase C-H stretching 98.84%
   54     3117.53          --                 --  mixed mixed-phase C-H stretching / ring-site C-H stretching    mixed-phase C-H stretching 66.36%; ring-site C-H stretching 32.74%
   55     3118.58          --                 --  mixed ring-site C-H stretching / mixed-phase C-H stretching    ring-site C-H stretching 67.43%; mixed-phase C-H stretching 31.42%
   56     3152.13          --                 --  ring-site C-H stretching                                       ring-site C-H stretching 98.41%

# Selected internal-coordinate set:
#   1  nu(C1-H11)
#   2  nu(C2-C5)
#   3  nu(C3-O4)
#   4  nu(C6-O7)
#   5  nu(C8-H16)
#   6  nu(C9-H17)
#   7  nu(O4-C5)
#   8  nu(C2-C3)
#   9  nu(C9-H19)
#  10  nu(C1-H12)
#  11  nu(C3-C8)
#  12  nu(C9-H18)
#  13  nu(C1-H10)
#  14  nu(C2-H13)
#  15  nu(C5-C6)
#  16  gamma(C8;C6,C5,O7)
#  17  nu(C6-C8)
#  18  nu(C3-H14)
#  19  nu(C5-H15)
#  20  gamma(H10;C1,H11,H12)
#  21  gamma(H18;C9,H17,H19)
#  22  tau(H10-C1-C2-H13)
#  23  delta(H17-C9-H19)
#  24  delta(H11-C1-H12)
#  25  gamma(H13;C2,C3,C5)
#  26  delta(C3-C8-H16)
#  27  tau(C2-C3-C8-H16)
#  28  delta(O4-C3-H14)
#  29  tau(H15-C5-C6-C8)
#  30  tau(C6-C8-C9-H18)
#  31  delta(O4-C3-C8)
#  32  delta(C6-C5-H15)
#  33  tau(H14-C3-O4-C5)
#  34  delta(O7-C6-C8)
#  35  delta(C2-C1-H11)
#  36  delta(C8-C9-H17)
#  37  tau(H11-C1-C2-H13)
#  38  delta(C2-C5-O4)
#  39  delta(C8-C9-H19)
#  40  tau(C3-C8-C9-H19)
#  41  nu(C1-C2)
#  42  nu(C8-C9)
#  43  delta(C2-C1-H12)
#  44  delta(O4-C5-C6)
#  45  gamma(C3;C8,C6,C9)
#  46  tau(H12-C1-C2-C3)
#  47  delta(C2-C5-C6)
#  48  tau(C1-C2-C5-C6)
#  49  tau(O4-C3-C8-C9)
#  50  tau(C1-C2-C3-C8)
#  51  delta(C2-C3-C8)

Wrote: /local/scratch/mv487/qm9s/experiment_1_phase2/ped/74934/74934_summary.csv
Wrote: /local/scratch/mv487/qm9s/experiment_1_phase2/ped/74934/74934_families.csv
Wrote: /local/scratch/mv487/qm9s/experiment_1_phase2/ped/74934/74934_ped.csv
Wrote: /local/scratch/mv487/qm9s/experiment_1_phase2/ped/74934/74934_ir_transitions.csv

# All generated files are in: /local/scratch/mv487/qm9s/experiment_1_phase2/ped/74934
# Manifest: /local/scratch/mv487/qm9s/experiment_1_phase2/ped/74934/74934_manifest.txt

--- stderr ---
Normal modes/frequencies absent or incomplete: diagonalizing Hessian.
