# Contact: romi@lens.unifi.it
# Manual: https://github.com/SebRoLENS/orca-ped-analyzer/blob/main/docs/ORCA_PED_Analyzer_Manual.md
# Check GitHub for updates and new releases: https://github.com/SebRoLENS/orca-ped-analyzer
#
# Molecule: 17 atoms | non-linear
# Bonds inferred: 20 | candidate ICs: 232 | selected ICs: 45
# Cartesian-Hessian reconstruction relative error: 6.917e-05
# Energy distribution: PED (PED is the backward-compatible default; TED includes kinetic-energy terms)
# Ring/cycle bonds detected: 12 | ring atoms: 9 | ring systems: 1
# VPT2: no matching .out file supplied/found -> harmonic/PED analysis only
#
 Mode   Harm/cm-1   VPT2/cm-1  Harm.Int/km mol-1  Assignment                                                     Grouped PED
------------------------------------------------------------------------------------------------------------------------------------------------------------------------------------------------
    6      187.73          --                 --  mixed ring-site C-H out-of-plane bending / cyclic-ring torsional/out-of-plane deformation ring-site C-H out-of-plane bending 70.63%; cyclic-ring torsional/out-of-plane deformation 20.66%; ring-site C-H in-plane bending 3.97%; cyclic-ring out-of-plane deformation 2.18%
    7      296.19          --                 --  mixed cyclic-ring deformation (C-C-O bend) / cyclic-ring out-of-plane deformation cyclic-ring deformation (C-C-O bend) 47.19%; cyclic-ring out-of-plane deformation 42.82%; ring-site C-H in-plane bending 4.55%; ring-site C-H out-of-plane bending 2.83%
    8      382.55          --                 --  mixed cyclic-ring out-of-plane deformation / cyclic-ring deformation (C-C-O bend) / cyclic-ring torsional/out-of-plane deformation cyclic-ring out-of-plane deformation 24.53%; cyclic-ring deformation (C-C-O bend) 21.51%; cyclic-ring torsional/out-of-plane deformation 20.76%; ring-site C-H out-of-plane bending 11.95%
    9      474.73          --                 --  mixed cyclic-ring torsional/out-of-plane deformation / cyclic-ring out-of-plane deformation cyclic-ring torsional/out-of-plane deformation 38.65%; cyclic-ring out-of-plane deformation 25.58%; ring-site C-H out-of-plane bending 14.38%; ring-site C-H in-plane bending 8.65%
   10      504.22          --                 --  mixed cyclic-ring deformation (C-C-O bend) / ring-site C-H out-of-plane bending cyclic-ring deformation (C-C-O bend) 47.24%; ring-site C-H out-of-plane bending 14.59%; mixed-phase cyclic C-C stretching 10.63%; cyclic-ring out-of-plane deformation 10.57%
   11      546.26          --                 --  mixed cyclic-ring deformation (O-C-C bend) / cyclic-ring torsional/out-of-plane deformation / cyclic-ring out-of-plane deformation cyclic-ring deformation (O-C-C bend) 28.30%; cyclic-ring torsional/out-of-plane deformation 21.87%; cyclic-ring out-of-plane deformation 15.69%; ring-site C-H out-of-plane bending 11.76%
   12      634.51          --                 --  mixed mixed-phase cyclic C-C stretching / cyclic-ring deformation (C-C-O bend) mixed-phase cyclic C-C stretching 42.95%; cyclic-ring deformation (C-C-O bend) 18.14%; cyclic-ring torsional/out-of-plane deformation 10.27%; cyclic-ring out-of-plane deformation 9.62%
   13      689.08          --                 --  mixed ring-site C-H out-of-plane bending / ring-site C-H in-plane bending ring-site C-H out-of-plane bending 42.79%; ring-site C-H in-plane bending 25.12%; cyclic-ring out-of-plane deformation 8.71%; cyclic C-C stretching 6.37%
   14      696.27          --                 --  mixed ring-site C-H out-of-plane bending / cyclic-ring out-of-plane deformation ring-site C-H out-of-plane bending 43.04%; cyclic-ring out-of-plane deformation 15.92%; ring-site C-H in-plane bending 14.64%; mixed-phase cyclic C-O stretching 9.86%
   15      723.61          --                 --  mixed cyclic C-C stretching / cyclic-ring deformation (O-C-C bend) cyclic C-C stretching 26.39%; cyclic-ring deformation (O-C-C bend) 20.49%; mixed-phase cyclic C-O stretching 14.78%; cyclic-ring deformation (C-C-O bend) 10.93%
   16      751.29          --                 --  mixed mixed-phase cyclic C-C stretching / mixed-phase cyclic C-O stretching / cyclic-ring out-of-plane deformation mixed-phase cyclic C-C stretching 32.89%; mixed-phase cyclic C-O stretching 20.68%; cyclic-ring out-of-plane deformation 20.01%; ring-site C-H out-of-plane bending 11.59%
   17      819.07          --                 --  mixed cyclic C-O stretching / ring-site C-H out-of-plane bending / cyclic-ring deformation (C-C-O bend) cyclic C-O stretching 29.21%; ring-site C-H out-of-plane bending 27.43%; cyclic-ring deformation (C-C-O bend) 20.99%; ring-site C-H in-plane bending 7.68%
   18      847.90          --                 --  mixed mixed-phase cyclic C-C stretching / mixed-phase cyclic C-O stretching mixed-phase cyclic C-C stretching 46.36%; mixed-phase cyclic C-O stretching 14.78%; cyclic-ring torsional/out-of-plane deformation 13.92%; cyclic-ring out-of-plane deformation 9.74%
   19      860.85          --                 --  mixed cyclic C-C stretching / ring-site C-H out-of-plane bending cyclic C-C stretching 46.08%; ring-site C-H out-of-plane bending 14.13%; ring-site C-H in-plane bending 12.61%; cyclic-ring out-of-plane deformation 10.48%
   20      869.41          --                 --  mixed mixed-phase cyclic C-O stretching / ring-site C-H out-of-plane bending mixed-phase cyclic C-O stretching 27.56%; ring-site C-H out-of-plane bending 23.64%; mixed-phase cyclic C-C stretching 12.94%; cyclic-ring out-of-plane deformation 9.28%
   21      891.17          --                 --  mixed cyclic C-O stretching / cyclic-ring deformation (O-C-C bend) / mixed-phase cyclic C-C stretching cyclic C-O stretching 35.63%; cyclic-ring deformation (O-C-C bend) 27.97%; mixed-phase cyclic C-C stretching 15.66%; cyclic-ring out-of-plane deformation 8.21%
   22      905.41          --                 --  mixed cyclic C-C stretching / mixed-phase cyclic C-O stretching cyclic C-C stretching 49.70%; mixed-phase cyclic C-O stretching 18.22%; ring-site C-H in-plane bending 9.93%; ring-site C-H out-of-plane bending 9.03%
   23      938.19          --                 --  mixed ring-site C-H out-of-plane bending / ring-site C-H in-plane bending / mixed-phase cyclic C-C stretching ring-site C-H out-of-plane bending 23.17%; ring-site C-H in-plane bending 22.04%; mixed-phase cyclic C-C stretching 15.71%; cyclic C-O stretching 12.81%
   24      996.63          --                 --  mixed cyclic-ring deformation (C-C-O bend) / mixed-phase cyclic C-O stretching / cyclic-ring out-of-plane deformation cyclic-ring deformation (C-C-O bend) 27.58%; mixed-phase cyclic C-O stretching 22.24%; cyclic-ring out-of-plane deformation 21.83%; cyclic-ring deformation (O-C-C bend) 8.98%
   25     1015.84          --                 --  mixed ring-site C-H in-plane bending / cyclic-ring deformation (C-C-O bend) / mixed-phase cyclic C-O stretching ring-site C-H in-plane bending 26.63%; cyclic-ring deformation (C-C-O bend) 19.18%; mixed-phase cyclic C-O stretching 18.67%; cyclic-ring deformation (O-C-C bend) 12.79%
   26     1054.47          --                 --  mixed mixed-phase cyclic C-C stretching / ring-site C-H in-plane bending mixed-phase cyclic C-C stretching 33.11%; ring-site C-H in-plane bending 28.81%; mixed-phase cyclic C-O stretching 11.32%; cyclic-ring torsional/out-of-plane deformation 7.40%
   27     1059.48          --                 --  mixed ring-site C-H out-of-plane bending / ring-site C-H in-plane bending / cyclic-ring out-of-plane deformation ring-site C-H out-of-plane bending 25.39%; ring-site C-H in-plane bending 23.30%; cyclic-ring out-of-plane deformation 19.54%; mixed-phase cyclic C-C stretching 18.58%
   28     1126.21          --                 --  mixed cyclic-ring out-of-plane deformation / ring-site C-H in-plane bending cyclic-ring out-of-plane deformation 45.87%; ring-site C-H in-plane bending 28.68%; cyclic-ring torsional/out-of-plane deformation 6.72%; ring-site C-H out-of-plane bending 6.39%
   29     1149.84          --                 --  mixed ring-site C-H out-of-plane bending / ring-site C-H in-plane bending / cyclic-ring out-of-plane deformation ring-site C-H out-of-plane bending 27.25%; ring-site C-H in-plane bending 20.08%; cyclic-ring out-of-plane deformation 19.62%; cyclic C-O stretching 8.99%
   30     1178.76          --                 --  mixed ring-site C-H in-plane bending / cyclic-ring out-of-plane deformation ring-site C-H in-plane bending 60.02%; cyclic-ring out-of-plane deformation 10.44%; mixed-phase cyclic C-O stretching 10.34%; ring-site C-H out-of-plane bending 8.48%
   31     1189.37          --                 --  mixed ring-site C-H out-of-plane bending / cyclic-ring out-of-plane deformation / mixed-phase cyclic C-C stretching ring-site C-H out-of-plane bending 28.35%; cyclic-ring out-of-plane deformation 17.81%; mixed-phase cyclic C-C stretching 16.12%; ring-site C-H in-plane bending 13.95%
   32     1207.63          --                 --  mixed ring-site C-H in-plane bending / ring-site C-H out-of-plane bending ring-site C-H in-plane bending 53.01%; ring-site C-H out-of-plane bending 18.24%; mixed-phase cyclic C-C stretching 14.67%; cyclic-ring out-of-plane deformation 6.59%
   33     1224.61          --                 --  mixed ring-site C-H out-of-plane bending / ring-site C-H in-plane bending ring-site C-H out-of-plane bending 56.72%; ring-site C-H in-plane bending 27.72%; mixed-phase cyclic C-C stretching 7.45%; cyclic-ring out-of-plane deformation 3.54%
   34     1247.07          --                 --  mixed ring-site C-H in-plane bending / ring-site C-H out-of-plane bending ring-site C-H in-plane bending 40.66%; ring-site C-H out-of-plane bending 40.55%; mixed-phase cyclic C-C stretching 7.46%; cyclic-ring torsional/out-of-plane deformation 2.74%
   35     1257.06          --                 --  mixed ring-site C-H in-plane bending / ring-site C-H out-of-plane bending ring-site C-H in-plane bending 44.23%; ring-site C-H out-of-plane bending 38.54%; mixed-phase cyclic C-C stretching 8.25%; opposite-phase cyclic C-O stretching 4.02%
   36     1272.96          --                 --  mixed ring-site C-H in-plane bending / ring-site C-H out-of-plane bending / mixed-phase cyclic C-O stretching ring-site C-H in-plane bending 39.07%; ring-site C-H out-of-plane bending 23.26%; mixed-phase cyclic C-O stretching 16.53%; cyclic-ring out-of-plane deformation 7.87%
   37     1286.49          --                 --  mixed ring-site C-H in-plane bending / mixed-phase cyclic C-C stretching / ring-site C-H out-of-plane bending ring-site C-H in-plane bending 22.75%; mixed-phase cyclic C-C stretching 21.30%; ring-site C-H out-of-plane bending 21.23%; cyclic C-O stretching 18.84%
   38     1314.33          --                 --  mixed ring-site C-H out-of-plane bending / mixed-phase cyclic C-C stretching / ring-site C-H in-plane bending ring-site C-H out-of-plane bending 26.67%; mixed-phase cyclic C-C stretching 26.33%; ring-site C-H in-plane bending 17.68%; cyclic-ring out-of-plane deformation 10.62%
   39     1344.22          --                 --  mixed mixed-phase cyclic C-C stretching / cyclic-ring out-of-plane deformation / ring-site C-H in-plane bending mixed-phase cyclic C-C stretching 30.93%; cyclic-ring out-of-plane deformation 30.22%; ring-site C-H in-plane bending 20.73%; ring-site C-H out-of-plane bending 5.72%
   40     1457.17          --                 --  ring-site C-H out-of-plane bending                             ring-site C-H out-of-plane bending 79.12%; ring-site C-H in-plane bending 18.05%
   41     1469.77          --                 --  mixed C-H bending / ring-site C-H in-plane bending             C-H bending 67.95%; ring-site C-H in-plane bending 20.49%; ring-site C-H out-of-plane bending 8.78%; cyclic C-C stretching 2.39%
   42     1475.06          --                 --  mixed C-H bending / ring-site C-H out-of-plane bending / ring-site C-H in-plane bending C-H bending 43.26%; ring-site C-H out-of-plane bending 30.41%; ring-site C-H in-plane bending 23.04%; cyclic C-C stretching 2.69%
   43     3072.24          --                 --  ring-site C-H stretching                                       ring-site C-H stretching 99.36%
   44     3079.02          --                 --  in-phase ring-site C-H stretching                              in-phase ring-site C-H stretching 99.44%
   45     3083.57          --                 --  in-phase ring-site C-H stretching                              in-phase ring-site C-H stretching 99.41%
   46     3116.83          --                 --  ring-site C-H stretching                                       ring-site C-H stretching 98.87%
   47     3122.69          --                 --  mixed-phase ring-site C-H stretching                           mixed-phase ring-site C-H stretching 98.78%
   48     3137.71          --                 --  mixed-phase ring-site C-H stretching                           mixed-phase ring-site C-H stretching 99.59%
   49     3142.73          --                 --  opposite-phase ring-site C-H stretching                        opposite-phase ring-site C-H stretching 99.32%
   50     3157.42          --                 --  ring-site C-H stretching                                       ring-site C-H stretching 98.58%

# Selected internal-coordinate set:
#   1  nu(C1-C2)
#   2  nu(C3-O4)
#   3  nu(C5-C6)
#   4  nu(C7-O8)
#   5  nu(C9-H17)
#   6  nu(C6-C7)
#   7  nu(O4-C5)
#   8  nu(C3-C7)
#   9  nu(C1-H10)
#  10  nu(C2-H13)
#  11  nu(O8-C9)
#  12  tau(H10-C1-C2-H13)
#  13  nu(C6-H16)
#  14  gamma(C5;C9,O8,H17)
#  15  nu(C5-H14)
#  16  nu(C6-H15)
#  17  nu(C2-H12)
#  18  nu(C1-H11)
#  19  gamma(C2;C3,O4,C7)
#  20  gamma(H14;C5,O4,C6)
#  21  delta(O8-C9-H17)
#  22  tau(H10-C1-C2-H12)
#  23  delta(C7-C1-H11)
#  24  delta(H15-C6-H16)
#  25  tau(H10-C1-C7-O8)
#  26  delta(C5-C6-H15)
#  27  tau(H13-C2-C3-C7)
#  28  delta(O4-C3-C7)
#  29  delta(C1-C2-H12)
#  30  delta(C6-C7-O8)
#  31  tau(H14-C5-C9-O8)
#  32  tau(H11-C1-C7-C3)
#  33  delta(C7-C6-H15)
#  34  nu(C2-C3)
#  35  delta(C7-C6-H16)
#  36  nu(C5-C9)
#  37  nu(C1-C7)
#  38  delta(O4-C5-C9)
#  39  delta(C3-C9-O8)
#  40  delta(C3-C2-H13)
#  41  gamma(C6;C5,O4,C9)
#  42  tau(C1-C7-O8-C9)
#  43  delta(C1-C7-O8)
#  44  tau(C2-C1-C7-O8)
#  45  gamma(C3;C7,C1,O8)

Wrote: /local/scratch/mv487/qm9s/experiment_1_phase2/ped/37843/37843_summary.csv
Wrote: /local/scratch/mv487/qm9s/experiment_1_phase2/ped/37843/37843_families.csv
Wrote: /local/scratch/mv487/qm9s/experiment_1_phase2/ped/37843/37843_ped.csv
Wrote: /local/scratch/mv487/qm9s/experiment_1_phase2/ped/37843/37843_ir_transitions.csv

# All generated files are in: /local/scratch/mv487/qm9s/experiment_1_phase2/ped/37843
# Manifest: /local/scratch/mv487/qm9s/experiment_1_phase2/ped/37843/37843_manifest.txt

--- stderr ---
Normal modes/frequencies absent or incomplete: diagonalizing Hessian.
