# Contact: romi@lens.unifi.it
# Manual: https://github.com/SebRoLENS/orca-ped-analyzer/blob/main/docs/ORCA_PED_Analyzer_Manual.md
# Check GitHub for updates and new releases: https://github.com/SebRoLENS/orca-ped-analyzer
#
# Molecule: 18 atoms | non-linear
# Bonds inferred: 20 | candidate ICs: 218 | selected ICs: 48
# Cartesian-Hessian reconstruction relative error: 7.949e-05
# Energy distribution: PED (PED is the backward-compatible default; TED includes kinetic-energy terms)
# Ring/cycle bonds detected: 9 | ring atoms: 7 | ring systems: 1
# VPT2: no matching .out file supplied/found -> harmonic/PED analysis only
#
 Mode   Harm/cm-1   VPT2/cm-1  Harm.Int/km mol-1  Assignment                                                     Grouped PED
------------------------------------------------------------------------------------------------------------------------------------------------------------------------------------------------
    6       85.75          --                 --  mixed C-C torsion / ring-site C-H out-of-plane bending         C-C torsion 45.38%; ring-site C-H out-of-plane bending 17.84%; cyclic-ring torsional/out-of-plane deformation 11.87%; O-C-C bending 8.27%
    7      185.25          --                 --  mixed cyclic-ring torsional/out-of-plane deformation / ring-site C-H out-of-plane bending cyclic-ring torsional/out-of-plane deformation 59.09%; ring-site C-H out-of-plane bending 22.69%; O-C-C bending 13.61%
    8      232.43          --                 --  mixed cyclic-ring torsional/out-of-plane deformation / ring-site C-H out-of-plane bending cyclic-ring torsional/out-of-plane deformation 48.94%; ring-site C-H out-of-plane bending 37.00%; C-C torsion 5.12%; cyclic C-C stretching 3.35%
    9      390.59          --                 --  mixed cyclic-ring torsional/out-of-plane deformation / ring-site C-H out-of-plane bending / exocyclic C-C stretching cyclic-ring torsional/out-of-plane deformation 27.73%; ring-site C-H out-of-plane bending 24.01%; exocyclic C-C stretching 15.78%; O-C-C bending 13.70%
   10      424.20          --                 --  mixed ring-site C-H out-of-plane bending / cyclic-ring deformation (N-C-C bend) / cyclic-ring out-of-plane deformation ring-site C-H out-of-plane bending 24.66%; cyclic-ring deformation (N-C-C bend) 23.77%; cyclic-ring out-of-plane deformation 19.81%; ring-site C-H in-plane bending 10.43%
   11      452.34          --                 --  mixed cyclic-ring torsional/out-of-plane deformation / cyclic-ring out-of-plane deformation / ring-site C-H out-of-plane bending cyclic-ring torsional/out-of-plane deformation 29.39%; cyclic-ring out-of-plane deformation 27.21%; ring-site C-H out-of-plane bending 21.46%; ring-site C-H in-plane bending 11.16%
   12      646.39          --                 --  mixed cyclic-ring deformation (C-C-N bend) / cyclic-ring out-of-plane deformation cyclic-ring deformation (C-C-N bend) 34.75%; cyclic-ring out-of-plane deformation 20.58%; ring-site C-H out-of-plane bending 13.29%; cyclic-ring torsional/out-of-plane deformation 9.10%
   13      688.93          --                 --  mixed mixed-phase cyclic C-C stretching / ring-site C-H out-of-plane bending / O-C-C bending mixed-phase cyclic C-C stretching 29.34%; ring-site C-H out-of-plane bending 17.57%; O-C-C bending 16.13%; cyclic C-N stretching 12.84%
   14      727.49          --                 --  mixed mixed-phase cyclic C-C stretching / cyclic-ring deformation (N-C-C bend) mixed-phase cyclic C-C stretching 26.70%; cyclic-ring deformation (N-C-C bend) 19.86%; mixed-phase cyclic C-N stretching 12.99%; cyclic-ring out-of-plane deformation 12.49%
   15      738.71          --                 --  mixed cyclic C-N stretching / cyclic C-C stretching            cyclic C-N stretching 53.51%; cyclic C-C stretching 20.02%; cyclic-ring torsional/out-of-plane deformation 9.50%; cyclic-ring out-of-plane deformation 7.05%
   16      780.90          --                 --  mixed mixed-phase cyclic C-C stretching / ring-site C-H out-of-plane bending mixed-phase cyclic C-C stretching 48.10%; ring-site C-H out-of-plane bending 14.04%; cyclic-ring out-of-plane deformation 9.45%; opposite-phase cyclic C-N stretching 7.76%
   17      842.82          --                 --  mixed cyclic C-N stretching / mixed-phase cyclic C-C stretching cyclic C-N stretching 37.84%; mixed-phase cyclic C-C stretching 27.28%; ring-site C-H in-plane bending 9.14%; ring-site C-H out-of-plane bending 8.10%
   18      867.73          --                 --  mixed mixed-phase cyclic C-C stretching / cyclic-ring deformation (N-C-C bend) mixed-phase cyclic C-C stretching 37.88%; cyclic-ring deformation (N-C-C bend) 14.51%; ring-site C-H out-of-plane bending 10.32%; ring-site C-H in-plane bending 9.17%
   19      882.24          --                 --  mixed mixed-phase cyclic C-C stretching / mixed-phase cyclic C-N stretching / cyclic-ring deformation (C-C-N bend) mixed-phase cyclic C-C stretching 32.31%; mixed-phase cyclic C-N stretching 18.54%; cyclic-ring deformation (C-C-N bend) 18.41%; ring-site C-H out-of-plane bending 9.73%
   20      923.65          --                 --  mixed mixed-phase cyclic C-C stretching / ring-site C-H out-of-plane bending mixed-phase cyclic C-C stretching 38.19%; ring-site C-H out-of-plane bending 30.49%; ring-site C-H in-plane bending 13.62%; C-O out-of-plane bending 5.30%
   21      943.43          --                 --  mixed mixed-phase cyclic C-N stretching / mixed-phase cyclic C-C stretching / cyclic-ring out-of-plane deformation mixed-phase cyclic C-N stretching 23.61%; mixed-phase cyclic C-C stretching 20.06%; cyclic-ring out-of-plane deformation 15.61%; cyclic-ring deformation (C-C-N bend) 15.57%
   22      982.63          --                 --  mixed ring-site C-H out-of-plane bending / ring-site C-H in-plane bending ring-site C-H out-of-plane bending 24.99%; ring-site C-H in-plane bending 24.46%; cyclic-ring out-of-plane deformation 14.12%; mixed-phase cyclic C-C stretching 12.75%
   23      992.43          --                 --  mixed mixed-phase cyclic C-C stretching / ring-site C-H in-plane bending mixed-phase cyclic C-C stretching 44.39%; ring-site C-H in-plane bending 20.56%; mixed-phase cyclic C-N stretching 12.56%; ring-site C-H out-of-plane bending 7.71%
   24     1000.11          --                 --  mixed ring-site C-H out-of-plane bending / mixed-phase cyclic C-C stretching ring-site C-H out-of-plane bending 50.47%; mixed-phase cyclic C-C stretching 12.95%; C-O out-of-plane bending 12.43%; ring-site C-H in-plane bending 11.62%
   25     1019.36          --                 --  mixed cyclic C-N stretching / ring-site C-H out-of-plane bending / cyclic-ring deformation (N-C-C bend) cyclic C-N stretching 21.77%; ring-site C-H out-of-plane bending 20.37%; cyclic-ring deformation (N-C-C bend) 17.49%; ring-site C-H in-plane bending 15.65%
   26     1043.64          --                 --  mixed ring-site C-H in-plane bending / in-phase cyclic C-C stretching / exocyclic C-C stretching ring-site C-H in-plane bending 25.33%; in-phase cyclic C-C stretching 16.89%; exocyclic C-C stretching 16.16%; ring-site C-H out-of-plane bending 14.37%
   27     1065.81          --                 --  mixed ring-site C-H in-plane bending / cyclic C-C stretching   ring-site C-H in-plane bending 31.89%; cyclic C-C stretching 24.53%; in-phase cyclic C-N stretching 10.25%; cyclic-ring deformation (C-C-N bend) 8.98%
   28     1068.34          --                 --  mixed ring-site C-H out-of-plane bending / ring-site C-H in-plane bending ring-site C-H out-of-plane bending 35.54%; ring-site C-H in-plane bending 19.00%; cyclic-ring out-of-plane deformation 9.40%; cyclic-ring torsional/out-of-plane deformation 8.70%
   29     1105.12          --                 --  mixed ring-site C-H in-plane bending / ring-site C-H out-of-plane bending ring-site C-H in-plane bending 63.77%; ring-site C-H out-of-plane bending 17.85%; cyclic-ring out-of-plane deformation 6.16%; cyclic C-C stretching 4.60%
   30     1153.74          --                 --  mixed ring-site C-H in-plane bending / ring-site C-H out-of-plane bending ring-site C-H in-plane bending 52.26%; ring-site C-H out-of-plane bending 18.28%; mixed-phase cyclic C-C stretching 10.11%; mixed-phase cyclic C-N stretching 4.34%
   31     1171.06          --                 --  mixed ring-site C-H in-plane bending / ring-site C-H out-of-plane bending ring-site C-H in-plane bending 47.63%; ring-site C-H out-of-plane bending 24.71%; mixed-phase cyclic C-C stretching 12.60%; cyclic-ring torsional/out-of-plane deformation 9.11%
   32     1190.74          --                 --  mixed ring-site C-H in-plane bending / ring-site C-H out-of-plane bending ring-site C-H in-plane bending 36.76%; ring-site C-H out-of-plane bending 27.86%; opposite-phase cyclic C-C stretching 9.13%; cyclic-ring out-of-plane deformation 9.01%
   33     1202.58          --                 --  mixed ring-site C-H in-plane bending / ring-site C-H out-of-plane bending / mixed-phase cyclic C-C stretching ring-site C-H in-plane bending 40.24%; ring-site C-H out-of-plane bending 37.23%; mixed-phase cyclic C-C stretching 15.13%; cyclic-ring deformation (N-C-C bend) 3.08%
   34     1226.54          --                 --  mixed ring-site C-H in-plane bending / mixed-phase cyclic C-C stretching / ring-site C-H out-of-plane bending ring-site C-H in-plane bending 35.75%; mixed-phase cyclic C-C stretching 22.39%; ring-site C-H out-of-plane bending 21.18%; cyclic-ring out-of-plane deformation 8.11%
   35     1249.21          --                 --  mixed ring-site C-H out-of-plane bending / ring-site C-H in-plane bending ring-site C-H out-of-plane bending 43.95%; ring-site C-H in-plane bending 41.48%; cyclic C-C stretching 3.65%; cyclic-ring deformation (C-C-N bend) 3.62%
   36     1256.23          --                 --  mixed ring-site C-H in-plane bending / mixed-phase cyclic C-C stretching ring-site C-H in-plane bending 62.27%; mixed-phase cyclic C-C stretching 14.01%; ring-site C-H out-of-plane bending 13.99%; cyclic-ring deformation (C-C-N bend) 5.65%
   37     1286.19          --                 --  mixed ring-site C-H in-plane bending / ring-site C-H out-of-plane bending ring-site C-H in-plane bending 46.49%; ring-site C-H out-of-plane bending 31.15%; cyclic C-C stretching 11.95%; in-phase cyclic C-N stretching 4.21%
   38     1287.57          --                 --  mixed ring-site C-H in-plane bending / mixed-phase cyclic C-C stretching ring-site C-H in-plane bending 50.39%; mixed-phase cyclic C-C stretching 25.59%; ring-site C-H out-of-plane bending 16.44%; in-phase cyclic C-N stretching 3.61%
   39     1313.81          --                 --  mixed ring-site C-H out-of-plane bending / ring-site C-H in-plane bending ring-site C-H out-of-plane bending 44.37%; ring-site C-H in-plane bending 33.85%; mixed-phase cyclic C-C stretching 13.08%; cyclic-ring out-of-plane deformation 4.41%
   40     1367.07          --                 --  ring-site C-H out-of-plane bending                             ring-site C-H out-of-plane bending 78.54%; cyclic C-C stretching 7.01%; exocyclic C-C stretching 4.74%; ring-site C-H in-plane bending 4.21%
   41     1429.37          --                 --  C-H bending                                                    C-H bending 82.18%; ring-site C-H out-of-plane bending 9.00%; C-O stretching 2.43%; cyclic C-C stretching 2.21%
   42     1493.68          --                 --  mixed C-H bending / ring-site C-H in-plane bending             C-H bending 75.55%; ring-site C-H in-plane bending 21.76%; cyclic C-C stretching 2.00%
   43     1524.23          --                 --  C-H bending                                                    C-H bending 77.50%; ring-site C-H in-plane bending 11.06%; ring-site C-H out-of-plane bending 10.01%
   44     1795.88          --                 --  C-O stretching                                                 C-O stretching 87.89%; C-H bending 5.30%; exocyclic C-C stretching 4.42%
   45     2861.90          --                 --  C-H stretching                                                 C-H stretching 98.69%
   46     3012.14          --                 --  ring-site C-H stretching                                       ring-site C-H stretching 98.49%
   47     3067.34          --                 --  ring-site C-H stretching                                       ring-site C-H stretching 99.27%
   48     3068.52          --                 --  ring-site C-H stretching                                       ring-site C-H stretching 99.48%
   49     3110.55          --                 --  mixed-phase ring-site C-H stretching                           mixed-phase ring-site C-H stretching 98.48%
   50     3121.86          --                 --  mixed-phase ring-site C-H stretching                           mixed-phase ring-site C-H stretching 98.53%
   51     3124.65          --                 --  mixed-phase ring-site C-H stretching                           mixed-phase ring-site C-H stretching 98.76%
   52     3128.28          --                 --  mixed-phase ring-site C-H stretching                           mixed-phase ring-site C-H stretching 99.15%
   53     3129.04          --                 --  mixed-phase ring-site C-H stretching                           mixed-phase ring-site C-H stretching 99.20%

# Selected internal-coordinate set:
#   1  nu(O1-C2)
#   2  nu(C3-C4)
#   3  nu(C5-N6)
#   4  nu(C7-C8)
#   5  nu(C9-H18)
#   6  nu(N6-C7)
#   7  nu(C4-C5)
#   8  nu(C8-H17)
#   9  nu(C3-H11)
#  10  nu(C4-C7)
#  11  nu(C2-H10)
#  12  nu(C5-H13)
#  13  nu(N6-C9)
#  14  gamma(O1;C2,C3,H10)
#  15  nu(C8-C9)
#  16  nu(C3-C9)
#  17  nu(C5-H14)
#  18  nu(C8-H16)
#  19  nu(C7-H15)
#  20  delta(O1-C2-H10)
#  21  nu(C4-H12)
#  22  gamma(H11;C3,C4,C9)
#  23  delta(N6-C7-H15)
#  24  delta(H13-C5-H14)
#  25  tau(C4-C3-C9-H18)
#  26  delta(H16-C8-H17)
#  27  delta(C5-C4-H12)
#  28  tau(H12-C4-C5-N6)
#  29  delta(C9-C8-H17)
#  30  delta(N6-C5-H14)
#  31  delta(C3-C9-H18)
#  32  delta(N6-C5-H13)
#  33  delta(C4-C7-H15)
#  34  delta(C7-C8-H17)
#  35  gamma(H11;C3,C2,C4)
#  36  delta(O1-C2-C3)
#  37  tau(H13-C5-N6-C9)
#  38  nu(C2-C3)
#  39  delta(C3-C9-N6)
#  40  delta(C9-C8-H16)
#  41  tau(H10-C2-C3-C4)
#  42  tau(C3-C4-C5-N6)
#  43  tau(H11-C3-C9-N6)
#  44  delta(N6-C7-C8)
#  45  gamma(C3;C4,C5,C7)
#  46  tau(C2-C3-C4-C7)
#  47  gamma(C4;C7,N6,C8)
#  48  tau(C2-C3-C9-C8)

Wrote: /local/scratch/mv487/qm9s/experiment_1_phase2/ped/45720/45720_summary.csv
Wrote: /local/scratch/mv487/qm9s/experiment_1_phase2/ped/45720/45720_families.csv
Wrote: /local/scratch/mv487/qm9s/experiment_1_phase2/ped/45720/45720_ped.csv
Wrote: /local/scratch/mv487/qm9s/experiment_1_phase2/ped/45720/45720_ir_transitions.csv

# All generated files are in: /local/scratch/mv487/qm9s/experiment_1_phase2/ped/45720
# Manifest: /local/scratch/mv487/qm9s/experiment_1_phase2/ped/45720/45720_manifest.txt

--- stderr ---
Normal modes/frequencies absent or incomplete: diagonalizing Hessian.
