# Contact: romi@lens.unifi.it
# Manual: https://github.com/SebRoLENS/orca-ped-analyzer/blob/main/docs/ORCA_PED_Analyzer_Manual.md
# Check GitHub for updates and new releases: https://github.com/SebRoLENS/orca-ped-analyzer
#
# Molecule: 21 atoms | non-linear
# Bonds inferred: 23 | candidate ICs: 252 | selected ICs: 57
# Cartesian-Hessian reconstruction relative error: 7.379e-05
# Energy distribution: PED (PED is the backward-compatible default; TED includes kinetic-energy terms)
# Ring/cycle bonds detected: 11 | ring atoms: 9 | ring systems: 1
# VPT2: no matching .out file supplied/found -> harmonic/PED analysis only
#
 Mode   Harm/cm-1   VPT2/cm-1  Harm.Int/km mol-1  Assignment                                                     Grouped PED
------------------------------------------------------------------------------------------------------------------------------------------------------------------------------------------------
    6      148.36          --                 --  mixed ring-site C-H out-of-plane bending / cyclic-ring torsional/out-of-plane deformation ring-site C-H out-of-plane bending 46.58%; cyclic-ring torsional/out-of-plane deformation 42.99%; cyclic-ring out-of-plane deformation 4.67%; ring-site C-H in-plane bending 2.30%
    7      152.34          --                 --  mixed cyclic-ring torsional/out-of-plane deformation / ring-site C-H out-of-plane bending cyclic-ring torsional/out-of-plane deformation 64.27%; ring-site C-H out-of-plane bending 33.06%
    8      299.11          --                 --  mixed ring-site C-H out-of-plane bending / cyclic-ring torsional/out-of-plane deformation ring-site C-H out-of-plane bending 57.42%; cyclic-ring torsional/out-of-plane deformation 23.03%; cyclic-ring deformation (C-C-C bend) 15.38%; cyclic-ring out-of-plane deformation 2.12%
    9      340.58          --                 --  ring-site C-H out-of-plane bending                             ring-site C-H out-of-plane bending 76.41%; cyclic-ring deformation (C-C-C bend) 14.11%; cyclic-ring torsional/out-of-plane deformation 6.38%
   10      367.22          --                 --  mixed cyclic-ring deformation (C-C-C bend) / ring-site C-H out-of-plane bending cyclic-ring deformation (C-C-C bend) 31.96%; ring-site C-H out-of-plane bending 31.77%; cyclic-ring deformation (O-C-C bend) 14.14%; cyclic-ring torsional/out-of-plane deformation 7.05%
   11      429.38          --                 --  mixed ring-site C-H out-of-plane bending / cyclic-ring torsional/out-of-plane deformation ring-site C-H out-of-plane bending 32.87%; cyclic-ring torsional/out-of-plane deformation 22.39%; cyclic-ring out-of-plane deformation 13.01%; ring-site C-H in-plane bending 12.30%
   12      455.07          --                 --  mixed ring-site C-H out-of-plane bending / cyclic-ring deformation (C-C-C bend) ring-site C-H out-of-plane bending 34.59%; cyclic-ring deformation (C-C-C bend) 21.23%; ring-site C-H in-plane bending 14.62%; cyclic-ring torsional/out-of-plane deformation 11.30%
   13      475.66          --                 --  mixed cyclic-ring out-of-plane deformation / cyclic-ring deformation (O-C-C bend) cyclic-ring out-of-plane deformation 35.75%; cyclic-ring deformation (O-C-C bend) 20.89%; ring-site C-H in-plane bending 14.89%; ring-site C-H out-of-plane bending 13.57%
   14      541.37          --                 --  mixed ring-site C-H out-of-plane bending / cyclic-ring deformation (C-C-C bend) ring-site C-H out-of-plane bending 54.69%; cyclic-ring deformation (C-C-C bend) 12.09%; ring-site C-H in-plane bending 10.81%; cyclic-ring torsional/out-of-plane deformation 5.57%
   15      635.44          --                 --  mixed ring-site C-H out-of-plane bending / cyclic C-C stretching / cyclic-ring deformation (C-C-C bend) ring-site C-H out-of-plane bending 31.89%; cyclic C-C stretching 23.62%; cyclic-ring deformation (C-C-C bend) 21.61%; ring-site C-H in-plane bending 13.22%
   16      733.22          --                 --  mixed ring-site C-H out-of-plane bending / mixed-phase cyclic C-O stretching / ring-site C-H in-plane bending ring-site C-H out-of-plane bending 26.61%; mixed-phase cyclic C-O stretching 21.32%; ring-site C-H in-plane bending 19.84%; mixed-phase cyclic C-C stretching 9.71%
   17      793.39          --                 --  mixed ring-site C-H out-of-plane bending / mixed-phase cyclic C-C stretching / ring-site C-H in-plane bending ring-site C-H out-of-plane bending 35.13%; mixed-phase cyclic C-C stretching 18.45%; ring-site C-H in-plane bending 17.14%; cyclic C-O stretching 10.74%
   18      813.47          --                 --  mixed ring-site C-H out-of-plane bending / ring-site C-H in-plane bending ring-site C-H out-of-plane bending 48.82%; ring-site C-H in-plane bending 15.98%; cyclic C-C stretching 11.82%; cyclic-ring torsional/out-of-plane deformation 9.31%
   19      848.90          --                 --  mixed mixed-phase cyclic C-C stretching / cyclic-ring deformation (C-C-C bend) / ring-site C-H in-plane bending mixed-phase cyclic C-C stretching 38.50%; cyclic-ring deformation (C-C-C bend) 22.31%; ring-site C-H in-plane bending 17.27%; ring-site C-H out-of-plane bending 15.38%
   20      851.71          --                 --  mixed ring-site C-H out-of-plane bending / mixed-phase cyclic C-C stretching ring-site C-H out-of-plane bending 40.10%; mixed-phase cyclic C-C stretching 19.40%; ring-site C-H in-plane bending 14.98%; cyclic-ring deformation (C-C-C bend) 9.52%
   21      885.46          --                 --  mixed ring-site C-H out-of-plane bending / mixed-phase cyclic C-C stretching / ring-site C-H in-plane bending ring-site C-H out-of-plane bending 22.50%; mixed-phase cyclic C-C stretching 19.00%; ring-site C-H in-plane bending 16.14%; cyclic C-O stretching 10.93%
   22      914.26          --                 --  mixed ring-site C-H out-of-plane bending / ring-site C-H in-plane bending ring-site C-H out-of-plane bending 47.87%; ring-site C-H in-plane bending 27.98%; mixed-phase cyclic C-C stretching 10.98%; C-C out-of-plane bending 5.30%
   23      939.12          --                 --  mixed ring-site C-H in-plane bending / ring-site C-H out-of-plane bending / cyclic C-C stretching ring-site C-H in-plane bending 30.59%; ring-site C-H out-of-plane bending 23.15%; cyclic C-C stretching 21.41%; cyclic-ring deformation (C-C-C bend) 17.82%
   24      948.60          --                 --  mixed mixed-phase cyclic C-C stretching / ring-site C-H out-of-plane bending mixed-phase cyclic C-C stretching 48.65%; ring-site C-H out-of-plane bending 20.35%; C-C out-of-plane bending 12.90%; ring-site C-H in-plane bending 6.95%
   25      984.45          --                 --  mixed ring-site C-H out-of-plane bending / ring-site C-H in-plane bending ring-site C-H out-of-plane bending 58.64%; ring-site C-H in-plane bending 11.21%; mixed-phase cyclic C-C stretching 8.18%; cyclic-ring torsional/out-of-plane deformation 6.11%
   26      998.27          --                 --  mixed ring-site C-H in-plane bending / ring-site C-H out-of-plane bending / mixed-phase cyclic C-C stretching ring-site C-H in-plane bending 46.93%; ring-site C-H out-of-plane bending 18.29%; mixed-phase cyclic C-C stretching 16.39%; cyclic-ring torsional/out-of-plane deformation 6.69%
   27     1020.27          --                 --  mixed ring-site C-H in-plane bending / ring-site C-H out-of-plane bending / mixed-phase cyclic C-C stretching ring-site C-H in-plane bending 33.97%; ring-site C-H out-of-plane bending 30.67%; mixed-phase cyclic C-C stretching 17.22%; cyclic C-O stretching 5.91%
   28     1063.47          --                 --  mixed mixed-phase cyclic C-C stretching / ring-site C-H out-of-plane bending / ring-site C-H in-plane bending mixed-phase cyclic C-C stretching 40.34%; ring-site C-H out-of-plane bending 26.46%; ring-site C-H in-plane bending 18.81%; C-C out-of-plane bending 6.79%
   29     1076.64          --                 --  mixed mixed-phase cyclic C-C stretching / ring-site C-H in-plane bending / C-C out-of-plane bending mixed-phase cyclic C-C stretching 39.35%; ring-site C-H in-plane bending 24.61%; C-C out-of-plane bending 17.70%; ring-site C-H out-of-plane bending 8.29%
   30     1108.55          --                 --  mixed ring-site C-H out-of-plane bending / ring-site C-H in-plane bending / mixed-phase cyclic C-C stretching ring-site C-H out-of-plane bending 29.97%; ring-site C-H in-plane bending 25.03%; mixed-phase cyclic C-C stretching 16.85%; cyclic-ring deformation (C-C-C bend) 8.61%
   31     1129.48          --                 --  mixed ring-site C-H in-plane bending / ring-site C-H out-of-plane bending ring-site C-H in-plane bending 38.36%; ring-site C-H out-of-plane bending 27.11%; cyclic-ring deformation (C-C-C bend) 8.93%; cyclic C-O stretching 8.91%
   32     1152.32          --                 --  mixed ring-site C-H in-plane bending / ring-site C-H out-of-plane bending / C-C out-of-plane bending ring-site C-H in-plane bending 37.23%; ring-site C-H out-of-plane bending 28.05%; C-C out-of-plane bending 16.98%; mixed-phase cyclic C-C stretching 10.70%
   33     1192.94          --                 --  mixed ring-site C-H in-plane bending / ring-site C-H out-of-plane bending ring-site C-H in-plane bending 50.72%; ring-site C-H out-of-plane bending 17.95%; C-C out-of-plane bending 11.89%; mixed-phase cyclic C-C stretching 8.05%
   34     1223.54          --                 --  mixed ring-site C-H in-plane bending / ring-site C-H out-of-plane bending ring-site C-H in-plane bending 59.82%; ring-site C-H out-of-plane bending 18.63%; mixed-phase cyclic C-C stretching 10.68%; C-C out-of-plane bending 6.03%
   35     1229.58          --                 --  mixed ring-site C-H in-plane bending / ring-site C-H out-of-plane bending ring-site C-H in-plane bending 68.98%; ring-site C-H out-of-plane bending 13.29%; C-C out-of-plane bending 5.84%; opposite-phase cyclic C-C stretching 5.30%
   36     1258.21          --                 --  mixed ring-site C-H out-of-plane bending / mixed-phase cyclic C-C stretching / ring-site C-H in-plane bending ring-site C-H out-of-plane bending 45.88%; mixed-phase cyclic C-C stretching 21.52%; ring-site C-H in-plane bending 18.03%; cyclic-ring out-of-plane deformation 6.08%
   37     1279.14          --                 --  mixed ring-site C-H in-plane bending / ring-site C-H out-of-plane bending ring-site C-H in-plane bending 56.20%; ring-site C-H out-of-plane bending 21.70%; C-C out-of-plane bending 7.40%; in-phase cyclic C-C stretching 6.20%
   38     1281.10          --                 --  mixed ring-site C-H out-of-plane bending / ring-site C-H in-plane bending ring-site C-H out-of-plane bending 27.06%; ring-site C-H in-plane bending 26.22%; mixed-phase cyclic C-C stretching 13.65%; cyclic-ring deformation (C-C-C bend) 12.29%
   39     1289.17          --                 --  mixed ring-site C-H in-plane bending / ring-site C-H out-of-plane bending ring-site C-H in-plane bending 48.91%; ring-site C-H out-of-plane bending 28.51%; cyclic-ring deformation (C-C-C bend) 8.68%; mixed-phase cyclic C-C stretching 8.64%
   40     1339.51          --                 --  mixed ring-site C-H in-plane bending / mixed-phase cyclic C-C stretching / ring-site C-H out-of-plane bending ring-site C-H in-plane bending 39.47%; mixed-phase cyclic C-C stretching 20.07%; ring-site C-H out-of-plane bending 16.81%; C-C out-of-plane bending 12.50%
   41     1361.24          --                 --  mixed ring-site C-H in-plane bending / ring-site C-H out-of-plane bending ring-site C-H in-plane bending 46.07%; ring-site C-H out-of-plane bending 30.79%; C-C out-of-plane bending 9.49%; mixed-phase cyclic C-C stretching 8.53%
   42     1371.87          --                 --  mixed C-C out-of-plane bending / ring-site C-H in-plane bending C-C out-of-plane bending 55.14%; ring-site C-H in-plane bending 23.58%; ring-site C-H out-of-plane bending 16.30%; cyclic C-C stretching 3.95%
   43     1375.27          --                 --  mixed C-C out-of-plane bending / ring-site C-H in-plane bending C-C out-of-plane bending 50.06%; ring-site C-H in-plane bending 39.02%; opposite-phase cyclic C-C stretching 5.48%; ring-site C-H out-of-plane bending 4.15%
   44     1378.76          --                 --  mixed C-C out-of-plane bending / ring-site C-H in-plane bending C-C out-of-plane bending 49.59%; ring-site C-H in-plane bending 36.11%; ring-site C-H out-of-plane bending 7.84%; mixed-phase cyclic C-C stretching 4.85%
   45     1454.29          --                 --  mixed C-H bending / opposite-phase cyclic C-C stretching       C-H bending 39.70%; opposite-phase cyclic C-C stretching 32.08%; ring-site C-H in-plane bending 10.43%; ring-site C-H out-of-plane bending 8.67%
   46     1481.01          --                 --  C-H bending                                                    C-H bending 74.75%; ring-site C-H in-plane bending 14.21%; ring-site C-H out-of-plane bending 6.06%; cyclic C-C stretching 3.92%
   47     1486.63          --                 --  mixed ring-site C-H out-of-plane bending / C-H bending         ring-site C-H out-of-plane bending 51.36%; C-H bending 42.64%; ring-site C-H in-plane bending 4.51%
   48     1494.00          --                 --  mixed C-H bending / ring-site C-H out-of-plane bending         C-H bending 68.43%; ring-site C-H out-of-plane bending 19.69%; ring-site C-H in-plane bending 8.84%; cyclic C-C stretching 2.36%
   49     1496.51          --                 --  mixed C-H bending / ring-site C-H out-of-plane bending         C-H bending 53.14%; ring-site C-H out-of-plane bending 39.05%; ring-site C-H in-plane bending 6.83%
   50     1506.63          --                 --  mixed C-H bending / ring-site C-H out-of-plane bending         C-H bending 67.51%; ring-site C-H out-of-plane bending 26.06%; ring-site C-H in-plane bending 4.76%
   51     3007.28          --                 --  in-phase ring-site C-H stretching                              in-phase ring-site C-H stretching 98.71%
   52     3009.43          --                 --  ring-site C-H stretching                                       ring-site C-H stretching 99.10%
   53     3013.40          --                 --  mixed-phase ring-site C-H stretching                           mixed-phase ring-site C-H stretching 99.24%
   54     3020.56          --                 --  mixed-phase ring-site C-H stretching                           mixed-phase ring-site C-H stretching 99.20%
   55     3047.39          --                 --  opposite-phase ring-site C-H stretching                        opposite-phase ring-site C-H stretching 98.75%
   56     3059.73          --                 --  mixed-phase ring-site C-H stretching                           mixed-phase ring-site C-H stretching 98.72%
   57     3061.28          --                 --  in-phase ring-site C-H stretching                              in-phase ring-site C-H stretching 98.93%
   58     3063.62          --                 --  mixed-phase ring-site C-H stretching                           mixed-phase ring-site C-H stretching 99.16%
   59     3066.91          --                 --  mixed-phase ring-site C-H stretching                           mixed-phase ring-site C-H stretching 98.97%
   60     3071.55          --                 --  mixed-phase ring-site C-H stretching                           mixed-phase ring-site C-H stretching 99.39%
   61     3113.68          --                 --  opposite-phase ring-site C-H stretching                        opposite-phase ring-site C-H stretching 98.97%
   62     3175.44          --                 --  ring-site C-H stretching                                       ring-site C-H stretching 98.02%

# Selected internal-coordinate set:
#   1  nu(C1-C2)
#   2  nu(O3-C4)
#   3  nu(C5-C6)
#   4  nu(C7-H17)
#   5  nu(C8-H20)
#   6  nu(C9-H21)
#   7  nu(C8-H19)
#   8  nu(C7-H18)
#   9  nu(C5-H13)
#  10  nu(C6-H16)
#  11  nu(C1-H10)
#  12  nu(C6-H15)
#  13  nu(C4-C9)
#  14  nu(C2-C4)
#  15  nu(C5-H14)
#  16  nu(C1-C9)
#  17  gamma(H12;C2,C1,C4)
#  18  gamma(C8;C7,H17,H18)
#  19  gamma(C9;C8,H19,H20)
#  20  nu(C1-H11)
#  21  gamma(H14;C5,C6,H13)
#  22  nu(C2-H12)
#  23  delta(H17-C7-H18)
#  24  delta(H19-C8-H20)
#  25  gamma(C9;C4,C2,O3)
#  26  delta(H15-C6-H16)
#  27  delta(C1-C9-H21)
#  28  nu(C2-O3)
#  29  delta(C5-C6-H16)
#  30  tau(H10-C1-C9-H21)
#  31  delta(C9-C1-H10)
#  32  delta(C6-C5-H13)
#  33  tau(C9-C4-C5-H14)
#  34  delta(C5-C6-H15)
#  35  delta(H10-C1-H11)
#  36  gamma(H12;C2,O3,C4)
#  37  gamma(H17;C7,C6,C8)
#  38  delta(O3-C4-C5)
#  39  delta(C6-C7-C8)
#  40  nu(C8-C9)
#  41  tau(C4-C5-C6-H15)
#  42  delta(C9-C1-H11)
#  43  tau(H19-C8-C9-C4)
#  44  delta(C9-C8-H20)
#  45  tau(H13-C5-C6-H16)
#  46  nu(C4-C5)
#  47  nu(C7-C8)
#  48  nu(C6-C7)
#  49  delta(C2-C1-H11)
#  50  tau(H18-C7-C8-C9)
#  51  tau(C5-C6-C7-H18)
#  52  tau(C2-C4-C9-C8)
#  53  delta(C2-C4-C5)
#  54  delta(C1-C2-C4)
#  55  tau(O3-C4-C5-C6)
#  56  delta(C6-C7-H17)
#  57  tau(C9-C1-C2-C4)

Wrote: /local/scratch/mv487/qm9s/experiment_1_phase2/ped/35663/35663_summary.csv
Wrote: /local/scratch/mv487/qm9s/experiment_1_phase2/ped/35663/35663_families.csv
Wrote: /local/scratch/mv487/qm9s/experiment_1_phase2/ped/35663/35663_ped.csv
Wrote: /local/scratch/mv487/qm9s/experiment_1_phase2/ped/35663/35663_ir_transitions.csv

# All generated files are in: /local/scratch/mv487/qm9s/experiment_1_phase2/ped/35663
# Manifest: /local/scratch/mv487/qm9s/experiment_1_phase2/ped/35663/35663_manifest.txt

--- stderr ---
Normal modes/frequencies absent or incomplete: diagonalizing Hessian.
