# Contact: romi@lens.unifi.it
# Manual: https://github.com/SebRoLENS/orca-ped-analyzer/blob/main/docs/ORCA_PED_Analyzer_Manual.md
# Check GitHub for updates and new releases: https://github.com/SebRoLENS/orca-ped-analyzer
#
# Molecule: 19 atoms | non-linear
# Bonds inferred: 19 | candidate ICs: 173 | selected ICs: 51
# Cartesian-Hessian reconstruction relative error: 3.727e-05
# Energy distribution: PED (PED is the backward-compatible default; TED includes kinetic-energy terms)
# Ring/cycle bonds detected: 4 | ring atoms: 4 | ring systems: 1
# VPT2: no matching .out file supplied/found -> harmonic/PED analysis only
#
 Mode   Harm/cm-1   VPT2/cm-1  Harm.Int/km mol-1  Assignment                                                     Grouped PED
------------------------------------------------------------------------------------------------------------------------------------------------------------------------------------------------
    6       74.53          --                 --  mixed ring-site C-H out-of-plane bending / cyclic-ring torsional/out-of-plane deformation ring-site C-H out-of-plane bending 52.21%; cyclic-ring torsional/out-of-plane deformation 16.70%; C-C torsion 16.26%; C-C-C bending 5.99%
    7      120.30          --                 --  ring-site C-H out-of-plane bending                             ring-site C-H out-of-plane bending 71.34%; cyclic-ring torsional/out-of-plane deformation 14.88%; ring-site N-H out-of-plane bending 6.19%; C-C torsion 3.81%
    8      152.31          --                 --  mixed C-C-C bending / ring-site C-H out-of-plane bending       C-C-C bending 58.67%; ring-site C-H out-of-plane bending 17.42%; C-C torsion 7.56%; C-C out-of-plane bending 6.63%
    9      221.10          --                 --  mixed ring-site C-H out-of-plane bending / C-C-C bending       ring-site C-H out-of-plane bending 26.71%; C-C-C bending 25.45%; C-C torsion 14.17%; ring-site N-H out-of-plane bending 10.27%
   10      227.89          --                 --  C-C torsion                                                    C-C torsion 92.45%; C-C-C bending 2.52%; ring-site C-H out-of-plane bending 2.08%
   11      258.43          --                 --  C-C torsion                                                    C-C torsion 83.38%; C-C-C bending 7.07%; C-C out-of-plane bending 3.00%
   12      316.95          --                 --  mixed C-C-C bending / C-C torsion                              C-C-C bending 38.01%; C-C torsion 30.91%; C-C out-of-plane bending 10.41%; C-H bending 5.11%
   13      352.10          --                 --  mixed C-C-C bending / C-C-O bending                            C-C-C bending 48.03%; C-C-O bending 12.47%; mixed-phase cyclic C-C stretching 10.00%; C-C torsion 8.41%
   14      419.98          --                 --  mixed C-H bending / ring-site N-H out-of-plane bending / C-C torsion C-H bending 26.89%; ring-site N-H out-of-plane bending 24.38%; C-C torsion 19.93%; C-C-C bending 12.32%
   15      467.14          --                 --  mixed ring-site N-H out-of-plane bending / C-C-C bending       ring-site N-H out-of-plane bending 29.16%; C-C-C bending 15.68%; C-H bending 12.21%; ring-site C-H out-of-plane bending 9.73%
   16      533.82          --                 --  mixed C-C-C bending / C-C-O bending                            C-C-C bending 23.99%; C-C-O bending 21.20%; cyclic-ring deformation (C-N-C bend) 11.38%; ring-site C-H out-of-plane bending 8.05%
   17      675.93          --                 --  mixed cyclic-ring torsional/out-of-plane deformation / ring-site C-H out-of-plane bending cyclic-ring torsional/out-of-plane deformation 15.86%; ring-site C-H out-of-plane bending 13.22%; exocyclic C-C stretching 12.18%; C-C-C bending 10.76%
   18      752.65          --                 --  mixed cyclic-ring deformation (C-N-C bend) / ring-site C-H out-of-plane bending cyclic-ring deformation (C-N-C bend) 36.61%; ring-site C-H out-of-plane bending 16.17%; cyclic C-C stretching 11.33%; cyclic C-N stretching 7.41%
   19      817.25          --                 --  mixed ring-site C-H out-of-plane bending / C-H bending         ring-site C-H out-of-plane bending 33.78%; C-H bending 17.38%; C-C-C bending 9.20%; cyclic-ring deformation (C-N-C bend) 8.97%
   20      897.81          --                 --  mixed in-phase C-C stretching / C-H bending                    in-phase C-C stretching 57.55%; C-H bending 12.43%; cyclic C-C stretching 10.53%; exocyclic C-C stretching 5.94%
   21      905.23          --                 --  mixed mixed-phase cyclic C-C stretching / cyclic-ring deformation (C-N-C bend) / C-H bending mixed-phase cyclic C-C stretching 39.04%; cyclic-ring deformation (C-N-C bend) 22.08%; C-H bending 16.72%; C-C-C bending 7.58%
   22      943.01          --                 --  C-H bending                                                    C-H bending 76.39%; C-C torsion 8.85%; C-C out-of-plane bending 7.76%; C-C stretching 2.55%
   23      972.31          --                 --  mixed C-H bending / opposite-phase C-C stretching              C-H bending 66.10%; opposite-phase C-C stretching 19.34%; C-C torsion 5.01%; cyclic C-N stretching 2.22%
   24      978.02          --                 --  mixed cyclic C-N stretching / ring-site N-H in-plane bending   cyclic C-N stretching 60.84%; ring-site N-H in-plane bending 14.48%; ring-site C-H out-of-plane bending 9.86%; C-H bending 5.23%
   25     1001.68          --                 --  mixed ring-site C-H out-of-plane bending / C-H bending         ring-site C-H out-of-plane bending 46.60%; C-H bending 31.27%; C-C out-of-plane bending 5.91%; ring-site C-H in-plane bending 4.66%
   26     1062.27          --                 --  mixed cyclic C-C stretching / ring-site C-H out-of-plane bending cyclic C-C stretching 35.54%; ring-site C-H out-of-plane bending 14.01%; ring-site C-H in-plane bending 10.02%; C-H bending 9.34%
   27     1131.05          --                 --  mixed C-H bending / opposite-phase C-C stretching / C-C-C bending C-H bending 31.64%; opposite-phase C-C stretching 29.12%; C-C-C bending 18.21%; ring-site C-H in-plane bending 7.80%
   28     1157.91          --                 --  ring-site C-H out-of-plane bending                             ring-site C-H out-of-plane bending 81.64%; C-H bending 7.11%; C-C out-of-plane bending 3.25%; C-C-C bending 2.76%
   29     1173.83          --                 --  mixed C-C out-of-plane bending / cyclic C-N stretching         C-C out-of-plane bending 31.72%; cyclic C-N stretching 25.61%; mixed-phase cyclic C-C stretching 9.50%; cyclic-ring deformation (C-N-C bend) 9.14%
   30     1178.85          --                 --  mixed C-H bending / ring-site C-H out-of-plane bending         C-H bending 31.65%; ring-site C-H out-of-plane bending 14.11%; C-C out-of-plane bending 13.46%; ring-site C-H in-plane bending 9.99%
   31     1204.75          --                 --  mixed ring-site C-H in-plane bending / C-H bending             ring-site C-H in-plane bending 30.88%; C-H bending 26.34%; exocyclic C-C stretching 11.97%; C-C-C bending 6.94%
   32     1219.33          --                 --  mixed ring-site C-H in-plane bending / C-H bending / ring-site C-H out-of-plane bending ring-site C-H in-plane bending 30.60%; C-H bending 19.78%; ring-site C-H out-of-plane bending 18.02%; C-C-C bending 12.35%
   33     1293.07          --                 --  mixed C-C out-of-plane bending / C-H bending / ring-site C-H in-plane bending C-C out-of-plane bending 28.35%; C-H bending 26.25%; ring-site C-H in-plane bending 26.21%; cyclic C-N stretching 6.00%
   34     1297.04          --                 --  mixed C-C out-of-plane bending / ring-site C-H out-of-plane bending C-C out-of-plane bending 38.48%; ring-site C-H out-of-plane bending 12.97%; ring-site N-H in-plane bending 9.81%; C-H bending 9.25%
   35     1351.48          --                 --  mixed C-H bending / C-C out-of-plane bending                   C-H bending 70.68%; C-C out-of-plane bending 21.79%; opposite-phase C-C stretching 3.71%; C-C-C bending 2.65%
   36     1388.69          --                 --  mixed C-C out-of-plane bending / C-H bending                   C-C out-of-plane bending 37.40%; C-H bending 24.58%; ring-site N-H in-plane bending 8.91%; cyclic C-N stretching 6.88%
   37     1392.43          --                 --  mixed C-C out-of-plane bending / ring-site N-H in-plane bending C-C out-of-plane bending 29.23%; ring-site N-H in-plane bending 18.52%; mixed-phase cyclic C-N stretching 10.47%; C-H bending 8.89%
   38     1408.10          --                 --  mixed C-H bending / C-H out-of-plane bending                   C-H bending 67.77%; C-H out-of-plane bending 28.02%; opposite-phase C-C stretching 3.11%
   39     1428.88          --                 --  mixed C-H bending / C-H out-of-plane bending                   C-H bending 58.69%; C-H out-of-plane bending 38.68%; C-C stretching 2.28%
   40     1493.69          --                 --  C-H bending                                                    C-H bending 90.95%; C-C torsion 5.99%; C-H out-of-plane bending 2.56%
   41     1495.63          --                 --  C-H bending                                                    C-H bending 81.09%; C-C torsion 13.26%; C-H out-of-plane bending 4.99%
   42     1508.15          --                 --  C-H bending                                                    C-H bending 82.65%; C-H out-of-plane bending 8.56%; C-C torsion 7.60%
   43     1516.63          --                 --  mixed C-H bending / C-C torsion                                C-H bending 75.86%; C-C torsion 20.39%
   44     1529.52          --                 --  mixed C-H bending / ring-site C-H out-of-plane bending         C-H bending 52.05%; ring-site C-H out-of-plane bending 45.27%
   45     1843.31          --                 --  exocyclic C-O stretching                                       exocyclic C-O stretching 75.12%; cyclic C-N stretching 11.95%; cyclic C-C stretching 5.08%; cyclic-ring deformation (C-N-C bend) 4.77%
   46     2996.90          --                 --  C-H stretching                                                 C-H stretching 97.03%
   47     3020.90          --                 --  mixed-phase C-H stretching                                     mixed-phase C-H stretching 99.54%
   48     3026.20          --                 --  C-H stretching                                                 C-H stretching 98.63%
   49     3042.39          --                 --  in-phase ring-site C-H stretching                              in-phase ring-site C-H stretching 98.70%
   50     3055.50          --                 --  ring-site C-H stretching                                       ring-site C-H stretching 96.12%; C-H stretching 3.21%
   51     3080.17          --                 --  mixed-phase C-H stretching                                     mixed-phase C-H stretching 98.53%
   52     3084.71          --                 --  mixed-phase C-H stretching                                     mixed-phase C-H stretching 89.60%; mixed-phase ring-site C-H stretching 9.98%
   53     3090.19          --                 --  mixed-phase C-H stretching                                     mixed-phase C-H stretching 85.34%; mixed-phase ring-site C-H stretching 14.07%
   54     3090.74          --                 --  mixed opposite-phase ring-site C-H stretching / opposite-phase C-H stretching opposite-phase ring-site C-H stretching 75.24%; opposite-phase C-H stretching 24.05%
   55     3116.18          --                 --  mixed-phase C-H stretching                                     mixed-phase C-H stretching 99.58%
   56     3597.31          --                 --  ring-site N-H stretching                                       ring-site N-H stretching 98.99%

# Selected internal-coordinate set:
#   1  nu(C5-H17)
#   2  nu(C1-C2)
#   3  nu(C3-H14)
#   4  nu(C4-C7)
#   5  nu(N6-H19)
#   6  nu(C3-H13)
#   7  nu(C2-H12)
#   8  nu(C5-H18)
#   9  nu(C4-H16)
#  10  nu(C1-H9)
#  11  nu(C3-H15)
#  12  nu(C1-H11)
#  13  tau(H19-N6-C7-O8)
#  14  delta(C4-C7-O8)
#  15  delta(C5-N6-H19)
#  16  nu(C1-H10)
#  17  gamma(C4;C5,H17,H18)
#  18  gamma(C4;C2,C1,H12)
#  19  nu(C7-O8)
#  20  delta(C5-C4-H16)
#  21  gamma(H14;C3,H13,H15)
#  22  delta(H17-C5-H18)
#  23  delta(H13-C3-H15)
#  24  delta(H10-C1-H11)
#  25  delta(H9-C1-H10)
#  26  delta(H9-C1-H11)
#  27  delta(C7-C4-H16)
#  28  tau(C1-C2-C3-H14)
#  29  delta(C1-C2-H12)
#  30  tau(C5-N6-C7-O8)
#  31  nu(C4-C5)
#  32  nu(C5-N6)
#  33  delta(C2-C3-H13)
#  34  delta(C2-C1-H11)
#  35  nu(N6-C7)
#  36  tau(C4-C2-C3-H15)
#  37  nu(C2-C4)
#  38  gamma(H18;C5,C4,N6)
#  39  delta(C2-C3-H15)
#  40  delta(C2-C1-H9)
#  41  nu(C2-C3)
#  42  tau(H10-C1-C2-C3)
#  43  delta(C5-N6-C7)
#  44  delta(C2-C4-C7)
#  45  tau(H18-C5-N6-C7)
#  46  delta(C3-C2-H12)
#  47  tau(C7-C4-C5-H18)
#  48  delta(C2-C4-C5)
#  49  tau(C3-C2-C4-C5)
#  50  delta(C1-C2-C4)
#  51  delta(C3-C2-C4)

Wrote: /local/scratch/mv487/qm9s/experiment_1_phase2/ped/12306/12306_summary.csv
Wrote: /local/scratch/mv487/qm9s/experiment_1_phase2/ped/12306/12306_families.csv
Wrote: /local/scratch/mv487/qm9s/experiment_1_phase2/ped/12306/12306_ped.csv
Wrote: /local/scratch/mv487/qm9s/experiment_1_phase2/ped/12306/12306_ir_transitions.csv

# All generated files are in: /local/scratch/mv487/qm9s/experiment_1_phase2/ped/12306
# Manifest: /local/scratch/mv487/qm9s/experiment_1_phase2/ped/12306/12306_manifest.txt

--- stderr ---
Normal modes/frequencies absent or incomplete: diagonalizing Hessian.
