# Contact: romi@lens.unifi.it
# Manual: https://github.com/SebRoLENS/orca-ped-analyzer/blob/main/docs/ORCA_PED_Analyzer_Manual.md
# Check GitHub for updates and new releases: https://github.com/SebRoLENS/orca-ped-analyzer
#
# Molecule: 19 atoms | non-linear
# Bonds inferred: 20 | candidate ICs: 190 | selected ICs: 51
# Cartesian-Hessian reconstruction relative error: 1.880e-05
# Energy distribution: PED (PED is the backward-compatible default; TED includes kinetic-energy terms)
# Ring/cycle bonds detected: 7 | ring atoms: 6 | ring systems: 1
# VPT2: no matching .out file supplied/found -> harmonic/PED analysis only
#
 Mode   Harm/cm-1   VPT2/cm-1  Harm.Int/km mol-1  Assignment                                                     Grouped PED
------------------------------------------------------------------------------------------------------------------------------------------------------------------------------------------------
    6       40.58          --                 --  mixed cyclic-ring torsional/out-of-plane deformation / cyclic-ring torsional/out-of-plane deformation cyclic-ring torsional/out-of-plane deformation 48.69%; cyclic-ring torsional/out-of-plane deformation 36.56%; ring-site C-H out-of-plane bending 11.94%; cyclic-ring out-of-plane deformation 2.40%
    7      137.01          --                 --  mixed C-C-C linear bending / cyclic-ring torsional/out-of-plane deformation C-C-C linear bending 32.18%; cyclic-ring torsional/out-of-plane deformation 23.26%; O-C-C bending 13.63%; cyclic-ring out-of-plane deformation 8.53%
    8      187.79          --                 --  mixed cyclic-ring torsional/out-of-plane deformation / cyclic-ring out-of-plane deformation cyclic-ring torsional/out-of-plane deformation 56.18%; cyclic-ring out-of-plane deformation 23.03%; C-C-C linear bending 7.50%; ring-site C-H out-of-plane bending 3.65%
    9      203.09          --                 --  mixed cyclic-ring torsional/out-of-plane deformation / cyclic-ring deformation (O-C-C bend) cyclic-ring torsional/out-of-plane deformation 37.79%; cyclic-ring deformation (O-C-C bend) 16.10%; cyclic-ring out-of-plane deformation 14.17%; cyclic-ring torsional/out-of-plane deformation 11.60%
   10      217.87          --                 --  mixed C-C torsion / cyclic-ring torsional/out-of-plane deformation / ring-site C-H out-of-plane bending C-C torsion 33.85%; cyclic-ring torsional/out-of-plane deformation 24.95%; ring-site C-H out-of-plane bending 24.32%; cyclic-ring out-of-plane deformation 6.24%
   11      263.08          --                 --  mixed ring-site C-H out-of-plane bending / cyclic-ring torsional/out-of-plane deformation ring-site C-H out-of-plane bending 37.91%; cyclic-ring torsional/out-of-plane deformation 28.78%; cyclic-ring deformation (O-C-C bend) 12.90%; C-C torsion 5.72%
   12      339.25          --                 --  mixed cyclic-ring deformation (O-C-C bend) / ring-site C-H out-of-plane bending / cyclic-ring torsional/out-of-plane deformation cyclic-ring deformation (O-C-C bend) 27.65%; ring-site C-H out-of-plane bending 25.72%; cyclic-ring torsional/out-of-plane deformation 17.94%; C-C-C linear bending 7.91%
   13      367.65          --                 --  mixed cyclic-ring torsional/out-of-plane deformation / cyclic-ring out-of-plane deformation cyclic-ring torsional/out-of-plane deformation 35.70%; cyclic-ring out-of-plane deformation 34.73%; cyclic-ring deformation (O-C-C bend) 14.60%; C-H bending 3.44%
   14      449.33          --                 --  mixed cyclic-ring torsional/out-of-plane deformation / C-C-C linear bending cyclic-ring torsional/out-of-plane deformation 19.22%; C-C-C linear bending 18.81%; mixed-phase cyclic C-C stretching 12.00%; cyclic-ring deformation (C-C-C bend) 11.95%
   15      505.37          --                 --  mixed ring-site C-H out-of-plane bending / cyclic-ring torsional/out-of-plane deformation ring-site C-H out-of-plane bending 24.03%; cyclic-ring torsional/out-of-plane deformation 19.65%; cyclic-ring out-of-plane deformation 13.39%; cyclic-ring deformation (C-C-C bend) 9.46%
   16      530.65          --                 --  mixed cyclic-ring deformation (O-C-C bend) / cyclic-ring out-of-plane deformation cyclic-ring deformation (O-C-C bend) 17.62%; cyclic-ring out-of-plane deformation 12.25%; cyclic C-C stretching 10.57%; cyclic-ring torsional/out-of-plane deformation 10.11%
   17      621.24          --                 --  mixed mixed-phase cyclic C-C stretching / O-C-C bending        mixed-phase cyclic C-C stretching 24.89%; O-C-C bending 17.18%; cyclic-ring deformation (O-C-C bend) 9.14%; cyclic-ring deformation (C-C-C bend) 8.55%
   18      662.92          --                 --  C-C-H linear bending                                           C-C-H linear bending 95.83%; C-C-C linear bending 3.37%
   19      709.06          --                 --  C-C-H linear bending                                           C-C-H linear bending 95.58%; C-C-C linear bending 3.71%
   20      750.82          --                 --  mixed cyclic-ring deformation (C-C-C bend) / mixed-phase cyclic C-C stretching cyclic-ring deformation (C-C-C bend) 30.09%; mixed-phase cyclic C-C stretching 19.40%; cyclic-ring torsional/out-of-plane deformation 11.88%; mixed-phase exocyclic C-C stretching 9.85%
   21      763.43          --                 --  mixed ring-site C-H out-of-plane bending / ring-site C-H in-plane bending ring-site C-H out-of-plane bending 61.15%; ring-site C-H in-plane bending 34.57%
   22      854.06          --                 --  mixed C-H bending / mixed-phase cyclic C-C stretching          C-H bending 23.91%; mixed-phase cyclic C-C stretching 21.99%; ring-site C-H out-of-plane bending 14.94%; cyclic-ring torsional/out-of-plane deformation 9.82%
   23      879.42          --                 --  mixed cyclic C-O stretching / mixed-phase cyclic C-C stretching / ring-site C-H out-of-plane bending cyclic C-O stretching 27.84%; mixed-phase cyclic C-C stretching 24.36%; ring-site C-H out-of-plane bending 19.40%; ring-site C-H in-plane bending 9.36%
   24      886.67          --                 --  mixed ring-site C-H out-of-plane bending / C-H bending / ring-site C-H in-plane bending ring-site C-H out-of-plane bending 34.78%; C-H bending 27.38%; ring-site C-H in-plane bending 21.55%; mixed-phase cyclic C-C stretching 7.55%
   25      945.63          --                 --  mixed mixed-phase cyclic C-C stretching / C-H bending          mixed-phase cyclic C-C stretching 35.72%; C-H bending 12.03%; ring-site C-H out-of-plane bending 9.52%; mixed-phase cyclic C-O stretching 8.72%
   26      956.49          --                 --  mixed cyclic C-O stretching / mixed-phase cyclic C-C stretching / cyclic-ring deformation (C-C-C bend) cyclic C-O stretching 31.41%; mixed-phase cyclic C-C stretching 25.32%; cyclic-ring deformation (C-C-C bend) 16.16%; O-C-C bending 6.78%
   27      966.24          --                 --  mixed mixed-phase cyclic C-O stretching / mixed-phase cyclic C-C stretching mixed-phase cyclic C-O stretching 44.43%; mixed-phase cyclic C-C stretching 31.29%; ring-site C-H out-of-plane bending 11.43%; C-C out-of-plane bending 3.86%
   28     1036.55          --                 --  mixed ring-site C-H out-of-plane bending / C-C out-of-plane bending ring-site C-H out-of-plane bending 41.98%; C-C out-of-plane bending 28.41%; cyclic C-C stretching 10.71%; exocyclic C-C stretching 6.21%
   29     1046.76          --                 --  mixed ring-site C-H out-of-plane bending / exocyclic C-C stretching / C-C out-of-plane bending ring-site C-H out-of-plane bending 29.19%; exocyclic C-C stretching 22.77%; C-C out-of-plane bending 15.05%; mixed-phase cyclic C-O stretching 12.27%
   30     1068.55          --                 --  mixed ring-site C-H out-of-plane bending / C-C out-of-plane bending ring-site C-H out-of-plane bending 49.45%; C-C out-of-plane bending 37.41%; ring-site C-H in-plane bending 9.14%; opposite-phase cyclic C-C stretching 3.40%
   31     1086.45          --                 --  mixed in-phase cyclic C-C stretching / C-H bending             in-phase cyclic C-C stretching 25.20%; C-H bending 15.94%; cyclic-ring deformation (C-C-C bend) 13.96%; exocyclic C-C stretching 13.70%
   32     1110.35          --                 --  mixed C-H bending / cyclic C-C stretching                      C-H bending 51.40%; cyclic C-C stretching 24.69%; cyclic-ring torsional/out-of-plane deformation 8.71%; cyclic-ring out-of-plane deformation 5.59%
   33     1128.87          --                 --  mixed C-H bending / cyclic-ring out-of-plane deformation / exocyclic C-C stretching C-H bending 27.03%; cyclic-ring out-of-plane deformation 24.99%; exocyclic C-C stretching 24.74%; ring-site C-H out-of-plane bending 11.34%
   34     1186.64          --                 --  mixed ring-site C-H out-of-plane bending / ring-site C-H in-plane bending ring-site C-H out-of-plane bending 59.38%; ring-site C-H in-plane bending 38.01%
   35     1215.39          --                 --  mixed ring-site C-H in-plane bending / ring-site C-H out-of-plane bending ring-site C-H in-plane bending 24.20%; ring-site C-H out-of-plane bending 21.91%; cyclic C-O stretching 12.68%; cyclic-ring deformation (C-C-C bend) 10.63%
   36     1248.73          --                 --  mixed C-C out-of-plane bending / C-H bending                   C-C out-of-plane bending 51.08%; C-H bending 11.97%; ring-site C-H out-of-plane bending 11.10%; in-phase cyclic C-C stretching 8.45%
   37     1277.58          --                 --  mixed ring-site C-H in-plane bending / ring-site C-H out-of-plane bending / C-C out-of-plane bending ring-site C-H in-plane bending 27.87%; ring-site C-H out-of-plane bending 20.42%; C-C out-of-plane bending 17.05%; cyclic C-O stretching 7.52%
   38     1354.08          --                 --  mixed mixed-phase cyclic C-C stretching / C-H bending          mixed-phase cyclic C-C stretching 36.48%; C-H bending 30.23%; ring-site C-H out-of-plane bending 9.59%; ring-site C-H in-plane bending 5.83%
   39     1354.92          --                 --  mixed C-H bending / ring-site C-H in-plane bending             C-H bending 26.30%; ring-site C-H in-plane bending 26.08%; cyclic-ring deformation (C-C-C bend) 13.81%; ring-site C-H out-of-plane bending 12.69%
   40     1413.63          --                 --  mixed C-H bending / mixed-phase cyclic C-C stretching          C-H bending 41.55%; mixed-phase cyclic C-C stretching 22.73%; ring-site C-H out-of-plane bending 13.78%; exocyclic C-C stretching 9.85%
   41     1419.54          --                 --  C-H bending                                                    C-H bending 92.46%; exocyclic C-C stretching 2.51%; cyclic C-C stretching 2.31%
   42     1453.51          --                 --  mixed C-H bending / ring-site C-H out-of-plane bending         C-H bending 51.20%; ring-site C-H out-of-plane bending 30.29%; ring-site C-H in-plane bending 17.33%
   43     1496.66          --                 --  C-H bending                                                    C-H bending 90.64%; in-phase cyclic C-C stretching 3.90%; ring-site C-H out-of-plane bending 2.98%
   44     1502.13          --                 --  C-H bending                                                    C-H bending 96.62%
   45     1505.93          --                 --  mixed C-H bending / mixed-phase cyclic C-C stretching          C-H bending 49.68%; mixed-phase cyclic C-C stretching 24.39%; ring-site C-H out-of-plane bending 14.61%; ring-site C-H in-plane bending 8.39%
   46     2223.17          --                 --  C-C stretching                                                 C-C stretching 84.01%; exocyclic C-C stretching 11.33%; C-H stretching 4.49%
   47     3018.59          --                 --  ring-site C-H stretching                                       ring-site C-H stretching 96.93%; C-H stretching 2.35%
   48     3029.10          --                 --  in-phase C-H stretching                                        in-phase C-H stretching 97.28%; ring-site C-H stretching 2.39%
   49     3071.35          --                 --  ring-site C-H stretching                                       ring-site C-H stretching 83.33%; mixed-phase C-H stretching 14.46%
   50     3089.27          --                 --  opposite-phase C-H stretching                                  opposite-phase C-H stretching 99.07%
   51     3100.33          --                 --  mixed-phase C-H stretching                                     mixed-phase C-H stretching 85.86%; ring-site C-H stretching 13.73%
   52     3120.26          --                 --  mixed-phase ring-site C-H stretching                           mixed-phase ring-site C-H stretching 99.56%
   53     3122.45          --                 --  ring-site C-H stretching                                       ring-site C-H stretching 99.16%
   54     3200.80          --                 --  mixed-phase ring-site C-H stretching                           mixed-phase ring-site C-H stretching 99.38%
   55     3214.16          --                 --  mixed-phase ring-site C-H stretching                           mixed-phase ring-site C-H stretching 99.66%
   56     3476.28          --                 --  C-H stretching                                                 C-H stretching 95.53%; C-C stretching 4.40%

# Selected internal-coordinate set:
#   1  nu(C7-H17)
#   2  nu(C1-C2)
#   3  nu(C3-O4)
#   4  nu(C5-C6)
#   5  nu(C8-C9)
#   6  nu(C3-H14)
#   7  nu(C1-H11)
#   8  nu(C2-H13)
#   9  delta_lin2(C8-C9-H19)
#  10  delta_lin1(C8-C9-H19)
#  11  nu(C7-H18)
#  12  nu(C6-H15)
#  13  nu(C1-H12)
#  14  nu(O4-C5)
#  15  gamma(H16;C6,C5,H15)
#  16  gamma(C5;C7,H17,H18)
#  17  nu(C1-H10)
#  18  tau(H14-C3-O4-C5)
#  19  gamma(C3;C2,C1,H13)
#  20  nu(C6-H16)
#  21  delta(H17-C7-H18)
#  22  nu(C9-H19)
#  23  tau(C8-C3-O4-C5)
#  24  delta(O4-C3-H14)
#  25  delta(H11-C1-H12)
#  26  delta(H10-C1-H11)
#  27  delta(H10-C1-H12)
#  28  delta(C5-C6-H15)
#  29  delta(C1-C2-H13)
#  30  delta(O4-C3-C8)
#  31  nu(C5-C7)
#  32  gamma(H16;C6,C5,C7)
#  33  delta(O4-C5-C7)
#  34  delta(C2-C1-H10)
#  35  nu(C3-C8)
#  36  tau(C2-C5-C6-H15)
#  37  delta(C6-C7-H18)
#  38  delta(C2-C1-H12)
#  39  nu(C6-C7)
#  40  delta(C3-C2-C5)
#  41  delta_lin2(C3-C8-C9)
#  42  gamma(C1;C2,C3,C5)
#  43  tau(C5-C6-C7-H18)
#  44  delta_lin1(C3-C8-C9)
#  45  nu(C2-C3)
#  46  tau(H12-C1-C2-C3)
#  47  nu(C2-C5)
#  48  tau(C3-O4-C5-C7)
#  49  tau(C1-C2-C5-O4)
#  50  delta(O4-C5-C6)
#  51  tau(C1-C2-C3-O4)

Wrote: /local/scratch/mv487/qm9s/experiment_1_phase2/ped/70995/70995_summary.csv
Wrote: /local/scratch/mv487/qm9s/experiment_1_phase2/ped/70995/70995_families.csv
Wrote: /local/scratch/mv487/qm9s/experiment_1_phase2/ped/70995/70995_ped.csv
Wrote: /local/scratch/mv487/qm9s/experiment_1_phase2/ped/70995/70995_ir_transitions.csv

# All generated files are in: /local/scratch/mv487/qm9s/experiment_1_phase2/ped/70995
# Manifest: /local/scratch/mv487/qm9s/experiment_1_phase2/ped/70995/70995_manifest.txt

--- stderr ---
Normal modes/frequencies absent or incomplete: diagonalizing Hessian.
