# Contact: romi@lens.unifi.it
# Manual: https://github.com/SebRoLENS/orca-ped-analyzer/blob/main/docs/ORCA_PED_Analyzer_Manual.md
# Check GitHub for updates and new releases: https://github.com/SebRoLENS/orca-ped-analyzer
#
# Molecule: 16 atoms | non-linear
# Bonds inferred: 18 | candidate ICs: 158 | selected ICs: 42
# Cartesian-Hessian reconstruction relative error: 2.404e-05
# Energy distribution: PED (PED is the backward-compatible default; TED includes kinetic-energy terms)
# Ring/cycle bonds detected: 11 | ring atoms: 9 | ring systems: 1
# VPT2: no matching .out file supplied/found -> harmonic/PED analysis only
#
 Mode   Harm/cm-1   VPT2/cm-1  Harm.Int/km mol-1  Assignment                                                     Grouped PED
------------------------------------------------------------------------------------------------------------------------------------------------------------------------------------------------
    6      156.05          --                 --  mixed cyclic-ring torsional/out-of-plane deformation / cyclic-ring torsional/out-of-plane deformation / cyclic-ring out-of-plane deformation cyclic-ring torsional/out-of-plane deformation 36.32%; cyclic-ring torsional/out-of-plane deformation 20.38%; cyclic-ring out-of-plane deformation 16.44%; cyclic-ring deformation (N-C-C bend) 11.85%
    7      234.47          --                 --  mixed cyclic-ring torsional/out-of-plane deformation / cyclic-ring out-of-plane deformation cyclic-ring torsional/out-of-plane deformation 56.53%; cyclic-ring out-of-plane deformation 24.22%; ring-site C-H out-of-plane bending 14.91%
    8      357.79          --                 --  mixed ring-site C-H out-of-plane bending / cyclic-ring deformation (C-C-N bend) / cyclic-ring torsional/out-of-plane deformation ring-site C-H out-of-plane bending 29.59%; cyclic-ring deformation (C-C-N bend) 20.11%; cyclic-ring torsional/out-of-plane deformation 17.16%; cyclic-ring out-of-plane deformation 9.90%
    9      438.28          --                 --  mixed cyclic-ring deformation (C-C-N bend) / cyclic-ring torsional/out-of-plane deformation cyclic-ring deformation (C-C-N bend) 20.02%; cyclic-ring torsional/out-of-plane deformation 14.85%; mixed-phase cyclic C-C stretching 14.31%; cyclic-ring deformation (C-C-C bend) 12.80%
   10      443.77          --                 --  mixed ring-site N-H out-of-plane bending / cyclic-ring torsional/out-of-plane deformation ring-site N-H out-of-plane bending 32.59%; cyclic-ring torsional/out-of-plane deformation 22.14%; cyclic-ring deformation (N-C-C bend) 13.56%; cyclic-ring torsional/out-of-plane deformation 10.82%
   11      462.58          --                 --  mixed ring-site N-H out-of-plane bending / cyclic-ring deformation (N-C-C bend) ring-site N-H out-of-plane bending 25.35%; cyclic-ring deformation (N-C-C bend) 19.55%; cyclic-ring out-of-plane deformation 13.74%; cyclic-ring torsional/out-of-plane deformation 9.66%
   12      607.10          --                 --  mixed ring-site N-H out-of-plane bending / cyclic C-C stretching ring-site N-H out-of-plane bending 41.86%; cyclic C-C stretching 17.83%; mixed-phase cyclic C-N stretching 9.79%; cyclic-ring torsional/out-of-plane deformation 6.85%
   13      643.38          --                 --  mixed cyclic-ring torsional/out-of-plane deformation / ring-site N-H out-of-plane bending cyclic-ring torsional/out-of-plane deformation 42.29%; ring-site N-H out-of-plane bending 17.40%; cyclic-ring out-of-plane deformation 14.54%; ring-site C-H out-of-plane bending 8.47%
   14      706.37          --                 --  mixed cyclic-ring deformation (C-C-C bend) / ring-site N-H out-of-plane bending cyclic-ring deformation (C-C-C bend) 19.61%; ring-site N-H out-of-plane bending 15.62%; cyclic-ring deformation (N-C-C bend) 14.83%; cyclic-ring out-of-plane deformation 11.02%
   15      747.22          --                 --  mixed cyclic-ring deformation (N-C-C bend) / cyclic-ring out-of-plane deformation cyclic-ring deformation (N-C-C bend) 23.56%; cyclic-ring out-of-plane deformation 11.27%; cyclic-ring torsional/out-of-plane deformation 9.69%; cyclic-ring torsional/out-of-plane deformation 9.52%
   16      784.06          --                 --  mixed cyclic C-C stretching / mixed-phase cyclic C-N stretching cyclic C-C stretching 24.85%; mixed-phase cyclic C-N stretching 22.69%; cyclic-ring torsional/out-of-plane deformation 9.01%; ring-site N-H out-of-plane bending 8.10%
   17      792.55          --                 --  ring-site C-H out-of-plane bending                             ring-site C-H out-of-plane bending 78.54%; cyclic-ring out-of-plane deformation 6.57%; cyclic C-N stretching 3.83%; cyclic C-C stretching 3.57%
   18      814.08          --                 --  mixed cyclic-ring torsional/out-of-plane deformation / ring-site N-H out-of-plane bending cyclic-ring torsional/out-of-plane deformation 37.40%; ring-site N-H out-of-plane bending 18.47%; mixed-phase cyclic C-N stretching 12.50%; mixed-phase cyclic C-C stretching 9.51%
   19      836.83          --                 --  mixed cyclic C-N stretching / cyclic-ring out-of-plane deformation cyclic C-N stretching 43.63%; cyclic-ring out-of-plane deformation 39.37%; ring-site C-H in-plane bending 5.02%; cyclic-ring torsional/out-of-plane deformation 4.07%
   20      886.49          --                 --  mixed ring-site N-H out-of-plane bending / cyclic-ring out-of-plane deformation ring-site N-H out-of-plane bending 57.59%; cyclic-ring out-of-plane deformation 31.08%; cyclic C-N stretching 4.01%; ring-site N-H in-plane bending 2.57%
   21      929.01          --                 --  mixed ring-site N-H out-of-plane bending / cyclic C-C stretching / mixed-phase cyclic C-N stretching ring-site N-H out-of-plane bending 32.56%; cyclic C-C stretching 27.42%; mixed-phase cyclic C-N stretching 19.59%; cyclic-ring out-of-plane deformation 12.03%
   22      975.09          --                 --  mixed cyclic-ring deformation (C-N-N bend) / cyclic-ring deformation (N-C-C bend) / cyclic C-C stretching cyclic-ring deformation (C-N-N bend) 41.12%; cyclic-ring deformation (N-C-C bend) 27.71%; cyclic C-C stretching 15.82%; cyclic N-N stretching 5.94%
   23      997.00          --                 --  mixed ring-site C-H in-plane bending / cyclic-ring out-of-plane deformation / ring-site N-H out-of-plane bending ring-site C-H in-plane bending 23.06%; cyclic-ring out-of-plane deformation 19.29%; ring-site N-H out-of-plane bending 19.16%; cyclic-ring torsional/out-of-plane deformation 10.81%
   24     1044.16          --                 --  mixed cyclic N-N stretching / ring-site C-H in-plane bending / mixed-phase cyclic C-N stretching cyclic N-N stretching 45.35%; ring-site C-H in-plane bending 24.14%; mixed-phase cyclic C-N stretching 22.89%; cyclic-ring out-of-plane deformation 2.12%
   25     1069.31          --                 --  mixed cyclic-ring out-of-plane deformation / ring-site C-H in-plane bending cyclic-ring out-of-plane deformation 47.18%; ring-site C-H in-plane bending 11.95%; ring-site N-H out-of-plane bending 10.68%; ring-site N-H in-plane bending 7.01%
   26     1108.72          --                 --  mixed cyclic-ring out-of-plane deformation / ring-site N-H out-of-plane bending cyclic-ring out-of-plane deformation 34.27%; ring-site N-H out-of-plane bending 15.35%; cyclic-ring deformation (N-C-C bend) 13.15%; mixed-phase cyclic C-C stretching 9.15%
   27     1131.86          --                 --  ring-site N-H out-of-plane bending                             ring-site N-H out-of-plane bending 79.85%; cyclic-ring out-of-plane deformation 10.32%; ring-site C-H in-plane bending 2.61%; ring-site N-H in-plane bending 2.50%
   28     1159.06          --                 --  mixed cyclic C-N stretching / cyclic N-N stretching / ring-site N-H out-of-plane bending cyclic C-N stretching 23.08%; cyclic N-N stretching 18.60%; ring-site N-H out-of-plane bending 18.32%; ring-site C-H in-plane bending 12.95%
   29     1179.37          --                 --  mixed mixed-phase cyclic C-N stretching / ring-site C-H in-plane bending / mixed-phase cyclic C-C stretching mixed-phase cyclic C-N stretching 26.11%; ring-site C-H in-plane bending 20.78%; mixed-phase cyclic C-C stretching 20.54%; cyclic N-N stretching 13.85%
   30     1199.11          --                 --  mixed ring-site C-H in-plane bending / cyclic-ring out-of-plane deformation ring-site C-H in-plane bending 66.35%; cyclic-ring out-of-plane deformation 9.19%; ring-site N-H out-of-plane bending 8.32%; cyclic C-N stretching 6.36%
   31     1218.34          --                 --  mixed cyclic-ring out-of-plane deformation / cyclic C-N stretching / ring-site N-H out-of-plane bending cyclic-ring out-of-plane deformation 19.52%; cyclic C-N stretching 17.06%; ring-site N-H out-of-plane bending 16.11%; ring-site N-H in-plane bending 13.38%
   32     1285.84          --                 --  mixed ring-site C-H in-plane bending / ring-site N-H out-of-plane bending ring-site C-H in-plane bending 44.04%; ring-site N-H out-of-plane bending 17.00%; opposite-phase cyclic C-C stretching 7.84%; mixed-phase cyclic C-N stretching 7.19%
   33     1315.26          --                 --  mixed ring-site C-H in-plane bending / mixed-phase cyclic C-C stretching ring-site C-H in-plane bending 43.76%; mixed-phase cyclic C-C stretching 19.65%; cyclic C-N stretching 11.31%; ring-site N-H out-of-plane bending 8.33%
   34     1347.94          --                 --  mixed ring-site C-H in-plane bending / cyclic-ring out-of-plane deformation ring-site C-H in-plane bending 26.19%; cyclic-ring out-of-plane deformation 25.01%; cyclic C-N stretching 11.39%; ring-site N-H out-of-plane bending 10.25%
   35     1384.92          --                 --  mixed ring-site C-H in-plane bending / mixed-phase cyclic C-N stretching / ring-site N-H out-of-plane bending ring-site C-H in-plane bending 42.45%; mixed-phase cyclic C-N stretching 22.24%; ring-site N-H out-of-plane bending 16.39%; mixed-phase cyclic C-C stretching 12.65%
   36     1429.84          --                 --  mixed mixed-phase cyclic C-C stretching / cyclic-ring deformation (C-N-N bend) mixed-phase cyclic C-C stretching 47.57%; cyclic-ring deformation (C-N-N bend) 10.20%; ring-site C-H in-plane bending 9.28%; cyclic C-N stretching 7.65%
   37     1467.80          --                 --  mixed ring-site N-H in-plane bending / cyclic C-N stretching   ring-site N-H in-plane bending 50.04%; cyclic C-N stretching 19.93%; cyclic-ring deformation (N-C-C bend) 7.06%; cyclic-ring deformation (C-N-N bend) 5.36%
   38     1482.16          --                 --  C-H bending                                                    C-H bending 75.19%; ring-site C-H out-of-plane bending 12.80%; ring-site C-H in-plane bending 6.43%; cyclic C-C stretching 2.71%
   39     1516.82          --                 --  mixed mixed-phase cyclic C-C stretching / cyclic C-N stretching mixed-phase cyclic C-C stretching 53.78%; cyclic C-N stretching 30.85%; ring-site C-H in-plane bending 6.36%; cyclic-ring torsional/out-of-plane deformation 2.12%
   40     1626.72          --                 --  mixed mixed-phase cyclic C-C stretching / cyclic C-N stretching mixed-phase cyclic C-C stretching 51.17%; cyclic C-N stretching 21.25%; cyclic-ring deformation (C-C-C bend) 13.05%; ring-site C-H in-plane bending 7.25%
   41     3034.91          --                 --  ring-site C-H stretching                                       ring-site C-H stretching 99.38%
   42     3071.51          --                 --  mixed-phase ring-site C-H stretching                           mixed-phase ring-site C-H stretching 99.37%
   43     3159.00          --                 --  ring-site C-H stretching                                       ring-site C-H stretching 98.50%
   44     3181.84          --                 --  ring-site C-H stretching                                       ring-site C-H stretching 98.75%
   45     3256.60          --                 --  ring-site C-H stretching                                       ring-site C-H stretching 98.23%
   46     3478.83          --                 --  ring-site N-H stretching                                       ring-site N-H stretching 99.55%
   47     3664.78          --                 --  ring-site N-H stretching                                       ring-site N-H stretching 99.35%

# Selected internal-coordinate set:
#   1  nu(C1-C2)
#   2  nu(N3-C4)
#   3  nu(C5-N6)
#   4  nu(N7-C8)
#   5  nu(C1-C9)
#   6  nu(N3-H13)
#   7  nu(N6-N7)
#   8  nu(C2-H12)
#   9  nu(C4-H14)
#  10  nu(C8-H16)
#  11  nu(C5-C9)
#  12  tau(C5-N6-N7-C8)
#  13  tau(H13-N3-C4-H14)
#  14  gamma(C1;C9,C5,C8)
#  15  tau(C5-N6-N7-H15)
#  16  nu(C1-H11)
#  17  gamma(C4;C2,C1,H12)
#  18  nu(C1-H10)
#  19  tau(N6-N7-C8-H16)
#  20  nu(N7-H15)
#  21  delta(N3-C4-H14)
#  22  tau(H13-N3-C4-C5)
#  23  delta(C1-C2-H12)
#  24  delta(N7-C8-H16)
#  25  delta(H10-C1-H11)
#  26  delta(C5-N6-N7)
#  27  delta(C4-N3-H13)
#  28  delta(C2-C1-H10)
#  29  delta(N6-N7-H15)
#  30  tau(C4-C5-N6-N7)
#  31  delta(C2-C1-H11)
#  32  delta(C1-C9-C5)
#  33  gamma(C2;C4,N3,H14)
#  34  tau(H11-C1-C2-N3)
#  35  delta(N7-C8-C9)
#  36  nu(C4-C5)
#  37  delta(C1-C2-N3)
#  38  tau(C1-C2-N3-C4)
#  39  nu(C2-N3)
#  40  nu(C8-C9)
#  41  tau(N6-C5-C9-C1)
#  42  delta(N3-C4-C5)

Wrote: /local/scratch/mv487/qm9s/experiment_1_phase2/ped/114321/114321_summary.csv
Wrote: /local/scratch/mv487/qm9s/experiment_1_phase2/ped/114321/114321_families.csv
Wrote: /local/scratch/mv487/qm9s/experiment_1_phase2/ped/114321/114321_ped.csv
Wrote: /local/scratch/mv487/qm9s/experiment_1_phase2/ped/114321/114321_ir_transitions.csv

# All generated files are in: /local/scratch/mv487/qm9s/experiment_1_phase2/ped/114321
# Manifest: /local/scratch/mv487/qm9s/experiment_1_phase2/ped/114321/114321_manifest.txt

--- stderr ---
Normal modes/frequencies absent or incomplete: diagonalizing Hessian.
