# Contact: romi@lens.unifi.it
# Manual: https://github.com/SebRoLENS/orca-ped-analyzer/blob/main/docs/ORCA_PED_Analyzer_Manual.md
# Check GitHub for updates and new releases: https://github.com/SebRoLENS/orca-ped-analyzer
#
# Molecule: 15 atoms | non-linear
# Bonds inferred: 15 | candidate ICs: 93 | selected ICs: 39
# Cartesian-Hessian reconstruction relative error: 3.080e-05
# Energy distribution: PED (PED is the backward-compatible default; TED includes kinetic-energy terms)
# Ring/cycle bonds detected: 6 | ring atoms: 6 | ring systems: 1
# VPT2: no matching .out file supplied/found -> harmonic/PED analysis only
#
 Mode   Harm/cm-1   VPT2/cm-1  Harm.Int/km mol-1  Assignment                                                     Grouped PED
------------------------------------------------------------------------------------------------------------------------------------------------------------------------------------------------
    6       93.72          --                 --  C-C torsion                                                    C-C torsion 98.47%
    7      104.64          --                 --  C-C torsion                                                    C-C torsion 81.93%; cyclic-ring torsional/out-of-plane deformation 13.00%; cyclic-ring out-of-plane deformation 3.02%
    8      160.36          --                 --  cyclic-ring torsional/out-of-plane deformation                 cyclic-ring torsional/out-of-plane deformation 78.14%; ring-site C-H out-of-plane bending 14.21%; cyclic-ring out-of-plane deformation 3.96%; C-C torsion 2.24%
    9      276.45          --                 --  mixed cyclic-ring torsional/out-of-plane deformation / cyclic-ring out-of-plane deformation cyclic-ring torsional/out-of-plane deformation 60.54%; cyclic-ring out-of-plane deformation 21.77%; C-C torsion 10.97%; ring-site C-H out-of-plane bending 4.99%
   10      289.96          --                 --  mixed C-C-C bending / C-C-F bending                            C-C-C bending 59.79%; C-C-F bending 20.83%; C-H bending 6.04%; cyclic C-C stretching 3.45%
   11      329.16          --                 --  mixed F-C-C bending / C-C-N bending / C-C-F bending            F-C-C bending 41.31%; C-C-N bending 23.27%; C-C-F bending 21.55%; cyclic-ring deformation (C-O-C bend) 6.89%
   12      477.74          --                 --  mixed cyclic-ring out-of-plane deformation / cyclic-ring torsional/out-of-plane deformation cyclic-ring out-of-plane deformation 57.30%; cyclic-ring torsional/out-of-plane deformation 14.60%; C-C torsion 14.14%; ring-site C-H out-of-plane bending 7.32%
   13      481.93          --                 --  mixed cyclic-ring deformation (C-O-C bend) / cyclic-ring deformation (C-C-C bend) cyclic-ring deformation (C-O-C bend) 27.86%; cyclic-ring deformation (C-C-C bend) 20.28%; C-C-C bending 14.54%; cyclic C-C stretching 14.41%
   14      518.56          --                 --  mixed F-C-C bending / cyclic-ring deformation (C-C-C bend) / C-C-N bending F-C-C bending 22.57%; cyclic-ring deformation (C-C-C bend) 21.33%; C-C-N bending 19.01%; cyclic-ring deformation (C-O-C bend) 11.93%
   15      531.54          --                 --  mixed C-C-F bending / F-C-C bending                            C-C-F bending 35.75%; F-C-C bending 18.97%; C-C-N bending 14.30%; cyclic-ring deformation (C-O-C bend) 8.68%
   16      546.24          --                 --  mixed cyclic-ring torsional/out-of-plane deformation / C-C torsion cyclic-ring torsional/out-of-plane deformation 40.79%; C-C torsion 35.02%; ring-site C-H out-of-plane bending 10.92%; cyclic-ring out-of-plane deformation 5.92%
   17      675.53          --                 --  mixed in-phase cyclic C-C stretching / cyclic C-O stretching   in-phase cyclic C-C stretching 36.13%; cyclic C-O stretching 23.46%; exocyclic C-C stretching 12.90%; exocyclic C-F stretching 10.26%
   18      705.31          --                 --  mixed cyclic-ring out-of-plane deformation / cyclic-ring torsional/out-of-plane deformation cyclic-ring out-of-plane deformation 64.57%; cyclic-ring torsional/out-of-plane deformation 14.50%; C-N torsion 14.23%; C-C torsion 4.93%
   19      764.19          --                 --  mixed ring-site C-H out-of-plane bending / cyclic-ring out-of-plane deformation ring-site C-H out-of-plane bending 62.91%; cyclic-ring out-of-plane deformation 33.53%
   20      826.15          --                 --  C-N torsion                                                    C-N torsion 98.39%
   21      842.70          --                 --  mixed cyclic-ring deformation (C-O-C bend) / cyclic-ring deformation (C-C-C bend) cyclic-ring deformation (C-O-C bend) 33.07%; cyclic-ring deformation (C-C-C bend) 20.14%; exocyclic C-C stretching 10.89%; exocyclic C-F stretching 6.86%
   22      900.67          --                 --  mixed ring-site C-H out-of-plane bending / cyclic-ring out-of-plane deformation ring-site C-H out-of-plane bending 51.67%; cyclic-ring out-of-plane deformation 44.79%; cyclic-ring torsional/out-of-plane deformation 2.51%
   23      943.17          --                 --  mixed cyclic C-O stretching / cyclic-ring deformation (C-C-C bend) cyclic C-O stretching 31.31%; cyclic-ring deformation (C-C-C bend) 12.54%; F-C-C bending 11.98%; C-C-N bending 10.09%
   24      982.39          --                 --  mixed C-H bending / mixed-phase cyclic C-C stretching          C-H bending 49.03%; mixed-phase cyclic C-C stretching 15.63%; in-phase cyclic C-O stretching 9.78%; N-H bending 7.07%
   25     1056.28          --                 --  C-H bending                                                    C-H bending 78.19%; cyclic-ring torsional/out-of-plane deformation 8.61%; C-C torsion 6.87%; ring-site C-H out-of-plane bending 3.11%
   26     1073.90          --                 --  mixed mixed-phase cyclic C-O stretching / C-H bending          mixed-phase cyclic C-O stretching 33.28%; C-H bending 28.15%; ring-site C-H in-plane bending 12.73%; N-H bending 4.68%
   27     1113.99          --                 --  mixed mixed-phase cyclic C-C stretching / opposite-phase cyclic C-O stretching / exocyclic C-C stretching mixed-phase cyclic C-C stretching 21.34%; opposite-phase cyclic C-O stretching 20.84%; exocyclic C-C stretching 19.39%; N-H bending 8.34%
   28     1200.98          --                 --  mixed N-H bending / exocyclic C-F stretching                   N-H bending 37.86%; exocyclic C-F stretching 16.55%; mixed-phase cyclic C-O stretching 11.14%; C-C-F bending 6.30%
   29     1237.42          --                 --  mixed ring-site C-H in-plane bending / exocyclic C-F stretching / mixed-phase cyclic C-C stretching ring-site C-H in-plane bending 27.58%; exocyclic C-F stretching 21.83%; mixed-phase cyclic C-C stretching 18.71%; C-H bending 12.35%
   30     1282.09          --                 --  mixed ring-site C-H in-plane bending / mixed-phase cyclic C-O stretching ring-site C-H in-plane bending 42.06%; mixed-phase cyclic C-O stretching 23.18%; cyclic C-C stretching 13.53%; exocyclic C-C stretching 5.09%
   31     1355.80          --                 --  mixed mixed-phase cyclic C-C stretching / C-C-F bending        mixed-phase cyclic C-C stretching 24.28%; C-C-F bending 18.57%; exocyclic C-F stretching 10.77%; C-H bending 10.69%
   32     1422.71          --                 --  mixed C-H bending / C-H out-of-plane bending                   C-H bending 48.46%; C-H out-of-plane bending 44.21%; exocyclic C-C stretching 3.35%
   33     1443.26          --                 --  mixed ring-site C-H in-plane bending / cyclic C-C stretching   ring-site C-H in-plane bending 50.94%; cyclic C-C stretching 21.32%; cyclic C-O stretching 7.11%; exocyclic C-C stretching 5.23%
   34     1488.90          --                 --  mixed C-H bending / C-H out-of-plane bending                   C-H bending 56.54%; C-H out-of-plane bending 29.18%; C-C torsion 10.64%
   35     1492.11          --                 --  C-C torsion                                                    C-C torsion 79.33%; C-H bending 19.84%
   36     1619.49          --                 --  mixed-phase cyclic C-C stretching                              mixed-phase cyclic C-C stretching 71.64%; ring-site C-H in-plane bending 8.73%; F-C-C bending 5.57%; exocyclic C-F stretching 3.26%
   37     1698.94          --                 --  mixed mixed-phase cyclic C-C stretching / exocyclic C-N stretching mixed-phase cyclic C-C stretching 44.38%; exocyclic C-N stretching 26.42%; ring-site C-H in-plane bending 8.69%; cyclic-ring deformation (C-C-C bend) 4.24%
   38     1731.63          --                 --  mixed exocyclic C-N stretching / mixed-phase cyclic C-C stretching exocyclic C-N stretching 41.47%; mixed-phase cyclic C-C stretching 33.57%; F-C-C bending 7.03%; cyclic-ring deformation (C-O-C bend) 5.00%
   39     3033.70          --                 --  C-H stretching                                                 C-H stretching 99.59%
   40     3079.17          --                 --  opposite-phase C-H stretching                                  opposite-phase C-H stretching 99.61%
   41     3145.46          --                 --  mixed-phase C-H stretching                                     mixed-phase C-H stretching 99.45%
   42     3208.13          --                 --  mixed-phase ring-site C-H stretching                           mixed-phase ring-site C-H stretching 98.95%
   43     3234.43          --                 --  ring-site C-H stretching                                       ring-site C-H stretching 98.84%
   44     3500.46          --                 --  N-H stretching                                                 N-H stretching 99.74%

# Selected internal-coordinate set:
#   1  nu(C1-H10)
#   2  nu(C2-C3)
#   3  nu(N6-H13)
#   4  nu(O7-C8)
#   5  nu(C9-H15)
#   6  nu(C1-H12)
#   7  nu(C8-H14)
#   8  nu(C5-N6)
#   9  nu(C1-H11)
#  10  nu(C3-F4)
#  11  gamma(C9;C8,O7,H14)
#  12  gamma(C2;C3,F4,C5)
#  13  tau(O7-C5-N6-H13)
#  14  nu(C2-C9)
#  15  nu(C5-O7)
#  16  tau(C1-C2-C9-H15)
#  17  gamma(H11;C1,H10,H12)
#  18  delta(C5-N6-H13)
#  19  delta(H10-C1-H12)
#  20  delta(C2-C9-H15)
#  21  delta(O7-C8-H14)
#  22  tau(C3-C5-N6-H13)
#  23  delta(C2-C3-F4)
#  24  tau(H11-C1-C2-C9)
#  25  delta(C5-O7-C8)
#  26  nu(C1-C2)
#  27  tau(C1-C2-C9-C8)
#  28  tau(C5-O7-C8-H14)
#  29  delta(C2-C1-H11)
#  30  nu(C3-C5)
#  31  nu(C8-C9)
#  32  delta(C2-C9-C8)
#  33  delta(F4-C3-C5)
#  34  tau(C9-C2-C3-F4)
#  35  delta(C2-C1-H12)
#  36  tau(H10-C1-C2-C3)
#  37  delta(C3-C5-N6)
#  38  delta(C1-C2-C9)
#  39  tau(C1-C2-C3-C5)

Wrote: /local/scratch/mv487/qm9s/experiment_1_phase2/ped/121649/121649_summary.csv
Wrote: /local/scratch/mv487/qm9s/experiment_1_phase2/ped/121649/121649_families.csv
Wrote: /local/scratch/mv487/qm9s/experiment_1_phase2/ped/121649/121649_ped.csv
Wrote: /local/scratch/mv487/qm9s/experiment_1_phase2/ped/121649/121649_ir_transitions.csv

# All generated files are in: /local/scratch/mv487/qm9s/experiment_1_phase2/ped/121649
# Manifest: /local/scratch/mv487/qm9s/experiment_1_phase2/ped/121649/121649_manifest.txt

--- stderr ---
Normal modes/frequencies absent or incomplete: diagonalizing Hessian.
