# Contact: romi@lens.unifi.it
# Manual: https://github.com/SebRoLENS/orca-ped-analyzer/blob/main/docs/ORCA_PED_Analyzer_Manual.md
# Check GitHub for updates and new releases: https://github.com/SebRoLENS/orca-ped-analyzer
#
# Molecule: 16 atoms | non-linear
# Bonds inferred: 16 | candidate ICs: 136 | selected ICs: 42
# Cartesian-Hessian reconstruction relative error: 1.750e-05
# Energy distribution: PED (PED is the backward-compatible default; TED includes kinetic-energy terms)
# Ring/cycle bonds detected: 4 | ring atoms: 4 | ring systems: 1
# VPT2: no matching .out file supplied/found -> harmonic/PED analysis only
#
 Mode   Harm/cm-1   VPT2/cm-1  Harm.Int/km mol-1  Assignment                                                     Grouped PED
------------------------------------------------------------------------------------------------------------------------------------------------------------------------------------------------
    6       72.90          --                 --  mixed cyclic-ring torsional/out-of-plane deformation / cyclic-ring torsional/out-of-plane deformation cyclic-ring torsional/out-of-plane deformation 53.40%; cyclic-ring torsional/out-of-plane deformation 19.76%; ring-site C-H out-of-plane bending 19.67%; C-C torsion 3.79%
    7      149.06          --                 --  mixed C-C torsion / cyclic-ring torsional/out-of-plane deformation C-C torsion 38.46%; cyclic-ring torsional/out-of-plane deformation 36.91%; C-C-N linear bending 8.97%; ring-site C-H out-of-plane bending 6.74%
    8      186.68          --                 --  C-C torsion                                                    C-C torsion 77.97%; cyclic-ring torsional/out-of-plane deformation 6.08%; cyclic-ring torsional/out-of-plane deformation 4.81%; C-C-N linear bending 4.52%
    9      195.03          --                 --  C-C torsion                                                    C-C torsion 93.67%; cyclic-ring torsional/out-of-plane deformation 2.97%
   10      255.71          --                 --  mixed C-N torsion / C-C torsion                                C-N torsion 40.86%; C-C torsion 34.66%; cyclic-ring torsional/out-of-plane deformation 6.68%; ring-site C-H out-of-plane bending 3.92%
   11      264.55          --                 --  mixed C-C torsion / cyclic-ring torsional/out-of-plane deformation C-C torsion 66.75%; cyclic-ring torsional/out-of-plane deformation 16.92%; C-C-N bending 9.51%
   12      365.68          --                 --  mixed C-C torsion / C-C-O bending / C-C-N bending              C-C torsion 27.50%; C-C-O bending 26.27%; C-C-N bending 19.43%; C-H bending 9.19%
   13      382.15          --                 --  mixed ring-site C-H out-of-plane bending / C-C-N bending / cyclic-ring torsional/out-of-plane deformation ring-site C-H out-of-plane bending 28.47%; C-C-N bending 25.72%; cyclic-ring torsional/out-of-plane deformation 17.95%; cyclic-ring torsional/out-of-plane deformation 9.28%
   14      500.60          --                 --  mixed cyclic-ring torsional/out-of-plane deformation / C-H bending cyclic-ring torsional/out-of-plane deformation 18.65%; C-H bending 16.08%; C-C-O bending 14.01%; C-C-N bending 12.00%
   15      552.76          --                 --  mixed in-phase cyclic C-C stretching / C-C-N linear bending / cyclic-ring deformation (O-C-C bend) in-phase cyclic C-C stretching 19.72%; C-C-N linear bending 18.81%; cyclic-ring deformation (O-C-C bend) 15.14%; exocyclic C-C stretching 12.19%
   16      561.84          --                 --  mixed mixed-phase cyclic C-C stretching / cyclic-ring torsional/out-of-plane deformation mixed-phase cyclic C-C stretching 16.25%; cyclic-ring torsional/out-of-plane deformation 15.62%; C-C-N linear bending 14.73%; cyclic-ring torsional/out-of-plane deformation 9.83%
   17      625.64          --                 --  mixed cyclic-ring deformation (O-C-C bend) / C-C-N linear bending cyclic-ring deformation (O-C-C bend) 22.76%; C-C-N linear bending 10.90%; exocyclic C-N stretching 10.89%; mixed-phase exocyclic C-C stretching 10.64%
   18      780.41          --                 --  mixed cyclic C-C stretching / C-H bending                      cyclic C-C stretching 22.92%; C-H bending 19.14%; cyclic-ring deformation (O-C-C bend) 13.68%; C-C torsion 10.27%
   19      808.28          --                 --  mixed N-H out-of-plane bending / N-H bending                   N-H out-of-plane bending 51.90%; N-H bending 31.81%; exocyclic C-N stretching 4.22%; opposite-phase cyclic C-C stretching 4.06%
   20      868.52          --                 --  mixed cyclic C-O stretching / C-H bending                      cyclic C-O stretching 37.18%; C-H bending 25.65%; C-C torsion 13.26%; cyclic-ring deformation (O-C-C bend) 9.54%
   21      932.71          --                 --  mixed ring-site C-H out-of-plane bending / exocyclic C-N stretching ring-site C-H out-of-plane bending 57.88%; exocyclic C-N stretching 9.49%; exocyclic C-C stretching 6.11%; cyclic C-C stretching 6.00%
   22      953.95          --                 --  mixed cyclic-ring deformation (O-C-C bend) / mixed-phase cyclic C-C stretching / N-H bending cyclic-ring deformation (O-C-C bend) 28.30%; mixed-phase cyclic C-C stretching 21.38%; N-H bending 15.28%; N-H out-of-plane bending 10.73%
   23     1007.52          --                 --  mixed-phase cyclic C-O stretching                              mixed-phase cyclic C-O stretching 70.54%; cyclic-ring deformation (O-C-C bend) 18.77%; cyclic C-C stretching 3.31%; exocyclic C-N stretching 2.20%
   24     1035.77          --                 --  mixed C-H bending / C-C torsion                                C-H bending 38.15%; C-C torsion 32.15%; exocyclic C-N stretching 7.40%; opposite-phase cyclic C-C stretching 7.09%
   25     1076.84          --                 --  mixed cyclic C-C stretching / C-C torsion                      cyclic C-C stretching 22.86%; C-C torsion 15.71%; C-H bending 13.99%; N-H bending 7.89%
   26     1096.20          --                 --  mixed C-H bending / cyclic C-O stretching / C-C torsion        C-H bending 32.25%; cyclic C-O stretching 24.76%; C-C torsion 18.17%; exocyclic C-C stretching 5.16%
   27     1144.51          --                 --  mixed exocyclic C-C stretching / ring-site C-H in-plane bending / C-H bending exocyclic C-C stretching 31.29%; ring-site C-H in-plane bending 20.59%; C-H bending 18.31%; cyclic C-C stretching 6.51%
   28     1171.78          --                 --  mixed ring-site C-H in-plane bending / C-H bending             ring-site C-H in-plane bending 60.25%; C-H bending 12.40%; cyclic-ring torsional/out-of-plane deformation 11.83%; exocyclic C-C stretching 4.09%
   29     1243.60          --                 --  mixed exocyclic C-N stretching / cyclic C-C stretching         exocyclic C-N stretching 27.39%; cyclic C-C stretching 17.21%; C-C torsion 9.34%; cyclic-ring torsional/out-of-plane deformation 8.91%
   30     1290.25          --                 --  mixed C-C torsion / N-H bending                                C-C torsion 42.86%; N-H bending 32.38%; C-H bending 5.60%; exocyclic C-N stretching 2.97%
   31     1320.05          --                 --  mixed ring-site C-H in-plane bending / N-H bending / ring-site C-H out-of-plane bending ring-site C-H in-plane bending 30.68%; N-H bending 19.91%; ring-site C-H out-of-plane bending 18.60%; C-C torsion 5.04%
   32     1364.17          --                 --  mixed C-H bending / N-H bending / ring-site C-H in-plane bending C-H bending 18.21%; N-H bending 16.86%; ring-site C-H in-plane bending 16.10%; ring-site C-H out-of-plane bending 14.70%
   33     1405.80          --                 --  C-H bending                                                    C-H bending 72.99%; N-H bending 7.56%; cyclic C-C stretching 5.24%; C-C torsion 2.51%
   34     1423.21          --                 --  C-H bending                                                    C-H bending 79.11%; exocyclic C-C stretching 9.66%; C-C torsion 2.52%; N-H bending 2.22%
   35     1482.42          --                 --  mixed C-H bending / C-C torsion                                C-H bending 54.71%; C-C torsion 42.13%
   36     1495.37          --                 --  mixed C-C torsion / C-H bending                                C-C torsion 60.81%; C-H bending 37.33%
   37     1519.90          --                 --  mixed ring-site C-H out-of-plane bending / ring-site C-H in-plane bending ring-site C-H out-of-plane bending 48.97%; ring-site C-H in-plane bending 37.54%; cyclic-ring deformation (O-C-C bend) 3.65%; C-H bending 3.62%
   38     1661.49          --                 --  N-H bending                                                    N-H bending 78.51%; N-H out-of-plane bending 15.27%; exocyclic C-N stretching 2.51%
   39     2359.44          --                 --  C-N stretching                                                 C-N stretching 90.53%; exocyclic C-C stretching 9.29%
   40     3025.03          --                 --  mixed-phase ring-site C-H stretching                           mixed-phase ring-site C-H stretching 98.06%
   41     3031.62          --                 --  ring-site C-H stretching                                       ring-site C-H stretching 97.54%
   42     3045.67          --                 --  in-phase C-H stretching                                        in-phase C-H stretching 98.57%
   43     3086.95          --                 --  mixed-phase ring-site C-H stretching                           mixed-phase ring-site C-H stretching 99.00%
   44     3110.60          --                 --  mixed-phase C-H stretching                                     mixed-phase C-H stretching 99.21%
   45     3123.51          --                 --  mixed-phase C-H stretching                                     mixed-phase C-H stretching 98.48%
   46     3503.11          --                 --  in-phase N-H stretching                                        in-phase N-H stretching 99.87%
   47     3588.44          --                 --  opposite-phase N-H stretching                                  opposite-phase N-H stretching 99.78%

# Selected internal-coordinate set:
#   1  nu(C4-H13)
#   2  nu(C1-C2)
#   3  nu(C5-N6)
#   4  nu(C7-N8)
#   5  nu(C1-H10)
#   6  nu(C4-H14)
#   7  nu(C2-H12)
#   8  nu(N6-H16)
#   9  delta_lin1(C5-C7-N8)
#  10  nu(C1-H11)
#  11  nu(N6-H15)
#  12  nu(O3-C4)
#  13  nu(C2-O3)
#  14  delta_lin2(C5-C7-N8)
#  15  nu(C1-H9)
#  16  nu(C4-C5)
#  17  nu(C2-C5)
#  18  gamma(H16;N6,C5,H15)
#  19  tau(H9-C1-C2-H12)
#  20  delta(O3-C4-H13)
#  21  delta(H10-C1-H11)
#  22  delta(O3-C4-H14)
#  23  tau(C2-O3-C4-H14)
#  24  tau(C2-O3-C4-H13)
#  25  delta(C2-C1-H11)
#  26  delta(C5-N6-H15)
#  27  nu(C5-C7)
#  28  delta(C2-C1-H10)
#  29  delta(C2-C1-H9)
#  30  delta(C1-C2-H12)
#  31  delta(C5-N6-H16)
#  32  tau(H10-C1-C2-C5)
#  33  tau(C7-C5-N6-H16)
#  34  tau(H9-C1-C2-O3)
#  35  delta(C2-C5-N6)
#  36  delta(C1-C2-O3)
#  37  delta(O3-C4-C5)
#  38  delta(C4-C5-N6)
#  39  tau(O3-C4-C5-C7)
#  40  delta(C4-C5-C7)
#  41  tau(C1-C2-O3-C4)
#  42  tau(O3-C4-C5-C2)

Wrote: /local/scratch/mv487/qm9s/experiment_1_phase2/ped/8575/8575_summary.csv
Wrote: /local/scratch/mv487/qm9s/experiment_1_phase2/ped/8575/8575_families.csv
Wrote: /local/scratch/mv487/qm9s/experiment_1_phase2/ped/8575/8575_ped.csv
Wrote: /local/scratch/mv487/qm9s/experiment_1_phase2/ped/8575/8575_ir_transitions.csv

# All generated files are in: /local/scratch/mv487/qm9s/experiment_1_phase2/ped/8575
# Manifest: /local/scratch/mv487/qm9s/experiment_1_phase2/ped/8575/8575_manifest.txt

--- stderr ---
Normal modes/frequencies absent or incomplete: diagonalizing Hessian.
