# Contact: romi@lens.unifi.it
# Manual: https://github.com/SebRoLENS/orca-ped-analyzer/blob/main/docs/ORCA_PED_Analyzer_Manual.md
# Check GitHub for updates and new releases: https://github.com/SebRoLENS/orca-ped-analyzer
#
# Molecule: 19 atoms | non-linear
# Bonds inferred: 23 | candidate ICs: 325 | selected ICs: 51
# Cartesian-Hessian reconstruction relative error: 2.057e-05
# Energy distribution: PED (PED is the backward-compatible default; TED includes kinetic-energy terms)
# Ring/cycle bonds detected: 12 | ring atoms: 8 | ring systems: 1
# VPT2: no matching .out file supplied/found -> harmonic/PED analysis only
#
 Mode   Harm/cm-1   VPT2/cm-1  Harm.Int/km mol-1  Assignment                                                     Grouped PED
------------------------------------------------------------------------------------------------------------------------------------------------------------------------------------------------
    6      135.53          --                 --  cyclic-ring torsional/out-of-plane deformation                 cyclic-ring torsional/out-of-plane deformation 77.36%; ring-site C-H out-of-plane bending 12.33%; cyclic-ring deformation (C-C-O bend) 4.57%; cyclic-ring deformation (C-C-C bend) 3.02%
    7      175.01          --                 --  mixed cyclic-ring torsional/out-of-plane deformation / cyclic-ring out-of-plane deformation cyclic-ring torsional/out-of-plane deformation 59.73%; cyclic-ring out-of-plane deformation 16.70%; cyclic-ring deformation (C-C-C bend) 13.19%; ring-site C-H out-of-plane bending 5.35%
    8      214.03          --                 --  C-C torsion                                                    C-C torsion 85.97%; cyclic-ring torsional/out-of-plane deformation 7.11%; cyclic-ring deformation (C-C-C bend) 2.84%
    9      270.01          --                 --  mixed cyclic-ring torsional/out-of-plane deformation / ring-site C-H out-of-plane bending cyclic-ring torsional/out-of-plane deformation 57.87%; ring-site C-H out-of-plane bending 18.86%; C-C out-of-plane bending 9.19%; opposite-phase cyclic C-C stretching 5.01%
   10      323.25          --                 --  mixed cyclic-ring torsional/out-of-plane deformation / cyclic-ring deformation (C-C-C bend) cyclic-ring torsional/out-of-plane deformation 46.67%; cyclic-ring deformation (C-C-C bend) 24.15%; C-C out-of-plane bending 14.57%; C-H bending 4.86%
   11      365.08          --                 --  mixed cyclic-ring torsional/out-of-plane deformation / ring-site C-H out-of-plane bending cyclic-ring torsional/out-of-plane deformation 36.96%; ring-site C-H out-of-plane bending 29.84%; cyclic-ring deformation (C-C-O bend) 13.59%; cyclic C-C stretching 6.77%
   12      471.96          --                 --  mixed cyclic-ring torsional/out-of-plane deformation / cyclic C-C stretching cyclic-ring torsional/out-of-plane deformation 44.16%; cyclic C-C stretching 16.97%; cyclic-ring deformation (C-C-C bend) 9.35%; ring-site C-H out-of-plane bending 7.80%
   13      577.64          --                 --  mixed cyclic-ring torsional/out-of-plane deformation / cyclic-ring out-of-plane deformation cyclic-ring torsional/out-of-plane deformation 30.86%; cyclic-ring out-of-plane deformation 22.23%; cyclic-ring deformation (C-C-C bend) 12.50%; ring-site C-H out-of-plane bending 9.87%
   14      594.50          --                 --  mixed cyclic-ring torsional/out-of-plane deformation / ring-site C-H out-of-plane bending cyclic-ring torsional/out-of-plane deformation 49.98%; ring-site C-H out-of-plane bending 22.17%; mixed-phase cyclic C-C stretching 10.27%; cyclic C-O stretching 5.95%
   15      724.12          --                 --  mixed mixed-phase cyclic C-C stretching / cyclic-ring torsional/out-of-plane deformation / cyclic-ring deformation (C-C-C bend) mixed-phase cyclic C-C stretching 43.53%; cyclic-ring torsional/out-of-plane deformation 27.13%; cyclic-ring deformation (C-C-C bend) 15.98%; cyclic-ring out-of-plane deformation 6.08%
   16      767.96          --                 --  mixed cyclic-ring deformation (C-C-C bend) / C-H bending / mixed-phase cyclic C-C stretching cyclic-ring deformation (C-C-C bend) 28.87%; C-H bending 20.24%; mixed-phase cyclic C-C stretching 17.66%; cyclic-ring torsional/out-of-plane deformation 11.67%
   17      818.09          --                 --  mixed mixed-phase cyclic C-C stretching / cyclic-ring out-of-plane deformation mixed-phase cyclic C-C stretching 59.50%; cyclic-ring out-of-plane deformation 20.26%; C-C-H linear bending 6.34%; cyclic-ring torsional/out-of-plane deformation 4.78%
   18      821.35          --                 --  mixed mixed-phase cyclic C-C stretching / cyclic-ring deformation (C-C-C bend) mixed-phase cyclic C-C stretching 51.02%; cyclic-ring deformation (C-C-C bend) 18.15%; ring-site C-H out-of-plane bending 14.41%; cyclic-ring torsional/out-of-plane deformation 5.10%
   19      835.97          --                 --  mixed mixed-phase cyclic C-C stretching / cyclic-ring deformation (C-C-C bend) mixed-phase cyclic C-C stretching 42.84%; cyclic-ring deformation (C-C-C bend) 23.07%; cyclic-ring torsional/out-of-plane deformation 10.31%; ring-site C-H out-of-plane bending 5.91%
   20      848.45          --                 --  mixed mixed-phase cyclic C-C stretching / cyclic-ring torsional/out-of-plane deformation mixed-phase cyclic C-C stretching 43.82%; cyclic-ring torsional/out-of-plane deformation 15.36%; opposite-phase cyclic C-O stretching 14.33%; cyclic-ring deformation (C-C-C bend) 11.34%
   21      874.72          --                 --  mixed mixed-phase cyclic C-C stretching / mixed-phase cyclic C-O stretching mixed-phase cyclic C-C stretching 32.78%; mixed-phase cyclic C-O stretching 29.30%; cyclic-ring deformation (C-C-C bend) 14.48%; cyclic-ring torsional/out-of-plane deformation 9.09%
   22      880.68          --                 --  mixed ring-site C-H out-of-plane bending / mixed-phase cyclic C-C stretching ring-site C-H out-of-plane bending 38.16%; mixed-phase cyclic C-C stretching 33.88%; cyclic-ring out-of-plane deformation 8.26%; C-H bending 6.35%
   23      959.21          --                 --  mixed ring-site C-H out-of-plane bending / C-C-H linear bending ring-site C-H out-of-plane bending 50.80%; C-C-H linear bending 20.18%; ring-site C-H in-plane bending 17.58%; mixed-phase cyclic C-C stretching 5.29%
   24      980.28          --                 --  mixed in-phase cyclic C-O stretching / cyclic-ring torsional/out-of-plane deformation in-phase cyclic C-O stretching 37.12%; cyclic-ring torsional/out-of-plane deformation 32.45%; cyclic C-C stretching 10.07%; cyclic-ring deformation (C-C-C bend) 9.35%
   25     1016.77          --                 --  mixed cyclic-ring deformation (C-C-C bend) / ring-site C-H out-of-plane bending cyclic-ring deformation (C-C-C bend) 50.32%; ring-site C-H out-of-plane bending 14.64%; mixed-phase cyclic C-C stretching 10.30%; cyclic-ring out-of-plane deformation 8.45%
   26     1045.74          --                 --  mixed C-H bending / mixed-phase cyclic C-C stretching          C-H bending 24.21%; mixed-phase cyclic C-C stretching 18.06%; exocyclic C-C stretching 14.99%; C-C-H linear bending 11.18%
   27     1048.57          --                 --  mixed C-H bending / ring-site C-H out-of-plane bending / C-C out-of-plane bending C-H bending 41.02%; ring-site C-H out-of-plane bending 23.60%; C-C out-of-plane bending 15.62%; mixed-phase cyclic C-C stretching 7.40%
   28     1100.23          --                 --  mixed C-H bending / ring-site C-H out-of-plane bending         C-H bending 30.31%; ring-site C-H out-of-plane bending 12.61%; ring-site C-H in-plane bending 11.45%; exocyclic C-C stretching 11.29%
   29     1106.66          --                 --  mixed ring-site C-H out-of-plane bending / cyclic C-C stretching ring-site C-H out-of-plane bending 25.77%; cyclic C-C stretching 22.35%; cyclic-ring deformation (C-C-C bend) 13.91%; exocyclic C-C stretching 9.61%
   30     1108.95          --                 --  mixed ring-site C-H out-of-plane bending / ring-site C-H in-plane bending ring-site C-H out-of-plane bending 65.02%; ring-site C-H in-plane bending 31.48%
   31     1124.94          --                 --  mixed mixed-phase cyclic C-C stretching / ring-site C-H in-plane bending / cyclic-ring torsional/out-of-plane deformation mixed-phase cyclic C-C stretching 25.42%; ring-site C-H in-plane bending 17.63%; cyclic-ring torsional/out-of-plane deformation 17.56%; ring-site C-H out-of-plane bending 11.90%
   32     1128.59          --                 --  mixed ring-site C-H out-of-plane bending / mixed-phase cyclic C-C stretching ring-site C-H out-of-plane bending 48.46%; mixed-phase cyclic C-C stretching 11.85%; C-C-H linear bending 8.86%; cyclic-ring torsional/out-of-plane deformation 7.07%
   33     1135.98          --                 --  mixed ring-site C-H out-of-plane bending / C-C-H linear bending ring-site C-H out-of-plane bending 53.65%; C-C-H linear bending 12.51%; mixed-phase cyclic C-C stretching 11.51%; ring-site C-H in-plane bending 11.07%
   34     1154.84          --                 --  ring-site C-H out-of-plane bending                             ring-site C-H out-of-plane bending 78.82%; ring-site C-H in-plane bending 8.22%; in-phase cyclic C-C stretching 8.01%
   35     1164.35          --                 --  mixed ring-site C-H out-of-plane bending / mixed-phase cyclic C-C stretching ring-site C-H out-of-plane bending 50.59%; mixed-phase cyclic C-C stretching 15.45%; cyclic-ring torsional/out-of-plane deformation 9.63%; cyclic-ring deformation (C-C-C bend) 7.57%
   36     1174.64          --                 --  mixed C-C-H linear bending / ring-site C-H in-plane bending / mixed-phase cyclic C-C stretching C-C-H linear bending 29.81%; ring-site C-H in-plane bending 22.74%; mixed-phase cyclic C-C stretching 19.28%; ring-site C-H out-of-plane bending 14.03%
   37     1214.97          --                 --  mixed opposite-phase cyclic C-C stretching / cyclic-ring out-of-plane deformation opposite-phase cyclic C-C stretching 32.30%; cyclic-ring out-of-plane deformation 17.19%; C-H bending 11.64%; ring-site C-H out-of-plane bending 9.61%
   38     1235.78          --                 --  mixed ring-site C-H out-of-plane bending / mixed-phase cyclic C-C stretching ring-site C-H out-of-plane bending 37.59%; mixed-phase cyclic C-C stretching 34.28%; cyclic-ring out-of-plane deformation 7.14%; ring-site C-H in-plane bending 6.04%
   39     1242.60          --                 --  mixed C-C out-of-plane bending / cyclic-ring deformation (C-C-C bend) C-C out-of-plane bending 55.23%; cyclic-ring deformation (C-C-C bend) 10.09%; C-H bending 10.01%; mixed-phase cyclic C-C stretching 9.21%
   40     1298.16          --                 --  mixed mixed-phase cyclic C-C stretching / ring-site C-H in-plane bending / C-C-H linear bending mixed-phase cyclic C-C stretching 39.52%; ring-site C-H in-plane bending 19.43%; C-C-H linear bending 15.62%; ring-site C-H out-of-plane bending 9.60%
   41     1404.56          --                 --  C-H bending                                                    C-H bending 78.37%; in-phase cyclic C-C stretching 11.76%; cyclic-ring torsional/out-of-plane deformation 4.83%
   42     1420.72          --                 --  C-H bending                                                    C-H bending 89.04%; exocyclic C-C stretching 7.27%
   43     1462.11          --                 --  mixed mixed-phase cyclic C-C stretching / ring-site C-H out-of-plane bending mixed-phase cyclic C-C stretching 45.13%; ring-site C-H out-of-plane bending 29.55%; ring-site C-H in-plane bending 10.49%; cyclic C-O stretching 5.98%
   44     1497.38          --                 --  C-H bending                                                    C-H bending 98.85%
   45     1503.15          --                 --  C-H bending                                                    C-H bending 97.57%
   46     1548.67          --                 --  mixed mixed-phase cyclic C-C stretching / ring-site C-H out-of-plane bending mixed-phase cyclic C-C stretching 41.35%; ring-site C-H out-of-plane bending 39.18%; in-phase cyclic C-O stretching 8.40%; ring-site C-H in-plane bending 7.46%
   47     3018.94          --                 --  ring-site C-H stretching                                       ring-site C-H stretching 87.67%; in-phase C-H stretching 11.17%
   48     3024.35          --                 --  in-phase C-H stretching                                        in-phase C-H stretching 90.33%; ring-site C-H stretching 9.22%
   49     3079.20          --                 --  opposite-phase C-H stretching                                  opposite-phase C-H stretching 99.55%
   50     3082.62          --                 --  in-phase ring-site C-H stretching                              in-phase ring-site C-H stretching 99.34%
   51     3088.94          --                 --  mixed ring-site C-H stretching / mixed-phase C-H stretching    ring-site C-H stretching 62.96%; mixed-phase C-H stretching 35.80%
   52     3090.78          --                 --  mixed mixed-phase C-H stretching / ring-site C-H stretching    mixed-phase C-H stretching 60.39%; ring-site C-H stretching 38.73%
   53     3103.62          --                 --  mixed-phase ring-site C-H stretching                           mixed-phase ring-site C-H stretching 98.38%
   54     3119.71          --                 --  mixed-phase ring-site C-H stretching                           mixed-phase ring-site C-H stretching 98.63%
   55     3130.10          --                 --  ring-site C-H stretching                                       ring-site C-H stretching 97.96%
   56     3166.05          --                 --  opposite-phase ring-site C-H stretching                        opposite-phase ring-site C-H stretching 99.37%

# Selected internal-coordinate set:
#   1  nu(C1-C2)
#   2  nu(C3-C4)
#   3  nu(C6-C7)
#   4  nu(C8-O9)
#   5  nu(C5-H16)
#   6  nu(C4-C7)
#   7  nu(C3-C6)
#   8  nu(C2-H13)
#   9  nu(C1-H12)
#  10  nu(C8-H18)
#  11  delta_lin1(C3-C5-H16)
#  12  nu(C1-H11)
#  13  delta_lin2(C3-C5-H16)
#  14  gamma(H19;C8,O9,H18)
#  15  gamma(H17;C6,C3,C7)
#  16  gamma(H15;C4,C3,C7)
#  17  nu(C1-H10)
#  18  nu(C3-H14)
#  19  gamma(C5;C2,C1,H13)
#  20  nu(C8-H19)
#  21  nu(C6-H17)
#  22  nu(C4-H15)
#  23  nu(C7-O9)
#  24  delta(H11-C1-H12)
#  25  delta(O9-C8-H18)
#  26  delta(H10-C1-H12)
#  27  delta(H10-C1-H11)
#  28  tau(C3-C4-C7-O9)
#  29  delta(C6-C3-H14)
#  30  delta(C1-C2-H13)
#  31  delta(C4-C7-O9)
#  32  delta(C4-C3-H14)
#  33  gamma(H19;C8,C7,O9)
#  34  tau(C2-C5-C6-H17)
#  35  tau(H15-C4-C5-C2)
#  36  delta(C4-C5-C6)
#  37  delta(C2-C1-H10)
#  38  nu(C2-C5)
#  39  gamma(C4;C3,C2,C5)
#  40  delta(C2-C1-H12)
#  41  nu(C5-C6)
#  42  nu(C2-C3)
#  43  tau(H12-C1-C2-C3)
#  44  tau(C6-C7-C8-H19)
#  45  tau(C2-C3-C4-C7)
#  46  nu(C7-C8)
#  47  delta(C2-C3-C4)
#  48  tau(C1-C2-C5-C6)
#  49  tau(C1-C2-C3-C6)
#  50  delta(C4-C7-C8)
#  51  tau(C7-C4-C5-C2)

Wrote: /local/scratch/mv487/qm9s/experiment_1_phase2/ped/72505/72505_summary.csv
Wrote: /local/scratch/mv487/qm9s/experiment_1_phase2/ped/72505/72505_families.csv
Wrote: /local/scratch/mv487/qm9s/experiment_1_phase2/ped/72505/72505_ped.csv
Wrote: /local/scratch/mv487/qm9s/experiment_1_phase2/ped/72505/72505_ir_transitions.csv

# All generated files are in: /local/scratch/mv487/qm9s/experiment_1_phase2/ped/72505
# Manifest: /local/scratch/mv487/qm9s/experiment_1_phase2/ped/72505/72505_manifest.txt

--- stderr ---
Normal modes/frequencies absent or incomplete: diagonalizing Hessian.
