# Contact: romi@lens.unifi.it
# Manual: https://github.com/SebRoLENS/orca-ped-analyzer/blob/main/docs/ORCA_PED_Analyzer_Manual.md
# Check GitHub for updates and new releases: https://github.com/SebRoLENS/orca-ped-analyzer
#
# Molecule: 15 atoms | non-linear
# Bonds inferred: 17 | candidate ICs: 146 | selected ICs: 39
# Cartesian-Hessian reconstruction relative error: 2.310e-05
# Energy distribution: PED (PED is the backward-compatible default; TED includes kinetic-energy terms)
# Ring/cycle bonds detected: 11 | ring atoms: 9 | ring systems: 1
# VPT2: no matching .out file supplied/found -> harmonic/PED analysis only
#
 Mode   Harm/cm-1   VPT2/cm-1  Harm.Int/km mol-1  Assignment                                                     Grouped PED
------------------------------------------------------------------------------------------------------------------------------------------------------------------------------------------------
    6      158.15          --                 --  mixed cyclic-ring torsional/out-of-plane deformation / ring-site C-H out-of-plane bending / cyclic-ring torsional/out-of-plane deformation cyclic-ring torsional/out-of-plane deformation 37.82%; ring-site C-H out-of-plane bending 31.95%; cyclic-ring torsional/out-of-plane deformation 15.06%; cyclic-ring deformation (O-C-C bend) 7.37%
    7      238.31          --                 --  mixed ring-site C-H out-of-plane bending / cyclic-ring torsional/out-of-plane deformation ring-site C-H out-of-plane bending 48.50%; cyclic-ring torsional/out-of-plane deformation 37.90%; ring-site N-H out-of-plane bending 4.40%; ring-site C-H in-plane bending 4.35%
    8      358.79          --                 --  ring-site C-H out-of-plane bending                             ring-site C-H out-of-plane bending 70.71%; cyclic-ring out-of-plane deformation 13.57%; ring-site C-H in-plane bending 4.77%; ring-site N-H out-of-plane bending 3.53%
    9      438.25          --                 --  mixed cyclic-ring out-of-plane deformation / ring-site C-H out-of-plane bending cyclic-ring out-of-plane deformation 22.39%; ring-site C-H out-of-plane bending 17.59%; mixed-phase cyclic C-C stretching 12.17%; cyclic-ring deformation (O-C-C bend) 11.83%
   10      450.78          --                 --  mixed cyclic-ring out-of-plane deformation / ring-site N-H out-of-plane bending cyclic-ring out-of-plane deformation 44.07%; ring-site N-H out-of-plane bending 31.50%; cyclic-ring deformation (O-C-C bend) 8.46%; cyclic-ring deformation (C-C-C bend) 5.77%
   11      475.94          --                 --  mixed cyclic-ring out-of-plane deformation / ring-site N-H out-of-plane bending cyclic-ring out-of-plane deformation 52.89%; ring-site N-H out-of-plane bending 44.72%
   12      616.94          --                 --  mixed cyclic C-C stretching / ring-site C-H out-of-plane bending / cyclic-ring out-of-plane deformation cyclic C-C stretching 25.01%; ring-site C-H out-of-plane bending 23.37%; cyclic-ring out-of-plane deformation 18.59%; opposite-phase cyclic C-O stretching 8.33%
   13      646.28          --                 --  ring-site N-H out-of-plane bending                             ring-site N-H out-of-plane bending 80.26%; cyclic-ring out-of-plane deformation 6.81%; cyclic-ring torsional/out-of-plane deformation 5.06%; cyclic C-C stretching 2.81%
   14      713.28          --                 --  mixed cyclic-ring torsional/out-of-plane deformation / cyclic-ring deformation (C-C-C bend) / ring-site N-H out-of-plane bending cyclic-ring torsional/out-of-plane deformation 22.16%; cyclic-ring deformation (C-C-C bend) 18.38%; ring-site N-H out-of-plane bending 16.98%; cyclic-ring deformation (N-C-C bend) 11.31%
   15      750.31          --                 --  mixed cyclic-ring torsional/out-of-plane deformation / ring-site C-H out-of-plane bending cyclic-ring torsional/out-of-plane deformation 20.58%; ring-site C-H out-of-plane bending 14.82%; cyclic-ring deformation (O-C-C bend) 13.33%; ring-site C-H in-plane bending 12.84%
   16      776.76          --                 --  mixed mixed-phase cyclic C-O stretching / cyclic C-C stretching mixed-phase cyclic C-O stretching 29.33%; cyclic C-C stretching 22.02%; ring-site C-H out-of-plane bending 13.28%; cyclic-ring torsional/out-of-plane deformation 8.73%
   17      795.44          --                 --  ring-site C-H out-of-plane bending                             ring-site C-H out-of-plane bending 82.95%; cyclic-ring out-of-plane deformation 4.97%; ring-site C-H in-plane bending 4.66%; cyclic-ring torsional/out-of-plane deformation 3.56%
   18      841.55          --                 --  mixed cyclic C-O stretching / cyclic C-C stretching / ring-site C-H out-of-plane bending cyclic C-O stretching 40.61%; cyclic C-C stretching 30.74%; ring-site C-H out-of-plane bending 18.60%; ring-site C-H in-plane bending 6.67%
   19      853.30          --                 --  mixed cyclic-ring out-of-plane deformation / cyclic-ring deformation (O-C-C bend) cyclic-ring out-of-plane deformation 28.30%; cyclic-ring deformation (O-C-C bend) 15.88%; in-phase cyclic C-C stretching 13.47%; mixed-phase cyclic C-O stretching 13.18%
   20      899.03          --                 --  mixed cyclic C-C stretching / cyclic C-O stretching / ring-site C-H in-plane bending cyclic C-C stretching 33.91%; cyclic C-O stretching 20.90%; ring-site C-H in-plane bending 18.63%; cyclic-ring out-of-plane deformation 10.58%
   21      973.73          --                 --  mixed cyclic-ring deformation (N-N-C bend) / ring-site C-H in-plane bending cyclic-ring deformation (N-N-C bend) 46.65%; ring-site C-H in-plane bending 18.48%; cyclic C-C stretching 11.95%; ring-site C-H out-of-plane bending 5.28%
   22      988.74          --                 --  mixed ring-site C-H in-plane bending / ring-site C-H out-of-plane bending / cyclic-ring out-of-plane deformation ring-site C-H in-plane bending 30.92%; ring-site C-H out-of-plane bending 20.69%; cyclic-ring out-of-plane deformation 17.29%; cyclic C-C stretching 15.17%
   23     1026.53          --                 --  mixed ring-site C-H in-plane bending / cyclic-ring out-of-plane deformation / ring-site C-H out-of-plane bending ring-site C-H in-plane bending 37.81%; cyclic-ring out-of-plane deformation 27.73%; ring-site C-H out-of-plane bending 16.66%; cyclic C-O stretching 9.31%
   24     1047.40          --                 --  mixed cyclic N-N stretching / ring-site C-H in-plane bending / mixed-phase cyclic C-N stretching cyclic N-N stretching 33.27%; ring-site C-H in-plane bending 22.82%; mixed-phase cyclic C-N stretching 17.86%; cyclic-ring deformation (N-N-C bend) 16.00%
   25     1102.65          --                 --  mixed cyclic-ring out-of-plane deformation / ring-site C-H in-plane bending cyclic-ring out-of-plane deformation 63.32%; ring-site C-H in-plane bending 17.41%; opposite-phase cyclic C-C stretching 7.43%; ring-site C-H out-of-plane bending 5.07%
   26     1131.50          --                 --  mixed mixed-phase cyclic C-C stretching / cyclic N-N stretching mixed-phase cyclic C-C stretching 19.09%; cyclic N-N stretching 16.79%; ring-site N-H in-plane bending 13.85%; ring-site C-H in-plane bending 13.34%
   27     1177.46          --                 --  mixed cyclic C-N stretching / ring-site C-H in-plane bending / cyclic N-N stretching cyclic C-N stretching 25.99%; ring-site C-H in-plane bending 25.59%; cyclic N-N stretching 21.21%; mixed-phase cyclic C-C stretching 18.06%
   28     1198.10          --                 --  mixed ring-site C-H in-plane bending / ring-site C-H out-of-plane bending ring-site C-H in-plane bending 69.23%; ring-site C-H out-of-plane bending 23.26%; cyclic-ring out-of-plane deformation 4.42%
   29     1238.23          --                 --  mixed mixed-phase cyclic C-C stretching / ring-site C-H in-plane bending / ring-site C-H out-of-plane bending mixed-phase cyclic C-C stretching 30.15%; ring-site C-H in-plane bending 29.11%; ring-site C-H out-of-plane bending 18.18%; cyclic-ring out-of-plane deformation 9.88%
   30     1270.20          --                 --  mixed ring-site C-H in-plane bending / ring-site C-H out-of-plane bending ring-site C-H in-plane bending 51.31%; ring-site C-H out-of-plane bending 32.88%; mixed-phase cyclic C-C stretching 6.08%; cyclic-ring out-of-plane deformation 2.65%
   31     1310.38          --                 --  mixed ring-site C-H in-plane bending / mixed-phase cyclic C-C stretching ring-site C-H in-plane bending 62.29%; mixed-phase cyclic C-C stretching 11.76%; in-phase cyclic C-N stretching 11.46%; cyclic-ring out-of-plane deformation 8.18%
   32     1316.64          --                 --  mixed ring-site C-H in-plane bending / mixed-phase cyclic C-C stretching ring-site C-H in-plane bending 39.04%; mixed-phase cyclic C-C stretching 17.00%; ring-site C-H out-of-plane bending 14.92%; cyclic-ring deformation (N-N-C bend) 10.28%
   33     1379.03          --                 --  mixed mixed-phase cyclic C-C stretching / ring-site C-H in-plane bending mixed-phase cyclic C-C stretching 37.86%; ring-site C-H in-plane bending 24.16%; in-phase cyclic C-O stretching 13.67%; cyclic-ring out-of-plane deformation 11.04%
   34     1431.81          --                 --  mixed mixed-phase cyclic C-C stretching / ring-site C-H in-plane bending mixed-phase cyclic C-C stretching 42.33%; ring-site C-H in-plane bending 14.84%; ring-site C-H out-of-plane bending 12.78%; cyclic-ring deformation (N-C-C bend) 10.70%
   35     1467.01          --                 --  mixed ring-site N-H in-plane bending / cyclic C-N stretching   ring-site N-H in-plane bending 51.26%; cyclic C-N stretching 20.11%; ring-site C-H out-of-plane bending 9.82%; cyclic N-N stretching 5.47%
   36     1478.20          --                 --  mixed ring-site C-H out-of-plane bending / ring-site C-H in-plane bending ring-site C-H out-of-plane bending 64.15%; ring-site C-H in-plane bending 28.68%; cyclic C-C stretching 3.33%
   37     1510.34          --                 --  mixed mixed-phase cyclic C-C stretching / cyclic C-N stretching mixed-phase cyclic C-C stretching 46.33%; cyclic C-N stretching 33.82%; ring-site C-H in-plane bending 6.09%; cyclic-ring deformation (N-C-C bend) 5.54%
   38     1626.38          --                 --  mixed mixed-phase cyclic C-C stretching / cyclic C-N stretching mixed-phase cyclic C-C stretching 45.39%; cyclic C-N stretching 18.88%; cyclic-ring deformation (C-C-C bend) 13.75%; cyclic-ring deformation (N-C-C bend) 10.26%
   39     3038.37          --                 --  ring-site C-H stretching                                       ring-site C-H stretching 99.29%
   40     3074.82          --                 --  mixed-phase ring-site C-H stretching                           mixed-phase ring-site C-H stretching 99.25%
   41     3148.80          --                 --  ring-site C-H stretching                                       ring-site C-H stretching 98.85%
   42     3183.86          --                 --  ring-site C-H stretching                                       ring-site C-H stretching 98.97%
   43     3258.38          --                 --  ring-site C-H stretching                                       ring-site C-H stretching 98.87%
   44     3661.94          --                 --  ring-site N-H stretching                                       ring-site N-H stretching 99.07%

# Selected internal-coordinate set:
#   1  nu(C1-C9)
#   2  nu(C2-O3)
#   3  nu(C4-C5)
#   4  nu(N6-N7)
#   5  nu(C8-H15)
#   6  nu(C1-H11)
#   7  nu(C2-H12)
#   8  nu(N7-H14)
#   9  nu(C5-C9)
#  10  gamma(C8;N7,N6,H14)
#  11  tau(N6-C5-C9-C8)
#  12  nu(C4-H13)
#  13  nu(C1-H10)
#  14  tau(H15-C8-C9-C5)
#  15  gamma(C1;C2,O3,H12)
#  16  gamma(O3;C4,C5,H13)
#  17  delta(C9-C8-H15)
#  18  nu(C5-N6)
#  19  delta(O3-C2-H12)
#  20  nu(O3-C4)
#  21  gamma(H11;C1,C9,H10)
#  22  tau(N6-C5-C9-C1)
#  23  delta(N6-N7-H14)
#  24  nu(C8-C9)
#  25  delta(C5-C4-H13)
#  26  tau(H11-C1-C2-O3)
#  27  delta(C9-C1-H10)
#  28  delta(O3-C4-C5)
#  29  delta(N6-N7-C8)
#  30  gamma(C1;C2,O3,C4)
#  31  nu(N7-C8)
#  32  nu(C1-C2)
#  33  delta(C2-C1-H10)
#  34  delta(C1-C9-C5)
#  35  tau(C4-C5-N6-N7)
#  36  nu(C2-C4)
#  37  delta(N6-C5-C9)
#  38  tau(C5-N6-N7-H14)
#  39  tau(H10-C1-C2-C4)

Wrote: /local/scratch/mv487/qm9s/experiment_1_phase2/ped/114363/114363_summary.csv
Wrote: /local/scratch/mv487/qm9s/experiment_1_phase2/ped/114363/114363_families.csv
Wrote: /local/scratch/mv487/qm9s/experiment_1_phase2/ped/114363/114363_ped.csv
Wrote: /local/scratch/mv487/qm9s/experiment_1_phase2/ped/114363/114363_ir_transitions.csv

# All generated files are in: /local/scratch/mv487/qm9s/experiment_1_phase2/ped/114363
# Manifest: /local/scratch/mv487/qm9s/experiment_1_phase2/ped/114363/114363_manifest.txt

--- stderr ---
Normal modes/frequencies absent or incomplete: diagonalizing Hessian.
