# Contact: romi@lens.unifi.it
# Manual: https://github.com/SebRoLENS/orca-ped-analyzer/blob/main/docs/ORCA_PED_Analyzer_Manual.md
# Check GitHub for updates and new releases: https://github.com/SebRoLENS/orca-ped-analyzer
#
# Molecule: 18 atoms | non-linear
# Bonds inferred: 18 | candidate ICs: 120 | selected ICs: 48
# Cartesian-Hessian reconstruction relative error: 1.770e-05
# Energy distribution: PED (PED is the backward-compatible default; TED includes kinetic-energy terms)
# Ring/cycle bonds detected: 5 | ring atoms: 5 | ring systems: 1
# VPT2: no matching .out file supplied/found -> harmonic/PED analysis only
#
 Mode   Harm/cm-1   VPT2/cm-1  Harm.Int/km mol-1  Assignment                                                     Grouped PED
------------------------------------------------------------------------------------------------------------------------------------------------------------------------------------------------
    6       45.94          --                 --  C-O torsion                                                    C-O torsion 84.88%; C-C torsion 13.61%
    7       85.18          --                 --  C-O torsion                                                    C-O torsion 98.31%
    8      142.07          --                 --  mixed C-O torsion / cyclic-ring torsional/out-of-plane deformation C-O torsion 65.24%; cyclic-ring torsional/out-of-plane deformation 12.41%; C-C torsion 11.50%; C-O-C bending 4.03%
    9      191.85          --                 --  mixed C-N torsion / N-H bending                                C-N torsion 55.23%; N-H bending 12.76%; cyclic-ring torsional/out-of-plane deformation 7.76%; O-C-N bending 5.66%
   10      257.92          --                 --  C-C torsion                                                    C-C torsion 97.54%
   11      272.13          --                 --  mixed C-C torsion / C-O torsion                                C-C torsion 43.88%; C-O torsion 18.88%; O-C-N bending 10.62%; N-C-N bending 7.43%
   12      287.65          --                 --  C-C torsion                                                    C-C torsion 73.32%; C-O torsion 11.14%; cyclic-ring torsional/out-of-plane deformation 10.86%
   13      350.97          --                 --  mixed C-C torsion / C-C-O bending                              C-C torsion 43.18%; C-C-O bending 14.83%; cyclic-ring torsional/out-of-plane deformation 9.97%; C-O torsion 9.30%
   14      426.16          --                 --  mixed ring-site N-H out-of-plane bending / cyclic-ring torsional/out-of-plane deformation ring-site N-H out-of-plane bending 65.39%; cyclic-ring torsional/out-of-plane deformation 25.52%; C-C-O bending 2.34%; ring-site N-H in-plane bending 2.05%
   15      485.18          --                 --  mixed C-C-O bending / C-O torsion                              C-C-O bending 29.86%; C-O torsion 15.15%; C-H bending 14.56%; O-C-N bending 8.23%
   16      497.77          --                 --  mixed C-C torsion / C-O torsion / N-C-N bending                C-C torsion 21.23%; C-O torsion 20.10%; N-C-N bending 17.78%; O-C-N bending 14.35%
   17      614.46          --                 --  mixed N-H out-of-plane bending / N-H bending                   N-H out-of-plane bending 31.48%; N-H bending 18.09%; cyclic-ring torsional/out-of-plane deformation 14.01%; cyclic-ring deformation (C-C-N bend) 11.50%
   18      655.23          --                 --  mixed N-H out-of-plane bending / N-H bending                   N-H out-of-plane bending 48.52%; N-H bending 25.35%; cyclic-ring torsional/out-of-plane deformation 14.45%; exocyclic C-N stretching 3.61%
   19      672.57          --                 --  mixed N-H out-of-plane bending / cyclic-ring torsional/out-of-plane deformation N-H out-of-plane bending 21.46%; cyclic-ring torsional/out-of-plane deformation 16.63%; C-C torsion 13.38%; N-H bending 11.82%
   20      717.22          --                 --  mixed cyclic-ring torsional/out-of-plane deformation / N-H out-of-plane bending cyclic-ring torsional/out-of-plane deformation 52.43%; N-H out-of-plane bending 23.30%; N-H bending 10.60%; exocyclic C-N stretching 6.51%
   21      753.71          --                 --  mixed C-C torsion / cyclic-ring deformation (C-C-N bend)       C-C torsion 14.97%; cyclic-ring deformation (C-C-N bend) 12.41%; cyclic C-N stretching 9.59%; exocyclic C-N stretching 9.23%
   22      770.99          --                 --  mixed ring-site C-H out-of-plane bending / cyclic-ring torsional/out-of-plane deformation ring-site C-H out-of-plane bending 64.14%; cyclic-ring torsional/out-of-plane deformation 16.65%; C-C torsion 4.50%; N-H out-of-plane bending 2.81%
   23      822.41          --                 --  mixed C-H bending / C-C torsion                                C-H bending 53.31%; C-C torsion 22.40%; C-O torsion 18.73%; C-O-C bending 2.06%
   24      881.22          --                 --  mixed C-H bending / C-O stretching / C-C stretching            C-H bending 31.09%; C-O stretching 31.08%; C-C stretching 17.67%; C-C torsion 8.38%
   25      954.36          --                 --  cyclic-ring deformation (N-C-N bend)                           cyclic-ring deformation (N-C-N bend) 74.67%; ring-site N-H in-plane bending 7.87%; cyclic C-C stretching 7.00%; cyclic-ring deformation (C-C-N bend) 3.76%
   26     1023.48          --                 --  mixed C-C stretching / C-O stretching                          C-C stretching 38.25%; C-O stretching 36.34%; cyclic C-N stretching 8.50%; C-H bending 6.31%
   27     1051.64          --                 --  mixed N-H bending / mixed-phase cyclic C-N stretching          N-H bending 39.59%; mixed-phase cyclic C-N stretching 32.57%; C-O stretching 6.40%; C-C stretching 4.88%
   28     1107.59          --                 --  mixed C-H bending / C-C stretching                             C-H bending 53.30%; C-C stretching 13.07%; C-C-O bending 10.26%; C-C torsion 7.56%
   29     1114.98          --                 --  mixed cyclic C-N stretching / ring-site N-H in-plane bending   cyclic C-N stretching 40.62%; ring-site N-H in-plane bending 25.26%; C-H bending 11.39%; ring-site C-H in-plane bending 4.66%
   30     1183.83          --                 --  mixed C-C torsion / cyclic C-N stretching / C-H bending        C-C torsion 24.71%; cyclic C-N stretching 22.72%; C-H bending 16.78%; ring-site C-H in-plane bending 9.92%
   31     1197.82          --                 --  mixed C-C torsion / C-H bending                                C-C torsion 41.69%; C-H bending 27.08%; cyclic C-N stretching 6.60%; C-O torsion 5.61%
   32     1272.14          --                 --  mixed exocyclic C-O stretching / mixed-phase cyclic C-N stretching / N-H bending exocyclic C-O stretching 24.71%; mixed-phase cyclic C-N stretching 19.59%; N-H bending 15.65%; cyclic-ring deformation (C-C-N bend) 7.73%
   33     1317.59          --                 --  mixed cyclic C-N stretching / ring-site C-H in-plane bending / C-H bending cyclic C-N stretching 31.10%; ring-site C-H in-plane bending 22.19%; C-H bending 17.83%; N-H bending 11.46%
   34     1329.83          --                 --  mixed C-H bending / C-C torsion                                C-H bending 46.74%; C-C torsion 18.19%; cyclic C-N stretching 9.86%; N-H bending 7.55%
   35     1379.99          --                 --  mixed mixed-phase cyclic C-N stretching / C-H bending          mixed-phase cyclic C-N stretching 35.99%; C-H bending 16.28%; N-H bending 11.38%; cyclic-ring deformation (N-C-N bend) 8.98%
   36     1404.04          --                 --  mixed C-H bending / mixed-phase cyclic C-N stretching          C-H bending 63.75%; mixed-phase cyclic C-N stretching 12.07%; ring-site N-H in-plane bending 5.66%; cyclic-ring deformation (N-C-N bend) 5.09%
   37     1420.01          --                 --  C-H bending                                                    C-H bending 72.12%; C-C stretching 7.75%; C-C torsion 4.66%; cyclic C-N stretching 4.39%
   38     1477.25          --                 --  mixed mixed-phase cyclic C-N stretching / ring-site N-H in-plane bending / cyclic-ring deformation (C-C-N bend) mixed-phase cyclic C-N stretching 40.37%; ring-site N-H in-plane bending 17.27%; cyclic-ring deformation (C-C-N bend) 16.02%; exocyclic C-O stretching 5.71%
   39     1489.64          --                 --  mixed C-C torsion / C-H bending                                C-C torsion 55.94%; C-H bending 43.35%
   40     1497.81          --                 --  mixed C-H bending / C-C torsion                                C-H bending 53.42%; C-C torsion 19.83%; C-O torsion 18.77%
   41     1507.58          --                 --  mixed mixed-phase cyclic C-N stretching / ring-site C-H in-plane bending mixed-phase cyclic C-N stretching 54.38%; ring-site C-H in-plane bending 20.73%; C-C torsion 6.19%; exocyclic C-N stretching 3.82%
   42     1517.35          --                 --  mixed C-C torsion / C-H bending                                C-C torsion 54.45%; C-H bending 25.87%; mixed-phase cyclic C-N stretching 4.55%; C-O torsion 4.43%
   43     1636.77          --                 --  N-H bending                                                    N-H bending 72.30%; cyclic C-C stretching 8.98%; N-H out-of-plane bending 5.72%; exocyclic C-O stretching 3.59%
   44     1672.97          --                 --  mixed cyclic C-C stretching / exocyclic C-N stretching         cyclic C-C stretching 45.25%; exocyclic C-N stretching 15.13%; cyclic-ring deformation (C-C-N bend) 9.47%; exocyclic C-O stretching 8.46%
   45     3020.48          --                 --  C-H stretching                                                 C-H stretching 99.45%
   46     3034.19          --                 --  in-phase C-H stretching                                        in-phase C-H stretching 99.72%
   47     3091.29          --                 --  mixed-phase C-H stretching                                     mixed-phase C-H stretching 98.78%
   48     3098.36          --                 --  mixed-phase C-H stretching                                     mixed-phase C-H stretching 99.62%
   49     3115.35          --                 --  mixed-phase C-H stretching                                     mixed-phase C-H stretching 99.59%
   50     3247.71          --                 --  ring-site C-H stretching                                       ring-site C-H stretching 98.24%
   51     3552.51          --                 --  in-phase N-H stretching                                        in-phase N-H stretching 99.82%
   52     3650.36          --                 --  ring-site N-H stretching                                       ring-site N-H stretching 98.87%
   53     3653.71          --                 --  opposite-phase N-H stretching                                  opposite-phase N-H stretching 99.19%

# Selected internal-coordinate set:
#   1  nu(C1-C2)
#   2  nu(O3-C4)
#   3  nu(C5-N6)
#   4  nu(N7-C8)
#   5  nu(N9-H18)
#   6  nu(C1-H12)
#   7  nu(C2-H14)
#   8  nu(N6-H16)
#   9  nu(C1-H10)
#  10  nu(C2-H13)
#  11  tau(O3-C4-N9-H18)
#  12  tau(C5-N7-C8-H17)
#  13  nu(C8-H17)
#  14  nu(C5-N7)
#  15  nu(N6-H15)
#  16  tau(C4-C5-N7-C8)
#  17  delta(C4-N9-H18)
#  18  nu(C1-H11)
#  19  tau(H13-C2-O3-C4)
#  20  nu(C2-O3)
#  21  gamma(H16;N6,C5,H15)
#  22  delta(N7-C8-H17)
#  23  tau(H10-C1-C2-H14)
#  24  nu(C4-N9)
#  25  delta(H11-C1-H12)
#  26  delta(C1-C2-H14)
#  27  delta(C5-N6-H15)
#  28  nu(C4-C5)
#  29  tau(O3-C4-C5-N7)
#  30  delta(C2-C1-H11)
#  31  delta(C2-C1-H10)
#  32  delta(C2-C1-H12)
#  33  delta(O3-C2-H13)
#  34  tau(N6-C5-N7-C8)
#  35  delta(C5-N6-H16)
#  36  tau(C1-C2-O3-C4)
#  37  delta(N7-C8-N9)
#  38  nu(C8-N9)
#  39  tau(H12-C1-C2-H14)
#  40  delta(C4-C5-N7)
#  41  tau(N7-C5-N6-H15)
#  42  delta(C1-C2-O3)
#  43  tau(C5-C4-N9-C8)
#  44  tau(H12-C1-C2-O3)
#  45  delta(N6-C5-N7)
#  46  delta(C2-O3-C4)
#  47  delta(O3-C4-N9)
#  48  tau(C2-O3-C4-N9)

Wrote: /local/scratch/mv487/qm9s/experiment_1_phase2/ped/29791/29791_summary.csv
Wrote: /local/scratch/mv487/qm9s/experiment_1_phase2/ped/29791/29791_families.csv
Wrote: /local/scratch/mv487/qm9s/experiment_1_phase2/ped/29791/29791_ped.csv
Wrote: /local/scratch/mv487/qm9s/experiment_1_phase2/ped/29791/29791_ir_transitions.csv

# All generated files are in: /local/scratch/mv487/qm9s/experiment_1_phase2/ped/29791
# Manifest: /local/scratch/mv487/qm9s/experiment_1_phase2/ped/29791/29791_manifest.txt

--- stderr ---
Normal modes/frequencies absent or incomplete: diagonalizing Hessian.
