# Contact: romi@lens.unifi.it
# Manual: https://github.com/SebRoLENS/orca-ped-analyzer/blob/main/docs/ORCA_PED_Analyzer_Manual.md
# Check GitHub for updates and new releases: https://github.com/SebRoLENS/orca-ped-analyzer
#
# Molecule: 23 atoms | non-linear
# Bonds inferred: 24 | candidate ICs: 253 | selected ICs: 63
# Cartesian-Hessian reconstruction relative error: 4.790e-05
# Energy distribution: PED (PED is the backward-compatible default; TED includes kinetic-energy terms)
# Ring/cycle bonds detected: 7 | ring atoms: 6 | ring systems: 1
# VPT2: no matching .out file supplied/found -> harmonic/PED analysis only
#
 Mode   Harm/cm-1   VPT2/cm-1  Harm.Int/km mol-1  Assignment                                                     Grouped PED
------------------------------------------------------------------------------------------------------------------------------------------------------------------------------------------------
    6      161.00          --                 --  C-C torsion                                                    C-C torsion 92.56%; cyclic-ring torsional/out-of-plane deformation 3.19%
    7      181.66          --                 --  C-C torsion                                                    C-C torsion 84.67%; cyclic-ring torsional/out-of-plane deformation 5.22%; C-O torsion 4.74%
    8      213.28          --                 --  C-C torsion                                                    C-C torsion 74.84%; cyclic-ring torsional/out-of-plane deformation 12.41%; C-O torsion 5.10%; cyclic-ring out-of-plane deformation 3.14%
    9      224.07          --                 --  C-O torsion                                                    C-O torsion 81.10%; C-C torsion 6.59%; cyclic-ring torsional/out-of-plane deformation 5.95%; cyclic-ring out-of-plane deformation 2.54%
   10      239.40          --                 --  C-O torsion                                                    C-O torsion 95.89%; cyclic-ring torsional/out-of-plane deformation 2.27%
   11      242.77          --                 --  C-O torsion                                                    C-O torsion 93.36%; cyclic-ring torsional/out-of-plane deformation 4.47%
   12      264.22          --                 --  C-O torsion                                                    C-O torsion 74.42%; cyclic-ring torsional/out-of-plane deformation 14.40%; cyclic-ring deformation (C-C-C bend) 4.76%
   13      319.72          --                 --  mixed cyclic-ring torsional/out-of-plane deformation / cyclic-ring deformation (C-C-C bend) cyclic-ring torsional/out-of-plane deformation 45.64%; cyclic-ring deformation (C-C-C bend) 15.99%; C-C torsion 11.08%; C-O torsion 10.77%
   14      401.81          --                 --  mixed cyclic-ring torsional/out-of-plane deformation / O-C-C bending cyclic-ring torsional/out-of-plane deformation 36.07%; O-C-C bending 22.67%; cyclic-ring deformation (C-C-C bend) 10.47%; C-C out-of-plane bending 8.45%
   15      471.47          --                 --  mixed cyclic-ring torsional/out-of-plane deformation / cyclic-ring deformation (C-C-C bend) / ring-site C-H out-of-plane bending cyclic-ring torsional/out-of-plane deformation 24.94%; cyclic-ring deformation (C-C-C bend) 23.07%; ring-site C-H out-of-plane bending 22.56%; C-O torsion 7.05%
   16      478.34          --                 --  mixed cyclic-ring torsional/out-of-plane deformation / cyclic-ring deformation (C-C-C bend) cyclic-ring torsional/out-of-plane deformation 30.02%; cyclic-ring deformation (C-C-C bend) 26.04%; cyclic C-C stretching 13.19%; exocyclic C-C stretching 9.23%
   17      599.15          --                 --  mixed cyclic-ring torsional/out-of-plane deformation / cyclic-ring deformation (C-C-C bend) cyclic-ring torsional/out-of-plane deformation 35.32%; cyclic-ring deformation (C-C-C bend) 20.51%; ring-site C-H out-of-plane bending 8.67%; cyclic C-C stretching 7.85%
   18      690.25          --                 --  mixed cyclic-ring deformation (C-C-C bend) / cyclic-ring out-of-plane deformation cyclic-ring deformation (C-C-C bend) 41.40%; cyclic-ring out-of-plane deformation 14.38%; cyclic-ring torsional/out-of-plane deformation 9.71%; ring-site C-H out-of-plane bending 7.97%
   19      731.39          --                 --  mixed cyclic-ring out-of-plane deformation / mixed-phase cyclic C-C stretching / cyclic-ring torsional/out-of-plane deformation cyclic-ring out-of-plane deformation 26.59%; mixed-phase cyclic C-C stretching 20.76%; cyclic-ring torsional/out-of-plane deformation 17.99%; C-C torsion 13.03%
   20      787.91          --                 --  mixed mixed-phase cyclic C-C stretching / C-H bending / cyclic-ring deformation (C-C-C bend) mixed-phase cyclic C-C stretching 32.20%; C-H bending 25.54%; cyclic-ring deformation (C-C-C bend) 17.92%; cyclic-ring torsional/out-of-plane deformation 10.95%
   21      793.69          --                 --  mixed mixed-phase cyclic C-C stretching / cyclic-ring out-of-plane deformation mixed-phase cyclic C-C stretching 48.77%; cyclic-ring out-of-plane deformation 26.46%; C-H bending 6.14%; cyclic-ring torsional/out-of-plane deformation 4.94%
   22      840.16          --                 --  mixed mixed-phase cyclic C-C stretching / cyclic-ring deformation (C-C-C bend) mixed-phase cyclic C-C stretching 39.56%; cyclic-ring deformation (C-C-C bend) 11.02%; ring-site C-H out-of-plane bending 10.12%; ring-site C-H in-plane bending 9.60%
   23      876.55          --                 --  mixed mixed-phase cyclic C-C stretching / cyclic-ring deformation (C-C-C bend) mixed-phase cyclic C-C stretching 32.49%; cyclic-ring deformation (C-C-C bend) 28.51%; C-H bending 10.42%; ring-site C-H out-of-plane bending 7.62%
   24      936.40          --                 --  mixed mixed-phase cyclic C-C stretching / cyclic-ring deformation (C-C-C bend) mixed-phase cyclic C-C stretching 43.60%; cyclic-ring deformation (C-C-C bend) 33.33%; C-H bending 4.76%; ring-site C-H in-plane bending 4.52%
   25      948.09          --                 --  mixed mixed-phase cyclic C-C stretching / C-H bending          mixed-phase cyclic C-C stretching 56.73%; C-H bending 15.07%; cyclic-ring torsional/out-of-plane deformation 7.41%; cyclic-ring deformation (C-C-C bend) 6.87%
   26      968.27          --                 --  mixed ring-site C-H in-plane bending / in-phase cyclic C-C stretching / ring-site C-H out-of-plane bending ring-site C-H in-plane bending 23.44%; in-phase cyclic C-C stretching 15.93%; ring-site C-H out-of-plane bending 15.41%; cyclic-ring torsional/out-of-plane deformation 12.65%
   27     1007.69          --                 --  mixed cyclic-ring deformation (C-C-C bend) / mixed-phase cyclic C-C stretching cyclic-ring deformation (C-C-C bend) 27.31%; mixed-phase cyclic C-C stretching 18.23%; cyclic-ring out-of-plane deformation 13.18%; C-H bending 11.82%
   28     1035.58          --                 --  mixed C-H bending / exocyclic C-O stretching / ring-site C-H in-plane bending C-H bending 22.29%; exocyclic C-O stretching 19.00%; ring-site C-H in-plane bending 18.29%; ring-site C-H out-of-plane bending 9.09%
   29     1036.74          --                 --  mixed C-H bending / ring-site C-H in-plane bending / opposite-phase exocyclic C-C stretching C-H bending 33.20%; ring-site C-H in-plane bending 20.51%; opposite-phase exocyclic C-C stretching 17.20%; mixed-phase cyclic C-C stretching 12.02%
   30     1063.58          --                 --  mixed C-H bending / ring-site C-H in-plane bending             C-H bending 39.57%; ring-site C-H in-plane bending 17.51%; ring-site C-H out-of-plane bending 13.14%; C-C out-of-plane bending 9.76%
   31     1077.16          --                 --  mixed C-H bending / cyclic C-C stretching                      C-H bending 50.06%; cyclic C-C stretching 12.12%; cyclic-ring deformation (C-C-C bend) 8.04%; cyclic-ring out-of-plane deformation 6.36%
   32     1089.95          --                 --  mixed C-H bending / ring-site C-H in-plane bending             C-H bending 29.14%; ring-site C-H in-plane bending 19.60%; exocyclic C-O stretching 12.41%; cyclic-ring deformation (C-C-C bend) 11.65%
   33     1111.70          --                 --  mixed C-H bending / exocyclic C-C stretching                   C-H bending 23.26%; exocyclic C-C stretching 17.94%; cyclic-ring torsional/out-of-plane deformation 11.61%; in-phase cyclic C-C stretching 11.49%
   34     1129.80          --                 --  mixed ring-site C-H in-plane bending / cyclic-ring torsional/out-of-plane deformation ring-site C-H in-plane bending 27.25%; cyclic-ring torsional/out-of-plane deformation 13.71%; ring-site C-H out-of-plane bending 13.13%; cyclic-ring out-of-plane deformation 9.17%
   35     1166.19          --                 --  mixed exocyclic C-C stretching / C-H bending / cyclic C-C stretching exocyclic C-C stretching 27.54%; C-H bending 17.36%; cyclic C-C stretching 16.67%; cyclic-ring deformation (C-C-C bend) 9.53%
   36     1191.41          --                 --  mixed cyclic-ring deformation (C-C-C bend) / cyclic-ring out-of-plane deformation cyclic-ring deformation (C-C-C bend) 16.84%; cyclic-ring out-of-plane deformation 15.04%; mixed-phase cyclic C-C stretching 14.17%; ring-site C-H out-of-plane bending 13.87%
   37     1196.60          --                 --  mixed ring-site C-H in-plane bending / ring-site C-H out-of-plane bending ring-site C-H in-plane bending 22.26%; ring-site C-H out-of-plane bending 17.06%; mixed-phase cyclic C-C stretching 11.62%; C-H bending 10.99%
   38     1216.48          --                 --  mixed ring-site C-H in-plane bending / C-C out-of-plane bending / C-O torsion ring-site C-H in-plane bending 19.24%; C-C out-of-plane bending 18.79%; C-O torsion 17.15%; O-H bending 13.23%
   39     1234.65          --                 --  mixed C-C out-of-plane bending / cyclic-ring torsional/out-of-plane deformation C-C out-of-plane bending 21.73%; cyclic-ring torsional/out-of-plane deformation 20.00%; mixed-phase cyclic C-C stretching 11.70%; cyclic-ring out-of-plane deformation 10.95%
   40     1258.86          --                 --  mixed C-C out-of-plane bending / ring-site C-H in-plane bending C-C out-of-plane bending 29.66%; ring-site C-H in-plane bending 11.77%; mixed-phase cyclic C-C stretching 11.29%; cyclic-ring out-of-plane deformation 10.81%
   41     1272.43          --                 --  mixed ring-site C-H in-plane bending / ring-site C-H out-of-plane bending ring-site C-H in-plane bending 36.27%; ring-site C-H out-of-plane bending 13.64%; mixed-phase cyclic C-C stretching 13.61%; cyclic-ring out-of-plane deformation 7.91%
   42     1291.66          --                 --  mixed ring-site C-H in-plane bending / C-C out-of-plane bending ring-site C-H in-plane bending 37.13%; C-C out-of-plane bending 19.21%; cyclic-ring out-of-plane deformation 11.27%; mixed-phase cyclic C-C stretching 10.35%
   43     1322.15          --                 --  mixed C-C out-of-plane bending / ring-site C-H in-plane bending C-C out-of-plane bending 32.10%; ring-site C-H in-plane bending 25.68%; mixed-phase cyclic C-C stretching 13.35%; C-H bending 9.75%
   44     1338.22          --                 --  mixed ring-site C-H in-plane bending / C-O torsion             ring-site C-H in-plane bending 43.96%; C-O torsion 24.29%; mixed-phase cyclic C-C stretching 9.10%; C-H bending 7.86%
   45     1406.30          --                 --  mixed C-H bending / C-H out-of-plane bending                   C-H bending 61.71%; C-H out-of-plane bending 11.80%; ring-site C-H in-plane bending 9.37%; ring-site C-H out-of-plane bending 7.52%
   46     1414.32          --                 --  mixed C-H bending / mixed-phase cyclic C-C stretching          C-H bending 61.60%; mixed-phase cyclic C-C stretching 8.83%; ring-site C-H in-plane bending 6.03%; exocyclic C-C stretching 5.89%
   47     1417.99          --                 --  mixed C-H out-of-plane bending / C-H bending                   C-H out-of-plane bending 50.27%; C-H bending 44.93%; exocyclic C-C stretching 2.90%
   48     1429.78          --                 --  mixed C-H bending / C-H out-of-plane bending                   C-H bending 64.56%; C-H out-of-plane bending 8.07%; ring-site C-H in-plane bending 7.31%; cyclic-ring deformation (C-C-C bend) 3.81%
   49     1439.94          --                 --  mixed C-H bending / ring-site C-H in-plane bending             C-H bending 50.28%; ring-site C-H in-plane bending 17.55%; ring-site C-H out-of-plane bending 7.57%; cyclic C-C stretching 6.35%
   50     1494.62          --                 --  mixed C-H bending / C-C torsion                                C-H bending 46.39%; C-C torsion 44.77%; ring-site C-H out-of-plane bending 2.90%
   51     1496.84          --                 --  C-H bending                                                    C-H bending 74.57%; ring-site C-H out-of-plane bending 8.58%; C-H out-of-plane bending 5.89%; ring-site C-H in-plane bending 5.75%
   52     1502.02          --                 --  C-H bending                                                    C-H bending 98.70%
   53     1506.68          --                 --  C-H bending                                                    C-H bending 95.51%
   54     1514.13          --                 --  C-H bending                                                    C-H bending 79.11%; C-C torsion 8.86%; ring-site C-H out-of-plane bending 4.06%; C-H out-of-plane bending 3.97%
   55     3001.90          --                 --  mixed-phase ring-site C-H stretching                           mixed-phase ring-site C-H stretching 97.89%
   56     3014.64          --                 --  ring-site C-H stretching                                       ring-site C-H stretching 92.32%; in-phase C-H stretching 6.65%
   57     3024.66          --                 --  C-H stretching                                                 C-H stretching 98.24%
   58     3028.08          --                 --  C-H stretching                                                 C-H stretching 94.07%; ring-site C-H stretching 5.56%
   59     3049.03          --                 --  ring-site C-H stretching                                       ring-site C-H stretching 99.03%
   60     3073.91          --                 --  mixed-phase C-H stretching                                     mixed-phase C-H stretching 97.31%; ring-site C-H stretching 2.35%
   61     3075.81          --                 --  mixed-phase ring-site C-H stretching                           mixed-phase ring-site C-H stretching 82.80%; mixed-phase C-H stretching 15.82%
   62     3077.05          --                 --  opposite-phase C-H stretching                                  opposite-phase C-H stretching 95.49%; ring-site C-H stretching 4.02%
   63     3085.09          --                 --  ring-site C-H stretching                                       ring-site C-H stretching 94.41%; opposite-phase C-H stretching 4.34%
   64     3093.30          --                 --  mixed-phase ring-site C-H stretching                           mixed-phase ring-site C-H stretching 98.00%
   65     3101.80          --                 --  ring-site C-H stretching                                       ring-site C-H stretching 88.10%; mixed-phase C-H stretching 9.87%
   66     3106.56          --                 --  mixed mixed-phase C-H stretching / in-phase ring-site C-H stretching mixed-phase C-H stretching 78.11%; in-phase ring-site C-H stretching 21.20%
   67     3141.54          --                 --  C-H stretching                                                 C-H stretching 96.24%; ring-site C-H stretching 3.37%
   68     3812.08          --                 --  O-H stretching                                                 O-H stretching 99.93%

# Selected internal-coordinate set:
#   1  nu(C1-H10)
#   2  nu(C2-C7)
#   3  nu(C3-H14)
#   4  nu(C4-H15)
#   5  nu(C5-O6)
#   6  nu(C8-C9)
#   7  nu(C1-H12)
#   8  nu(O6-H18)
#   9  nu(C8-H20)
#  10  nu(C4-H16)
#  11  nu(C2-H13)
#  12  nu(C5-H17)
#  13  nu(C9-H22)
#  14  nu(C1-H11)
#  15  nu(C9-H23)
#  16  nu(C7-H19)
#  17  tau(H17-C5-O6-H18)
#  18  tau(C3-C2-C7-H19)
#  19  nu(C2-C3)
#  20  gamma(C5;C4,H15,H16)
#  21  nu(C9-H21)
#  22  gamma(C3;C8,C9,H20)
#  23  gamma(C4;C3,C2,H14)
#  24  gamma(H11;C1,H10,H12)
#  25  delta(H15-C4-H16)
#  26  delta(C2-C7-H19)
#  27  delta(C5-O6-H18)
#  28  delta(C2-C3-H14)
#  29  delta(H10-C1-H12)
#  30  delta(H22-C9-H23)
#  31  delta(H21-C9-H22)
#  32  delta(H21-C9-H23)
#  33  tau(C7-C5-O6-H18)
#  34  tau(H13-C2-C7-C5)
#  35  delta(C9-C8-H20)
#  36  delta(C7-C2-H13)
#  37  delta(O6-C5-H17)
#  38  tau(H11-C1-C2-C7)
#  39  delta(C2-C1-H10)
#  40  delta(C4-C5-H17)
#  41  delta(C8-C9-H21)
#  42  delta(C2-C7-C8)
#  43  tau(H12-C1-C2-C3)
#  44  nu(C4-C5)
#  45  nu(C5-C7)
#  46  delta(C2-C1-H12)
#  47  delta(C3-C4-H16)
#  48  nu(C3-C4)
#  49  tau(C2-C3-C4-H15)
#  50  delta(C8-C9-H22)
#  51  nu(C1-C2)
#  52  nu(C7-C8)
#  53  delta(O6-C5-C7)
#  54  tau(C1-C2-C7-C8)
#  55  tau(C7-C8-C9-H22)
#  56  tau(C3-C2-C7-C8)
#  57  delta(C4-C3-C8)
#  58  tau(C4-C3-C8-C9)
#  59  tau(C1-C2-C3-C8)
#  60  tau(C5-C7-C8-C9)
#  61  delta(C4-C5-C7)
#  62  tau(C8-C3-C4-C5)
#  63  gamma(C2;C7,C5,C8)

Wrote: /local/scratch/mv487/qm9s/experiment_1_phase2/ped/74254/74254_summary.csv
Wrote: /local/scratch/mv487/qm9s/experiment_1_phase2/ped/74254/74254_families.csv
Wrote: /local/scratch/mv487/qm9s/experiment_1_phase2/ped/74254/74254_ped.csv
Wrote: /local/scratch/mv487/qm9s/experiment_1_phase2/ped/74254/74254_ir_transitions.csv

# All generated files are in: /local/scratch/mv487/qm9s/experiment_1_phase2/ped/74254
# Manifest: /local/scratch/mv487/qm9s/experiment_1_phase2/ped/74254/74254_manifest.txt

--- stderr ---
Normal modes/frequencies absent or incomplete: diagonalizing Hessian.
