# Contact: romi@lens.unifi.it
# Manual: https://github.com/SebRoLENS/orca-ped-analyzer/blob/main/docs/ORCA_PED_Analyzer_Manual.md
# Check GitHub for updates and new releases: https://github.com/SebRoLENS/orca-ped-analyzer
#
# Molecule: 21 atoms | non-linear
# Bonds inferred: 23 | candidate ICs: 249 | selected ICs: 57
# Cartesian-Hessian reconstruction relative error: 3.923e-05
# Energy distribution: PED (PED is the backward-compatible default; TED includes kinetic-energy terms)
# Ring/cycle bonds detected: 9 | ring atoms: 8 | ring systems: 2
# VPT2: no matching .out file supplied/found -> harmonic/PED analysis only
#
 Mode   Harm/cm-1   VPT2/cm-1  Harm.Int/km mol-1  Assignment                                                     Grouped PED
------------------------------------------------------------------------------------------------------------------------------------------------------------------------------------------------
    6       72.82          --                 --  mixed inter-ring C-C torsion / ring-site C-H out-of-plane bending inter-ring C-C torsion 57.51%; ring-site C-H out-of-plane bending 13.86%; cyclic-ring torsional/out-of-plane deformation 9.00%; C-C-C bending 5.21%
    7      134.66          --                 --  mixed ring-site C-H out-of-plane bending / cyclic-ring torsional/out-of-plane deformation ring-site C-H out-of-plane bending 40.12%; cyclic-ring torsional/out-of-plane deformation 23.22%; cyclic-ring deformation (C-C-C bend) 10.21%; C-C-C bending 9.98%
    8      188.81          --                 --  mixed C-C-C bending / C-C out-of-plane bending / cyclic-ring torsional/out-of-plane deformation C-C-C bending 38.66%; C-C out-of-plane bending 23.30%; cyclic-ring torsional/out-of-plane deformation 16.19%; C-C torsion 8.52%
    9      198.24          --                 --  mixed C-C torsion / cyclic-ring out-of-plane deformation       C-C torsion 54.87%; cyclic-ring out-of-plane deformation 16.01%; C-C-C bending 14.12%; cyclic-ring torsional/out-of-plane deformation 6.38%
   10      306.55          --                 --  mixed ring-site C-H out-of-plane bending / C-C out-of-plane bending ring-site C-H out-of-plane bending 56.67%; C-C out-of-plane bending 21.46%; cyclic-ring deformation (C-C-C bend) 10.17%; ring-site C-H in-plane bending 3.64%
   11      337.98          --                 --  mixed cyclic-ring out-of-plane deformation / C-C-C bending     cyclic-ring out-of-plane deformation 59.15%; C-C-C bending 21.27%; ring-site C-H out-of-plane bending 7.64%; C-C-O bending 3.93%
   12      358.95          --                 --  mixed cyclic-ring deformation (C-C-C bend) / ring-site C-H out-of-plane bending cyclic-ring deformation (C-C-C bend) 31.89%; ring-site C-H out-of-plane bending 24.72%; C-C-O bending 11.20%; C-C-C bending 10.20%
   13      409.85          --                 --  mixed cyclic-ring deformation (C-C-C bend) / C-C out-of-plane bending / cyclic-ring out-of-plane deformation cyclic-ring deformation (C-C-C bend) 28.84%; C-C out-of-plane bending 25.44%; cyclic-ring out-of-plane deformation 19.61%; ring-site C-H out-of-plane bending 11.36%
   14      464.22          --                 --  mixed ring-site C-H out-of-plane bending / C-C-C bending / cyclic-ring deformation (C-C-C bend) ring-site C-H out-of-plane bending 26.84%; C-C-C bending 24.66%; cyclic-ring deformation (C-C-C bend) 22.59%; ring-site C-H in-plane bending 10.56%
   15      539.16          --                 --  mixed cyclic-ring out-of-plane deformation / ring-site C-H out-of-plane bending / C-C out-of-plane bending cyclic-ring out-of-plane deformation 30.33%; ring-site C-H out-of-plane bending 22.02%; C-C out-of-plane bending 17.20%; cyclic-ring deformation (C-C-C bend) 6.36%
   16      671.27          --                 --  mixed ring-site C-H out-of-plane bending / cyclic-ring deformation (C-C-C bend) ring-site C-H out-of-plane bending 32.51%; cyclic-ring deformation (C-C-C bend) 15.86%; ring-site C-H in-plane bending 14.81%; C-C out-of-plane bending 10.80%
   17      726.00          --                 --  mixed mixed-phase cyclic C-O stretching / ring-site C-H out-of-plane bending / cyclic-ring out-of-plane deformation mixed-phase cyclic C-O stretching 28.45%; ring-site C-H out-of-plane bending 27.98%; cyclic-ring out-of-plane deformation 25.11%; cyclic-ring deformation (C-C-C bend) 5.59%
   18      777.54          --                 --  mixed mixed-phase cyclic C-C stretching / ring-site C-H out-of-plane bending mixed-phase cyclic C-C stretching 47.85%; ring-site C-H out-of-plane bending 36.14%; cyclic-ring deformation (C-C-C bend) 7.38%; cyclic C-O stretching 2.07%
   19      790.79          --                 --  mixed mixed-phase cyclic C-C stretching / ring-site C-H out-of-plane bending / cyclic-ring deformation (C-C-C bend) mixed-phase cyclic C-C stretching 40.21%; ring-site C-H out-of-plane bending 30.33%; cyclic-ring deformation (C-C-C bend) 17.22%; ring-site C-H in-plane bending 7.37%
   20      814.17          --                 --  mixed ring-site C-H out-of-plane bending / mixed-phase cyclic C-O stretching / cyclic-ring out-of-plane deformation ring-site C-H out-of-plane bending 25.63%; mixed-phase cyclic C-O stretching 22.34%; cyclic-ring out-of-plane deformation 19.38%; ring-site C-H in-plane bending 14.73%
   21      866.36          --                 --  mixed C-C out-of-plane bending / in-phase cyclic C-O stretching C-C out-of-plane bending 21.25%; in-phase cyclic C-O stretching 20.54%; cyclic-ring out-of-plane deformation 13.28%; ring-site C-H out-of-plane bending 12.15%
   22      913.04          --                 --  mixed ring-site C-H out-of-plane bending / mixed-phase cyclic C-C stretching ring-site C-H out-of-plane bending 41.57%; mixed-phase cyclic C-C stretching 25.49%; ring-site C-H in-plane bending 10.30%; C-H bending 7.12%
   23      923.11          --                 --  mixed cyclic C-O stretching / cyclic-ring out-of-plane deformation / ring-site C-H out-of-plane bending cyclic C-O stretching 21.78%; cyclic-ring out-of-plane deformation 20.18%; ring-site C-H out-of-plane bending 18.21%; ring-site C-H in-plane bending 13.73%
   24      949.34          --                 --  mixed mixed-phase cyclic C-C stretching / ring-site C-H out-of-plane bending mixed-phase cyclic C-C stretching 41.44%; ring-site C-H out-of-plane bending 28.60%; cyclic C-O stretching 8.63%; ring-site C-H in-plane bending 6.72%
   25      957.64          --                 --  mixed ring-site C-H out-of-plane bending / ring-site C-H in-plane bending ring-site C-H out-of-plane bending 46.15%; ring-site C-H in-plane bending 38.58%; cyclic C-C stretching 8.46%; C-H bending 2.08%
   26      996.82          --                 --  mixed mixed-phase cyclic C-C stretching / cyclic C-O stretching mixed-phase cyclic C-C stretching 45.40%; cyclic C-O stretching 19.82%; ring-site C-H out-of-plane bending 8.11%; cyclic-ring out-of-plane deformation 8.04%
   27     1020.93          --                 --  mixed ring-site C-H out-of-plane bending / mixed-phase cyclic C-C stretching ring-site C-H out-of-plane bending 40.16%; mixed-phase cyclic C-C stretching 19.32%; ring-site C-H in-plane bending 10.81%; cyclic C-O stretching 9.49%
   28     1032.05          --                 --  mixed C-H bending / ring-site C-H out-of-plane bending / mixed-phase cyclic C-C stretching C-H bending 31.99%; ring-site C-H out-of-plane bending 20.41%; mixed-phase cyclic C-C stretching 15.09%; cyclic C-O stretching 10.16%
   29     1038.20          --                 --  mixed ring-site C-H in-plane bending / ring-site C-H out-of-plane bending / mixed-phase cyclic C-C stretching ring-site C-H in-plane bending 28.84%; ring-site C-H out-of-plane bending 25.36%; mixed-phase cyclic C-C stretching 24.28%; cyclic C-O stretching 4.91%
   30     1062.10          --                 --  ring-site C-H out-of-plane bending                             ring-site C-H out-of-plane bending 70.67%; ring-site C-H in-plane bending 8.79%; opposite-phase cyclic C-C stretching 6.22%; cyclic-ring deformation (C-C-C bend) 5.58%
   31     1081.13          --                 --  mixed ring-site C-H out-of-plane bending / C-C out-of-plane bending ring-site C-H out-of-plane bending 32.61%; C-C out-of-plane bending 17.80%; C-H bending 13.64%; ring-site C-H in-plane bending 11.56%
   32     1091.03          --                 --  mixed C-C out-of-plane bending / ring-site C-H out-of-plane bending C-C out-of-plane bending 62.10%; ring-site C-H out-of-plane bending 16.70%; C-H bending 8.84%; opposite-phase cyclic C-C stretching 5.16%
   33     1120.25          --                 --  mixed C-C out-of-plane bending / C-H bending / ring-site C-H in-plane bending C-C out-of-plane bending 19.69%; C-H bending 17.80%; ring-site C-H in-plane bending 17.39%; ring-site C-H out-of-plane bending 16.66%
   34     1134.76          --                 --  mixed ring-site C-H out-of-plane bending / cyclic-ring out-of-plane deformation ring-site C-H out-of-plane bending 37.44%; cyclic-ring out-of-plane deformation 35.51%; C-H bending 11.30%; ring-site C-H in-plane bending 8.70%
   35     1146.44          --                 --  mixed ring-site C-H in-plane bending / ring-site C-H out-of-plane bending / cyclic C-C stretching ring-site C-H in-plane bending 38.44%; ring-site C-H out-of-plane bending 27.53%; cyclic C-C stretching 25.97%; cyclic-ring out-of-plane deformation 2.94%
   36     1174.48          --                 --  mixed ring-site C-H out-of-plane bending / cyclic-ring out-of-plane deformation ring-site C-H out-of-plane bending 43.15%; cyclic-ring out-of-plane deformation 38.62%; ring-site C-H in-plane bending 9.79%; cyclic C-O stretching 2.37%
   37     1211.10          --                 --  mixed ring-site C-H in-plane bending / ring-site C-H out-of-plane bending / cyclic-ring deformation (C-C-C bend) ring-site C-H in-plane bending 43.41%; ring-site C-H out-of-plane bending 24.84%; cyclic-ring deformation (C-C-C bend) 17.94%; cyclic C-C stretching 9.93%
   38     1240.18          --                 --  ring-site C-H in-plane bending                                 ring-site C-H in-plane bending 72.60%; mixed-phase cyclic C-C stretching 7.22%; cyclic-ring out-of-plane deformation 4.75%; ring-site C-H out-of-plane bending 4.38%
   39     1254.84          --                 --  mixed ring-site C-H in-plane bending / ring-site C-H out-of-plane bending ring-site C-H in-plane bending 42.79%; ring-site C-H out-of-plane bending 14.22%; C-C-C bending 10.42%; exocyclic C-C stretching 6.84%
   40     1272.82          --                 --  mixed ring-site C-H in-plane bending / ring-site C-H out-of-plane bending ring-site C-H in-plane bending 49.96%; ring-site C-H out-of-plane bending 30.69%; C-C-C bending 6.84%; exocyclic C-C stretching 2.43%
   41     1301.12          --                 --  mixed ring-site C-H out-of-plane bending / ring-site C-H in-plane bending / opposite-phase cyclic C-C stretching ring-site C-H out-of-plane bending 37.79%; ring-site C-H in-plane bending 33.94%; opposite-phase cyclic C-C stretching 22.59%; cyclic-ring deformation (C-C-C bend) 2.79%
   42     1364.38          --                 --  mixed mixed-phase cyclic C-C stretching / ring-site C-H in-plane bending / ring-site C-H out-of-plane bending mixed-phase cyclic C-C stretching 42.37%; ring-site C-H in-plane bending 26.40%; ring-site C-H out-of-plane bending 21.38%; C-H bending 4.82%
   43     1368.94          --                 --  mixed ring-site C-H in-plane bending / C-H bending             ring-site C-H in-plane bending 45.84%; C-H bending 10.64%; cyclic C-O stretching 7.33%; cyclic-ring out-of-plane deformation 6.41%
   44     1388.08          --                 --  mixed C-H bending / C-C out-of-plane bending                   C-H bending 29.61%; C-C out-of-plane bending 16.32%; inter-ring C-C stretching 14.29%; cyclic C-O stretching 14.11%
   45     1418.43          --                 --  C-H bending                                                    C-H bending 89.82%; exocyclic C-C stretching 7.02%
   46     1484.52          --                 --  C-H bending                                                    C-H bending 73.84%; ring-site C-H out-of-plane bending 15.79%; ring-site C-H in-plane bending 8.76%
   47     1487.67          --                 --  C-H bending                                                    C-H bending 96.30%
   48     1500.40          --                 --  C-H bending                                                    C-H bending 71.49%; ring-site C-H out-of-plane bending 18.50%; ring-site C-H in-plane bending 7.41%; cyclic C-C stretching 2.43%
   49     1501.62          --                 --  C-H bending                                                    C-H bending 94.57%; ring-site C-H out-of-plane bending 2.37%
   50     1531.48          --                 --  mixed C-H bending / ring-site C-H in-plane bending             C-H bending 66.81%; ring-site C-H in-plane bending 11.96%; ring-site C-H out-of-plane bending 10.95%; in-phase cyclic C-O stretching 5.12%
   51     3032.47          --                 --  C-H stretching                                                 C-H stretching 92.37%; ring-site C-H stretching 7.28%
   52     3041.55          --                 --  ring-site C-H stretching                                       ring-site C-H stretching 92.01%; in-phase C-H stretching 7.02%
   53     3058.74          --                 --  ring-site C-H stretching                                       ring-site C-H stretching 99.26%
   54     3079.58          --                 --  in-phase ring-site C-H stretching                              in-phase ring-site C-H stretching 99.29%
   55     3092.83          --                 --  opposite-phase C-H stretching                                  opposite-phase C-H stretching 99.08%
   56     3108.90          --                 --  opposite-phase ring-site C-H stretching                        opposite-phase ring-site C-H stretching 98.54%
   57     3114.87          --                 --  mixed-phase C-H stretching                                     mixed-phase C-H stretching 99.01%
   58     3119.85          --                 --  in-phase ring-site C-H stretching                              in-phase ring-site C-H stretching 99.23%
   59     3161.43          --                 --  opposite-phase ring-site C-H stretching                        opposite-phase ring-site C-H stretching 98.78%
   60     3167.93          --                 --  mixed-phase ring-site C-H stretching                           mixed-phase ring-site C-H stretching 98.79%
   61     3180.91          --                 --  ring-site C-H stretching                                       ring-site C-H stretching 97.86%
   62     3203.54          --                 --  opposite-phase ring-site C-H stretching                        opposite-phase ring-site C-H stretching 99.27%

# Selected internal-coordinate set:
#   1  nu(C1-C2)
#   2  nu(C3-O4)
#   3  nu(C5-C9)
#   4  nu(C6-C7)
#   5  nu(C8-H20)
#   6  nu(C5-C6)
#   7  nu(C7-C9)
#   8  nu(C1-H12)
#   9  nu(C8-H19)
#  10  nu(C3-H13)
#  11  nu(C5-H15)
#  12  nu(C1-H11)
#  13  nu(C6-H16)
#  14  gamma(O4;C3,C2,H14)
#  15  gamma(C9;C8,H19,H20)
#  16  gamma(H18;C7,C6,C9)
#  17  nu(C1-H10)
#  18  nu(C6-H17)
#  19  nu(C9-H21)
#  20  nu(C3-H14)
#  21  gamma(C5;C2,C1,O4)
#  22  delta(H19-C8-H20)
#  23  nu(C7-H18)
#  24  delta(C9-C5-H15)
#  25  tau(O4-C2-C3-H13)
#  26  tau(C6-C5-C9-H21)
#  27  delta(H10-C1-H12)
#  28  delta(H13-C3-H14)
#  29  delta(H11-C1-H12)
#  30  delta(C6-C5-H15)
#  31  delta(H10-C1-H11)
#  32  delta(H16-C6-H17)
#  33  delta(C5-C9-H21)
#  34  nu(C2-O4)
#  35  delta(C5-C6-H17)
#  36  delta(C1-C2-O4)
#  37  gamma(H18;C7,C8,C9)
#  38  tau(H16-C6-C7-C8)
#  39  gamma(H19;C8,C7,C9)
#  40  delta(C2-C1-H12)
#  41  delta(C7-C6-H17)
#  42  delta(C2-C3-H13)
#  43  nu(C8-C9)
#  44  nu(C2-C5)
#  45  nu(C7-C8)
#  46  tau(C5-C2-C3-H14)
#  47  tau(H19-C8-C9-C5)
#  48  delta(C2-C1-H11)
#  49  delta(C5-C9-C8)
#  50  tau(C9-C5-C6-H16)
#  51  tau(H11-C1-C2-O4)
#  52  delta(C3-C2-C5)
#  53  delta(C6-C7-C8)
#  54  tau(C2-C5-C9-C7)
#  55  tau(C1-C2-C5-C6)
#  56  gamma(C3;C2,C1,O4)
#  57  delta(C2-C5-C9)

Wrote: /local/scratch/mv487/qm9s/experiment_1_phase2/ped/59781/59781_summary.csv
Wrote: /local/scratch/mv487/qm9s/experiment_1_phase2/ped/59781/59781_families.csv
Wrote: /local/scratch/mv487/qm9s/experiment_1_phase2/ped/59781/59781_ped.csv
Wrote: /local/scratch/mv487/qm9s/experiment_1_phase2/ped/59781/59781_ir_transitions.csv

# All generated files are in: /local/scratch/mv487/qm9s/experiment_1_phase2/ped/59781
# Manifest: /local/scratch/mv487/qm9s/experiment_1_phase2/ped/59781/59781_manifest.txt

--- stderr ---
Normal modes/frequencies absent or incomplete: diagonalizing Hessian.
