# Contact: romi@lens.unifi.it
# Manual: https://github.com/SebRoLENS/orca-ped-analyzer/blob/main/docs/ORCA_PED_Analyzer_Manual.md
# Check GitHub for updates and new releases: https://github.com/SebRoLENS/orca-ped-analyzer
#
# Molecule: 18 atoms | non-linear
# Bonds inferred: 19 | candidate ICs: 187 | selected ICs: 48
# Cartesian-Hessian reconstruction relative error: 4.309e-05
# Energy distribution: PED (PED is the backward-compatible default; TED includes kinetic-energy terms)
# Ring/cycle bonds detected: 7 | ring atoms: 6 | ring systems: 1
# VPT2: no matching .out file supplied/found -> harmonic/PED analysis only
#
 Mode   Harm/cm-1   VPT2/cm-1  Harm.Int/km mol-1  Assignment                                                     Grouped PED
------------------------------------------------------------------------------------------------------------------------------------------------------------------------------------------------
    6       61.74          --                 --  ring-site C-H out-of-plane bending                             ring-site C-H out-of-plane bending 77.06%; cyclic-ring torsional/out-of-plane deformation 18.90%; cyclic-ring deformation (C-C-O bend) 2.64%
    7      127.47          --                 --  C-C torsion                                                    C-C torsion 70.90%; cyclic-ring torsional/out-of-plane deformation 7.22%; ring-site C-H out-of-plane bending 6.77%; C-C-C bending 4.10%
    8      159.74          --                 --  C-C torsion                                                    C-C torsion 96.62%
    9      199.12          --                 --  mixed C-C torsion / ring-site C-H out-of-plane bending         C-C torsion 37.76%; ring-site C-H out-of-plane bending 15.36%; C-C-C bending 13.13%; cyclic-ring torsional/out-of-plane deformation 9.11%
   10      242.58          --                 --  mixed ring-site C-H out-of-plane bending / cyclic-ring torsional/out-of-plane deformation ring-site C-H out-of-plane bending 32.43%; cyclic-ring torsional/out-of-plane deformation 17.50%; cyclic-ring torsional/out-of-plane deformation 15.00%; C-C-C bending 10.90%
   11      297.45          --                 --  mixed ring-site C-H out-of-plane bending / cyclic-ring torsional/out-of-plane deformation ring-site C-H out-of-plane bending 52.91%; cyclic-ring torsional/out-of-plane deformation 15.23%; C-C-N linear bending 9.05%; C-C-C bending 6.56%
   12      441.80          --                 --  mixed ring-site C-H out-of-plane bending / cyclic-ring torsional/out-of-plane deformation / cyclic-ring torsional/out-of-plane deformation ring-site C-H out-of-plane bending 36.52%; cyclic-ring torsional/out-of-plane deformation 23.34%; cyclic-ring torsional/out-of-plane deformation 16.46%; C-C torsion 15.76%
   13      470.00          --                 --  mixed ring-site C-H out-of-plane bending / cyclic-ring deformation (C-C-O bend) ring-site C-H out-of-plane bending 25.95%; cyclic-ring deformation (C-C-O bend) 23.80%; C-C-C bending 14.88%; C-C-N linear bending 11.52%
   14      559.31          --                 --  mixed ring-site C-H out-of-plane bending / C-C-C bending       ring-site C-H out-of-plane bending 45.29%; C-C-C bending 14.91%; O-C-C bending 13.08%; C-C-N linear bending 8.81%
   15      605.90          --                 --  mixed cyclic-ring torsional/out-of-plane deformation / O-C-C bending cyclic-ring torsional/out-of-plane deformation 24.63%; O-C-C bending 20.12%; C-C-C bending 10.76%; cyclic-ring torsional/out-of-plane deformation 10.73%
   16      716.36          --                 --  mixed mixed-phase cyclic C-C stretching / cyclic-ring deformation (C-C-O bend) / ring-site C-H out-of-plane bending mixed-phase cyclic C-C stretching 28.18%; cyclic-ring deformation (C-C-O bend) 22.68%; ring-site C-H out-of-plane bending 22.26%; cyclic-ring torsional/out-of-plane deformation 9.47%
   17      738.38          --                 --  mixed cyclic-ring deformation (C-C-O bend) / ring-site C-H out-of-plane bending cyclic-ring deformation (C-C-O bend) 29.73%; ring-site C-H out-of-plane bending 21.95%; mixed-phase cyclic C-C stretching 13.03%; cyclic-ring torsional/out-of-plane deformation 11.89%
   18      773.80          --                 --  mixed mixed-phase cyclic C-C stretching / ring-site C-H out-of-plane bending mixed-phase cyclic C-C stretching 43.60%; ring-site C-H out-of-plane bending 30.72%; cyclic-ring torsional/out-of-plane deformation 6.07%; C-C torsion 5.11%
   19      775.97          --                 --  mixed mixed-phase cyclic C-C stretching / cyclic-ring deformation (C-C-O bend) / exocyclic C-C stretching mixed-phase cyclic C-C stretching 32.07%; cyclic-ring deformation (C-C-O bend) 18.19%; exocyclic C-C stretching 16.24%; ring-site C-H out-of-plane bending 16.08%
   20      829.64          --                 --  mixed ring-site C-H out-of-plane bending / exocyclic C-C stretching ring-site C-H out-of-plane bending 45.07%; exocyclic C-C stretching 13.40%; O-C-C bending 10.11%; cyclic-ring torsional/out-of-plane deformation 9.41%
   21      883.85          --                 --  mixed ring-site C-H out-of-plane bending / cyclic C-O stretching / cyclic C-C stretching ring-site C-H out-of-plane bending 29.46%; cyclic C-O stretching 26.06%; cyclic C-C stretching 21.83%; C-H bending 7.51%
   22      939.82          --                 --  mixed ring-site C-H out-of-plane bending / cyclic C-O stretching ring-site C-H out-of-plane bending 46.97%; cyclic C-O stretching 12.15%; C-H bending 10.16%; cyclic-ring deformation (C-C-O bend) 8.48%
   23      962.04          --                 --  mixed mixed-phase cyclic C-C stretching / ring-site C-H out-of-plane bending mixed-phase cyclic C-C stretching 49.55%; ring-site C-H out-of-plane bending 12.22%; C-H bending 8.07%; O-C-C bending 6.92%
   24      988.79          --                 --  mixed ring-site C-H out-of-plane bending / C-H bending / mixed-phase cyclic C-C stretching ring-site C-H out-of-plane bending 31.12%; C-H bending 20.96%; mixed-phase cyclic C-C stretching 16.51%; ring-site C-H in-plane bending 12.36%
   25     1000.71          --                 --  mixed ring-site C-H out-of-plane bending / cyclic C-O stretching / cyclic-ring deformation (C-C-O bend) ring-site C-H out-of-plane bending 33.25%; cyclic C-O stretching 22.42%; cyclic-ring deformation (C-C-O bend) 16.59%; in-phase cyclic C-C stretching 6.51%
   26     1033.07          --                 --  mixed ring-site C-H out-of-plane bending / mixed-phase cyclic C-C stretching ring-site C-H out-of-plane bending 40.22%; mixed-phase cyclic C-C stretching 17.40%; opposite-phase cyclic C-O stretching 12.63%; O-C-C bending 7.13%
   27     1066.02          --                 --  mixed cyclic C-C stretching / ring-site C-H out-of-plane bending cyclic C-C stretching 39.97%; ring-site C-H out-of-plane bending 14.13%; exocyclic C-C stretching 10.45%; cyclic-ring torsional/out-of-plane deformation 8.69%
   28     1103.35          --                 --  mixed ring-site C-H out-of-plane bending / C-H bending         ring-site C-H out-of-plane bending 50.61%; C-H bending 14.64%; opposite-phase cyclic C-C stretching 14.49%; cyclic-ring deformation (C-C-O bend) 4.59%
   29     1108.88          --                 --  mixed ring-site C-H out-of-plane bending / opposite-phase cyclic C-O stretching ring-site C-H out-of-plane bending 36.49%; opposite-phase cyclic C-O stretching 13.54%; C-H bending 11.98%; cyclic-ring deformation (C-C-O bend) 11.65%
   30     1139.55          --                 --  mixed ring-site C-H out-of-plane bending / C-H bending         ring-site C-H out-of-plane bending 37.28%; C-H bending 22.99%; ring-site C-H in-plane bending 10.18%; cyclic C-O stretching 7.76%
   31     1143.30          --                 --  mixed ring-site C-H out-of-plane bending / C-H bending         ring-site C-H out-of-plane bending 49.94%; C-H bending 16.54%; ring-site C-H in-plane bending 9.42%; mixed-phase cyclic C-O stretching 6.79%
   32     1220.53          --                 --  mixed in-phase cyclic C-C stretching / ring-site C-H in-plane bending / ring-site C-H out-of-plane bending in-phase cyclic C-C stretching 21.98%; ring-site C-H in-plane bending 21.49%; ring-site C-H out-of-plane bending 18.17%; exocyclic C-C stretching 14.89%
   33     1221.75          --                 --  mixed ring-site C-H out-of-plane bending / mixed-phase cyclic C-C stretching ring-site C-H out-of-plane bending 54.18%; mixed-phase cyclic C-C stretching 20.37%; ring-site C-H in-plane bending 12.29%; exocyclic C-C stretching 3.94%
   34     1269.04          --                 --  mixed ring-site C-H in-plane bending / ring-site C-H out-of-plane bending ring-site C-H in-plane bending 31.74%; ring-site C-H out-of-plane bending 28.42%; mixed-phase cyclic C-C stretching 13.90%; C-C out-of-plane bending 13.23%
   35     1310.54          --                 --  mixed C-C out-of-plane bending / ring-site C-H in-plane bending / ring-site C-H out-of-plane bending C-C out-of-plane bending 41.18%; ring-site C-H in-plane bending 33.13%; ring-site C-H out-of-plane bending 16.74%; mixed-phase cyclic C-C stretching 5.50%
   36     1344.89          --                 --  mixed ring-site C-H out-of-plane bending / ring-site C-H in-plane bending / C-C out-of-plane bending ring-site C-H out-of-plane bending 31.72%; ring-site C-H in-plane bending 26.31%; C-C out-of-plane bending 19.70%; mixed-phase cyclic C-C stretching 11.42%
   37     1353.23          --                 --  mixed ring-site C-H in-plane bending / mixed-phase cyclic C-C stretching ring-site C-H in-plane bending 55.26%; mixed-phase cyclic C-C stretching 18.46%; ring-site C-H out-of-plane bending 11.21%; C-H out-of-plane bending 3.71%
   38     1379.75          --                 --  mixed ring-site C-H in-plane bending / ring-site C-H out-of-plane bending ring-site C-H in-plane bending 47.07%; ring-site C-H out-of-plane bending 24.61%; C-H out-of-plane bending 5.84%; C-H bending 4.82%
   39     1423.97          --                 --  mixed C-H out-of-plane bending / C-H bending                   C-H out-of-plane bending 48.68%; C-H bending 34.12%; in-phase cyclic C-C stretching 7.55%; ring-site C-H in-plane bending 5.01%
   40     1431.10          --                 --  mixed cyclic C-C stretching / C-H out-of-plane bending         cyclic C-C stretching 23.57%; C-H out-of-plane bending 22.44%; ring-site C-H in-plane bending 14.14%; C-H bending 13.50%
   41     1492.92          --                 --  mixed C-H bending / ring-site C-H out-of-plane bending         C-H bending 67.52%; ring-site C-H out-of-plane bending 20.68%; C-C torsion 6.95%; C-H out-of-plane bending 4.03%
   42     1503.85          --                 --  mixed C-H bending / ring-site C-H out-of-plane bending         C-H bending 60.47%; ring-site C-H out-of-plane bending 21.88%; C-C torsion 13.05%
   43     1511.53          --                 --  mixed C-H bending / ring-site C-H out-of-plane bending         C-H bending 68.87%; ring-site C-H out-of-plane bending 22.57%; C-C torsion 4.85%; C-H out-of-plane bending 3.04%
   44     2353.38          --                 --  C-N stretching                                                 C-N stretching 91.73%; exocyclic C-C stretching 8.13%
   45     3035.14          --                 --  C-H stretching                                                 C-H stretching 99.41%
   46     3067.36          --                 --  mixed-phase ring-site C-H stretching                           mixed-phase ring-site C-H stretching 98.93%
   47     3081.96          --                 --  ring-site C-H stretching                                       ring-site C-H stretching 99.07%
   48     3087.97          --                 --  opposite-phase C-H stretching                                  opposite-phase C-H stretching 99.57%
   49     3111.03          --                 --  mixed mixed-phase C-H stretching / ring-site C-H stretching    mixed-phase C-H stretching 78.97%; ring-site C-H stretching 20.28%
   50     3118.91          --                 --  mixed-phase ring-site C-H stretching                           mixed-phase ring-site C-H stretching 96.21%; C-H stretching 2.76%
   51     3131.00          --                 --  ring-site C-H stretching                                       ring-site C-H stretching 81.86%; mixed-phase C-H stretching 17.46%
   52     3170.26          --                 --  mixed-phase ring-site C-H stretching                           mixed-phase ring-site C-H stretching 98.66%
   53     3182.83          --                 --  ring-site C-H stretching                                       ring-site C-H stretching 98.91%

# Selected internal-coordinate set:
#   1  nu(C1-H11)
#   2  nu(C2-C3)
#   3  nu(C4-H15)
#   4  nu(C5-O6)
#   5  nu(C7-H18)
#   6  nu(C8-N9)
#   7  nu(C5-H17)
#   8  nu(C1-H12)
#   9  nu(C4-H16)
#  10  nu(C2-H13)
#  11  nu(C1-H10)
#  12  nu(C3-H14)
#  13  nu(O6-C7)
#  14  tau(H13-C2-C3-H14)
#  15  delta_lin2(C5-C8-N9)
#  16  delta_lin1(C5-C8-N9)
#  17  tau(C5-O6-C7-H18)
#  18  gamma(C3;C4,H15,H16)
#  19  tau(H17-C5-O6-C7)
#  20  tau(C5-O6-C7-C2)
#  21  delta(H15-C4-H16)
#  22  gamma(H11;C1,H10,H12)
#  23  delta(C2-C3-H14)
#  24  delta(H10-C1-H12)
#  25  tau(H13-C2-C3-C4)
#  26  delta(O6-C7-H18)
#  27  delta(O6-C5-H17)
#  28  delta(C3-C2-H13)
#  29  tau(H11-C1-C2-C7)
#  30  nu(C5-C8)
#  31  nu(C2-C7)
#  32  delta(C4-C5-O6)
#  33  delta(C2-C1-H12)
#  34  gamma(H16;C4,C3,C5)
#  35  delta(C1-C2-C7)
#  36  nu(C3-C4)
#  37  nu(C4-C5)
#  38  tau(H12-C1-C2-C3)
#  39  nu(C1-C2)
#  40  delta(C2-C1-H10)
#  41  tau(C1-C2-C7-C3)
#  42  tau(C2-C3-C4-H15)
#  43  delta(C4-C5-C8)
#  44  delta(C3-C7-O6)
#  45  tau(H16-C4-C5-C8)
#  46  delta(O6-C5-C8)
#  47  nu(C3-C7)
#  48  tau(C2-C3-C7-O6)

Wrote: /local/scratch/mv487/qm9s/experiment_1_phase2/ped/74431/74431_summary.csv
Wrote: /local/scratch/mv487/qm9s/experiment_1_phase2/ped/74431/74431_families.csv
Wrote: /local/scratch/mv487/qm9s/experiment_1_phase2/ped/74431/74431_ped.csv
Wrote: /local/scratch/mv487/qm9s/experiment_1_phase2/ped/74431/74431_ir_transitions.csv

# All generated files are in: /local/scratch/mv487/qm9s/experiment_1_phase2/ped/74431
# Manifest: /local/scratch/mv487/qm9s/experiment_1_phase2/ped/74431/74431_manifest.txt

--- stderr ---
Normal modes/frequencies absent or incomplete: diagonalizing Hessian.
