# Contact: romi@lens.unifi.it
# Manual: https://github.com/SebRoLENS/orca-ped-analyzer/blob/main/docs/ORCA_PED_Analyzer_Manual.md
# Check GitHub for updates and new releases: https://github.com/SebRoLENS/orca-ped-analyzer
#
# Molecule: 19 atoms | non-linear
# Bonds inferred: 20 | candidate ICs: 189 | selected ICs: 51
# Cartesian-Hessian reconstruction relative error: 3.476e-05
# Energy distribution: PED (PED is the backward-compatible default; TED includes kinetic-energy terms)
# Ring/cycle bonds detected: 8 | ring atoms: 7 | ring systems: 1
# VPT2: no matching .out file supplied/found -> harmonic/PED analysis only
#
 Mode   Harm/cm-1   VPT2/cm-1  Harm.Int/km mol-1  Assignment                                                     Grouped PED
------------------------------------------------------------------------------------------------------------------------------------------------------------------------------------------------
    6       88.53          --                 --  mixed cyclic-ring torsional/out-of-plane deformation / ring-site C-H out-of-plane bending / cyclic-ring torsional/out-of-plane deformation cyclic-ring torsional/out-of-plane deformation 33.89%; ring-site C-H out-of-plane bending 29.45%; cyclic-ring torsional/out-of-plane deformation 22.46%; cyclic-ring deformation (C-C-C bend) 7.29%
    7      149.04          --                 --  mixed ring-site C-H out-of-plane bending / cyclic-ring torsional/out-of-plane deformation ring-site C-H out-of-plane bending 65.85%; cyclic-ring torsional/out-of-plane deformation 11.32%; cyclic-ring torsional/out-of-plane deformation 8.90%; cyclic-ring deformation (C-N-C bend) 5.55%
    8      198.33          --                 --  mixed ring-site C-H out-of-plane bending / C-C torsion         ring-site C-H out-of-plane bending 63.23%; C-C torsion 17.17%; cyclic-ring torsional/out-of-plane deformation 3.69%; cyclic-ring deformation (C-N-C bend) 2.86%
    9      240.76          --                 --  ring-site C-H out-of-plane bending                             ring-site C-H out-of-plane bending 76.49%; cyclic-ring out-of-plane deformation 7.70%; cyclic-ring torsional/out-of-plane deformation 3.27%; C-C torsion 3.25%
   10      291.46          --                 --  mixed ring-site C-H out-of-plane bending / C-C-N bending / cyclic-ring out-of-plane deformation ring-site C-H out-of-plane bending 28.32%; C-C-N bending 22.51%; cyclic-ring out-of-plane deformation 19.15%; cyclic-ring deformation (C-C-C bend) 13.01%
   11      354.30          --                 --  mixed ring-site C-H out-of-plane bending / cyclic-ring out-of-plane deformation ring-site C-H out-of-plane bending 48.87%; cyclic-ring out-of-plane deformation 21.40%; ring-site C-H in-plane bending 8.34%; C-C-N bending 6.97%
   12      391.20          --                 --  mixed ring-site C-H out-of-plane bending / cyclic-ring out-of-plane deformation ring-site C-H out-of-plane bending 53.02%; cyclic-ring out-of-plane deformation 16.79%; cyclic-ring deformation (C-N-C bend) 8.04%; cyclic-ring deformation (C-C-C bend) 6.52%
   13      451.12          --                 --  mixed C-C-O bending / cyclic-ring deformation (C-C-C bend) / cyclic-ring deformation (C-N-C bend) C-C-O bending 19.18%; cyclic-ring deformation (C-C-C bend) 18.86%; cyclic-ring deformation (C-N-C bend) 15.87%; cyclic-ring out-of-plane deformation 13.90%
   14      497.83          --                 --  mixed C-C-N bending / C-C-O bending                            C-C-N bending 25.34%; C-C-O bending 18.85%; ring-site N-H out-of-plane bending 11.67%; ring-site C-H out-of-plane bending 9.51%
   15      527.97          --                 --  ring-site N-H out-of-plane bending                             ring-site N-H out-of-plane bending 84.69%; ring-site C-H in-plane bending 5.04%
   16      548.66          --                 --  mixed ring-site N-H out-of-plane bending / cyclic-ring out-of-plane deformation ring-site N-H out-of-plane bending 37.62%; cyclic-ring out-of-plane deformation 20.39%; cyclic-ring deformation (C-C-C bend) 13.18%; ring-site C-H out-of-plane bending 8.89%
   17      638.58          --                 --  ring-site N-H out-of-plane bending                             ring-site N-H out-of-plane bending 89.76%; ring-site C-H in-plane bending 3.36%
   18      704.91          --                 --  mixed cyclic C-C stretching / mixed-phase cyclic C-N stretching cyclic C-C stretching 28.69%; mixed-phase cyclic C-N stretching 15.08%; cyclic-ring out-of-plane deformation 11.38%; cyclic-ring deformation (C-N-C bend) 11.03%
   19      740.28          --                 --  mixed cyclic-ring out-of-plane deformation / cyclic C-N stretching / ring-site C-H out-of-plane bending cyclic-ring out-of-plane deformation 29.25%; cyclic C-N stretching 23.42%; ring-site C-H out-of-plane bending 18.38%; cyclic C-C stretching 5.74%
   20      819.29          --                 --  mixed cyclic-ring out-of-plane deformation / opposite-phase cyclic C-C stretching / ring-site C-H out-of-plane bending cyclic-ring out-of-plane deformation 25.31%; opposite-phase cyclic C-C stretching 21.95%; ring-site C-H out-of-plane bending 16.03%; cyclic C-N stretching 12.26%
   21      845.49          --                 --  mixed ring-site C-H out-of-plane bending / cyclic C-C stretching / cyclic-ring deformation (C-C-C bend) ring-site C-H out-of-plane bending 19.47%; cyclic C-C stretching 17.20%; cyclic-ring deformation (C-C-C bend) 17.06%; cyclic-ring deformation (C-N-C bend) 13.39%
   22      878.52          --                 --  mixed mixed-phase cyclic C-C stretching / mixed-phase cyclic C-N stretching mixed-phase cyclic C-C stretching 28.16%; mixed-phase cyclic C-N stretching 24.58%; ring-site N-H in-plane bending 11.78%; ring-site C-H out-of-plane bending 11.41%
   23      936.68          --                 --  mixed ring-site C-H out-of-plane bending / ring-site C-H in-plane bending ring-site C-H out-of-plane bending 43.56%; ring-site C-H in-plane bending 27.41%; cyclic C-C stretching 5.76%; C-H bending 4.94%
   24      966.76          --                 --  mixed C-H bending / mixed-phase cyclic C-C stretching          C-H bending 33.88%; mixed-phase cyclic C-C stretching 18.64%; ring-site C-H in-plane bending 12.48%; ring-site C-H out-of-plane bending 10.24%
   25      994.15          --                 --  mixed ring-site C-H out-of-plane bending / cyclic-ring out-of-plane deformation ring-site C-H out-of-plane bending 48.91%; cyclic-ring out-of-plane deformation 15.59%; ring-site C-H in-plane bending 14.42%; C-H bending 11.77%
   26     1059.69          --                 --  mixed ring-site C-H out-of-plane bending / opposite-phase cyclic C-N stretching ring-site C-H out-of-plane bending 25.75%; opposite-phase cyclic C-N stretching 16.33%; cyclic-ring out-of-plane deformation 13.09%; exocyclic C-C stretching 13.00%
   27     1065.43          --                 --  mixed ring-site C-H out-of-plane bending / C-H bending         ring-site C-H out-of-plane bending 47.21%; C-H bending 20.63%; opposite-phase cyclic C-N stretching 9.46%; ring-site C-H in-plane bending 8.74%
   28     1102.01          --                 --  mixed ring-site C-H out-of-plane bending / C-H bending         ring-site C-H out-of-plane bending 49.47%; C-H bending 21.07%; ring-site C-H in-plane bending 13.98%; C-C-N bending 3.58%
   29     1110.94          --                 --  mixed ring-site C-H out-of-plane bending / cyclic C-N stretching ring-site C-H out-of-plane bending 68.93%; cyclic C-N stretching 7.33%; cyclic C-C stretching 6.01%; ring-site C-H in-plane bending 3.69%
   30     1162.19          --                 --  ring-site C-H out-of-plane bending                             ring-site C-H out-of-plane bending 72.19%; cyclic-ring out-of-plane deformation 14.64%; cyclic C-C stretching 3.25%; C-H bending 2.66%
   31     1182.74          --                 --  mixed ring-site C-H out-of-plane bending / ring-site N-H in-plane bending ring-site C-H out-of-plane bending 35.45%; ring-site N-H in-plane bending 34.64%; ring-site C-H in-plane bending 9.93%; cyclic-ring out-of-plane deformation 7.97%
   32     1231.98          --                 --  mixed ring-site C-H in-plane bending / cyclic-ring out-of-plane deformation ring-site C-H in-plane bending 60.51%; cyclic-ring out-of-plane deformation 11.24%; ring-site C-H out-of-plane bending 9.82%; C-H bending 5.83%
   33     1268.32          --                 --  mixed ring-site C-H out-of-plane bending / ring-site C-H in-plane bending ring-site C-H out-of-plane bending 37.78%; ring-site C-H in-plane bending 33.12%; cyclic-ring out-of-plane deformation 14.94%; exocyclic C-C stretching 4.21%
   34     1282.79          --                 --  mixed ring-site C-H in-plane bending / ring-site C-H out-of-plane bending / mixed-phase cyclic C-N stretching ring-site C-H in-plane bending 40.25%; ring-site C-H out-of-plane bending 23.04%; mixed-phase cyclic C-N stretching 17.01%; mixed-phase cyclic C-C stretching 6.82%
   35     1323.30          --                 --  mixed ring-site C-H in-plane bending / mixed-phase cyclic C-C stretching / opposite-phase cyclic C-N stretching ring-site C-H in-plane bending 33.63%; mixed-phase cyclic C-C stretching 26.11%; opposite-phase cyclic C-N stretching 23.86%; cyclic-ring out-of-plane deformation 3.73%
   36     1332.43          --                 --  mixed ring-site C-H out-of-plane bending / ring-site C-H in-plane bending ring-site C-H out-of-plane bending 45.06%; ring-site C-H in-plane bending 26.19%; cyclic-ring out-of-plane deformation 12.87%; ring-site N-H in-plane bending 6.48%
   37     1363.50          --                 --  mixed mixed-phase cyclic C-C stretching / ring-site C-H in-plane bending mixed-phase cyclic C-C stretching 23.91%; ring-site C-H in-plane bending 18.99%; ring-site C-H out-of-plane bending 14.84%; C-H bending 13.77%
   38     1400.78          --                 --  mixed ring-site C-H in-plane bending / C-H bending             ring-site C-H in-plane bending 28.19%; C-H bending 15.99%; ring-site N-H in-plane bending 14.05%; mixed-phase cyclic C-C stretching 13.24%
   39     1423.84          --                 --  C-H bending                                                    C-H bending 87.25%; exocyclic C-C stretching 6.01%
   40     1455.81          --                 --  mixed C-H bending / ring-site C-H out-of-plane bending / ring-site C-H in-plane bending C-H bending 36.68%; ring-site C-H out-of-plane bending 21.37%; ring-site C-H in-plane bending 16.07%; mixed-phase cyclic C-C stretching 14.03%
   41     1469.38          --                 --  mixed C-H bending / ring-site C-H in-plane bending             C-H bending 68.11%; ring-site C-H in-plane bending 13.13%; ring-site C-H out-of-plane bending 5.85%; ring-site N-H in-plane bending 4.23%
   42     1486.48          --                 --  mixed C-H bending / ring-site N-H in-plane bending             C-H bending 39.69%; ring-site N-H in-plane bending 24.26%; ring-site C-H in-plane bending 11.07%; mixed-phase cyclic C-N stretching 9.55%
   43     1495.23          --                 --  C-H bending                                                    C-H bending 89.71%; cyclic C-C stretching 3.08%; ring-site C-H out-of-plane bending 2.93%
   44     1503.09          --                 --  C-H bending                                                    C-H bending 86.18%; ring-site C-H out-of-plane bending 5.62%; cyclic C-C stretching 4.41%
   45     1525.94          --                 --  mixed C-H bending / ring-site C-H out-of-plane bending         C-H bending 49.83%; ring-site C-H out-of-plane bending 43.52%
   46     1755.51          --                 --  exocyclic C-O stretching                                       exocyclic C-O stretching 73.13%; cyclic C-N stretching 8.42%; cyclic C-C stretching 3.76%; cyclic-ring deformation (C-N-C bend) 3.68%
   47     2987.28          --                 --  ring-site C-H stretching                                       ring-site C-H stretching 99.26%
   48     3023.19          --                 --  ring-site C-H stretching                                       ring-site C-H stretching 80.44%; C-H stretching 19.00%
   49     3028.67          --                 --  C-H stretching                                                 C-H stretching 80.26%; ring-site C-H stretching 19.36%
   50     3052.38          --                 --  ring-site C-H stretching                                       ring-site C-H stretching 99.19%
   51     3079.34          --                 --  mixed-phase ring-site C-H stretching                           mixed-phase ring-site C-H stretching 90.33%; opposite-phase C-H stretching 9.12%
   52     3084.21          --                 --  opposite-phase C-H stretching                                  opposite-phase C-H stretching 90.53%; mixed-phase ring-site C-H stretching 9.04%
   53     3115.81          --                 --  mixed-phase C-H stretching                                     mixed-phase C-H stretching 98.32%
   54     3126.38          --                 --  ring-site C-H stretching                                       ring-site C-H stretching 97.55%
   55     3477.78          --                 --  ring-site N-H stretching                                       ring-site N-H stretching 99.75%
   56     3599.18          --                 --  ring-site N-H stretching                                       ring-site N-H stretching 99.40%

# Selected internal-coordinate set:
#   1  nu(C1-C2)
#   2  nu(C3-C4)
#   3  nu(N6-C7)
#   4  nu(C8-N9)
#   5  nu(C3-H14)
#   6  nu(C7-H17)
#   7  nu(C1-H10)
#   8  nu(N9-H19)
#   9  nu(C8-H18)
#  10  nu(C3-H13)
#  11  nu(N6-H15)
#  12  nu(C1-H11)
#  13  nu(C7-H16)
#  14  nu(C4-O5)
#  15  tau(O5-C4-N6-H15)
#  16  tau(H18-C8-N9-H19)
#  17  nu(C1-H12)
#  18  gamma(N9;C8,C2,H18)
#  19  tau(O5-C4-N6-C7)
#  20  gamma(C3;C2,C1,N9)
#  21  delta(C3-C4-O5)
#  22  delta(C7-N6-H15)
#  23  delta(H13-C3-H14)
#  24  delta(H16-C7-H17)
#  25  delta(H10-C1-H11)
#  26  delta(C8-N9-H19)
#  27  delta(H11-C1-H12)
#  28  delta(H10-C1-H12)
#  29  delta(C4-C3-H13)
#  30  delta(C8-C7-H17)
#  31  gamma(H18;C8,C2,N9)
#  32  delta(C8-C7-H16)
#  33  delta(C4-C3-H14)
#  34  delta(C1-C2-N9)
#  35  tau(C3-C4-N6-H15)
#  36  nu(C7-C8)
#  37  delta(C2-C1-H11)
#  38  delta(C4-N6-C7)
#  39  tau(H17-C7-C8-C2)
#  40  delta(C2-C3-H13)
#  41  nu(C4-N6)
#  42  delta(C2-C8-C7)
#  43  delta(C2-C1-H10)
#  44  nu(C2-C3)
#  45  tau(H17-C7-C8-H18)
#  46  delta(C2-C3-C4)
#  47  tau(H10-C1-C2-C3)
#  48  gamma(N9;C8,C2,C7)
#  49  nu(C2-C8)
#  50  tau(C1-C2-C3-C4)
#  51  tau(N6-C7-C8-H18)

Wrote: /local/scratch/mv487/qm9s/experiment_1_phase2/ped/64834/64834_summary.csv
Wrote: /local/scratch/mv487/qm9s/experiment_1_phase2/ped/64834/64834_families.csv
Wrote: /local/scratch/mv487/qm9s/experiment_1_phase2/ped/64834/64834_ped.csv
Wrote: /local/scratch/mv487/qm9s/experiment_1_phase2/ped/64834/64834_ir_transitions.csv

# All generated files are in: /local/scratch/mv487/qm9s/experiment_1_phase2/ped/64834
# Manifest: /local/scratch/mv487/qm9s/experiment_1_phase2/ped/64834/64834_manifest.txt

--- stderr ---
Normal modes/frequencies absent or incomplete: diagonalizing Hessian.
