# Contact: romi@lens.unifi.it
# Manual: https://github.com/SebRoLENS/orca-ped-analyzer/blob/main/docs/ORCA_PED_Analyzer_Manual.md
# Check GitHub for updates and new releases: https://github.com/SebRoLENS/orca-ped-analyzer
#
# Molecule: 18 atoms | non-linear
# Bonds inferred: 18 | candidate ICs: 162 | selected ICs: 48
# Cartesian-Hessian reconstruction relative error: 2.573e-05
# Energy distribution: PED (PED is the backward-compatible default; TED includes kinetic-energy terms)
# Ring/cycle bonds detected: 6 | ring atoms: 6 | ring systems: 1
# VPT2: no matching .out file supplied/found -> harmonic/PED analysis only
#
 Mode   Harm/cm-1   VPT2/cm-1  Harm.Int/km mol-1  Assignment                                                     Grouped PED
------------------------------------------------------------------------------------------------------------------------------------------------------------------------------------------------
    6       63.13          --                 --  mixed cyclic-ring torsional/out-of-plane deformation / cyclic-ring torsional/out-of-plane deformation cyclic-ring torsional/out-of-plane deformation 51.74%; cyclic-ring torsional/out-of-plane deformation 23.31%; cyclic-ring deformation (C-C-C bend) 13.52%; C-C-O bending 3.30%
    7      132.39          --                 --  mixed ring-site C-H out-of-plane bending / cyclic-ring torsional/out-of-plane deformation ring-site C-H out-of-plane bending 56.18%; cyclic-ring torsional/out-of-plane deformation 17.66%; cyclic-ring torsional/out-of-plane deformation 10.00%; cyclic-ring deformation (C-O-C bend) 9.47%
    8      212.12          --                 --  C-C torsion                                                    C-C torsion 98.12%
    9      287.51          --                 --  mixed ring-site C-H out-of-plane bending / C-C-C bending       ring-site C-H out-of-plane bending 55.70%; C-C-C bending 12.97%; cyclic-ring torsional/out-of-plane deformation 10.90%; ring-site C-H in-plane bending 7.82%
   10      298.92          --                 --  mixed ring-site C-H out-of-plane bending / C-C-C bending       ring-site C-H out-of-plane bending 52.30%; C-C-C bending 16.42%; C-C torsion 12.79%; cyclic-ring deformation (C-O-C bend) 6.13%
   11      366.96          --                 --  mixed ring-site C-H out-of-plane bending / ring-site C-H in-plane bending ring-site C-H out-of-plane bending 67.68%; ring-site C-H in-plane bending 11.46%; cyclic-ring deformation (C-C-C bend) 10.32%; C-C torsion 3.05%
   12      418.47          --                 --  mixed cyclic-ring deformation (C-C-C bend) / cyclic-ring deformation (C-O-C bend) / ring-site C-H out-of-plane bending cyclic-ring deformation (C-C-C bend) 39.23%; cyclic-ring deformation (C-O-C bend) 21.22%; ring-site C-H out-of-plane bending 17.63%; ring-site C-H in-plane bending 7.30%
   13      457.08          --                 --  mixed cyclic-ring deformation (C-C-C bend) / ring-site C-H out-of-plane bending cyclic-ring deformation (C-C-C bend) 28.39%; ring-site C-H out-of-plane bending 23.74%; C-C-O bending 11.48%; cyclic-ring deformation (C-O-C bend) 10.80%
   14      529.91          --                 --  mixed C-C-O bending / cyclic C-C stretching                    C-C-O bending 40.54%; cyclic C-C stretching 14.79%; ring-site C-H in-plane bending 9.70%; cyclic C-O stretching 9.68%
   15      604.67          --                 --  mixed ring-site C-H out-of-plane bending / cyclic-ring deformation (C-O-C bend) ring-site C-H out-of-plane bending 34.39%; cyclic-ring deformation (C-O-C bend) 18.77%; ring-site C-H in-plane bending 13.17%; cyclic C-C stretching 9.18%
   16      667.89          --                 --  mixed ring-site C-H out-of-plane bending / cyclic C-O stretching ring-site C-H out-of-plane bending 32.20%; cyclic C-O stretching 17.43%; ring-site C-H in-plane bending 12.27%; cyclic-ring out-of-plane deformation 11.61%
   17      755.57          --                 --  mixed ring-site C-H out-of-plane bending / cyclic-ring out-of-plane deformation ring-site C-H out-of-plane bending 31.77%; cyclic-ring out-of-plane deformation 17.86%; C-H bending 10.93%; ring-site C-H in-plane bending 9.80%
   18      871.28          --                 --  mixed mixed-phase cyclic C-C stretching / C-H bending / ring-site C-H in-plane bending mixed-phase cyclic C-C stretching 33.19%; C-H bending 17.33%; ring-site C-H in-plane bending 15.64%; ring-site C-H out-of-plane bending 15.50%
   19      891.49          --                 --  mixed ring-site C-H out-of-plane bending / ring-site C-H in-plane bending ring-site C-H out-of-plane bending 40.11%; ring-site C-H in-plane bending 34.89%; C-H bending 14.84%; cyclic C-C stretching 4.02%
   20      910.37          --                 --  mixed mixed-phase cyclic C-C stretching / ring-site C-H in-plane bending mixed-phase cyclic C-C stretching 42.41%; ring-site C-H in-plane bending 28.08%; ring-site C-H out-of-plane bending 8.61%; cyclic C-O stretching 6.71%
   21      953.13          --                 --  mixed ring-site C-H out-of-plane bending / ring-site C-H in-plane bending ring-site C-H out-of-plane bending 39.13%; ring-site C-H in-plane bending 15.79%; cyclic C-C stretching 11.38%; C-H bending 9.49%
   22      998.81          --                 --  mixed ring-site C-H in-plane bending / C-H bending             ring-site C-H in-plane bending 50.77%; C-H bending 31.16%; ring-site C-H out-of-plane bending 7.44%; C-C torsion 3.44%
   23     1028.08          --                 --  mixed C-H bending / mixed-phase cyclic C-C stretching          C-H bending 33.23%; mixed-phase cyclic C-C stretching 16.79%; cyclic C-O stretching 13.29%; ring-site C-H in-plane bending 11.78%
   24     1069.48          --                 --  mixed opposite-phase cyclic C-C stretching / ring-site C-H in-plane bending opposite-phase cyclic C-C stretching 28.36%; ring-site C-H in-plane bending 25.52%; exocyclic C-C stretching 12.18%; ring-site C-H out-of-plane bending 10.30%
   25     1111.72          --                 --  mixed ring-site C-H in-plane bending / mixed-phase cyclic C-O stretching / ring-site C-H out-of-plane bending ring-site C-H in-plane bending 25.49%; mixed-phase cyclic C-O stretching 24.94%; ring-site C-H out-of-plane bending 16.06%; cyclic C-C stretching 12.02%
   26     1135.98          --                 --  mixed ring-site C-H in-plane bending / C-H bending             ring-site C-H in-plane bending 34.15%; C-H bending 21.76%; exocyclic C-C stretching 10.97%; C-C torsion 8.16%
   27     1155.30          --                 --  mixed ring-site C-H in-plane bending / mixed-phase cyclic C-O stretching ring-site C-H in-plane bending 28.55%; mixed-phase cyclic C-O stretching 28.49%; mixed-phase cyclic C-C stretching 14.04%; C-C-O bending 13.71%
   28     1174.84          --                 --  mixed ring-site C-H out-of-plane bending / ring-site C-H in-plane bending / C-H bending ring-site C-H out-of-plane bending 31.41%; ring-site C-H in-plane bending 21.80%; C-H bending 17.61%; mixed-phase cyclic C-C stretching 16.26%
   29     1224.13          --                 --  ring-site C-H in-plane bending                                 ring-site C-H in-plane bending 77.15%; ring-site C-H out-of-plane bending 7.86%; C-H bending 4.43%; cyclic C-C stretching 4.01%
   30     1264.03          --                 --  mixed ring-site C-H in-plane bending / C-H bending             ring-site C-H in-plane bending 46.57%; C-H bending 15.02%; ring-site C-H out-of-plane bending 14.56%; mixed-phase cyclic C-C stretching 7.46%
   31     1303.39          --                 --  ring-site C-H in-plane bending                                 ring-site C-H in-plane bending 86.52%; ring-site C-H out-of-plane bending 4.96%; cyclic C-C stretching 2.77%; C-H bending 2.04%
   32     1320.05          --                 --  mixed C-H bending / ring-site C-H in-plane bending             C-H bending 55.00%; ring-site C-H in-plane bending 36.05%; exocyclic C-C stretching 2.03%
   33     1357.88          --                 --  ring-site C-H in-plane bending                                 ring-site C-H in-plane bending 75.79%; C-C torsion 7.76%; ring-site C-H out-of-plane bending 6.47%; mixed-phase cyclic C-C stretching 4.61%
   34     1382.77          --                 --  mixed ring-site C-H in-plane bending / C-H bending             ring-site C-H in-plane bending 63.18%; C-H bending 11.82%; ring-site C-H out-of-plane bending 10.10%; mixed-phase cyclic C-C stretching 7.04%
   35     1388.40          --                 --  mixed ring-site C-H in-plane bending / ring-site C-H out-of-plane bending ring-site C-H in-plane bending 66.11%; ring-site C-H out-of-plane bending 19.36%; mixed-phase cyclic C-C stretching 11.48%
   36     1420.12          --                 --  C-H bending                                                    C-H bending 89.64%; ring-site C-H in-plane bending 5.35%; exocyclic C-C stretching 3.04%
   37     1427.64          --                 --  ring-site C-H in-plane bending                                 ring-site C-H in-plane bending 79.06%; cyclic C-C stretching 5.66%; cyclic C-O stretching 4.91%; ring-site C-H out-of-plane bending 3.89%
   38     1488.77          --                 --  ring-site C-H out-of-plane bending                             ring-site C-H out-of-plane bending 77.97%; ring-site C-H in-plane bending 15.76%; C-H bending 2.35%
   39     1496.34          --                 --  mixed C-H bending / C-C torsion                                C-H bending 52.54%; C-C torsion 25.18%; ring-site C-H out-of-plane bending 16.59%; ring-site C-H in-plane bending 4.52%
   40     1503.53          --                 --  mixed ring-site C-H out-of-plane bending / C-H bending / ring-site C-H in-plane bending ring-site C-H out-of-plane bending 46.65%; C-H bending 28.33%; ring-site C-H in-plane bending 20.70%; C-C torsion 3.19%
   41     1507.59          --                 --  mixed C-H bending / C-C torsion                                C-H bending 46.61%; C-C torsion 32.66%; ring-site C-H out-of-plane bending 10.78%; ring-site C-H in-plane bending 8.15%
   42     1521.17          --                 --  C-H bending                                                    C-H bending 72.52%; ring-site C-H in-plane bending 16.71%; ring-site C-H out-of-plane bending 9.23%
   43     1802.97          --                 --  exocyclic C-O stretching                                       exocyclic C-O stretching 84.21%; cyclic C-C stretching 4.32%; cyclic-ring deformation (C-O-C bend) 3.15%; cyclic-ring deformation (C-C-C bend) 2.42%
   44     2992.56          --                 --  ring-site C-H stretching                                       ring-site C-H stretching 98.07%
   45     3016.78          --                 --  ring-site C-H stretching                                       ring-site C-H stretching 98.12%
   46     3024.95          --                 --  ring-site C-H stretching                                       ring-site C-H stretching 99.33%
   47     3032.47          --                 --  mixed-phase ring-site C-H stretching                           mixed-phase ring-site C-H stretching 98.63%
   48     3039.14          --                 --  C-H stretching                                                 C-H stretching 97.52%; ring-site C-H stretching 2.22%
   49     3068.53          --                 --  mixed-phase ring-site C-H stretching                           mixed-phase ring-site C-H stretching 98.16%
   50     3075.48          --                 --  mixed-phase ring-site C-H stretching                           mixed-phase ring-site C-H stretching 99.18%
   51     3096.43          --                 --  opposite-phase C-H stretching                                  opposite-phase C-H stretching 97.92%
   52     3105.48          --                 --  mixed-phase ring-site C-H stretching                           mixed-phase ring-site C-H stretching 99.32%
   53     3134.92          --                 --  mixed-phase C-H stretching                                     mixed-phase C-H stretching 99.46%

# Selected internal-coordinate set:
#   1  nu(C5-H17)
#   2  nu(C1-C2)
#   3  nu(C3-C4)
#   4  nu(C7-O8)
#   5  nu(C5-O6)
#   6  nu(C2-H12)
#   7  nu(C3-H14)
#   8  nu(C1-H10)
#   9  nu(C4-H15)
#  10  nu(C5-H18)
#  11  nu(C3-H13)
#  12  nu(C1-H9)
#  13  nu(C4-H16)
#  14  gamma(C2;C7,O6,O8)
#  15  nu(C1-H11)
#  16  nu(C2-C7)
#  17  nu(O6-C7)
#  18  tau(H14-C3-C4-H15)
#  19  delta(H17-C5-H18)
#  20  delta(C4-C3-H13)
#  21  delta(O6-C5-H18)
#  22  tau(H9-C1-C2-H12)
#  23  delta(H10-C1-H11)
#  24  tau(H13-C3-C4-H16)
#  25  delta(C1-C2-H12)
#  26  delta(O6-C5-H17)
#  27  delta(C3-C4-H16)
#  28  delta(C2-C1-H11)
#  29  delta(C2-C1-H9)
#  30  delta(C2-C7-O8)
#  31  delta(C3-C4-H15)
#  32  delta(C4-C3-H14)
#  33  delta(C2-C1-H10)
#  34  tau(C2-C3-C4-H16)
#  35  tau(C5-O6-C7-O8)
#  36  delta(C5-O6-C7)
#  37  tau(H14-C3-C4-C5)
#  38  delta(C4-C5-H17)
#  39  tau(H10-C1-C2-C7)
#  40  nu(C2-C3)
#  41  nu(C4-C5)
#  42  delta(C7-C2-H12)
#  43  delta(C3-C2-C7)
#  44  delta(C3-C2-H12)
#  45  delta(C3-C4-C5)
#  46  delta(C2-C3-H14)
#  47  delta(C1-C2-C7)
#  48  tau(C1-C2-C3-C4)

Wrote: /local/scratch/mv487/qm9s/experiment_1_phase2/ped/11270/11270_summary.csv
Wrote: /local/scratch/mv487/qm9s/experiment_1_phase2/ped/11270/11270_families.csv
Wrote: /local/scratch/mv487/qm9s/experiment_1_phase2/ped/11270/11270_ped.csv
Wrote: /local/scratch/mv487/qm9s/experiment_1_phase2/ped/11270/11270_ir_transitions.csv

# All generated files are in: /local/scratch/mv487/qm9s/experiment_1_phase2/ped/11270
# Manifest: /local/scratch/mv487/qm9s/experiment_1_phase2/ped/11270/11270_manifest.txt

--- stderr ---
Normal modes/frequencies absent or incomplete: diagonalizing Hessian.
