# Contact: romi@lens.unifi.it
# Manual: https://github.com/SebRoLENS/orca-ped-analyzer/blob/main/docs/ORCA_PED_Analyzer_Manual.md
# Check GitHub for updates and new releases: https://github.com/SebRoLENS/orca-ped-analyzer
#
# Molecule: 14 atoms | non-linear
# Bonds inferred: 15 | candidate ICs: 141 | selected ICs: 36
# Cartesian-Hessian reconstruction relative error: 3.283e-05
# Energy distribution: PED (PED is the backward-compatible default; TED includes kinetic-energy terms)
# Ring/cycle bonds detected: 7 | ring atoms: 6 | ring systems: 1
# VPT2: no matching .out file supplied/found -> harmonic/PED analysis only
#
 Mode   Harm/cm-1   VPT2/cm-1  Harm.Int/km mol-1  Assignment                                                     Grouped PED
------------------------------------------------------------------------------------------------------------------------------------------------------------------------------------------------
    6      129.42          --                 --  mixed cyclic-ring torsional/out-of-plane deformation / C-C-N linear bending cyclic-ring torsional/out-of-plane deformation 40.98%; C-C-N linear bending 19.32%; cyclic-ring deformation (C-C-C bend) 12.43%; C-C-C bending 8.22%
    7      147.16          --                 --  mixed cyclic-ring deformation (C-C-C bend) / cyclic-ring out-of-plane deformation / cyclic-ring torsional/out-of-plane deformation cyclic-ring deformation (C-C-C bend) 24.73%; cyclic-ring out-of-plane deformation 18.13%; cyclic-ring torsional/out-of-plane deformation 16.49%; C-C-C bending 15.09%
    8      178.94          --                 --  mixed cyclic-ring deformation (C-C-C bend) / cyclic-ring out-of-plane deformation / cyclic-ring torsional/out-of-plane deformation cyclic-ring deformation (C-C-C bend) 20.69%; cyclic-ring out-of-plane deformation 19.05%; cyclic-ring torsional/out-of-plane deformation 16.86%; C-C-N linear bending 14.04%
    9      288.31          --                 --  mixed cyclic-ring torsional/out-of-plane deformation / cyclic-ring torsional/out-of-plane deformation cyclic-ring torsional/out-of-plane deformation 48.32%; cyclic-ring torsional/out-of-plane deformation 33.40%; ring-site C-H out-of-plane bending 13.40%; cyclic-ring deformation (C-C-C bend) 2.24%
   10      385.14          --                 --  mixed ring-site C-H out-of-plane bending / cyclic-ring torsional/out-of-plane deformation ring-site C-H out-of-plane bending 22.55%; cyclic-ring torsional/out-of-plane deformation 22.15%; mixed-phase cyclic C-C stretching 13.97%; cyclic-ring deformation (C-C-C bend) 12.29%
   11      454.91          --                 --  mixed ring-site C-H out-of-plane bending / ring-site C-H in-plane bending ring-site C-H out-of-plane bending 61.72%; ring-site C-H in-plane bending 19.26%; cyclic-ring torsional/out-of-plane deformation 7.83%; cyclic-ring torsional/out-of-plane deformation 4.16%
   12      494.87          --                 --  mixed mixed-phase cyclic C-C stretching / cyclic-ring deformation (C-C-C bend) mixed-phase cyclic C-C stretching 25.25%; cyclic-ring deformation (C-C-C bend) 23.66%; exocyclic C-C stretching 11.38%; ring-site C-H out-of-plane bending 8.96%
   13      532.65          --                 --  mixed C-C-N linear bending / mixed-phase cyclic C-C stretching / C-C-C bending C-C-N linear bending 38.85%; mixed-phase cyclic C-C stretching 18.90%; C-C-C bending 17.41%; ring-site C-H out-of-plane bending 8.44%
   14      564.72          --                 --  mixed cyclic C-C stretching / ring-site C-H out-of-plane bending cyclic C-C stretching 29.52%; ring-site C-H out-of-plane bending 25.83%; ring-site C-H in-plane bending 8.68%; cyclic-ring deformation (C-O-C bend) 8.06%
   15      665.36          --                 --  mixed mixed-phase cyclic C-C stretching / cyclic-ring deformation (C-O-C bend) / ring-site C-H out-of-plane bending mixed-phase cyclic C-C stretching 41.27%; cyclic-ring deformation (C-O-C bend) 20.72%; ring-site C-H out-of-plane bending 16.85%; cyclic-ring torsional/out-of-plane deformation 5.73%
   16      706.52          --                 --  mixed cyclic C-C stretching / O-C-C bending / ring-site C-H out-of-plane bending cyclic C-C stretching 20.77%; O-C-C bending 19.84%; ring-site C-H out-of-plane bending 18.29%; cyclic-ring torsional/out-of-plane deformation 15.67%
   17      759.00          --                 --  mixed mixed-phase cyclic C-C stretching / cyclic-ring deformation (C-C-C bend) mixed-phase cyclic C-C stretching 44.70%; cyclic-ring deformation (C-C-C bend) 16.02%; ring-site C-H out-of-plane bending 12.47%; cyclic-ring torsional/out-of-plane deformation 8.95%
   18      828.28          --                 --  mixed mixed-phase cyclic C-C stretching / ring-site C-H out-of-plane bending / cyclic-ring torsional/out-of-plane deformation mixed-phase cyclic C-C stretching 28.24%; ring-site C-H out-of-plane bending 18.99%; cyclic-ring torsional/out-of-plane deformation 17.39%; cyclic-ring out-of-plane deformation 11.24%
   19      878.13          --                 --  mixed ring-site C-H out-of-plane bending / cyclic C-C stretching / ring-site C-H in-plane bending ring-site C-H out-of-plane bending 31.80%; cyclic C-C stretching 29.90%; ring-site C-H in-plane bending 22.95%; opposite-phase cyclic C-O stretching 6.79%
   20      894.65          --                 --  mixed in-phase cyclic C-O stretching / cyclic-ring deformation (C-O-C bend) in-phase cyclic C-O stretching 62.19%; cyclic-ring deformation (C-O-C bend) 20.82%; ring-site C-H out-of-plane bending 4.62%; cyclic-ring deformation (C-C-C bend) 4.20%
   21      949.27          --                 --  mixed opposite-phase cyclic C-O stretching / ring-site C-H in-plane bending / ring-site C-H out-of-plane bending opposite-phase cyclic C-O stretching 30.74%; ring-site C-H in-plane bending 25.03%; ring-site C-H out-of-plane bending 20.85%; mixed-phase cyclic C-C stretching 20.83%
   22      991.83          --                 --  mixed ring-site C-H in-plane bending / opposite-phase cyclic C-O stretching ring-site C-H in-plane bending 35.39%; opposite-phase cyclic C-O stretching 29.70%; ring-site C-H out-of-plane bending 12.67%; mixed-phase cyclic C-C stretching 10.80%
   23     1025.03          --                 --  mixed ring-site C-H out-of-plane bending / mixed-phase cyclic C-C stretching ring-site C-H out-of-plane bending 59.89%; mixed-phase cyclic C-C stretching 17.46%; cyclic-ring deformation (C-O-C bend) 6.67%; cyclic-ring deformation (C-C-C bend) 5.63%
   24     1057.15          --                 --  mixed ring-site C-H in-plane bending / ring-site C-H out-of-plane bending ring-site C-H in-plane bending 54.06%; ring-site C-H out-of-plane bending 25.48%; mixed-phase cyclic C-O stretching 7.70%; cyclic C-C stretching 6.00%
   25     1084.69          --                 --  mixed opposite-phase cyclic C-C stretching / cyclic-ring torsional/out-of-plane deformation / ring-site C-H in-plane bending opposite-phase cyclic C-C stretching 24.48%; cyclic-ring torsional/out-of-plane deformation 22.00%; ring-site C-H in-plane bending 15.39%; ring-site C-H out-of-plane bending 15.12%
   26     1134.46          --                 --  mixed ring-site C-H in-plane bending / ring-site C-H out-of-plane bending ring-site C-H in-plane bending 49.77%; ring-site C-H out-of-plane bending 27.05%; opposite-phase cyclic C-C stretching 10.71%; cyclic-ring torsional/out-of-plane deformation 3.61%
   27     1179.78          --                 --  mixed ring-site C-H in-plane bending / ring-site C-H out-of-plane bending ring-site C-H in-plane bending 42.30%; ring-site C-H out-of-plane bending 36.27%; mixed-phase cyclic C-C stretching 12.87%; cyclic-ring torsional/out-of-plane deformation 6.03%
   28     1197.73          --                 --  ring-site C-H in-plane bending                                 ring-site C-H in-plane bending 83.14%; cyclic C-C stretching 5.63%; ring-site C-H out-of-plane bending 3.88%; exocyclic C-C stretching 2.25%
   29     1220.21          --                 --  mixed ring-site C-H out-of-plane bending / ring-site C-H in-plane bending ring-site C-H out-of-plane bending 51.16%; ring-site C-H in-plane bending 37.44%; cyclic C-C stretching 7.28%
   30     1255.66          --                 --  mixed ring-site C-H in-plane bending / ring-site C-H out-of-plane bending ring-site C-H in-plane bending 34.41%; ring-site C-H out-of-plane bending 25.22%; exocyclic C-C stretching 13.83%; cyclic C-C stretching 10.58%
   31     1283.87          --                 --  mixed ring-site C-H out-of-plane bending / mixed-phase cyclic C-C stretching ring-site C-H out-of-plane bending 49.75%; mixed-phase cyclic C-C stretching 11.94%; exocyclic C-C stretching 9.34%; ring-site C-H in-plane bending 6.89%
   32     1370.39          --                 --  mixed ring-site C-H in-plane bending / ring-site C-H out-of-plane bending ring-site C-H in-plane bending 50.23%; ring-site C-H out-of-plane bending 14.60%; cyclic C-C stretching 10.14%; cyclic-ring deformation (C-C-C bend) 4.93%
   33     1484.92          --                 --  C-H bending                                                    C-H bending 78.46%; ring-site C-H in-plane bending 11.87%; ring-site C-H out-of-plane bending 9.12%
   34     1532.73          --                 --  C-H bending                                                    C-H bending 77.48%; ring-site C-H out-of-plane bending 11.69%; ring-site C-H in-plane bending 9.46%
   35     1903.50          --                 --  exocyclic C-O stretching                                       exocyclic C-O stretching 82.91%; in-phase cyclic C-C stretching 11.49%
   36     2357.13          --                 --  C-N stretching                                                 C-N stretching 88.70%; exocyclic C-C stretching 10.98%
   37     3056.07          --                 --  in-phase ring-site C-H stretching                              in-phase ring-site C-H stretching 99.39%
   38     3084.86          --                 --  in-phase ring-site C-H stretching                              in-phase ring-site C-H stretching 99.06%
   39     3107.09          --                 --  opposite-phase ring-site C-H stretching                        opposite-phase ring-site C-H stretching 98.36%
   40     3156.25          --                 --  opposite-phase ring-site C-H stretching                        opposite-phase ring-site C-H stretching 99.20%
   41     3191.60          --                 --  ring-site C-H stretching                                       ring-site C-H stretching 99.02%

# Selected internal-coordinate set:
#   1  nu(O1-C2)
#   2  nu(C3-O7)
#   3  nu(C4-C5)
#   4  nu(C6-H14)
#   5  nu(C8-N9)
#   6  nu(C3-C4)
#   7  nu(C6-H13)
#   8  delta_lin2(C5-C8-N9)
#   9  delta_lin1(C5-C8-N9)
#  10  nu(C4-H12)
#  11  nu(C6-O7)
#  12  delta(O1-C2-C5)
#  13  gamma(C3;C2,O1,C5)
#  14  nu(C3-H10)
#  15  nu(C4-H11)
#  16  nu(C5-C6)
#  17  gamma(H10;C3,C4,O7)
#  18  nu(C2-C5)
#  19  delta(O7-C6-H13)
#  20  delta(O7-C6-H14)
#  21  delta(H11-C4-H12)
#  22  delta(H13-C6-H14)
#  23  delta(C3-C4-H12)
#  24  delta(C5-C4-H12)
#  25  nu(C5-C8)
#  26  tau(C5-C2-C3-H10)
#  27  delta(C3-O7-C6)
#  28  tau(H13-C6-O7-C3)
#  29  nu(C2-C3)
#  30  tau(H11-C4-C5-C6)
#  31  tau(C8-C5-C6-O7)
#  32  delta(C6-C5-C8)
#  33  tau(C2-C5-C6-O7)
#  34  delta(C2-C5-C6)
#  35  tau(C2-C3-C4-H11)
#  36  tau(C2-C3-O7-C6)

Wrote: /local/scratch/mv487/qm9s/experiment_1_phase2/ped/39236/39236_summary.csv
Wrote: /local/scratch/mv487/qm9s/experiment_1_phase2/ped/39236/39236_families.csv
Wrote: /local/scratch/mv487/qm9s/experiment_1_phase2/ped/39236/39236_ped.csv
Wrote: /local/scratch/mv487/qm9s/experiment_1_phase2/ped/39236/39236_ir_transitions.csv

# All generated files are in: /local/scratch/mv487/qm9s/experiment_1_phase2/ped/39236
# Manifest: /local/scratch/mv487/qm9s/experiment_1_phase2/ped/39236/39236_manifest.txt

--- stderr ---
Normal modes/frequencies absent or incomplete: diagonalizing Hessian.
