# Contact: romi@lens.unifi.it
# Manual: https://github.com/SebRoLENS/orca-ped-analyzer/blob/main/docs/ORCA_PED_Analyzer_Manual.md
# Check GitHub for updates and new releases: https://github.com/SebRoLENS/orca-ped-analyzer
#
# Molecule: 22 atoms | non-linear
# Bonds inferred: 21 | candidate ICs: 170 | selected ICs: 60
# Cartesian-Hessian reconstruction relative error: 1.860e-05
# Energy distribution: PED (PED is the backward-compatible default; TED includes kinetic-energy terms)
# Ring/cycle bonds detected: 0 | ring atoms: 0 | ring systems: 0
# VPT2: no matching .out file supplied/found -> harmonic/PED analysis only
#
 Mode   Harm/cm-1   VPT2/cm-1  Harm.Int/km mol-1  Assignment                                                     Grouped PED
------------------------------------------------------------------------------------------------------------------------------------------------------------------------------------------------
    6       24.49          --                 --  mixed C-N torsion / C-C torsion                                C-N torsion 70.36%; C-C torsion 22.37%; C-H bending 3.27%
    7       44.39          --                 --  mixed C-N torsion / C-C torsion                                C-N torsion 48.73%; C-C torsion 31.74%; C-H bending 6.99%; C-C-C bending 3.26%
    8       81.02          --                 --  C-C torsion                                                    C-C torsion 81.44%; C-N torsion 17.15%
    9       83.71          --                 --  C-C torsion                                                    C-C torsion 86.12%; C-N torsion 7.88%; N-C-C bending 2.29%
   10      206.29          --                 --  C-C torsion                                                    C-C torsion 97.85%
   11      226.02          --                 --  C-C torsion                                                    C-C torsion 81.27%; C-C-C bending 4.55%; N-C-C bending 2.86%; C-C out-of-plane bending 2.65%
   12      235.68          --                 --  C-C torsion                                                    C-C torsion 99.39%
   13      254.06          --                 --  C-C torsion                                                    C-C torsion 83.05%; C-N torsion 8.00%; C-C out-of-plane bending 2.48%; C-H bending 2.06%
   14      299.87          --                 --  mixed C-C torsion / C-N torsion                                C-C torsion 62.27%; C-N torsion 15.88%; C-C-C bending 5.01%; C-C-N bending 4.42%
   15      313.89          --                 --  mixed C-C torsion / C-C-C bending                              C-C torsion 52.37%; C-C-C bending 11.92%; C-H bending 7.95%; C-C out-of-plane bending 7.46%
   16      332.10          --                 --  mixed C-O torsion / C-C torsion                                C-O torsion 68.90%; C-C torsion 12.33%; C-N torsion 7.94%; N-C-C bending 3.71%
   17      436.19          --                 --  mixed C-C torsion / C-H bending                                C-C torsion 61.22%; C-H bending 15.66%; C-C-N bending 8.35%; C-C out-of-plane bending 5.58%
   18      468.98          --                 --  mixed C-C torsion / C-H bending                                C-C torsion 69.75%; C-H bending 24.53%
   19      538.12          --                 --  mixed C-C torsion / C-H bending / C-N torsion                  C-C torsion 23.28%; C-H bending 21.04%; C-N torsion 20.29%; N-C-C bending 8.64%
   20      540.53          --                 --  mixed C-N torsion / C-C torsion                                C-N torsion 34.46%; C-C torsion 28.71%; N-C-C bending 13.18%; C-H bending 7.90%
   21      608.27          --                 --  mixed C-N torsion / C-C torsion / O-C-N bending                C-N torsion 27.60%; C-C torsion 21.88%; O-C-N bending 17.67%; C-C stretching 13.72%
   22      712.98          --                 --  mixed C-N torsion / C-C torsion / C-H bending                  C-N torsion 26.47%; C-C torsion 26.05%; C-H bending 17.57%; C-C-C bending 11.79%
   23      811.78          --                 --  mixed C-H bending / C-C torsion                                C-H bending 60.67%; C-C torsion 30.73%; C-N torsion 6.43%
   24      825.46          --                 --  mixed C-H bending / C-C torsion / mixed-phase C-C stretching   C-H bending 28.46%; C-C torsion 27.03%; mixed-phase C-C stretching 21.32%; C-O stretching 13.36%
   25      893.25          --                 --  mixed C-H bending / C-C torsion                                C-H bending 48.45%; C-C torsion 22.47%; C-C stretching 6.94%; O-C-N bending 4.32%
   26      927.78          --                 --  mixed C-H bending / C-C torsion                                C-H bending 47.72%; C-C torsion 28.21%; C-O stretching 10.21%; C-C stretching 7.66%
   27      953.96          --                 --  mixed C-H bending / mixed-phase C-C stretching                 C-H bending 53.42%; mixed-phase C-C stretching 18.12%; C-C torsion 10.39%; C-N-C bending 4.90%
   28     1007.51          --                 --  mixed mixed-phase C-C stretching / C-H bending                 mixed-phase C-C stretching 42.38%; C-H bending 22.87%; in-phase C-N stretching 10.31%; C-O stretching 8.53%
   29     1059.31          --                 --  mixed C-H bending / C-C torsion / in-phase C-C stretching      C-H bending 26.33%; C-C torsion 24.57%; in-phase C-C stretching 16.16%; C-N stretching 15.03%
   30     1073.09          --                 --  mixed C-H bending / C-C torsion / O-H bending                  C-H bending 40.26%; C-C torsion 27.51%; O-H bending 15.88%; C-C out-of-plane bending 4.58%
   31     1095.86          --                 --  mixed C-H bending / mixed-phase C-C stretching                 C-H bending 52.78%; mixed-phase C-C stretching 17.28%; C-C torsion 11.03%; C-C out-of-plane bending 5.69%
   32     1104.86          --                 --  mixed C-H bending / C-C torsion                                C-H bending 46.63%; C-C torsion 18.78%; C-C stretching 11.13%; C-O stretching 7.89%
   33     1140.65          --                 --  mixed C-H bending / C-N stretching / C-C torsion               C-H bending 25.07%; C-N stretching 24.02%; C-C torsion 21.77%; mixed-phase C-C stretching 11.75%
   34     1162.52          --                 --  mixed C-H bending / C-C torsion                                C-H bending 48.82%; C-C torsion 22.79%; C-C stretching 9.33%; C-C out-of-plane bending 5.77%
   35     1226.30          --                 --  mixed C-H bending / mixed-phase C-N stretching / N-H bending   C-H bending 40.91%; mixed-phase C-N stretching 20.12%; N-H bending 17.69%; C-C torsion 9.40%
   36     1237.56          --                 --  mixed C-H bending / C-C torsion                                C-H bending 67.44%; C-C torsion 14.31%; O-H bending 7.64%; opposite-phase C-N stretching 3.21%
   37     1295.81          --                 --  C-H bending                                                    C-H bending 78.79%; C-C out-of-plane bending 9.12%; C-C torsion 7.14%
   38     1313.67          --                 --  mixed C-H bending / C-C torsion                                C-H bending 68.92%; C-C torsion 14.61%; O-H bending 10.20%
   39     1329.03          --                 --  mixed C-H bending / C-C out-of-plane bending                   C-H bending 66.55%; C-C out-of-plane bending 21.38%; C-C torsion 10.24%
   40     1378.31          --                 --  mixed C-C out-of-plane bending / C-H bending                   C-C out-of-plane bending 46.87%; C-H bending 34.70%; mixed-phase C-C stretching 8.21%; C-C torsion 5.59%
   41     1409.47          --                 --  mixed C-H bending / C-C out-of-plane bending                   C-H bending 56.17%; C-C out-of-plane bending 13.88%; C-H out-of-plane bending 12.18%; C-C torsion 10.45%
   42     1415.05          --                 --  mixed C-H out-of-plane bending / C-H bending                   C-H out-of-plane bending 62.49%; C-H bending 33.13%
   43     1416.12          --                 --  mixed C-H out-of-plane bending / C-H bending                   C-H out-of-plane bending 59.99%; C-H bending 37.13%
   44     1423.78          --                 --  mixed C-H bending / C-C torsion / C-H out-of-plane bending     C-H bending 42.19%; C-C torsion 27.03%; C-H out-of-plane bending 15.77%; O-H bending 6.00%
   45     1475.67          --                 --  C-H bending                                                    C-H bending 86.47%; C-C torsion 10.79%
   46     1493.03          --                 --  mixed C-H bending / C-C torsion                                C-H bending 56.06%; C-C torsion 33.47%; C-H out-of-plane bending 9.52%
   47     1498.97          --                 --  C-C torsion                                                    C-C torsion 76.36%; C-H bending 16.68%; C-H out-of-plane bending 5.72%
   48     1499.79          --                 --  mixed C-C torsion / C-H bending                                C-C torsion 71.69%; C-H bending 24.66%; C-H out-of-plane bending 2.81%
   49     1506.67          --                 --  mixed C-C torsion / C-H bending                                C-C torsion 53.79%; C-H bending 42.21%; C-H out-of-plane bending 2.47%
   50     1511.19          --                 --  mixed C-H bending / C-C torsion                                C-H bending 61.37%; C-C torsion 26.87%; C-H out-of-plane bending 10.61%
   51     1533.52          --                 --  mixed N-H bending / mixed-phase C-N stretching / C-H bending   N-H bending 34.87%; mixed-phase C-N stretching 26.28%; C-H bending 24.21%; C-C torsion 5.13%
   52     1737.27          --                 --  mixed C-O stretching / C-C-N bending                           C-O stretching 69.49%; C-C-N bending 8.06%; C-N stretching 5.26%; N-H bending 4.30%
   53     2982.44          --                 --  C-H stretching                                                 C-H stretching 98.96%
   54     3023.48          --                 --  C-H stretching                                                 C-H stretching 99.43%
   55     3027.68          --                 --  in-phase C-H stretching                                        in-phase C-H stretching 99.34%
   56     3039.98          --                 --  C-H stretching                                                 C-H stretching 99.60%
   57     3061.84          --                 --  opposite-phase C-H stretching                                  opposite-phase C-H stretching 99.22%
   58     3063.17          --                 --  mixed-phase C-H stretching                                     mixed-phase C-H stretching 98.84%
   59     3090.18          --                 --  mixed-phase C-H stretching                                     mixed-phase C-H stretching 99.32%
   60     3099.60          --                 --  opposite-phase C-H stretching                                  opposite-phase C-H stretching 99.30%
   61     3106.79          --                 --  C-H stretching                                                 C-H stretching 99.07%
   62     3114.03          --                 --  mixed-phase C-H stretching                                     mixed-phase C-H stretching 99.23%
   63     3125.00          --                 --  mixed-phase C-H stretching                                     mixed-phase C-H stretching 99.52%
   64     3619.78          --                 --  N-H stretching                                                 N-H stretching 99.31%
   65     3781.68          --                 --  O-H stretching                                                 O-H stretching 99.88%

# Selected internal-coordinate set:
#   1  nu(C1-H10)
#   2  nu(C3-N5)
#   3  nu(C6-C7)
#   4  nu(C8-H19)
#   5  nu(O9-H22)
#   6  nu(C2-H13)
#   7  nu(C2-H14)
#   8  nu(C8-H21)
#   9  nu(C1-H11)
#  10  nu(C7-H18)
#  11  nu(C6-H17)
#  12  nu(C8-H20)
#  13  nu(C1-H12)
#  14  nu(N5-H15)
#  15  nu(C6-H16)
#  16  tau(O4-C3-N5-H15)
#  17  nu(C3-O4)
#  18  nu(C7-O9)
#  19  gamma(C3;C2,H13,H14)
#  20  tau(H18-C7-O9-H22)
#  21  tau(O4-C3-N5-C6)
#  22  gamma(H12;C1,H10,H11)
#  23  gamma(H20;C8,H19,H21)
#  24  delta(H13-C2-H14)
#  25  tau(H17-C6-C7-H18)
#  26  delta(H10-C1-H11)
#  27  delta(H19-C8-H21)
#  28  delta(O4-C3-N5)
#  29  tau(H16-C6-C7-O9)
#  30  delta(C3-N5-H15)
#  31  delta(C7-C6-H17)
#  32  delta(C7-C6-H16)
#  33  tau(H12-C1-C2-C3)
#  34  gamma(C6;C7,O9,H18)
#  35  delta(C7-O9-H22)
#  36  tau(C6-C7-C8-H20)
#  37  delta(C2-C1-H10)
#  38  delta(C7-C8-H20)
#  39  nu(C2-C3)
#  40  tau(H18-C7-C8-H19)
#  41  tau(H10-C1-C2-C3)
#  42  tau(H11-C1-C2-H13)
#  43  nu(N5-C6)
#  44  delta(C7-C8-H19)
#  45  nu(C1-C2)
#  46  nu(C7-C8)
#  47  delta(C1-C2-H14)
#  48  tau(O9-C7-C8-H21)
#  49  tau(C2-C3-N5-C6)
#  50  delta(C2-C1-H12)
#  51  tau(N5-C6-C7-C8)
#  52  delta(N5-C6-H16)
#  53  tau(C1-C2-C3-N5)
#  54  delta(C2-C3-N5)
#  55  delta(C1-C2-C3)
#  56  delta(C8-C7-H18)
#  57  delta(C6-C7-H18)
#  58  delta(C3-N5-C6)
#  59  tau(C3-N5-C6-C7)
#  60  delta(N5-C6-C7)

Wrote: /local/scratch/mv487/qm9s/experiment_1_phase2/ped/91672/91672_summary.csv
Wrote: /local/scratch/mv487/qm9s/experiment_1_phase2/ped/91672/91672_families.csv
Wrote: /local/scratch/mv487/qm9s/experiment_1_phase2/ped/91672/91672_ped.csv
Wrote: /local/scratch/mv487/qm9s/experiment_1_phase2/ped/91672/91672_ir_transitions.csv

# All generated files are in: /local/scratch/mv487/qm9s/experiment_1_phase2/ped/91672
# Manifest: /local/scratch/mv487/qm9s/experiment_1_phase2/ped/91672/91672_manifest.txt

--- stderr ---
Normal modes/frequencies absent or incomplete: diagonalizing Hessian.
