# Contact: romi@lens.unifi.it
# Manual: https://github.com/SebRoLENS/orca-ped-analyzer/blob/main/docs/ORCA_PED_Analyzer_Manual.md
# Check GitHub for updates and new releases: https://github.com/SebRoLENS/orca-ped-analyzer
#
# Molecule: 19 atoms | non-linear
# Bonds inferred: 20 | candidate ICs: 201 | selected ICs: 51
# Cartesian-Hessian reconstruction relative error: 4.634e-05
# Energy distribution: PED (PED is the backward-compatible default; TED includes kinetic-energy terms)
# Ring/cycle bonds detected: 7 | ring atoms: 6 | ring systems: 1
# VPT2: no matching .out file supplied/found -> harmonic/PED analysis only
#
 Mode   Harm/cm-1   VPT2/cm-1  Harm.Int/km mol-1  Assignment                                                     Grouped PED
------------------------------------------------------------------------------------------------------------------------------------------------------------------------------------------------
    6       93.89          --                 --  mixed C-O torsion / cyclic-ring torsional/out-of-plane deformation C-O torsion 66.29%; cyclic-ring torsional/out-of-plane deformation 29.43%
    7      140.36          --                 --  C-C torsion                                                    C-C torsion 77.22%; cyclic-ring deformation (C-C-C bend) 7.02%; cyclic-ring out-of-plane deformation 6.51%; ring-site C-H out-of-plane bending 2.80%
    8      169.24          --                 --  C-C torsion                                                    C-C torsion 96.08%
    9      216.99          --                 --  mixed C-O torsion / cyclic-ring out-of-plane deformation       C-O torsion 53.86%; cyclic-ring out-of-plane deformation 12.99%; ring-site C-H out-of-plane bending 12.17%; cyclic-ring deformation (C-C-C bend) 7.17%
   10      254.15          --                 --  C-O torsion                                                    C-O torsion 80.22%; cyclic-ring deformation (C-C-C bend) 4.07%; ring-site C-H out-of-plane bending 3.67%; O-C-C bending 3.51%
   11      326.25          --                 --  mixed C-C-C bending / C-C torsion                              C-C-C bending 23.61%; C-C torsion 23.18%; ring-site C-H out-of-plane bending 12.91%; cyclic-ring torsional/out-of-plane deformation 12.57%
   12      382.39          --                 --  C-O torsion                                                    C-O torsion 99.15%
   13      431.13          --                 --  mixed cyclic-ring out-of-plane deformation / ring-site C-H out-of-plane bending cyclic-ring out-of-plane deformation 18.13%; ring-site C-H out-of-plane bending 17.25%; ring-site C-H in-plane bending 14.45%; cyclic-ring deformation (C-C-C bend) 13.28%
   14      481.22          --                 --  mixed ring-site C-H out-of-plane bending / cyclic-ring out-of-plane deformation ring-site C-H out-of-plane bending 29.02%; cyclic-ring out-of-plane deformation 23.07%; C-C-O bending 9.83%; cyclic-ring deformation (C-C-C bend) 9.10%
   15      538.45          --                 --  mixed cyclic-ring deformation (C-C-C bend) / C-O torsion       cyclic-ring deformation (C-C-C bend) 28.86%; C-O torsion 11.58%; cyclic-ring torsional/out-of-plane deformation 10.70%; O-C-C bending 9.02%
   16      580.50          --                 --  mixed mixed-phase cyclic C-C stretching / cyclic-ring deformation (C-C-C bend) / ring-site C-H in-plane bending mixed-phase cyclic C-C stretching 24.08%; cyclic-ring deformation (C-C-C bend) 18.83%; ring-site C-H in-plane bending 16.88%; ring-site C-H out-of-plane bending 9.70%
   17      635.91          --                 --  mixed ring-site C-H out-of-plane bending / cyclic-ring out-of-plane deformation / mixed-phase cyclic C-C stretching ring-site C-H out-of-plane bending 30.03%; cyclic-ring out-of-plane deformation 17.74%; mixed-phase cyclic C-C stretching 17.39%; cyclic-ring deformation (C-C-C bend) 11.97%
   18      699.23          --                 --  mixed cyclic-ring deformation (C-C-C bend) / cyclic C-C stretching cyclic-ring deformation (C-C-C bend) 26.82%; cyclic C-C stretching 21.97%; O-C-C bending 9.14%; ring-site C-H in-plane bending 7.66%
   19      744.70          --                 --  mixed mixed-phase cyclic C-C stretching / ring-site C-H in-plane bending mixed-phase cyclic C-C stretching 40.16%; ring-site C-H in-plane bending 20.12%; ring-site C-H out-of-plane bending 13.09%; cyclic-ring out-of-plane deformation 8.02%
   20      762.17          --                 --  mixed cyclic-ring out-of-plane deformation / ring-site C-H out-of-plane bending / cyclic C-C stretching cyclic-ring out-of-plane deformation 32.59%; ring-site C-H out-of-plane bending 28.15%; cyclic C-C stretching 15.14%; C-C torsion 6.88%
   21      808.74          --                 --  mixed mixed-phase cyclic C-C stretching / ring-site C-H in-plane bending mixed-phase cyclic C-C stretching 46.35%; ring-site C-H in-plane bending 18.23%; ring-site C-H out-of-plane bending 10.45%; cyclic-ring deformation (C-C-C bend) 9.39%
   22      878.07          --                 --  mixed ring-site C-H out-of-plane bending / cyclic-ring out-of-plane deformation / cyclic C-C stretching ring-site C-H out-of-plane bending 35.50%; cyclic-ring out-of-plane deformation 26.60%; cyclic C-C stretching 16.17%; C-H bending 6.42%
   23      956.22          --                 --  mixed ring-site C-H in-plane bending / C-H bending             ring-site C-H in-plane bending 37.32%; C-H bending 18.48%; mixed-phase cyclic C-C stretching 13.45%; exocyclic C-C stretching 6.70%
   24      966.49          --                 --  mixed cyclic-ring out-of-plane deformation / ring-site C-H out-of-plane bending cyclic-ring out-of-plane deformation 41.41%; ring-site C-H out-of-plane bending 28.50%; ring-site C-H in-plane bending 11.24%; mixed-phase cyclic C-C stretching 6.92%
   25     1002.27          --                 --  mixed ring-site C-H out-of-plane bending / mixed-phase cyclic C-C stretching ring-site C-H out-of-plane bending 58.37%; mixed-phase cyclic C-C stretching 11.27%; cyclic-ring out-of-plane deformation 10.55%; C-H bending 7.10%
   26     1013.31          --                 --  mixed ring-site C-H out-of-plane bending / cyclic-ring out-of-plane deformation ring-site C-H out-of-plane bending 26.08%; cyclic-ring out-of-plane deformation 18.61%; mixed-phase cyclic C-C stretching 14.58%; exocyclic C-C stretching 14.36%
   27     1063.34          --                 --  mixed ring-site C-H in-plane bending / mixed-phase cyclic C-C stretching / ring-site C-H out-of-plane bending ring-site C-H in-plane bending 33.33%; mixed-phase cyclic C-C stretching 18.93%; ring-site C-H out-of-plane bending 16.91%; cyclic-ring out-of-plane deformation 7.31%
   28     1086.86          --                 --  mixed cyclic-ring out-of-plane deformation / ring-site C-H out-of-plane bending cyclic-ring out-of-plane deformation 41.37%; ring-site C-H out-of-plane bending 29.16%; ring-site C-H in-plane bending 8.91%; C-H bending 5.98%
   29     1107.42          --                 --  mixed cyclic-ring out-of-plane deformation / ring-site C-H out-of-plane bending cyclic-ring out-of-plane deformation 37.79%; ring-site C-H out-of-plane bending 26.61%; C-H bending 12.74%; in-phase cyclic C-C stretching 7.62%
   30     1136.75          --                 --  mixed ring-site C-H in-plane bending / C-H bending             ring-site C-H in-plane bending 23.74%; C-H bending 20.88%; mixed-phase cyclic C-C stretching 14.43%; ring-site C-H out-of-plane bending 8.47%
   31     1143.62          --                 --  mixed ring-site C-H out-of-plane bending / cyclic-ring out-of-plane deformation ring-site C-H out-of-plane bending 64.33%; cyclic-ring out-of-plane deformation 15.82%; C-H bending 8.14%; opposite-phase cyclic C-C stretching 4.70%
   32     1162.58          --                 --  mixed ring-site C-H out-of-plane bending / opposite-phase cyclic C-C stretching / cyclic-ring out-of-plane deformation ring-site C-H out-of-plane bending 30.25%; opposite-phase cyclic C-C stretching 16.24%; cyclic-ring out-of-plane deformation 15.95%; exocyclic C-O stretching 14.42%
   33     1191.26          --                 --  mixed ring-site C-H in-plane bending / cyclic-ring out-of-plane deformation ring-site C-H in-plane bending 44.65%; cyclic-ring out-of-plane deformation 23.37%; mixed-phase cyclic C-C stretching 10.27%; ring-site C-H out-of-plane bending 8.60%
   34     1232.21          --                 --  mixed ring-site C-H in-plane bending / mixed-phase cyclic C-C stretching ring-site C-H in-plane bending 27.26%; mixed-phase cyclic C-C stretching 21.77%; O-H bending 11.02%; C-O torsion 10.99%
   35     1244.70          --                 --  mixed ring-site C-H in-plane bending / C-O torsion             ring-site C-H in-plane bending 47.48%; C-O torsion 23.05%; O-H bending 8.30%; C-H bending 5.93%
   36     1292.22          --                 --  mixed ring-site C-H in-plane bending / mixed-phase cyclic C-C stretching ring-site C-H in-plane bending 67.18%; mixed-phase cyclic C-C stretching 21.95%; ring-site C-H out-of-plane bending 4.04%; cyclic-ring deformation (C-C-C bend) 3.18%
   37     1338.39          --                 --  mixed C-H bending / ring-site C-H in-plane bending             C-H bending 54.70%; ring-site C-H in-plane bending 27.03%; mixed-phase cyclic C-C stretching 6.99%; O-H bending 3.06%
   38     1360.69          --                 --  mixed ring-site C-H in-plane bending / ring-site C-H out-of-plane bending ring-site C-H in-plane bending 41.59%; ring-site C-H out-of-plane bending 16.27%; mixed-phase cyclic C-C stretching 14.60%; cyclic-ring out-of-plane deformation 14.30%
   39     1383.48          --                 --  mixed ring-site C-H in-plane bending / ring-site C-H out-of-plane bending ring-site C-H in-plane bending 43.86%; ring-site C-H out-of-plane bending 29.94%; C-H out-of-plane bending 5.53%; C-H bending 5.24%
   40     1401.60          --                 --  mixed mixed-phase cyclic C-C stretching / O-H bending          mixed-phase cyclic C-C stretching 29.65%; O-H bending 26.26%; C-H bending 12.61%; C-O torsion 8.20%
   41     1434.92          --                 --  mixed C-H out-of-plane bending / C-H bending                   C-H out-of-plane bending 56.45%; C-H bending 36.55%; exocyclic C-C stretching 2.85%
   42     1442.86          --                 --  mixed in-phase cyclic C-C stretching / ring-site C-H in-plane bending / C-H bending in-phase cyclic C-C stretching 26.90%; ring-site C-H in-plane bending 19.19%; C-H bending 18.25%; ring-site C-H out-of-plane bending 15.98%
   43     1461.58          --                 --  C-H bending                                                    C-H bending 73.83%; ring-site C-H in-plane bending 15.81%; in-phase cyclic C-C stretching 4.36%
   44     1495.66          --                 --  C-H bending                                                    C-H bending 70.94%; C-H out-of-plane bending 16.24%; C-C torsion 11.33%
   45     1509.40          --                 --  mixed C-H bending / C-C torsion                                C-H bending 52.77%; C-C torsion 34.45%; in-phase cyclic C-C stretching 4.75%; ring-site C-H out-of-plane bending 3.00%
   46     1812.34          --                 --  exocyclic C-O stretching                                       exocyclic C-O stretching 76.51%; cyclic-ring deformation (C-C-C bend) 13.81%; in-phase cyclic C-C stretching 7.14%
   47     2928.28          --                 --  ring-site C-H stretching                                       ring-site C-H stretching 99.27%
   48     3033.34          --                 --  ring-site C-H stretching                                       ring-site C-H stretching 91.20%; C-H stretching 8.32%
   49     3035.54          --                 --  C-H stretching                                                 C-H stretching 91.03%; ring-site C-H stretching 8.58%
   50     3083.45          --                 --  mixed-phase ring-site C-H stretching                           mixed-phase ring-site C-H stretching 99.27%
   51     3091.12          --                 --  opposite-phase C-H stretching                                  opposite-phase C-H stretching 99.55%
   52     3114.55          --                 --  mixed mixed-phase C-H stretching / ring-site C-H stretching    mixed-phase C-H stretching 61.77%; ring-site C-H stretching 37.06%
   53     3132.29          --                 --  mixed ring-site C-H stretching / mixed-phase C-H stretching    ring-site C-H stretching 61.84%; mixed-phase C-H stretching 37.60%
   54     3167.38          --                 --  opposite-phase ring-site C-H stretching                        opposite-phase ring-site C-H stretching 98.77%
   55     3177.03          --                 --  in-phase ring-site C-H stretching                              in-phase ring-site C-H stretching 99.16%
   56     3729.99          --                 --  O-H stretching                                                 O-H stretching 99.93%

# Selected internal-coordinate set:
#   1  nu(C1-H10)
#   2  nu(C2-C3)
#   3  nu(C4-C5)
#   4  nu(C7-O8)
#   5  nu(C9-H19)
#   6  nu(O8-H18)
#   7  nu(C1-H12)
#   8  nu(C4-H15)
#   9  nu(C7-H17)
#  10  nu(C2-H13)
#  11  nu(C1-H11)
#  12  nu(C3-H14)
#  13  nu(C4-H16)
#  14  tau(H13-C2-C3-H14)
#  15  tau(H17-C7-O8-H18)
#  16  nu(C5-O6)
#  17  tau(O6-C5-C7-C9)
#  18  delta(C7-C9-H19)
#  19  delta(C4-C5-O6)
#  20  gamma(C2;C9,C7,H19)
#  21  tau(H13-C2-C3-C4)
#  22  gamma(H11;C1,H10,H12)
#  23  delta(C2-C3-H14)
#  24  delta(H15-C4-H16)
#  25  delta(C7-O8-H18)
#  26  delta(H10-C1-H12)
#  27  delta(O8-C7-H17)
#  28  delta(C5-C4-H15)
#  29  delta(C5-C7-H17)
#  30  tau(H11-C1-C2-C9)
#  31  delta(C3-C2-H13)
#  32  delta(C5-C4-H16)
#  33  nu(C7-C9)
#  34  delta(C2-C1-H12)
#  35  gamma(C9;C3,C2,H14)
#  36  nu(C5-C7)
#  37  delta(C3-C4-H15)
#  38  delta(C1-C2-C9)
#  39  tau(C9-C7-O8-H18)
#  40  nu(C3-C4)
#  41  tau(H12-C1-C2-C3)
#  42  nu(C1-C2)
#  43  delta(C4-C5-C7)
#  44  tau(C4-C5-C7-O8)
#  45  tau(C1-C2-C9-H19)
#  46  delta(C2-C1-H10)
#  47  gamma(C3;C2,C1,C9)
#  48  nu(C2-C9)
#  49  delta(O8-C7-C9)
#  50  delta(C2-C3-C4)
#  51  delta(C2-C9-C7)

Wrote: /local/scratch/mv487/qm9s/experiment_1_phase2/ped/73906/73906_summary.csv
Wrote: /local/scratch/mv487/qm9s/experiment_1_phase2/ped/73906/73906_families.csv
Wrote: /local/scratch/mv487/qm9s/experiment_1_phase2/ped/73906/73906_ped.csv
Wrote: /local/scratch/mv487/qm9s/experiment_1_phase2/ped/73906/73906_ir_transitions.csv

# All generated files are in: /local/scratch/mv487/qm9s/experiment_1_phase2/ped/73906
# Manifest: /local/scratch/mv487/qm9s/experiment_1_phase2/ped/73906/73906_manifest.txt

--- stderr ---
Normal modes/frequencies absent or incomplete: diagonalizing Hessian.
