# Contact: romi@lens.unifi.it
# Manual: https://github.com/SebRoLENS/orca-ped-analyzer/blob/main/docs/ORCA_PED_Analyzer_Manual.md
# Check GitHub for updates and new releases: https://github.com/SebRoLENS/orca-ped-analyzer
#
# Molecule: 21 atoms | non-linear
# Bonds inferred: 23 | candidate ICs: 246 | selected ICs: 57
# Cartesian-Hessian reconstruction relative error: 4.668e-05
# Energy distribution: PED (PED is the backward-compatible default; TED includes kinetic-energy terms)
# Ring/cycle bonds detected: 11 | ring atoms: 9 | ring systems: 1
# VPT2: no matching .out file supplied/found -> harmonic/PED analysis only
#
 Mode   Harm/cm-1   VPT2/cm-1  Harm.Int/km mol-1  Assignment                                                     Grouped PED
------------------------------------------------------------------------------------------------------------------------------------------------------------------------------------------------
    6      108.02          --                 --  ring-site C-H out-of-plane bending                             ring-site C-H out-of-plane bending 77.11%; cyclic-ring torsional/out-of-plane deformation 16.85%; cyclic-ring deformation (C-C-C bend) 5.44%
    7      157.53          --                 --  mixed ring-site C-H out-of-plane bending / cyclic-ring torsional/out-of-plane deformation ring-site C-H out-of-plane bending 67.33%; cyclic-ring torsional/out-of-plane deformation 24.97%; cyclic-ring deformation (C-C-C bend) 6.74%
    8      234.79          --                 --  ring-site C-H out-of-plane bending                             ring-site C-H out-of-plane bending 79.36%; cyclic-ring torsional/out-of-plane deformation 18.22%
    9      278.32          --                 --  mixed ring-site C-H out-of-plane bending / cyclic-ring torsional/out-of-plane deformation ring-site C-H out-of-plane bending 74.26%; cyclic-ring torsional/out-of-plane deformation 20.44%; cyclic-ring deformation (C-C-C bend) 3.98%
   10      439.99          --                 --  mixed ring-site C-H out-of-plane bending / cyclic-ring torsional/out-of-plane deformation ring-site C-H out-of-plane bending 45.67%; cyclic-ring torsional/out-of-plane deformation 40.43%; cyclic-ring deformation (C-C-C bend) 9.28%; cyclic C-C stretching 2.73%
   11      446.23          --                 --  mixed ring-site C-H out-of-plane bending / cyclic-ring deformation (C-C-C bend) ring-site C-H out-of-plane bending 56.22%; cyclic-ring deformation (C-C-C bend) 27.00%; cyclic-ring torsional/out-of-plane deformation 8.65%; in-phase cyclic C-C stretching 6.68%
   12      580.46          --                 --  mixed ring-site C-H out-of-plane bending / cyclic-ring torsional/out-of-plane deformation / cyclic-ring deformation (C-C-C bend) ring-site C-H out-of-plane bending 41.54%; cyclic-ring torsional/out-of-plane deformation 19.06%; cyclic-ring deformation (C-C-C bend) 18.15%; ring-site C-H in-plane bending 11.39%
   13      621.84          --                 --  mixed ring-site C-H out-of-plane bending / mixed-phase cyclic C-C stretching / cyclic-ring deformation (C-C-C bend) ring-site C-H out-of-plane bending 47.06%; mixed-phase cyclic C-C stretching 23.82%; cyclic-ring deformation (C-C-C bend) 18.56%; cyclic-ring torsional/out-of-plane deformation 6.49%
   14      649.80          --                 --  mixed cyclic-ring deformation (C-C-C bend) / ring-site C-H out-of-plane bending cyclic-ring deformation (C-C-C bend) 51.58%; ring-site C-H out-of-plane bending 35.81%; cyclic-ring torsional/out-of-plane deformation 6.84%; cyclic C-C stretching 3.48%
   15      727.93          --                 --  mixed ring-site C-H out-of-plane bending / ring-site C-H in-plane bending ring-site C-H out-of-plane bending 59.80%; ring-site C-H in-plane bending 16.81%; mixed-phase cyclic C-C stretching 12.88%; cyclic-ring deformation (C-C-C bend) 7.85%
   16      786.20          --                 --  mixed ring-site C-H out-of-plane bending / mixed-phase cyclic C-C stretching ring-site C-H out-of-plane bending 50.55%; mixed-phase cyclic C-C stretching 25.07%; ring-site C-H in-plane bending 12.74%; cyclic-ring deformation (C-C-C bend) 8.82%
   17      804.58          --                 --  mixed mixed-phase cyclic C-C stretching / ring-site C-H out-of-plane bending mixed-phase cyclic C-C stretching 40.41%; ring-site C-H out-of-plane bending 37.97%; cyclic-ring deformation (C-C-C bend) 14.17%; ring-site C-H in-plane bending 4.62%
   18      812.10          --                 --  mixed ring-site C-H out-of-plane bending / cyclic-ring out-of-plane deformation ring-site C-H out-of-plane bending 48.59%; cyclic-ring out-of-plane deformation 31.76%; in-phase cyclic C-C stretching 9.39%; cyclic-ring deformation (C-C-C bend) 4.94%
   19      844.96          --                 --  mixed cyclic-ring deformation (C-C-C bend) / ring-site C-H out-of-plane bending / ring-site C-H in-plane bending cyclic-ring deformation (C-C-C bend) 49.15%; ring-site C-H out-of-plane bending 26.88%; ring-site C-H in-plane bending 15.01%; mixed-phase cyclic C-C stretching 6.68%
   20      863.82          --                 --  mixed cyclic C-C stretching / ring-site C-H out-of-plane bending cyclic C-C stretching 49.91%; ring-site C-H out-of-plane bending 33.83%; cyclic-ring torsional/out-of-plane deformation 6.02%; cyclic-ring deformation (C-C-C bend) 5.48%
   21      873.59          --                 --  mixed ring-site C-H out-of-plane bending / ring-site C-H in-plane bending ring-site C-H out-of-plane bending 40.75%; ring-site C-H in-plane bending 24.58%; cyclic-ring deformation (C-C-C bend) 14.53%; cyclic-ring out-of-plane deformation 7.68%
   22      902.23          --                 --  mixed mixed-phase cyclic C-C stretching / cyclic-ring deformation (C-C-C bend) mixed-phase cyclic C-C stretching 53.54%; cyclic-ring deformation (C-C-C bend) 25.48%; ring-site C-H out-of-plane bending 11.66%; ring-site C-H in-plane bending 7.27%
   23      939.76          --                 --  mixed-phase cyclic C-C stretching                              mixed-phase cyclic C-C stretching 71.43%; ring-site C-H out-of-plane bending 15.83%; cyclic-ring deformation (C-C-C bend) 7.80%; ring-site C-H in-plane bending 3.95%
   24      950.91          --                 --  mixed mixed-phase cyclic C-C stretching / ring-site C-H out-of-plane bending mixed-phase cyclic C-C stretching 58.07%; ring-site C-H out-of-plane bending 23.40%; ring-site C-H in-plane bending 8.19%; cyclic-ring torsional/out-of-plane deformation 4.47%
   25      959.70          --                 --  mixed mixed-phase cyclic C-C stretching / ring-site C-H out-of-plane bending mixed-phase cyclic C-C stretching 46.54%; ring-site C-H out-of-plane bending 36.70%; ring-site C-H in-plane bending 8.08%; cyclic-ring deformation (C-C-C bend) 6.11%
   26      970.23          --                 --  mixed mixed-phase cyclic C-C stretching / ring-site C-H out-of-plane bending mixed-phase cyclic C-C stretching 66.17%; ring-site C-H out-of-plane bending 15.30%; cyclic-ring deformation (C-C-C bend) 8.38%; ring-site C-H in-plane bending 7.41%
   27     1023.82          --                 --  mixed ring-site C-H out-of-plane bending / mixed-phase cyclic C-C stretching ring-site C-H out-of-plane bending 66.20%; mixed-phase cyclic C-C stretching 12.20%; cyclic-ring torsional/out-of-plane deformation 11.05%; ring-site C-H in-plane bending 4.07%
   28     1058.01          --                 --  mixed ring-site C-H out-of-plane bending / mixed-phase cyclic C-C stretching ring-site C-H out-of-plane bending 52.39%; mixed-phase cyclic C-C stretching 19.25%; cyclic-ring deformation (C-C-C bend) 17.73%; ring-site C-H in-plane bending 5.55%
   29     1068.07          --                 --  mixed mixed-phase cyclic C-C stretching / ring-site C-H out-of-plane bending mixed-phase cyclic C-C stretching 60.20%; ring-site C-H out-of-plane bending 26.89%; ring-site C-H in-plane bending 6.82%; cyclic-ring deformation (C-C-C bend) 4.87%
   30     1092.14          --                 --  ring-site C-H out-of-plane bending                             ring-site C-H out-of-plane bending 72.55%; ring-site C-H in-plane bending 12.82%; mixed-phase cyclic C-C stretching 9.62%; cyclic-ring torsional/out-of-plane deformation 3.61%
   31     1099.64          --                 --  mixed ring-site C-H out-of-plane bending / mixed-phase cyclic C-C stretching ring-site C-H out-of-plane bending 57.61%; mixed-phase cyclic C-C stretching 27.05%; ring-site C-H in-plane bending 7.53%; cyclic-ring torsional/out-of-plane deformation 4.39%
   32     1122.81          --                 --  mixed ring-site C-H out-of-plane bending / mixed-phase cyclic C-C stretching ring-site C-H out-of-plane bending 47.46%; mixed-phase cyclic C-C stretching 26.94%; cyclic-ring deformation (C-C-C bend) 13.17%; ring-site C-H in-plane bending 9.02%
   33     1168.94          --                 --  mixed ring-site C-H out-of-plane bending / ring-site C-H in-plane bending ring-site C-H out-of-plane bending 61.78%; ring-site C-H in-plane bending 25.27%; mixed-phase cyclic C-C stretching 9.68%
   34     1188.78          --                 --  ring-site C-H out-of-plane bending                             ring-site C-H out-of-plane bending 77.03%; ring-site C-H in-plane bending 8.90%; mixed-phase cyclic C-C stretching 6.51%; cyclic-ring torsional/out-of-plane deformation 6.18%
   35     1203.99          --                 --  mixed ring-site C-H out-of-plane bending / mixed-phase cyclic C-C stretching ring-site C-H out-of-plane bending 59.55%; mixed-phase cyclic C-C stretching 20.13%; cyclic-ring deformation (C-C-C bend) 9.56%; ring-site C-H in-plane bending 8.76%
   36     1219.04          --                 --  mixed ring-site C-H out-of-plane bending / ring-site C-H in-plane bending ring-site C-H out-of-plane bending 49.44%; ring-site C-H in-plane bending 34.53%; mixed-phase cyclic C-C stretching 9.96%; cyclic-ring deformation (C-C-C bend) 4.38%
   37     1235.41          --                 --  mixed ring-site C-H out-of-plane bending / ring-site C-H in-plane bending ring-site C-H out-of-plane bending 56.70%; ring-site C-H in-plane bending 35.15%; cyclic C-C stretching 4.13%; cyclic-ring deformation (C-C-C bend) 2.87%
   38     1245.49          --                 --  mixed ring-site C-H out-of-plane bending / mixed-phase cyclic C-C stretching ring-site C-H out-of-plane bending 55.71%; mixed-phase cyclic C-C stretching 20.16%; ring-site C-H in-plane bending 18.69%; cyclic-ring torsional/out-of-plane deformation 3.60%
   39     1258.61          --                 --  mixed ring-site C-H in-plane bending / ring-site C-H out-of-plane bending ring-site C-H in-plane bending 43.00%; ring-site C-H out-of-plane bending 39.39%; mixed-phase cyclic C-C stretching 11.74%; cyclic-ring deformation (C-C-C bend) 3.10%
   40     1272.75          --                 --  mixed ring-site C-H out-of-plane bending / ring-site C-H in-plane bending ring-site C-H out-of-plane bending 50.26%; ring-site C-H in-plane bending 32.02%; mixed-phase cyclic C-C stretching 11.04%; cyclic-ring deformation (C-C-C bend) 6.37%
   41     1289.37          --                 --  mixed ring-site C-H out-of-plane bending / ring-site C-H in-plane bending / mixed-phase cyclic C-C stretching ring-site C-H out-of-plane bending 47.75%; ring-site C-H in-plane bending 28.90%; mixed-phase cyclic C-C stretching 16.10%; cyclic-ring deformation (C-C-C bend) 5.18%
   42     1303.92          --                 --  mixed ring-site C-H out-of-plane bending / ring-site C-H in-plane bending ring-site C-H out-of-plane bending 42.75%; ring-site C-H in-plane bending 40.97%; mixed-phase cyclic C-C stretching 12.83%; cyclic-ring deformation (C-C-C bend) 2.22%
   43     1316.82          --                 --  mixed ring-site C-H out-of-plane bending / ring-site C-H in-plane bending ring-site C-H out-of-plane bending 56.16%; ring-site C-H in-plane bending 32.18%; mixed-phase cyclic C-C stretching 11.04%
   44     1334.64          --                 --  mixed ring-site C-H out-of-plane bending / mixed-phase cyclic C-C stretching / ring-site C-H in-plane bending ring-site C-H out-of-plane bending 37.88%; mixed-phase cyclic C-C stretching 28.40%; ring-site C-H in-plane bending 24.69%; cyclic-ring deformation (C-C-C bend) 7.06%
   45     1346.46          --                 --  ring-site C-H out-of-plane bending                             ring-site C-H out-of-plane bending 76.34%; mixed-phase cyclic C-C stretching 12.46%; ring-site C-H in-plane bending 7.37%; cyclic-ring deformation (C-C-C bend) 3.66%
   46     1477.64          --                 --  ring-site C-H out-of-plane bending                             ring-site C-H out-of-plane bending 79.19%; ring-site C-H in-plane bending 15.77%; cyclic-ring deformation (C-C-C bend) 3.25%
   47     1488.23          --                 --  ring-site C-H out-of-plane bending                             ring-site C-H out-of-plane bending 80.14%; ring-site C-H in-plane bending 14.34%; cyclic-ring deformation (C-C-C bend) 3.00%
   48     1496.69          --                 --  ring-site C-H out-of-plane bending                             ring-site C-H out-of-plane bending 88.09%; ring-site C-H in-plane bending 8.13%; cyclic C-C stretching 2.97%
   49     1504.54          --                 --  ring-site C-H out-of-plane bending                             ring-site C-H out-of-plane bending 87.34%; ring-site C-H in-plane bending 10.23%
   50     1707.17          --                 --  mixed-phase cyclic C-C stretching                              mixed-phase cyclic C-C stretching 83.47%; cyclic-ring deformation (C-C-C bend) 8.64%; ring-site C-H in-plane bending 4.97%; ring-site C-H out-of-plane bending 2.11%
   51     2999.69          --                 --  in-phase ring-site C-H stretching                              in-phase ring-site C-H stretching 99.05%
   52     3001.30          --                 --  mixed-phase ring-site C-H stretching                           mixed-phase ring-site C-H stretching 99.06%
   53     3036.44          --                 --  mixed-phase ring-site C-H stretching                           mixed-phase ring-site C-H stretching 99.45%
   54     3048.52          --                 --  in-phase ring-site C-H stretching                              in-phase ring-site C-H stretching 98.89%
   55     3056.45          --                 --  ring-site C-H stretching                                       ring-site C-H stretching 99.31%
   56     3062.47          --                 --  in-phase ring-site C-H stretching                              in-phase ring-site C-H stretching 99.42%
   57     3080.17          --                 --  mixed-phase ring-site C-H stretching                           mixed-phase ring-site C-H stretching 98.91%
   58     3086.31          --                 --  mixed-phase ring-site C-H stretching                           mixed-phase ring-site C-H stretching 99.27%
   59     3090.15          --                 --  mixed-phase ring-site C-H stretching                           mixed-phase ring-site C-H stretching 98.58%
   60     3094.65          --                 --  mixed-phase ring-site C-H stretching                           mixed-phase ring-site C-H stretching 99.15%
   61     3112.98          --                 --  mixed-phase ring-site C-H stretching                           mixed-phase ring-site C-H stretching 99.57%
   62     3184.72          --                 --  ring-site C-H stretching                                       ring-site C-H stretching 98.95%

# Selected internal-coordinate set:
#   1  nu(C1-C2)
#   2  nu(C3-C4)
#   3  nu(C5-C6)
#   4  nu(C7-C8)
#   5  nu(C2-C3)
#   6  nu(C1-C4)
#   7  nu(C5-C9)
#   8  nu(C6-C7)
#   9  nu(C3-C9)
#  10  nu(C6-H18)
#  11  nu(C2-H13)
#  12  nu(C8-H21)
#  13  nu(C7-H19)
#  14  nu(C5-H16)
#  15  nu(C1-H11)
#  16  gamma(C9;C8,C7,H21)
#  17  nu(C4-H15)
#  18  nu(C7-H20)
#  19  nu(C1-H10)
#  20  nu(C6-H17)
#  21  nu(C2-H12)
#  22  nu(C3-H14)
#  23  gamma(H15;C4,C1,C3)
#  24  gamma(H16;C5,C6,C9)
#  25  delta(C7-C8-H21)
#  26  tau(H18-C6-C7-H19)
#  27  tau(H11-C1-C2-H13)
#  28  tau(H10-C1-C2-H12)
#  29  tau(H12-C2-C3-H14)
#  30  tau(H17-C6-C7-H20)
#  31  tau(C7-C8-C9-C3)
#  32  delta(C2-C1-H10)
#  33  delta(C2-C1-H11)
#  34  delta(C7-C6-H17)
#  35  delta(C7-C6-H18)
#  36  delta(C2-C3-H14)
#  37  tau(H13-C2-C3-C9)
#  38  gamma(H16;C5,C4,C9)
#  39  delta(C6-C7-H19)
#  40  gamma(H15;C4,C3,C5)
#  41  delta(C6-C7-H20)
#  42  tau(C5-C6-C7-H20)
#  43  nu(C8-C9)
#  44  tau(H10-C1-C2-C3)
#  45  tau(H12-C2-C3-C4)
#  46  tau(C4-C1-C2-H13)
#  47  tau(C5-C6-C7-H19)
#  48  delta(C3-C9-C8)
#  49  nu(C4-C5)
#  50  tau(C1-C4-C5-H16)
#  51  delta(C6-C7-C8)
#  52  tau(C6-C7-C8-C9)
#  53  tau(C4-C1-C2-C3)
#  54  delta(C1-C2-C3)
#  55  delta(C4-C5-C9)
#  56  tau(C9-C3-C4-C1)
#  57  tau(H16-C5-C6-C7)

Wrote: /local/scratch/mv487/qm9s/experiment_1_phase2/ped/38126/38126_summary.csv
Wrote: /local/scratch/mv487/qm9s/experiment_1_phase2/ped/38126/38126_families.csv
Wrote: /local/scratch/mv487/qm9s/experiment_1_phase2/ped/38126/38126_ped.csv
Wrote: /local/scratch/mv487/qm9s/experiment_1_phase2/ped/38126/38126_ir_transitions.csv

# All generated files are in: /local/scratch/mv487/qm9s/experiment_1_phase2/ped/38126
# Manifest: /local/scratch/mv487/qm9s/experiment_1_phase2/ped/38126/38126_manifest.txt

--- stderr ---
Normal modes/frequencies absent or incomplete: diagonalizing Hessian.
