# Contact: romi@lens.unifi.it
# Manual: https://github.com/SebRoLENS/orca-ped-analyzer/blob/main/docs/ORCA_PED_Analyzer_Manual.md
# Check GitHub for updates and new releases: https://github.com/SebRoLENS/orca-ped-analyzer
#
# Molecule: 18 atoms | non-linear
# Bonds inferred: 19 | candidate ICs: 173 | selected ICs: 48
# Cartesian-Hessian reconstruction relative error: 2.184e-05
# Energy distribution: PED (PED is the backward-compatible default; TED includes kinetic-energy terms)
# Ring/cycle bonds detected: 7 | ring atoms: 6 | ring systems: 1
# VPT2: no matching .out file supplied/found -> harmonic/PED analysis only
#
 Mode   Harm/cm-1   VPT2/cm-1  Harm.Int/km mol-1  Assignment                                                     Grouped PED
------------------------------------------------------------------------------------------------------------------------------------------------------------------------------------------------
    6       81.20          --                 --  mixed C-N torsion / cyclic-ring torsional/out-of-plane deformation / ring-site C-H out-of-plane bending C-N torsion 36.82%; cyclic-ring torsional/out-of-plane deformation 27.94%; ring-site C-H out-of-plane bending 23.08%; C-H bending 6.32%
    7       92.44          --                 --  mixed cyclic-ring torsional/out-of-plane deformation / ring-site C-H out-of-plane bending cyclic-ring torsional/out-of-plane deformation 47.20%; ring-site C-H out-of-plane bending 30.39%; C-N torsion 10.14%; cyclic-ring out-of-plane deformation 8.56%
    8      130.31          --                 --  mixed cyclic-ring torsional/out-of-plane deformation / ring-site C-H out-of-plane bending cyclic-ring torsional/out-of-plane deformation 52.13%; ring-site C-H out-of-plane bending 42.42%
    9      171.45          --                 --  mixed ring-site C-H out-of-plane bending / cyclic-ring torsional/out-of-plane deformation ring-site C-H out-of-plane bending 47.25%; cyclic-ring torsional/out-of-plane deformation 31.29%; N-C-C bending 5.01%; C-O torsion 3.96%
   10      225.49          --                 --  mixed C-O torsion / C-C-O bending / cyclic-ring torsional/out-of-plane deformation C-O torsion 27.08%; C-C-O bending 22.59%; cyclic-ring torsional/out-of-plane deformation 21.90%; C-N-C bending 9.36%
   11      245.97          --                 --  mixed cyclic-ring torsional/out-of-plane deformation / C-C-O bending / ring-site C-H out-of-plane bending cyclic-ring torsional/out-of-plane deformation 41.70%; C-C-O bending 34.25%; ring-site C-H out-of-plane bending 18.89%; C-N torsion 2.05%
   12      312.59          --                 --  mixed cyclic-ring torsional/out-of-plane deformation / C-C-O bending / ring-site C-H out-of-plane bending cyclic-ring torsional/out-of-plane deformation 30.72%; C-C-O bending 29.56%; ring-site C-H out-of-plane bending 27.76%; mixed-phase cyclic C-C stretching 4.36%
   13      380.73          --                 --  mixed C-C-O bending / cyclic-ring torsional/out-of-plane deformation C-C-O bending 43.09%; cyclic-ring torsional/out-of-plane deformation 34.22%; ring-site C-H out-of-plane bending 5.87%; cyclic C-C stretching 3.85%
   14      415.38          --                 --  mixed C-C-O bending / ring-site C-H out-of-plane bending / cyclic-ring torsional/out-of-plane deformation C-C-O bending 36.61%; ring-site C-H out-of-plane bending 30.41%; cyclic-ring torsional/out-of-plane deformation 22.21%; opposite-phase cyclic C-C stretching 3.57%
   15      518.72          --                 --  mixed ring-site C-H out-of-plane bending / C-C-O bending / cyclic-ring torsional/out-of-plane deformation ring-site C-H out-of-plane bending 36.69%; C-C-O bending 30.52%; cyclic-ring torsional/out-of-plane deformation 15.22%; cyclic C-C stretching 7.07%
   16      618.57          --                 --  mixed ring-site C-H out-of-plane bending / cyclic-ring out-of-plane deformation ring-site C-H out-of-plane bending 45.90%; cyclic-ring out-of-plane deformation 35.98%; cyclic-ring torsional/out-of-plane deformation 4.80%; in-phase cyclic C-C stretching 3.57%
   17      696.08          --                 --  mixed cyclic-ring torsional/out-of-plane deformation / cyclic-ring out-of-plane deformation / ring-site C-H out-of-plane bending cyclic-ring torsional/out-of-plane deformation 28.95%; cyclic-ring out-of-plane deformation 18.88%; ring-site C-H out-of-plane bending 15.56%; mixed-phase cyclic C-C stretching 11.79%
   18      737.76          --                 --  mixed ring-site C-H out-of-plane bending / ring-site C-H in-plane bending ring-site C-H out-of-plane bending 61.98%; ring-site C-H in-plane bending 15.89%; in-phase cyclic C-O stretching 6.70%; cyclic C-C stretching 5.96%
   19      749.71          --                 --  mixed ring-site C-H out-of-plane bending / cyclic-ring out-of-plane deformation / cyclic-ring torsional/out-of-plane deformation ring-site C-H out-of-plane bending 22.76%; cyclic-ring out-of-plane deformation 22.47%; cyclic-ring torsional/out-of-plane deformation 17.05%; mixed-phase cyclic C-O stretching 12.30%
   20      815.51          --                 --  mixed ring-site C-H out-of-plane bending / cyclic-ring torsional/out-of-plane deformation ring-site C-H out-of-plane bending 25.98%; cyclic-ring torsional/out-of-plane deformation 15.43%; cyclic-ring out-of-plane deformation 14.69%; mixed-phase cyclic C-C stretching 12.98%
   21      864.59          --                 --  mixed mixed-phase cyclic C-O stretching / ring-site C-H out-of-plane bending / ring-site C-H in-plane bending mixed-phase cyclic C-O stretching 37.25%; ring-site C-H out-of-plane bending 28.08%; ring-site C-H in-plane bending 16.41%; cyclic-ring torsional/out-of-plane deformation 6.84%
   22      894.70          --                 --  mixed ring-site C-H out-of-plane bending / cyclic-ring torsional/out-of-plane deformation / mixed-phase cyclic C-C stretching ring-site C-H out-of-plane bending 34.64%; cyclic-ring torsional/out-of-plane deformation 27.90%; mixed-phase cyclic C-C stretching 20.78%; C-C-O bending 10.81%
   23      942.14          --                 --  mixed mixed-phase cyclic C-C stretching / cyclic-ring out-of-plane deformation mixed-phase cyclic C-C stretching 51.84%; cyclic-ring out-of-plane deformation 16.25%; ring-site C-H out-of-plane bending 15.61%; cyclic-ring torsional/out-of-plane deformation 6.65%
   24      968.74          --                 --  mixed cyclic C-C stretching / ring-site C-H out-of-plane bending / mixed-phase cyclic C-O stretching cyclic C-C stretching 23.86%; ring-site C-H out-of-plane bending 23.56%; mixed-phase cyclic C-O stretching 20.59%; cyclic-ring out-of-plane deformation 12.53%
   25     1016.39          --                 --  mixed C-N stretching / cyclic C-C stretching / ring-site C-H out-of-plane bending C-N stretching 37.02%; cyclic C-C stretching 23.02%; ring-site C-H out-of-plane bending 18.50%; C-C-O bending 6.06%
   26     1043.21          --                 --  mixed C-C-O bending / ring-site C-H out-of-plane bending / mixed-phase cyclic C-C stretching C-C-O bending 31.07%; ring-site C-H out-of-plane bending 27.32%; mixed-phase cyclic C-C stretching 20.25%; cyclic-ring torsional/out-of-plane deformation 7.03%
   27     1069.20          --                 --  mixed mixed-phase cyclic C-C stretching / C-N stretching / cyclic C-O stretching mixed-phase cyclic C-C stretching 23.55%; C-N stretching 20.09%; cyclic C-O stretching 18.03%; N-C-C bending 7.38%
   28     1112.22          --                 --  mixed mixed-phase cyclic C-C stretching / cyclic C-O stretching mixed-phase cyclic C-C stretching 23.72%; cyclic C-O stretching 17.82%; C-H bending 13.59%; ring-site C-H out-of-plane bending 13.55%
   29     1117.40          --                 --  mixed ring-site C-H out-of-plane bending / ring-site C-H in-plane bending ring-site C-H out-of-plane bending 52.71%; ring-site C-H in-plane bending 12.07%; exocyclic C-O stretching 8.16%; cyclic-ring torsional/out-of-plane deformation 7.22%
   30     1131.56          --                 --  C-H bending                                                    C-H bending 93.06%
   31     1164.91          --                 --  mixed ring-site C-H out-of-plane bending / C-H bending         ring-site C-H out-of-plane bending 40.64%; C-H bending 13.65%; cyclic-ring torsional/out-of-plane deformation 11.29%; opposite-phase cyclic C-C stretching 10.87%
   32     1182.42          --                 --  mixed C-H bending / ring-site C-H out-of-plane bending         C-H bending 40.31%; ring-site C-H out-of-plane bending 12.99%; exocyclic C-O stretching 7.64%; cyclic C-O stretching 7.13%
   33     1216.08          --                 --  mixed ring-site C-H out-of-plane bending / ring-site C-H in-plane bending ring-site C-H out-of-plane bending 57.78%; ring-site C-H in-plane bending 25.21%; exocyclic C-O stretching 4.92%; cyclic-ring torsional/out-of-plane deformation 4.84%
   34     1239.82          --                 --  mixed ring-site C-H out-of-plane bending / ring-site C-H in-plane bending ring-site C-H out-of-plane bending 38.39%; ring-site C-H in-plane bending 35.03%; mixed-phase cyclic C-C stretching 9.75%; cyclic-ring torsional/out-of-plane deformation 7.23%
   35     1272.97          --                 --  ring-site C-H out-of-plane bending                             ring-site C-H out-of-plane bending 75.60%; mixed-phase cyclic C-C stretching 13.01%; ring-site C-H in-plane bending 6.60%; cyclic-ring torsional/out-of-plane deformation 2.06%
   36     1307.17          --                 --  mixed ring-site C-H in-plane bending / ring-site C-H out-of-plane bending ring-site C-H in-plane bending 56.03%; ring-site C-H out-of-plane bending 19.86%; cyclic C-C stretching 9.94%; cyclic C-O stretching 6.35%
   37     1343.82          --                 --  mixed exocyclic C-O stretching / cyclic C-C stretching         exocyclic C-O stretching 27.46%; cyclic C-C stretching 23.78%; ring-site C-H out-of-plane bending 14.65%; C-C-O bending 11.38%
   38     1364.88          --                 --  mixed O-H bending / opposite-phase cyclic C-C stretching       O-H bending 45.95%; opposite-phase cyclic C-C stretching 20.26%; cyclic-ring out-of-plane deformation 9.46%; C-C-O bending 7.29%
   39     1446.19          --                 --  C-H bending                                                    C-H bending 96.33%
   40     1469.91          --                 --  ring-site C-H out-of-plane bending                             ring-site C-H out-of-plane bending 89.28%; ring-site C-H in-plane bending 8.56%
   41     1491.59          --                 --  ring-site C-H out-of-plane bending                             ring-site C-H out-of-plane bending 81.93%; ring-site C-H in-plane bending 11.07%; cyclic C-C stretching 3.31%; C-H bending 2.84%
   42     1495.95          --                 --  C-H bending                                                    C-H bending 98.45%
   43     1502.74          --                 --  C-H bending                                                    C-H bending 99.13%
   44     1824.35          --                 --  exocyclic C-N stretching                                       exocyclic C-N stretching 79.55%; cyclic C-C stretching 9.54%; cyclic C-O stretching 5.13%; C-N stretching 2.86%
   45     3019.77          --                 --  C-H stretching                                                 C-H stretching 99.70%
   46     3071.52          --                 --  mixed-phase ring-site C-H stretching                           mixed-phase ring-site C-H stretching 99.58%
   47     3077.63          --                 --  ring-site C-H stretching                                       ring-site C-H stretching 99.40%
   48     3080.84          --                 --  mixed-phase C-H stretching                                     mixed-phase C-H stretching 99.57%
   49     3093.45          --                 --  mixed-phase C-H stretching                                     mixed-phase C-H stretching 99.55%
   50     3119.28          --                 --  mixed-phase ring-site C-H stretching                           mixed-phase ring-site C-H stretching 98.43%
   51     3133.96          --                 --  mixed-phase ring-site C-H stretching                           mixed-phase ring-site C-H stretching 98.80%
   52     3137.67          --                 --  mixed-phase ring-site C-H stretching                           mixed-phase ring-site C-H stretching 99.48%
   53     3782.21          --                 --  O-H stretching                                                 O-H stretching 99.90%

# Selected internal-coordinate set:
#   1  nu(C1-H12)
#   2  nu(C3-O4)
#   3  nu(C5-C8)
#   4  nu(C6-C7)
#   5  nu(O9-H18)
#   6  nu(C5-C6)
#   7  nu(C7-C8)
#   8  nu(C1-H11)
#   9  nu(O4-C5)
#  10  nu(C3-C8)
#  11  nu(C1-N2)
#  12  nu(C7-H16)
#  13  nu(C6-H14)
#  14  gamma(N2;C3,O4,C8)
#  15  nu(C1-H10)
#  16  nu(C6-H15)
#  17  delta(C8-O9-H18)
#  18  nu(C7-H17)
#  19  nu(C5-H13)
#  20  tau(C7-C8-O9-H18)
#  21  nu(N2-C3)
#  22  delta(H11-C1-H12)
#  23  delta(H10-C1-H11)
#  24  delta(C5-C8-O9)
#  25  tau(H15-C6-C7-H16)
#  26  delta(H10-C1-H12)
#  27  tau(H14-C6-C7-H17)
#  28  tau(H13-C5-C6-H15)
#  29  tau(O4-C5-C6-H14)
#  30  delta(C6-C5-H13)
#  31  delta(C6-C7-H17)
#  32  delta(C6-C7-H16)
#  33  nu(C8-O9)
#  34  delta(N2-C1-H12)
#  35  tau(O4-C5-C8-C7)
#  36  delta(N2-C1-H11)
#  37  tau(C8-C5-C6-H15)
#  38  tau(H14-C6-C7-C8)
#  39  tau(C5-C6-C7-H16)
#  40  delta(N2-C3-C8)
#  41  delta(C7-C8-O9)
#  42  tau(H11-C1-N2-C3)
#  43  gamma(C8;C5,O4,C6)
#  44  tau(O4-C5-C6-C7)
#  45  tau(C1-N2-C3-C8)
#  46  delta(C1-N2-C3)
#  47  tau(C6-C7-C8-O9)
#  48  tau(O4-C3-C8-C5)

Wrote: /local/scratch/mv487/qm9s/experiment_1_phase2/ped/89665/89665_summary.csv
Wrote: /local/scratch/mv487/qm9s/experiment_1_phase2/ped/89665/89665_families.csv
Wrote: /local/scratch/mv487/qm9s/experiment_1_phase2/ped/89665/89665_ped.csv
Wrote: /local/scratch/mv487/qm9s/experiment_1_phase2/ped/89665/89665_ir_transitions.csv

# All generated files are in: /local/scratch/mv487/qm9s/experiment_1_phase2/ped/89665
# Manifest: /local/scratch/mv487/qm9s/experiment_1_phase2/ped/89665/89665_manifest.txt

--- stderr ---
Normal modes/frequencies absent or incomplete: diagonalizing Hessian.
