# Contact: romi@lens.unifi.it
# Manual: https://github.com/SebRoLENS/orca-ped-analyzer/blob/main/docs/ORCA_PED_Analyzer_Manual.md
# Check GitHub for updates and new releases: https://github.com/SebRoLENS/orca-ped-analyzer
#
# Molecule: 18 atoms | non-linear
# Bonds inferred: 18 | candidate ICs: 151 | selected ICs: 48
# Cartesian-Hessian reconstruction relative error: 1.382e-05
# Energy distribution: PED (PED is the backward-compatible default; TED includes kinetic-energy terms)
# Ring/cycle bonds detected: 4 | ring atoms: 4 | ring systems: 1
# VPT2: no matching .out file supplied/found -> harmonic/PED analysis only
#
 Mode   Harm/cm-1   VPT2/cm-1  Harm.Int/km mol-1  Assignment                                                     Grouped PED
------------------------------------------------------------------------------------------------------------------------------------------------------------------------------------------------
    6       56.04          --                 --  mixed C-C torsion / C-C-C bending / ring-site C-H out-of-plane bending C-C torsion 36.61%; C-C-C bending 31.84%; ring-site C-H out-of-plane bending 23.32%
    7       83.43          --                 --  mixed ring-site C-H out-of-plane bending / C-C-C bending       ring-site C-H out-of-plane bending 53.83%; C-C-C bending 25.38%; cyclic-ring torsional/out-of-plane deformation 8.67%; C-N torsion 5.75%
    8      116.27          --                 --  mixed ring-site C-H out-of-plane bending / cyclic-ring torsional/out-of-plane deformation / C-N torsion ring-site C-H out-of-plane bending 41.02%; cyclic-ring torsional/out-of-plane deformation 36.35%; C-N torsion 19.22%
    9      133.08          --                 --  mixed C-C torsion / C-N torsion / C-H bending                  C-C torsion 31.81%; C-N torsion 24.01%; C-H bending 23.77%; C-C-C bending 9.89%
   10      136.38          --                 --  mixed C-C-C bending / C-N torsion                              C-C-C bending 34.68%; C-N torsion 28.07%; C-C torsion 12.14%; ring-site C-H out-of-plane bending 10.09%
   11      167.64          --                 --  mixed ring-site C-H out-of-plane bending / cyclic-ring torsional/out-of-plane deformation / C-N torsion ring-site C-H out-of-plane bending 49.20%; cyclic-ring torsional/out-of-plane deformation 19.49%; C-N torsion 16.50%; C-C-C bending 11.55%
   12      254.83          --                 --  mixed C-N-C bending / C-H bending                              C-N-C bending 59.72%; C-H bending 10.32%; C-C-O bending 9.35%; mixed-phase cyclic C-N stretching 5.58%
   13      288.90          --                 --  mixed C-C-C bending / cyclic-ring torsional/out-of-plane deformation / ring-site C-H out-of-plane bending C-C-C bending 38.65%; cyclic-ring torsional/out-of-plane deformation 31.17%; ring-site C-H out-of-plane bending 19.50%; ring-site C-H in-plane bending 2.44%
   14      359.87          --                 --  mixed C-C-C bending / C-C-O bending                            C-C-C bending 40.64%; C-C-O bending 36.10%; opposite-phase cyclic C-C stretching 7.01%; exocyclic C-C stretching 3.21%
   15      461.67          --                 --  mixed C-C-O bending / cyclic C-C stretching                    C-C-O bending 34.35%; cyclic C-C stretching 21.72%; C-C out-of-plane bending 11.00%; C-H bending 8.29%
   16      548.18          --                 --  mixed ring-site C-H out-of-plane bending / C-C out-of-plane bending / C-H bending ring-site C-H out-of-plane bending 26.22%; C-C out-of-plane bending 24.51%; C-H bending 18.41%; cyclic-ring torsional/out-of-plane deformation 8.73%
   17      593.74          --                 --  mixed C-C-O bending / C-C-C bending                            C-C-O bending 22.35%; C-C-C bending 16.85%; cyclic C-N stretching 9.52%; C-C stretching 8.92%
   18      622.17          --                 --  mixed C-C-O bending / ring-site C-H out-of-plane bending       C-C-O bending 24.30%; ring-site C-H out-of-plane bending 13.18%; cyclic-ring deformation (N-C-C bend) 13.15%; exocyclic C-C stretching 9.99%
   19      762.40          --                 --  mixed C-C-C bending / ring-site C-H out-of-plane bending       C-C-C bending 15.49%; ring-site C-H out-of-plane bending 12.21%; cyclic-ring torsional/out-of-plane deformation 12.05%; C-H bending 11.70%
   20      782.18          --                 --  mixed mixed-phase cyclic C-C stretching / C-C-C bending        mixed-phase cyclic C-C stretching 19.12%; C-C-C bending 19.01%; C-H bending 12.40%; exocyclic C-N stretching 11.77%
   21      801.88          --                 --  mixed exocyclic C-C stretching / cyclic-ring deformation (N-C-C bend) exocyclic C-C stretching 17.72%; cyclic-ring deformation (N-C-C bend) 14.03%; C-C-C bending 12.80%; C-H bending 8.71%
   22      942.29          --                 --  mixed C-C stretching / cyclic C-C stretching / C-H bending     C-C stretching 27.84%; cyclic C-C stretching 25.17%; C-H bending 20.42%; cyclic-ring deformation (N-C-C bend) 11.58%
   23      965.49          --                 --  mixed cyclic-ring deformation (N-C-C bend) / C-H bending       cyclic-ring deformation (N-C-C bend) 32.25%; C-H bending 20.83%; ring-site C-H out-of-plane bending 14.80%; opposite-phase cyclic C-C stretching 12.25%
   24     1000.66          --                 --  mixed C-H bending / mixed-phase cyclic C-N stretching          C-H bending 31.60%; mixed-phase cyclic C-N stretching 17.36%; cyclic-ring deformation (N-C-C bend) 14.14%; in-phase cyclic C-C stretching 13.37%
   25     1049.00          --                 --  mixed C-H bending / ring-site C-H in-plane bending             C-H bending 61.44%; ring-site C-H in-plane bending 10.36%; C-C-C bending 8.05%; cyclic C-C stretching 6.42%
   26     1050.33          --                 --  mixed cyclic C-C stretching / mixed-phase cyclic C-N stretching cyclic C-C stretching 23.23%; mixed-phase cyclic C-N stretching 18.78%; C-H bending 13.15%; C-C-O bending 11.45%
   27     1087.77          --                 --  mixed ring-site C-H in-plane bending / ring-site C-H out-of-plane bending ring-site C-H in-plane bending 28.00%; ring-site C-H out-of-plane bending 20.10%; C-H bending 13.41%; cyclic C-C stretching 10.76%
   28     1127.09          --                 --  mixed C-H bending / ring-site C-H out-of-plane bending         C-H bending 56.65%; ring-site C-H out-of-plane bending 22.30%; ring-site C-H in-plane bending 13.02%; cyclic C-C stretching 2.70%
   29     1153.22          --                 --  mixed ring-site C-H in-plane bending / C-H bending             ring-site C-H in-plane bending 54.96%; C-H bending 19.91%; ring-site C-H out-of-plane bending 5.87%; opposite-phase cyclic C-C stretching 5.31%
   30     1176.99          --                 --  mixed C-H bending / ring-site C-H out-of-plane bending         C-H bending 46.37%; ring-site C-H out-of-plane bending 44.47%; ring-site C-H in-plane bending 5.68%; cyclic-ring torsional/out-of-plane deformation 2.13%
   31     1188.24          --                 --  mixed ring-site C-H out-of-plane bending / C-C-O bending / C-C stretching ring-site C-H out-of-plane bending 25.72%; C-C-O bending 23.04%; C-C stretching 17.50%; C-H bending 14.57%
   32     1260.15          --                 --  mixed C-N out-of-plane bending / C-H bending                   C-N out-of-plane bending 39.45%; C-H bending 17.21%; mixed-phase cyclic C-N stretching 14.04%; ring-site C-H in-plane bending 12.84%
   33     1271.40          --                 --  mixed ring-site C-H out-of-plane bending / exocyclic C-N stretching / cyclic C-N stretching ring-site C-H out-of-plane bending 24.20%; exocyclic C-N stretching 16.80%; cyclic C-N stretching 15.84%; C-N out-of-plane bending 15.34%
   34     1344.62          --                 --  mixed ring-site C-H out-of-plane bending / cyclic C-C stretching ring-site C-H out-of-plane bending 37.86%; cyclic C-C stretching 12.86%; C-N out-of-plane bending 10.15%; C-H bending 10.01%
   35     1395.48          --                 --  C-H bending                                                    C-H bending 89.75%; C-C stretching 5.23%
   36     1422.04          --                 --  mixed C-H bending / cyclic C-N stretching / exocyclic C-N stretching C-H bending 39.29%; cyclic C-N stretching 18.55%; exocyclic C-N stretching 15.33%; C-N out-of-plane bending 9.58%
   37     1454.02          --                 --  C-H bending                                                    C-H bending 92.28%; cyclic C-N stretching 2.64%
   38     1471.36          --                 --  C-H bending                                                    C-H bending 98.48%
   39     1477.43          --                 --  C-H bending                                                    C-H bending 98.46%
   40     1488.55          --                 --  C-H bending                                                    C-H bending 98.48%
   41     1513.03          --                 --  C-H bending                                                    C-H bending 90.18%; ring-site C-H out-of-plane bending 4.12%; ring-site C-H in-plane bending 2.43%
   42     1532.32          --                 --  C-H bending                                                    C-H bending 79.56%; ring-site C-H out-of-plane bending 11.18%; ring-site C-H in-plane bending 3.09%; cyclic C-N stretching 2.16%
   43     1776.89          --                 --  C-O stretching                                                 C-O stretching 80.36%; C-C-C bending 7.93%; C-C stretching 3.66%; exocyclic C-C stretching 2.27%
   44     1835.72          --                 --  exocyclic C-O stretching                                       exocyclic C-O stretching 73.60%; cyclic C-N stretching 15.96%; cyclic C-C stretching 4.40%
   45     3019.75          --                 --  C-H stretching                                                 C-H stretching 99.36%
   46     3030.52          --                 --  C-H stretching                                                 C-H stretching 99.48%
   47     3048.83          --                 --  ring-site C-H stretching                                       ring-site C-H stretching 98.63%
   48     3069.63          --                 --  opposite-phase C-H stretching                                  opposite-phase C-H stretching 99.42%
   49     3083.24          --                 --  mixed ring-site C-H stretching / opposite-phase C-H stretching ring-site C-H stretching 71.16%; opposite-phase C-H stretching 28.06%
   50     3088.24          --                 --  mixed opposite-phase C-H stretching / ring-site C-H stretching opposite-phase C-H stretching 72.03%; ring-site C-H stretching 27.39%
   51     3110.42          --                 --  mixed-phase ring-site C-H stretching                           mixed-phase ring-site C-H stretching 99.35%
   52     3127.58          --                 --  mixed-phase C-H stretching                                     mixed-phase C-H stretching 99.45%
   53     3145.70          --                 --  mixed-phase C-H stretching                                     mixed-phase C-H stretching 99.43%

# Selected internal-coordinate set:
#   1  nu(C4-C8)
#   2  nu(C1-N2)
#   3  nu(C5-C6)
#   4  nu(C3-H13)
#   5  nu(C1-H10)
#   6  nu(C6-H18)
#   7  nu(C3-H14)
#   8  nu(C4-H15)
#   9  nu(C6-H16)
#  10  nu(C1-H11)
#  11  tau(H15-C4-C8-N2)
#  12  nu(C5-O7)
#  13  gamma(N2;C3,H13,H14)
#  14  nu(C1-H12)
#  15  nu(C8-O9)
#  16  nu(C6-H17)
#  17  gamma(C4;C5,C6,O7)
#  18  tau(H15-C4-C8-O9)
#  19  delta(H13-C3-H14)
#  20  delta(C4-C8-O9)
#  21  tau(H10-C1-N2-C3)
#  22  delta(C6-C5-O7)
#  23  delta(C1-N2-C8)
#  24  delta(H16-C6-H17)
#  25  delta(H17-C6-H18)
#  26  delta(H11-C1-H12)
#  27  delta(H10-C1-H11)
#  28  delta(H10-C1-H12)
#  29  delta(H16-C6-H18)
#  30  delta(C8-C4-H15)
#  31  nu(C3-C4)
#  32  delta(N2-C1-H11)
#  33  delta(N2-C3-C4)
#  34  delta(C5-C6-H16)
#  35  nu(C4-C5)
#  36  delta(C4-C3-H14)
#  37  delta(C5-C6-H18)
#  38  tau(H12-C1-N2-C8)
#  39  tau(H13-C3-C4-C5)
#  40  nu(N2-C8)
#  41  delta(N2-C1-H10)
#  42  tau(C4-C5-C6-H17)
#  43  delta(C3-C4-C5)
#  44  delta(C5-C4-C8)
#  45  nu(N2-C3)
#  46  delta(C4-C5-C6)
#  47  tau(C3-C4-C5-C6)
#  48  tau(C3-C4-C8-N2)

Wrote: /local/scratch/mv487/qm9s/experiment_1_phase2/ped/79177/79177_summary.csv
Wrote: /local/scratch/mv487/qm9s/experiment_1_phase2/ped/79177/79177_families.csv
Wrote: /local/scratch/mv487/qm9s/experiment_1_phase2/ped/79177/79177_ped.csv
Wrote: /local/scratch/mv487/qm9s/experiment_1_phase2/ped/79177/79177_ir_transitions.csv

# All generated files are in: /local/scratch/mv487/qm9s/experiment_1_phase2/ped/79177
# Manifest: /local/scratch/mv487/qm9s/experiment_1_phase2/ped/79177/79177_manifest.txt

--- stderr ---
Normal modes/frequencies absent or incomplete: diagonalizing Hessian.
