# Contact: romi@lens.unifi.it
# Manual: https://github.com/SebRoLENS/orca-ped-analyzer/blob/main/docs/ORCA_PED_Analyzer_Manual.md
# Check GitHub for updates and new releases: https://github.com/SebRoLENS/orca-ped-analyzer
#
# Molecule: 16 atoms | non-linear
# Bonds inferred: 19 | candidate ICs: 250 | selected ICs: 42
# Cartesian-Hessian reconstruction relative error: 2.248e-05
# Energy distribution: PED (PED is the backward-compatible default; TED includes kinetic-energy terms)
# Ring/cycle bonds detected: 10 | ring atoms: 7 | ring systems: 1
# VPT2: no matching .out file supplied/found -> harmonic/PED analysis only
#
 Mode   Harm/cm-1   VPT2/cm-1  Harm.Int/km mol-1  Assignment                                                     Grouped PED
------------------------------------------------------------------------------------------------------------------------------------------------------------------------------------------------
    6      101.14          --                 --  mixed cyclic-ring out-of-plane deformation / C-N-C bending     cyclic-ring out-of-plane deformation 57.23%; C-N-C bending 38.26%
    7      174.26          --                 --  mixed C-N-C bending / O-C-N bending                            C-N-C bending 35.82%; O-C-N bending 19.44%; cyclic-ring deformation (C-C-C bend) 13.33%; C-N torsion 9.90%
    8      274.64          --                 --  mixed C-N torsion / cyclic-ring out-of-plane deformation       C-N torsion 51.51%; cyclic-ring out-of-plane deformation 25.18%; C-N-C bending 14.55%; cyclic C-C stretching 3.31%
    9      377.16          --                 --  mixed cyclic-ring deformation (C-C-C bend) / ring-site C-H out-of-plane bending cyclic-ring deformation (C-C-C bend) 60.42%; ring-site C-H out-of-plane bending 19.60%; O-C-N bending 5.32%; cyclic C-N stretching 4.38%
   10      472.43          --                 --  mixed cyclic-ring deformation (C-C-C bend) / cyclic-ring out-of-plane deformation cyclic-ring deformation (C-C-C bend) 40.14%; cyclic-ring out-of-plane deformation 25.35%; ring-site C-H out-of-plane bending 9.70%; C-N torsion 7.05%
   11      503.29          --                 --  mixed ring-site C-H out-of-plane bending / mixed-phase cyclic C-C stretching ring-site C-H out-of-plane bending 52.93%; mixed-phase cyclic C-C stretching 23.40%; cyclic-ring out-of-plane deformation 15.64%; cyclic-ring deformation (C-C-C bend) 6.98%
   12      612.65          --                 --  mixed cyclic-ring out-of-plane deformation / C-N-C bending     cyclic-ring out-of-plane deformation 36.77%; C-N-C bending 14.95%; cyclic-ring deformation (C-C-C bend) 14.94%; cyclic C-N stretching 7.68%
   13      644.94          --                 --  mixed ring-site C-H out-of-plane bending / mixed-phase cyclic C-C stretching ring-site C-H out-of-plane bending 44.94%; mixed-phase cyclic C-C stretching 40.45%; cyclic-ring deformation (C-C-C bend) 8.58%; mixed-phase cyclic C-N stretching 4.75%
   14      694.17          --                 --  mixed cyclic-ring deformation (C-C-C bend) / mixed-phase cyclic C-N stretching / O-C-N bending cyclic-ring deformation (C-C-C bend) 24.57%; mixed-phase cyclic C-N stretching 19.06%; O-C-N bending 18.93%; cyclic C-C stretching 17.77%
   15      755.01          --                 --  mixed mixed-phase cyclic C-C stretching / ring-site C-H out-of-plane bending mixed-phase cyclic C-C stretching 63.94%; ring-site C-H out-of-plane bending 11.86%; cyclic-ring out-of-plane deformation 7.59%; ring-site C-H in-plane bending 6.85%
   16      775.49          --                 --  mixed mixed-phase cyclic C-C stretching / cyclic C-N stretching / ring-site C-H out-of-plane bending mixed-phase cyclic C-C stretching 37.61%; cyclic C-N stretching 25.18%; ring-site C-H out-of-plane bending 15.18%; ring-site C-H in-plane bending 9.64%
   17      804.63          --                 --  mixed mixed-phase cyclic C-C stretching / cyclic-ring deformation (C-C-C bend) mixed-phase cyclic C-C stretching 52.21%; cyclic-ring deformation (C-C-C bend) 24.09%; cyclic-ring out-of-plane deformation 10.62%; ring-site C-H out-of-plane bending 10.06%
   18      825.69          --                 --  mixed mixed-phase cyclic C-C stretching / cyclic-ring deformation (C-C-C bend) mixed-phase cyclic C-C stretching 35.76%; cyclic-ring deformation (C-C-C bend) 14.95%; cyclic C-N stretching 13.92%; O-C-N bending 12.06%
   19      914.71          --                 --  mixed cyclic-ring deformation (C-C-C bend) / ring-site C-H out-of-plane bending / mixed-phase cyclic C-C stretching cyclic-ring deformation (C-C-C bend) 45.98%; ring-site C-H out-of-plane bending 21.04%; mixed-phase cyclic C-C stretching 17.24%; cyclic-ring out-of-plane deformation 11.05%
   20      936.52          --                 --  ring-site C-H out-of-plane bending                             ring-site C-H out-of-plane bending 73.33%; mixed-phase cyclic C-C stretching 12.59%; cyclic-ring deformation (C-C-C bend) 8.92%; ring-site C-H in-plane bending 2.46%
   21      937.48          --                 --  mixed ring-site C-H out-of-plane bending / mixed-phase cyclic C-C stretching ring-site C-H out-of-plane bending 53.77%; mixed-phase cyclic C-C stretching 25.97%; cyclic-ring deformation (C-C-C bend) 12.26%; ring-site C-H in-plane bending 5.28%
   22      946.74          --                 --  mixed opposite-phase cyclic C-C stretching / cyclic-ring deformation (C-C-C bend) opposite-phase cyclic C-C stretching 57.97%; cyclic-ring deformation (C-C-C bend) 15.04%; ring-site C-H out-of-plane bending 10.15%; ring-site C-H in-plane bending 8.63%
   23      990.23          --                 --  mixed mixed-phase cyclic C-C stretching / ring-site C-H in-plane bending mixed-phase cyclic C-C stretching 40.67%; ring-site C-H in-plane bending 14.30%; opposite-phase cyclic C-N stretching 11.95%; cyclic-ring deformation (C-C-C bend) 11.89%
   24     1002.90          --                 --  mixed mixed-phase cyclic C-N stretching / cyclic C-C stretching mixed-phase cyclic C-N stretching 33.51%; cyclic C-C stretching 13.93%; O-C-N bending 11.35%; ring-site C-H out-of-plane bending 10.95%
   25     1015.38          --                 --  mixed C-N out-of-plane bending / ring-site C-H out-of-plane bending C-N out-of-plane bending 43.58%; ring-site C-H out-of-plane bending 31.82%; C-N torsion 8.45%; cyclic-ring out-of-plane deformation 8.25%
   26     1021.85          --                 --  mixed ring-site C-H out-of-plane bending / C-N out-of-plane bending ring-site C-H out-of-plane bending 66.73%; C-N out-of-plane bending 10.85%; cyclic-ring out-of-plane deformation 8.89%; mixed-phase cyclic C-C stretching 5.30%
   27     1096.63          --                 --  mixed cyclic C-C stretching / ring-site C-H in-plane bending   cyclic C-C stretching 68.54%; ring-site C-H in-plane bending 17.14%; in-phase cyclic C-N stretching 7.02%; ring-site C-H out-of-plane bending 4.47%
   28     1142.56          --                 --  mixed ring-site C-H in-plane bending / ring-site C-H out-of-plane bending / cyclic C-C stretching ring-site C-H in-plane bending 40.45%; ring-site C-H out-of-plane bending 33.08%; cyclic C-C stretching 18.32%; cyclic-ring deformation (C-C-C bend) 5.13%
   29     1144.05          --                 --  mixed ring-site C-H out-of-plane bending / cyclic C-C stretching / ring-site C-H in-plane bending ring-site C-H out-of-plane bending 34.55%; cyclic C-C stretching 25.80%; ring-site C-H in-plane bending 25.25%; cyclic-ring deformation (C-C-C bend) 10.44%
   30     1169.06          --                 --  ring-site C-H out-of-plane bending                             ring-site C-H out-of-plane bending 84.80%; cyclic-ring out-of-plane deformation 11.63%
   31     1174.71          --                 --  mixed ring-site C-H out-of-plane bending / ring-site C-H in-plane bending ring-site C-H out-of-plane bending 66.19%; ring-site C-H in-plane bending 19.41%; mixed-phase cyclic C-C stretching 12.37%
   32     1181.43          --                 --  mixed ring-site C-H out-of-plane bending / mixed-phase cyclic C-C stretching / cyclic-ring out-of-plane deformation ring-site C-H out-of-plane bending 37.04%; mixed-phase cyclic C-C stretching 31.70%; cyclic-ring out-of-plane deformation 19.99%; cyclic-ring deformation (C-C-C bend) 7.65%
   33     1200.57          --                 --  mixed ring-site C-H in-plane bending / ring-site C-H out-of-plane bending ring-site C-H in-plane bending 37.04%; ring-site C-H out-of-plane bending 34.98%; exocyclic C-N stretching 11.50%; cyclic C-C stretching 8.20%
   34     1262.84          --                 --  ring-site C-H out-of-plane bending                             ring-site C-H out-of-plane bending 76.20%; ring-site C-H in-plane bending 13.72%; mixed-phase cyclic C-C stretching 7.20%; cyclic-ring out-of-plane deformation 2.36%
   35     1319.41          --                 --  mixed ring-site C-H out-of-plane bending / mixed-phase cyclic C-C stretching ring-site C-H out-of-plane bending 49.11%; mixed-phase cyclic C-C stretching 26.01%; ring-site C-H in-plane bending 12.95%; cyclic-ring deformation (C-C-C bend) 5.68%
   36     1340.91          --                 --  mixed ring-site C-H in-plane bending / opposite-phase cyclic C-C stretching ring-site C-H in-plane bending 53.02%; opposite-phase cyclic C-C stretching 27.49%; ring-site C-H out-of-plane bending 12.48%; cyclic-ring deformation (C-C-C bend) 3.49%
   37     1364.67          --                 --  mixed exocyclic C-N stretching / in-phase cyclic C-N stretching exocyclic C-N stretching 35.84%; in-phase cyclic C-N stretching 28.01%; ring-site C-H out-of-plane bending 12.68%; mixed-phase cyclic C-C stretching 8.69%
   38     1415.44          --                 --  C-H bending                                                    C-H bending 81.22%; exocyclic C-N stretching 8.05%; C-O stretching 5.61%; O-C-N bending 2.13%
   39     1624.80          --                 --  cyclic C-C stretching                                          cyclic C-C stretching 75.73%; ring-site C-H in-plane bending 10.93%; cyclic-ring deformation (C-C-C bend) 8.86%; ring-site C-H out-of-plane bending 3.75%
   40     1749.49          --                 --  C-O stretching                                                 C-O stretching 81.04%; exocyclic C-N stretching 8.57%; C-H bending 7.63%
   41     2928.20          --                 --  C-H stretching                                                 C-H stretching 98.78%
   42     3099.55          --                 --  ring-site C-H stretching                                       ring-site C-H stretching 98.50%
   43     3132.82          --                 --  mixed-phase ring-site C-H stretching                           mixed-phase ring-site C-H stretching 98.71%
   44     3139.71          --                 --  mixed-phase ring-site C-H stretching                           mixed-phase ring-site C-H stretching 98.67%
   45     3147.19          --                 --  ring-site C-H stretching                                       ring-site C-H stretching 98.30%
   46     3219.63          --                 --  opposite-phase ring-site C-H stretching                        opposite-phase ring-site C-H stretching 99.58%
   47     3242.79          --                 --  in-phase ring-site C-H stretching                              in-phase ring-site C-H stretching 98.35%

# Selected internal-coordinate set:
#   1  nu(O1-C2)
#   2  nu(N3-C4)
#   3  nu(C5-C6)
#   4  nu(C7-C8)
#   5  nu(C9-H16)
#   6  nu(C4-C5)
#   7  nu(C4-C8)
#   8  nu(C6-C7)
#   9  nu(C2-H10)
#  10  tau(H13-C6-C7-H14)
#  11  gamma(N3;C2,O1,H10)
#  12  delta(C4-C9-H16)
#  13  gamma(C8;C9,C4,H16)
#  14  gamma(H15;C8,C4,C7)
#  15  gamma(H12;C5,C4,C6)
#  16  nu(C5-H12)
#  17  nu(C8-H15)
#  18  delta(O1-C2-H10)
#  19  nu(C7-H14)
#  20  nu(C6-H13)
#  21  nu(C4-H11)
#  22  nu(N3-C9)
#  23  gamma(C2;N3,C4,C9)
#  24  delta(N3-C4-H11)
#  25  tau(H13-C6-C7-C8)
#  26  delta(C6-C7-H14)
#  27  tau(C9-N3-C4-H11)
#  28  delta(C5-C6-H13)
#  29  gamma(H12;C5,C4,C9)
#  30  nu(C4-C9)
#  31  gamma(H15;C8,C4,C9)
#  32  delta(O1-C2-N3)
#  33  nu(C2-N3)
#  34  nu(C5-C9)
#  35  nu(C8-C9)
#  36  delta(C4-C5-C6)
#  37  tau(H10-C2-N3-C4)
#  38  delta(C4-C8-C7)
#  39  tau(H12-C5-C6-C7)
#  40  delta(C7-C8-C9)
#  41  gamma(N3;C9,C5,C8)
#  42  delta(C2-N3-C4)

Wrote: /local/scratch/mv487/qm9s/experiment_1_phase2/ped/125720/125720_summary.csv
Wrote: /local/scratch/mv487/qm9s/experiment_1_phase2/ped/125720/125720_families.csv
Wrote: /local/scratch/mv487/qm9s/experiment_1_phase2/ped/125720/125720_ped.csv
Wrote: /local/scratch/mv487/qm9s/experiment_1_phase2/ped/125720/125720_ir_transitions.csv

# All generated files are in: /local/scratch/mv487/qm9s/experiment_1_phase2/ped/125720
# Manifest: /local/scratch/mv487/qm9s/experiment_1_phase2/ped/125720/125720_manifest.txt

--- stderr ---
Normal modes/frequencies absent or incomplete: diagonalizing Hessian.
