# Contact: romi@lens.unifi.it
# Manual: https://github.com/SebRoLENS/orca-ped-analyzer/blob/main/docs/ORCA_PED_Analyzer_Manual.md
# Check GitHub for updates and new releases: https://github.com/SebRoLENS/orca-ped-analyzer
#
# Molecule: 19 atoms | non-linear
# Bonds inferred: 19 | candidate ICs: 161 | selected ICs: 51
# Cartesian-Hessian reconstruction relative error: 1.600e-05
# Energy distribution: PED (PED is the backward-compatible default; TED includes kinetic-energy terms)
# Ring/cycle bonds detected: 4 | ring atoms: 4 | ring systems: 1
# VPT2: no matching .out file supplied/found -> harmonic/PED analysis only
#
 Mode   Harm/cm-1   VPT2/cm-1  Harm.Int/km mol-1  Assignment                                                     Grouped PED
------------------------------------------------------------------------------------------------------------------------------------------------------------------------------------------------
    6       52.47          --                 --  C-C torsion                                                    C-C torsion 88.26%; ring-site C-H out-of-plane bending 6.50%; cyclic-ring torsional/out-of-plane deformation 2.29%
    7       77.03          --                 --  C-C torsion                                                    C-C torsion 91.56%; ring-site C-H out-of-plane bending 3.12%; C-O torsion 3.07%
    8      106.70          --                 --  mixed C-C torsion / ring-site C-H out-of-plane bending         C-C torsion 69.55%; ring-site C-H out-of-plane bending 15.93%; cyclic-ring torsional/out-of-plane deformation 7.41%; C-C-C bending 3.56%
    9      114.53          --                 --  C-C torsion                                                    C-C torsion 70.75%; ring-site C-H out-of-plane bending 8.53%; C-O torsion 6.74%; C-C-C bending 5.02%
   10      162.15          --                 --  mixed C-C torsion / ring-site C-H out-of-plane bending         C-C torsion 69.62%; ring-site C-H out-of-plane bending 16.60%; cyclic-ring torsional/out-of-plane deformation 6.02%; C-O torsion 3.41%
   11      228.42          --                 --  C-O torsion                                                    C-O torsion 90.52%; C-C torsion 9.02%
   12      283.67          --                 --  mixed C-C torsion / C-C-O bending                              C-C torsion 33.41%; C-C-O bending 17.66%; O-C-C bending 13.18%; C-C-C bending 11.77%
   13      312.56          --                 --  mixed C-C torsion / ring-site C-H out-of-plane bending / C-C-C bending C-C torsion 25.78%; ring-site C-H out-of-plane bending 19.65%; C-C-C bending 16.79%; exocyclic C-C stretching 5.63%
   14      441.28          --                 --  mixed C-C torsion / C-C-O bending                              C-C torsion 30.70%; C-C-O bending 13.92%; C-O-C bending 12.14%; C-C-C bending 8.88%
   15      494.46          --                 --  mixed C-C torsion / ring-site C-H out-of-plane bending         C-C torsion 33.16%; ring-site C-H out-of-plane bending 19.13%; C-C-C bending 10.86%; C-H bending 10.14%
   16      520.80          --                 --  ring-site C-H out-of-plane bending                             ring-site C-H out-of-plane bending 70.28%; ring-site C-H in-plane bending 9.53%; cyclic-ring torsional/out-of-plane deformation 7.62%; O-C-O bending 3.11%
   17      534.66          --                 --  mixed ring-site C-H out-of-plane bending / C-C-O bending / C-C torsion ring-site C-H out-of-plane bending 18.26%; C-C-O bending 16.37%; C-C torsion 16.37%; O-C-O bending 11.68%
   18      723.75          --                 --  mixed C-C torsion / cyclic-ring deformation (C-C-O bend)       C-C torsion 43.75%; cyclic-ring deformation (C-C-O bend) 30.77%; in-phase cyclic C-O stretching 5.85%; cyclic C-C stretching 3.94%
   19      811.33          --                 --  mixed C-C torsion / C-H bending                                C-C torsion 58.88%; C-H bending 17.21%; cyclic-ring deformation (C-C-O bend) 10.63%; mixed-phase cyclic C-O stretching 7.90%
   20      841.28          --                 --  mixed ring-site C-H out-of-plane bending / cyclic-ring deformation (C-C-O bend) / opposite-phase cyclic C-O stretching ring-site C-H out-of-plane bending 22.20%; cyclic-ring deformation (C-C-O bend) 20.02%; opposite-phase cyclic C-O stretching 17.57%; opposite-phase cyclic C-C stretching 11.44%
   21      875.88          --                 --  mixed cyclic C-O stretching / C-C torsion / opposite-phase cyclic C-C stretching cyclic C-O stretching 33.79%; C-C torsion 22.53%; opposite-phase cyclic C-C stretching 17.71%; C-H bending 9.77%
   22      947.61          --                 --  mixed ring-site C-H out-of-plane bending / C-H bending / cyclic C-C stretching ring-site C-H out-of-plane bending 35.10%; C-H bending 18.10%; cyclic C-C stretching 17.58%; C-C torsion 8.40%
   23      969.09          --                 --  mixed in-phase C-O stretching / C-H bending                    in-phase C-O stretching 50.57%; C-H bending 11.92%; in-phase cyclic C-C stretching 9.78%; O-C-C bending 7.88%
   24     1013.66          --                 --  mixed cyclic C-C stretching / C-C stretching                   cyclic C-C stretching 29.50%; C-C stretching 12.59%; C-H bending 10.79%; in-phase C-O stretching 10.28%
   25     1061.93          --                 --  mixed C-H bending / C-C stretching                             C-H bending 16.22%; C-C stretching 15.34%; opposite-phase cyclic C-O stretching 14.27%; in-phase cyclic C-C stretching 13.27%
   26     1075.51          --                 --  mixed ring-site C-H out-of-plane bending / C-C stretching      ring-site C-H out-of-plane bending 20.84%; C-C stretching 18.66%; C-H bending 14.92%; ring-site C-H in-plane bending 14.43%
   27     1108.28          --                 --  mixed ring-site C-H out-of-plane bending / ring-site C-H in-plane bending ring-site C-H out-of-plane bending 22.55%; ring-site C-H in-plane bending 16.80%; exocyclic C-C stretching 12.83%; cyclic C-C stretching 11.62%
   28     1128.96          --                 --  mixed cyclic C-O stretching / C-C torsion                      cyclic C-O stretching 33.29%; C-C torsion 19.33%; O-C-O bending 13.32%; C-H bending 13.27%
   29     1142.06          --                 --  opposite-phase C-O stretching                                  opposite-phase C-O stretching 79.61%; C-H bending 8.86%; C-C stretching 4.24%
   30     1171.78          --                 --  C-H bending                                                    C-H bending 71.05%; C-O torsion 7.74%; C-C torsion 5.23%; ring-site C-H out-of-plane bending 4.59%
   31     1189.38          --                 --  mixed C-H bending / C-O torsion                                C-H bending 52.75%; C-O torsion 8.11%; exocyclic C-C stretching 8.06%; ring-site C-H out-of-plane bending 7.57%
   32     1221.93          --                 --  C-H bending                                                    C-H bending 71.80%; C-O stretching 8.07%; C-C torsion 8.04%; C-O torsion 4.55%
   33     1230.40          --                 --  mixed ring-site C-H out-of-plane bending / ring-site C-H in-plane bending / opposite-phase cyclic C-C stretching ring-site C-H out-of-plane bending 49.31%; ring-site C-H in-plane bending 20.43%; opposite-phase cyclic C-C stretching 17.68%; cyclic-ring deformation (C-C-O bend) 5.99%
   34     1247.91          --                 --  mixed C-H bending / C-C torsion                                C-H bending 44.74%; C-C torsion 38.70%; C-H out-of-plane bending 4.97%; C-O torsion 2.82%
   35     1287.94          --                 --  mixed C-H bending / C-C torsion                                C-H bending 39.89%; C-C torsion 34.36%; C-H out-of-plane bending 8.01%; cyclic C-C stretching 4.02%
   36     1322.34          --                 --  mixed C-H bending / C-C torsion                                C-H bending 63.49%; C-C torsion 34.52%
   37     1339.40          --                 --  mixed C-H bending / C-C torsion                                C-H bending 34.86%; C-C torsion 31.99%; C-H out-of-plane bending 10.87%; in-phase cyclic C-O stretching 7.30%
   38     1409.68          --                 --  mixed C-H bending / C-H out-of-plane bending                   C-H bending 58.48%; C-H out-of-plane bending 17.43%; C-C torsion 11.35%; exocyclic C-C stretching 5.60%
   39     1441.47          --                 --  mixed C-H bending / C-H out-of-plane bending                   C-H bending 51.40%; C-H out-of-plane bending 36.01%; C-C stretching 4.89%; C-C torsion 2.88%
   40     1464.82          --                 --  ring-site C-H out-of-plane bending                             ring-site C-H out-of-plane bending 77.53%; ring-site C-H in-plane bending 9.08%; cyclic C-C stretching 6.47%; C-H bending 3.10%
   41     1482.10          --                 --  mixed C-C torsion / C-H bending                                C-C torsion 65.53%; C-H bending 29.87%
   42     1483.43          --                 --  mixed C-H bending / C-C torsion / C-H out-of-plane bending     C-H bending 42.15%; C-C torsion 32.92%; C-H out-of-plane bending 19.28%
   43     1487.21          --                 --  mixed C-O torsion / C-H bending                                C-O torsion 77.69%; C-H bending 21.21%
   44     1506.14          --                 --  C-H bending                                                    C-H bending 76.41%; C-H out-of-plane bending 9.78%; C-O torsion 8.46%; C-C torsion 4.62%
   45     1534.52          --                 --  mixed C-C torsion / C-H bending / C-H out-of-plane bending     C-C torsion 40.37%; C-H bending 35.49%; C-H out-of-plane bending 22.08%
   46     1908.70          --                 --  mixed exocyclic C-O stretching / cyclic-ring deformation (C-C-O bend) exocyclic C-O stretching 69.08%; cyclic-ring deformation (C-C-O bend) 17.41%; cyclic C-C stretching 7.47%; cyclic C-O stretching 4.06%
   47     2953.76          --                 --  C-H stretching                                                 C-H stretching 99.20%
   48     2977.14          --                 --  C-H stretching                                                 C-H stretching 99.70%
   49     3003.68          --                 --  mixed-phase C-H stretching                                     mixed-phase C-H stretching 99.08%
   50     3021.28          --                 --  opposite-phase C-H stretching                                  opposite-phase C-H stretching 99.47%
   51     3035.59          --                 --  in-phase C-H stretching                                        in-phase C-H stretching 99.06%
   52     3069.87          --                 --  mixed ring-site C-H stretching / opposite-phase C-H stretching ring-site C-H stretching 52.61%; opposite-phase C-H stretching 46.03%
   53     3086.51          --                 --  in-phase ring-site C-H stretching                              in-phase ring-site C-H stretching 91.78%; mixed-phase C-H stretching 7.52%
   54     3087.99          --                 --  mixed ring-site C-H stretching / mixed-phase C-H stretching    ring-site C-H stretching 52.95%; mixed-phase C-H stretching 46.33%
   55     3120.14          --                 --  C-H stretching                                                 C-H stretching 99.48%
   56     3142.07          --                 --  opposite-phase ring-site C-H stretching                        opposite-phase ring-site C-H stretching 99.51%

# Selected internal-coordinate set:
#   1  nu(C1-O2)
#   2  nu(C3-H14)
#   3  nu(C4-C5)
#   4  nu(C6-C7)
#   5  nu(C7-O9)
#   6  nu(C1-H12)
#   7  nu(C3-H13)
#   8  nu(C4-H15)
#   9  nu(C5-H17)
#  10  nu(C6-H19)
#  11  nu(C4-H16)
#  12  nu(C1-H10)
#  13  nu(C5-O9)
#  14  tau(H19-C6-C7-O9)
#  15  nu(O2-C3)
#  16  nu(C1-H11)
#  17  tau(H19-C6-C7-O8)
#  18  tau(H16-C4-C5-H17)
#  19  nu(C7-O8)
#  20  gamma(H14;C3,O2,H13)
#  21  nu(C6-H18)
#  22  tau(H12-C1-O2-C3)
#  23  tau(H18-C6-C7-O9)
#  24  delta(H10-C1-H11)
#  25  tau(H13-C3-C4-H15)
#  26  delta(C3-C4-H15)
#  27  delta(O2-C1-H11)
#  28  tau(H14-C3-C4-H16)
#  29  delta(C4-C5-H17)
#  30  delta(O2-C1-H10)
#  31  delta(O8-C7-O9)
#  32  tau(C4-C5-C6-H18)
#  33  tau(H16-C4-C5-O9)
#  34  delta(O2-C1-H12)
#  35  delta(C7-C6-H19)
#  36  delta(O2-C3-H13)
#  37  delta(C4-C3-H14)
#  38  nu(C3-C4)
#  39  delta(C4-C5-O9)
#  40  delta(C6-C7-O9)
#  41  delta(C5-C4-H16)
#  42  tau(C1-O2-C3-C4)
#  43  nu(C5-C6)
#  44  delta(C1-O2-C3)
#  45  tau(H10-C1-O2-C3)
#  46  delta(C4-C5-C6)
#  47  delta(O2-C3-C4)
#  48  tau(O2-C3-C4-C5)
#  49  tau(C5-C6-C7-O9)
#  50  tau(C3-C4-C5-C6)
#  51  delta(C3-C4-C5)

Wrote: /local/scratch/mv487/qm9s/experiment_1_phase2/ped/113175/113175_summary.csv
Wrote: /local/scratch/mv487/qm9s/experiment_1_phase2/ped/113175/113175_families.csv
Wrote: /local/scratch/mv487/qm9s/experiment_1_phase2/ped/113175/113175_ped.csv
Wrote: /local/scratch/mv487/qm9s/experiment_1_phase2/ped/113175/113175_ir_transitions.csv

# All generated files are in: /local/scratch/mv487/qm9s/experiment_1_phase2/ped/113175
# Manifest: /local/scratch/mv487/qm9s/experiment_1_phase2/ped/113175/113175_manifest.txt

--- stderr ---
Normal modes/frequencies absent or incomplete: diagonalizing Hessian.
