# Contact: romi@lens.unifi.it
# Manual: https://github.com/SebRoLENS/orca-ped-analyzer/blob/main/docs/ORCA_PED_Analyzer_Manual.md
# Check GitHub for updates and new releases: https://github.com/SebRoLENS/orca-ped-analyzer
#
# Molecule: 18 atoms | non-linear
# Bonds inferred: 18 | candidate ICs: 148 | selected ICs: 48
# Cartesian-Hessian reconstruction relative error: 1.556e-05
# Energy distribution: PED (PED is the backward-compatible default; TED includes kinetic-energy terms)
# Ring/cycle bonds detected: 3 | ring atoms: 3 | ring systems: 1
# VPT2: no matching .out file supplied/found -> harmonic/PED analysis only
#
 Mode   Harm/cm-1   VPT2/cm-1  Harm.Int/km mol-1  Assignment                                                     Grouped PED
------------------------------------------------------------------------------------------------------------------------------------------------------------------------------------------------
    6       56.15          --                 --  C-C torsion                                                    C-C torsion 97.27%
    7       63.35          --                 --  C-C torsion                                                    C-C torsion 78.68%; C-C-C bending 9.94%; O-C-C bending 2.76%; C-H out-of-plane bending 2.66%
    8       83.43          --                 --  C-C torsion                                                    C-C torsion 98.02%
    9      115.75          --                 --  mixed C-C-C bending / C-C-C linear bending                     C-C-C bending 63.20%; C-C-C linear bending 14.71%; C-H bending 6.74%; C-C out-of-plane bending 6.20%
   10      192.67          --                 --  mixed cyclic-ring torsional/out-of-plane deformation / ring-site C-H out-of-plane bending cyclic-ring torsional/out-of-plane deformation 32.37%; ring-site C-H out-of-plane bending 25.91%; C-C-C bending 15.00%; C-C out-of-plane bending 11.62%
   11      257.91          --                 --  mixed C-C-C bending / C-C torsion                              C-C-C bending 41.39%; C-C torsion 18.80%; ring-site C-H out-of-plane bending 10.80%; O-C-C bending 7.29%
   12      291.13          --                 --  mixed C-C-C bending / C-C torsion / C-C-C linear bending       C-C-C bending 35.78%; C-C torsion 26.15%; C-C-C linear bending 18.85%; cyclic-ring torsional/out-of-plane deformation 3.67%
   13      344.43          --                 --  mixed C-C torsion / C-C-C linear bending                       C-C torsion 57.91%; C-C-C linear bending 31.47%; C-H bending 7.96%
   14      395.84          --                 --  mixed C-C-C bending / C-C stretching                           C-C-C bending 41.77%; C-C stretching 11.21%; ring-site C-H in-plane bending 8.68%; C-C torsion 7.42%
   15      417.25          --                 --  mixed ring-site C-H out-of-plane bending / cyclic-ring torsional/out-of-plane deformation ring-site C-H out-of-plane bending 31.71%; cyclic-ring torsional/out-of-plane deformation 29.65%; C-C-C bending 12.60%; C-C out-of-plane bending 6.74%
   16      504.32          --                 --  mixed ring-site C-H out-of-plane bending / cyclic-ring torsional/out-of-plane deformation ring-site C-H out-of-plane bending 32.11%; cyclic-ring torsional/out-of-plane deformation 23.31%; C-C-C bending 13.44%; O-C-C bending 11.83%
   17      577.05          --                 --  mixed C-C-C bending / O-C-C bending / C-H bending              C-C-C bending 29.43%; O-C-C bending 17.82%; C-H bending 16.12%; C-C-C linear bending 10.66%
   18      674.85          --                 --  C-C-H linear bending                                           C-C-H linear bending 95.71%; C-C-C linear bending 3.19%
   19      683.31          --                 --  C-C-H linear bending                                           C-C-H linear bending 95.98%; C-C-C linear bending 3.19%
   20      799.21          --                 --  mixed cyclic C-N stretching / ring-site C-H in-plane bending   cyclic C-N stretching 25.81%; ring-site C-H in-plane bending 17.84%; cyclic C-C stretching 12.68%; ring-site N-H out-of-plane bending 9.33%
   21      842.95          --                 --  mixed mixed-phase cyclic C-N stretching / cyclic-ring torsional/out-of-plane deformation mixed-phase cyclic C-N stretching 49.94%; cyclic-ring torsional/out-of-plane deformation 14.49%; ring-site N-H in-plane bending 8.94%; ring-site C-H out-of-plane bending 7.46%
   22      849.17          --                 --  mixed C-H bending / C-C torsion                                C-H bending 48.54%; C-C torsion 21.72%; C-C stretching 14.87%; O-C-C bending 5.15%
   23      921.49          --                 --  mixed cyclic C-N stretching / ring-site C-H in-plane bending / exocyclic C-C stretching cyclic C-N stretching 31.23%; ring-site C-H in-plane bending 25.94%; exocyclic C-C stretching 18.97%; C-H out-of-plane bending 7.02%
   24      948.30          --                 --  mixed C-C stretching / C-C-C bending                           C-C stretching 46.14%; C-C-C bending 16.15%; ring-site C-H in-plane bending 13.58%; C-H bending 6.59%
   25      961.88          --                 --  ring-site C-H out-of-plane bending                             ring-site C-H out-of-plane bending 81.22%; ring-site N-H out-of-plane bending 10.12%; ring-site C-H in-plane bending 4.57%
   26      988.31          --                 --  mixed mixed-phase C-C stretching / C-H out-of-plane bending    mixed-phase C-C stretching 49.87%; C-H out-of-plane bending 21.77%; ring-site C-H in-plane bending 12.92%; C-C out-of-plane bending 4.31%
   27     1054.54          --                 --  mixed ring-site C-H out-of-plane bending / ring-site N-H in-plane bending ring-site C-H out-of-plane bending 30.05%; ring-site N-H in-plane bending 20.68%; mixed-phase C-C stretching 12.68%; C-H bending 9.73%
   28     1077.29          --                 --  mixed C-C stretching / C-H bending / C-C-C bending             C-C stretching 22.80%; C-H bending 22.27%; C-C-C bending 15.57%; C-H out-of-plane bending 14.73%
   29     1085.22          --                 --  mixed C-H bending / mixed-phase C-C stretching                 C-H bending 23.55%; mixed-phase C-C stretching 22.07%; C-C-C bending 14.55%; ring-site C-H out-of-plane bending 6.56%
   30     1129.68          --                 --  ring-site C-H out-of-plane bending                             ring-site C-H out-of-plane bending 72.16%; ring-site C-H in-plane bending 17.61%; in-phase cyclic C-N stretching 5.32%; exocyclic C-C stretching 2.38%
   31     1164.50          --                 --  ring-site C-H out-of-plane bending                             ring-site C-H out-of-plane bending 80.20%; ring-site C-H in-plane bending 15.07%
   32     1195.24          --                 --  mixed C-H bending / ring-site N-H in-plane bending             C-H bending 38.75%; ring-site N-H in-plane bending 17.85%; ring-site C-H out-of-plane bending 12.40%; exocyclic C-C stretching 7.88%
   33     1226.65          --                 --  C-H bending                                                    C-H bending 71.83%; C-C out-of-plane bending 7.98%; C-C torsion 6.33%; O-C-C bending 2.93%
   34     1240.30          --                 --  mixed ring-site C-H out-of-plane bending / cyclic C-C stretching / ring-site N-H out-of-plane bending ring-site C-H out-of-plane bending 26.30%; cyclic C-C stretching 18.99%; ring-site N-H out-of-plane bending 18.52%; C-C out-of-plane bending 11.79%
   35     1271.64          --                 --  mixed ring-site C-H out-of-plane bending / ring-site N-H out-of-plane bending / C-C out-of-plane bending ring-site C-H out-of-plane bending 28.26%; ring-site N-H out-of-plane bending 24.45%; C-C out-of-plane bending 16.54%; C-H bending 9.15%
   36     1309.40          --                 --  mixed C-H bending / ring-site N-H in-plane bending             C-H bending 23.83%; ring-site N-H in-plane bending 14.64%; C-C out-of-plane bending 12.93%; ring-site C-H out-of-plane bending 12.61%
   37     1325.52          --                 --  mixed C-H bending / C-C out-of-plane bending                   C-H bending 58.13%; C-C out-of-plane bending 23.72%; C-C stretching 4.88%; C-C torsion 3.84%
   38     1358.55          --                 --  C-H bending                                                    C-H bending 88.43%; opposite-phase C-C stretching 6.62%
   39     1416.49          --                 --  mixed C-H bending / ring-site C-H in-plane bending / ring-site C-H out-of-plane bending C-H bending 25.41%; ring-site C-H in-plane bending 19.12%; ring-site C-H out-of-plane bending 17.94%; C-C out-of-plane bending 13.08%
   40     1427.74          --                 --  mixed C-H bending / ring-site C-H in-plane bending             C-H bending 59.61%; ring-site C-H in-plane bending 12.94%; ring-site C-H out-of-plane bending 12.47%; cyclic C-C stretching 3.35%
   41     1478.32          --                 --  C-H bending                                                    C-H bending 88.32%; C-C torsion 10.71%
   42     1521.41          --                 --  mixed ring-site C-H out-of-plane bending / ring-site C-H in-plane bending ring-site C-H out-of-plane bending 45.56%; ring-site C-H in-plane bending 41.80%; cyclic C-C stretching 6.60%; cyclic C-N stretching 4.62%
   43     1808.13          --                 --  C-O stretching                                                 C-O stretching 88.83%; C-H bending 4.94%; C-C stretching 3.81%
   44     2228.89          --                 --  mixed-phase C-C stretching                                     mixed-phase C-C stretching 95.37%; C-H stretching 4.53%
   45     2868.06          --                 --  C-H stretching                                                 C-H stretching 98.94%
   46     3022.45          --                 --  C-H stretching                                                 C-H stretching 99.31%
   47     3055.22          --                 --  mixed-phase C-H stretching                                     mixed-phase C-H stretching 98.67%
   48     3065.48          --                 --  mixed-phase C-H stretching                                     mixed-phase C-H stretching 98.26%
   49     3112.42          --                 --  in-phase ring-site C-H stretching                              in-phase ring-site C-H stretching 99.33%
   50     3115.88          --                 --  ring-site C-H stretching                                       ring-site C-H stretching 97.62%
   51     3198.18          --                 --  opposite-phase ring-site C-H stretching                        opposite-phase ring-site C-H stretching 99.21%
   52     3476.21          --                 --  C-H stretching                                                 C-H stretching 95.41%; C-C stretching 4.51%
   53     3479.19          --                 --  ring-site N-H stretching                                       ring-site N-H stretching 99.66%

# Selected internal-coordinate set:
#   1  nu(O1-C2)
#   2  nu(C3-C4)
#   3  nu(C6-H14)
#   4  nu(C7-C8)
#   5  nu(N9-H18)
#   6  nu(C4-H13)
#   7  nu(C3-H11)
#   8  delta_lin2(C5-C6-H14)
#   9  delta_lin1(C5-C6-H14)
#  10  nu(C8-H17)
#  11  nu(C4-H12)
#  12  nu(C7-H15)
#  13  nu(C2-H10)
#  14  tau(H15-C7-C8-H17)
#  15  gamma(H10;C2,O1,C3)
#  16  nu(C4-C5)
#  17  delta(C7-N9-H18)
#  18  tau(H15-C7-C8-H16)
#  19  tau(C8-C7-N9-H18)
#  20  gamma(C7;C3,C4,H11)
#  21  nu(C8-H16)
#  22  delta(O1-C2-H10)
#  23  delta(H12-C4-H13)
#  24  delta(C5-C4-H13)
#  25  delta(C8-C7-H15)
#  26  delta(C5-C4-H12)
#  27  delta(C4-C3-H11)
#  28  nu(C7-N9)
#  29  delta(C7-C8-H17)
#  30  delta(C7-C8-H16)
#  31  nu(C5-C6)
#  32  delta(O1-C2-C3)
#  33  delta_lin1(C4-C5-C6)
#  34  nu(C8-N9)
#  35  nu(C3-C7)
#  36  nu(C2-C3)
#  37  delta_lin2(C4-C5-C6)
#  38  delta(C3-C4-H12)
#  39  tau(C3-C7-C8-H16)
#  40  tau(O1-C2-C3-C4)
#  41  delta(C3-C7-C8)
#  42  delta(C2-C3-C4)
#  43  tau(C3-C7-C8-N9)
#  44  tau(C2-C3-C4-H13)
#  45  tau(C2-C3-C7-N9)
#  46  delta(C4-C3-C7)
#  47  tau(C7-C3-C4-C5)
#  48  delta(C3-C4-C5)

Wrote: /local/scratch/mv487/qm9s/experiment_1_phase2/ped/44415/44415_summary.csv
Wrote: /local/scratch/mv487/qm9s/experiment_1_phase2/ped/44415/44415_families.csv
Wrote: /local/scratch/mv487/qm9s/experiment_1_phase2/ped/44415/44415_ped.csv
Wrote: /local/scratch/mv487/qm9s/experiment_1_phase2/ped/44415/44415_ir_transitions.csv

# All generated files are in: /local/scratch/mv487/qm9s/experiment_1_phase2/ped/44415
# Manifest: /local/scratch/mv487/qm9s/experiment_1_phase2/ped/44415/44415_manifest.txt

--- stderr ---
Normal modes/frequencies absent or incomplete: diagonalizing Hessian.
