# Contact: romi@lens.unifi.it
# Manual: https://github.com/SebRoLENS/orca-ped-analyzer/blob/main/docs/ORCA_PED_Analyzer_Manual.md
# Check GitHub for updates and new releases: https://github.com/SebRoLENS/orca-ped-analyzer
#
# Molecule: 15 atoms | non-linear
# Bonds inferred: 15 | candidate ICs: 86 | selected ICs: 39
# Cartesian-Hessian reconstruction relative error: 1.006e-05
# Energy distribution: PED (PED is the backward-compatible default; TED includes kinetic-energy terms)
# Ring/cycle bonds detected: 6 | ring atoms: 6 | ring systems: 1
# VPT2: no matching .out file supplied/found -> harmonic/PED analysis only
#
 Mode   Harm/cm-1   VPT2/cm-1  Harm.Int/km mol-1  Assignment                                                     Grouped PED
------------------------------------------------------------------------------------------------------------------------------------------------------------------------------------------------
    6      114.51          --                 --  mixed cyclic-ring torsional/out-of-plane deformation / C-N torsion cyclic-ring torsional/out-of-plane deformation 32.72%; C-N torsion 25.80%; cyclic-ring torsional/out-of-plane deformation 10.67%; N-H out-of-plane bending 10.52%
    7      171.57          --                 --  mixed cyclic-ring torsional/out-of-plane deformation / cyclic-ring out-of-plane deformation / cyclic-ring torsional/out-of-plane deformation cyclic-ring torsional/out-of-plane deformation 30.17%; cyclic-ring out-of-plane deformation 30.08%; cyclic-ring torsional/out-of-plane deformation 18.59%; C-N torsion 10.55%
    8      231.12          --                 --  C-N torsion                                                    C-N torsion 94.76%
    9      262.56          --                 --  mixed N-H out-of-plane bending / C-N torsion                   N-H out-of-plane bending 54.30%; C-N torsion 24.65%; N-H bending 13.63%
   10      322.50          --                 --  mixed N-C-N bending / cyclic-ring torsional/out-of-plane deformation N-C-N bending 24.77%; cyclic-ring torsional/out-of-plane deformation 14.07%; cyclic-ring torsional/out-of-plane deformation 13.93%; N-H bending 12.42%
   11      325.79          --                 --  mixed cyclic-ring torsional/out-of-plane deformation / cyclic-ring torsional/out-of-plane deformation cyclic-ring torsional/out-of-plane deformation 57.32%; cyclic-ring torsional/out-of-plane deformation 35.91%
   12      350.25          --                 --  mixed N-C-N bending / O-C-C bending / cyclic-ring deformation (C-N-N bend) N-C-N bending 33.04%; O-C-C bending 20.46%; cyclic-ring deformation (C-N-N bend) 15.23%; cyclic-ring deformation (C-C-C bend) 12.41%
   13      441.54          --                 --  mixed cyclic-ring torsional/out-of-plane deformation / C-N torsion cyclic-ring torsional/out-of-plane deformation 36.85%; C-N torsion 13.29%; N-H out-of-plane bending 13.01%; cyclic-ring torsional/out-of-plane deformation 9.60%
   14      471.31          --                 --  mixed ring-site N-H out-of-plane bending / C-N torsion         ring-site N-H out-of-plane bending 36.16%; C-N torsion 19.05%; cyclic-ring deformation (C-N-N bend) 12.81%; ring-site C-H out-of-plane bending 9.70%
   15      480.71          --                 --  mixed cyclic-ring deformation (C-N-N bend) / N-C-N bending     cyclic-ring deformation (C-N-N bend) 31.34%; N-C-N bending 13.64%; C-N torsion 11.94%; ring-site N-H out-of-plane bending 11.58%
   16      530.17          --                 --  mixed cyclic-ring deformation (C-N-N bend) / cyclic-ring deformation (C-C-C bend) cyclic-ring deformation (C-N-N bend) 37.12%; cyclic-ring deformation (C-C-C bend) 18.85%; C-N torsion 13.31%; mixed-phase cyclic C-C stretching 7.38%
   17      546.97          --                 --  mixed C-N torsion / C-N out-of-plane bending                   C-N torsion 64.44%; C-N out-of-plane bending 14.12%; cyclic-ring deformation (C-N-N bend) 4.23%; cyclic-ring deformation (C-C-C bend) 3.83%
   18      576.35          --                 --  mixed C-N torsion / C-N out-of-plane bending                   C-N torsion 45.19%; C-N out-of-plane bending 36.28%; N-H bending 7.99%; cyclic-ring out-of-plane deformation 3.92%
   19      604.19          --                 --  mixed O-C-C bending / cyclic-ring deformation (C-C-C bend) / N-C-N bending O-C-C bending 26.01%; cyclic-ring deformation (C-C-C bend) 20.95%; N-C-N bending 20.21%; cyclic-ring deformation (C-N-N bend) 11.30%
   20      643.32          --                 --  mixed C-N out-of-plane bending / N-H bending                   C-N out-of-plane bending 63.57%; N-H bending 16.36%; C-N torsion 9.59%; cyclic-ring torsional/out-of-plane deformation 4.58%
   21      710.37          --                 --  mixed cyclic-ring deformation (C-N-N bend) / cyclic C-C stretching cyclic-ring deformation (C-N-N bend) 42.59%; cyclic C-C stretching 35.43%; cyclic N-N stretching 9.71%; in-phase cyclic C-N stretching 4.10%
   22      756.32          --                 --  mixed ring-site C-H out-of-plane bending / cyclic-ring out-of-plane deformation ring-site C-H out-of-plane bending 53.03%; cyclic-ring out-of-plane deformation 14.90%; cyclic-ring torsional/out-of-plane deformation 7.75%; C-N out-of-plane bending 7.45%
   23      774.15          --                 --  mixed cyclic-ring out-of-plane deformation / ring-site C-H out-of-plane bending cyclic-ring out-of-plane deformation 63.54%; ring-site C-H out-of-plane bending 33.99%
   24      824.73          --                 --  mixed cyclic-ring deformation (C-N-N bend) / opposite-phase exocyclic C-N stretching cyclic-ring deformation (C-N-N bend) 55.66%; opposite-phase exocyclic C-N stretching 15.39%; cyclic C-C stretching 7.82%; N-C-N bending 6.44%
   25      990.29          --                 --  mixed cyclic-ring deformation (C-N-N bend) / N-H bending       cyclic-ring deformation (C-N-N bend) 32.67%; N-H bending 18.42%; cyclic N-N stretching 13.90%; cyclic C-N stretching 13.26%
   26     1067.55          --                 --  mixed cyclic-ring deformation (C-N-N bend) / cyclic-ring deformation (C-C-C bend) cyclic-ring deformation (C-N-N bend) 34.76%; cyclic-ring deformation (C-C-C bend) 13.06%; mixed-phase cyclic C-N stretching 11.40%; N-H bending 10.63%
   27     1118.59          --                 --  mixed N-H bending / mixed-phase cyclic C-N stretching          N-H bending 64.48%; mixed-phase cyclic C-N stretching 9.63%; cyclic-ring deformation (C-N-N bend) 7.29%; ring-site C-H in-plane bending 7.04%
   28     1207.64          --                 --  mixed cyclic N-N stretching / N-H bending                      cyclic N-N stretching 35.91%; N-H bending 15.13%; exocyclic C-N stretching 12.90%; ring-site C-H in-plane bending 11.44%
   29     1268.34          --                 --  mixed mixed-phase cyclic C-C stretching / in-phase exocyclic C-N stretching mixed-phase cyclic C-C stretching 44.77%; in-phase exocyclic C-N stretching 23.59%; O-C-C bending 6.17%; cyclic-ring deformation (C-C-C bend) 5.65%
   30     1281.31          --                 --  mixed ring-site C-H in-plane bending / cyclic N-N stretching   ring-site C-H in-plane bending 25.15%; cyclic N-N stretching 17.62%; mixed-phase exocyclic C-N stretching 14.53%; cyclic-ring deformation (C-N-N bend) 14.41%
   31     1405.66          --                 --  mixed mixed-phase cyclic C-C stretching / cyclic-ring deformation (C-N-N bend) mixed-phase cyclic C-C stretching 31.82%; cyclic-ring deformation (C-N-N bend) 16.55%; exocyclic C-N stretching 13.25%; N-C-N bending 11.06%
   32     1432.41          --                 --  mixed ring-site N-H in-plane bending / opposite-phase exocyclic C-N stretching / ring-site C-H in-plane bending ring-site N-H in-plane bending 27.21%; opposite-phase exocyclic C-N stretching 15.38%; ring-site C-H in-plane bending 15.04%; N-H bending 10.93%
   33     1566.74          --                 --  mixed cyclic C-N stretching / N-H bending                      cyclic C-N stretching 30.05%; N-H bending 17.89%; ring-site N-H in-plane bending 13.52%; mixed-phase cyclic C-C stretching 12.01%
   34     1580.67          --                 --  mixed N-H bending / mixed-phase cyclic C-N stretching          N-H bending 65.32%; mixed-phase cyclic C-N stretching 9.93%; mixed-phase cyclic C-C stretching 7.64%; cyclic-ring deformation (C-N-N bend) 5.67%
   35     1621.00          --                 --  mixed cyclic C-C stretching / N-H bending                      cyclic C-C stretching 31.89%; N-H bending 15.27%; ring-site N-H in-plane bending 13.58%; cyclic-ring deformation (C-N-N bend) 8.11%
   36     1649.55          --                 --  mixed cyclic C-N stretching / exocyclic C-N stretching         cyclic C-N stretching 53.57%; exocyclic C-N stretching 18.57%; N-H bending 8.53%; exocyclic C-O stretching 5.28%
   37     1667.54          --                 --  N-H bending                                                    N-H bending 79.13%; C-N torsion 7.09%; cyclic C-C stretching 4.42%; exocyclic C-N stretching 3.90%
   38     1691.47          --                 --  mixed exocyclic C-O stretching / N-H bending                   exocyclic C-O stretching 51.09%; N-H bending 17.90%; cyclic C-C stretching 16.76%; O-C-C bending 4.17%
   39     3207.52          --                 --  ring-site C-H stretching                                       ring-site C-H stretching 98.65%
   40     3555.31          --                 --  N-H stretching                                                 N-H stretching 99.73%
   41     3573.93          --                 --  N-H stretching                                                 N-H stretching 99.60%
   42     3636.87          --                 --  ring-site N-H stretching                                       ring-site N-H stretching 98.73%
   43     3656.09          --                 --  mixed-phase N-H stretching                                     mixed-phase N-H stretching 99.75%
   44     3715.00          --                 --  mixed-phase N-H stretching                                     mixed-phase N-H stretching 99.79%

# Selected internal-coordinate set:
#   1  nu(C2-C3)
#   2  nu(C6-N7)
#   3  nu(N8-N9)
#   4  nu(N1-H10)
#   5  nu(C4-O5)
#   6  nu(N1-H11)
#   7  nu(N9-H15)
#   8  nu(N7-H13)
#   9  nu(C3-H12)
#  10  gamma(C4;C3,C2,H12)
#  11  tau(C6-N8-N9-H15)
#  12  gamma(H14;N7,C6,H13)
#  13  gamma(C2;N1,H10,H11)
#  14  tau(C6-N8-N9-C2)
#  15  nu(C4-C6)
#  16  tau(C2-C3-C4-O5)
#  17  nu(N7-H14)
#  18  delta(C2-C3-H12)
#  19  delta(N8-N9-H15)
#  20  delta(H10-N1-H11)
#  21  delta(O5-C4-C6)
#  22  nu(N1-C2)
#  23  delta(H13-N7-H14)
#  24  delta(C6-N8-N9)
#  25  tau(H12-C3-C4-C6)
#  26  nu(C6-N8)
#  27  nu(C2-N9)
#  28  delta(C6-N7-H13)
#  29  tau(H11-N1-C2-N9)
#  30  tau(H10-N1-C2-C3)
#  31  nu(C3-C4)
#  32  tau(N7-C6-N8-N9)
#  33  delta(C2-N1-H11)
#  34  delta(C2-C3-C4)
#  35  tau(N8-C6-N7-H13)
#  36  delta(N1-C2-N9)
#  37  delta(N7-C6-N8)
#  38  delta(C2-N9-N8)
#  39  tau(N1-C2-N9-N8)

Wrote: /local/scratch/mv487/qm9s/experiment_1_phase2/ped/119718/119718_summary.csv
Wrote: /local/scratch/mv487/qm9s/experiment_1_phase2/ped/119718/119718_families.csv
Wrote: /local/scratch/mv487/qm9s/experiment_1_phase2/ped/119718/119718_ped.csv
Wrote: /local/scratch/mv487/qm9s/experiment_1_phase2/ped/119718/119718_ir_transitions.csv

# All generated files are in: /local/scratch/mv487/qm9s/experiment_1_phase2/ped/119718
# Manifest: /local/scratch/mv487/qm9s/experiment_1_phase2/ped/119718/119718_manifest.txt

--- stderr ---
Normal modes/frequencies absent or incomplete: diagonalizing Hessian.
