# Contact: romi@lens.unifi.it
# Manual: https://github.com/SebRoLENS/orca-ped-analyzer/blob/main/docs/ORCA_PED_Analyzer_Manual.md
# Check GitHub for updates and new releases: https://github.com/SebRoLENS/orca-ped-analyzer
#
# Molecule: 23 atoms | non-linear
# Bonds inferred: 23 | candidate ICs: 214 | selected ICs: 63
# Cartesian-Hessian reconstruction relative error: 8.444e-05
# Energy distribution: PED (PED is the backward-compatible default; TED includes kinetic-energy terms)
# Ring/cycle bonds detected: 5 | ring atoms: 5 | ring systems: 1
# VPT2: no matching .out file supplied/found -> harmonic/PED analysis only
#
 Mode   Harm/cm-1   VPT2/cm-1  Harm.Int/km mol-1  Assignment                                                     Grouped PED
------------------------------------------------------------------------------------------------------------------------------------------------------------------------------------------------
    6       70.02          --                 --  mixed ring-site C-H out-of-plane bending / cyclic-ring torsional/out-of-plane deformation / cyclic-ring torsional/out-of-plane deformation ring-site C-H out-of-plane bending 38.83%; cyclic-ring torsional/out-of-plane deformation 34.90%; cyclic-ring torsional/out-of-plane deformation 22.77%; C-C torsion 2.88%
    7      117.08          --                 --  mixed ring-site C-H out-of-plane bending / cyclic-ring torsional/out-of-plane deformation / cyclic-ring torsional/out-of-plane deformation ring-site C-H out-of-plane bending 39.27%; cyclic-ring torsional/out-of-plane deformation 34.91%; cyclic-ring torsional/out-of-plane deformation 15.90%; C-C torsion 6.42%
    8      159.30          --                 --  mixed cyclic-ring torsional/out-of-plane deformation / ring-site C-H out-of-plane bending cyclic-ring torsional/out-of-plane deformation 40.65%; ring-site C-H out-of-plane bending 40.07%; cyclic-ring torsional/out-of-plane deformation 11.77%; C-C torsion 5.38%
    9      194.86          --                 --  mixed C-C torsion / cyclic-ring torsional/out-of-plane deformation C-C torsion 35.74%; cyclic-ring torsional/out-of-plane deformation 30.02%; C-O torsion 14.72%; ring-site C-H out-of-plane bending 5.25%
   10      226.65          --                 --  C-C torsion                                                    C-C torsion 98.39%
   11      250.82          --                 --  mixed C-C torsion / C-O torsion                                C-C torsion 63.52%; C-O torsion 23.55%; cyclic-ring torsional/out-of-plane deformation 5.37%; C-C-C bending 4.89%
   12      266.34          --                 --  C-O torsion                                                    C-O torsion 98.04%
   13      279.75          --                 --  C-C torsion                                                    C-C torsion 77.16%; C-O torsion 18.20%
   14      294.62          --                 --  C-O torsion                                                    C-O torsion 73.01%; C-C torsion 12.80%; cyclic-ring torsional/out-of-plane deformation 4.31%; C-C-O bending 2.96%
   15      405.64          --                 --  mixed C-O torsion / C-C-O bending / cyclic-ring torsional/out-of-plane deformation C-O torsion 22.89%; C-C-O bending 17.43%; cyclic-ring torsional/out-of-plane deformation 15.98%; C-C-C bending 15.58%
   16      425.23          --                 --  mixed ring-site C-H out-of-plane bending / cyclic-ring torsional/out-of-plane deformation / C-C-O bending ring-site C-H out-of-plane bending 28.43%; cyclic-ring torsional/out-of-plane deformation 26.01%; C-C-O bending 16.89%; C-C torsion 10.39%
   17      459.60          --                 --  mixed C-C torsion / C-C-C bending                              C-C torsion 24.63%; C-C-C bending 17.58%; C-C-O bending 13.60%; cyclic-ring torsional/out-of-plane deformation 13.40%
   18      495.47          --                 --  mixed C-H bending / mixed-phase exocyclic C-C stretching       C-H bending 34.42%; mixed-phase exocyclic C-C stretching 13.94%; C-C-C bending 13.86%; cyclic-ring torsional/out-of-plane deformation 8.47%
   19      673.16          --                 --  mixed cyclic-ring deformation (O-C-C bend) / C-C torsion       cyclic-ring deformation (O-C-C bend) 29.68%; C-C torsion 15.64%; mixed-phase cyclic C-C stretching 12.22%; ring-site C-H out-of-plane bending 11.80%
   20      679.34          --                 --  mixed C-C torsion / C-H bending                                C-C torsion 32.60%; C-H bending 18.25%; ring-site C-H in-plane bending 9.38%; cyclic C-C stretching 9.34%
   21      778.44          --                 --  mixed C-C torsion / C-H bending                                C-C torsion 50.01%; C-H bending 22.57%; cyclic C-C stretching 10.62%; exocyclic C-C stretching 5.70%
   22      833.20          --                 --  mixed mixed-phase cyclic C-C stretching / opposite-phase exocyclic C-C stretching mixed-phase cyclic C-C stretching 30.30%; opposite-phase exocyclic C-C stretching 12.63%; C-H bending 12.41%; ring-site C-H out-of-plane bending 9.69%
   23      871.42          --                 --  mixed C-H bending / cyclic C-O stretching / C-C torsion        C-H bending 30.18%; cyclic C-O stretching 27.92%; C-C torsion 18.41%; cyclic C-C stretching 7.48%
   24      938.02          --                 --  mixed C-O torsion / C-H bending / ring-site C-H out-of-plane bending C-O torsion 23.40%; C-H bending 20.99%; ring-site C-H out-of-plane bending 18.24%; ring-site C-H in-plane bending 13.13%
   25      958.75          --                 --  mixed C-H bending / cyclic C-O stretching                      C-H bending 25.82%; cyclic C-O stretching 17.29%; mixed-phase exocyclic C-C stretching 12.75%; ring-site C-H in-plane bending 11.68%
   26      980.45          --                 --  mixed C-H bending / ring-site C-H in-plane bending             C-H bending 41.45%; ring-site C-H in-plane bending 12.74%; C-C torsion 10.73%; ring-site C-H out-of-plane bending 7.86%
   27     1006.16          --                 --  mixed C-H bending / C-C torsion                                C-H bending 41.29%; C-C torsion 10.48%; cyclic C-O stretching 9.68%; ring-site C-H in-plane bending 9.39%
   28     1036.27          --                 --  mixed C-H bending / opposite-phase cyclic C-O stretching / C-O stretching C-H bending 20.89%; opposite-phase cyclic C-O stretching 18.93%; C-O stretching 17.54%; mixed-phase exocyclic C-C stretching 10.25%
   29     1047.06          --                 --  mixed C-O stretching / C-H bending                             C-O stretching 28.99%; C-H bending 21.16%; mixed-phase cyclic C-O stretching 10.13%; C-C torsion 8.17%
   30     1068.41          --                 --  mixed C-H bending / C-C torsion                                C-H bending 52.97%; C-C torsion 15.43%; ring-site C-H out-of-plane bending 6.14%; opposite-phase exocyclic C-C stretching 5.93%
   31     1094.41          --                 --  mixed exocyclic C-C stretching / cyclic C-C stretching         exocyclic C-C stretching 19.92%; cyclic C-C stretching 17.20%; ring-site C-H out-of-plane bending 14.73%; mixed-phase cyclic C-O stretching 10.61%
   32     1116.34          --                 --  mixed C-H bending / mixed-phase cyclic C-O stretching          C-H bending 37.54%; mixed-phase cyclic C-O stretching 13.88%; ring-site C-H in-plane bending 9.54%; C-C-O bending 6.45%
   33     1145.13          --                 --  mixed C-H bending / exocyclic C-C stretching                   C-H bending 36.19%; exocyclic C-C stretching 19.70%; C-C-C bending 7.84%; mixed-phase cyclic C-O stretching 7.60%
   34     1157.09          --                 --  mixed C-H bending / ring-site C-H in-plane bending             C-H bending 34.19%; ring-site C-H in-plane bending 13.61%; ring-site C-H out-of-plane bending 12.71%; C-O torsion 7.19%
   35     1192.06          --                 --  mixed opposite-phase cyclic C-C stretching / C-H bending       opposite-phase cyclic C-C stretching 26.02%; C-H bending 25.14%; C-C torsion 12.52%; mixed-phase exocyclic C-C stretching 7.44%
   36     1230.87          --                 --  mixed O-H bending / C-H bending / ring-site C-H out-of-plane bending O-H bending 25.78%; C-H bending 24.68%; ring-site C-H out-of-plane bending 20.12%; ring-site C-H in-plane bending 16.83%
   37     1244.05          --                 --  mixed ring-site C-H in-plane bending / ring-site C-H out-of-plane bending ring-site C-H in-plane bending 37.72%; ring-site C-H out-of-plane bending 35.36%; C-H bending 13.85%; O-H bending 2.95%
   38     1276.50          --                 --  mixed C-H bending / ring-site C-H in-plane bending             C-H bending 44.86%; ring-site C-H in-plane bending 26.60%; ring-site C-H out-of-plane bending 10.07%; mixed-phase cyclic C-C stretching 5.02%
   39     1287.24          --                 --  mixed ring-site C-H in-plane bending / ring-site C-H out-of-plane bending ring-site C-H in-plane bending 42.05%; ring-site C-H out-of-plane bending 19.05%; C-H bending 10.42%; O-H bending 8.08%
   40     1329.85          --                 --  mixed ring-site C-H in-plane bending / ring-site C-H out-of-plane bending ring-site C-H in-plane bending 46.12%; ring-site C-H out-of-plane bending 19.77%; C-H bending 13.65%; C-C torsion 11.34%
   41     1352.29          --                 --  ring-site C-H in-plane bending                                 ring-site C-H in-plane bending 72.73%; C-C torsion 9.93%; C-H bending 9.60%; cyclic C-C stretching 2.92%
   42     1369.11          --                 --  mixed C-H bending / ring-site C-H in-plane bending / ring-site C-H out-of-plane bending C-H bending 42.51%; ring-site C-H in-plane bending 35.28%; ring-site C-H out-of-plane bending 15.61%
   43     1382.69          --                 --  mixed C-H bending / ring-site C-H in-plane bending             C-H bending 43.74%; ring-site C-H in-plane bending 32.48%; ring-site C-H out-of-plane bending 9.22%; C-C torsion 5.99%
   44     1391.41          --                 --  mixed C-H bending / ring-site C-H in-plane bending / ring-site C-H out-of-plane bending C-H bending 48.05%; ring-site C-H in-plane bending 31.22%; ring-site C-H out-of-plane bending 15.18%
   45     1398.57          --                 --  mixed ring-site C-H in-plane bending / C-H bending             ring-site C-H in-plane bending 48.03%; C-H bending 23.97%; ring-site C-H out-of-plane bending 14.74%; cyclic C-C stretching 4.57%
   46     1413.90          --                 --  C-H bending                                                    C-H bending 82.73%; ring-site C-H in-plane bending 9.60%; exocyclic C-C stretching 3.01%; C-C torsion 2.01%
   47     1422.65          --                 --  C-H bending                                                    C-H bending 87.80%; exocyclic C-C stretching 5.67%; ring-site C-H in-plane bending 3.02%
   48     1454.41          --                 --  mixed C-H bending / C-O torsion                                C-H bending 52.79%; C-O torsion 16.10%; exocyclic C-C stretching 9.87%; O-H bending 9.20%
   49     1490.85          --                 --  mixed C-H bending / C-C torsion                                C-H bending 66.67%; C-C torsion 32.39%
   50     1499.58          --                 --  mixed C-H bending / C-C torsion                                C-H bending 56.10%; C-C torsion 42.09%
   51     1508.61          --                 --  mixed C-H bending / C-C torsion                                C-H bending 63.64%; C-C torsion 32.83%
   52     1510.52          --                 --  mixed C-H bending / C-C torsion                                C-H bending 72.05%; C-C torsion 25.07%
   53     1520.81          --                 --  mixed C-H bending / ring-site C-H out-of-plane bending         C-H bending 58.39%; ring-site C-H out-of-plane bending 23.45%; C-O torsion 6.80%; C-C torsion 5.17%
   54     1532.09          --                 --  mixed C-H bending / ring-site C-H out-of-plane bending         C-H bending 56.66%; ring-site C-H out-of-plane bending 27.15%; C-O torsion 6.82%; ring-site C-H in-plane bending 5.20%
   55     2986.52          --                 --  C-H stretching                                                 C-H stretching 98.49%
   56     3004.96          --                 --  ring-site C-H stretching                                       ring-site C-H stretching 97.49%
   57     3022.17          --                 --  mixed-phase C-H stretching                                     mixed-phase C-H stretching 87.53%; mixed-phase ring-site C-H stretching 11.72%
   58     3031.19          --                 --  mixed mixed-phase ring-site C-H stretching / mixed-phase C-H stretching mixed-phase ring-site C-H stretching 76.48%; mixed-phase C-H stretching 22.29%
   59     3032.01          --                 --  C-H stretching                                                 C-H stretching 86.16%; mixed-phase ring-site C-H stretching 13.42%
   60     3037.85          --                 --  in-phase C-H stretching                                        in-phase C-H stretching 96.20%; opposite-phase ring-site C-H stretching 3.42%
   61     3048.52          --                 --  mixed-phase ring-site C-H stretching                           mixed-phase ring-site C-H stretching 93.02%; C-H stretching 5.80%
   62     3061.59          --                 --  ring-site C-H stretching                                       ring-site C-H stretching 92.25%; mixed-phase C-H stretching 6.87%
   63     3085.99          --                 --  opposite-phase C-H stretching                                  opposite-phase C-H stretching 99.55%
   64     3099.60          --                 --  mixed-phase C-H stretching                                     mixed-phase C-H stretching 84.32%; mixed-phase ring-site C-H stretching 14.97%
   65     3101.83          --                 --  mixed-phase C-H stretching                                     mixed-phase C-H stretching 82.11%; ring-site C-H stretching 16.98%
   66     3103.41          --                 --  mixed ring-site C-H stretching / mixed-phase C-H stretching    ring-site C-H stretching 68.31%; mixed-phase C-H stretching 30.68%
   67     3108.56          --                 --  mixed-phase C-H stretching                                     mixed-phase C-H stretching 93.15%; in-phase ring-site C-H stretching 5.60%
   68     3821.45          --                 --  O-H stretching                                                 O-H stretching 99.93%

# Selected internal-coordinate set:
#   1  nu(C1-C2)
#   2  nu(C4-C5)
#   3  nu(C6-O7)
#   4  nu(C8-C9)
#   5  nu(O3-C4)
#   6  nu(C8-H20)
#   7  nu(C2-H13)
#   8  nu(O7-H19)
#   9  nu(C1-H11)
#  10  nu(C5-H16)
#  11  nu(C6-H18)
#  12  nu(C9-H22)
#  13  nu(C9-H23)
#  14  nu(C6-H17)
#  15  nu(C1-H12)
#  16  nu(C4-H14)
#  17  nu(C2-O3)
#  18  nu(C9-H21)
#  19  nu(C4-H15)
#  20  nu(C1-H10)
#  21  nu(C5-C8)
#  22  tau(H17-C6-O7-H19)
#  23  tau(H13-C2-O3-C4)
#  24  delta(C6-O7-H19)
#  25  tau(H20-C8-C9-H21)
#  26  tau(C2-O3-C4-H14)
#  27  tau(H15-C4-C5-H16)
#  28  delta(H22-C9-H23)
#  29  delta(H11-C1-H12)
#  30  tau(H10-C1-C2-H13)
#  31  delta(C8-C9-H23)
#  32  delta(H17-C6-H18)
#  33  delta(C4-C5-H16)
#  34  delta(C5-C4-H15)
#  35  delta(C2-C1-H11)
#  36  delta(C2-C1-H12)
#  37  delta(O7-C6-H17)
#  38  delta(C8-C9-H22)
#  39  delta(C8-C9-H21)
#  40  delta(C2-C1-H10)
#  41  delta(O3-C4-H14)
#  42  delta(C9-C8-H20)
#  43  delta(O3-C4-C5)
#  44  delta(C5-C6-H18)
#  45  nu(C2-C8)
#  46  tau(H15-C4-C5-C8)
#  47  delta(O3-C2-H13)
#  48  tau(C2-C8-C9-H23)
#  49  tau(C5-C6-O7-H19)
#  50  tau(H11-C1-C2-C8)
#  51  delta(C5-C6-O7)
#  52  delta(C2-C8-H20)
#  53  delta(C1-C2-O3)
#  54  nu(C5-C6)
#  55  delta(C5-C8-H20)
#  56  tau(H12-C1-C2-O3)
#  57  tau(C4-C5-C6-H18)
#  58  tau(O3-C4-C5-C6)
#  59  delta(C4-C5-C6)
#  60  delta(C1-C2-C8)
#  61  tau(C4-C5-C8-C9)
#  62  tau(O3-C2-C8-C9)
#  63  tau(C2-O3-C4-C5)

Wrote: /local/scratch/mv487/qm9s/experiment_1_phase2/ped/106676/106676_summary.csv
Wrote: /local/scratch/mv487/qm9s/experiment_1_phase2/ped/106676/106676_families.csv
Wrote: /local/scratch/mv487/qm9s/experiment_1_phase2/ped/106676/106676_ped.csv
Wrote: /local/scratch/mv487/qm9s/experiment_1_phase2/ped/106676/106676_ir_transitions.csv

# All generated files are in: /local/scratch/mv487/qm9s/experiment_1_phase2/ped/106676
# Manifest: /local/scratch/mv487/qm9s/experiment_1_phase2/ped/106676/106676_manifest.txt

--- stderr ---
Normal modes/frequencies absent or incomplete: diagonalizing Hessian.
