# Contact: romi@lens.unifi.it
# Manual: https://github.com/SebRoLENS/orca-ped-analyzer/blob/main/docs/ORCA_PED_Analyzer_Manual.md
# Check GitHub for updates and new releases: https://github.com/SebRoLENS/orca-ped-analyzer
#
# Molecule: 19 atoms | non-linear
# Bonds inferred: 19 | candidate ICs: 171 | selected ICs: 51
# Cartesian-Hessian reconstruction relative error: 2.667e-05
# Energy distribution: PED (PED is the backward-compatible default; TED includes kinetic-energy terms)
# Ring/cycle bonds detected: 4 | ring atoms: 4 | ring systems: 1
# VPT2: no matching .out file supplied/found -> harmonic/PED analysis only
#
 Mode   Harm/cm-1   VPT2/cm-1  Harm.Int/km mol-1  Assignment                                                     Grouped PED
------------------------------------------------------------------------------------------------------------------------------------------------------------------------------------------------
    6       75.76          --                 --  mixed ring-site C-H out-of-plane bending / cyclic-ring torsional/out-of-plane deformation ring-site C-H out-of-plane bending 63.60%; cyclic-ring torsional/out-of-plane deformation 32.97%; C-C torsion 2.00%
    7      108.02          --                 --  C-C torsion                                                    C-C torsion 96.70%
    8      155.36          --                 --  C-C torsion                                                    C-C torsion 74.29%; ring-site C-H out-of-plane bending 12.67%; cyclic-ring torsional/out-of-plane deformation 9.09%
    9      210.86          --                 --  C-C torsion                                                    C-C torsion 98.16%
   10      225.78          --                 --  C-O torsion                                                    C-O torsion 92.75%; C-C torsion 2.51%
   11      245.50          --                 --  C-O torsion                                                    C-O torsion 98.49%
   12      257.42          --                 --  C-O torsion                                                    C-O torsion 79.60%; C-C torsion 14.61%; ring-site C-H out-of-plane bending 2.57%
   13      279.92          --                 --  mixed C-O torsion / C-C torsion                                C-O torsion 69.71%; C-C torsion 18.88%; C-C-C bending 6.31%
   14      318.68          --                 --  mixed C-C torsion / C-O torsion                                C-C torsion 32.30%; C-O torsion 24.26%; C-C-C bending 13.44%; cyclic-ring torsional/out-of-plane deformation 10.46%
   15      422.67          --                 --  mixed ring-site C-H out-of-plane bending / C-C-O bending / C-C-C bending ring-site C-H out-of-plane bending 24.14%; C-C-O bending 21.76%; C-C-C bending 19.47%; C-C torsion 12.03%
   16      468.78          --                 --  mixed cyclic-ring torsional/out-of-plane deformation / ring-site C-H out-of-plane bending cyclic-ring torsional/out-of-plane deformation 31.99%; ring-site C-H out-of-plane bending 23.35%; C-C-O bending 12.90%; C-O torsion 9.35%
   17      484.79          --                 --  mixed C-O torsion / ring-site C-H out-of-plane bending         C-O torsion 65.44%; ring-site C-H out-of-plane bending 16.22%; C-C torsion 7.39%; C-C-C bending 2.55%
   18      498.75          --                 --  mixed ring-site C-H out-of-plane bending / C-O torsion         ring-site C-H out-of-plane bending 68.84%; C-O torsion 11.69%; C-C-O bending 4.75%; cyclic-ring torsional/out-of-plane deformation 4.70%
   19      592.65          --                 --  mixed ring-site C-H out-of-plane bending / C-C torsion         ring-site C-H out-of-plane bending 30.41%; C-C torsion 24.42%; C-C-O bending 13.81%; cyclic-ring torsional/out-of-plane deformation 11.15%
   20      673.69          --                 --  mixed ring-site C-H out-of-plane bending / C-C torsion / C-C-O bending ring-site C-H out-of-plane bending 24.07%; C-C torsion 18.25%; C-C-O bending 17.23%; cyclic-ring torsional/out-of-plane deformation 9.58%
   21      711.41          --                 --  mixed in-phase cyclic C-C stretching / in-phase exocyclic C-C stretching in-phase cyclic C-C stretching 41.57%; in-phase exocyclic C-C stretching 19.41%; ring-site C-H out-of-plane bending 9.96%; C-C-O bending 8.18%
   22      819.20          --                 --  mixed ring-site C-H out-of-plane bending / mixed-phase cyclic C-C stretching ring-site C-H out-of-plane bending 24.38%; mixed-phase cyclic C-C stretching 16.30%; C-H bending 14.32%; C-C torsion 14.06%
   23      860.72          --                 --  mixed mixed-phase cyclic C-C stretching / C-H bending          mixed-phase cyclic C-C stretching 34.81%; C-H bending 21.43%; ring-site C-H out-of-plane bending 13.82%; C-C torsion 12.88%
   24      943.62          --                 --  mixed ring-site C-H out-of-plane bending / mixed-phase cyclic C-C stretching ring-site C-H out-of-plane bending 32.40%; mixed-phase cyclic C-C stretching 23.92%; C-H bending 11.14%; C-C torsion 9.69%
   25      961.07          --                 --  mixed C-C torsion / C-H bending                                C-C torsion 43.28%; C-H bending 36.20%; cyclic C-C stretching 6.44%; exocyclic C-C stretching 6.01%
   26      965.37          --                 --  mixed C-H bending / C-C torsion / exocyclic C-C stretching     C-H bending 43.51%; C-C torsion 19.42%; exocyclic C-C stretching 16.55%; cyclic C-C stretching 9.26%
   27     1049.89          --                 --  mixed C-O stretching / C-H bending                             C-O stretching 29.34%; C-H bending 13.08%; C-C torsion 12.79%; mixed-phase cyclic C-C stretching 12.08%
   28     1057.93          --                 --  mixed C-O stretching / ring-site C-H out-of-plane bending      C-O stretching 23.51%; ring-site C-H out-of-plane bending 15.98%; C-C torsion 14.07%; C-H bending 13.97%
   29     1087.24          --                 --  mixed exocyclic C-O stretching / C-H bending / ring-site C-H out-of-plane bending exocyclic C-O stretching 24.43%; C-H bending 20.94%; ring-site C-H out-of-plane bending 18.28%; C-C torsion 10.65%
   30     1131.67          --                 --  mixed ring-site C-H out-of-plane bending / mixed-phase cyclic C-C stretching / C-H bending ring-site C-H out-of-plane bending 28.41%; mixed-phase cyclic C-C stretching 22.41%; C-H bending 20.93%; C-O torsion 8.13%
   31     1142.70          --                 --  mixed ring-site C-H out-of-plane bending / C-H bending         ring-site C-H out-of-plane bending 31.77%; C-H bending 28.97%; C-O torsion 14.92%; C-C torsion 5.76%
   32     1165.07          --                 --  mixed C-H bending / C-C torsion                                C-H bending 35.81%; C-C torsion 14.26%; ring-site C-H out-of-plane bending 12.59%; exocyclic C-O stretching 8.90%
   33     1190.46          --                 --  mixed C-H bending / ring-site C-H out-of-plane bending         C-H bending 37.22%; ring-site C-H out-of-plane bending 26.67%; C-O torsion 11.57%; C-C torsion 4.93%
   34     1211.71          --                 --  mixed ring-site C-H out-of-plane bending / mixed-phase cyclic C-C stretching ring-site C-H out-of-plane bending 63.69%; mixed-phase cyclic C-C stretching 9.86%; C-H bending 7.71%; exocyclic C-O stretching 5.20%
   35     1252.86          --                 --  mixed C-O torsion / ring-site C-H out-of-plane bending / opposite-phase exocyclic C-C stretching C-O torsion 28.23%; ring-site C-H out-of-plane bending 27.65%; opposite-phase exocyclic C-C stretching 15.37%; O-H bending 12.53%
   36     1273.43          --                 --  mixed C-H bending / ring-site C-H out-of-plane bending / C-O torsion C-H bending 29.29%; ring-site C-H out-of-plane bending 28.66%; C-O torsion 19.20%; O-H bending 8.86%
   37     1319.00          --                 --  mixed C-O torsion / ring-site C-H out-of-plane bending         C-O torsion 34.98%; ring-site C-H out-of-plane bending 22.06%; mixed-phase cyclic C-C stretching 10.19%; C-H bending 9.10%
   38     1385.85          --                 --  C-H bending                                                    C-H bending 92.24%; O-H bending 4.47%
   39     1406.92          --                 --  C-H bending                                                    C-H bending 76.61%; ring-site C-H out-of-plane bending 16.44%; O-H bending 2.92%
   40     1418.16          --                 --  mixed ring-site C-H out-of-plane bending / C-H bending         ring-site C-H out-of-plane bending 61.89%; C-H bending 20.97%; O-H bending 7.01%; C-C torsion 5.54%
   41     1431.03          --                 --  mixed C-H bending / C-C torsion                                C-H bending 61.13%; C-C torsion 17.72%; ring-site C-H out-of-plane bending 9.70%; O-H bending 8.81%
   42     1443.22          --                 --  mixed ring-site C-H out-of-plane bending / C-H bending         ring-site C-H out-of-plane bending 68.48%; C-H bending 20.41%; C-C torsion 3.23%; O-H bending 2.66%
   43     1493.88          --                 --  C-H bending                                                    C-H bending 80.93%; C-C torsion 18.16%
   44     1500.56          --                 --  C-H bending                                                    C-H bending 84.49%; C-C torsion 14.27%
   45     1513.06          --                 --  mixed C-H bending / C-C torsion                                C-H bending 77.81%; C-C torsion 21.29%
   46     1833.84          --                 --  exocyclic C-O stretching                                       exocyclic C-O stretching 83.26%; in-phase cyclic C-C stretching 10.79%; C-C torsion 2.46%
   47     2978.90          --                 --  C-H stretching                                                 C-H stretching 96.51%; ring-site C-H stretching 2.29%
   48     3017.56          --                 --  ring-site C-H stretching                                       ring-site C-H stretching 96.98%; C-H stretching 2.19%
   49     3048.73          --                 --  in-phase C-H stretching                                        in-phase C-H stretching 91.12%; ring-site C-H stretching 8.54%
   50     3051.91          --                 --  ring-site C-H stretching                                       ring-site C-H stretching 91.11%; in-phase C-H stretching 8.44%
   51     3070.08          --                 --  C-H stretching                                                 C-H stretching 98.50%
   52     3112.76          --                 --  mixed mixed-phase ring-site C-H stretching / opposite-phase C-H stretching mixed-phase ring-site C-H stretching 67.31%; opposite-phase C-H stretching 32.13%
   53     3114.53          --                 --  mixed opposite-phase C-H stretching / mixed-phase ring-site C-H stretching opposite-phase C-H stretching 67.35%; mixed-phase ring-site C-H stretching 31.83%
   54     3129.82          --                 --  mixed-phase C-H stretching                                     mixed-phase C-H stretching 99.17%
   55     3752.36          --                 --  O-H stretching                                                 O-H stretching 99.82%
   56     3812.94          --                 --  O-H stretching                                                 O-H stretching 99.93%

# Selected internal-coordinate set:
#   1  nu(C1-C2)
#   2  nu(C3-O4)
#   3  nu(C5-O6)
#   4  nu(C7-C8)
#   5  nu(C3-H13)
#   6  nu(O4-H15)
#   7  nu(O6-H17)
#   8  nu(C1-H12)
#   9  nu(C7-H19)
#  10  nu(C5-H16)
#  11  nu(C2-C8)
#  12  nu(C3-H14)
#  13  nu(C1-H11)
#  14  tau(H16-C5-O6-H17)
#  15  nu(C7-H18)
#  16  tau(C5-C7-C8-O9)
#  17  nu(C1-H10)
#  18  tau(H13-C3-O4-H15)
#  19  nu(C2-C5)
#  20  gamma(H18;C7,C8,H19)
#  21  nu(C8-O9)
#  22  delta(O4-C3-H14)
#  23  delta(H11-C1-H12)
#  24  delta(H10-C1-H12)
#  25  delta(C5-O6-H17)
#  26  delta(H10-C1-H11)
#  27  delta(O4-C3-H13)
#  28  delta(H13-C3-H14)
#  29  tau(C2-C5-O6-H17)
#  30  tau(H16-C5-C7-H19)
#  31  delta(C3-O4-H15)
#  32  gamma(H18;C7,C5,C8)
#  33  delta(C2-C8-O9)
#  34  tau(C1-C2-C5-H16)
#  35  delta(C2-C1-H12)
#  36  delta(C2-C3-H14)
#  37  delta(C2-C5-O6)
#  38  nu(C2-C3)
#  39  delta(C2-C1-H11)
#  40  tau(H19-C7-C8-C2)
#  41  nu(C5-C7)
#  42  tau(H10-C1-C2-C3)
#  43  tau(H16-C5-C7-C8)
#  44  tau(C8-C2-C5-O6)
#  45  tau(H11-C1-C2-C8)
#  46  tau(C5-C2-C3-O4)
#  47  delta(C1-C2-C3)
#  48  delta(C2-C3-O4)
#  49  tau(C1-C2-C5-C7)
#  50  tau(C8-C2-C3-H13)
#  51  delta(C3-C2-C5)

Wrote: /local/scratch/mv487/qm9s/experiment_1_phase2/ped/95194/95194_summary.csv
Wrote: /local/scratch/mv487/qm9s/experiment_1_phase2/ped/95194/95194_families.csv
Wrote: /local/scratch/mv487/qm9s/experiment_1_phase2/ped/95194/95194_ped.csv
Wrote: /local/scratch/mv487/qm9s/experiment_1_phase2/ped/95194/95194_ir_transitions.csv

# All generated files are in: /local/scratch/mv487/qm9s/experiment_1_phase2/ped/95194
# Manifest: /local/scratch/mv487/qm9s/experiment_1_phase2/ped/95194/95194_manifest.txt

--- stderr ---
Normal modes/frequencies absent or incomplete: diagonalizing Hessian.
