# Contact: romi@lens.unifi.it
# Manual: https://github.com/SebRoLENS/orca-ped-analyzer/blob/main/docs/ORCA_PED_Analyzer_Manual.md
# Check GitHub for updates and new releases: https://github.com/SebRoLENS/orca-ped-analyzer
#
# Molecule: 23 atoms | non-linear
# Bonds inferred: 24 | candidate ICs: 250 | selected ICs: 63
# Cartesian-Hessian reconstruction relative error: 4.332e-05
# Energy distribution: PED (PED is the backward-compatible default; TED includes kinetic-energy terms)
# Ring/cycle bonds detected: 6 | ring atoms: 5 | ring systems: 1
# VPT2: no matching .out file supplied/found -> harmonic/PED analysis only
#
 Mode   Harm/cm-1   VPT2/cm-1  Harm.Int/km mol-1  Assignment                                                     Grouped PED
------------------------------------------------------------------------------------------------------------------------------------------------------------------------------------------------
    6      126.30          --                 --  mixed C-C torsion / cyclic-ring torsional/out-of-plane deformation C-C torsion 65.74%; cyclic-ring torsional/out-of-plane deformation 29.67%
    7      181.49          --                 --  C-C torsion                                                    C-C torsion 74.96%; cyclic-ring out-of-plane deformation 9.20%; cyclic-ring torsional/out-of-plane deformation 8.19%; C-C-C bending 2.68%
    8      190.73          --                 --  C-C torsion                                                    C-C torsion 94.82%; C-C-C bending 3.17%
    9      218.56          --                 --  C-C torsion                                                    C-C torsion 99.19%
   10      235.76          --                 --  C-C torsion                                                    C-C torsion 98.15%
   11      244.16          --                 --  C-C torsion                                                    C-C torsion 98.97%
   12      275.23          --                 --  C-C torsion                                                    C-C torsion 72.27%; cyclic-ring torsional/out-of-plane deformation 16.35%; O-C-C bending 8.73%
   13      301.59          --                 --  mixed C-C torsion / C-O torsion                                C-C torsion 60.69%; C-O torsion 32.74%; cyclic-ring torsional/out-of-plane deformation 2.52%
   14      323.18          --                 --  mixed C-C torsion / C-C-C bending / cyclic-ring out-of-plane deformation C-C torsion 46.12%; C-C-C bending 17.60%; cyclic-ring out-of-plane deformation 15.63%; cyclic-ring torsional/out-of-plane deformation 6.86%
   15      356.74          --                 --  C-C torsion                                                    C-C torsion 76.31%; C-C-C bending 6.09%; cyclic-ring torsional/out-of-plane deformation 6.00%; C-H bending 4.08%
   16      399.36          --                 --  mixed C-C torsion / C-C-O bending                              C-C torsion 42.03%; C-C-O bending 27.02%; cyclic-ring torsional/out-of-plane deformation 10.03%; C-C-C bending 5.18%
   17      440.89          --                 --  mixed cyclic-ring torsional/out-of-plane deformation / C-C torsion cyclic-ring torsional/out-of-plane deformation 47.64%; C-C torsion 26.42%; O-C-C bending 10.91%; C-C-O bending 3.89%
   18      556.32          --                 --  mixed C-C torsion / O-C-C bending                              C-C torsion 42.42%; O-C-C bending 20.18%; cyclic-ring out-of-plane deformation 12.38%; C-H bending 10.51%
   19      601.24          --                 --  mixed cyclic-ring out-of-plane deformation / C-C torsion       cyclic-ring out-of-plane deformation 41.31%; C-C torsion 20.23%; C-H bending 8.57%; ring-site C-H out-of-plane bending 6.01%
   20      627.78          --                 --  mixed C-C torsion / exocyclic C-C stretching / mixed-phase cyclic C-C stretching C-C torsion 34.41%; exocyclic C-C stretching 17.72%; mixed-phase cyclic C-C stretching 16.28%; O-C-C bending 8.55%
   21      710.72          --                 --  mixed C-C torsion / mixed-phase cyclic C-C stretching          C-C torsion 40.54%; mixed-phase cyclic C-C stretching 32.79%; ring-site C-H out-of-plane bending 6.17%; cyclic-ring torsional/out-of-plane deformation 5.42%
   22      755.37          --                 --  mixed C-C torsion / mixed-phase cyclic C-C stretching          C-C torsion 49.34%; mixed-phase cyclic C-C stretching 16.76%; C-H bending 12.08%; ring-site C-H out-of-plane bending 11.57%
   23      811.67          --                 --  mixed C-C torsion / mixed-phase cyclic C-C stretching / C-H bending C-C torsion 44.89%; mixed-phase cyclic C-C stretching 15.31%; C-H bending 15.20%; ring-site C-H out-of-plane bending 10.62%
   24      869.65          --                 --  mixed C-C torsion / C-H bending / cyclic-ring out-of-plane deformation C-C torsion 21.12%; C-H bending 18.06%; cyclic-ring out-of-plane deformation 17.31%; ring-site C-H out-of-plane bending 16.27%
   25      911.32          --                 --  mixed C-H bending / C-C torsion / mixed-phase cyclic C-C stretching C-H bending 33.73%; C-C torsion 25.05%; mixed-phase cyclic C-C stretching 15.67%; ring-site C-H out-of-plane bending 9.16%
   26      921.29          --                 --  mixed mixed-phase cyclic C-C stretching / C-H bending / C-C torsion mixed-phase cyclic C-C stretching 31.82%; C-H bending 23.75%; C-C torsion 20.76%; exocyclic C-O stretching 8.05%
   27      949.63          --                 --  mixed C-H bending / C-C torsion / exocyclic C-O stretching     C-H bending 30.76%; C-C torsion 23.60%; exocyclic C-O stretching 18.81%; mixed-phase cyclic C-C stretching 18.66%
   28      975.21          --                 --  mixed cyclic C-C stretching / exocyclic C-C stretching         cyclic C-C stretching 49.97%; exocyclic C-C stretching 11.16%; cyclic-ring out-of-plane deformation 7.45%; ring-site C-H out-of-plane bending 7.04%
   29     1002.34          --                 --  mixed C-C torsion / C-H bending / ring-site C-H in-plane bending C-C torsion 29.22%; C-H bending 25.77%; ring-site C-H in-plane bending 16.09%; ring-site C-H out-of-plane bending 13.63%
   30     1029.52          --                 --  mixed C-H bending / C-C torsion                                C-H bending 57.13%; C-C torsion 21.50%; ring-site C-H in-plane bending 10.84%; cyclic-ring out-of-plane deformation 2.21%
   31     1062.33          --                 --  mixed C-H bending / C-C torsion                                C-H bending 38.37%; C-C torsion 22.60%; ring-site C-H in-plane bending 9.75%; ring-site C-H out-of-plane bending 8.74%
   32     1069.53          --                 --  mixed ring-site C-H out-of-plane bending / C-C torsion         ring-site C-H out-of-plane bending 37.39%; C-C torsion 18.28%; cyclic-ring out-of-plane deformation 14.35%; C-H bending 11.01%
   33     1091.21          --                 --  mixed C-H bending / mixed-phase exocyclic C-C stretching       C-H bending 27.55%; mixed-phase exocyclic C-C stretching 24.74%; C-C torsion 11.10%; cyclic C-C stretching 11.01%
   34     1111.44          --                 --  mixed C-H bending / O-H bending                                C-H bending 41.76%; O-H bending 19.56%; cyclic C-C stretching 14.57%; C-C torsion 5.17%
   35     1127.24          --                 --  mixed C-H bending / ring-site C-H out-of-plane bending         C-H bending 57.78%; ring-site C-H out-of-plane bending 15.14%; mixed-phase cyclic C-C stretching 8.68%; cyclic-ring out-of-plane deformation 6.23%
   36     1153.99          --                 --  mixed C-H bending / C-C torsion                                C-H bending 27.90%; C-C torsion 15.41%; mixed-phase cyclic C-C stretching 10.80%; mixed-phase exocyclic C-C stretching 8.46%
   37     1167.15          --                 --  mixed C-H bending / O-C-C bending                              C-H bending 36.76%; O-C-C bending 15.37%; in-phase exocyclic C-C stretching 11.84%; cyclic C-C stretching 7.39%
   38     1186.26          --                 --  mixed C-H bending / mixed-phase cyclic C-C stretching          C-H bending 39.40%; mixed-phase cyclic C-C stretching 10.29%; exocyclic C-O stretching 10.05%; ring-site C-H out-of-plane bending 9.06%
   39     1217.46          --                 --  mixed cyclic C-C stretching / ring-site C-H in-plane bending   cyclic C-C stretching 23.22%; ring-site C-H in-plane bending 19.35%; exocyclic C-C stretching 12.73%; C-H bending 11.94%
   40     1270.58          --                 --  mixed ring-site C-H in-plane bending / cyclic-ring out-of-plane deformation ring-site C-H in-plane bending 31.66%; cyclic-ring out-of-plane deformation 22.28%; C-C torsion 9.30%; C-H bending 8.20%
   41     1279.31          --                 --  mixed ring-site C-H in-plane bending / mixed-phase cyclic C-C stretching ring-site C-H in-plane bending 42.89%; mixed-phase cyclic C-C stretching 15.06%; O-H bending 11.64%; C-C torsion 10.84%
   42     1332.35          --                 --  mixed ring-site C-H in-plane bending / mixed-phase cyclic C-C stretching ring-site C-H in-plane bending 33.19%; mixed-phase cyclic C-C stretching 22.40%; C-C torsion 9.88%; C-H out-of-plane bending 9.62%
   43     1370.09          --                 --  mixed mixed-phase cyclic C-C stretching / O-H bending / cyclic-ring out-of-plane deformation mixed-phase cyclic C-C stretching 20.75%; O-H bending 17.08%; cyclic-ring out-of-plane deformation 16.76%; C-H out-of-plane bending 15.89%
   44     1381.55          --                 --  mixed C-H bending / mixed-phase cyclic C-C stretching / ring-site C-H in-plane bending C-H bending 23.25%; mixed-phase cyclic C-C stretching 19.78%; ring-site C-H in-plane bending 16.77%; C-C torsion 14.53%
   45     1409.07          --                 --  mixed C-H out-of-plane bending / C-H bending                   C-H out-of-plane bending 63.39%; C-H bending 34.86%
   46     1414.83          --                 --  mixed C-H out-of-plane bending / C-H bending                   C-H out-of-plane bending 63.19%; C-H bending 35.26%
   47     1420.65          --                 --  mixed C-H out-of-plane bending / C-H bending                   C-H out-of-plane bending 61.38%; C-H bending 35.57%
   48     1447.66          --                 --  mixed cyclic C-C stretching / ring-site C-H in-plane bending / ring-site C-H out-of-plane bending cyclic C-C stretching 27.10%; ring-site C-H in-plane bending 25.44%; ring-site C-H out-of-plane bending 19.36%; exocyclic C-C stretching 8.23%
   49     1489.48          --                 --  mixed C-H bending / C-C torsion                                C-H bending 53.07%; C-C torsion 34.48%; C-H out-of-plane bending 11.52%
   50     1496.71          --                 --  mixed C-H bending / C-C torsion                                C-H bending 53.39%; C-C torsion 37.39%; C-H out-of-plane bending 7.32%
   51     1500.38          --                 --  mixed C-H bending / C-C torsion                                C-H bending 56.15%; C-C torsion 36.28%; C-H out-of-plane bending 7.40%
   52     1505.62          --                 --  mixed C-C torsion / C-H bending                                C-C torsion 54.38%; C-H bending 36.65%; C-H out-of-plane bending 8.06%
   53     1507.30          --                 --  mixed C-H bending / C-C torsion                                C-H bending 48.09%; C-C torsion 41.84%; C-H out-of-plane bending 9.04%
   54     1509.92          --                 --  mixed C-H bending / C-C torsion                                C-H bending 49.39%; C-C torsion 37.97%; C-H out-of-plane bending 8.45%
   55     3016.20          --                 --  C-H stretching                                                 C-H stretching 95.71%; ring-site C-H stretching 3.87%
   56     3020.45          --                 --  mixed C-H stretching / ring-site C-H stretching                C-H stretching 55.67%; ring-site C-H stretching 42.98%
   57     3026.75          --                 --  mixed mixed-phase C-H stretching / ring-site C-H stretching    mixed-phase C-H stretching 64.81%; ring-site C-H stretching 34.12%
   58     3030.47          --                 --  C-H stretching                                                 C-H stretching 81.44%; ring-site C-H stretching 17.91%
   59     3075.27          --                 --  opposite-phase C-H stretching                                  opposite-phase C-H stretching 99.33%
   60     3077.73          --                 --  opposite-phase C-H stretching                                  opposite-phase C-H stretching 98.82%
   61     3082.70          --                 --  mixed-phase C-H stretching                                     mixed-phase C-H stretching 99.35%
   62     3100.81          --                 --  mixed ring-site C-H stretching / mixed-phase C-H stretching    ring-site C-H stretching 70.88%; mixed-phase C-H stretching 27.87%
   63     3110.79          --                 --  mixed-phase C-H stretching                                     mixed-phase C-H stretching 96.48%
   64     3118.92          --                 --  mixed mixed-phase C-H stretching / ring-site C-H stretching    mixed-phase C-H stretching 74.59%; ring-site C-H stretching 24.97%
   65     3130.17          --                 --  mixed-phase C-H stretching                                     mixed-phase C-H stretching 97.54%
   66     3158.99          --                 --  mixed-phase ring-site C-H stretching                           mixed-phase ring-site C-H stretching 99.09%
   67     3172.71          --                 --  ring-site C-H stretching                                       ring-site C-H stretching 98.35%
   68     3792.45          --                 --  O-H stretching                                                 O-H stretching 99.93%

# Selected internal-coordinate set:
#   1  nu(C1-H10)
#   2  nu(C2-C3)
#   3  nu(C4-H15)
#   4  nu(C5-O7)
#   5  nu(C6-H16)
#   6  nu(C8-H20)
#   7  nu(C9-H21)
#   8  nu(C1-H11)
#   9  nu(C6-H17)
#  10  nu(C9-H23)
#  11  nu(O7-H19)
#  12  nu(C2-H13)
#  13  nu(C1-H12)
#  14  nu(C9-H22)
#  15  nu(C6-H18)
#  16  nu(C3-H14)
#  17  nu(C5-C8)
#  18  tau(H13-C2-C3-H14)
#  19  nu(C4-C5)
#  20  gamma(C2;C4,C5,H15)
#  21  gamma(C3;C8,C5,H20)
#  22  tau(C8-C5-O7-H19)
#  23  delta(C2-C3-H14)
#  24  gamma(H16;C6,H17,H18)
#  25  gamma(H21;C9,H22,H23)
#  26  gamma(H12;C1,H10,H11)
#  27  tau(H13-C2-C3-C8)
#  28  delta(C5-C4-H15)
#  29  delta(H10-C1-H11)
#  30  delta(H17-C6-H18)
#  31  delta(H22-C9-H23)
#  32  delta(C5-O7-H19)
#  33  delta(C5-C8-H20)
#  34  tau(C8-C5-C6-H16)
#  35  tau(H12-C1-C2-C3)
#  36  tau(C5-C8-C9-H21)
#  37  delta(C3-C2-H13)
#  38  delta(C2-C1-H11)
#  39  nu(C5-C6)
#  40  delta(C5-C6-H17)
#  41  delta(C8-C9-H21)
#  42  tau(H11-C1-C2-C4)
#  43  nu(C3-C8)
#  44  nu(C2-C4)
#  45  tau(O7-C5-C6-H18)
#  46  delta(C2-C1-H12)
#  47  delta(C5-C6-H16)
#  48  tau(C5-C8-C9-H22)
#  49  nu(C1-C2)
#  50  nu(C8-C9)
#  51  delta(C8-C9-H22)
#  52  tau(C4-C5-C6-H17)
#  53  gamma(C1;C2,C3,C4)
#  54  delta(O7-C5-C8)
#  55  nu(C3-C4)
#  56  delta(C6-C5-O7)
#  57  tau(C3-C8-C9-H23)
#  58  delta(C4-C5-C6)
#  59  tau(C2-C3-C8-C9)
#  60  delta(C3-C8-C9)
#  61  tau(H10-C1-C2-H13)
#  62  gamma(C8;C3,C2,C4)
#  63  tau(C2-C4-C5-O7)

Wrote: /local/scratch/mv487/qm9s/experiment_1_phase2/ped/72059/72059_summary.csv
Wrote: /local/scratch/mv487/qm9s/experiment_1_phase2/ped/72059/72059_families.csv
Wrote: /local/scratch/mv487/qm9s/experiment_1_phase2/ped/72059/72059_ped.csv
Wrote: /local/scratch/mv487/qm9s/experiment_1_phase2/ped/72059/72059_ir_transitions.csv

# All generated files are in: /local/scratch/mv487/qm9s/experiment_1_phase2/ped/72059
# Manifest: /local/scratch/mv487/qm9s/experiment_1_phase2/ped/72059/72059_manifest.txt

--- stderr ---
Normal modes/frequencies absent or incomplete: diagonalizing Hessian.
