# Contact: romi@lens.unifi.it
# Manual: https://github.com/SebRoLENS/orca-ped-analyzer/blob/main/docs/ORCA_PED_Analyzer_Manual.md
# Check GitHub for updates and new releases: https://github.com/SebRoLENS/orca-ped-analyzer
#
# Molecule: 20 atoms | non-linear
# Bonds inferred: 21 | candidate ICs: 196 | selected ICs: 54
# Cartesian-Hessian reconstruction relative error: 3.566e-05
# Energy distribution: PED (PED is the backward-compatible default; TED includes kinetic-energy terms)
# Ring/cycle bonds detected: 6 | ring atoms: 6 | ring systems: 2
# VPT2: no matching .out file supplied/found -> harmonic/PED analysis only
#
 Mode   Harm/cm-1   VPT2/cm-1  Harm.Int/km mol-1  Assignment                                                     Grouped PED
------------------------------------------------------------------------------------------------------------------------------------------------------------------------------------------------
    6       44.87          --                 --  mixed C-N torsion / C-C-C bending                              C-N torsion 56.88%; C-C-C bending 10.23%; C-C out-of-plane bending 8.38%; ring-site C-H out-of-plane bending 6.25%
    7      123.01          --                 --  mixed C-C torsion / C-N torsion                                C-C torsion 58.71%; C-N torsion 12.49%; C-C-C bending 8.53%; cyclic-ring torsional/out-of-plane deformation 5.42%
    8      145.09          --                 --  mixed C-C-C bending / C-C out-of-plane bending / C-C-C linear bending C-C-C bending 24.41%; C-C out-of-plane bending 22.25%; C-C-C linear bending 16.11%; C-C-N bending 12.54%
    9      191.67          --                 --  mixed C-C-C linear bending / ring-site C-H out-of-plane bending / C-C-C bending C-C-C linear bending 23.95%; ring-site C-H out-of-plane bending 22.99%; C-C-C bending 16.41%; C-C out-of-plane bending 12.23%
   10      231.79          --                 --  mixed ring-site C-H out-of-plane bending / C-C-C linear bending / C-C out-of-plane bending ring-site C-H out-of-plane bending 30.68%; C-C-C linear bending 23.03%; C-C out-of-plane bending 18.52%; C-N-C bending 6.02%
   11      297.31          --                 --  mixed cyclic-ring torsional/out-of-plane deformation / ring-site C-H out-of-plane bending / C-C out-of-plane bending cyclic-ring torsional/out-of-plane deformation 36.22%; ring-site C-H out-of-plane bending 20.79%; C-C out-of-plane bending 16.23%; C-N-C bending 15.32%
   12      310.11          --                 --  mixed C-C-C bending / ring-site C-H out-of-plane bending / C-N-C bending C-C-C bending 32.78%; ring-site C-H out-of-plane bending 31.31%; C-N-C bending 25.87%; cyclic-ring out-of-plane deformation 2.91%
   13      375.48          --                 --  mixed ring-site C-H out-of-plane bending / C-C-C bending       ring-site C-H out-of-plane bending 55.16%; C-C-C bending 18.06%; C-N-C bending 8.13%; C-N torsion 4.12%
   14      450.36          --                 --  mixed ring-site C-H out-of-plane bending / C-N-C bending       ring-site C-H out-of-plane bending 30.31%; C-N-C bending 28.27%; C-C-N bending 9.39%; C-C-C linear bending 6.87%
   15      545.25          --                 --  mixed ring-site C-H out-of-plane bending / C-C-C linear bending / C-C-C bending ring-site C-H out-of-plane bending 33.01%; C-C-C linear bending 19.39%; C-C-C bending 17.44%; C-C out-of-plane bending 16.23%
   16      570.29          --                 --  mixed C-C out-of-plane bending / C-C-C linear bending          C-C out-of-plane bending 25.43%; C-C-C linear bending 19.78%; ring-site C-H out-of-plane bending 9.99%; C-C-C bending 9.74%
   17      626.51          --                 --  C-C-H linear bending                                           C-C-H linear bending 94.90%; C-C-C linear bending 4.01%
   18      683.91          --                 --  C-C-H linear bending                                           C-C-H linear bending 93.34%; C-C-C linear bending 4.90%
   19      706.08          --                 --  mixed ring-site C-H out-of-plane bending / mixed-phase cyclic C-C stretching ring-site C-H out-of-plane bending 22.39%; mixed-phase cyclic C-C stretching 18.38%; in-phase exocyclic C-C stretching 14.20%; C-C-N bending 13.07%
   20      751.90          --                 --  mixed in-phase cyclic C-N stretching / mixed-phase cyclic C-C stretching / ring-site C-H out-of-plane bending in-phase cyclic C-N stretching 27.07%; mixed-phase cyclic C-C stretching 17.52%; ring-site C-H out-of-plane bending 16.18%; exocyclic C-N stretching 13.84%
   21      802.61          --                 --  mixed ring-site C-H in-plane bending / ring-site C-H out-of-plane bending ring-site C-H in-plane bending 67.12%; ring-site C-H out-of-plane bending 29.53%
   22      833.28          --                 --  mixed ring-site C-H out-of-plane bending / ring-site C-H in-plane bending ring-site C-H out-of-plane bending 47.92%; ring-site C-H in-plane bending 41.70%; cyclic C-C stretching 2.75%
   23      863.97          --                 --  mixed opposite-phase cyclic C-N stretching / C-H bending       opposite-phase cyclic C-N stretching 34.08%; C-H bending 13.68%; cyclic C-C stretching 13.15%; ring-site C-H out-of-plane bending 8.12%
   24      875.62          --                 --  mixed opposite-phase cyclic C-N stretching / cyclic-ring out-of-plane deformation / C-C out-of-plane bending opposite-phase cyclic C-N stretching 21.91%; cyclic-ring out-of-plane deformation 21.58%; C-C out-of-plane bending 19.07%; cyclic C-C stretching 12.26%
   25      927.10          --                 --  mixed cyclic-ring out-of-plane deformation / mixed-phase cyclic C-C stretching cyclic-ring out-of-plane deformation 22.71%; mixed-phase cyclic C-C stretching 22.19%; exocyclic C-C stretching 14.76%; ring-site C-H out-of-plane bending 10.76%
   26      934.53          --                 --  mixed ring-site C-H out-of-plane bending / opposite-phase exocyclic C-C stretching ring-site C-H out-of-plane bending 34.75%; opposite-phase exocyclic C-C stretching 14.92%; C-C out-of-plane bending 13.26%; cyclic-ring out-of-plane deformation 10.98%
   27      964.41          --                 --  mixed ring-site C-H out-of-plane bending / cyclic-ring out-of-plane deformation ring-site C-H out-of-plane bending 73.33%; cyclic-ring out-of-plane deformation 20.37%; ring-site C-H in-plane bending 2.02%
   28     1011.06          --                 --  mixed ring-site C-H out-of-plane bending / cyclic C-C stretching ring-site C-H out-of-plane bending 65.37%; cyclic C-C stretching 9.42%; ring-site C-H in-plane bending 8.31%; C-H bending 8.04%
   29     1037.19          --                 --  mixed mixed-phase cyclic C-C stretching / ring-site C-H out-of-plane bending / exocyclic C-N stretching mixed-phase cyclic C-C stretching 27.11%; ring-site C-H out-of-plane bending 24.74%; exocyclic C-N stretching 22.11%; C-N out-of-plane bending 7.82%
   30     1060.38          --                 --  ring-site C-H out-of-plane bending                             ring-site C-H out-of-plane bending 71.74%; cyclic-ring out-of-plane deformation 17.35%; ring-site C-H in-plane bending 7.92%
   31     1071.90          --                 --  mixed ring-site C-H out-of-plane bending / cyclic-ring out-of-plane deformation ring-site C-H out-of-plane bending 50.13%; cyclic-ring out-of-plane deformation 19.18%; cyclic C-C stretching 9.24%; ring-site C-H in-plane bending 7.87%
   32     1094.21          --                 --  mixed ring-site C-H out-of-plane bending / cyclic-ring out-of-plane deformation ring-site C-H out-of-plane bending 56.83%; cyclic-ring out-of-plane deformation 24.16%; ring-site C-H in-plane bending 11.76%; C-C out-of-plane bending 2.41%
   33     1114.16          --                 --  mixed ring-site C-H out-of-plane bending / C-N out-of-plane bending ring-site C-H out-of-plane bending 45.21%; C-N out-of-plane bending 37.67%; ring-site C-H in-plane bending 10.13%; in-phase cyclic C-N stretching 2.61%
   34     1126.79          --                 --  mixed ring-site C-H out-of-plane bending / C-N out-of-plane bending ring-site C-H out-of-plane bending 61.67%; C-N out-of-plane bending 23.78%; ring-site C-H in-plane bending 13.23%
   35     1176.60          --                 --  mixed ring-site C-H out-of-plane bending / ring-site C-H in-plane bending ring-site C-H out-of-plane bending 49.92%; ring-site C-H in-plane bending 36.74%; C-N-C bending 4.97%; C-N out-of-plane bending 4.57%
   36     1180.68          --                 --  mixed ring-site C-H out-of-plane bending / ring-site C-H in-plane bending ring-site C-H out-of-plane bending 58.26%; ring-site C-H in-plane bending 15.37%; cyclic C-C stretching 9.91%; C-N out-of-plane bending 5.00%
   37     1201.34          --                 --  mixed ring-site C-H in-plane bending / ring-site C-H out-of-plane bending ring-site C-H in-plane bending 68.00%; ring-site C-H out-of-plane bending 26.47%
   38     1260.04          --                 --  mixed in-phase cyclic C-C stretching / C-H bending             in-phase cyclic C-C stretching 41.81%; C-H bending 16.66%; exocyclic C-C stretching 12.72%; C-C-C bending 11.28%
   39     1269.03          --                 --  mixed C-H bending / opposite-phase exocyclic C-C stretching / cyclic-ring out-of-plane deformation C-H bending 34.82%; opposite-phase exocyclic C-C stretching 23.68%; cyclic-ring out-of-plane deformation 22.64%; C-C-C bending 7.41%
   40     1323.35          --                 --  mixed in-phase cyclic C-N stretching / exocyclic C-N stretching / cyclic C-C stretching in-phase cyclic C-N stretching 31.19%; exocyclic C-N stretching 22.47%; cyclic C-C stretching 16.02%; C-H bending 12.45%
   41     1356.79          --                 --  mixed C-H bending / opposite-phase exocyclic C-C stretching    C-H bending 64.68%; opposite-phase exocyclic C-C stretching 10.43%; cyclic-ring out-of-plane deformation 6.23%; cyclic C-C stretching 5.72%
   42     1396.56          --                 --  C-H bending                                                    C-H bending 90.55%
   43     1472.27          --                 --  mixed C-H bending / ring-site C-H in-plane bending / ring-site C-H out-of-plane bending C-H bending 42.68%; ring-site C-H in-plane bending 25.99%; ring-site C-H out-of-plane bending 21.79%; cyclic-ring out-of-plane deformation 7.39%
   44     1480.46          --                 --  C-H bending                                                    C-H bending 83.66%; ring-site C-H out-of-plane bending 7.97%; ring-site C-H in-plane bending 5.26%
   45     1497.98          --                 --  mixed C-H bending / ring-site C-H out-of-plane bending         C-H bending 57.17%; ring-site C-H out-of-plane bending 23.64%; ring-site C-H in-plane bending 18.29%
   46     1505.07          --                 --  mixed ring-site C-H out-of-plane bending / ring-site C-H in-plane bending ring-site C-H out-of-plane bending 42.83%; ring-site C-H in-plane bending 26.63%; in-phase cyclic C-C stretching 12.40%; cyclic-ring out-of-plane deformation 9.13%
   47     1527.15          --                 --  mixed ring-site C-H out-of-plane bending / C-H bending         ring-site C-H out-of-plane bending 40.77%; C-H bending 37.67%; ring-site C-H in-plane bending 13.54%; cyclic C-C stretching 4.26%
   48     2210.39          --                 --  C-C stretching                                                 C-C stretching 83.17%; exocyclic C-C stretching 12.32%; C-H stretching 4.19%
   49     3028.04          --                 --  C-H stretching                                                 C-H stretching 99.14%
   50     3068.83          --                 --  mixed-phase C-H stretching                                     mixed-phase C-H stretching 99.08%
   51     3101.97          --                 --  mixed-phase ring-site C-H stretching                           mixed-phase ring-site C-H stretching 99.54%
   52     3105.66          --                 --  ring-site C-H stretching                                       ring-site C-H stretching 99.04%
   53     3131.74          --                 --  mixed-phase ring-site C-H stretching                           mixed-phase ring-site C-H stretching 99.64%
   54     3134.34          --                 --  ring-site C-H stretching                                       ring-site C-H stretching 99.13%
   55     3180.38          --                 --  mixed-phase ring-site C-H stretching                           mixed-phase ring-site C-H stretching 99.04%
   56     3195.75          --                 --  mixed-phase ring-site C-H stretching                           mixed-phase ring-site C-H stretching 99.46%
   57     3214.32          --                 --  mixed-phase ring-site C-H stretching                           mixed-phase ring-site C-H stretching 98.97%
   58     3227.71          --                 --  mixed-phase ring-site C-H stretching                           mixed-phase ring-site C-H stretching 99.68%
   59     3476.82          --                 --  C-H stretching                                                 C-H stretching 95.70%; C-C stretching 4.23%

# Selected internal-coordinate set:
#   1  nu(C1-C2)
#   2  nu(C3-C4)
#   3  nu(N5-C6)
#   4  nu(C7-H16)
#   5  nu(C8-C9)
#   6  nu(C4-H11)
#   7  delta_lin1(C2-C1-H10)
#   8  delta_lin2(C2-C1-H10)
#   9  nu(C6-H13)
#  10  nu(C7-H15)
#  11  nu(C4-H12)
#  12  nu(C8-H17)
#  13  nu(C9-H19)
#  14  tau(H17-C8-C9-H19)
#  15  gamma(H14;C6,N5,H13)
#  16  gamma(N5;C7,H15,H16)
#  17  gamma(C2;C3,C4,C8)
#  18  tau(H17-C8-C9-H20)
#  19  nu(C9-H20)
#  20  nu(C6-H14)
#  21  nu(C8-H18)
#  22  nu(C4-N5)
#  23  delta(H15-C7-H16)
#  24  nu(C1-H10)
#  25  delta(C2-C3-C4)
#  26  delta(H11-C4-H12)
#  27  delta(N5-C4-H12)
#  28  tau(H18-C8-C9-H20)
#  29  gamma(H14;C6,N5,C7)
#  30  delta(C8-C9-H19)
#  31  delta(N5-C6-H13)
#  32  delta(C9-C8-H17)
#  33  delta(N5-C4-H11)
#  34  delta(C4-N5-C7)
#  35  tau(C2-C3-C9-H20)
#  36  delta(C9-C8-H18)
#  37  nu(C2-C3)
#  38  nu(N5-C7)
#  39  tau(C4-N5-C7-H16)
#  40  delta_lin2(C1-C2-C3)
#  41  tau(H11-C4-N5-C6)
#  42  nu(C3-C8)
#  43  tau(H14-C6-C7-H16)
#  44  nu(C6-C7)
#  45  gamma(C3;C8,C9,H17)
#  46  delta_lin1(C1-C2-C3)
#  47  gamma(C3;C8,C9,H18)
#  48  tau(C4-N5-C6-H13)
#  49  delta(C6-C7-H15)
#  50  delta(C4-C3-C8)
#  51  tau(C4-C3-C8-C9)
#  52  tau(C9-C3-C4-N5)
#  53  delta(C3-C4-N5)
#  54  delta(C3-C4-H11)

Wrote: /local/scratch/mv487/qm9s/experiment_1_phase2/ped/124928/124928_summary.csv
Wrote: /local/scratch/mv487/qm9s/experiment_1_phase2/ped/124928/124928_families.csv
Wrote: /local/scratch/mv487/qm9s/experiment_1_phase2/ped/124928/124928_ped.csv
Wrote: /local/scratch/mv487/qm9s/experiment_1_phase2/ped/124928/124928_ir_transitions.csv

# All generated files are in: /local/scratch/mv487/qm9s/experiment_1_phase2/ped/124928
# Manifest: /local/scratch/mv487/qm9s/experiment_1_phase2/ped/124928/124928_manifest.txt

--- stderr ---
Normal modes/frequencies absent or incomplete: diagonalizing Hessian.
