# Contact: romi@lens.unifi.it
# Manual: https://github.com/SebRoLENS/orca-ped-analyzer/blob/main/docs/ORCA_PED_Analyzer_Manual.md
# Check GitHub for updates and new releases: https://github.com/SebRoLENS/orca-ped-analyzer
#
# Molecule: 21 atoms | non-linear
# Bonds inferred: 22 | candidate ICs: 229 | selected ICs: 57
# Cartesian-Hessian reconstruction relative error: 5.483e-05
# Energy distribution: PED (PED is the backward-compatible default; TED includes kinetic-energy terms)
# Ring/cycle bonds detected: 8 | ring atoms: 7 | ring systems: 1
# VPT2: no matching .out file supplied/found -> harmonic/PED analysis only
#
 Mode   Harm/cm-1   VPT2/cm-1  Harm.Int/km mol-1  Assignment                                                     Grouped PED
------------------------------------------------------------------------------------------------------------------------------------------------------------------------------------------------
    6       69.70          --                 --  mixed ring-site C-H out-of-plane bending / cyclic-ring torsional/out-of-plane deformation ring-site C-H out-of-plane bending 67.07%; cyclic-ring torsional/out-of-plane deformation 32.09%
    7      157.42          --                 --  mixed ring-site C-H out-of-plane bending / cyclic-ring torsional/out-of-plane deformation ring-site C-H out-of-plane bending 64.84%; cyclic-ring torsional/out-of-plane deformation 29.96%; cyclic-ring out-of-plane deformation 4.02%
    8      221.81          --                 --  mixed C-C torsion / cyclic-ring torsional/out-of-plane deformation / ring-site C-H out-of-plane bending C-C torsion 48.54%; cyclic-ring torsional/out-of-plane deformation 25.14%; ring-site C-H out-of-plane bending 16.47%; cyclic-ring out-of-plane deformation 6.63%
    9      240.23          --                 --  mixed cyclic-ring torsional/out-of-plane deformation / ring-site C-H out-of-plane bending / cyclic-ring out-of-plane deformation cyclic-ring torsional/out-of-plane deformation 46.21%; ring-site C-H out-of-plane bending 28.92%; cyclic-ring out-of-plane deformation 20.29%
   10      274.32          --                 --  mixed ring-site C-H out-of-plane bending / cyclic-ring torsional/out-of-plane deformation ring-site C-H out-of-plane bending 51.52%; cyclic-ring torsional/out-of-plane deformation 32.20%; cyclic-ring out-of-plane deformation 7.46%; C-C out-of-plane bending 3.52%
   11      375.32          --                 --  mixed ring-site C-H out-of-plane bending / cyclic-ring out-of-plane deformation ring-site C-H out-of-plane bending 64.21%; cyclic-ring out-of-plane deformation 19.53%; cyclic-ring torsional/out-of-plane deformation 7.79%; ring-site C-H in-plane bending 5.84%
   12      416.74          --                 --  mixed cyclic-ring out-of-plane deformation / ring-site C-H out-of-plane bending cyclic-ring out-of-plane deformation 50.88%; ring-site C-H out-of-plane bending 21.64%; cyclic C-C stretching 8.21%; cyclic-ring torsional/out-of-plane deformation 8.20%
   13      453.67          --                 --  mixed cyclic-ring deformation (C-C-C bend) / cyclic-ring torsional/out-of-plane deformation cyclic-ring deformation (C-C-C bend) 39.10%; cyclic-ring torsional/out-of-plane deformation 24.32%; C-C-O bending 10.91%; ring-site C-H out-of-plane bending 10.48%
   14      483.23          --                 --  mixed cyclic-ring torsional/out-of-plane deformation / ring-site C-H out-of-plane bending cyclic-ring torsional/out-of-plane deformation 27.48%; ring-site C-H out-of-plane bending 24.10%; C-C-O bending 14.64%; cyclic-ring deformation (C-C-C bend) 10.94%
   15      552.30          --                 --  ring-site C-H out-of-plane bending                             ring-site C-H out-of-plane bending 71.17%; cyclic-ring torsional/out-of-plane deformation 11.77%; ring-site C-H in-plane bending 8.32%; cyclic-ring out-of-plane deformation 6.78%
   16      624.42          --                 --  mixed ring-site C-H out-of-plane bending / cyclic-ring torsional/out-of-plane deformation / cyclic C-C stretching ring-site C-H out-of-plane bending 31.70%; cyclic-ring torsional/out-of-plane deformation 23.51%; cyclic C-C stretching 17.25%; cyclic-ring deformation (C-C-C bend) 9.16%
   17      745.39          --                 --  mixed ring-site C-H out-of-plane bending / cyclic C-C stretching ring-site C-H out-of-plane bending 42.34%; cyclic C-C stretching 29.37%; cyclic-ring out-of-plane deformation 11.70%; ring-site C-H in-plane bending 10.10%
   18      784.84          --                 --  mixed ring-site C-H out-of-plane bending / cyclic-ring out-of-plane deformation / mixed-phase cyclic C-C stretching ring-site C-H out-of-plane bending 22.13%; cyclic-ring out-of-plane deformation 17.27%; mixed-phase cyclic C-C stretching 16.39%; ring-site C-H in-plane bending 15.17%
   19      805.98          --                 --  mixed ring-site C-H out-of-plane bending / ring-site C-H in-plane bending ring-site C-H out-of-plane bending 42.42%; ring-site C-H in-plane bending 24.82%; cyclic-ring torsional/out-of-plane deformation 11.94%; mixed-phase cyclic C-C stretching 10.39%
   20      833.75          --                 --  mixed mixed-phase cyclic C-C stretching / ring-site C-H out-of-plane bending mixed-phase cyclic C-C stretching 39.54%; ring-site C-H out-of-plane bending 29.95%; ring-site C-H in-plane bending 13.01%; cyclic-ring torsional/out-of-plane deformation 8.51%
   21      880.63          --                 --  mixed mixed-phase cyclic C-C stretching / ring-site C-H out-of-plane bending mixed-phase cyclic C-C stretching 33.67%; ring-site C-H out-of-plane bending 26.93%; ring-site C-H in-plane bending 13.90%; cyclic-ring deformation (C-C-C bend) 9.25%
   22      896.07          --                 --  mixed mixed-phase cyclic C-C stretching / ring-site C-H in-plane bending / ring-site C-H out-of-plane bending mixed-phase cyclic C-C stretching 45.90%; ring-site C-H in-plane bending 23.65%; ring-site C-H out-of-plane bending 16.58%; C-H bending 5.59%
   23      928.81          --                 --  mixed mixed-phase cyclic C-C stretching / ring-site C-H in-plane bending / ring-site C-H out-of-plane bending mixed-phase cyclic C-C stretching 30.31%; ring-site C-H in-plane bending 26.95%; ring-site C-H out-of-plane bending 18.53%; cyclic-ring deformation (C-C-C bend) 9.39%
   24      946.51          --                 --  mixed ring-site C-H in-plane bending / ring-site C-H out-of-plane bending / cyclic C-C stretching ring-site C-H in-plane bending 43.52%; ring-site C-H out-of-plane bending 30.51%; cyclic C-C stretching 16.16%; cyclic-ring torsional/out-of-plane deformation 2.96%
   25      999.09          --                 --  mixed ring-site C-H out-of-plane bending / mixed-phase cyclic C-C stretching / C-H bending ring-site C-H out-of-plane bending 33.70%; mixed-phase cyclic C-C stretching 17.04%; C-H bending 16.84%; ring-site C-H in-plane bending 16.03%
   26     1034.29          --                 --  mixed ring-site C-H out-of-plane bending / mixed-phase cyclic C-C stretching / ring-site C-H in-plane bending ring-site C-H out-of-plane bending 35.74%; mixed-phase cyclic C-C stretching 24.97%; ring-site C-H in-plane bending 22.91%; C-H bending 10.23%
   27     1045.58          --                 --  mixed ring-site C-H out-of-plane bending / ring-site C-H in-plane bending / exocyclic C-C stretching ring-site C-H out-of-plane bending 28.17%; ring-site C-H in-plane bending 20.17%; exocyclic C-C stretching 15.69%; mixed-phase cyclic C-C stretching 9.78%
   28     1064.22          --                 --  mixed ring-site C-H out-of-plane bending / ring-site C-H in-plane bending / C-H bending ring-site C-H out-of-plane bending 38.54%; ring-site C-H in-plane bending 26.41%; C-H bending 18.79%; mixed-phase cyclic C-C stretching 9.37%
   29     1090.41          --                 --  mixed mixed-phase cyclic C-C stretching / ring-site C-H out-of-plane bending mixed-phase cyclic C-C stretching 38.40%; ring-site C-H out-of-plane bending 28.07%; cyclic-ring deformation (C-C-C bend) 7.81%; ring-site C-H in-plane bending 7.03%
   30     1097.09          --                 --  mixed ring-site C-H in-plane bending / ring-site C-H out-of-plane bending ring-site C-H in-plane bending 55.80%; ring-site C-H out-of-plane bending 24.93%; cyclic-ring out-of-plane deformation 6.44%; cyclic C-C stretching 4.94%
   31     1131.05          --                 --  mixed cyclic-ring out-of-plane deformation / ring-site C-H out-of-plane bending / C-H bending cyclic-ring out-of-plane deformation 29.51%; ring-site C-H out-of-plane bending 19.48%; C-H bending 18.08%; cyclic-ring torsional/out-of-plane deformation 13.19%
   32     1149.21          --                 --  mixed ring-site C-H out-of-plane bending / ring-site C-H in-plane bending ring-site C-H out-of-plane bending 48.22%; ring-site C-H in-plane bending 43.02%; C-C out-of-plane bending 4.28%; cyclic C-C stretching 3.14%
   33     1208.79          --                 --  mixed ring-site C-H in-plane bending / ring-site C-H out-of-plane bending ring-site C-H in-plane bending 55.17%; ring-site C-H out-of-plane bending 29.47%; mixed-phase cyclic C-C stretching 6.50%; C-C out-of-plane bending 2.81%
   34     1223.20          --                 --  mixed ring-site C-H in-plane bending / ring-site C-H out-of-plane bending ring-site C-H in-plane bending 51.39%; ring-site C-H out-of-plane bending 23.81%; mixed-phase cyclic C-C stretching 13.36%; cyclic-ring torsional/out-of-plane deformation 5.32%
   35     1243.82          --                 --  mixed ring-site C-H out-of-plane bending / ring-site C-H in-plane bending ring-site C-H out-of-plane bending 40.98%; ring-site C-H in-plane bending 32.92%; C-C out-of-plane bending 11.11%; mixed-phase cyclic C-C stretching 6.27%
   36     1253.45          --                 --  mixed ring-site C-H out-of-plane bending / ring-site C-H in-plane bending ring-site C-H out-of-plane bending 45.03%; ring-site C-H in-plane bending 35.61%; in-phase cyclic C-C stretching 6.86%; cyclic-ring out-of-plane deformation 5.93%
   37     1279.74          --                 --  mixed ring-site C-H in-plane bending / C-C out-of-plane bending ring-site C-H in-plane bending 43.05%; C-C out-of-plane bending 26.85%; mixed-phase cyclic C-C stretching 11.22%; ring-site C-H out-of-plane bending 7.55%
   38     1283.23          --                 --  mixed ring-site C-H in-plane bending / ring-site C-H out-of-plane bending ring-site C-H in-plane bending 46.80%; ring-site C-H out-of-plane bending 33.98%; mixed-phase cyclic C-C stretching 11.23%; cyclic-ring torsional/out-of-plane deformation 3.73%
   39     1300.19          --                 --  mixed ring-site C-H in-plane bending / ring-site C-H out-of-plane bending ring-site C-H in-plane bending 38.76%; ring-site C-H out-of-plane bending 32.52%; cyclic C-C stretching 11.13%; C-H bending 8.42%
   40     1312.15          --                 --  mixed ring-site C-H in-plane bending / ring-site C-H out-of-plane bending ring-site C-H in-plane bending 52.58%; ring-site C-H out-of-plane bending 34.66%; mixed-phase cyclic C-C stretching 8.60%; cyclic-ring out-of-plane deformation 2.11%
   41     1340.51          --                 --  mixed ring-site C-H out-of-plane bending / ring-site C-H in-plane bending ring-site C-H out-of-plane bending 44.71%; ring-site C-H in-plane bending 32.35%; mixed-phase cyclic C-C stretching 14.97%; C-H bending 3.29%
   42     1369.23          --                 --  ring-site C-H in-plane bending                                 ring-site C-H in-plane bending 73.28%; ring-site C-H out-of-plane bending 10.89%; C-H bending 7.70%; opposite-phase cyclic C-C stretching 5.61%
   43     1397.09          --                 --  mixed C-H bending / ring-site C-H in-plane bending             C-H bending 46.46%; ring-site C-H in-plane bending 22.43%; ring-site C-H out-of-plane bending 13.77%; cyclic C-C stretching 8.35%
   44     1417.94          --                 --  C-H bending                                                    C-H bending 94.37%; exocyclic C-C stretching 3.92%
   45     1462.06          --                 --  mixed ring-site C-H out-of-plane bending / C-H bending         ring-site C-H out-of-plane bending 69.21%; C-H bending 16.96%; ring-site C-H in-plane bending 11.44%
   46     1498.75          --                 --  C-H bending                                                    C-H bending 81.44%; ring-site C-H out-of-plane bending 10.50%; ring-site C-H in-plane bending 7.26%
   47     1501.09          --                 --  C-H bending                                                    C-H bending 93.90%; ring-site C-H out-of-plane bending 2.78%
   48     1507.17          --                 --  mixed C-H bending / ring-site C-H out-of-plane bending         C-H bending 64.09%; ring-site C-H out-of-plane bending 24.40%; ring-site C-H in-plane bending 10.82%
   49     1516.42          --                 --  C-H bending                                                    C-H bending 75.61%; ring-site C-H out-of-plane bending 14.16%; ring-site C-H in-plane bending 9.73%
   50     1783.22          --                 --  mixed exocyclic C-O stretching / cyclic-ring deformation (C-C-C bend) exocyclic C-O stretching 63.73%; cyclic-ring deformation (C-C-C bend) 22.56%; in-phase cyclic C-C stretching 6.38%; cyclic-ring torsional/out-of-plane deformation 3.75%
   51     3022.98          --                 --  ring-site C-H stretching                                       ring-site C-H stretching 87.09%; in-phase C-H stretching 10.20%
   52     3027.11          --                 --  in-phase C-H stretching                                        in-phase C-H stretching 90.37%; ring-site C-H stretching 9.13%
   53     3030.50          --                 --  mixed-phase ring-site C-H stretching                           mixed-phase ring-site C-H stretching 99.09%
   54     3038.81          --                 --  ring-site C-H stretching                                       ring-site C-H stretching 99.16%
   55     3056.40          --                 --  mixed-phase ring-site C-H stretching                           mixed-phase ring-site C-H stretching 98.89%
   56     3062.32          --                 --  mixed-phase ring-site C-H stretching                           mixed-phase ring-site C-H stretching 98.33%
   57     3067.02          --                 --  mixed-phase ring-site C-H stretching                           mixed-phase ring-site C-H stretching 98.32%
   58     3085.23          --                 --  mixed-phase C-H stretching                                     mixed-phase C-H stretching 98.82%
   59     3093.97          --                 --  mixed-phase C-H stretching                                     mixed-phase C-H stretching 91.45%; mixed-phase ring-site C-H stretching 7.82%
   60     3098.46          --                 --  mixed-phase ring-site C-H stretching                           mixed-phase ring-site C-H stretching 97.38%; C-H stretching 2.09%
   61     3101.81          --                 --  ring-site C-H stretching                                       ring-site C-H stretching 97.53%
   62     3117.09          --                 --  mixed-phase ring-site C-H stretching                           mixed-phase ring-site C-H stretching 95.69%; C-H stretching 2.93%

# Selected internal-coordinate set:
#   1  nu(C1-C2)
#   2  nu(C3-C4)
#   3  nu(C6-O7)
#   4  nu(C8-C9)
#   5  nu(C5-H17)
#   6  nu(C2-H13)
#   7  nu(C9-H21)
#   8  nu(C8-H18)
#   9  nu(C1-H11)
#  10  nu(C4-H16)
#  11  nu(C3-H14)
#  12  nu(C9-H20)
#  13  nu(C1-H12)
#  14  nu(C8-H19)
#  15  tau(H17-C5-C6-O7)
#  16  tau(H14-C3-C4-H16)
#  17  nu(C5-C6)
#  18  nu(C1-H10)
#  19  gamma(C5;C2,C1,H13)
#  20  nu(C4-H15)
#  21  tau(H17-C5-C6-C8)
#  22  gamma(H19;C8,C9,H18)
#  23  delta(C5-C6-O7)
#  24  delta(C4-C3-H14)
#  25  delta(H20-C9-H21)
#  26  delta(H11-C1-H12)
#  27  delta(H10-C1-H12)
#  28  delta(H10-C1-H11)
#  29  delta(H15-C4-H16)
#  30  delta(C8-C9-H21)
#  31  delta(C8-C9-H20)
#  32  delta(C1-C2-H13)
#  33  delta(C5-C4-H15)
#  34  tau(C9-C3-C4-H16)
#  35  delta(C6-C5-H17)
#  36  tau(C5-C6-C8-H19)
#  37  delta(C9-C8-H18)
#  38  nu(C4-C5)
#  39  delta(C2-C1-H10)
#  40  nu(C2-C5)
#  41  nu(C3-C9)
#  42  delta(C3-C4-H15)
#  43  delta(C5-C6-C8)
#  44  tau(H18-C8-C9-H20)
#  45  delta(C2-C1-H11)
#  46  nu(C6-C8)
#  47  gamma(C4;C3,C2,C9)
#  48  gamma(C1;C2,C3,C5)
#  49  delta(C3-C9-H21)
#  50  nu(C2-C3)
#  51  tau(O7-C6-C8-C9)
#  52  tau(H12-C1-C2-C3)
#  53  tau(H16-C4-C5-C6)
#  54  tau(C4-C3-C9-H20)
#  55  tau(C1-C2-C5-C4)
#  56  tau(C1-C2-C3-C9)
#  57  tau(C3-C2-C5-C6)

Wrote: /local/scratch/mv487/qm9s/experiment_1_phase2/ped/74947/74947_summary.csv
Wrote: /local/scratch/mv487/qm9s/experiment_1_phase2/ped/74947/74947_families.csv
Wrote: /local/scratch/mv487/qm9s/experiment_1_phase2/ped/74947/74947_ped.csv
Wrote: /local/scratch/mv487/qm9s/experiment_1_phase2/ped/74947/74947_ir_transitions.csv

# All generated files are in: /local/scratch/mv487/qm9s/experiment_1_phase2/ped/74947
# Manifest: /local/scratch/mv487/qm9s/experiment_1_phase2/ped/74947/74947_manifest.txt

--- stderr ---
Normal modes/frequencies absent or incomplete: diagonalizing Hessian.
