# Contact: romi@lens.unifi.it
# Manual: https://github.com/SebRoLENS/orca-ped-analyzer/blob/main/docs/ORCA_PED_Analyzer_Manual.md
# Check GitHub for updates and new releases: https://github.com/SebRoLENS/orca-ped-analyzer
#
# Molecule: 24 atoms | non-linear
# Bonds inferred: 24 | candidate ICs: 220 | selected ICs: 66
# Cartesian-Hessian reconstruction relative error: 2.931e-05
# Energy distribution: PED (PED is the backward-compatible default; TED includes kinetic-energy terms)
# Ring/cycle bonds detected: 3 | ring atoms: 3 | ring systems: 1
# VPT2: no matching .out file supplied/found -> harmonic/PED analysis only
#
 Mode   Harm/cm-1   VPT2/cm-1  Harm.Int/km mol-1  Assignment                                                     Grouped PED
------------------------------------------------------------------------------------------------------------------------------------------------------------------------------------------------
    6       52.70          --                 --  mixed C-C torsion / cyclic-ring torsional/out-of-plane deformation C-C torsion 69.52%; cyclic-ring torsional/out-of-plane deformation 10.51%; C-H bending 4.69%; C-C-C bending 4.66%
    7       75.07          --                 --  C-C torsion                                                    C-C torsion 80.95%; C-H bending 6.51%; N-C-C bending 5.23%; ring-site C-H out-of-plane bending 2.53%
    8      107.21          --                 --  mixed C-C-C bending / cyclic-ring torsional/out-of-plane deformation / C-C torsion C-C-C bending 30.18%; cyclic-ring torsional/out-of-plane deformation 28.38%; C-C torsion 16.03%; C-H bending 6.95%
    9      131.81          --                 --  C-C torsion                                                    C-C torsion 91.34%; C-H bending 3.23%
   10      178.58          --                 --  mixed C-C torsion / C-N torsion                                C-C torsion 61.51%; C-N torsion 21.98%; C-C out-of-plane bending 7.04%; cyclic-ring torsional/out-of-plane deformation 6.73%
   11      187.80          --                 --  C-C torsion                                                    C-C torsion 96.57%
   12      230.91          --                 --  mixed cyclic-ring torsional/out-of-plane deformation / C-N-C bending cyclic-ring torsional/out-of-plane deformation 52.26%; C-N-C bending 24.49%; C-C-C bending 6.94%; C-C-O bending 4.54%
   13      251.69          --                 --  C-O torsion                                                    C-O torsion 83.53%; cyclic-ring torsional/out-of-plane deformation 7.03%; C-N-C bending 2.99%; C-H bending 2.14%
   14      278.96          --                 --  mixed C-C-C bending / cyclic-ring out-of-plane deformation     C-C-C bending 25.75%; cyclic-ring out-of-plane deformation 15.85%; C-C torsion 9.61%; C-C out-of-plane bending 8.58%
   15      286.84          --                 --  mixed C-C torsion / cyclic-ring torsional/out-of-plane deformation C-C torsion 52.31%; cyclic-ring torsional/out-of-plane deformation 22.64%; N-C-C bending 8.23%; C-C out-of-plane bending 5.59%
   16      355.27          --                 --  mixed N-C-C bending / C-C torsion                              N-C-C bending 34.30%; C-C torsion 17.29%; C-H bending 12.08%; C-C-O bending 6.91%
   17      413.74          --                 --  mixed N-C-C bending / C-N-C bending                            N-C-C bending 16.15%; C-N-C bending 14.46%; C-C-O bending 14.32%; ring-site C-H out-of-plane bending 13.59%
   18      450.56          --                 --  mixed C-N-C bending / cyclic-ring torsional/out-of-plane deformation C-N-C bending 50.38%; cyclic-ring torsional/out-of-plane deformation 13.94%; C-C out-of-plane bending 11.72%; C-C torsion 6.84%
   19      487.95          --                 --  mixed cyclic-ring out-of-plane deformation / cyclic-ring torsional/out-of-plane deformation cyclic-ring out-of-plane deformation 28.29%; cyclic-ring torsional/out-of-plane deformation 17.12%; N-C-C bending 14.45%; C-H bending 13.31%
   20      517.21          --                 --  mixed C-C out-of-plane bending / C-C-O bending                 C-C out-of-plane bending 22.40%; C-C-O bending 14.95%; C-C-C bending 11.12%; C-C torsion 10.51%
   21      711.82          --                 --  mixed cyclic C-N stretching / exocyclic C-C stretching         cyclic C-N stretching 44.73%; exocyclic C-C stretching 20.35%; C-H bending 8.75%; cyclic-ring torsional/out-of-plane deformation 7.00%
   22      757.55          --                 --  mixed C-H bending / cyclic C-N stretching                      C-H bending 26.12%; cyclic C-N stretching 14.36%; C-C out-of-plane bending 10.94%; C-C torsion 10.10%
   23      777.77          --                 --  mixed C-H bending / in-phase cyclic C-N stretching             C-H bending 50.80%; in-phase cyclic C-N stretching 9.75%; N-C-C bending 7.62%; C-C out-of-plane bending 6.71%
   24      876.79          --                 --  C-H bending                                                    C-H bending 71.61%; mixed-phase cyclic C-N stretching 10.41%; exocyclic C-C stretching 4.43%; ring-site C-H out-of-plane bending 3.02%
   25      892.69          --                 --  mixed C-H bending / opposite-phase cyclic C-N stretching       C-H bending 26.14%; opposite-phase cyclic C-N stretching 21.41%; exocyclic C-C stretching 14.89%; ring-site C-H in-plane bending 9.14%
   26      922.73          --                 --  mixed ring-site C-H in-plane bending / exocyclic C-C stretching / C-H bending ring-site C-H in-plane bending 33.28%; exocyclic C-C stretching 17.59%; C-H bending 15.88%; mixed-phase cyclic C-N stretching 13.77%
   27      984.49          --                 --  mixed C-H bending / cyclic C-C stretching                      C-H bending 56.06%; cyclic C-C stretching 6.81%; exocyclic C-C stretching 6.59%; C-C torsion 6.50%
   28     1020.76          --                 --  mixed C-C stretching / C-C-C bending                           C-C stretching 37.24%; C-C-C bending 14.76%; O-H bending 11.10%; ring-site C-H out-of-plane bending 10.24%
   29     1029.93          --                 --  mixed mixed-phase C-C stretching / C-H bending / C-O stretching mixed-phase C-C stretching 32.22%; C-H bending 31.71%; C-O stretching 27.95%
   30     1051.80          --                 --  mixed C-O stretching / C-H bending                             C-O stretching 39.56%; C-H bending 27.19%; C-C stretching 9.68%; ring-site C-H in-plane bending 4.41%
   31     1060.64          --                 --  mixed C-H bending / mixed-phase C-C stretching                 C-H bending 48.08%; mixed-phase C-C stretching 21.73%; ring-site C-H out-of-plane bending 9.82%; C-C torsion 5.78%
   32     1068.19          --                 --  mixed C-H bending / ring-site C-H out-of-plane bending         C-H bending 28.77%; ring-site C-H out-of-plane bending 20.59%; C-C stretching 12.00%; C-O stretching 9.06%
   33     1115.28          --                 --  C-C out-of-plane bending                                       C-C out-of-plane bending 70.51%; ring-site C-H out-of-plane bending 11.36%; ring-site C-H in-plane bending 8.20%; C-H bending 6.04%
   34     1131.13          --                 --  mixed C-H bending / C-C out-of-plane bending                   C-H bending 50.44%; C-C out-of-plane bending 20.50%; cyclic C-C stretching 8.19%; ring-site C-H out-of-plane bending 4.78%
   35     1152.21          --                 --  C-H bending                                                    C-H bending 87.32%; cyclic-ring torsional/out-of-plane deformation 2.70%; C-C out-of-plane bending 2.42%
   36     1173.75          --                 --  mixed C-H bending / cyclic C-N stretching                      C-H bending 64.74%; cyclic C-N stretching 10.00%; exocyclic C-N stretching 8.02%; C-C out-of-plane bending 4.01%
   37     1203.05          --                 --  mixed C-H bending / C-N-C bending                              C-H bending 51.76%; C-N-C bending 10.96%; ring-site C-H out-of-plane bending 10.83%; exocyclic C-N stretching 9.51%
   38     1220.40          --                 --  C-H bending                                                    C-H bending 77.32%; exocyclic C-N stretching 6.04%; exocyclic C-C stretching 3.26%; O-H bending 3.05%
   39     1235.95          --                 --  mixed C-H bending / O-H bending                                C-H bending 58.35%; O-H bending 28.71%; C-C stretching 5.37%; C-C-C bending 2.60%
   40     1281.38          --                 --  mixed C-H bending / opposite-phase exocyclic C-C stretching    C-H bending 46.34%; opposite-phase exocyclic C-C stretching 18.96%; N-C-C bending 9.66%; cyclic-ring out-of-plane deformation 7.13%
   41     1306.65          --                 --  C-H bending                                                    C-H bending 77.02%; O-H bending 9.71%; in-phase cyclic C-N stretching 3.80%; C-C-O bending 2.16%
   42     1322.85          --                 --  C-H bending                                                    C-H bending 86.57%; mixed-phase exocyclic C-C stretching 4.46%; cyclic-ring out-of-plane deformation 2.08%
   43     1332.96          --                 --  C-H bending                                                    C-H bending 74.32%; mixed-phase exocyclic C-C stretching 8.53%; cyclic-ring out-of-plane deformation 4.16%; cyclic C-N stretching 2.37%
   44     1372.80          --                 --  mixed C-H bending / cyclic C-N stretching                      C-H bending 59.26%; cyclic C-N stretching 11.39%; cyclic C-C stretching 8.92%; C-H out-of-plane bending 4.17%
   45     1406.24          --                 --  mixed C-H bending / C-H out-of-plane bending                   C-H bending 58.82%; C-H out-of-plane bending 19.55%; exocyclic C-C stretching 5.69%; cyclic C-C stretching 4.03%
   46     1421.28          --                 --  mixed C-H out-of-plane bending / C-H bending                   C-H out-of-plane bending 49.53%; C-H bending 43.68%; exocyclic C-C stretching 3.91%
   47     1453.57          --                 --  C-H bending                                                    C-H bending 93.86%; C-H out-of-plane bending 2.50%
   48     1456.86          --                 --  C-H bending                                                    C-H bending 83.25%; C-C stretching 7.78%; O-H bending 7.11%
   49     1481.66          --                 --  C-H bending                                                    C-H bending 91.59%; C-C torsion 6.30%
   50     1489.25          --                 --  C-H bending                                                    C-H bending 91.85%; C-H out-of-plane bending 3.28%
   51     1494.55          --                 --  C-H bending                                                    C-H bending 88.43%; C-C torsion 10.88%
   52     1504.87          --                 --  C-H bending                                                    C-H bending 96.29%
   53     1508.21          --                 --  C-H bending                                                    C-H bending 77.18%; C-H out-of-plane bending 12.71%; C-C torsion 8.33%
   54     1512.75          --                 --  C-H bending                                                    C-H bending 73.30%; C-C torsion 11.07%; C-H out-of-plane bending 10.10%
   55     1517.25          --                 --  C-H bending                                                    C-H bending 73.81%; ring-site C-H in-plane bending 11.15%; ring-site C-H out-of-plane bending 6.84%; cyclic C-C stretching 2.82%
   56     1531.18          --                 --  C-H bending                                                    C-H bending 99.02%
   57     2970.58          --                 --  C-H stretching                                                 C-H stretching 99.42%
   58     2975.40          --                 --  C-H stretching                                                 C-H stretching 99.55%
   59     2999.06          --                 --  mixed-phase C-H stretching                                     mixed-phase C-H stretching 99.17%
   60     3007.32          --                 --  C-H stretching                                                 C-H stretching 99.24%
   61     3034.98          --                 --  mixed-phase C-H stretching                                     mixed-phase C-H stretching 99.44%
   62     3039.73          --                 --  C-H stretching                                                 C-H stretching 99.44%
   63     3056.59          --                 --  mixed-phase C-H stretching                                     mixed-phase C-H stretching 99.11%
   64     3061.31          --                 --  mixed-phase C-H stretching                                     mixed-phase C-H stretching 98.92%
   65     3071.80          --                 --  ring-site C-H stretching                                       ring-site C-H stretching 97.99%
   66     3084.82          --                 --  mixed-phase C-H stretching                                     mixed-phase C-H stretching 99.61%
   67     3087.85          --                 --  mixed-phase C-H stretching                                     mixed-phase C-H stretching 99.61%
   68     3093.54          --                 --  opposite-phase C-H stretching                                  opposite-phase C-H stretching 99.26%
   69     3118.16          --                 --  mixed-phase C-H stretching                                     mixed-phase C-H stretching 98.99%
   70     3154.22          --                 --  mixed-phase ring-site C-H stretching                           mixed-phase ring-site C-H stretching 99.20%
   71     3819.92          --                 --  O-H stretching                                                 O-H stretching 99.92%

# Selected internal-coordinate set:
#   1  nu(C1-N2)
#   2  nu(C3-H13)
#   3  nu(C4-C6)
#   4  nu(C5-H16)
#   5  nu(C7-C8)
#   6  nu(O9-H24)
#   7  nu(C5-H17)
#   8  nu(C6-H18)
#   9  nu(C7-H20)
#  10  nu(C1-H11)
#  11  nu(C8-H22)
#  12  nu(C3-H14)
#  13  nu(C5-H15)
#  14  nu(C6-H19)
#  15  nu(C7-H21)
#  16  nu(C1-H12)
#  17  nu(C8-H23)
#  18  gamma(C4;C3,H13,H14)
#  19  nu(N2-C4)
#  20  nu(C1-H10)
#  21  nu(C8-O9)
#  22  gamma(C5;C4,N2,C6)
#  23  tau(C7-C8-O9-H24)
#  24  delta(H13-C3-H14)
#  25  gamma(H15;C5,H16,H17)
#  26  delta(H20-C7-H21)
#  27  delta(H18-C6-H19)
#  28  delta(H16-C5-H17)
#  29  delta(H11-C1-H12)
#  30  delta(H22-C8-H23)
#  31  delta(C8-O9-H24)
#  32  delta(H10-C1-H11)
#  33  delta(C4-C6-H18)
#  34  delta(H10-C1-H12)
#  35  delta(C1-N2-C3)
#  36  delta(C4-C6-H19)
#  37  delta(C8-C7-H21)
#  38  delta(C8-C7-H20)
#  39  tau(C6-C4-C5-H15)
#  40  delta(O9-C8-H23)
#  41  delta(O9-C8-H22)
#  42  delta(N2-C1-H11)
#  43  delta(C4-C5-H15)
#  44  nu(C4-C5)
#  45  delta(C6-C7-H21)
#  46  delta(C4-C3-H14)
#  47  delta(C7-C6-H18)
#  48  delta(C7-C8-H22)
#  49  nu(N2-C3)
#  50  tau(H12-C1-N2-C3)
#  51  nu(C6-C7)
#  52  tau(N2-C4-C5-H17)
#  53  tau(H14-C3-C4-C6)
#  54  delta(N2-C1-H12)
#  55  delta(C4-C5-H17)
#  56  delta(C7-C8-O9)
#  57  tau(C6-C7-C8-O9)
#  58  nu(C3-C4)
#  59  gamma(C5;C4,N2,C3)
#  60  tau(C4-C6-C7-C8)
#  61  delta(C6-C7-C8)
#  62  tau(C1-N2-C3-C4)
#  63  tau(C5-C4-C6-H18)
#  64  tau(C1-N2-C4-C6)
#  65  delta(N2-C4-C6)
#  66  delta(C4-C6-C7)

Wrote: /local/scratch/mv487/qm9s/experiment_1_phase2/ped/112958/112958_summary.csv
Wrote: /local/scratch/mv487/qm9s/experiment_1_phase2/ped/112958/112958_families.csv
Wrote: /local/scratch/mv487/qm9s/experiment_1_phase2/ped/112958/112958_ped.csv
Wrote: /local/scratch/mv487/qm9s/experiment_1_phase2/ped/112958/112958_ir_transitions.csv

# All generated files are in: /local/scratch/mv487/qm9s/experiment_1_phase2/ped/112958
# Manifest: /local/scratch/mv487/qm9s/experiment_1_phase2/ped/112958/112958_manifest.txt

--- stderr ---
Normal modes/frequencies absent or incomplete: diagonalizing Hessian.
