# Contact: romi@lens.unifi.it
# Manual: https://github.com/SebRoLENS/orca-ped-analyzer/blob/main/docs/ORCA_PED_Analyzer_Manual.md
# Check GitHub for updates and new releases: https://github.com/SebRoLENS/orca-ped-analyzer
#
# Molecule: 19 atoms | non-linear
# Bonds inferred: 22 | candidate ICs: 254 | selected ICs: 51
# Cartesian-Hessian reconstruction relative error: 4.614e-05
# Energy distribution: PED (PED is the backward-compatible default; TED includes kinetic-energy terms)
# Ring/cycle bonds detected: 12 | ring atoms: 9 | ring systems: 1
# VPT2: no matching .out file supplied/found -> harmonic/PED analysis only
#
 Mode   Harm/cm-1   VPT2/cm-1  Harm.Int/km mol-1  Assignment                                                     Grouped PED
------------------------------------------------------------------------------------------------------------------------------------------------------------------------------------------------
    6      297.78          --                 --  mixed cyclic-ring torsional/out-of-plane deformation / cyclic-ring deformation (C-C-C bend) / ring-site C-H out-of-plane bending cyclic-ring torsional/out-of-plane deformation 38.46%; cyclic-ring deformation (C-C-C bend) 29.00%; ring-site C-H out-of-plane bending 19.98%; cyclic-ring out-of-plane deformation 7.97%
    7      299.95          --                 --  mixed cyclic-ring deformation (C-C-C bend) / ring-site C-H out-of-plane bending / cyclic-ring torsional/out-of-plane deformation cyclic-ring deformation (C-C-C bend) 28.79%; ring-site C-H out-of-plane bending 28.20%; cyclic-ring torsional/out-of-plane deformation 28.16%; mixed-phase cyclic C-C stretching 9.15%
    8      364.68          --                 --  mixed cyclic-ring torsional/out-of-plane deformation / cyclic-ring deformation (C-C-C bend) / ring-site C-H out-of-plane bending cyclic-ring torsional/out-of-plane deformation 43.24%; cyclic-ring deformation (C-C-C bend) 30.28%; ring-site C-H out-of-plane bending 17.61%; mixed-phase cyclic C-C stretching 5.52%
    9      498.81          --                 --  mixed cyclic-ring deformation (C-C-C bend) / cyclic-ring torsional/out-of-plane deformation cyclic-ring deformation (C-C-C bend) 50.15%; cyclic-ring torsional/out-of-plane deformation 15.52%; ring-site C-H out-of-plane bending 13.34%; cyclic-ring out-of-plane deformation 9.77%
   10      533.64          --                 --  mixed cyclic-ring torsional/out-of-plane deformation / cyclic-ring deformation (C-C-C bend) cyclic-ring torsional/out-of-plane deformation 63.91%; cyclic-ring deformation (C-C-C bend) 13.09%; ring-site C-H out-of-plane bending 12.32%; opposite-phase cyclic C-C stretching 7.19%
   11      599.73          --                 --  mixed cyclic-ring deformation (C-C-C bend) / cyclic C-C stretching / cyclic-ring out-of-plane deformation cyclic-ring deformation (C-C-C bend) 41.49%; cyclic C-C stretching 21.45%; cyclic-ring out-of-plane deformation 16.26%; ring-site C-H out-of-plane bending 13.42%
   12      621.30          --                 --  mixed ring-site C-H out-of-plane bending / mixed-phase cyclic C-C stretching ring-site C-H out-of-plane bending 37.18%; mixed-phase cyclic C-C stretching 34.16%; cyclic-ring deformation (C-C-C bend) 13.77%; cyclic-ring out-of-plane deformation 11.42%
   13      695.63          --                 --  mixed ring-site C-H out-of-plane bending / cyclic-ring torsional/out-of-plane deformation ring-site C-H out-of-plane bending 61.23%; cyclic-ring torsional/out-of-plane deformation 18.06%; cyclic-ring out-of-plane deformation 9.11%; cyclic-ring deformation (C-C-C bend) 7.92%
   14      731.40          --                 --  mixed cyclic-ring deformation (C-C-C bend) / mixed-phase cyclic C-C stretching cyclic-ring deformation (C-C-C bend) 48.45%; mixed-phase cyclic C-C stretching 31.52%; ring-site C-H out-of-plane bending 9.51%; ring-site C-H in-plane bending 5.40%
   15      788.34          --                 --  mixed mixed-phase cyclic C-C stretching / cyclic-ring deformation (C-C-C bend) / ring-site C-H out-of-plane bending mixed-phase cyclic C-C stretching 42.11%; cyclic-ring deformation (C-C-C bend) 17.15%; ring-site C-H out-of-plane bending 16.54%; cyclic-ring out-of-plane deformation 14.01%
   16      809.94          --                 --  ring-site C-H out-of-plane bending                             ring-site C-H out-of-plane bending 78.19%; cyclic-ring out-of-plane deformation 11.16%; ring-site C-H in-plane bending 3.66%; cyclic-ring deformation (C-C-C bend) 3.10%
   17      835.48          --                 --  mixed mixed-phase cyclic C-C stretching / cyclic-ring torsional/out-of-plane deformation / ring-site C-H out-of-plane bending mixed-phase cyclic C-C stretching 36.54%; cyclic-ring torsional/out-of-plane deformation 19.04%; ring-site C-H out-of-plane bending 18.36%; cyclic-ring deformation (C-C-C bend) 12.55%
   18      878.16          --                 --  mixed ring-site C-H out-of-plane bending / cyclic-ring out-of-plane deformation ring-site C-H out-of-plane bending 52.69%; cyclic-ring out-of-plane deformation 34.85%; cyclic-ring deformation (C-C-C bend) 5.25%; mixed-phase cyclic C-C stretching 4.72%
   19      883.63          --                 --  mixed mixed-phase cyclic C-C stretching / ring-site C-H out-of-plane bending mixed-phase cyclic C-C stretching 38.33%; ring-site C-H out-of-plane bending 36.10%; cyclic-ring deformation (C-C-C bend) 10.68%; ring-site C-H in-plane bending 8.15%
   20      908.18          --                 --  mixed cyclic-ring deformation (C-C-C bend) / mixed-phase cyclic C-C stretching / ring-site C-H in-plane bending cyclic-ring deformation (C-C-C bend) 44.71%; mixed-phase cyclic C-C stretching 24.92%; ring-site C-H in-plane bending 17.01%; ring-site C-H out-of-plane bending 7.83%
   21      922.31          --                 --  mixed cyclic-ring deformation (C-C-C bend) / ring-site C-H in-plane bending / cyclic-ring out-of-plane deformation cyclic-ring deformation (C-C-C bend) 30.63%; ring-site C-H in-plane bending 20.32%; cyclic-ring out-of-plane deformation 16.90%; mixed-phase cyclic C-C stretching 16.78%
   22      923.09          --                 --  ring-site C-H out-of-plane bending                             ring-site C-H out-of-plane bending 83.06%; cyclic-ring torsional/out-of-plane deformation 13.98%; cyclic-ring deformation (C-C-C bend) 2.01%
   23      938.23          --                 --  mixed mixed-phase cyclic C-C stretching / cyclic-ring deformation (C-C-C bend) mixed-phase cyclic C-C stretching 48.04%; cyclic-ring deformation (C-C-C bend) 26.16%; ring-site C-H out-of-plane bending 9.61%; cyclic-ring out-of-plane deformation 7.70%
   24      948.45          --                 --  mixed mixed-phase cyclic C-C stretching / cyclic-ring deformation (C-C-C bend) / ring-site C-H out-of-plane bending mixed-phase cyclic C-C stretching 37.30%; cyclic-ring deformation (C-C-C bend) 28.06%; ring-site C-H out-of-plane bending 15.75%; cyclic-ring out-of-plane deformation 13.91%
   25      982.67          --                 --  mixed mixed-phase cyclic C-C stretching / cyclic-ring out-of-plane deformation mixed-phase cyclic C-C stretching 45.65%; cyclic-ring out-of-plane deformation 18.12%; ring-site C-H out-of-plane bending 14.88%; cyclic-ring deformation (C-C-C bend) 12.73%
   26     1008.58          --                 --  mixed-phase cyclic C-C stretching                              mixed-phase cyclic C-C stretching 72.47%; ring-site C-H out-of-plane bending 8.65%; ring-site C-H in-plane bending 6.19%; cyclic-ring deformation (C-C-C bend) 5.82%
   27     1027.13          --                 --  mixed cyclic C-C stretching / ring-site C-H in-plane bending / cyclic-ring deformation (C-C-C bend) cyclic C-C stretching 31.15%; ring-site C-H in-plane bending 24.29%; cyclic-ring deformation (C-C-C bend) 22.38%; cyclic-ring out-of-plane deformation 11.14%
   28     1029.18          --                 --  mixed ring-site C-H out-of-plane bending / ring-site C-H in-plane bending ring-site C-H out-of-plane bending 58.25%; ring-site C-H in-plane bending 21.50%; cyclic-ring out-of-plane deformation 16.43%; cyclic-ring deformation (C-C-C bend) 2.60%
   29     1069.62          --                 --  mixed ring-site C-H out-of-plane bending / ring-site C-H in-plane bending ring-site C-H out-of-plane bending 52.77%; ring-site C-H in-plane bending 20.80%; mixed-phase cyclic C-C stretching 10.08%; cyclic-ring deformation (C-C-C bend) 8.52%
   30     1075.30          --                 --  mixed ring-site C-H out-of-plane bending / cyclic-ring out-of-plane deformation ring-site C-H out-of-plane bending 50.55%; cyclic-ring out-of-plane deformation 33.35%; ring-site C-H in-plane bending 11.92%; cyclic C-C stretching 2.95%
   31     1079.15          --                 --  mixed ring-site C-H in-plane bending / ring-site C-H out-of-plane bending / cyclic-ring out-of-plane deformation ring-site C-H in-plane bending 27.25%; ring-site C-H out-of-plane bending 27.00%; cyclic-ring out-of-plane deformation 17.88%; cyclic-ring deformation (C-C-C bend) 14.66%
   32     1098.01          --                 --  mixed ring-site C-H out-of-plane bending / cyclic-ring out-of-plane deformation ring-site C-H out-of-plane bending 65.76%; cyclic-ring out-of-plane deformation 30.75%; ring-site C-H in-plane bending 2.11%
   33     1135.98          --                 --  mixed ring-site C-H in-plane bending / cyclic C-C stretching   ring-site C-H in-plane bending 49.15%; cyclic C-C stretching 36.88%; cyclic-ring deformation (C-C-C bend) 8.41%; ring-site C-H out-of-plane bending 3.83%
   34     1183.82          --                 --  mixed ring-site C-H in-plane bending / ring-site C-H out-of-plane bending ring-site C-H in-plane bending 49.47%; ring-site C-H out-of-plane bending 34.27%; cyclic-ring deformation (C-C-C bend) 5.64%; cyclic-ring out-of-plane deformation 4.90%
   35     1185.72          --                 --  mixed ring-site C-H out-of-plane bending / cyclic-ring deformation (C-C-C bend) / mixed-phase cyclic C-C stretching ring-site C-H out-of-plane bending 37.55%; cyclic-ring deformation (C-C-C bend) 24.83%; mixed-phase cyclic C-C stretching 15.75%; ring-site C-H in-plane bending 13.65%
   36     1189.83          --                 --  mixed cyclic C-C stretching / ring-site C-H out-of-plane bending / ring-site C-H in-plane bending cyclic C-C stretching 36.46%; ring-site C-H out-of-plane bending 27.56%; ring-site C-H in-plane bending 17.01%; cyclic-ring deformation (C-C-C bend) 9.53%
   37     1197.90          --                 --  mixed ring-site C-H in-plane bending / ring-site C-H out-of-plane bending ring-site C-H in-plane bending 69.69%; ring-site C-H out-of-plane bending 13.83%; mixed-phase cyclic C-C stretching 11.31%; cyclic-ring deformation (C-C-C bend) 3.14%
   38     1242.68          --                 --  mixed ring-site C-H in-plane bending / mixed-phase cyclic C-C stretching ring-site C-H in-plane bending 48.95%; mixed-phase cyclic C-C stretching 24.39%; ring-site C-H out-of-plane bending 14.59%; cyclic-ring deformation (C-C-C bend) 7.74%
   39     1257.04          --                 --  mixed ring-site C-H in-plane bending / mixed-phase cyclic C-C stretching ring-site C-H in-plane bending 56.40%; mixed-phase cyclic C-C stretching 16.45%; ring-site C-H out-of-plane bending 15.52%; cyclic-ring deformation (C-C-C bend) 6.75%
   40     1258.08          --                 --  mixed ring-site C-H out-of-plane bending / mixed-phase cyclic C-C stretching ring-site C-H out-of-plane bending 55.23%; mixed-phase cyclic C-C stretching 21.36%; ring-site C-H in-plane bending 12.25%; cyclic-ring deformation (C-C-C bend) 7.87%
   41     1319.95          --                 --  mixed mixed-phase cyclic C-C stretching / ring-site C-H out-of-plane bending / ring-site C-H in-plane bending mixed-phase cyclic C-C stretching 34.23%; ring-site C-H out-of-plane bending 27.54%; ring-site C-H in-plane bending 25.94%; cyclic-ring deformation (C-C-C bend) 10.62%
   42     1324.21          --                 --  mixed ring-site C-H in-plane bending / mixed-phase cyclic C-C stretching / cyclic-ring deformation (C-C-C bend) ring-site C-H in-plane bending 48.14%; mixed-phase cyclic C-C stretching 28.18%; cyclic-ring deformation (C-C-C bend) 15.36%; ring-site C-H out-of-plane bending 7.52%
   43     1324.78          --                 --  mixed ring-site C-H in-plane bending / mixed-phase cyclic C-C stretching / ring-site C-H out-of-plane bending ring-site C-H in-plane bending 46.24%; mixed-phase cyclic C-C stretching 26.20%; ring-site C-H out-of-plane bending 15.18%; cyclic-ring out-of-plane deformation 9.31%
   44     1375.69          --                 --  mixed ring-site C-H in-plane bending / mixed-phase cyclic C-C stretching / ring-site C-H out-of-plane bending ring-site C-H in-plane bending 43.04%; mixed-phase cyclic C-C stretching 34.73%; ring-site C-H out-of-plane bending 15.80%; cyclic-ring torsional/out-of-plane deformation 3.57%
   45     1497.02          --                 --  mixed ring-site C-H out-of-plane bending / ring-site C-H in-plane bending ring-site C-H out-of-plane bending 47.76%; ring-site C-H in-plane bending 27.56%; cyclic-ring out-of-plane deformation 13.75%; in-phase cyclic C-C stretching 10.08%
   46     1623.56          --                 --  cyclic C-C stretching                                          cyclic C-C stretching 73.93%; ring-site C-H in-plane bending 12.84%; cyclic-ring deformation (C-C-C bend) 9.37%; cyclic-ring torsional/out-of-plane deformation 3.26%
   47     3095.19          --                 --  opposite-phase ring-site C-H stretching                        opposite-phase ring-site C-H stretching 99.27%
   48     3095.66          --                 --  mixed-phase ring-site C-H stretching                           mixed-phase ring-site C-H stretching 98.86%
   49     3105.73          --                 --  ring-site C-H stretching                                       ring-site C-H stretching 98.81%
   50     3118.38          --                 --  mixed-phase ring-site C-H stretching                           mixed-phase ring-site C-H stretching 98.43%
   51     3131.89          --                 --  ring-site C-H stretching                                       ring-site C-H stretching 99.04%
   52     3164.14          --                 --  opposite-phase ring-site C-H stretching                        opposite-phase ring-site C-H stretching 98.71%
   53     3172.43          --                 --  in-phase ring-site C-H stretching                              in-phase ring-site C-H stretching 98.37%
   54     3207.63          --                 --  opposite-phase ring-site C-H stretching                        opposite-phase ring-site C-H stretching 98.87%
   55     3212.63          --                 --  opposite-phase ring-site C-H stretching                        opposite-phase ring-site C-H stretching 98.68%
   56     3237.13          --                 --  in-phase ring-site C-H stretching                              in-phase ring-site C-H stretching 97.88%

# Selected internal-coordinate set:
#   1  nu(C1-C2)
#   2  nu(C3-C4)
#   3  nu(C5-C6)
#   4  nu(C7-C8)
#   5  nu(C9-H19)
#   6  nu(C6-C7)
#   7  nu(C4-C5)
#   8  nu(C4-C8)
#   9  nu(C1-H10)
#  10  nu(C3-H13)
#  11  nu(C2-H12)
#  12  tau(H16-C6-C7-H17)
#  13  tau(H10-C1-C2-H12)
#  14  nu(C8-C9)
#  15  nu(C5-C9)
#  16  gamma(C1;C3,C4,H13)
#  17  nu(C1-H11)
#  18  nu(C4-H14)
#  19  tau(H11-C1-C2-H12)
#  20  nu(C7-H17)
#  21  nu(C5-H15)
#  22  nu(C8-H18)
#  23  nu(C6-H16)
#  24  gamma(H19;C9,C5,C8)
#  25  delta(C4-C3-H13)
#  26  delta(C1-C2-H12)
#  27  tau(C2-C3-C4-H14)
#  28  delta(C9-C5-H15)
#  29  tau(H16-C6-C7-C8)
#  30  delta(C9-C8-H18)
#  31  delta(C4-C5-H15)
#  32  delta(C2-C1-H11)
#  33  delta(C4-C8-H18)
#  34  tau(H10-C1-C2-C9)
#  35  tau(C3-C2-C9-H19)
#  36  delta(C8-C7-H17)
#  37  gamma(H14;C4,C5,C8)
#  38  delta(C2-C1-H10)
#  39  delta(C5-C6-H16)
#  40  nu(C2-C9)
#  41  nu(C1-C3)
#  42  delta(C4-C8-C9)
#  43  delta(C5-C6-C7)
#  44  delta(C1-C3-C4)
#  45  tau(C6-C5-C9-C2)
#  46  tau(C5-C6-C7-C8)
#  47  gamma(C3;C1,C2,H11)
#  48  tau(H13-C3-C4-C8)
#  49  delta(C7-C8-C9)
#  50  tau(C7-C8-C9-C2)
#  51  delta(C1-C2-C9)

Wrote: /local/scratch/mv487/qm9s/experiment_1_phase2/ped/34046/34046_summary.csv
Wrote: /local/scratch/mv487/qm9s/experiment_1_phase2/ped/34046/34046_families.csv
Wrote: /local/scratch/mv487/qm9s/experiment_1_phase2/ped/34046/34046_ped.csv
Wrote: /local/scratch/mv487/qm9s/experiment_1_phase2/ped/34046/34046_ir_transitions.csv

# All generated files are in: /local/scratch/mv487/qm9s/experiment_1_phase2/ped/34046
# Manifest: /local/scratch/mv487/qm9s/experiment_1_phase2/ped/34046/34046_manifest.txt

--- stderr ---
Normal modes/frequencies absent or incomplete: diagonalizing Hessian.
