# Contact: romi@lens.unifi.it
# Manual: https://github.com/SebRoLENS/orca-ped-analyzer/blob/main/docs/ORCA_PED_Analyzer_Manual.md
# Check GitHub for updates and new releases: https://github.com/SebRoLENS/orca-ped-analyzer
#
# Molecule: 17 atoms | non-linear
# Bonds inferred: 19 | candidate ICs: 206 | selected ICs: 45
# Cartesian-Hessian reconstruction relative error: 7.544e-05
# Energy distribution: PED (PED is the backward-compatible default; TED includes kinetic-energy terms)
# Ring/cycle bonds detected: 9 | ring atoms: 7 | ring systems: 1
# VPT2: no matching .out file supplied/found -> harmonic/PED analysis only
#
 Mode   Harm/cm-1   VPT2/cm-1  Harm.Int/km mol-1  Assignment                                                     Grouped PED
------------------------------------------------------------------------------------------------------------------------------------------------------------------------------------------------
    6       42.13          --                 --  mixed C-C torsion / cyclic-ring torsional/out-of-plane deformation C-C torsion 50.33%; cyclic-ring torsional/out-of-plane deformation 23.15%; mixed-phase cyclic C-C stretching 7.51%; ring-site C-H out-of-plane bending 7.07%
    7      165.65          --                 --  mixed ring-site C-H out-of-plane bending / cyclic-ring torsional/out-of-plane deformation ring-site C-H out-of-plane bending 67.38%; cyclic-ring torsional/out-of-plane deformation 28.14%
    8      229.53          --                 --  mixed C-C-C bending / cyclic-ring torsional/out-of-plane deformation C-C-C bending 54.94%; cyclic-ring torsional/out-of-plane deformation 17.92%; ring-site C-H out-of-plane bending 11.99%; C-H out-of-plane bending 7.35%
    9      243.42          --                 --  ring-site C-H out-of-plane bending                             ring-site C-H out-of-plane bending 78.37%; cyclic-ring torsional/out-of-plane deformation 17.31%
   10      371.92          --                 --  mixed ring-site C-H out-of-plane bending / cyclic-ring out-of-plane deformation / cyclic-ring torsional/out-of-plane deformation ring-site C-H out-of-plane bending 41.87%; cyclic-ring out-of-plane deformation 34.39%; cyclic-ring torsional/out-of-plane deformation 16.79%
   11      458.59          --                 --  mixed ring-site C-H out-of-plane bending / cyclic-ring torsional/out-of-plane deformation ring-site C-H out-of-plane bending 47.91%; cyclic-ring torsional/out-of-plane deformation 23.35%; cyclic-ring deformation (C-C-O bend) 10.72%; cyclic-ring deformation (C-C-C bend) 4.76%
   12      509.08          --                 --  mixed cyclic-ring torsional/out-of-plane deformation / ring-site C-H out-of-plane bending / cyclic-ring out-of-plane deformation cyclic-ring torsional/out-of-plane deformation 36.24%; ring-site C-H out-of-plane bending 26.45%; cyclic-ring out-of-plane deformation 18.05%; cyclic-ring deformation (C-C-O bend) 10.70%
   13      640.26          --                 --  mixed cyclic-ring torsional/out-of-plane deformation / O-C-C bending cyclic-ring torsional/out-of-plane deformation 43.56%; O-C-C bending 10.68%; mixed-phase cyclic C-C stretching 9.31%; cyclic C-O stretching 9.10%
   14      699.53          --                 --  mixed mixed-phase cyclic C-C stretching / ring-site C-H out-of-plane bending / O-C-C bending mixed-phase cyclic C-C stretching 30.76%; ring-site C-H out-of-plane bending 24.84%; O-C-C bending 17.78%; cyclic-ring deformation (C-C-O bend) 6.11%
   15      745.94          --                 --  mixed ring-site C-H out-of-plane bending / cyclic-ring deformation (C-C-C bend) ring-site C-H out-of-plane bending 48.87%; cyclic-ring deformation (C-C-C bend) 17.77%; cyclic C-C stretching 12.22%; ring-site C-H in-plane bending 8.02%
   16      756.37          --                 --  mixed cyclic-ring torsional/out-of-plane deformation / cyclic-ring out-of-plane deformation / in-phase cyclic C-C stretching cyclic-ring torsional/out-of-plane deformation 32.59%; cyclic-ring out-of-plane deformation 21.26%; in-phase cyclic C-C stretching 19.68%; cyclic-ring deformation (C-C-C bend) 12.12%
   17      802.76          --                 --  mixed cyclic-ring torsional/out-of-plane deformation / mixed-phase cyclic C-C stretching / cyclic-ring out-of-plane deformation cyclic-ring torsional/out-of-plane deformation 31.35%; mixed-phase cyclic C-C stretching 24.32%; cyclic-ring out-of-plane deformation 16.01%; cyclic-ring deformation (C-C-O bend) 10.68%
   18      818.22          --                 --  mixed ring-site C-H out-of-plane bending / ring-site C-H in-plane bending ring-site C-H out-of-plane bending 52.64%; ring-site C-H in-plane bending 15.90%; cyclic-ring torsional/out-of-plane deformation 9.29%; mixed-phase cyclic C-C stretching 7.03%
   19      846.42          --                 --  mixed ring-site C-H out-of-plane bending / mixed-phase cyclic C-C stretching ring-site C-H out-of-plane bending 39.64%; mixed-phase cyclic C-C stretching 29.72%; cyclic-ring out-of-plane deformation 10.76%; cyclic-ring torsional/out-of-plane deformation 7.19%
   20      885.45          --                 --  mixed ring-site C-H out-of-plane bending / mixed-phase cyclic C-C stretching ring-site C-H out-of-plane bending 37.74%; mixed-phase cyclic C-C stretching 15.17%; ring-site C-H in-plane bending 14.67%; cyclic C-O stretching 11.93%
   21      902.76          --                 --  mixed cyclic C-C stretching / ring-site C-H out-of-plane bending cyclic C-C stretching 43.89%; ring-site C-H out-of-plane bending 18.98%; C-H out-of-plane bending 8.77%; ring-site C-H in-plane bending 7.69%
   22      955.91          --                 --  mixed mixed-phase cyclic C-O stretching / mixed-phase cyclic C-C stretching mixed-phase cyclic C-O stretching 26.14%; mixed-phase cyclic C-C stretching 22.38%; ring-site C-H out-of-plane bending 14.17%; C-H out-of-plane bending 12.46%
   23      976.05          --                 --  mixed mixed-phase cyclic C-C stretching / ring-site C-H out-of-plane bending / ring-site C-H in-plane bending mixed-phase cyclic C-C stretching 24.36%; ring-site C-H out-of-plane bending 21.15%; ring-site C-H in-plane bending 18.31%; cyclic-ring torsional/out-of-plane deformation 9.32%
   24      996.33          --                 --  mixed cyclic C-O stretching / ring-site C-H out-of-plane bending / mixed-phase cyclic C-C stretching cyclic C-O stretching 41.88%; ring-site C-H out-of-plane bending 19.21%; mixed-phase cyclic C-C stretching 16.01%; cyclic-ring out-of-plane deformation 11.54%
   25     1026.06          --                 --  mixed mixed-phase cyclic C-C stretching / cyclic-ring out-of-plane deformation mixed-phase cyclic C-C stretching 37.01%; cyclic-ring out-of-plane deformation 30.37%; cyclic-ring torsional/out-of-plane deformation 14.45%; cyclic C-O stretching 8.14%
   26     1041.53          --                 --  mixed ring-site C-H out-of-plane bending / cyclic-ring out-of-plane deformation ring-site C-H out-of-plane bending 29.57%; cyclic-ring out-of-plane deformation 14.45%; cyclic C-C stretching 14.31%; ring-site C-H in-plane bending 13.74%
   27     1047.37          --                 --  mixed cyclic-ring out-of-plane deformation / ring-site C-H out-of-plane bending cyclic-ring out-of-plane deformation 46.54%; ring-site C-H out-of-plane bending 35.11%; cyclic-ring torsional/out-of-plane deformation 9.54%; ring-site C-H in-plane bending 5.34%
   28     1084.83          --                 --  mixed ring-site C-H in-plane bending / ring-site C-H out-of-plane bending ring-site C-H in-plane bending 29.89%; ring-site C-H out-of-plane bending 25.83%; cyclic-ring out-of-plane deformation 13.52%; cyclic C-C stretching 12.64%
   29     1102.45          --                 --  mixed ring-site C-H out-of-plane bending / cyclic-ring torsional/out-of-plane deformation ring-site C-H out-of-plane bending 51.72%; cyclic-ring torsional/out-of-plane deformation 15.08%; ring-site C-H in-plane bending 12.53%; cyclic-ring out-of-plane deformation 9.35%
   30     1154.67          --                 --  mixed mixed-phase cyclic C-C stretching / C-H out-of-plane bending mixed-phase cyclic C-C stretching 33.63%; C-H out-of-plane bending 15.24%; ring-site C-H in-plane bending 11.42%; ring-site C-H out-of-plane bending 9.36%
   31     1191.18          --                 --  mixed ring-site C-H out-of-plane bending / ring-site C-H in-plane bending ring-site C-H out-of-plane bending 33.10%; ring-site C-H in-plane bending 23.00%; exocyclic C-C stretching 12.86%; cyclic-ring torsional/out-of-plane deformation 9.82%
   32     1209.04          --                 --  mixed ring-site C-H out-of-plane bending / ring-site C-H in-plane bending ring-site C-H out-of-plane bending 68.10%; ring-site C-H in-plane bending 14.64%; exocyclic C-C stretching 3.40%; cyclic C-C stretching 3.18%
   33     1224.66          --                 --  mixed ring-site C-H out-of-plane bending / ring-site C-H in-plane bending ring-site C-H out-of-plane bending 49.66%; ring-site C-H in-plane bending 21.84%; mixed-phase cyclic C-C stretching 14.79%; cyclic-ring out-of-plane deformation 6.33%
   34     1271.85          --                 --  mixed ring-site C-H in-plane bending / ring-site C-H out-of-plane bending ring-site C-H in-plane bending 49.82%; ring-site C-H out-of-plane bending 23.95%; mixed-phase cyclic C-C stretching 14.93%; exocyclic C-C stretching 6.10%
   35     1299.54          --                 --  mixed ring-site C-H out-of-plane bending / ring-site C-H in-plane bending ring-site C-H out-of-plane bending 40.58%; ring-site C-H in-plane bending 32.76%; mixed-phase cyclic C-C stretching 13.40%; exocyclic C-C stretching 3.86%
   36     1309.34          --                 --  mixed ring-site C-H out-of-plane bending / ring-site C-H in-plane bending ring-site C-H out-of-plane bending 44.85%; ring-site C-H in-plane bending 42.42%; in-phase cyclic C-C stretching 5.62%; in-phase cyclic C-O stretching 3.25%
   37     1342.49          --                 --  mixed ring-site C-H out-of-plane bending / ring-site C-H in-plane bending ring-site C-H out-of-plane bending 68.67%; ring-site C-H in-plane bending 19.77%; mixed-phase cyclic C-C stretching 7.04%
   38     1388.17          --                 --  mixed mixed-phase cyclic C-C stretching / ring-site C-H in-plane bending / ring-site C-H out-of-plane bending mixed-phase cyclic C-C stretching 34.79%; ring-site C-H in-plane bending 30.50%; ring-site C-H out-of-plane bending 19.93%; C-H bending 6.36%
   39     1399.77          --                 --  C-H bending                                                    C-H bending 77.86%; in-phase cyclic C-C stretching 5.03%; ring-site C-H in-plane bending 4.99%; exocyclic C-C stretching 3.91%
   40     1480.75          --                 --  ring-site C-H out-of-plane bending                             ring-site C-H out-of-plane bending 90.15%; ring-site C-H in-plane bending 8.53%
   41     1505.78          --                 --  ring-site C-H out-of-plane bending                             ring-site C-H out-of-plane bending 94.36%; ring-site C-H in-plane bending 4.25%
   42     1798.95          --                 --  C-O stretching                                                 C-O stretching 89.34%; C-H bending 4.79%; exocyclic C-C stretching 3.94%
   43     2916.78          --                 --  C-H stretching                                                 C-H stretching 98.95%
   44     3052.57          --                 --  mixed-phase ring-site C-H stretching                           mixed-phase ring-site C-H stretching 99.24%
   45     3060.62          --                 --  ring-site C-H stretching                                       ring-site C-H stretching 99.12%
   46     3089.38          --                 --  mixed-phase ring-site C-H stretching                           mixed-phase ring-site C-H stretching 98.30%
   47     3108.86          --                 --  mixed-phase ring-site C-H stretching                           mixed-phase ring-site C-H stretching 99.40%
   48     3171.12          --                 --  ring-site C-H stretching                                       ring-site C-H stretching 99.04%
   49     3190.83          --                 --  mixed-phase ring-site C-H stretching                           mixed-phase ring-site C-H stretching 98.70%
   50     3217.17          --                 --  ring-site C-H stretching                                       ring-site C-H stretching 99.06%

# Selected internal-coordinate set:
#   1  nu(O1-C2)
#   2  nu(C3-C4)
#   3  nu(C5-C6)
#   4  nu(C7-O8)
#   5  nu(C9-H17)
#   6  nu(C3-O8)
#   7  nu(C4-H11)
#   8  nu(C5-H13)
#   9  nu(C7-H16)
#  10  nu(C6-H15)
#  11  nu(C2-H10)
#  12  nu(C5-H14)
#  13  nu(C4-H12)
#  14  gamma(C6;C7,O8,H16)
#  15  gamma(H10;C2,O1,C3)
#  16  tau(O8-C3-C9-H17)
#  17  delta(C3-C9-H17)
#  18  gamma(C9;C6,C5,H15)
#  19  delta(O1-C2-H10)
#  20  gamma(H12;C4,C3,H11)
#  21  gamma(H13;C5,C6,H14)
#  22  delta(O8-C7-H16)
#  23  nu(C3-C9)
#  24  tau(H11-C4-C5-H14)
#  25  tau(H12-C4-C5-H13)
#  26  delta(C5-C6-H15)
#  27  tau(O8-C3-C9-C6)
#  28  nu(C2-C3)
#  29  tau(C3-C4-C5-H13)
#  30  tau(C3-C4-C5-H14)
#  31  delta(O1-C2-C3)
#  32  nu(C6-C9)
#  33  delta(C6-C7-O8)
#  34  delta(C5-C4-H11)
#  35  delta(C4-C5-H14)
#  36  nu(C4-C5)
#  37  tau(O1-C2-C3-O8)
#  38  nu(C6-C7)
#  39  tau(C9-C6-C7-O8)
#  40  tau(C2-C3-C4-C5)
#  41  tau(C9-C3-C4-H12)
#  42  delta(C4-C5-C6)
#  43  delta(C2-C3-C4)
#  44  tau(C4-C5-C6-C9)
#  45  gamma(C7;C6,C5,C9)

Wrote: /local/scratch/mv487/qm9s/experiment_1_phase2/ped/45016/45016_summary.csv
Wrote: /local/scratch/mv487/qm9s/experiment_1_phase2/ped/45016/45016_families.csv
Wrote: /local/scratch/mv487/qm9s/experiment_1_phase2/ped/45016/45016_ped.csv
Wrote: /local/scratch/mv487/qm9s/experiment_1_phase2/ped/45016/45016_ir_transitions.csv

# All generated files are in: /local/scratch/mv487/qm9s/experiment_1_phase2/ped/45016
# Manifest: /local/scratch/mv487/qm9s/experiment_1_phase2/ped/45016/45016_manifest.txt

--- stderr ---
Normal modes/frequencies absent or incomplete: diagonalizing Hessian.
