# Contact: romi@lens.unifi.it
# Manual: https://github.com/SebRoLENS/orca-ped-analyzer/blob/main/docs/ORCA_PED_Analyzer_Manual.md
# Check GitHub for updates and new releases: https://github.com/SebRoLENS/orca-ped-analyzer
#
# Molecule: 20 atoms | non-linear
# Bonds inferred: 20 | candidate ICs: 162 | selected ICs: 54
# Cartesian-Hessian reconstruction relative error: 4.588e-05
# Energy distribution: PED (PED is the backward-compatible default; TED includes kinetic-energy terms)
# Ring/cycle bonds detected: 7 | ring atoms: 7 | ring systems: 1
# VPT2: no matching .out file supplied/found -> harmonic/PED analysis only
#
 Mode   Harm/cm-1   VPT2/cm-1  Harm.Int/km mol-1  Assignment                                                     Grouped PED
------------------------------------------------------------------------------------------------------------------------------------------------------------------------------------------------
    6       59.89          --                 --  ring-site C-H out-of-plane bending                             ring-site C-H out-of-plane bending 96.46%; cyclic-ring deformation (C-C-C bend) 2.14%
    7      129.03          --                 --  ring-site C-H out-of-plane bending                             ring-site C-H out-of-plane bending 95.00%; cyclic-ring deformation (C-C-C bend) 2.61%
    8      214.64          --                 --  ring-site C-H out-of-plane bending                             ring-site C-H out-of-plane bending 83.09%; C-N torsion 4.96%; cyclic-ring out-of-plane deformation 4.93%; cyclic-ring deformation (C-C-C bend) 3.86%
    9      279.73          --                 --  mixed ring-site C-H out-of-plane bending / cyclic-ring deformation (C-C-C bend) ring-site C-H out-of-plane bending 64.77%; cyclic-ring deformation (C-C-C bend) 16.46%; N-C-C bending 9.48%; O-N-C bending 3.52%
   10      312.82          --                 --  mixed ring-site C-H out-of-plane bending / cyclic-ring deformation (C-C-C bend) ring-site C-H out-of-plane bending 67.57%; cyclic-ring deformation (C-C-C bend) 13.24%; cyclic-ring out-of-plane deformation 10.15%; C-N torsion 4.74%
   11      343.72          --                 --  mixed cyclic-ring deformation (C-C-C bend) / ring-site C-H out-of-plane bending cyclic-ring deformation (C-C-C bend) 44.53%; ring-site C-H out-of-plane bending 31.82%; cyclic-ring out-of-plane deformation 7.45%; N-C-C bending 6.17%
   12      362.39          --                 --  ring-site C-H out-of-plane bending                             ring-site C-H out-of-plane bending 80.26%; cyclic-ring deformation (C-C-C bend) 13.15%; ring-site C-H in-plane bending 2.20%
   13      391.69          --                 --  mixed ring-site C-H out-of-plane bending / cyclic-ring deformation (C-C-C bend) ring-site C-H out-of-plane bending 57.96%; cyclic-ring deformation (C-C-C bend) 18.33%; ring-site C-H in-plane bending 8.55%; cyclic-ring out-of-plane deformation 6.50%
   14      432.79          --                 --  mixed ring-site C-H out-of-plane bending / N-O torsion         ring-site C-H out-of-plane bending 46.63%; N-O torsion 32.80%; cyclic-ring out-of-plane deformation 13.49%; cyclic-ring deformation (C-C-C bend) 4.71%
   15      481.76          --                 --  mixed ring-site C-H out-of-plane bending / cyclic-ring deformation (C-C-C bend) ring-site C-H out-of-plane bending 58.68%; cyclic-ring deformation (C-C-C bend) 25.48%; ring-site C-H in-plane bending 10.33%; N-C-C bending 2.88%
   16      564.43          --                 --  mixed ring-site C-H out-of-plane bending / O-N-C bending       ring-site C-H out-of-plane bending 45.31%; O-N-C bending 15.06%; cyclic-ring deformation (C-C-C bend) 10.29%; cyclic C-C stretching 10.25%
   17      634.36          --                 --  ring-site C-H out-of-plane bending                             ring-site C-H out-of-plane bending 84.13%; ring-site C-H in-plane bending 8.38%; cyclic-ring deformation (C-C-C bend) 4.84%
   18      706.34          --                 --  mixed ring-site C-H out-of-plane bending / ring-site C-H in-plane bending ring-site C-H out-of-plane bending 41.02%; ring-site C-H in-plane bending 18.58%; cyclic-ring deformation (C-C-C bend) 12.80%; cyclic C-C stretching 12.59%
   19      716.40          --                 --  mixed ring-site C-H out-of-plane bending / cyclic-ring out-of-plane deformation / cyclic C-C stretching ring-site C-H out-of-plane bending 49.91%; cyclic-ring out-of-plane deformation 22.67%; cyclic C-C stretching 17.12%; ring-site C-H in-plane bending 6.45%
   20      800.35          --                 --  mixed ring-site C-H out-of-plane bending / mixed-phase cyclic C-C stretching / cyclic-ring out-of-plane deformation ring-site C-H out-of-plane bending 41.42%; mixed-phase cyclic C-C stretching 24.44%; cyclic-ring out-of-plane deformation 16.82%; ring-site C-H in-plane bending 11.66%
   21      831.11          --                 --  mixed ring-site C-H out-of-plane bending / cyclic-ring out-of-plane deformation ring-site C-H out-of-plane bending 53.08%; cyclic-ring out-of-plane deformation 21.56%; ring-site C-H in-plane bending 13.55%; mixed-phase cyclic C-C stretching 7.29%
   22      878.26          --                 --  mixed ring-site C-H out-of-plane bending / mixed-phase cyclic C-C stretching / ring-site C-H in-plane bending ring-site C-H out-of-plane bending 42.13%; mixed-phase cyclic C-C stretching 22.53%; ring-site C-H in-plane bending 21.47%; N-O stretching 7.48%
   23      894.95          --                 --  mixed ring-site C-H out-of-plane bending / ring-site C-H in-plane bending / cyclic-ring deformation (C-C-C bend) ring-site C-H out-of-plane bending 40.70%; ring-site C-H in-plane bending 27.38%; cyclic-ring deformation (C-C-C bend) 16.50%; mixed-phase cyclic C-C stretching 11.35%
   24      932.64          --                 --  mixed ring-site C-H out-of-plane bending / ring-site C-H in-plane bending ring-site C-H out-of-plane bending 68.60%; ring-site C-H in-plane bending 21.74%; opposite-phase cyclic C-C stretching 5.97%
   25      946.12          --                 --  mixed N-O stretching / ring-site C-H out-of-plane bending / ring-site C-H in-plane bending N-O stretching 32.07%; ring-site C-H out-of-plane bending 18.21%; ring-site C-H in-plane bending 17.50%; mixed-phase cyclic C-C stretching 10.57%
   26      977.24          --                 --  mixed ring-site C-H in-plane bending / ring-site C-H out-of-plane bending / cyclic-ring deformation (C-C-C bend) ring-site C-H in-plane bending 31.43%; ring-site C-H out-of-plane bending 28.16%; cyclic-ring deformation (C-C-C bend) 18.68%; N-O stretching 9.93%
   27     1022.76          --                 --  mixed ring-site C-H out-of-plane bending / cyclic-ring out-of-plane deformation ring-site C-H out-of-plane bending 57.41%; cyclic-ring out-of-plane deformation 39.92%
   28     1047.13          --                 --  mixed mixed-phase cyclic C-C stretching / ring-site C-H out-of-plane bending / ring-site C-H in-plane bending mixed-phase cyclic C-C stretching 39.37%; ring-site C-H out-of-plane bending 22.91%; ring-site C-H in-plane bending 18.53%; cyclic-ring deformation (C-C-C bend) 11.04%
   29     1092.71          --                 --  mixed ring-site C-H out-of-plane bending / ring-site C-H in-plane bending ring-site C-H out-of-plane bending 52.25%; ring-site C-H in-plane bending 32.33%; cyclic-ring deformation (C-C-C bend) 8.87%; cyclic C-C stretching 5.12%
   30     1106.65          --                 --  mixed mixed-phase cyclic C-C stretching / ring-site C-H in-plane bending mixed-phase cyclic C-C stretching 61.45%; ring-site C-H in-plane bending 23.65%; ring-site C-H out-of-plane bending 8.98%; cyclic-ring deformation (C-C-C bend) 2.59%
   31     1175.15          --                 --  mixed ring-site C-H in-plane bending / ring-site C-H out-of-plane bending ring-site C-H in-plane bending 75.55%; ring-site C-H out-of-plane bending 20.65%
   32     1227.56          --                 --  mixed ring-site C-H in-plane bending / mixed-phase cyclic C-C stretching ring-site C-H in-plane bending 61.81%; mixed-phase cyclic C-C stretching 14.28%; ring-site C-H out-of-plane bending 13.13%; O-H bending 3.40%
   33     1250.26          --                 --  mixed ring-site C-H in-plane bending / ring-site C-H out-of-plane bending ring-site C-H in-plane bending 66.71%; ring-site C-H out-of-plane bending 16.50%; mixed-phase cyclic C-C stretching 9.70%; N-C-C bending 3.69%
   34     1278.62          --                 --  ring-site C-H in-plane bending                                 ring-site C-H in-plane bending 70.50%; ring-site C-H out-of-plane bending 17.64%; cyclic-ring deformation (C-C-C bend) 5.16%; in-phase cyclic C-C stretching 4.96%
   35     1307.10          --                 --  ring-site C-H in-plane bending                                 ring-site C-H in-plane bending 79.32%; ring-site C-H out-of-plane bending 6.66%; O-H bending 5.77%; opposite-phase cyclic C-C stretching 4.08%
   36     1318.76          --                 --  mixed ring-site C-H in-plane bending / ring-site C-H out-of-plane bending ring-site C-H in-plane bending 51.01%; ring-site C-H out-of-plane bending 18.42%; opposite-phase cyclic C-C stretching 12.14%; O-H bending 10.26%
   37     1357.22          --                 --  mixed ring-site C-H in-plane bending / O-H bending             ring-site C-H in-plane bending 59.66%; O-H bending 17.60%; ring-site C-H out-of-plane bending 16.03%
   38     1381.05          --                 --  ring-site C-H in-plane bending                                 ring-site C-H in-plane bending 70.18%; ring-site C-H out-of-plane bending 17.34%; mixed-phase cyclic C-C stretching 9.77%
   39     1386.99          --                 --  ring-site C-H in-plane bending                                 ring-site C-H in-plane bending 70.39%; mixed-phase cyclic C-C stretching 16.37%; ring-site C-H out-of-plane bending 11.48%
   40     1401.63          --                 --  mixed ring-site C-H in-plane bending / mixed-phase cyclic C-C stretching ring-site C-H in-plane bending 67.20%; mixed-phase cyclic C-C stretching 14.28%; ring-site C-H out-of-plane bending 8.23%; O-H bending 5.33%
   41     1411.01          --                 --  mixed ring-site C-H in-plane bending / mixed-phase cyclic C-C stretching ring-site C-H in-plane bending 69.28%; mixed-phase cyclic C-C stretching 12.61%; ring-site C-H out-of-plane bending 8.79%; O-H bending 6.13%
   42     1445.92          --                 --  ring-site C-H in-plane bending                                 ring-site C-H in-plane bending 71.34%; opposite-phase cyclic C-C stretching 12.26%; ring-site C-H out-of-plane bending 6.34%; C-H bending 3.52%
   43     1476.92          --                 --  ring-site C-H out-of-plane bending                             ring-site C-H out-of-plane bending 79.60%; ring-site C-H in-plane bending 13.04%; C-H bending 4.97%
   44     1480.89          --                 --  ring-site C-H out-of-plane bending                             ring-site C-H out-of-plane bending 73.70%; C-H bending 12.83%; ring-site C-H in-plane bending 12.12%
   45     1496.23          --                 --  mixed C-H bending / ring-site C-H out-of-plane bending         C-H bending 69.31%; ring-site C-H out-of-plane bending 17.20%; ring-site C-H in-plane bending 12.45%
   46     1497.51          --                 --  mixed ring-site C-H out-of-plane bending / C-H bending         ring-site C-H out-of-plane bending 47.56%; C-H bending 38.81%; ring-site C-H in-plane bending 11.93%
   47     1658.93          --                 --  mixed exocyclic C-N stretching / mixed-phase cyclic C-C stretching exocyclic C-N stretching 62.03%; mixed-phase cyclic C-C stretching 13.51%; cyclic-ring deformation (C-C-C bend) 7.44%; O-H bending 6.15%
   48     1696.67          --                 --  mixed mixed-phase cyclic C-C stretching / ring-site C-H in-plane bending mixed-phase cyclic C-C stretching 66.61%; ring-site C-H in-plane bending 17.59%; exocyclic C-N stretching 7.31%; cyclic-ring deformation (C-C-C bend) 5.77%
   49     2982.63          --                 --  ring-site C-H stretching                                       ring-site C-H stretching 99.34%
   50     3007.87          --                 --  ring-site C-H stretching                                       ring-site C-H stretching 99.12%
   51     3013.11          --                 --  mixed-phase ring-site C-H stretching                           mixed-phase ring-site C-H stretching 98.83%
   52     3018.53          --                 --  mixed-phase ring-site C-H stretching                           mixed-phase ring-site C-H stretching 99.34%
   53     3044.58          --                 --  ring-site C-H stretching                                       ring-site C-H stretching 99.37%
   54     3052.17          --                 --  mixed-phase ring-site C-H stretching                           mixed-phase ring-site C-H stretching 99.30%
   55     3057.98          --                 --  mixed-phase ring-site C-H stretching                           mixed-phase ring-site C-H stretching 99.19%
   56     3089.21          --                 --  mixed-phase ring-site C-H stretching                           mixed-phase ring-site C-H stretching 98.99%
   57     3128.44          --                 --  ring-site C-H stretching                                       ring-site C-H stretching 99.17%
   58     3179.23          --                 --  ring-site C-H stretching                                       ring-site C-H stretching 99.28%
   59     3819.38          --                 --  O-H stretching                                                 O-H stretching 99.93%

# Selected internal-coordinate set:
#   1  nu(O1-N2)
#   2  nu(C3-C9)
#   3  nu(C4-C5)
#   4  nu(C6-C7)
#   5  nu(C8-H19)
#   6  nu(O1-H10)
#   7  nu(C6-H15)
#   8  nu(C5-H14)
#   9  nu(C7-H18)
#  10  nu(C4-H12)
#  11  nu(C9-H20)
#  12  nu(C7-H17)
#  13  nu(C6-H16)
#  14  nu(C5-H13)
#  15  nu(C4-H11)
#  16  gamma(C8;C9,C3,H20)
#  17  tau(H10-O1-N2-C3)
#  18  nu(N2-C3)
#  19  delta(C7-C8-H19)
#  20  tau(O1-N2-C3-C4)
#  21  tau(H12-C4-C5-H13)
#  22  delta(C3-C9-H20)
#  23  tau(H16-C6-C7-H17)
#  24  tau(H18-C7-C8-H19)
#  25  delta(C4-C5-H14)
#  26  delta(C7-C6-H15)
#  27  delta(N2-O1-H10)
#  28  tau(H11-C4-C5-H14)
#  29  delta(C7-C6-H16)
#  30  delta(H15-C6-H16)
#  31  delta(O1-N2-C3)
#  32  delta(C8-C7-H18)
#  33  delta(C5-C4-H11)
#  34  tau(H18-C7-C8-C9)
#  35  tau(N2-C3-C4-H12)
#  36  delta(C4-C5-H13)
#  37  delta(C6-C7-H17)
#  38  nu(C7-C8)
#  39  tau(H11-C4-C5-C6)
#  40  tau(C9-C3-C4-H12)
#  41  delta(C7-C8-C9)
#  42  delta(C5-C6-H15)
#  43  nu(C3-C4)
#  44  nu(C8-C9)
#  45  nu(C5-C6)
#  46  delta(C3-C4-H12)
#  47  tau(C6-C7-C8-H19)
#  48  delta(C4-C3-C9)
#  49  delta(C4-C5-C6)
#  50  tau(H14-C5-C6-C7)
#  51  delta(C5-C6-C7)
#  52  tau(C4-C3-C9-H20)
#  53  delta(N2-C3-C4)
#  54  delta(C5-C4-H12)

Wrote: /local/scratch/mv487/qm9s/experiment_1_phase2/ped/20949/20949_summary.csv
Wrote: /local/scratch/mv487/qm9s/experiment_1_phase2/ped/20949/20949_families.csv
Wrote: /local/scratch/mv487/qm9s/experiment_1_phase2/ped/20949/20949_ped.csv
Wrote: /local/scratch/mv487/qm9s/experiment_1_phase2/ped/20949/20949_ir_transitions.csv

# All generated files are in: /local/scratch/mv487/qm9s/experiment_1_phase2/ped/20949
# Manifest: /local/scratch/mv487/qm9s/experiment_1_phase2/ped/20949/20949_manifest.txt

--- stderr ---
Normal modes/frequencies absent or incomplete: diagonalizing Hessian.
