# Contact: romi@lens.unifi.it
# Manual: https://github.com/SebRoLENS/orca-ped-analyzer/blob/main/docs/ORCA_PED_Analyzer_Manual.md
# Check GitHub for updates and new releases: https://github.com/SebRoLENS/orca-ped-analyzer
#
# Molecule: 14 atoms | non-linear
# Bonds inferred: 15 | candidate ICs: 93 | selected ICs: 36
# Cartesian-Hessian reconstruction relative error: 2.668e-05
# Energy distribution: PED (PED is the backward-compatible default; TED includes kinetic-energy terms)
# Ring/cycle bonds detected: 9 | ring atoms: 8 | ring systems: 1
# VPT2: no matching .out file supplied/found -> harmonic/PED analysis only
#
 Mode   Harm/cm-1   VPT2/cm-1  Harm.Int/km mol-1  Assignment                                                     Grouped PED
------------------------------------------------------------------------------------------------------------------------------------------------------------------------------------------------
    6      113.18          --                 --  mixed cyclic-ring torsional/out-of-plane deformation / cyclic-ring out-of-plane deformation cyclic-ring torsional/out-of-plane deformation 54.18%; cyclic-ring out-of-plane deformation 40.64%; ring-site C-H out-of-plane bending 4.10%
    7      147.64          --                 --  mixed C-O torsion / ring-site N-H out-of-plane bending         C-O torsion 55.84%; ring-site N-H out-of-plane bending 29.26%; cyclic-ring torsional/out-of-plane deformation 7.55%; ring-site C-H out-of-plane bending 7.28%
    8      208.14          --                 --  mixed cyclic-ring torsional/out-of-plane deformation / cyclic-ring torsional/out-of-plane deformation / cyclic-ring out-of-plane deformation cyclic-ring torsional/out-of-plane deformation 45.67%; cyclic-ring torsional/out-of-plane deformation 24.06%; cyclic-ring out-of-plane deformation 17.65%; ring-site C-H out-of-plane bending 7.05%
    9      314.01          --                 --  mixed cyclic-ring torsional/out-of-plane deformation / ring-site N-H out-of-plane bending cyclic-ring torsional/out-of-plane deformation 45.39%; ring-site N-H out-of-plane bending 38.86%; cyclic-ring out-of-plane deformation 12.47%
   10      331.09          --                 --  mixed O-C-N bending / mixed-phase cyclic C-N stretching        O-C-N bending 49.35%; mixed-phase cyclic C-N stretching 19.48%; cyclic-ring deformation (C-C-N bend) 14.08%; cyclic C-C stretching 10.62%
   11      359.78          --                 --  mixed ring-site N-H out-of-plane bending / cyclic-ring torsional/out-of-plane deformation / ring-site C-H out-of-plane bending ring-site N-H out-of-plane bending 39.87%; cyclic-ring torsional/out-of-plane deformation 24.46%; ring-site C-H out-of-plane bending 18.31%; cyclic-ring out-of-plane deformation 14.08%
   12      427.77          --                 --  mixed ring-site N-H out-of-plane bending / cyclic-ring out-of-plane deformation ring-site N-H out-of-plane bending 66.29%; cyclic-ring out-of-plane deformation 17.07%; ring-site C-H out-of-plane bending 10.59%; cyclic-ring torsional/out-of-plane deformation 4.36%
   13      533.49          --                 --  mixed O-C-N bending / cyclic-ring deformation (C-C-C bend)     O-C-N bending 38.45%; cyclic-ring deformation (C-C-C bend) 19.76%; mixed-phase cyclic C-N stretching 14.43%; cyclic-ring deformation (C-C-N bend) 10.30%
   14      567.88          --                 --  mixed cyclic C-N stretching / cyclic-ring deformation (C-N-C bend) cyclic C-N stretching 29.92%; cyclic-ring deformation (C-N-C bend) 25.34%; exocyclic C-O stretching 14.78%; cyclic-ring deformation (C-C-C bend) 14.59%
   15      623.71          --                 --  mixed cyclic-ring torsional/out-of-plane deformation / ring-site C-H out-of-plane bending cyclic-ring torsional/out-of-plane deformation 53.71%; ring-site C-H out-of-plane bending 39.31%; ring-site N-H out-of-plane bending 2.60%; cyclic-ring out-of-plane deformation 2.17%
   16      644.96          --                 --  mixed ring-site C-H out-of-plane bending / cyclic-ring torsional/out-of-plane deformation / cyclic-ring out-of-plane deformation ring-site C-H out-of-plane bending 44.85%; cyclic-ring torsional/out-of-plane deformation 29.41%; cyclic-ring out-of-plane deformation 22.04%; ring-site N-H out-of-plane bending 2.59%
   17      683.48          --                 --  mixed ring-site C-H out-of-plane bending / cyclic-ring torsional/out-of-plane deformation ring-site C-H out-of-plane bending 63.55%; cyclic-ring torsional/out-of-plane deformation 25.89%; cyclic-ring out-of-plane deformation 8.17%
   18      719.63          --                 --  mixed cyclic-ring out-of-plane deformation / ring-site C-H out-of-plane bending cyclic-ring out-of-plane deformation 54.65%; ring-site C-H out-of-plane bending 43.60%
   19      737.17          --                 --  mixed cyclic-ring out-of-plane deformation / ring-site C-H out-of-plane bending cyclic-ring out-of-plane deformation 60.13%; ring-site C-H out-of-plane bending 38.46%
   20      774.31          --                 --  mixed cyclic-ring deformation (C-C-N bend) / cyclic-ring deformation (C-C-C bend) / cyclic-ring deformation (C-N-C bend) cyclic-ring deformation (C-C-N bend) 38.63%; cyclic-ring deformation (C-C-C bend) 20.39%; cyclic-ring deformation (C-N-C bend) 17.17%; mixed-phase cyclic C-C stretching 9.09%
   21      837.97          --                 --  mixed mixed-phase cyclic C-N stretching / mixed-phase cyclic C-C stretching mixed-phase cyclic C-N stretching 27.85%; mixed-phase cyclic C-C stretching 15.81%; cyclic-ring deformation (C-N-C bend) 10.89%; exocyclic C-O stretching 10.62%
   22      965.71          --                 --  mixed cyclic-ring deformation (N-C-N bend) / mixed-phase cyclic C-N stretching cyclic-ring deformation (N-C-N bend) 60.92%; mixed-phase cyclic C-N stretching 14.49%; mixed-phase cyclic C-C stretching 6.88%; ring-site N-H in-plane bending 6.74%
   23     1013.55          --                 --  mixed cyclic-ring deformation (C-N-C bend) / cyclic C-N stretching / in-phase cyclic C-C stretching cyclic-ring deformation (C-N-C bend) 22.56%; cyclic C-N stretching 20.85%; in-phase cyclic C-C stretching 19.98%; cyclic-ring deformation (C-C-C bend) 18.68%
   24     1079.15          --                 --  mixed cyclic C-N stretching / ring-site N-H in-plane bending   cyclic C-N stretching 63.38%; ring-site N-H in-plane bending 16.05%; cyclic-ring deformation (N-C-N bend) 13.21%; ring-site C-H in-plane bending 3.54%
   25     1145.54          --                 --  mixed mixed-phase cyclic C-N stretching / O-H bending / mixed-phase cyclic C-C stretching mixed-phase cyclic C-N stretching 34.18%; O-H bending 25.20%; mixed-phase cyclic C-C stretching 16.44%; ring-site C-H in-plane bending 8.18%
   26     1167.27          --                 --  mixed ring-site C-H in-plane bending / mixed-phase cyclic C-N stretching / O-H bending ring-site C-H in-plane bending 23.82%; mixed-phase cyclic C-N stretching 22.30%; O-H bending 20.82%; cyclic-ring deformation (C-C-C bend) 10.28%
   27     1180.04          --                 --  mixed ring-site C-H in-plane bending / exocyclic C-O stretching / cyclic C-N stretching ring-site C-H in-plane bending 38.03%; exocyclic C-O stretching 19.67%; cyclic C-N stretching 15.65%; ring-site N-H in-plane bending 8.60%
   28     1257.18          --                 --  mixed ring-site N-H in-plane bending / mixed-phase cyclic C-N stretching / ring-site C-H in-plane bending ring-site N-H in-plane bending 30.14%; mixed-phase cyclic C-N stretching 22.99%; ring-site C-H in-plane bending 15.29%; O-H bending 14.66%
   29     1293.07          --                 --  mixed opposite-phase cyclic C-N stretching / ring-site C-H in-plane bending / ring-site N-H in-plane bending opposite-phase cyclic C-N stretching 35.36%; ring-site C-H in-plane bending 28.87%; ring-site N-H in-plane bending 17.90%; opposite-phase cyclic C-C stretching 6.67%
   30     1379.51          --                 --  mixed ring-site N-H in-plane bending / mixed-phase cyclic C-N stretching ring-site N-H in-plane bending 38.08%; mixed-phase cyclic C-N stretching 25.20%; cyclic-ring deformation (N-C-N bend) 13.62%; mixed-phase cyclic C-C stretching 11.57%
   31     1448.18          --                 --  mixed mixed-phase cyclic C-N stretching / cyclic C-C stretching mixed-phase cyclic C-N stretching 55.79%; cyclic C-C stretching 13.53%; ring-site C-H in-plane bending 12.55%; exocyclic C-O stretching 4.15%
   32     1466.48          --                 --  mixed mixed-phase cyclic C-N stretching / mixed-phase cyclic C-C stretching mixed-phase cyclic C-N stretching 65.18%; mixed-phase cyclic C-C stretching 11.89%; ring-site C-H in-plane bending 9.76%; O-H bending 4.57%
   33     1508.16          --                 --  mixed mixed-phase cyclic C-N stretching / cyclic C-C stretching mixed-phase cyclic C-N stretching 44.27%; cyclic C-C stretching 17.15%; cyclic-ring deformation (C-C-C bend) 14.85%; O-H bending 10.54%
   34     1529.07          --                 --  mixed cyclic C-C stretching / cyclic C-N stretching / cyclic-ring deformation (C-C-N bend) cyclic C-C stretching 37.82%; cyclic C-N stretching 20.08%; cyclic-ring deformation (C-C-N bend) 17.39%; cyclic-ring deformation (C-N-C bend) 11.11%
   35     1571.38          --                 --  mixed opposite-phase cyclic C-C stretching / mixed-phase cyclic C-N stretching opposite-phase cyclic C-C stretching 39.49%; mixed-phase cyclic C-N stretching 17.68%; exocyclic C-O stretching 13.85%; ring-site C-H in-plane bending 8.25%
   36     1606.26          --                 --  mixed mixed-phase cyclic C-N stretching / mixed-phase cyclic C-C stretching / ring-site N-H in-plane bending mixed-phase cyclic C-N stretching 31.17%; mixed-phase cyclic C-C stretching 30.84%; ring-site N-H in-plane bending 18.70%; exocyclic C-O stretching 5.96%
   37     3249.93          --                 --  ring-site C-H stretching                                       ring-site C-H stretching 98.46%
   38     3259.17          --                 --  ring-site C-H stretching                                       ring-site C-H stretching 98.32%
   39     3667.06          --                 --  ring-site N-H stretching                                       ring-site N-H stretching 99.50%
   40     3671.15          --                 --  ring-site N-H stretching                                       ring-site N-H stretching 99.11%
   41     3835.95          --                 --  O-H stretching                                                 O-H stretching 99.92%

# Selected internal-coordinate set:
#   1  nu(O1-C2)
#   2  nu(C3-C4)
#   3  nu(C5-N6)
#   4  nu(N7-C8)
#   5  nu(N9-H14)
#   6  nu(O1-H10)
#   7  nu(C4-C5)
#   8  nu(C2-N6)
#   9  tau(H11-C3-C4-C5)
#  10  gamma(N9;C8,N7,H13)
#  11  tau(H10-O1-C2-N6)
#  12  gamma(N9;C4,C3,C5)
#  13  nu(C8-H13)
#  14  nu(C3-H11)
#  15  tau(O1-C2-N6-C5)
#  16  tau(C5-C4-N9-H14)
#  17  delta(C4-N9-H14)
#  18  delta(N7-C8-H13)
#  19  nu(N6-H12)
#  20  delta(C4-C3-H11)
#  21  tau(O1-C2-N6-H12)
#  22  delta(C2-O1-H10)
#  23  nu(C5-N7)
#  24  nu(C4-N9)
#  25  delta(C2-N6-H12)
#  26  tau(C3-C4-C5-N7)
#  27  nu(C2-C3)
#  28  delta(N7-C8-N9)
#  29  nu(C8-N9)
#  30  delta(C2-N6-C5)
#  31  delta(C2-C3-C4)
#  32  tau(N9-C4-C5-N6)
#  33  tau(H13-C8-N9-C4)
#  34  delta(O1-C2-N6)
#  35  tau(N6-C2-C3-C4)
#  36  delta(C4-C5-N7)

Wrote: /local/scratch/mv487/qm9s/experiment_1_phase2/ped/25674/25674_summary.csv
Wrote: /local/scratch/mv487/qm9s/experiment_1_phase2/ped/25674/25674_families.csv
Wrote: /local/scratch/mv487/qm9s/experiment_1_phase2/ped/25674/25674_ped.csv
Wrote: /local/scratch/mv487/qm9s/experiment_1_phase2/ped/25674/25674_ir_transitions.csv

# All generated files are in: /local/scratch/mv487/qm9s/experiment_1_phase2/ped/25674
# Manifest: /local/scratch/mv487/qm9s/experiment_1_phase2/ped/25674/25674_manifest.txt

--- stderr ---
Normal modes/frequencies absent or incomplete: diagonalizing Hessian.
