# Contact: romi@lens.unifi.it
# Manual: https://github.com/SebRoLENS/orca-ped-analyzer/blob/main/docs/ORCA_PED_Analyzer_Manual.md
# Check GitHub for updates and new releases: https://github.com/SebRoLENS/orca-ped-analyzer
#
# Molecule: 17 atoms | non-linear
# Bonds inferred: 21 | candidate ICs: 298 | selected ICs: 45
# Cartesian-Hessian reconstruction relative error: 3.359e-05
# Energy distribution: PED (PED is the backward-compatible default; TED includes kinetic-energy terms)
# Ring/cycle bonds detected: 13 | ring atoms: 9 | ring systems: 1
# VPT2: no matching .out file supplied/found -> harmonic/PED analysis only
#
 Mode   Harm/cm-1   VPT2/cm-1  Harm.Int/km mol-1  Assignment                                                     Grouped PED
------------------------------------------------------------------------------------------------------------------------------------------------------------------------------------------------
    6      189.32          --                 --  ring-site C-H out-of-plane bending                             ring-site C-H out-of-plane bending 88.14%; cyclic-ring deformation (O-C-C bend) 4.58%; cyclic-ring deformation (C-C-C bend) 2.64%; cyclic-ring torsional/out-of-plane deformation 2.04%
    7      305.06          --                 --  mixed cyclic-ring torsional/out-of-plane deformation / cyclic-ring out-of-plane deformation cyclic-ring torsional/out-of-plane deformation 63.91%; cyclic-ring out-of-plane deformation 17.65%; ring-site C-H out-of-plane bending 8.76%; mixed-phase cyclic C-C stretching 6.14%
    8      345.10          --                 --  mixed cyclic-ring out-of-plane deformation / ring-site C-H out-of-plane bending cyclic-ring out-of-plane deformation 56.07%; ring-site C-H out-of-plane bending 20.64%; ring-site C-H in-plane bending 8.00%; cyclic-ring torsional/out-of-plane deformation 7.98%
    9      347.99          --                 --  mixed cyclic-ring deformation (O-C-C bend) / ring-site C-H out-of-plane bending cyclic-ring deformation (O-C-C bend) 36.71%; ring-site C-H out-of-plane bending 30.58%; cyclic-ring out-of-plane deformation 10.86%; cyclic-ring torsional/out-of-plane deformation 7.58%
   10      473.48          --                 --  mixed ring-site C-H out-of-plane bending / cyclic-ring out-of-plane deformation ring-site C-H out-of-plane bending 43.39%; cyclic-ring out-of-plane deformation 28.09%; mixed-phase cyclic C-C stretching 11.69%; cyclic-ring torsional/out-of-plane deformation 9.08%
   11      577.17          --                 --  mixed mixed-phase cyclic C-C stretching / cyclic-ring torsional/out-of-plane deformation / cyclic-ring deformation (C-C-C bend) mixed-phase cyclic C-C stretching 28.77%; cyclic-ring torsional/out-of-plane deformation 26.16%; cyclic-ring deformation (C-C-C bend) 25.24%; cyclic-ring out-of-plane deformation 10.87%
   12      612.89          --                 --  mixed cyclic C-C stretching / cyclic-ring out-of-plane deformation / ring-site C-H out-of-plane bending cyclic C-C stretching 33.94%; cyclic-ring out-of-plane deformation 29.73%; ring-site C-H out-of-plane bending 20.90%; cyclic-ring torsional/out-of-plane deformation 6.77%
   13      655.90          --                 --  mixed mixed-phase cyclic C-C stretching / cyclic-ring deformation (C-C-C bend) mixed-phase cyclic C-C stretching 35.60%; cyclic-ring deformation (C-C-C bend) 27.32%; ring-site C-H out-of-plane bending 14.20%; cyclic-ring out-of-plane deformation 11.67%
   14      697.90          --                 --  mixed mixed-phase cyclic C-C stretching / ring-site C-H out-of-plane bending / cyclic-ring out-of-plane deformation mixed-phase cyclic C-C stretching 38.08%; ring-site C-H out-of-plane bending 22.00%; cyclic-ring out-of-plane deformation 19.28%; mixed-phase cyclic C-O stretching 11.40%
   15      759.94          --                 --  mixed ring-site C-H out-of-plane bending / mixed-phase cyclic C-C stretching / cyclic-ring deformation (C-C-C bend) ring-site C-H out-of-plane bending 33.94%; mixed-phase cyclic C-C stretching 29.49%; cyclic-ring deformation (C-C-C bend) 16.96%; cyclic-ring out-of-plane deformation 10.61%
   16      791.45          --                 --  mixed mixed-phase cyclic C-C stretching / cyclic-ring out-of-plane deformation / mixed-phase cyclic C-O stretching mixed-phase cyclic C-C stretching 26.46%; cyclic-ring out-of-plane deformation 26.07%; mixed-phase cyclic C-O stretching 16.42%; ring-site C-H out-of-plane bending 14.71%
   17      837.39          --                 --  mixed mixed-phase cyclic C-O stretching / cyclic-ring out-of-plane deformation mixed-phase cyclic C-O stretching 59.10%; cyclic-ring out-of-plane deformation 20.15%; mixed-phase cyclic C-C stretching 11.79%; ring-site C-H in-plane bending 3.98%
   18      882.90          --                 --  mixed cyclic C-O stretching / cyclic-ring out-of-plane deformation / cyclic-ring torsional/out-of-plane deformation cyclic C-O stretching 44.64%; cyclic-ring out-of-plane deformation 17.79%; cyclic-ring torsional/out-of-plane deformation 16.66%; mixed-phase cyclic C-C stretching 9.69%
   19      887.16          --                 --  mixed mixed-phase cyclic C-O stretching / mixed-phase cyclic C-C stretching / cyclic-ring out-of-plane deformation mixed-phase cyclic C-O stretching 40.55%; mixed-phase cyclic C-C stretching 19.65%; cyclic-ring out-of-plane deformation 15.88%; ring-site C-H out-of-plane bending 10.13%
   20      903.36          --                 --  mixed ring-site C-H out-of-plane bending / mixed-phase cyclic C-C stretching ring-site C-H out-of-plane bending 46.09%; mixed-phase cyclic C-C stretching 16.76%; ring-site C-H in-plane bending 13.59%; mixed-phase cyclic C-O stretching 11.88%
   21      923.48          --                 --  mixed cyclic-ring deformation (C-C-C bend) / mixed-phase cyclic C-C stretching cyclic-ring deformation (C-C-C bend) 39.67%; mixed-phase cyclic C-C stretching 17.53%; ring-site C-H in-plane bending 12.94%; ring-site C-H out-of-plane bending 11.38%
   22      949.07          --                 --  mixed cyclic C-C stretching / cyclic-ring out-of-plane deformation cyclic C-C stretching 50.49%; cyclic-ring out-of-plane deformation 17.59%; ring-site C-H out-of-plane bending 15.78%; ring-site C-H in-plane bending 9.80%
   23      956.16          --                 --  mixed mixed-phase cyclic C-C stretching / ring-site C-H out-of-plane bending / cyclic-ring deformation (C-C-C bend) mixed-phase cyclic C-C stretching 28.94%; ring-site C-H out-of-plane bending 28.19%; cyclic-ring deformation (C-C-C bend) 15.90%; ring-site C-H in-plane bending 11.01%
   24     1033.83          --                 --  mixed ring-site C-H in-plane bending / ring-site C-H out-of-plane bending / mixed-phase cyclic C-C stretching ring-site C-H in-plane bending 36.00%; ring-site C-H out-of-plane bending 22.06%; mixed-phase cyclic C-C stretching 18.64%; cyclic-ring torsional/out-of-plane deformation 8.88%
   25     1066.54          --                 --  mixed cyclic-ring out-of-plane deformation / opposite-phase cyclic C-C stretching cyclic-ring out-of-plane deformation 39.68%; opposite-phase cyclic C-C stretching 18.71%; cyclic C-O stretching 11.41%; cyclic-ring torsional/out-of-plane deformation 8.56%
   26     1077.41          --                 --  mixed ring-site C-H out-of-plane bending / cyclic-ring out-of-plane deformation / ring-site C-H in-plane bending ring-site C-H out-of-plane bending 39.60%; cyclic-ring out-of-plane deformation 23.68%; ring-site C-H in-plane bending 20.88%; mixed-phase cyclic C-C stretching 13.23%
   27     1105.83          --                 --  mixed opposite-phase cyclic C-C stretching / cyclic-ring out-of-plane deformation opposite-phase cyclic C-C stretching 55.86%; cyclic-ring out-of-plane deformation 23.21%; ring-site C-H out-of-plane bending 10.26%; in-phase cyclic C-O stretching 5.54%
   28     1128.88          --                 --  mixed ring-site C-H out-of-plane bending / ring-site C-H in-plane bending / cyclic-ring out-of-plane deformation ring-site C-H out-of-plane bending 33.86%; ring-site C-H in-plane bending 25.65%; cyclic-ring out-of-plane deformation 20.60%; cyclic C-C stretching 12.73%
   29     1148.77          --                 --  mixed cyclic-ring out-of-plane deformation / ring-site C-H in-plane bending cyclic-ring out-of-plane deformation 40.40%; ring-site C-H in-plane bending 20.71%; mixed-phase cyclic C-C stretching 10.62%; ring-site C-H out-of-plane bending 10.57%
   30     1155.16          --                 --  mixed ring-site C-H in-plane bending / mixed-phase cyclic C-C stretching / cyclic-ring out-of-plane deformation ring-site C-H in-plane bending 25.74%; mixed-phase cyclic C-C stretching 21.61%; cyclic-ring out-of-plane deformation 20.92%; ring-site C-H out-of-plane bending 15.13%
   31     1169.15          --                 --  mixed ring-site C-H out-of-plane bending / ring-site C-H in-plane bending ring-site C-H out-of-plane bending 45.38%; ring-site C-H in-plane bending 20.80%; cyclic C-C stretching 10.97%; mixed-phase cyclic C-O stretching 9.17%
   32     1185.44          --                 --  mixed ring-site C-H out-of-plane bending / mixed-phase cyclic C-C stretching ring-site C-H out-of-plane bending 48.10%; mixed-phase cyclic C-C stretching 18.94%; ring-site C-H in-plane bending 11.28%; cyclic-ring out-of-plane deformation 9.36%
   33     1215.74          --                 --  mixed ring-site C-H out-of-plane bending / cyclic-ring out-of-plane deformation ring-site C-H out-of-plane bending 51.01%; cyclic-ring out-of-plane deformation 18.88%; mixed-phase cyclic C-C stretching 15.88%; ring-site C-H in-plane bending 5.77%
   34     1221.92          --                 --  mixed ring-site C-H out-of-plane bending / ring-site C-H in-plane bending ring-site C-H out-of-plane bending 43.59%; ring-site C-H in-plane bending 29.34%; cyclic-ring out-of-plane deformation 13.62%; mixed-phase cyclic C-C stretching 9.14%
   35     1248.23          --                 --  mixed ring-site C-H out-of-plane bending / cyclic-ring out-of-plane deformation / cyclic C-C stretching ring-site C-H out-of-plane bending 36.39%; cyclic-ring out-of-plane deformation 23.04%; cyclic C-C stretching 18.70%; ring-site C-H in-plane bending 10.55%
   36     1282.57          --                 --  mixed ring-site C-H out-of-plane bending / mixed-phase cyclic C-C stretching ring-site C-H out-of-plane bending 66.43%; mixed-phase cyclic C-C stretching 16.28%; cyclic-ring deformation (C-C-C bend) 7.41%; ring-site C-H in-plane bending 3.52%
   37     1286.34          --                 --  mixed ring-site C-H out-of-plane bending / ring-site C-H in-plane bending / mixed-phase cyclic C-C stretching ring-site C-H out-of-plane bending 35.40%; ring-site C-H in-plane bending 30.25%; mixed-phase cyclic C-C stretching 19.63%; cyclic-ring deformation (C-C-C bend) 4.74%
   38     1326.79          --                 --  mixed ring-site C-H out-of-plane bending / ring-site C-H in-plane bending ring-site C-H out-of-plane bending 38.68%; ring-site C-H in-plane bending 27.34%; cyclic C-C stretching 14.75%; cyclic C-O stretching 10.17%
   39     1355.13          --                 --  mixed mixed-phase cyclic C-C stretching / ring-site C-H out-of-plane bending / ring-site C-H in-plane bending mixed-phase cyclic C-C stretching 40.89%; ring-site C-H out-of-plane bending 26.15%; ring-site C-H in-plane bending 17.31%; cyclic-ring out-of-plane deformation 8.61%
   40     1388.18          --                 --  mixed ring-site C-H in-plane bending / mixed-phase cyclic C-C stretching ring-site C-H in-plane bending 63.84%; mixed-phase cyclic C-C stretching 24.41%; ring-site C-H out-of-plane bending 8.74%
   41     1498.80          --                 --  ring-site C-H out-of-plane bending                             ring-site C-H out-of-plane bending 74.34%; ring-site C-H in-plane bending 18.68%; cyclic-ring deformation (C-C-C bend) 3.22%; in-phase cyclic C-C stretching 2.89%
   42     1516.47          --                 --  ring-site C-H out-of-plane bending                             ring-site C-H out-of-plane bending 80.96%; ring-site C-H in-plane bending 13.05%; cyclic C-C stretching 3.60%
   43     3040.77          --                 --  ring-site C-H stretching                                       ring-site C-H stretching 99.50%
   44     3045.30          --                 --  ring-site C-H stretching                                       ring-site C-H stretching 98.45%
   45     3060.12          --                 --  mixed-phase ring-site C-H stretching                           mixed-phase ring-site C-H stretching 99.07%
   46     3098.40          --                 --  mixed-phase ring-site C-H stretching                           mixed-phase ring-site C-H stretching 99.26%
   47     3122.21          --                 --  mixed-phase ring-site C-H stretching                           mixed-phase ring-site C-H stretching 99.38%
   48     3125.89          --                 --  mixed-phase ring-site C-H stretching                           mixed-phase ring-site C-H stretching 98.56%
   49     3128.47          --                 --  mixed-phase ring-site C-H stretching                           mixed-phase ring-site C-H stretching 99.04%
   50     3145.78          --                 --  ring-site C-H stretching                                       ring-site C-H stretching 98.35%

# Selected internal-coordinate set:
#   1  nu(C1-O2)
#   2  nu(C3-C7)
#   3  nu(C4-H12)
#   4  nu(C5-C6)
#   5  nu(O8-C9)
#   6  nu(C7-O8)
#   7  nu(C1-C4)
#   8  nu(C6-C7)
#   9  nu(C3-C9)
#  10  nu(C5-H14)
#  11  nu(C6-C9)
#  12  nu(C1-H11)
#  13  nu(C5-H13)
#  14  nu(C3-C4)
#  15  nu(C1-H10)
#  16  nu(C6-H15)
#  17  nu(O2-C3)
#  18  gamma(H14;C5,C6,H13)
#  19  nu(C7-H16)
#  20  nu(C9-H17)
#  21  tau(H11-C1-C4-H12)
#  22  delta(C1-C4-H12)
#  23  tau(C4-C5-C6-H15)
#  24  delta(O2-C1-H10)
#  25  delta(C3-C7-H16)
#  26  tau(O8-C7-C9-C3)
#  27  tau(H11-C1-O2-C3)
#  28  delta(C6-C5-H13)
#  29  delta(C3-C9-H17)
#  30  tau(H10-C1-O2-C3)
#  31  tau(H12-C4-C5-H14)
#  32  gamma(C6;C9,C3,H17)
#  33  gamma(C6;C7,C3,H16)
#  34  gamma(H15;C6,C7,C9)
#  35  tau(O2-C1-C4-H12)
#  36  delta(C4-C5-H14)
#  37  tau(O2-C3-C7-O8)
#  38  nu(C4-C5)
#  39  gamma(C6;C7,C3,O8)
#  40  delta(O2-C3-C7)
#  41  gamma(C5;C4,C1,C3)
#  42  gamma(C7;C6,C5,C9)
#  43  gamma(C9;C6,C5,C7)
#  44  delta(C4-C5-C6)
#  45  tau(H12-C4-C5-C6)

Wrote: /local/scratch/mv487/qm9s/experiment_1_phase2/ped/37590/37590_summary.csv
Wrote: /local/scratch/mv487/qm9s/experiment_1_phase2/ped/37590/37590_families.csv
Wrote: /local/scratch/mv487/qm9s/experiment_1_phase2/ped/37590/37590_ped.csv
Wrote: /local/scratch/mv487/qm9s/experiment_1_phase2/ped/37590/37590_ir_transitions.csv

# All generated files are in: /local/scratch/mv487/qm9s/experiment_1_phase2/ped/37590
# Manifest: /local/scratch/mv487/qm9s/experiment_1_phase2/ped/37590/37590_manifest.txt

--- stderr ---
Normal modes/frequencies absent or incomplete: diagonalizing Hessian.
