# Contact: romi@lens.unifi.it
# Manual: https://github.com/SebRoLENS/orca-ped-analyzer/blob/main/docs/ORCA_PED_Analyzer_Manual.md
# Check GitHub for updates and new releases: https://github.com/SebRoLENS/orca-ped-analyzer
#
# Molecule: 22 atoms | non-linear
# Bonds inferred: 23 | candidate ICs: 225 | selected ICs: 60
# Cartesian-Hessian reconstruction relative error: 3.131e-05
# Energy distribution: PED (PED is the backward-compatible default; TED includes kinetic-energy terms)
# Ring/cycle bonds detected: 6 | ring atoms: 6 | ring systems: 2
# VPT2: no matching .out file supplied/found -> harmonic/PED analysis only
#
 Mode   Harm/cm-1   VPT2/cm-1  Harm.Int/km mol-1  Assignment                                                     Grouped PED
------------------------------------------------------------------------------------------------------------------------------------------------------------------------------------------------
    6       71.58          --                 --  mixed C-C torsion / inter-ring C-N torsion                     C-C torsion 52.94%; inter-ring C-N torsion 21.78%; C-O torsion 20.40%
    7      139.62          --                 --  mixed C-C torsion / cyclic-ring torsional/out-of-plane deformation C-C torsion 57.06%; cyclic-ring torsional/out-of-plane deformation 26.94%; ring-site C-H out-of-plane bending 5.26%; C-N out-of-plane bending 3.68%
    8      149.31          --                 --  C-C torsion                                                    C-C torsion 78.95%; cyclic-ring torsional/out-of-plane deformation 6.06%; C-O torsion 5.44%; C-N out-of-plane bending 5.37%
    9      155.35          --                 --  C-C torsion                                                    C-C torsion 98.91%
   10      207.76          --                 --  C-C torsion                                                    C-C torsion 89.64%; cyclic-ring torsional/out-of-plane deformation 9.13%
   11      231.06          --                 --  mixed C-C-C bending / C-N out-of-plane bending                 C-C-C bending 28.80%; C-N out-of-plane bending 17.73%; cyclic-ring torsional/out-of-plane deformation 13.10%; C-C-O bending 12.12%
   12      254.62          --                 --  mixed C-C torsion / cyclic-ring torsional/out-of-plane deformation C-C torsion 69.21%; cyclic-ring torsional/out-of-plane deformation 19.80%; C-O torsion 4.97%
   13      323.63          --                 --  mixed C-C-C bending / cyclic-ring torsional/out-of-plane deformation / C-C torsion C-C-C bending 34.99%; cyclic-ring torsional/out-of-plane deformation 24.52%; C-C torsion 15.62%; C-N out-of-plane bending 7.63%
   14      351.80          --                 --  mixed cyclic-ring torsional/out-of-plane deformation / C-C-C bending / C-C torsion cyclic-ring torsional/out-of-plane deformation 27.30%; C-C-C bending 27.26%; C-C torsion 20.21%; cyclic-ring torsional/out-of-plane deformation 8.92%
   15      370.39          --                 --  mixed C-N out-of-plane bending / cyclic-ring torsional/out-of-plane deformation C-N out-of-plane bending 34.06%; cyclic-ring torsional/out-of-plane deformation 26.19%; C-C torsion 12.86%; ring-site C-H out-of-plane bending 10.39%
   16      472.02          --                 --  C-O torsion                                                    C-O torsion 89.50%; C-C torsion 3.57%
   17      506.16          --                 --  C-O torsion                                                    C-O torsion 74.79%; C-C torsion 7.33%; C-C-C bending 4.80%; cyclic C-C stretching 2.12%
   18      523.98          --                 --  mixed C-C torsion / C-C-C bending                              C-C torsion 28.80%; C-C-C bending 21.01%; C-C-O bending 13.74%; C-H bending 11.27%
   19      615.36          --                 --  mixed cyclic-ring torsional/out-of-plane deformation / C-O torsion cyclic-ring torsional/out-of-plane deformation 20.12%; C-O torsion 16.22%; C-C torsion 14.46%; cyclic-ring torsional/out-of-plane deformation 10.54%
   20      719.84          --                 --  mixed mixed-phase cyclic C-C stretching / exocyclic C-C stretching mixed-phase cyclic C-C stretching 27.36%; exocyclic C-C stretching 23.28%; ring-site C-H out-of-plane bending 10.59%; C-O torsion 8.00%
   21      786.81          --                 --  mixed ring-site C-H in-plane bending / ring-site C-H out-of-plane bending ring-site C-H in-plane bending 40.35%; ring-site C-H out-of-plane bending 21.82%; C-N out-of-plane bending 11.52%; cyclic-ring out-of-plane deformation 5.41%
   22      823.82          --                 --  mixed mixed-phase cyclic C-C stretching / C-C torsion          mixed-phase cyclic C-C stretching 34.83%; C-C torsion 15.56%; cyclic-ring torsional/out-of-plane deformation 8.06%; ring-site C-H in-plane bending 7.27%
   23      856.27          --                 --  mixed C-N out-of-plane bending / ring-site C-H in-plane bending C-N out-of-plane bending 23.74%; ring-site C-H in-plane bending 23.04%; mixed-phase cyclic C-C stretching 14.32%; cyclic-ring torsional/out-of-plane deformation 7.34%
   24      882.17          --                 --  mixed cyclic-ring out-of-plane deformation / ring-site C-H out-of-plane bending / cyclic C-N stretching cyclic-ring out-of-plane deformation 40.65%; ring-site C-H out-of-plane bending 23.86%; cyclic C-N stretching 16.61%; cyclic-ring torsional/out-of-plane deformation 8.29%
   25      905.48          --                 --  mixed mixed-phase cyclic C-C stretching / cyclic C-N stretching mixed-phase cyclic C-C stretching 31.02%; cyclic C-N stretching 21.90%; ring-site C-H out-of-plane bending 10.23%; exocyclic C-C stretching 7.92%
   26      974.91          --                 --  mixed C-H bending / C-C torsion                                C-H bending 69.31%; C-C torsion 22.43%; opposite-phase exocyclic C-C stretching 6.88%
   27      993.29          --                 --  mixed C-H bending / ring-site C-H out-of-plane bending         C-H bending 24.17%; ring-site C-H out-of-plane bending 20.40%; C-C out-of-plane bending 12.07%; mixed-phase cyclic C-C stretching 11.50%
   28     1010.11          --                 --  mixed ring-site C-H out-of-plane bending / C-H bending         ring-site C-H out-of-plane bending 25.10%; C-H bending 18.66%; cyclic-ring out-of-plane deformation 12.94%; C-C out-of-plane bending 11.75%
   29     1026.52          --                 --  mixed C-H bending / C-C torsion                                C-H bending 58.88%; C-C torsion 14.04%; ring-site C-H out-of-plane bending 7.03%; exocyclic C-O stretching 4.51%
   30     1049.11          --                 --  ring-site C-H out-of-plane bending                             ring-site C-H out-of-plane bending 73.90%; cyclic-ring out-of-plane deformation 13.29%; C-H bending 4.78%; C-O torsion 2.19%
   31     1078.23          --                 --  mixed C-H bending / ring-site C-H out-of-plane bending         C-H bending 24.57%; ring-site C-H out-of-plane bending 12.25%; mixed-phase cyclic C-C stretching 10.43%; inter-ring C-N stretching 9.99%
   32     1110.38          --                 --  mixed C-C out-of-plane bending / C-O torsion                   C-C out-of-plane bending 30.07%; C-O torsion 20.09%; ring-site C-H out-of-plane bending 13.76%; cyclic-ring out-of-plane deformation 11.85%
   33     1117.97          --                 --  mixed ring-site C-H out-of-plane bending / cyclic-ring out-of-plane deformation ring-site C-H out-of-plane bending 54.27%; cyclic-ring out-of-plane deformation 29.91%; ring-site C-H in-plane bending 7.74%; cyclic C-N stretching 2.57%
   34     1126.25          --                 --  mixed ring-site C-H out-of-plane bending / cyclic-ring out-of-plane deformation ring-site C-H out-of-plane bending 56.41%; cyclic-ring out-of-plane deformation 25.42%; ring-site C-H in-plane bending 17.07%
   35     1155.12          --                 --  mixed C-H bending / C-C torsion                                C-H bending 40.49%; C-C torsion 28.81%; cyclic C-C stretching 9.32%; exocyclic C-O stretching 5.47%
   36     1171.23          --                 --  mixed C-H bending / exocyclic C-O stretching                   C-H bending 35.73%; exocyclic C-O stretching 18.10%; mixed-phase cyclic C-C stretching 10.25%; ring-site C-H in-plane bending 6.82%
   37     1181.44          --                 --  mixed ring-site C-H in-plane bending / ring-site C-H out-of-plane bending ring-site C-H in-plane bending 59.15%; ring-site C-H out-of-plane bending 19.13%; cyclic-ring torsional/out-of-plane deformation 4.50%; C-H bending 4.22%
   38     1189.41          --                 --  mixed cyclic-ring out-of-plane deformation / cyclic C-C stretching cyclic-ring out-of-plane deformation 35.49%; cyclic C-C stretching 12.54%; C-H bending 9.00%; inter-ring C-N stretching 7.19%
   39     1246.79          --                 --  mixed C-H bending / mixed-phase exocyclic C-C stretching       C-H bending 28.84%; mixed-phase exocyclic C-C stretching 17.70%; C-C-C bending 8.68%; C-C torsion 8.34%
   40     1306.32          --                 --  mixed cyclic C-N stretching / cyclic C-C stretching            cyclic C-N stretching 14.92%; cyclic C-C stretching 14.50%; inter-ring C-N stretching 14.19%; ring-site C-H in-plane bending 13.62%
   41     1324.63          --                 --  mixed C-H bending / mixed-phase exocyclic C-C stretching       C-H bending 30.99%; mixed-phase exocyclic C-C stretching 17.42%; O-H bending 9.17%; cyclic-ring torsional/out-of-plane deformation 8.63%
   42     1335.30          --                 --  mixed C-H bending / mixed-phase cyclic C-C stretching          C-H bending 17.21%; mixed-phase cyclic C-C stretching 13.44%; ring-site C-H in-plane bending 13.03%; O-H bending 12.07%
   43     1384.03          --                 --  mixed C-H bending / ring-site C-H in-plane bending             C-H bending 27.68%; ring-site C-H in-plane bending 26.35%; O-H bending 14.50%; cyclic C-C stretching 12.83%
   44     1413.44          --                 --  mixed C-H bending / C-H out-of-plane bending                   C-H bending 52.55%; C-H out-of-plane bending 42.77%; opposite-phase exocyclic C-C stretching 3.85%
   45     1428.01          --                 --  mixed C-H bending / C-H out-of-plane bending                   C-H bending 72.63%; C-H out-of-plane bending 20.18%; exocyclic C-C stretching 2.34%; O-H bending 2.28%
   46     1458.12          --                 --  mixed C-H bending / in-phase cyclic C-C stretching             C-H bending 35.92%; in-phase cyclic C-C stretching 17.38%; C-C torsion 12.67%; O-H bending 8.97%
   47     1486.27          --                 --  mixed C-C torsion / C-H bending                                C-C torsion 72.09%; C-H bending 26.33%
   48     1495.36          --                 --  C-H bending                                                    C-H bending 71.60%; C-C torsion 19.80%; C-H out-of-plane bending 6.37%
   49     1495.86          --                 --  mixed ring-site C-H in-plane bending / ring-site C-H out-of-plane bending / C-H bending ring-site C-H in-plane bending 33.80%; ring-site C-H out-of-plane bending 27.60%; C-H bending 22.35%; cyclic-ring out-of-plane deformation 6.84%
   50     1505.87          --                 --  mixed C-C torsion / C-H bending                                C-C torsion 71.24%; C-H bending 26.35%
   51     1514.33          --                 --  C-H bending                                                    C-H bending 72.01%; C-C torsion 19.25%; C-H out-of-plane bending 5.02%; cyclic C-C stretching 2.02%
   52     1524.01          --                 --  mixed ring-site C-H out-of-plane bending / ring-site C-H in-plane bending ring-site C-H out-of-plane bending 44.35%; ring-site C-H in-plane bending 29.54%; cyclic C-C stretching 9.68%; cyclic-ring out-of-plane deformation 9.02%
   53     3013.70          --                 --  C-H stretching                                                 C-H stretching 99.37%
   54     3026.93          --                 --  C-H stretching                                                 C-H stretching 99.31%
   55     3054.13          --                 --  ring-site C-H stretching                                       ring-site C-H stretching 97.02%
   56     3069.37          --                 --  opposite-phase C-H stretching                                  opposite-phase C-H stretching 99.05%
   57     3075.41          --                 --  opposite-phase C-H stretching                                  opposite-phase C-H stretching 99.12%
   58     3083.70          --                 --  mixed-phase C-H stretching                                     mixed-phase C-H stretching 97.86%
   59     3098.81          --                 --  mixed-phase ring-site C-H stretching                           mixed-phase ring-site C-H stretching 99.74%
   60     3102.27          --                 --  ring-site C-H stretching                                       ring-site C-H stretching 99.00%
   61     3133.25          --                 --  mixed-phase C-H stretching                                     mixed-phase C-H stretching 98.63%
   62     3146.42          --                 --  ring-site C-H stretching                                       ring-site C-H stretching 98.62%
   63     3180.37          --                 --  mixed-phase ring-site C-H stretching                           mixed-phase ring-site C-H stretching 98.97%
   64     3193.51          --                 --  mixed-phase ring-site C-H stretching                           mixed-phase ring-site C-H stretching 99.56%
   65     3691.19          --                 --  O-H stretching                                                 O-H stretching 99.89%

# Selected internal-coordinate set:
#   1  nu(C1-H10)
#   2  nu(C2-C3)
#   3  nu(O5-H17)
#   4  nu(C6-N7)
#   5  nu(C8-C9)
#   6  nu(C4-H16)
#   7  nu(C1-H11)
#   8  nu(C3-H13)
#   9  nu(C6-H18)
#  10  nu(C4-O5)
#  11  nu(C8-H20)
#  12  nu(C1-H12)
#  13  nu(C9-H21)
#  14  nu(C3-H15)
#  15  tau(H20-C8-C9-H21)
#  16  tau(H16-C4-O5-H17)
#  17  gamma(C2;C6,N7,H18)
#  18  nu(C3-H14)
#  19  tau(H20-C8-C9-H22)
#  20  nu(C9-H22)
#  21  tau(C2-C4-O5-H17)
#  22  nu(C1-C2)
#  23  nu(C8-H19)
#  24  delta(N7-C6-H18)
#  25  tau(C1-C2-C3-H14)
#  26  delta(O5-C4-H16)
#  27  delta(H11-C1-H12)
#  28  tau(H10-C1-C2-C3)
#  29  delta(H13-C3-H15)
#  30  tau(H19-C8-C9-H21)
#  31  delta(C4-O5-H17)
#  32  nu(N7-C8)
#  33  tau(C4-C6-N7-C8)
#  34  delta(C2-C1-H11)
#  35  delta(C2-C1-H12)
#  36  gamma(H14;C3,H13,H15)
#  37  delta(C9-C8-H19)
#  38  delta(C8-C9-H21)
#  39  delta(C2-C1-H10)
#  40  tau(C6-N7-C9-H22)
#  41  delta(C9-C8-H20)
#  42  delta(C2-C3-H14)
#  43  gamma(N7;C6,C2,C4)
#  44  nu(C2-C4)
#  45  tau(H12-C1-C2-C4)
#  46  delta(C2-C3-H13)
#  47  delta(C2-C4-O5)
#  48  tau(C6-C2-C3-H13)
#  49  gamma(C6;N7,C8,C9)
#  50  tau(H11-C1-C2-C3)
#  51  nu(C4-C6)
#  52  gamma(N7;C8,C9,H20)
#  53  gamma(N7;C8,C9,H19)
#  54  delta(C1-C2-C3)
#  55  tau(C3-C2-C4-O5)
#  56  tau(C6-N7-C8-C9)
#  57  delta(C1-C2-C4)
#  58  nu(C2-C6)
#  59  tau(C3-C2-C6-N7)
#  60  tau(C3-C2-C4-C6)

Wrote: /local/scratch/mv487/qm9s/experiment_1_phase2/ped/70817/70817_summary.csv
Wrote: /local/scratch/mv487/qm9s/experiment_1_phase2/ped/70817/70817_families.csv
Wrote: /local/scratch/mv487/qm9s/experiment_1_phase2/ped/70817/70817_ped.csv
Wrote: /local/scratch/mv487/qm9s/experiment_1_phase2/ped/70817/70817_ir_transitions.csv

# All generated files are in: /local/scratch/mv487/qm9s/experiment_1_phase2/ped/70817
# Manifest: /local/scratch/mv487/qm9s/experiment_1_phase2/ped/70817/70817_manifest.txt

--- stderr ---
Normal modes/frequencies absent or incomplete: diagonalizing Hessian.
