# Contact: romi@lens.unifi.it
# Manual: https://github.com/SebRoLENS/orca-ped-analyzer/blob/main/docs/ORCA_PED_Analyzer_Manual.md
# Check GitHub for updates and new releases: https://github.com/SebRoLENS/orca-ped-analyzer
#
# Molecule: 12 atoms | non-linear
# Bonds inferred: 12 | candidate ICs: 64 | selected ICs: 30
# Cartesian-Hessian reconstruction relative error: 2.917e-05
# Energy distribution: PED (PED is the backward-compatible default; TED includes kinetic-energy terms)
# Ring/cycle bonds detected: 5 | ring atoms: 5 | ring systems: 1
# VPT2: no matching .out file supplied/found -> harmonic/PED analysis only
#
 Mode   Harm/cm-1   VPT2/cm-1  Harm.Int/km mol-1  Assignment                                                     Grouped PED
------------------------------------------------------------------------------------------------------------------------------------------------------------------------------------------------
    6       97.57          --                 --  C-C torsion                                                    C-C torsion 93.17%; cyclic-ring torsional/out-of-plane deformation 6.15%
    7      137.54          --                 --  C-C torsion                                                    C-C torsion 96.06%; cyclic-ring torsional/out-of-plane deformation 3.60%
    8      156.54          --                 --  mixed C-C-O bending / C-C-C bending                            C-C-O bending 47.34%; C-C-C bending 35.55%; O-C-C bending 11.34%
    9      216.74          --                 --  mixed C-C torsion / cyclic-ring torsional/out-of-plane deformation C-C torsion 60.36%; cyclic-ring torsional/out-of-plane deformation 38.58%
   10      241.03          --                 --  mixed C-C-O bending / C-C-C bending / O-C-C bending            C-C-O bending 47.84%; C-C-C bending 28.06%; O-C-C bending 19.54%
   11      310.50          --                 --  mixed C-C torsion / cyclic-ring torsional/out-of-plane deformation C-C torsion 66.49%; cyclic-ring torsional/out-of-plane deformation 31.00%
   12      417.06          --                 --  mixed in-phase exocyclic C-C stretching / C-C-O bending / O-C-C bending in-phase exocyclic C-C stretching 25.45%; C-C-O bending 24.67%; O-C-C bending 22.42%; cyclic C-C stretching 16.45%
   13      543.65          --                 --  mixed cyclic-ring deformation (C-C-O bend) / opposite-phase exocyclic C-C stretching / C-C-C bending cyclic-ring deformation (C-C-O bend) 39.70%; opposite-phase exocyclic C-C stretching 38.08%; C-C-C bending 17.49%
   14      646.91          --                 --  mixed ring-site C-H out-of-plane bending / C-C torsion         ring-site C-H out-of-plane bending 61.85%; C-C torsion 33.13%; cyclic-ring torsional/out-of-plane deformation 4.86%
   15      678.55          --                 --  C-C torsion                                                    C-C torsion 84.92%; cyclic-ring torsional/out-of-plane deformation 7.87%; ring-site C-H out-of-plane bending 4.05%; C-O out-of-plane bending 3.17%
   16      765.88          --                 --  mixed C-C-O bending / O-C-C bending                            C-C-O bending 31.51%; O-C-C bending 29.02%; cyclic-ring deformation (C-C-O bend) 12.48%; cyclic C-O stretching 10.28%
   17      819.64          --                 --  mixed in-phase exocyclic C-C stretching / C-C-O bending / cyclic C-N stretching in-phase exocyclic C-C stretching 29.91%; C-C-O bending 20.96%; cyclic C-N stretching 17.50%; cyclic C-O stretching 15.35%
   18      879.08          --                 --  ring-site C-H out-of-plane bending                             ring-site C-H out-of-plane bending 99.82%
   19      953.84          --                 --  mixed cyclic-ring deformation (N-C-O bend) / cyclic C-O stretching cyclic-ring deformation (N-C-O bend) 63.44%; cyclic C-O stretching 12.54%; cyclic-ring deformation (C-C-O bend) 10.25%; cyclic C-N stretching 3.61%
   20      990.32          --                 --  C-C torsion                                                    C-C torsion 92.70%; C-O out-of-plane bending 6.66%
   21      998.51          --                 --  mixed C-O out-of-plane bending / C-C torsion                   C-O out-of-plane bending 74.73%; C-C torsion 22.47%; cyclic-ring torsional/out-of-plane deformation 2.78%
   22     1060.50          --                 --  mixed mixed-phase cyclic C-O stretching / cyclic C-N stretching mixed-phase cyclic C-O stretching 51.41%; cyclic C-N stretching 17.57%; ring-site C-H in-plane bending 5.96%; cyclic-ring deformation (N-C-O bend) 5.91%
   23     1114.81          --                 --  mixed cyclic C-O stretching / cyclic-ring deformation (N-C-O bend) cyclic C-O stretching 50.44%; cyclic-ring deformation (N-C-O bend) 20.87%; cyclic-ring deformation (C-C-O bend) 15.28%; ring-site C-H in-plane bending 4.63%
   24     1271.95          --                 --  mixed cyclic C-O stretching / cyclic C-N stretching / exocyclic C-C stretching cyclic C-O stretching 25.86%; cyclic C-N stretching 25.68%; exocyclic C-C stretching 16.39%; ring-site C-H in-plane bending 8.24%
   25     1305.91          --                 --  mixed ring-site C-H in-plane bending / exocyclic C-C stretching ring-site C-H in-plane bending 43.79%; exocyclic C-C stretching 13.90%; cyclic C-N stretching 12.21%; cyclic-ring deformation (C-C-O bend) 12.10%
   26     1366.18          --                 --  mixed mixed-phase cyclic C-N stretching / cyclic-ring deformation (C-C-O bend) / opposite-phase exocyclic C-C stretching mixed-phase cyclic C-N stretching 29.06%; cyclic-ring deformation (C-C-O bend) 22.09%; opposite-phase exocyclic C-C stretching 16.41%; cyclic C-O stretching 11.61%
   27     1413.90          --                 --  C-H bending                                                    C-H bending 81.84%; cyclic C-C stretching 10.82%; exocyclic C-C stretching 2.07%
   28     1428.59          --                 --  C-H bending                                                    C-H bending 87.10%; opposite-phase exocyclic C-C stretching 4.02%; C-O stretching 2.82%
   29     1541.81          --                 --  mixed cyclic C-N stretching / ring-site C-H in-plane bending   cyclic C-N stretching 59.66%; ring-site C-H in-plane bending 17.70%; in-phase cyclic C-O stretching 5.84%; cyclic C-C stretching 5.71%
   30     1583.18          --                 --  mixed cyclic C-C stretching / in-phase exocyclic C-C stretching cyclic C-C stretching 55.32%; in-phase exocyclic C-C stretching 13.60%; cyclic C-N stretching 8.92%; cyclic-ring deformation (C-C-O bend) 7.34%
   31     1765.48          --                 --  C-O stretching                                                 C-O stretching 85.45%; C-H bending 6.19%; exocyclic C-C stretching 5.18%
   32     1786.35          --                 --  C-O stretching                                                 C-O stretching 86.35%; C-H bending 5.77%; exocyclic C-C stretching 4.93%
   33     2913.47          --                 --  mixed-phase C-H stretching                                     mixed-phase C-H stretching 98.96%
   34     2944.22          --                 --  C-H stretching                                                 C-H stretching 98.93%
   35     3272.76          --                 --  ring-site C-H stretching                                       ring-site C-H stretching 98.26%

# Selected internal-coordinate set:
#   1  nu(C2-C3)
#   2  nu(C4-C5)
#   3  nu(C8-O9)
#   4  nu(C2-H10)
#   5  nu(C5-H11)
#   6  nu(N7-C8)
#   7  gamma(H12;C8,N7,O9)
#   8  tau(H10-C2-C3-C4)
#   9  nu(C3-O9)
#  10  gamma(O6;C5,C4,H11)
#  11  nu(C4-N7)
#  12  tau(H10-C2-C3-O9)
#  13  nu(C8-H12)
#  14  nu(O1-C2)
#  15  nu(C5-O6)
#  16  tau(N7-C4-C5-H11)
#  17  delta(O1-C2-H10)
#  18  delta(O6-C5-H11)
#  19  delta(O9-C8-H12)
#  20  tau(O1-C2-C3-C4)
#  21  nu(C3-C4)
#  22  delta(C3-C4-C5)
#  23  delta(N7-C8-O9)
#  24  delta(O1-C2-C3)
#  25  tau(C3-C4-C5-O6)
#  26  delta(C4-C5-O6)
#  27  tau(H12-C8-O9-C3)
#  28  delta(C2-C3-O9)
#  29  tau(O9-C3-C4-C5)
#  30  delta(C4-C3-O9)

Wrote: /local/scratch/mv487/qm9s/experiment_1_phase2/ped/23177/23177_summary.csv
Wrote: /local/scratch/mv487/qm9s/experiment_1_phase2/ped/23177/23177_families.csv
Wrote: /local/scratch/mv487/qm9s/experiment_1_phase2/ped/23177/23177_ped.csv
Wrote: /local/scratch/mv487/qm9s/experiment_1_phase2/ped/23177/23177_ir_transitions.csv

# All generated files are in: /local/scratch/mv487/qm9s/experiment_1_phase2/ped/23177
# Manifest: /local/scratch/mv487/qm9s/experiment_1_phase2/ped/23177/23177_manifest.txt

--- stderr ---
Normal modes/frequencies absent or incomplete: diagonalizing Hessian.
