# Contact: romi@lens.unifi.it
# Manual: https://github.com/SebRoLENS/orca-ped-analyzer/blob/main/docs/ORCA_PED_Analyzer_Manual.md
# Check GitHub for updates and new releases: https://github.com/SebRoLENS/orca-ped-analyzer
#
# Molecule: 18 atoms | non-linear
# Bonds inferred: 18 | candidate ICs: 146 | selected ICs: 48
# Cartesian-Hessian reconstruction relative error: 1.880e-05
# Energy distribution: PED (PED is the backward-compatible default; TED includes kinetic-energy terms)
# Ring/cycle bonds detected: 4 | ring atoms: 4 | ring systems: 1
# VPT2: no matching .out file supplied/found -> harmonic/PED analysis only
#
 Mode   Harm/cm-1   VPT2/cm-1  Harm.Int/km mol-1  Assignment                                                     Grouped PED
------------------------------------------------------------------------------------------------------------------------------------------------------------------------------------------------
    6       38.97          --                 --  mixed ring-site C-H out-of-plane bending / cyclic-ring torsional/out-of-plane deformation / cyclic-ring torsional/out-of-plane deformation ring-site C-H out-of-plane bending 31.93%; cyclic-ring torsional/out-of-plane deformation 22.85%; cyclic-ring torsional/out-of-plane deformation 18.45%; C-N out-of-plane bending 9.58%
    7       52.15          --                 --  mixed ring-site C-H out-of-plane bending / cyclic-ring torsional/out-of-plane deformation / C-N out-of-plane bending ring-site C-H out-of-plane bending 28.25%; cyclic-ring torsional/out-of-plane deformation 19.84%; C-N out-of-plane bending 16.44%; cyclic-ring torsional/out-of-plane deformation 15.63%
    8       58.02          --                 --  mixed C-N out-of-plane bending / C-N torsion                   C-N out-of-plane bending 37.41%; C-N torsion 30.78%; ring-site C-H out-of-plane bending 10.77%; cyclic-ring torsional/out-of-plane deformation 7.87%
    9      113.19          --                 --  mixed ring-site C-H out-of-plane bending / C-N out-of-plane bending / C-O torsion ring-site C-H out-of-plane bending 21.70%; C-N out-of-plane bending 18.77%; C-O torsion 18.33%; cyclic-ring torsional/out-of-plane deformation 14.15%
   10      137.88          --                 --  mixed C-O torsion / cyclic-ring torsional/out-of-plane deformation C-O torsion 23.28%; cyclic-ring torsional/out-of-plane deformation 15.71%; cyclic-ring torsional/out-of-plane deformation 9.98%; ring-site C-H out-of-plane bending 9.03%
   11      219.02          --                 --  C-C torsion                                                    C-C torsion 93.68%
   12      249.41          --                 --  C-C torsion                                                    C-C torsion 83.98%; C-C-C bending 4.63%; C-O-C bending 3.22%
   13      376.05          --                 --  mixed C-C-O bending / O-C-N bending                            C-C-O bending 19.97%; O-C-N bending 17.12%; ring-site C-H out-of-plane bending 14.49%; C-O torsion 13.71%
   14      394.34          --                 --  mixed ring-site C-H out-of-plane bending / cyclic-ring torsional/out-of-plane deformation / cyclic-ring torsional/out-of-plane deformation ring-site C-H out-of-plane bending 32.69%; cyclic-ring torsional/out-of-plane deformation 26.54%; cyclic-ring torsional/out-of-plane deformation 15.18%; C-C torsion 7.99%
   15      453.27          --                 --  mixed C-C-O bending / C-O torsion                              C-C-O bending 23.56%; C-O torsion 12.22%; C-C-C bending 10.16%; ring-site C-H out-of-plane bending 10.04%
   16      529.01          --                 --  C-N torsion                                                    C-N torsion 92.89%
   17      549.17          --                 --  mixed O-C-N bending / ring-site C-H out-of-plane bending / cyclic-ring torsional/out-of-plane deformation O-C-N bending 22.60%; ring-site C-H out-of-plane bending 22.14%; cyclic-ring torsional/out-of-plane deformation 15.13%; C-C-C bending 11.69%
   18      647.69          --                 --  mixed O-C-O bending / ring-site C-H out-of-plane bending       O-C-O bending 47.14%; ring-site C-H out-of-plane bending 16.23%; C-N stretching 7.14%; exocyclic C-O stretching 4.64%
   19      760.99          --                 --  mixed cyclic-ring deformation (C-O-C bend) / ring-site C-H out-of-plane bending / C-H bending cyclic-ring deformation (C-O-C bend) 26.15%; ring-site C-H out-of-plane bending 20.39%; C-H bending 15.50%; C-C torsion 8.97%
   20      774.92          --                 --  C-O torsion                                                    C-O torsion 92.02%; C-N torsion 2.12%
   21      853.14          --                 --  mixed ring-site C-H out-of-plane bending / exocyclic C-O stretching ring-site C-H out-of-plane bending 21.05%; exocyclic C-O stretching 11.60%; cyclic C-C stretching 11.58%; C-O-C bending 10.79%
   22      873.67          --                 --  mixed cyclic-ring deformation (C-O-C bend) / cyclic C-O stretching cyclic-ring deformation (C-O-C bend) 42.40%; cyclic C-O stretching 36.07%; C-H bending 6.89%; cyclic C-C stretching 5.02%
   23      908.98          --                 --  mixed mixed-phase cyclic C-C stretching / ring-site C-H out-of-plane bending mixed-phase cyclic C-C stretching 29.09%; ring-site C-H out-of-plane bending 26.27%; C-O stretching 7.49%; cyclic C-O stretching 6.97%
   24      956.53          --                 --  mixed C-H bending / ring-site C-H out-of-plane bending         C-H bending 28.67%; ring-site C-H out-of-plane bending 25.65%; C-O stretching 14.70%; ring-site C-H in-plane bending 8.56%
   25      998.50          --                 --  mixed-phase cyclic C-O stretching                              mixed-phase cyclic C-O stretching 82.14%; cyclic-ring deformation (C-O-C bend) 3.79%; opposite-phase cyclic C-C stretching 3.36%; ring-site C-H out-of-plane bending 2.54%
   26     1042.64          --                 --  mixed C-H bending / C-O stretching                             C-H bending 35.46%; C-O stretching 10.17%; ring-site C-H in-plane bending 9.54%; ring-site C-H out-of-plane bending 7.36%
   27     1067.73          --                 --  mixed ring-site C-H out-of-plane bending / mixed-phase cyclic C-O stretching / cyclic C-C stretching ring-site C-H out-of-plane bending 17.79%; mixed-phase cyclic C-O stretching 15.47%; cyclic C-C stretching 15.25%; exocyclic C-C stretching 10.78%
   28     1096.26          --                 --  mixed cyclic C-O stretching / C-H bending / cyclic C-C stretching cyclic C-O stretching 21.49%; C-H bending 20.78%; cyclic C-C stretching 15.71%; C-C torsion 10.14%
   29     1104.02          --                 --  mixed N-H bending / C-N stretching                             N-H bending 42.48%; C-N stretching 16.70%; C-O stretching 11.33%; ring-site C-H out-of-plane bending 7.59%
   30     1149.96          --                 --  mixed ring-site C-H in-plane bending / ring-site C-H out-of-plane bending ring-site C-H in-plane bending 24.95%; ring-site C-H out-of-plane bending 20.94%; exocyclic C-O stretching 14.68%; C-H bending 11.53%
   31     1164.56          --                 --  mixed C-H bending / exocyclic C-C stretching                   C-H bending 29.43%; exocyclic C-C stretching 28.99%; cyclic C-C stretching 13.37%; ring-site C-H in-plane bending 6.69%
   32     1183.60          --                 --  mixed ring-site C-H out-of-plane bending / ring-site C-H in-plane bending / exocyclic C-O stretching ring-site C-H out-of-plane bending 26.58%; ring-site C-H in-plane bending 24.79%; exocyclic C-O stretching 20.26%; C-H bending 7.55%
   33     1265.89          --                 --  mixed ring-site C-H out-of-plane bending / ring-site C-H in-plane bending ring-site C-H out-of-plane bending 61.57%; ring-site C-H in-plane bending 20.14%; mixed-phase cyclic C-C stretching 11.21%; C-H bending 2.06%
   34     1306.14          --                 --  ring-site C-H in-plane bending                                 ring-site C-H in-plane bending 75.44%; ring-site C-H out-of-plane bending 12.37%; C-C torsion 4.17%; cyclic C-C stretching 2.90%
   35     1338.67          --                 --  mixed ring-site C-H out-of-plane bending / ring-site C-H in-plane bending / C-N stretching ring-site C-H out-of-plane bending 25.76%; ring-site C-H in-plane bending 18.76%; C-N stretching 16.81%; C-O stretching 13.19%
   36     1363.78          --                 --  mixed ring-site C-H in-plane bending / ring-site C-H out-of-plane bending ring-site C-H in-plane bending 31.60%; ring-site C-H out-of-plane bending 23.30%; C-N stretching 8.80%; C-O stretching 6.49%
   37     1390.34          --                 --  mixed ring-site C-H in-plane bending / C-H out-of-plane bending ring-site C-H in-plane bending 39.10%; C-H out-of-plane bending 30.27%; C-H bending 11.59%; cyclic C-C stretching 4.31%
   38     1411.48          --                 --  mixed C-H out-of-plane bending / C-H bending                   C-H out-of-plane bending 42.29%; C-H bending 36.86%; ring-site C-H in-plane bending 5.82%; ring-site C-H out-of-plane bending 5.20%
   39     1424.74          --                 --  mixed ring-site C-H out-of-plane bending / C-H out-of-plane bending ring-site C-H out-of-plane bending 32.55%; C-H out-of-plane bending 23.54%; C-H bending 14.25%; ring-site C-H in-plane bending 12.06%
   40     1488.36          --                 --  mixed C-H bending / C-H out-of-plane bending                   C-H bending 57.72%; C-H out-of-plane bending 30.11%; C-C torsion 9.00%
   41     1495.29          --                 --  mixed C-C torsion / C-H bending                                C-C torsion 60.01%; C-H bending 24.20%; C-H out-of-plane bending 10.08%; ring-site C-H in-plane bending 2.24%
   42     1516.21          --                 --  ring-site C-H out-of-plane bending                             ring-site C-H out-of-plane bending 77.20%; ring-site C-H in-plane bending 15.01%; cyclic C-C stretching 2.66%; cyclic-ring deformation (C-O-C bend) 2.10%
   43     1615.29          --                 --  N-H bending                                                    N-H bending 92.68%; C-N stretching 3.47%; C-O stretching 3.13%
   44     1800.78          --                 --  mixed C-O stretching / C-N stretching                          C-O stretching 67.45%; C-N stretching 11.92%; O-C-N bending 8.64%; N-H bending 6.50%
   45     3021.34          --                 --  ring-site C-H stretching                                       ring-site C-H stretching 96.05%; in-phase C-H stretching 2.85%
   46     3039.21          --                 --  C-H stretching                                                 C-H stretching 90.82%; in-phase ring-site C-H stretching 8.71%
   47     3043.60          --                 --  in-phase ring-site C-H stretching                              in-phase ring-site C-H stretching 92.47%; in-phase C-H stretching 6.89%
   48     3091.06          --                 --  mixed-phase ring-site C-H stretching                           mixed-phase ring-site C-H stretching 98.90%
   49     3101.58          --                 --  opposite-phase C-H stretching                                  opposite-phase C-H stretching 99.63%
   50     3114.98          --                 --  ring-site C-H stretching                                       ring-site C-H stretching 97.14%; C-H stretching 2.15%
   51     3125.42          --                 --  mixed-phase C-H stretching                                     mixed-phase C-H stretching 96.46%; in-phase ring-site C-H stretching 3.05%
   52     3616.48          --                 --  in-phase N-H stretching                                        in-phase N-H stretching 99.62%
   53     3749.81          --                 --  opposite-phase N-H stretching                                  opposite-phase N-H stretching 99.78%

# Selected internal-coordinate set:
#   1  nu(C1-H10)
#   2  nu(C2-O3)
#   3  nu(C4-C5)
#   4  nu(O6-C7)
#   5  nu(N8-H17)
#   6  nu(O3-C4)
#   7  nu(C2-C5)
#   8  nu(C1-H11)
#   9  nu(C1-H12)
#  10  nu(N8-H18)
#  11  nu(C2-H13)
#  12  gamma(C7;N8,H17,H18)
#  13  nu(C7-O9)
#  14  nu(C4-H15)
#  15  nu(C5-H16)
#  16  tau(C5-O6-C7-O9)
#  17  nu(C4-H14)
#  18  nu(C5-O6)
#  19  delta(H17-N8-H18)
#  20  delta(O6-C7-O9)
#  21  gamma(H10;C1,H11,H12)
#  22  delta(O3-C2-H13)
#  23  delta(H11-C1-H12)
#  24  delta(C5-C2-H13)
#  25  delta(O3-C4-H14)
#  26  tau(H15-C4-C5-H16)
#  27  delta(C4-C5-H16)
#  28  tau(C5-O6-C7-N8)
#  29  tau(C2-O3-C4-H15)
#  30  tau(C2-O3-C4-H14)
#  31  tau(H10-C1-C2-O3)
#  32  delta(C2-C1-H10)
#  33  delta(C7-N8-H18)
#  34  tau(O3-C4-C5-H16)
#  35  nu(C7-N8)
#  36  tau(O3-C4-C5-O6)
#  37  tau(H11-C1-C2-C5)
#  38  nu(C1-C2)
#  39  tau(O6-C7-N8-H18)
#  40  delta(C2-C1-H11)
#  41  tau(C1-C2-C5-C4)
#  42  delta(O6-C7-N8)
#  43  tau(C2-C5-O6-C7)
#  44  delta(C1-C2-C5)
#  45  delta(C2-O3-C4)
#  46  delta(C5-O6-C7)
#  47  delta(C4-C5-O6)
#  48  tau(C5-C2-O3-C4)

Wrote: /local/scratch/mv487/qm9s/experiment_1_phase2/ped/87434/87434_summary.csv
Wrote: /local/scratch/mv487/qm9s/experiment_1_phase2/ped/87434/87434_families.csv
Wrote: /local/scratch/mv487/qm9s/experiment_1_phase2/ped/87434/87434_ped.csv
Wrote: /local/scratch/mv487/qm9s/experiment_1_phase2/ped/87434/87434_ir_transitions.csv

# All generated files are in: /local/scratch/mv487/qm9s/experiment_1_phase2/ped/87434
# Manifest: /local/scratch/mv487/qm9s/experiment_1_phase2/ped/87434/87434_manifest.txt

--- stderr ---
Normal modes/frequencies absent or incomplete: diagonalizing Hessian.
