# Contact: romi@lens.unifi.it
# Manual: https://github.com/SebRoLENS/orca-ped-analyzer/blob/main/docs/ORCA_PED_Analyzer_Manual.md
# Check GitHub for updates and new releases: https://github.com/SebRoLENS/orca-ped-analyzer
#
# Molecule: 23 atoms | non-linear
# Bonds inferred: 24 | candidate ICs: 247 | selected ICs: 63
# Cartesian-Hessian reconstruction relative error: 5.354e-05
# Energy distribution: PED (PED is the backward-compatible default; TED includes kinetic-energy terms)
# Ring/cycle bonds detected: 7 | ring atoms: 6 | ring systems: 1
# VPT2: no matching .out file supplied/found -> harmonic/PED analysis only
#
 Mode   Harm/cm-1   VPT2/cm-1  Harm.Int/km mol-1  Assignment                                                     Grouped PED
------------------------------------------------------------------------------------------------------------------------------------------------------------------------------------------------
    6      105.58          --                 --  C-O torsion                                                    C-O torsion 99.15%
    7      140.30          --                 --  mixed cyclic-ring torsional/out-of-plane deformation / C-C torsion / C-O torsion cyclic-ring torsional/out-of-plane deformation 32.18%; C-C torsion 25.91%; C-O torsion 22.35%; ring-site C-H out-of-plane bending 10.11%
    8      182.10          --                 --  mixed C-C torsion / C-C-C bending / C-O torsion                C-C torsion 28.05%; C-C-C bending 19.89%; C-O torsion 18.83%; cyclic-ring out-of-plane deformation 13.01%
    9      210.96          --                 --  C-C torsion                                                    C-C torsion 99.68%
   10      236.87          --                 --  mixed C-O torsion / C-C-C bending                              C-O torsion 40.52%; C-C-C bending 26.30%; cyclic-ring out-of-plane deformation 14.57%; C-C torsion 6.05%
   11      287.46          --                 --  mixed C-C-C bending / C-C torsion                              C-C-C bending 45.32%; C-C torsion 34.61%; C-H bending 6.84%; C-O-C bending 5.87%
   12      325.20          --                 --  mixed cyclic-ring out-of-plane deformation / C-C-C bending     cyclic-ring out-of-plane deformation 28.22%; C-C-C bending 27.43%; C-O torsion 12.58%; cyclic-ring torsional/out-of-plane deformation 8.90%
   13      399.41          --                 --  mixed cyclic-ring deformation (C-C-C bend) / C-C-C bending     cyclic-ring deformation (C-C-C bend) 30.95%; C-C-C bending 24.43%; ring-site C-H out-of-plane bending 13.26%; C-C torsion 5.54%
   14      448.82          --                 --  mixed ring-site C-H out-of-plane bending / cyclic-ring deformation (C-C-C bend) ring-site C-H out-of-plane bending 35.94%; cyclic-ring deformation (C-C-C bend) 20.32%; C-C torsion 11.86%; C-O torsion 8.27%
   15      482.16          --                 --  mixed ring-site C-H out-of-plane bending / C-C torsion / cyclic-ring out-of-plane deformation ring-site C-H out-of-plane bending 25.26%; C-C torsion 19.44%; cyclic-ring out-of-plane deformation 19.41%; ring-site C-H in-plane bending 8.70%
   16      540.87          --                 --  mixed C-C torsion / C-C-C bending                              C-C torsion 34.76%; C-C-C bending 14.84%; cyclic-ring deformation (C-C-C bend) 13.72%; ring-site C-H out-of-plane bending 11.41%
   17      601.07          --                 --  mixed ring-site C-H in-plane bending / exocyclic C-C stretching / ring-site C-H out-of-plane bending ring-site C-H in-plane bending 18.75%; exocyclic C-C stretching 15.73%; ring-site C-H out-of-plane bending 15.19%; mixed-phase cyclic C-C stretching 14.01%
   18      691.69          --                 --  mixed mixed-phase cyclic C-C stretching / C-C torsion          mixed-phase cyclic C-C stretching 25.52%; C-C torsion 23.76%; cyclic-ring out-of-plane deformation 9.08%; ring-site C-H out-of-plane bending 8.60%
   19      818.83          --                 --  mixed mixed-phase cyclic C-C stretching / C-C torsion          mixed-phase cyclic C-C stretching 49.65%; C-C torsion 13.37%; ring-site C-H out-of-plane bending 11.21%; cyclic-ring out-of-plane deformation 7.53%
   20      834.26          --                 --  mixed ring-site C-H in-plane bending / ring-site C-H out-of-plane bending / cyclic C-C stretching ring-site C-H in-plane bending 27.44%; ring-site C-H out-of-plane bending 23.48%; cyclic C-C stretching 17.59%; exocyclic C-O stretching 7.14%
   21      855.79          --                 --  mixed mixed-phase cyclic C-C stretching / ring-site C-H out-of-plane bending mixed-phase cyclic C-C stretching 48.74%; ring-site C-H out-of-plane bending 19.27%; cyclic-ring deformation (C-C-C bend) 10.67%; C-C torsion 3.92%
   22      867.79          --                 --  mixed mixed-phase cyclic C-C stretching / C-C torsion          mixed-phase cyclic C-C stretching 47.42%; C-C torsion 13.08%; ring-site C-H out-of-plane bending 9.20%; C-H bending 7.97%
   23      899.58          --                 --  mixed cyclic C-C stretching / cyclic-ring deformation (C-C-C bend) cyclic C-C stretching 50.03%; cyclic-ring deformation (C-C-C bend) 17.48%; ring-site C-H out-of-plane bending 12.18%; ring-site C-H in-plane bending 8.09%
   24      948.51          --                 --  mixed ring-site C-H out-of-plane bending / mixed-phase cyclic C-C stretching / ring-site C-H in-plane bending ring-site C-H out-of-plane bending 41.34%; mixed-phase cyclic C-C stretching 21.76%; ring-site C-H in-plane bending 18.13%; cyclic-ring deformation (C-C-C bend) 5.04%
   25      957.65          --                 --  mixed C-H bending / C-C torsion                                C-H bending 43.68%; C-C torsion 20.07%; mixed-phase cyclic C-C stretching 12.06%; ring-site C-H in-plane bending 6.84%
   26      972.70          --                 --  mixed mixed-phase cyclic C-C stretching / ring-site C-H out-of-plane bending / ring-site C-H in-plane bending mixed-phase cyclic C-C stretching 30.46%; ring-site C-H out-of-plane bending 20.24%; ring-site C-H in-plane bending 15.91%; C-H bending 13.18%
   27     1001.37          --                 --  mixed ring-site C-H out-of-plane bending / mixed-phase cyclic C-C stretching ring-site C-H out-of-plane bending 23.58%; mixed-phase cyclic C-C stretching 19.85%; exocyclic C-O stretching 10.57%; C-O stretching 10.11%
   28     1024.81          --                 --  mixed ring-site C-H in-plane bending / ring-site C-H out-of-plane bending ring-site C-H in-plane bending 46.61%; ring-site C-H out-of-plane bending 19.42%; mixed-phase cyclic C-C stretching 12.37%; cyclic-ring deformation (C-C-C bend) 6.15%
   29     1042.82          --                 --  mixed ring-site C-H out-of-plane bending / C-H bending / C-C torsion ring-site C-H out-of-plane bending 32.70%; C-H bending 26.79%; C-C torsion 17.12%; ring-site C-H in-plane bending 11.20%
   30     1073.78          --                 --  mixed ring-site C-H in-plane bending / ring-site C-H out-of-plane bending ring-site C-H in-plane bending 32.26%; ring-site C-H out-of-plane bending 17.44%; C-H bending 14.59%; C-C out-of-plane bending 6.14%
   31     1090.41          --                 --  mixed ring-site C-H out-of-plane bending / ring-site C-H in-plane bending ring-site C-H out-of-plane bending 44.75%; ring-site C-H in-plane bending 18.68%; C-O stretching 10.21%; cyclic-ring deformation (C-C-C bend) 7.41%
   32     1121.71          --                 --  mixed ring-site C-H out-of-plane bending / ring-site C-H in-plane bending / C-O stretching ring-site C-H out-of-plane bending 24.85%; ring-site C-H in-plane bending 21.25%; C-O stretching 17.67%; C-H bending 8.98%
   33     1130.52          --                 --  mixed C-H bending / ring-site C-H in-plane bending             C-H bending 19.77%; ring-site C-H in-plane bending 16.16%; ring-site C-H out-of-plane bending 12.62%; cyclic-ring out-of-plane deformation 11.08%
   34     1166.89          --                 --  mixed ring-site C-H in-plane bending / C-O torsion             ring-site C-H in-plane bending 27.70%; C-O torsion 19.75%; ring-site C-H out-of-plane bending 13.46%; C-H bending 9.16%
   35     1178.63          --                 --  C-H bending                                                    C-H bending 81.10%; C-O torsion 13.74%
   36     1191.01          --                 --  mixed ring-site C-H in-plane bending / mixed-phase cyclic C-C stretching ring-site C-H in-plane bending 24.65%; mixed-phase cyclic C-C stretching 14.94%; cyclic-ring out-of-plane deformation 10.56%; C-C-C bending 10.12%
   37     1205.05          --                 --  mixed C-C out-of-plane bending / ring-site C-H out-of-plane bending / C-H bending C-C out-of-plane bending 32.93%; ring-site C-H out-of-plane bending 19.13%; C-H bending 15.93%; ring-site C-H in-plane bending 14.02%
   38     1226.97          --                 --  mixed C-H bending / ring-site C-H in-plane bending             C-H bending 50.37%; ring-site C-H in-plane bending 14.22%; ring-site C-H out-of-plane bending 7.84%; cyclic-ring out-of-plane deformation 6.99%
   39     1249.42          --                 --  mixed ring-site C-H in-plane bending / C-C out-of-plane bending / C-O torsion ring-site C-H in-plane bending 34.49%; C-C out-of-plane bending 16.65%; C-O torsion 15.58%; mixed-phase cyclic C-C stretching 11.08%
   40     1263.95          --                 --  mixed ring-site C-H in-plane bending / C-H bending / ring-site C-H out-of-plane bending ring-site C-H in-plane bending 26.30%; C-H bending 19.72%; ring-site C-H out-of-plane bending 18.33%; C-O torsion 18.24%
   41     1270.77          --                 --  mixed ring-site C-H out-of-plane bending / ring-site C-H in-plane bending ring-site C-H out-of-plane bending 28.17%; ring-site C-H in-plane bending 23.53%; C-O torsion 14.55%; mixed-phase cyclic C-C stretching 10.60%
   42     1286.93          --                 --  mixed ring-site C-H out-of-plane bending / mixed-phase cyclic C-C stretching ring-site C-H out-of-plane bending 26.32%; mixed-phase cyclic C-C stretching 23.29%; ring-site C-H in-plane bending 14.49%; C-C-C bending 8.32%
   43     1320.35          --                 --  mixed ring-site C-H out-of-plane bending / ring-site C-H in-plane bending ring-site C-H out-of-plane bending 52.26%; ring-site C-H in-plane bending 30.18%; mixed-phase cyclic C-C stretching 7.19%; C-H bending 6.15%
   44     1350.53          --                 --  mixed ring-site C-H in-plane bending / C-O torsion             ring-site C-H in-plane bending 40.39%; C-O torsion 22.70%; mixed-phase cyclic C-C stretching 8.37%; C-H bending 7.83%
   45     1398.69          --                 --  mixed C-H bending / ring-site C-H in-plane bending             C-H bending 66.12%; ring-site C-H in-plane bending 23.36%; cyclic C-C stretching 3.95%
   46     1415.34          --                 --  mixed C-H out-of-plane bending / C-H bending                   C-H out-of-plane bending 61.42%; C-H bending 35.76%; exocyclic C-C stretching 2.08%
   47     1480.57          --                 --  C-H bending                                                    C-H bending 96.64%
   48     1488.81          --                 --  C-H bending                                                    C-H bending 81.52%; ring-site C-H out-of-plane bending 12.26%; ring-site C-H in-plane bending 3.55%
   49     1492.19          --                 --  mixed C-H bending / ring-site C-H out-of-plane bending         C-H bending 62.49%; ring-site C-H out-of-plane bending 20.27%; ring-site C-H in-plane bending 14.82%
   50     1493.21          --                 --  mixed C-H bending / ring-site C-H out-of-plane bending         C-H bending 53.02%; ring-site C-H out-of-plane bending 37.70%; ring-site C-H in-plane bending 6.74%
   51     1494.52          --                 --  mixed C-C torsion / C-H bending                                C-C torsion 58.90%; C-H bending 32.28%; C-H out-of-plane bending 7.45%
   52     1501.23          --                 --  mixed C-H bending / C-C torsion                                C-H bending 56.34%; C-C torsion 33.28%; C-H out-of-plane bending 9.93%
   53     1510.66          --                 --  C-H bending                                                    C-H bending 98.72%
   54     1529.51          --                 --  mixed C-H bending / ring-site C-H out-of-plane bending         C-H bending 59.32%; ring-site C-H out-of-plane bending 25.98%; ring-site C-H in-plane bending 10.14%; cyclic C-C stretching 2.30%
   55     2971.34          --                 --  mixed C-H stretching / ring-site C-H stretching                C-H stretching 51.52%; ring-site C-H stretching 47.79%
   56     2978.46          --                 --  mixed ring-site C-H stretching / C-H stretching                ring-site C-H stretching 52.34%; C-H stretching 46.93%
   57     3019.26          --                 --  opposite-phase C-H stretching                                  opposite-phase C-H stretching 98.43%
   58     3021.53          --                 --  C-H stretching                                                 C-H stretching 97.92%
   59     3034.73          --                 --  ring-site C-H stretching                                       ring-site C-H stretching 98.00%
   60     3046.40          --                 --  in-phase ring-site C-H stretching                              in-phase ring-site C-H stretching 98.74%
   61     3057.99          --                 --  in-phase ring-site C-H stretching                              in-phase ring-site C-H stretching 99.18%
   62     3077.92          --                 --  mixed-phase C-H stretching                                     mixed-phase C-H stretching 98.58%
   63     3089.54          --                 --  opposite-phase ring-site C-H stretching                        opposite-phase ring-site C-H stretching 99.14%
   64     3097.80          --                 --  mixed-phase C-H stretching                                     mixed-phase C-H stretching 80.64%; mixed-phase ring-site C-H stretching 18.14%
   65     3099.40          --                 --  mixed-phase ring-site C-H stretching                           mixed-phase ring-site C-H stretching 80.68%; mixed-phase C-H stretching 18.02%
   66     3104.97          --                 --  ring-site C-H stretching                                       ring-site C-H stretching 98.67%
   67     3112.09          --                 --  C-H stretching                                                 C-H stretching 99.25%
   68     3114.84          --                 --  opposite-phase ring-site C-H stretching                        opposite-phase ring-site C-H stretching 98.53%

# Selected internal-coordinate set:
#   1  nu(C1-H10)
#   2  nu(O2-C3)
#   3  nu(C4-C5)
#   4  nu(C6-C7)
#   5  nu(C8-H19)
#   6  nu(C9-H22)
#   7  nu(C5-C6)
#   8  nu(C8-H20)
#   9  nu(C1-H12)
#  10  nu(C3-H13)
#  11  nu(C9-H23)
#  12  nu(C4-H15)
#  13  nu(C8-H21)
#  14  nu(C1-H11)
#  15  nu(C6-H17)
#  16  nu(C4-H14)
#  17  nu(C3-C7)
#  18  gamma(C5;C9,H22,H23)
#  19  gamma(H16;C5,C4,C6)
#  20  nu(C1-O2)
#  21  nu(C6-H18)
#  22  gamma(C8;C7,C3,C6)
#  23  nu(C5-H16)
#  24  delta(H22-C9-H23)
#  25  tau(C1-O2-C3-H13)
#  26  gamma(H21;C8,H19,H20)
#  27  gamma(H14;C4,C5,H15)
#  28  delta(H19-C8-H20)
#  29  delta(H11-C1-H12)
#  30  delta(H10-C1-H12)
#  31  delta(O2-C3-H13)
#  32  delta(H10-C1-H11)
#  33  delta(H17-C6-H18)
#  34  tau(C3-C7-C8-H21)
#  35  delta(C5-C6-H17)
#  36  delta(C5-C4-H15)
#  37  tau(C7-C3-C4-H14)
#  38  delta(C7-C6-H17)
#  39  tau(C1-O2-C3-C7)
#  40  delta(O2-C1-H11)
#  41  tau(H16-C5-C9-C7)
#  42  gamma(H23;C9,C5,C7)
#  43  delta(C7-C8-H21)
#  44  delta(C3-C4-H14)
#  45  nu(C7-C8)
#  46  nu(C5-C9)
#  47  tau(C9-C7-C8-H19)
#  48  delta(C7-C6-H18)
#  49  tau(H11-C1-O2-C3)
#  50  nu(C3-C4)
#  51  delta(C7-C8-H20)
#  52  delta(C1-O2-C3)
#  53  delta(O2-C1-H10)
#  54  nu(C7-C9)
#  55  tau(C4-C5-C9-H23)
#  56  delta(C4-C5-C9)
#  57  delta(C4-C3-H13)
#  58  tau(C6-C7-C8-H20)
#  59  delta(C4-C5-C6)
#  60  delta(C8-C7-C9)
#  61  delta(O2-C3-C7)
#  62  delta(C3-C7-C8)
#  63  tau(O2-C3-C7-C9)

Wrote: /local/scratch/mv487/qm9s/experiment_1_phase2/ped/105935/105935_summary.csv
Wrote: /local/scratch/mv487/qm9s/experiment_1_phase2/ped/105935/105935_families.csv
Wrote: /local/scratch/mv487/qm9s/experiment_1_phase2/ped/105935/105935_ped.csv
Wrote: /local/scratch/mv487/qm9s/experiment_1_phase2/ped/105935/105935_ir_transitions.csv

# All generated files are in: /local/scratch/mv487/qm9s/experiment_1_phase2/ped/105935
# Manifest: /local/scratch/mv487/qm9s/experiment_1_phase2/ped/105935/105935_manifest.txt

--- stderr ---
Normal modes/frequencies absent or incomplete: diagonalizing Hessian.
