# Contact: romi@lens.unifi.it
# Manual: https://github.com/SebRoLENS/orca-ped-analyzer/blob/main/docs/ORCA_PED_Analyzer_Manual.md
# Check GitHub for updates and new releases: https://github.com/SebRoLENS/orca-ped-analyzer
#
# Molecule: 15 atoms | non-linear
# Bonds inferred: 15 | candidate ICs: 93 | selected ICs: 39
# Cartesian-Hessian reconstruction relative error: 1.789e-05
# Energy distribution: PED (PED is the backward-compatible default; TED includes kinetic-energy terms)
# Ring/cycle bonds detected: 6 | ring atoms: 6 | ring systems: 1
# VPT2: no matching .out file supplied/found -> harmonic/PED analysis only
#
 Mode   Harm/cm-1   VPT2/cm-1  Harm.Int/km mol-1  Assignment                                                     Grouped PED
------------------------------------------------------------------------------------------------------------------------------------------------------------------------------------------------
    6       79.60          --                 --  mixed C-N torsion / cyclic-ring torsional/out-of-plane deformation / ring-site C-H out-of-plane bending C-N torsion 27.77%; cyclic-ring torsional/out-of-plane deformation 21.83%; ring-site C-H out-of-plane bending 21.82%; cyclic-ring torsional/out-of-plane deformation 20.21%
    7      129.58          --                 --  cyclic-ring torsional/out-of-plane deformation                 cyclic-ring torsional/out-of-plane deformation 72.32%; C-N torsion 17.66%; ring-site C-H out-of-plane bending 6.55%; C-H bending 2.95%
    8      183.98          --                 --  mixed cyclic-ring torsional/out-of-plane deformation / cyclic-ring torsional/out-of-plane deformation cyclic-ring torsional/out-of-plane deformation 61.66%; cyclic-ring torsional/out-of-plane deformation 22.14%; ring-site C-H out-of-plane bending 8.57%; cyclic-ring out-of-plane deformation 5.07%
    9      240.56          --                 --  cyclic-ring torsional/out-of-plane deformation                 cyclic-ring torsional/out-of-plane deformation 76.18%; cyclic-ring out-of-plane deformation 9.29%; C-N torsion 6.62%; ring-site C-H out-of-plane bending 4.96%
   10      354.01          --                 --  mixed C-N-C bending / N-C-F bending                            C-N-C bending 65.89%; N-C-F bending 14.42%; N-C-N bending 9.95%; C-H bending 3.38%
   11      362.52          --                 --  mixed C-C-F bending / N-C-F bending                            C-C-F bending 42.01%; N-C-F bending 28.78%; N-C-N bending 10.71%; in-phase cyclic C-N stretching 4.93%
   12      489.26          --                 --  mixed cyclic-ring torsional/out-of-plane deformation / cyclic-ring torsional/out-of-plane deformation / ring-site C-H out-of-plane bending cyclic-ring torsional/out-of-plane deformation 25.47%; cyclic-ring torsional/out-of-plane deformation 23.39%; ring-site C-H out-of-plane bending 21.52%; C-N torsion 20.76%
   13      494.33          --                 --  mixed cyclic-ring deformation (C-N-C bend) / cyclic-ring deformation (N-C-C bend) / N-C-F bending cyclic-ring deformation (C-N-C bend) 26.33%; cyclic-ring deformation (N-C-C bend) 25.08%; N-C-F bending 22.77%; cyclic C-N stretching 6.33%
   14      515.82          --                 --  mixed C-C-F bending / N-C-F bending                            C-C-F bending 49.39%; N-C-F bending 13.55%; N-C-N bending 11.01%; cyclic-ring deformation (N-C-C bend) 7.70%
   15      593.88          --                 --  mixed N-C-N bending / N-C-F bending / cyclic-ring deformation (N-C-C bend) N-C-N bending 25.60%; N-C-F bending 21.37%; cyclic-ring deformation (N-C-C bend) 18.31%; mixed-phase cyclic C-N stretching 8.86%
   16      624.06          --                 --  mixed cyclic-ring torsional/out-of-plane deformation / C-N torsion cyclic-ring torsional/out-of-plane deformation 59.88%; C-N torsion 18.52%; ring-site C-H out-of-plane bending 17.72%; cyclic-ring torsional/out-of-plane deformation 3.20%
   17      696.22          --                 --  mixed cyclic C-N stretching / cyclic C-C stretching            cyclic C-N stretching 26.04%; cyclic C-C stretching 18.67%; exocyclic C-N stretching 13.15%; cyclic-ring deformation (N-C-C bend) 11.47%
   18      713.21          --                 --  mixed ring-site C-H out-of-plane bending / C-N torsion         ring-site C-H out-of-plane bending 50.10%; C-N torsion 39.48%; cyclic-ring torsional/out-of-plane deformation 9.84%
   19      770.53          --                 --  mixed C-N torsion / cyclic-ring out-of-plane deformation       C-N torsion 67.52%; cyclic-ring out-of-plane deformation 17.27%; ring-site C-H out-of-plane bending 14.37%
   20      802.99          --                 --  mixed cyclic-ring out-of-plane deformation / C-N torsion / ring-site C-H out-of-plane bending cyclic-ring out-of-plane deformation 37.30%; C-N torsion 34.09%; ring-site C-H out-of-plane bending 27.21%
   21      816.32          --                 --  mixed cyclic-ring deformation (C-N-C bend) / mixed-phase exocyclic C-N stretching cyclic-ring deformation (C-N-C bend) 49.59%; mixed-phase exocyclic C-N stretching 21.31%; mixed-phase cyclic C-N stretching 10.00%; ring-site C-H in-plane bending 6.13%
   22      871.71          --                 --  mixed ring-site C-H out-of-plane bending / C-N torsion         ring-site C-H out-of-plane bending 62.35%; C-N torsion 33.69%; cyclic-ring out-of-plane deformation 3.66%
   23      979.14          --                 --  mixed C-H bending / mixed-phase cyclic C-N stretching          C-H bending 40.26%; mixed-phase cyclic C-N stretching 25.43%; mixed-phase cyclic C-C stretching 9.94%; exocyclic C-F stretching 7.44%
   24     1068.82          --                 --  mixed N-H bending / mixed-phase cyclic C-C stretching / mixed-phase cyclic C-N stretching N-H bending 25.90%; mixed-phase cyclic C-C stretching 23.92%; mixed-phase cyclic C-N stretching 22.07%; C-H bending 12.06%
   25     1150.82          --                 --  C-H bending                                                    C-H bending 95.55%; cyclic-ring torsional/out-of-plane deformation 3.50%
   26     1153.62          --                 --  mixed cyclic C-N stretching / ring-site C-H in-plane bending   cyclic C-N stretching 51.39%; ring-site C-H in-plane bending 17.92%; N-H bending 10.50%; C-C-F bending 9.77%
   27     1189.57          --                 --  mixed exocyclic C-N stretching / C-H bending                   exocyclic C-N stretching 30.37%; C-H bending 25.99%; N-H bending 13.80%; cyclic C-N stretching 10.55%
   28     1202.30          --                 --  mixed C-H bending / exocyclic C-F stretching                   C-H bending 28.39%; exocyclic C-F stretching 23.72%; C-C-F bending 13.23%; exocyclic C-N stretching 11.27%
   29     1300.53          --                 --  mixed ring-site C-H in-plane bending / C-H bending             ring-site C-H in-plane bending 49.21%; C-H bending 16.86%; mixed-phase cyclic C-N stretching 12.93%; exocyclic C-F stretching 9.66%
   30     1334.65          --                 --  mixed mixed-phase cyclic C-N stretching / mixed-phase cyclic C-C stretching / N-H bending mixed-phase cyclic C-N stretching 31.16%; mixed-phase cyclic C-C stretching 22.95%; N-H bending 22.15%; N-C-N bending 7.92%
   31     1393.92          --                 --  mixed ring-site C-H in-plane bending / cyclic C-N stretching   ring-site C-H in-plane bending 50.35%; cyclic C-N stretching 16.71%; C-H bending 12.05%; cyclic C-C stretching 6.32%
   32     1447.06          --                 --  C-H bending                                                    C-H bending 74.45%; mixed-phase cyclic C-N stretching 9.55%; ring-site C-H in-plane bending 6.39%; C-C-F bending 3.62%
   33     1479.21          --                 --  C-H bending                                                    C-H bending 99.34%
   34     1484.43          --                 --  C-H bending                                                    C-H bending 81.37%; mixed-phase cyclic C-N stretching 6.50%; C-C-F bending 2.64%; ring-site C-H in-plane bending 2.46%
   35     1529.65          --                 --  mixed C-H bending / mixed-phase cyclic C-N stretching          C-H bending 63.97%; mixed-phase cyclic C-N stretching 18.64%; ring-site C-H in-plane bending 5.58%; C-C-F bending 4.43%
   36     1552.64          --                 --  mixed mixed-phase cyclic C-N stretching / cyclic C-C stretching mixed-phase cyclic C-N stretching 55.15%; cyclic C-C stretching 16.49%; ring-site C-H in-plane bending 7.23%; N-C-F bending 5.99%
   37     1624.12          --                 --  mixed exocyclic C-N stretching / cyclic C-C stretching         exocyclic C-N stretching 43.24%; cyclic C-C stretching 17.96%; cyclic C-N stretching 13.59%; cyclic-ring deformation (N-C-C bend) 5.87%
   38     1676.68          --                 --  mixed in-phase cyclic C-C stretching / cyclic C-N stretching / exocyclic C-N stretching in-phase cyclic C-C stretching 23.81%; cyclic C-N stretching 21.06%; exocyclic C-N stretching 19.09%; cyclic-ring deformation (N-C-C bend) 10.95%
   39     3067.54          --                 --  C-H stretching                                                 C-H stretching 99.65%
   40     3124.17          --                 --  opposite-phase C-H stretching                                  opposite-phase C-H stretching 99.45%
   41     3146.16          --                 --  ring-site C-H stretching                                       ring-site C-H stretching 99.29%
   42     3189.17          --                 --  mixed-phase C-H stretching                                     mixed-phase C-H stretching 99.30%
   43     3229.35          --                 --  ring-site C-H stretching                                       ring-site C-H stretching 99.06%
   44     3508.77          --                 --  N-H stretching                                                 N-H stretching 99.78%

# Selected internal-coordinate set:
#   1  nu(C1-N2)
#   2  nu(C3-C5)
#   3  nu(N4-H13)
#   4  nu(N6-C7)
#   5  nu(C8-F9)
#   6  nu(C1-H11)
#   7  nu(C5-H14)
#   8  nu(C7-H15)
#   9  nu(C1-H12)
#  10  gamma(C8;C7,N6,H15)
#  11  tau(N2-C3-C5-H14)
#  12  tau(C5-C3-N4-H13)
#  13  nu(N2-C3)
#  14  nu(C1-H10)
#  15  delta(C3-N4-H13)
#  16  tau(C1-N2-C8-F9)
#  17  delta(C7-C8-F9)
#  18  delta(N6-C7-H15)
#  19  tau(N2-C3-N4-H13)
#  20  delta(H11-C1-H12)
#  21  delta(C3-C5-H14)
#  22  delta(H10-C1-H12)
#  23  delta(H10-C1-H11)
#  24  nu(C3-N4)
#  25  tau(C5-N6-C7-H15)
#  26  delta(C5-N6-C7)
#  27  nu(C7-C8)
#  28  tau(C3-N2-C8-F9)
#  29  delta(N2-C1-H10)
#  30  nu(C5-N6)
#  31  nu(N2-C8)
#  32  tau(C1-N2-C8-C7)
#  33  delta(N2-C3-N4)
#  34  delta(N2-C8-F9)
#  35  delta(N2-C1-H11)
#  36  tau(N4-C3-C5-N6)
#  37  delta(N2-C3-C5)
#  38  tau(H10-C1-N2-C3)
#  39  delta(C1-N2-C3)

Wrote: /local/scratch/mv487/qm9s/experiment_1_phase2/ped/122486/122486_summary.csv
Wrote: /local/scratch/mv487/qm9s/experiment_1_phase2/ped/122486/122486_families.csv
Wrote: /local/scratch/mv487/qm9s/experiment_1_phase2/ped/122486/122486_ped.csv
Wrote: /local/scratch/mv487/qm9s/experiment_1_phase2/ped/122486/122486_ir_transitions.csv

# All generated files are in: /local/scratch/mv487/qm9s/experiment_1_phase2/ped/122486
# Manifest: /local/scratch/mv487/qm9s/experiment_1_phase2/ped/122486/122486_manifest.txt

--- stderr ---
Normal modes/frequencies absent or incomplete: diagonalizing Hessian.
