# Contact: romi@lens.unifi.it
# Manual: https://github.com/SebRoLENS/orca-ped-analyzer/blob/main/docs/ORCA_PED_Analyzer_Manual.md
# Check GitHub for updates and new releases: https://github.com/SebRoLENS/orca-ped-analyzer
#
# Molecule: 21 atoms | non-linear
# Bonds inferred: 21 | candidate ICs: 188 | selected ICs: 57
# Cartesian-Hessian reconstruction relative error: 3.963e-05
# Energy distribution: PED (PED is the backward-compatible default; TED includes kinetic-energy terms)
# Ring/cycle bonds detected: 3 | ring atoms: 3 | ring systems: 1
# VPT2: no matching .out file supplied/found -> harmonic/PED analysis only
#
 Mode   Harm/cm-1   VPT2/cm-1  Harm.Int/km mol-1  Assignment                                                     Grouped PED
------------------------------------------------------------------------------------------------------------------------------------------------------------------------------------------------
    6       56.45          --                 --  C-N torsion                                                    C-N torsion 99.12%
    7       82.41          --                 --  C-C torsion                                                    C-C torsion 75.17%; cyclic-ring torsional/out-of-plane deformation 9.69%; N-C-C bending 3.41%
    8      129.63          --                 --  mixed C-C torsion / cyclic-ring torsional/out-of-plane deformation C-C torsion 51.85%; cyclic-ring torsional/out-of-plane deformation 18.02%; N-C-C bending 11.53%; C-N torsion 6.98%
    9      173.87          --                 --  C-C torsion                                                    C-C torsion 82.98%; cyclic-ring torsional/out-of-plane deformation 7.59%; C-N-C bending 3.96%
   10      194.38          --                 --  mixed C-C torsion / cyclic-ring torsional/out-of-plane deformation C-C torsion 55.91%; cyclic-ring torsional/out-of-plane deformation 13.31%; C-C out-of-plane bending 8.95%; C-C-C bending 6.00%
   11      213.37          --                 --  C-C torsion                                                    C-C torsion 77.74%; cyclic-ring torsional/out-of-plane deformation 10.34%; C-N-C bending 6.45%
   12      276.11          --                 --  mixed C-C torsion / cyclic-ring torsional/out-of-plane deformation C-C torsion 65.33%; cyclic-ring torsional/out-of-plane deformation 18.57%; C-N-C bending 6.11%; C-C-C bending 3.59%
   13      290.20          --                 --  mixed C-C torsion / C-N torsion                                C-C torsion 33.36%; C-N torsion 23.24%; cyclic-ring torsional/out-of-plane deformation 12.98%; C-C-C bending 12.62%
   14      365.15          --                 --  mixed C-C-N bending / ring-site C-H out-of-plane bending / C-C-N linear bending C-C-N bending 36.93%; ring-site C-H out-of-plane bending 17.07%; C-C-N linear bending 15.21%; C-N torsion 6.40%
   15      375.67          --                 --  mixed C-N torsion / C-C-N linear bending                       C-N torsion 56.51%; C-C-N linear bending 17.82%; C-C-N bending 10.57%; ring-site C-H out-of-plane bending 4.86%
   16      408.42          --                 --  mixed C-C torsion / cyclic-ring out-of-plane deformation       C-C torsion 39.02%; cyclic-ring out-of-plane deformation 18.43%; C-N-C bending 9.15%; ring-site C-H out-of-plane bending 6.96%
   17      433.09          --                 --  mixed C-N-C bending / C-N torsion                              C-N-C bending 55.76%; C-N torsion 8.19%; cyclic-ring out-of-plane deformation 6.94%; ring-site C-H out-of-plane bending 5.79%
   18      506.27          --                 --  mixed C-N torsion / cyclic-ring torsional/out-of-plane deformation C-N torsion 15.34%; cyclic-ring torsional/out-of-plane deformation 14.94%; C-N-C bending 9.22%; C-C-N bending 8.21%
   19      547.41          --                 --  mixed C-C torsion / C-C out-of-plane bending                   C-C torsion 21.87%; C-C out-of-plane bending 11.94%; ring-site C-H out-of-plane bending 11.05%; cyclic C-N stretching 7.58%
   20      702.39          --                 --  mixed exocyclic C-C stretching / C-H bending                   exocyclic C-C stretching 21.51%; C-H bending 13.78%; C-C-C bending 11.45%; mixed-phase cyclic C-N stretching 10.92%
   21      782.26          --                 --  mixed C-H bending / C-C torsion                                C-H bending 52.76%; C-C torsion 33.92%; cyclic C-N stretching 4.29%
   22      798.71          --                 --  mixed C-H bending / in-phase cyclic C-N stretching             C-H bending 23.30%; in-phase cyclic C-N stretching 19.69%; C-C torsion 11.14%; N-C-C bending 8.54%
   23      876.21          --                 --  mixed opposite-phase cyclic C-N stretching / C-H bending       opposite-phase cyclic C-N stretching 39.68%; C-H bending 16.65%; exocyclic C-C stretching 10.64%; in-phase C-C stretching 8.09%
   24      911.12          --                 --  mixed ring-site C-H in-plane bending / exocyclic C-C stretching ring-site C-H in-plane bending 24.50%; exocyclic C-C stretching 18.73%; ring-site C-H out-of-plane bending 11.80%; C-H bending 11.04%
   25      950.15          --                 --  mixed C-C stretching / N-C-C bending                           C-C stretching 54.24%; N-C-C bending 12.30%; cyclic-ring torsional/out-of-plane deformation 11.31%; mixed-phase cyclic C-N stretching 5.84%
   26      976.92          --                 --  mixed C-H bending / C-H out-of-plane bending                   C-H bending 53.54%; C-H out-of-plane bending 8.83%; ring-site C-H in-plane bending 8.12%; C-C stretching 6.08%
   27      999.66          --                 --  mixed C-H out-of-plane bending / C-N torsion                   C-H out-of-plane bending 35.89%; C-N torsion 22.58%; C-H bending 11.77%; ring-site C-H out-of-plane bending 11.57%
   28     1010.99          --                 --  mixed C-H bending / C-C stretching                             C-H bending 52.22%; C-C stretching 27.89%; exocyclic C-C stretching 7.69%; C-C torsion 4.08%
   29     1042.19          --                 --  mixed C-H bending / C-H out-of-plane bending                   C-H bending 50.50%; C-H out-of-plane bending 9.48%; C-C torsion 7.41%; ring-site C-H out-of-plane bending 6.75%
   30     1065.02          --                 --  mixed C-H bending / C-C stretching                             C-H bending 53.87%; C-C stretching 17.13%; C-C torsion 11.79%; C-C-C bending 4.63%
   31     1105.19          --                 --  mixed C-C out-of-plane bending / ring-site C-H in-plane bending / cyclic C-N stretching C-C out-of-plane bending 32.82%; ring-site C-H in-plane bending 18.44%; cyclic C-N stretching 15.12%; C-H bending 12.88%
   32     1133.01          --                 --  mixed C-C out-of-plane bending / ring-site C-H out-of-plane bending C-C out-of-plane bending 59.77%; ring-site C-H out-of-plane bending 18.78%; C-H bending 7.27%; C-N torsion 3.28%
   33     1145.33          --                 --  mixed C-H bending / ring-site C-H out-of-plane bending         C-H bending 50.69%; ring-site C-H out-of-plane bending 11.23%; C-C out-of-plane bending 11.01%; cyclic C-C stretching 5.36%
   34     1181.26          --                 --  mixed exocyclic C-N stretching / C-H bending                   exocyclic C-N stretching 26.42%; C-H bending 21.58%; ring-site C-H out-of-plane bending 11.21%; cyclic C-N stretching 9.13%
   35     1271.71          --                 --  mixed C-H bending / C-N torsion                                C-H bending 51.68%; C-N torsion 9.35%; opposite-phase exocyclic C-C stretching 9.12%; C-C-N bending 6.15%
   36     1272.84          --                 --  mixed C-H bending / opposite-phase exocyclic C-C stretching    C-H bending 50.12%; opposite-phase exocyclic C-C stretching 14.58%; C-H out-of-plane bending 7.68%; cyclic-ring out-of-plane deformation 5.38%
   37     1299.25          --                 --  C-H bending                                                    C-H bending 73.94%; exocyclic C-C stretching 4.86%; in-phase cyclic C-N stretching 4.59%; cyclic C-C stretching 4.40%
   38     1350.16          --                 --  mixed C-H bending / C-H out-of-plane bending                   C-H bending 60.41%; C-H out-of-plane bending 8.01%; opposite-phase exocyclic C-C stretching 7.06%; cyclic C-N stretching 5.13%
   39     1378.64          --                 --  mixed C-H out-of-plane bending / C-H bending                   C-H out-of-plane bending 52.57%; C-H bending 28.50%; C-N torsion 7.12%; C-C stretching 3.90%
   40     1396.57          --                 --  C-H bending                                                    C-H bending 74.74%; cyclic C-C stretching 7.60%; cyclic C-N stretching 5.76%; exocyclic C-C stretching 4.20%
   41     1421.69          --                 --  C-H bending                                                    C-H bending 86.79%; C-C stretching 6.06%; exocyclic C-C stretching 2.94%
   42     1424.13          --                 --  C-H bending                                                    C-H bending 90.24%; exocyclic C-C stretching 5.82%
   43     1480.29          --                 --  mixed C-H out-of-plane bending / C-N torsion                   C-H out-of-plane bending 54.04%; C-N torsion 21.85%; C-H bending 20.51%
   44     1486.32          --                 --  C-H bending                                                    C-H bending 90.18%; C-H out-of-plane bending 4.81%; C-C torsion 2.48%
   45     1499.18          --                 --  mixed C-H bending / C-C torsion                                C-H bending 75.76%; C-C torsion 23.18%
   46     1499.37          --                 --  C-H bending                                                    C-H bending 96.76%
   47     1509.00          --                 --  mixed C-H bending / C-C torsion                                C-H bending 75.44%; C-C torsion 23.70%
   48     1513.41          --                 --  mixed C-H bending / C-C torsion                                C-H bending 58.78%; C-C torsion 32.23%; ring-site C-H in-plane bending 3.03%
   49     1518.30          --                 --  mixed C-H bending / ring-site C-H in-plane bending             C-H bending 65.24%; ring-site C-H in-plane bending 11.01%; C-C torsion 7.11%; ring-site C-H out-of-plane bending 6.81%
   50     2368.64          --                 --  C-N stretching                                                 C-N stretching 90.69%; C-C stretching 9.20%
   51     2977.53          --                 --  C-H stretching                                                 C-H stretching 99.25%
   52     3028.50          --                 --  mixed-phase C-H stretching                                     mixed-phase C-H stretching 99.29%
   53     3034.25          --                 --  C-H stretching                                                 C-H stretching 99.53%
   54     3037.77          --                 --  in-phase C-H stretching                                        in-phase C-H stretching 99.77%
   55     3061.74          --                 --  mixed-phase C-H stretching                                     mixed-phase C-H stretching 98.21%
   56     3065.32          --                 --  mixed-phase C-H stretching                                     mixed-phase C-H stretching 98.47%
   57     3084.84          --                 --  ring-site C-H stretching                                       ring-site C-H stretching 97.77%
   58     3092.32          --                 --  opposite-phase C-H stretching                                  opposite-phase C-H stretching 99.44%
   59     3096.74          --                 --  opposite-phase C-H stretching                                  opposite-phase C-H stretching 99.57%
   60     3107.12          --                 --  mixed-phase C-H stretching                                     mixed-phase C-H stretching 99.49%
   61     3120.62          --                 --  mixed-phase C-H stretching                                     mixed-phase C-H stretching 99.37%
   62     3173.15          --                 --  mixed-phase ring-site C-H stretching                           mixed-phase ring-site C-H stretching 99.38%

# Selected internal-coordinate set:
#   1  nu(C1-C2)
#   2  nu(C3-C4)
#   3  nu(C5-H18)
#   4  nu(N6-C7)
#   5  nu(C8-N9)
#   6  nu(C7-H21)
#   7  nu(C2-H13)
#   8  nu(C4-H16)
#   9  nu(C1-H12)
#  10  nu(C5-H19)
#  11  nu(C2-H14)
#  12  nu(C4-H17)
#  13  nu(C1-H10)
#  14  nu(C7-H20)
#  15  gamma(C3;C5,H18,H19)
#  16  delta_lin1(C7-C8-N9)
#  17  delta_lin2(C7-C8-N9)
#  18  nu(C4-H15)
#  19  nu(C1-H11)
#  20  nu(C3-N6)
#  21  gamma(C2;C3,C4,N6)
#  22  delta(H18-C5-H19)
#  23  gamma(H20;C7,N6,H21)
#  24  tau(H11-C1-C2-H13)
#  25  tau(H10-C1-C2-H14)
#  26  delta(H16-C4-H17)
#  27  delta(H15-C4-H17)
#  28  delta(C2-C1-H12)
#  29  delta(N6-C7-H21)
#  30  delta(H15-C4-H16)
#  31  delta(C2-C1-H10)
#  32  delta(C2-C1-H11)
#  33  delta(C5-N6-C7)
#  34  tau(H12-C1-C2-C3)
#  35  delta(C1-C2-H14)
#  36  delta(C1-C2-H13)
#  37  tau(C5-N6-C7-H21)
#  38  nu(C7-C8)
#  39  delta(C3-C4-H15)
#  40  nu(C2-C3)
#  41  delta(C3-C5-H19)
#  42  delta(H13-C2-H14)
#  43  nu(C5-N6)
#  44  gamma(H20;C7,N6,C8)
#  45  delta(C3-C4-H16)
#  46  tau(C4-C3-C5-H19)
#  47  delta(C3-C2-H14)
#  48  delta(N6-C7-C8)
#  49  nu(C3-C5)
#  50  tau(C2-C3-C4-H16)
#  51  tau(C3-N6-C7-C8)
#  52  gamma(C2;C3,C5,N6)
#  53  tau(H14-C2-C3-C4)
#  54  delta(C1-C2-C3)
#  55  tau(C4-C3-N6-C7)
#  56  delta(C4-C3-N6)
#  57  tau(C3-C5-N6-C7)

Wrote: /local/scratch/mv487/qm9s/experiment_1_phase2/ped/128362/128362_summary.csv
Wrote: /local/scratch/mv487/qm9s/experiment_1_phase2/ped/128362/128362_families.csv
Wrote: /local/scratch/mv487/qm9s/experiment_1_phase2/ped/128362/128362_ped.csv
Wrote: /local/scratch/mv487/qm9s/experiment_1_phase2/ped/128362/128362_ir_transitions.csv

# All generated files are in: /local/scratch/mv487/qm9s/experiment_1_phase2/ped/128362
# Manifest: /local/scratch/mv487/qm9s/experiment_1_phase2/ped/128362/128362_manifest.txt

--- stderr ---
Normal modes/frequencies absent or incomplete: diagonalizing Hessian.
