# Contact: romi@lens.unifi.it
# Manual: https://github.com/SebRoLENS/orca-ped-analyzer/blob/main/docs/ORCA_PED_Analyzer_Manual.md
# Check GitHub for updates and new releases: https://github.com/SebRoLENS/orca-ped-analyzer
#
# Molecule: 19 atoms | non-linear
# Bonds inferred: 20 | candidate ICs: 187 | selected ICs: 51
# Cartesian-Hessian reconstruction relative error: 7.766e-05
# Energy distribution: PED (PED is the backward-compatible default; TED includes kinetic-energy terms)
# Ring/cycle bonds detected: 8 | ring atoms: 7 | ring systems: 1
# VPT2: no matching .out file supplied/found -> harmonic/PED analysis only
#
 Mode   Harm/cm-1   VPT2/cm-1  Harm.Int/km mol-1  Assignment                                                     Grouped PED
------------------------------------------------------------------------------------------------------------------------------------------------------------------------------------------------
    6       93.40          --                 --  mixed ring-site C-H out-of-plane bending / C-N torsion         ring-site C-H out-of-plane bending 47.75%; C-N torsion 30.89%; cyclic-ring deformation (C-C-C bend) 12.21%; ring-site N-H out-of-plane bending 4.11%
    7      172.34          --                 --  mixed ring-site C-H out-of-plane bending / N-C-C bending       ring-site C-H out-of-plane bending 55.56%; N-C-C bending 14.87%; O-N-C bending 9.52%; cyclic-ring deformation (C-C-N bend) 6.96%
    8      188.17          --                 --  ring-site C-H out-of-plane bending                             ring-site C-H out-of-plane bending 92.85%; cyclic-ring deformation (C-C-C bend) 2.58%
    9      261.59          --                 --  mixed ring-site C-H out-of-plane bending / cyclic-ring deformation (C-C-C bend) ring-site C-H out-of-plane bending 58.03%; cyclic-ring deformation (C-C-C bend) 18.55%; cyclic-ring torsional/out-of-plane deformation 10.42%; C-N torsion 5.67%
   10      319.81          --                 --  mixed ring-site C-H out-of-plane bending / cyclic-ring deformation (C-C-N bend) ring-site C-H out-of-plane bending 48.60%; cyclic-ring deformation (C-C-N bend) 21.32%; C-N torsion 8.84%; cyclic-ring torsional/out-of-plane deformation 5.55%
   11      386.89          --                 --  mixed N-O torsion / cyclic-ring deformation (C-C-C bend) / cyclic-ring deformation (C-C-N bend) N-O torsion 49.82%; cyclic-ring deformation (C-C-C bend) 18.02%; cyclic-ring deformation (C-C-N bend) 15.06%; ring-site C-H out-of-plane bending 7.34%
   12      421.78          --                 --  mixed cyclic-ring deformation (C-C-N bend) / cyclic-ring torsional/out-of-plane deformation / ring-site C-H out-of-plane bending cyclic-ring deformation (C-C-N bend) 23.68%; cyclic-ring torsional/out-of-plane deformation 23.16%; ring-site C-H out-of-plane bending 21.01%; ring-site C-H in-plane bending 10.34%
   13      470.80          --                 --  mixed ring-site C-H out-of-plane bending / cyclic-ring deformation (C-C-C bend) ring-site C-H out-of-plane bending 30.29%; cyclic-ring deformation (C-C-C bend) 30.07%; cyclic-ring deformation (C-C-N bend) 9.21%; ring-site C-H in-plane bending 8.62%
   14      539.62          --                 --  mixed cyclic-ring deformation (C-C-C bend) / cyclic-ring deformation (C-C-N bend) cyclic-ring deformation (C-C-C bend) 28.37%; cyclic-ring deformation (C-C-N bend) 27.72%; cyclic-ring torsional/out-of-plane deformation 13.91%; ring-site C-H out-of-plane bending 10.51%
   15      583.89          --                 --  mixed ring-site C-H in-plane bending / ring-site C-H out-of-plane bending ring-site C-H in-plane bending 18.10%; ring-site C-H out-of-plane bending 14.16%; cyclic-ring torsional/out-of-plane deformation 13.15%; O-N-C bending 13.00%
   16      691.12          --                 --  mixed ring-site C-H out-of-plane bending / ring-site C-H in-plane bending ring-site C-H out-of-plane bending 41.28%; ring-site C-H in-plane bending 36.17%; cyclic-ring deformation (C-C-C bend) 5.56%; C-N torsion 4.35%
   17      738.68          --                 --  mixed cyclic-ring deformation (C-C-C bend) / cyclic C-C stretching cyclic-ring deformation (C-C-C bend) 40.50%; cyclic C-C stretching 21.52%; ring-site C-H out-of-plane bending 10.66%; ring-site C-H in-plane bending 6.24%
   18      789.77          --                 --  mixed ring-site C-H out-of-plane bending / cyclic C-C stretching / ring-site C-H in-plane bending ring-site C-H out-of-plane bending 35.75%; cyclic C-C stretching 28.57%; ring-site C-H in-plane bending 20.79%; cyclic-ring deformation (C-C-C bend) 9.87%
   19      829.21          --                 --  mixed opposite-phase cyclic C-N stretching / ring-site C-H out-of-plane bending / mixed-phase cyclic C-C stretching opposite-phase cyclic C-N stretching 39.41%; ring-site C-H out-of-plane bending 18.81%; mixed-phase cyclic C-C stretching 17.19%; ring-site C-H in-plane bending 9.74%
   20      838.92          --                 --  mixed mixed-phase cyclic C-C stretching / in-phase cyclic C-N stretching mixed-phase cyclic C-C stretching 37.08%; in-phase cyclic C-N stretching 28.93%; ring-site C-H out-of-plane bending 10.79%; cyclic-ring torsional/out-of-plane deformation 9.11%
   21      859.97          --                 --  mixed cyclic C-N stretching / ring-site C-H in-plane bending / ring-site C-H out-of-plane bending cyclic C-N stretching 22.57%; ring-site C-H in-plane bending 22.06%; ring-site C-H out-of-plane bending 17.30%; mixed-phase cyclic C-C stretching 8.92%
   22      890.95          --                 --  mixed ring-site C-H in-plane bending / ring-site C-H out-of-plane bending ring-site C-H in-plane bending 53.34%; ring-site C-H out-of-plane bending 32.73%; opposite-phase cyclic C-C stretching 4.19%; cyclic-ring deformation (C-C-N bend) 2.19%
   23      913.77          --                 --  mixed N-O stretching / ring-site C-H out-of-plane bending      N-O stretching 44.20%; ring-site C-H out-of-plane bending 9.78%; cyclic-ring deformation (C-C-C bend) 8.09%; ring-site C-H in-plane bending 6.71%
   24      927.43          --                 --  mixed mixed-phase cyclic C-C stretching / opposite-phase cyclic C-N stretching / ring-site C-H in-plane bending mixed-phase cyclic C-C stretching 32.84%; opposite-phase cyclic C-N stretching 25.08%; ring-site C-H in-plane bending 15.21%; cyclic-ring deformation (C-C-C bend) 11.78%
   25      929.11          --                 --  mixed mixed-phase cyclic C-C stretching / ring-site N-H out-of-plane bending mixed-phase cyclic C-C stretching 36.71%; ring-site N-H out-of-plane bending 14.87%; ring-site C-H out-of-plane bending 9.10%; ring-site N-H in-plane bending 8.85%
   26     1058.25          --                 --  mixed ring-site C-H in-plane bending / ring-site C-H out-of-plane bending ring-site C-H in-plane bending 60.08%; ring-site C-H out-of-plane bending 14.83%; in-phase cyclic C-C stretching 12.97%; cyclic-ring deformation (C-C-C bend) 5.44%
   27     1065.80          --                 --  mixed mixed-phase cyclic C-C stretching / ring-site C-H in-plane bending mixed-phase cyclic C-C stretching 68.78%; ring-site C-H in-plane bending 13.60%; ring-site C-H out-of-plane bending 4.25%; cyclic-ring deformation (C-C-N bend) 3.30%
   28     1081.81          --                 --  mixed cyclic-ring deformation (C-C-C bend) / ring-site C-H out-of-plane bending cyclic-ring deformation (C-C-C bend) 41.81%; ring-site C-H out-of-plane bending 12.90%; mixed-phase cyclic C-C stretching 12.89%; cyclic-ring deformation (C-C-N bend) 11.54%
   29     1112.22          --                 --  mixed ring-site C-H in-plane bending / ring-site C-H out-of-plane bending ring-site C-H in-plane bending 50.24%; ring-site C-H out-of-plane bending 25.29%; cyclic C-C stretching 8.46%; ring-site N-H out-of-plane bending 5.29%
   30     1114.07          --                 --  mixed ring-site C-H in-plane bending / ring-site C-H out-of-plane bending ring-site C-H in-plane bending 53.60%; ring-site C-H out-of-plane bending 22.85%; cyclic C-C stretching 8.74%; ring-site N-H in-plane bending 6.25%
   31     1144.18          --                 --  mixed ring-site C-H out-of-plane bending / ring-site C-H in-plane bending ring-site C-H out-of-plane bending 37.58%; ring-site C-H in-plane bending 35.51%; mixed-phase cyclic C-C stretching 14.58%; ring-site N-H out-of-plane bending 3.46%
   32     1186.65          --                 --  mixed ring-site C-H out-of-plane bending / ring-site C-H in-plane bending / opposite-phase cyclic C-C stretching ring-site C-H out-of-plane bending 30.58%; ring-site C-H in-plane bending 24.71%; opposite-phase cyclic C-C stretching 20.76%; N-C-C bending 8.63%
   33     1232.29          --                 --  mixed ring-site C-H in-plane bending / ring-site C-H out-of-plane bending ring-site C-H in-plane bending 47.41%; ring-site C-H out-of-plane bending 41.48%; cyclic C-C stretching 3.66%
   34     1260.61          --                 --  ring-site C-H in-plane bending                                 ring-site C-H in-plane bending 71.08%; opposite-phase cyclic C-C stretching 11.33%; ring-site C-H out-of-plane bending 10.50%; cyclic-ring deformation (C-C-N bend) 2.52%
   35     1292.70          --                 --  mixed ring-site C-H in-plane bending / mixed-phase cyclic C-C stretching ring-site C-H in-plane bending 53.36%; mixed-phase cyclic C-C stretching 15.25%; ring-site C-H out-of-plane bending 13.88%; ring-site N-H out-of-plane bending 4.81%
   36     1306.99          --                 --  ring-site C-H in-plane bending                                 ring-site C-H in-plane bending 70.38%; ring-site C-H out-of-plane bending 12.21%; mixed-phase cyclic C-C stretching 7.34%; O-H bending 3.35%
   37     1323.15          --                 --  mixed ring-site C-H out-of-plane bending / ring-site C-H in-plane bending ring-site C-H out-of-plane bending 46.78%; ring-site C-H in-plane bending 19.93%; in-phase cyclic C-C stretching 13.45%; in-phase cyclic C-N stretching 7.14%
   38     1349.19          --                 --  mixed ring-site C-H in-plane bending / ring-site C-H out-of-plane bending ring-site C-H in-plane bending 66.76%; ring-site C-H out-of-plane bending 24.39%; ring-site N-H in-plane bending 3.00%; ring-site N-H out-of-plane bending 2.51%
   39     1364.51          --                 --  ring-site C-H in-plane bending                                 ring-site C-H in-plane bending 75.79%; ring-site C-H out-of-plane bending 5.35%; opposite-phase cyclic C-C stretching 5.13%; ring-site N-H in-plane bending 5.10%
   40     1372.46          --                 --  mixed ring-site C-H in-plane bending / ring-site C-H out-of-plane bending ring-site C-H in-plane bending 53.95%; ring-site C-H out-of-plane bending 23.90%; O-H bending 9.17%; cyclic C-C stretching 6.32%
   41     1386.65          --                 --  ring-site C-H in-plane bending                                 ring-site C-H in-plane bending 80.14%; ring-site C-H out-of-plane bending 7.16%; mixed-phase cyclic C-C stretching 5.34%; O-H bending 3.50%
   42     1393.34          --                 --  mixed ring-site C-H in-plane bending / O-H bending             ring-site C-H in-plane bending 43.57%; O-H bending 25.99%; ring-site C-H out-of-plane bending 12.66%; mixed-phase cyclic C-C stretching 9.88%
   43     1488.53          --                 --  C-H bending                                                    C-H bending 75.06%; ring-site C-H out-of-plane bending 14.01%; ring-site C-H in-plane bending 10.55%
   44     1495.25          --                 --  mixed C-H bending / ring-site C-H out-of-plane bending         C-H bending 63.82%; ring-site C-H out-of-plane bending 25.12%; ring-site C-H in-plane bending 10.34%
   45     1510.01          --                 --  mixed C-H bending / ring-site C-H out-of-plane bending         C-H bending 68.90%; ring-site C-H out-of-plane bending 19.38%; ring-site C-H in-plane bending 10.88%
   46     1778.29          --                 --  mixed exocyclic C-N stretching / cyclic-ring deformation (C-C-C bend) exocyclic C-N stretching 60.85%; cyclic-ring deformation (C-C-C bend) 16.52%; in-phase cyclic C-C stretching 16.25%; O-H bending 2.30%
   47     3037.13          --                 --  mixed-phase ring-site C-H stretching                           mixed-phase ring-site C-H stretching 99.21%
   48     3039.13          --                 --  mixed-phase ring-site C-H stretching                           mixed-phase ring-site C-H stretching 99.07%
   49     3061.31          --                 --  ring-site C-H stretching                                       ring-site C-H stretching 99.46%
   50     3069.19          --                 --  mixed-phase ring-site C-H stretching                           mixed-phase ring-site C-H stretching 98.38%
   51     3075.09          --                 --  mixed-phase ring-site C-H stretching                           mixed-phase ring-site C-H stretching 98.95%
   52     3097.56          --                 --  ring-site C-H stretching                                       ring-site C-H stretching 98.44%
   53     3106.11          --                 --  mixed-phase ring-site C-H stretching                           mixed-phase ring-site C-H stretching 99.32%
   54     3109.69          --                 --  ring-site C-H stretching                                       ring-site C-H stretching 98.82%
   55     3474.51          --                 --  ring-site N-H stretching                                       ring-site N-H stretching 99.64%
   56     3817.65          --                 --  O-H stretching                                                 O-H stretching 99.94%

# Selected internal-coordinate set:
#   1  nu(O1-N2)
#   2  nu(C3-C4)
#   3  nu(C5-C6)
#   4  nu(C7-C8)
#   5  nu(N9-H19)
#   6  nu(O1-H10)
#   7  nu(C6-H14)
#   8  nu(C4-N9)
#   9  nu(C7-H17)
#  10  nu(C5-H12)
#  11  nu(C3-C8)
#  12  nu(C8-N9)
#  13  nu(C6-H15)
#  14  nu(C7-H16)
#  15  nu(C5-H13)
#  16  tau(H10-O1-N2-C3)
#  17  nu(C4-H11)
#  18  nu(C8-H18)
#  19  gamma(H12;C5,C6,H13)
#  20  delta(N2-O1-H10)
#  21  gamma(H11;C4,C3,N9)
#  22  delta(H16-C7-H17)
#  23  delta(H14-C6-H15)
#  24  delta(C8-N9-H19)
#  25  tau(C3-C8-N9-H19)
#  26  delta(C8-C7-H16)
#  27  tau(H11-C4-C5-H13)
#  28  delta(C5-C6-H14)
#  29  tau(C6-C7-C8-H18)
#  30  tau(O1-N2-C3-C4)
#  31  delta(C8-C7-H17)
#  32  delta(O1-N2-C3)
#  33  delta(C5-C6-H15)
#  34  tau(O1-N2-C3-C8)
#  35  tau(C3-C4-C5-H12)
#  36  tau(N9-C4-C5-H13)
#  37  delta(C7-C8-H18)
#  38  nu(N2-C3)
#  39  delta(C6-C7-H17)
#  40  delta(C4-C5-H13)
#  41  tau(C4-C5-C6-H15)
#  42  nu(C4-C5)
#  43  nu(C6-C7)
#  44  delta(C7-C8-N9)
#  45  delta(C4-C5-C6)
#  46  tau(C7-C8-N9-C4)
#  47  delta(C7-C6-H14)
#  48  delta(C4-C3-C8)
#  49  tau(H16-C7-C8-C3)
#  50  delta(N2-C3-C8)
#  51  delta(C3-C4-C5)

Wrote: /local/scratch/mv487/qm9s/experiment_1_phase2/ped/21458/21458_summary.csv
Wrote: /local/scratch/mv487/qm9s/experiment_1_phase2/ped/21458/21458_families.csv
Wrote: /local/scratch/mv487/qm9s/experiment_1_phase2/ped/21458/21458_ped.csv
Wrote: /local/scratch/mv487/qm9s/experiment_1_phase2/ped/21458/21458_ir_transitions.csv

# All generated files are in: /local/scratch/mv487/qm9s/experiment_1_phase2/ped/21458
# Manifest: /local/scratch/mv487/qm9s/experiment_1_phase2/ped/21458/21458_manifest.txt

--- stderr ---
Normal modes/frequencies absent or incomplete: diagonalizing Hessian.
