# Contact: romi@lens.unifi.it
# Manual: https://github.com/SebRoLENS/orca-ped-analyzer/blob/main/docs/ORCA_PED_Analyzer_Manual.md
# Check GitHub for updates and new releases: https://github.com/SebRoLENS/orca-ped-analyzer
#
# Molecule: 21 atoms | non-linear
# Bonds inferred: 23 | candidate ICs: 287 | selected ICs: 57
# Cartesian-Hessian reconstruction relative error: 3.660e-05
# Energy distribution: PED (PED is the backward-compatible default; TED includes kinetic-energy terms)
# Ring/cycle bonds detected: 7 | ring atoms: 5 | ring systems: 1
# VPT2: no matching .out file supplied/found -> harmonic/PED analysis only
#
 Mode   Harm/cm-1   VPT2/cm-1  Harm.Int/km mol-1  Assignment                                                     Grouped PED
------------------------------------------------------------------------------------------------------------------------------------------------------------------------------------------------
    6       72.56          --                 --  C-C torsion                                                    C-C torsion 92.28%; C-O torsion 5.99%
    7       78.43          --                 --  C-C torsion                                                    C-C torsion 87.23%; C-O torsion 8.12%; cyclic-ring out-of-plane deformation 2.11%
    8      143.52          --                 --  mixed C-O torsion / C-C torsion                                C-O torsion 66.06%; C-C torsion 14.55%; C-C-O bending 6.50%; O-C-C bending 5.35%
    9      178.90          --                 --  C-O torsion                                                    C-O torsion 98.35%
   10      215.22          --                 --  mixed C-C torsion / C-O torsion                                C-C torsion 36.54%; C-O torsion 23.45%; C-C-O bending 13.40%; O-C-C bending 11.52%
   11      261.56          --                 --  mixed C-O torsion / cyclic-ring out-of-plane deformation       C-O torsion 42.64%; cyclic-ring out-of-plane deformation 17.54%; C-C torsion 9.03%; cyclic-ring torsional/out-of-plane deformation 8.42%
   12      315.73          --                 --  mixed C-O torsion / cyclic-ring torsional/out-of-plane deformation C-O torsion 65.38%; cyclic-ring torsional/out-of-plane deformation 12.08%; O-C-C bending 6.30%; C-C torsion 5.73%
   13      328.62          --                 --  mixed C-C-O bending / cyclic C-C stretching / C-O-C bending    C-C-O bending 31.76%; cyclic C-C stretching 20.64%; C-O-C bending 15.13%; C-H bending 11.69%
   14      366.49          --                 --  mixed C-O torsion / C-C torsion                                C-O torsion 40.19%; C-C torsion 16.26%; O-C-C bending 13.81%; cyclic-ring out-of-plane deformation 10.65%
   15      502.21          --                 --  mixed cyclic-ring torsional/out-of-plane deformation / ring-site C-H out-of-plane bending cyclic-ring torsional/out-of-plane deformation 61.43%; ring-site C-H out-of-plane bending 17.58%; O-C-C bending 3.78%; C-C-O bending 2.67%
   16      568.35          --                 --  mixed cyclic-ring torsional/out-of-plane deformation / ring-site C-H out-of-plane bending cyclic-ring torsional/out-of-plane deformation 22.57%; ring-site C-H out-of-plane bending 19.86%; C-O-C bending 10.28%; O-C-C bending 9.72%
   17      594.68          --                 --  mixed cyclic-ring torsional/out-of-plane deformation / mixed-phase cyclic C-C stretching cyclic-ring torsional/out-of-plane deformation 33.09%; mixed-phase cyclic C-C stretching 15.36%; cyclic-ring out-of-plane deformation 13.82%; exocyclic C-C stretching 8.97%
   18      673.13          --                 --  mixed mixed-phase cyclic C-C stretching / C-C-O bending        mixed-phase cyclic C-C stretching 31.03%; C-C-O bending 27.89%; cyclic-ring deformation (C-C-C bend) 9.94%; exocyclic C-C stretching 8.55%
   19      759.64          --                 --  mixed mixed-phase cyclic C-C stretching / cyclic-ring deformation (C-C-C bend) mixed-phase cyclic C-C stretching 53.19%; cyclic-ring deformation (C-C-C bend) 24.26%; cyclic-ring out-of-plane deformation 5.28%; ring-site C-H out-of-plane bending 4.08%
   20      822.91          --                 --  mixed mixed-phase cyclic C-C stretching / O-C-C bending        mixed-phase cyclic C-C stretching 53.52%; O-C-C bending 9.27%; C-H bending 6.43%; C-C-O bending 6.39%
   21      891.92          --                 --  mixed mixed-phase cyclic C-C stretching / C-H bending          mixed-phase cyclic C-C stretching 33.51%; C-H bending 23.59%; cyclic-ring deformation (C-C-C bend) 10.79%; C-C torsion 7.87%
   22      907.46          --                 --  mixed mixed-phase cyclic C-C stretching / ring-site C-H out-of-plane bending / cyclic-ring deformation (C-C-C bend) mixed-phase cyclic C-C stretching 39.02%; ring-site C-H out-of-plane bending 32.12%; cyclic-ring deformation (C-C-C bend) 16.04%; O-C-C bending 4.32%
   23      942.17          --                 --  mixed ring-site C-H out-of-plane bending / mixed-phase cyclic C-C stretching ring-site C-H out-of-plane bending 51.38%; mixed-phase cyclic C-C stretching 14.27%; ring-site C-H in-plane bending 7.47%; cyclic-ring out-of-plane deformation 5.20%
   24      946.78          --                 --  mixed mixed-phase cyclic C-C stretching / ring-site C-H out-of-plane bending mixed-phase cyclic C-C stretching 45.26%; ring-site C-H out-of-plane bending 13.48%; C-C out-of-plane bending 12.81%; cyclic-ring out-of-plane deformation 5.84%
   25     1004.74          --                 --  mixed C-H bending / opposite-phase C-O stretching              C-H bending 25.34%; opposite-phase C-O stretching 15.51%; ring-site C-H out-of-plane bending 13.90%; cyclic-ring out-of-plane deformation 10.79%
   26     1008.46          --                 --  mixed ring-site C-H out-of-plane bending / cyclic-ring out-of-plane deformation / cyclic C-C stretching ring-site C-H out-of-plane bending 26.72%; cyclic-ring out-of-plane deformation 24.21%; cyclic C-C stretching 15.45%; C-H bending 9.80%
   27     1039.87          --                 --  mixed C-O stretching / cyclic C-C stretching                   C-O stretching 61.73%; cyclic C-C stretching 9.82%; O-H bending 5.33%; C-H bending 4.74%
   28     1053.74          --                 --  mixed ring-site C-H out-of-plane bending / C-O stretching / ring-site C-H in-plane bending ring-site C-H out-of-plane bending 26.50%; C-O stretching 22.27%; ring-site C-H in-plane bending 17.17%; cyclic-ring torsional/out-of-plane deformation 11.11%
   29     1076.60          --                 --  mixed ring-site C-H out-of-plane bending / C-H bending         ring-site C-H out-of-plane bending 25.83%; C-H bending 15.42%; cyclic-ring out-of-plane deformation 13.39%; C-C out-of-plane bending 9.81%
   30     1084.95          --                 --  mixed ring-site C-H out-of-plane bending / ring-site C-H in-plane bending / cyclic-ring out-of-plane deformation ring-site C-H out-of-plane bending 20.67%; ring-site C-H in-plane bending 19.95%; cyclic-ring out-of-plane deformation 16.90%; mixed-phase cyclic C-C stretching 10.58%
   31     1135.23          --                 --  mixed C-C out-of-plane bending / ring-site C-H out-of-plane bending C-C out-of-plane bending 30.33%; ring-site C-H out-of-plane bending 14.15%; cyclic-ring out-of-plane deformation 10.61%; cyclic-ring torsional/out-of-plane deformation 8.54%
   32     1138.02          --                 --  mixed C-H bending / C-C out-of-plane bending                   C-H bending 26.73%; C-C out-of-plane bending 17.94%; ring-site C-H out-of-plane bending 12.68%; ring-site C-H in-plane bending 10.95%
   33     1153.72          --                 --  mixed ring-site C-H out-of-plane bending / C-C out-of-plane bending ring-site C-H out-of-plane bending 39.68%; C-C out-of-plane bending 15.67%; cyclic-ring torsional/out-of-plane deformation 11.08%; ring-site C-H in-plane bending 11.00%
   34     1166.16          --                 --  mixed ring-site C-H out-of-plane bending / cyclic-ring out-of-plane deformation / cyclic C-C stretching ring-site C-H out-of-plane bending 31.79%; cyclic-ring out-of-plane deformation 17.47%; cyclic C-C stretching 16.95%; C-H bending 6.93%
   35     1178.64          --                 --  C-H bending                                                    C-H bending 86.69%; C-O torsion 10.62%
   36     1213.10          --                 --  mixed ring-site C-H out-of-plane bending / C-C out-of-plane bending ring-site C-H out-of-plane bending 39.54%; C-C out-of-plane bending 39.35%; mixed-phase cyclic C-C stretching 6.80%; C-H bending 5.27%
   37     1218.76          --                 --  mixed C-C out-of-plane bending / C-H bending                   C-C out-of-plane bending 36.22%; C-H bending 22.40%; cyclic C-C stretching 8.92%; cyclic-ring out-of-plane deformation 8.06%
   38     1236.26          --                 --  mixed C-H bending / C-C out-of-plane bending                   C-H bending 25.14%; C-C out-of-plane bending 24.33%; cyclic C-C stretching 11.45%; cyclic-ring out-of-plane deformation 9.14%
   39     1238.05          --                 --  mixed cyclic-ring out-of-plane deformation / mixed-phase cyclic C-C stretching / ring-site C-H out-of-plane bending cyclic-ring out-of-plane deformation 22.91%; mixed-phase cyclic C-C stretching 17.74%; ring-site C-H out-of-plane bending 16.01%; ring-site C-H in-plane bending 14.57%
   40     1256.08          --                 --  mixed C-H bending / mixed-phase cyclic C-C stretching          C-H bending 31.89%; mixed-phase cyclic C-C stretching 14.00%; O-H bending 12.69%; cyclic-ring out-of-plane deformation 12.45%
   41     1325.44          --                 --  mixed cyclic C-C stretching / exocyclic C-C stretching         cyclic C-C stretching 40.33%; exocyclic C-C stretching 17.80%; C-H bending 14.58%; ring-site C-H in-plane bending 9.79%
   42     1371.82          --                 --  C-H bending                                                    C-H bending 82.45%; O-H bending 10.22%; C-C torsion 4.29%
   43     1411.45          --                 --  mixed ring-site C-H in-plane bending / ring-site C-H out-of-plane bending / C-H bending ring-site C-H in-plane bending 32.38%; ring-site C-H out-of-plane bending 27.89%; C-H bending 26.49%; in-phase cyclic C-C stretching 5.24%
   44     1421.60          --                 --  C-H bending                                                    C-H bending 73.67%; exocyclic C-C stretching 7.94%; O-H bending 6.11%; in-phase cyclic C-C stretching 5.68%
   45     1482.28          --                 --  C-H bending                                                    C-H bending 84.71%; C-O torsion 6.38%; ring-site C-H in-plane bending 2.60%
   46     1490.21          --                 --  mixed C-O torsion / C-H bending                                C-O torsion 56.78%; C-H bending 40.49%
   47     1498.35          --                 --  mixed C-H bending / ring-site C-H out-of-plane bending         C-H bending 63.05%; ring-site C-H out-of-plane bending 24.25%; ring-site C-H in-plane bending 6.05%; cyclic-ring out-of-plane deformation 4.56%
   48     1502.35          --                 --  C-H bending                                                    C-H bending 89.04%; C-C torsion 9.06%
   49     1509.01          --                 --  C-H bending                                                    C-H bending 86.81%; C-O torsion 10.69%
   50     1539.55          --                 --  mixed C-H bending / ring-site C-H out-of-plane bending         C-H bending 57.43%; ring-site C-H out-of-plane bending 28.80%; cyclic C-C stretching 4.68%; ring-site C-H in-plane bending 4.57%
   51     2982.66          --                 --  C-H stretching                                                 C-H stretching 88.43%; ring-site C-H stretching 11.25%
   52     2994.76          --                 --  ring-site C-H stretching                                       ring-site C-H stretching 88.28%; C-H stretching 10.79%
   53     3003.47          --                 --  C-H stretching                                                 C-H stretching 99.13%
   54     3032.23          --                 --  opposite-phase C-H stretching                                  opposite-phase C-H stretching 99.27%
   55     3051.13          --                 --  ring-site C-H stretching                                       ring-site C-H stretching 99.23%
   56     3056.96          --                 --  ring-site C-H stretching                                       ring-site C-H stretching 99.47%
   57     3077.79          --                 --  mixed-phase C-H stretching                                     mixed-phase C-H stretching 98.91%
   58     3105.92          --                 --  ring-site C-H stretching                                       ring-site C-H stretching 97.65%
   59     3120.56          --                 --  C-H stretching                                                 C-H stretching 99.32%
   60     3125.42          --                 --  mixed-phase ring-site C-H stretching                           mixed-phase ring-site C-H stretching 98.72%
   61     3135.79          --                 --  mixed-phase ring-site C-H stretching                           mixed-phase ring-site C-H stretching 99.22%
   62     3805.35          --                 --  O-H stretching                                                 O-H stretching 99.90%

# Selected internal-coordinate set:
#   1  nu(C1-O2)
#   2  nu(C3-C6)
#   3  nu(C4-C5)
#   4  nu(C7-O8)
#   5  nu(C9-H20)
#   6  nu(C3-C4)
#   7  nu(C7-H18)
#   8  nu(C5-C6)
#   9  nu(C1-H10)
#  10  nu(O8-H19)
#  11  nu(C9-H21)
#  12  nu(C7-H17)
#  13  nu(C1-H12)
#  14  nu(C3-H13)
#  15  nu(C5-H15)
#  16  gamma(C4;C9,H20,H21)
#  17  nu(C1-H11)
#  18  gamma(H14;C4,C3,C5)
#  19  tau(H18-C7-O8-H19)
#  20  nu(C5-H16)
#  21  nu(O2-C3)
#  22  gamma(C7;C6,C3,C5)
#  23  delta(H20-C9-H21)
#  24  nu(C4-H14)
#  25  delta(O8-C7-H17)
#  26  tau(H10-C1-O2-C3)
#  27  delta(H11-C1-H12)
#  28  delta(O2-C1-H11)
#  29  delta(H17-C7-H18)
#  30  delta(H15-C5-H16)
#  31  delta(O2-C1-H12)
#  32  tau(H13-C3-C4-C5)
#  33  delta(O8-C7-H18)
#  34  delta(C4-C3-H13)
#  35  delta(C7-O8-H19)
#  36  gamma(C4;C5,H15,H16)
#  37  delta(O2-C1-H10)
#  38  gamma(C5;C4,C9,H14)
#  39  gamma(H21;C9,C4,C6)
#  40  nu(C4-C9)
#  41  gamma(C6;C5,C4,H15)
#  42  delta(C6-C7-H17)
#  43  delta(C4-C5-H15)
#  44  nu(C6-C7)
#  45  tau(H11-C1-O2-C3)
#  46  delta(C1-O2-C3)
#  47  delta(C6-C4-C9)
#  48  tau(C1-O2-C3-C6)
#  49  delta(C6-C7-O8)
#  50  delta(O2-C3-C4)
#  51  tau(C9-C6-C7-H17)
#  52  tau(C3-C4-C9-H21)
#  53  nu(C4-C6)
#  54  tau(C3-C6-C7-O8)
#  55  delta(O2-C3-C6)
#  56  tau(C9-C4-C6-C5)
#  57  tau(C3-C4-C6-C9)

Wrote: /local/scratch/mv487/qm9s/experiment_1_phase2/ped/102658/102658_summary.csv
Wrote: /local/scratch/mv487/qm9s/experiment_1_phase2/ped/102658/102658_families.csv
Wrote: /local/scratch/mv487/qm9s/experiment_1_phase2/ped/102658/102658_ped.csv
Wrote: /local/scratch/mv487/qm9s/experiment_1_phase2/ped/102658/102658_ir_transitions.csv

# All generated files are in: /local/scratch/mv487/qm9s/experiment_1_phase2/ped/102658
# Manifest: /local/scratch/mv487/qm9s/experiment_1_phase2/ped/102658/102658_manifest.txt

--- stderr ---
Normal modes/frequencies absent or incomplete: diagonalizing Hessian.
