# Contact: romi@lens.unifi.it
# Manual: https://github.com/SebRoLENS/orca-ped-analyzer/blob/main/docs/ORCA_PED_Analyzer_Manual.md
# Check GitHub for updates and new releases: https://github.com/SebRoLENS/orca-ped-analyzer
#
# Molecule: 13 atoms | non-linear
# Bonds inferred: 13 | candidate ICs: 73 | selected ICs: 33
# Cartesian-Hessian reconstruction relative error: 5.171e-06
# Energy distribution: PED (PED is the backward-compatible default; TED includes kinetic-energy terms)
# Ring/cycle bonds detected: 5 | ring atoms: 5 | ring systems: 1
# VPT2: no matching .out file supplied/found -> harmonic/PED analysis only
#
 Mode   Harm/cm-1   VPT2/cm-1  Harm.Int/km mol-1  Assignment                                                     Grouped PED
------------------------------------------------------------------------------------------------------------------------------------------------------------------------------------------------
    6      120.33          --                 --  cyclic-ring torsional/out-of-plane deformation                 cyclic-ring torsional/out-of-plane deformation 76.79%; C-C torsion 15.58%; C-C-C linear bending 5.54%
    7      133.71          --                 --  mixed C-C-C linear bending / O-C-C bending                     C-C-C linear bending 51.23%; O-C-C bending 38.92%; C-C-O bending 4.61%
    8      158.44          --                 --  C-C torsion                                                    C-C torsion 98.87%
    9      189.32          --                 --  mixed cyclic-ring torsional/out-of-plane deformation / C-C torsion / cyclic-ring torsional/out-of-plane deformation cyclic-ring torsional/out-of-plane deformation 38.70%; C-C torsion 28.05%; cyclic-ring torsional/out-of-plane deformation 26.30%; C-C-C linear bending 4.73%
   10      282.53          --                 --  mixed C-C-O bending / C-C out-of-plane bending                 C-C-O bending 55.77%; C-C out-of-plane bending 12.46%; C-H bending 10.51%; mixed-phase cyclic C-O stretching 7.49%
   11      291.65          --                 --  mixed C-C torsion / cyclic-ring torsional/out-of-plane deformation C-C torsion 42.40%; cyclic-ring torsional/out-of-plane deformation 39.42%; cyclic-ring torsional/out-of-plane deformation 11.90%; C-C-C linear bending 4.29%
   12      418.57          --                 --  mixed C-C-C linear bending / C-C torsion / cyclic-ring torsional/out-of-plane deformation C-C-C linear bending 40.02%; C-C torsion 30.41%; cyclic-ring torsional/out-of-plane deformation 20.52%; C-C-H linear bending 4.66%
   13      441.09          --                 --  mixed C-C-C linear bending / O-C-O bending / mixed-phase cyclic C-O stretching C-C-C linear bending 32.92%; O-C-O bending 20.46%; mixed-phase cyclic C-O stretching 17.05%; O-C-C bending 16.92%
   14      567.48          --                 --  mixed exocyclic C-C stretching / cyclic-ring deformation (C-C-O bend) exocyclic C-C stretching 35.69%; cyclic-ring deformation (C-C-O bend) 27.78%; in-phase cyclic C-O stretching 10.33%; cyclic-ring deformation (O-C-O bend) 8.59%
   15      570.17          --                 --  mixed cyclic-ring torsional/out-of-plane deformation / C-C torsion / C-C-H linear bending cyclic-ring torsional/out-of-plane deformation 42.99%; C-C torsion 25.70%; C-C-H linear bending 21.90%; C-C-C linear bending 6.13%
   16      611.99          --                 --  mixed C-C-H linear bending / cyclic-ring torsional/out-of-plane deformation C-C-H linear bending 68.09%; cyclic-ring torsional/out-of-plane deformation 22.29%; C-C torsion 8.41%
   17      617.38          --                 --  mixed O-C-O bending / cyclic-ring deformation (C-C-O bend)     O-C-O bending 27.67%; cyclic-ring deformation (C-C-O bend) 15.01%; exocyclic C-C stretching 13.97%; C-C-O bending 9.69%
   18      651.41          --                 --  mixed cyclic-ring deformation (C-C-O bend) / O-C-C bending     cyclic-ring deformation (C-C-O bend) 18.52%; O-C-C bending 14.96%; exocyclic C-C stretching 12.56%; O-C-O bending 10.93%
   19      735.36          --                 --  C-C-H linear bending                                           C-C-H linear bending 96.09%; C-C-C linear bending 3.16%
   20      756.39          --                 --  cyclic-ring torsional/out-of-plane deformation                 cyclic-ring torsional/out-of-plane deformation 97.07%; C-C torsion 2.28%
   21      814.55          --                 --  mixed cyclic-ring deformation (O-C-O bend) / exocyclic C-C stretching cyclic-ring deformation (O-C-O bend) 61.48%; exocyclic C-C stretching 10.98%; O-C-O bending 7.75%; cyclic C-C stretching 7.41%
   22      935.68          --                 --  mixed mixed-phase cyclic C-O stretching / cyclic-ring deformation (C-C-O bend) mixed-phase cyclic C-O stretching 64.93%; cyclic-ring deformation (C-C-O bend) 12.60%; O-C-O bending 5.41%; C-C out-of-plane bending 4.68%
   23      949.86          --                 --  mixed-phase cyclic C-O stretching                              mixed-phase cyclic C-O stretching 72.38%; C-C out-of-plane bending 11.83%; C-H bending 11.73%
   24     1035.18          --                 --  mixed C-C out-of-plane bending / C-H bending / mixed-phase cyclic C-O stretching C-C out-of-plane bending 37.23%; C-H bending 31.02%; mixed-phase cyclic C-O stretching 20.32%; C-C torsion 4.41%
   25     1065.49          --                 --  mixed C-H bending / C-C torsion                                C-H bending 75.65%; C-C torsion 21.07%
   26     1180.58          --                 --  mixed mixed-phase cyclic C-O stretching / O-C-O bending        mixed-phase cyclic C-O stretching 56.09%; O-C-O bending 14.46%; exocyclic C-C stretching 9.39%; O-C-C bending 5.46%
   27     1250.19          --                 --  mixed mixed-phase cyclic C-O stretching / exocyclic C-C stretching mixed-phase cyclic C-O stretching 37.06%; exocyclic C-C stretching 16.62%; C-C out-of-plane bending 14.99%; C-H bending 11.68%
   28     1318.35          --                 --  mixed cyclic-ring deformation (C-C-O bend) / mixed-phase exocyclic C-C stretching / mixed-phase cyclic C-O stretching cyclic-ring deformation (C-C-O bend) 35.79%; mixed-phase exocyclic C-C stretching 26.20%; mixed-phase cyclic C-O stretching 24.38%; C-H bending 9.43%
   29     1430.71          --                 --  mixed C-H bending / C-C out-of-plane bending                   C-H bending 48.23%; C-C out-of-plane bending 41.60%; exocyclic C-C stretching 7.89%
   30     1473.28          --                 --  mixed C-C torsion / C-H bending                                C-C torsion 77.91%; C-H bending 21.69%
   31     1485.77          --                 --  C-H bending                                                    C-H bending 76.55%; C-C torsion 15.59%; C-C out-of-plane bending 4.56%
   32     1725.88          --                 --  mixed cyclic C-C stretching / exocyclic C-C stretching         cyclic C-C stretching 66.28%; exocyclic C-C stretching 13.65%; cyclic-ring deformation (C-C-O bend) 5.66%; C-C-O bending 3.73%
   33     1915.54          --                 --  exocyclic C-O stretching                                       exocyclic C-O stretching 72.78%; cyclic-ring deformation (O-C-O bend) 16.35%; in-phase cyclic C-O stretching 8.37%
   34     2223.32          --                 --  C-C stretching                                                 C-C stretching 79.18%; exocyclic C-C stretching 16.13%; C-H stretching 4.08%
   35     3037.97          --                 --  C-H stretching                                                 C-H stretching 99.68%
   36     3089.21          --                 --  opposite-phase C-H stretching                                  opposite-phase C-H stretching 99.71%
   37     3136.24          --                 --  mixed-phase C-H stretching                                     mixed-phase C-H stretching 99.21%
   38     3473.39          --                 --  C-H stretching                                                 C-H stretching 95.65%; C-C stretching 4.26%

# Selected internal-coordinate set:
#   1  nu(C1-C2)
#   2  nu(C3-O4)
#   3  nu(C5-O6)
#   4  nu(C8-C9)
#   5  nu(C1-H11)
#   6  delta_lin2(C8-C9-H13)
#   7  delta_lin1(C8-C9-H13)
#   8  nu(C2-O7)
#   9  nu(C1-H12)
#  10  tau(C3-O4-C5-O6)
#  11  tau(C2-C3-O4-C5)
#  12  nu(C5-O7)
#  13  nu(C1-H10)
#  14  delta(O4-C3-C8)
#  15  tau(C1-C2-C3-O4)
#  16  nu(C9-H13)
#  17  nu(O4-C5)
#  18  tau(H11-C1-C2-O7)
#  19  delta(H10-C1-H12)
#  20  tau(C8-C3-O4-C5)
#  21  gamma(C2;C1,H10,H12)
#  22  delta(O4-C5-O6)
#  23  delta(C2-C1-H11)
#  24  nu(C3-C8)
#  25  delta(O4-C5-O7)
#  26  delta(C3-C2-O7)
#  27  tau(O4-C5-O7-C2)
#  28  nu(C2-C3)
#  29  delta(C2-C1-H12)
#  30  delta_lin2(C3-C8-C9)
#  31  delta_lin1(C3-C8-C9)
#  32  tau(H12-C1-C2-O7)
#  33  delta(C1-C2-O7)

Wrote: /local/scratch/mv487/qm9s/experiment_1_phase2/ped/24664/24664_summary.csv
Wrote: /local/scratch/mv487/qm9s/experiment_1_phase2/ped/24664/24664_families.csv
Wrote: /local/scratch/mv487/qm9s/experiment_1_phase2/ped/24664/24664_ped.csv
Wrote: /local/scratch/mv487/qm9s/experiment_1_phase2/ped/24664/24664_ir_transitions.csv

# All generated files are in: /local/scratch/mv487/qm9s/experiment_1_phase2/ped/24664
# Manifest: /local/scratch/mv487/qm9s/experiment_1_phase2/ped/24664/24664_manifest.txt

--- stderr ---
Normal modes/frequencies absent or incomplete: diagonalizing Hessian.
