# Contact: romi@lens.unifi.it
# Manual: https://github.com/SebRoLENS/orca-ped-analyzer/blob/main/docs/ORCA_PED_Analyzer_Manual.md
# Check GitHub for updates and new releases: https://github.com/SebRoLENS/orca-ped-analyzer
#
# Molecule: 17 atoms | non-linear
# Bonds inferred: 19 | candidate ICs: 184 | selected ICs: 45
# Cartesian-Hessian reconstruction relative error: 2.489e-05
# Energy distribution: PED (PED is the backward-compatible default; TED includes kinetic-energy terms)
# Ring/cycle bonds detected: 9 | ring atoms: 7 | ring systems: 1
# VPT2: no matching .out file supplied/found -> harmonic/PED analysis only
#
 Mode   Harm/cm-1   VPT2/cm-1  Harm.Int/km mol-1  Assignment                                                     Grouped PED
------------------------------------------------------------------------------------------------------------------------------------------------------------------------------------------------
    6       70.58          --                 --  mixed C-N torsion / C-H bending                                C-N torsion 60.87%; C-H bending 20.67%; C-N-C bending 8.26%; cyclic-ring torsional/out-of-plane deformation 3.54%
    7      112.30          --                 --  mixed cyclic-ring torsional/out-of-plane deformation / cyclic-ring torsional/out-of-plane deformation / C-N torsion cyclic-ring torsional/out-of-plane deformation 43.00%; cyclic-ring torsional/out-of-plane deformation 33.54%; C-N torsion 18.07%; ring-site C-H out-of-plane bending 3.29%
    8      221.03          --                 --  mixed C-N-C bending / N-C-C bending                            C-N-C bending 41.95%; N-C-C bending 34.09%; cyclic-ring torsional/out-of-plane deformation 7.95%; cyclic-ring deformation (O-C-C bend) 3.81%
    9      269.08          --                 --  mixed cyclic-ring torsional/out-of-plane deformation / cyclic-ring torsional/out-of-plane deformation cyclic-ring torsional/out-of-plane deformation 38.62%; cyclic-ring torsional/out-of-plane deformation 28.05%; C-N torsion 8.26%; ring-site C-H out-of-plane bending 7.99%
   10      388.71          --                 --  mixed cyclic-ring deformation (O-C-C bend) / cyclic-ring torsional/out-of-plane deformation cyclic-ring deformation (O-C-C bend) 23.82%; cyclic-ring torsional/out-of-plane deformation 21.62%; cyclic-ring torsional/out-of-plane deformation 13.03%; cyclic-ring out-of-plane deformation 12.82%
   11      440.83          --                 --  mixed cyclic-ring deformation (O-C-C bend) / N-C-C bending     cyclic-ring deformation (O-C-C bend) 29.78%; N-C-C bending 22.39%; cyclic C-C stretching 9.64%; C-N-C bending 9.22%
   12      511.09          --                 --  mixed cyclic-ring torsional/out-of-plane deformation / cyclic-ring deformation (O-C-C bend) cyclic-ring torsional/out-of-plane deformation 40.47%; cyclic-ring deformation (O-C-C bend) 21.69%; cyclic-ring torsional/out-of-plane deformation 14.29%; cyclic-ring out-of-plane deformation 6.23%
   13      660.52          --                 --  mixed cyclic-ring torsional/out-of-plane deformation / C-N-C bending cyclic-ring torsional/out-of-plane deformation 21.61%; C-N-C bending 12.54%; cyclic-ring torsional/out-of-plane deformation 10.91%; ring-site N-H in-plane bending 9.70%
   14      706.07          --                 --  mixed cyclic-ring torsional/out-of-plane deformation / cyclic-ring torsional/out-of-plane deformation / mixed-phase cyclic C-C stretching cyclic-ring torsional/out-of-plane deformation 24.32%; cyclic-ring torsional/out-of-plane deformation 22.48%; mixed-phase cyclic C-C stretching 20.47%; ring-site C-H out-of-plane bending 16.60%
   15      719.06          --                 --  mixed mixed-phase cyclic C-C stretching / cyclic-ring deformation (C-N-C bend) mixed-phase cyclic C-C stretching 25.61%; cyclic-ring deformation (C-N-C bend) 24.73%; ring-site C-H out-of-plane bending 11.93%; cyclic C-N stretching 8.78%
   16      759.66          --                 --  mixed cyclic-ring deformation (O-C-C bend) / cyclic-ring out-of-plane deformation / ring-site C-H out-of-plane bending cyclic-ring deformation (O-C-C bend) 36.96%; cyclic-ring out-of-plane deformation 15.17%; ring-site C-H out-of-plane bending 15.16%; cyclic C-N stretching 6.82%
   17      790.70          --                 --  mixed mixed-phase cyclic C-C stretching / ring-site C-H out-of-plane bending mixed-phase cyclic C-C stretching 29.61%; ring-site C-H out-of-plane bending 24.10%; opposite-phase cyclic C-N stretching 10.21%; cyclic C-O stretching 7.52%
   18      811.94          --                 --  mixed cyclic-ring deformation (C-N-C bend) / ring-site C-H out-of-plane bending cyclic-ring deformation (C-N-C bend) 33.25%; ring-site C-H out-of-plane bending 11.92%; cyclic-ring torsional/out-of-plane deformation 9.65%; cyclic-ring torsional/out-of-plane deformation 9.45%
   19      831.26          --                 --  mixed mixed-phase cyclic C-C stretching / cyclic C-O stretching / cyclic-ring deformation (C-N-C bend) mixed-phase cyclic C-C stretching 18.20%; cyclic C-O stretching 18.01%; cyclic-ring deformation (C-N-C bend) 17.17%; cyclic C-N stretching 10.60%
   20      857.85          --                 --  mixed cyclic C-N stretching / cyclic C-C stretching / cyclic-ring torsional/out-of-plane deformation cyclic C-N stretching 29.12%; cyclic C-C stretching 19.43%; cyclic-ring torsional/out-of-plane deformation 16.96%; cyclic-ring deformation (C-N-C bend) 11.93%
   21      916.67          --                 --  mixed ring-site C-H out-of-plane bending / cyclic C-N stretching / cyclic C-C stretching ring-site C-H out-of-plane bending 30.71%; cyclic C-N stretching 27.47%; cyclic C-C stretching 17.04%; ring-site C-H in-plane bending 6.01%
   22      964.23          --                 --  mixed ring-site N-H in-plane bending / ring-site C-H out-of-plane bending ring-site N-H in-plane bending 35.31%; ring-site C-H out-of-plane bending 18.09%; mixed-phase cyclic C-N stretching 10.05%; cyclic-ring deformation (C-N-C bend) 8.43%
   23     1001.82          --                 --  mixed mixed-phase cyclic C-N stretching / cyclic-ring out-of-plane deformation mixed-phase cyclic C-N stretching 35.66%; cyclic-ring out-of-plane deformation 11.93%; ring-site C-H out-of-plane bending 11.36%; cyclic-ring deformation (O-C-C bend) 8.26%
   24     1013.92          --                 --  mixed cyclic-ring deformation (O-C-C bend) / ring-site C-H out-of-plane bending / cyclic C-O stretching cyclic-ring deformation (O-C-C bend) 25.79%; ring-site C-H out-of-plane bending 18.35%; cyclic C-O stretching 16.04%; in-phase cyclic C-C stretching 10.57%
   25     1016.56          --                 --  mixed C-N stretching / mixed-phase cyclic C-O stretching       C-N stretching 31.80%; mixed-phase cyclic C-O stretching 16.43%; ring-site C-H out-of-plane bending 10.72%; N-C-C bending 7.95%
   26     1036.79          --                 --  mixed mixed-phase cyclic C-C stretching / cyclic C-N stretching mixed-phase cyclic C-C stretching 23.45%; cyclic C-N stretching 23.34%; mixed-phase cyclic C-O stretching 13.63%; ring-site C-H out-of-plane bending 11.50%
   27     1053.97          --                 --  mixed ring-site C-H out-of-plane bending / cyclic C-O stretching ring-site C-H out-of-plane bending 57.18%; cyclic C-O stretching 8.25%; cyclic-ring deformation (O-C-C bend) 6.88%; cyclic-ring torsional/out-of-plane deformation 6.51%
   28     1091.43          --                 --  mixed ring-site C-H out-of-plane bending / cyclic-ring deformation (C-N-C bend) ring-site C-H out-of-plane bending 21.76%; cyclic-ring deformation (C-N-C bend) 13.82%; cyclic-ring torsional/out-of-plane deformation 12.32%; mixed-phase cyclic C-C stretching 11.85%
   29     1114.84          --                 --  mixed cyclic C-C stretching / mixed-phase cyclic C-O stretching / ring-site C-H in-plane bending cyclic C-C stretching 24.76%; mixed-phase cyclic C-O stretching 24.09%; ring-site C-H in-plane bending 19.35%; ring-site C-H out-of-plane bending 11.22%
   30     1120.36          --                 --  C-H bending                                                    C-H bending 79.51%; mixed-phase cyclic C-O stretching 4.08%; ring-site C-H out-of-plane bending 4.07%; cyclic C-C stretching 3.48%
   31     1145.87          --                 --  mixed C-H bending / cyclic C-C stretching                      C-H bending 52.68%; cyclic C-C stretching 8.80%; cyclic C-O stretching 7.88%; ring-site N-H in-plane bending 6.28%
   32     1185.90          --                 --  mixed ring-site C-H in-plane bending / C-H bending             ring-site C-H in-plane bending 32.23%; C-H bending 27.91%; cyclic C-C stretching 6.85%; ring-site N-H in-plane bending 6.52%
   33     1202.37          --                 --  mixed ring-site C-H out-of-plane bending / ring-site C-H in-plane bending ring-site C-H out-of-plane bending 36.83%; ring-site C-H in-plane bending 14.41%; mixed-phase cyclic C-C stretching 11.82%; C-H bending 8.52%
   34     1234.80          --                 --  mixed ring-site C-H out-of-plane bending / mixed-phase cyclic C-C stretching ring-site C-H out-of-plane bending 41.19%; mixed-phase cyclic C-C stretching 27.83%; ring-site C-H in-plane bending 11.02%; cyclic-ring deformation (C-N-C bend) 6.27%
   35     1248.23          --                 --  mixed ring-site C-H in-plane bending / ring-site C-H out-of-plane bending / mixed-phase cyclic C-C stretching ring-site C-H in-plane bending 33.73%; ring-site C-H out-of-plane bending 17.47%; mixed-phase cyclic C-C stretching 15.80%; ring-site N-H in-plane bending 14.12%
   36     1332.79          --                 --  mixed ring-site C-H in-plane bending / cyclic C-N stretching   ring-site C-H in-plane bending 57.43%; cyclic C-N stretching 12.76%; ring-site C-H out-of-plane bending 8.04%; in-phase cyclic C-O stretching 4.76%
   37     1359.73          --                 --  mixed ring-site N-H in-plane bending / ring-site C-H out-of-plane bending / cyclic C-C stretching ring-site N-H in-plane bending 36.16%; ring-site C-H out-of-plane bending 20.17%; cyclic C-C stretching 15.50%; ring-site C-H in-plane bending 8.65%
   38     1418.67          --                 --  mixed ring-site C-H in-plane bending / cyclic C-C stretching   ring-site C-H in-plane bending 39.97%; cyclic C-C stretching 31.22%; ring-site N-H in-plane bending 11.21%; cyclic-ring deformation (C-N-C bend) 6.43%
   39     1444.20          --                 --  C-H bending                                                    C-H bending 96.32%; C-N stretching 2.13%
   40     1492.99          --                 --  C-H bending                                                    C-H bending 99.52%
   41     1501.37          --                 --  C-H bending                                                    C-H bending 99.18%
   42     1803.24          --                 --  exocyclic C-N stretching                                       exocyclic C-N stretching 71.30%; cyclic-ring deformation (O-C-C bend) 14.06%; cyclic C-C stretching 6.88%; C-N stretching 2.71%
   43     3016.16          --                 --  C-H stretching                                                 C-H stretching 99.70%
   44     3071.55          --                 --  opposite-phase C-H stretching                                  opposite-phase C-H stretching 99.59%
   45     3095.45          --                 --  mixed-phase C-H stretching                                     mixed-phase C-H stretching 99.53%
   46     3175.08          --                 --  mixed-phase ring-site C-H stretching                           mixed-phase ring-site C-H stretching 98.79%
   47     3177.96          --                 --  opposite-phase ring-site C-H stretching                        opposite-phase ring-site C-H stretching 99.14%
   48     3188.12          --                 --  ring-site C-H stretching                                       ring-site C-H stretching 98.69%
   49     3217.00          --                 --  ring-site C-H stretching                                       ring-site C-H stretching 99.07%
   50     3485.33          --                 --  ring-site N-H stretching                                       ring-site N-H stretching 99.58%

# Selected internal-coordinate set:
#   1  nu(C6-C9)
#   2  nu(C1-H11)
#   3  nu(N2-C3)
#   4  nu(O4-C5)
#   5  nu(N7-C8)
#   6  nu(C6-N7)
#   7  nu(C8-C9)
#   8  nu(C1-H10)
#   9  nu(C5-H13)
#  10  nu(N7-H15)
#  11  nu(C1-H12)
#  12  tau(C3-O4-C5-H13)
#  13  gamma(H17;C9,C6,C8)
#  14  nu(C3-O4)
#  15  nu(C8-H16)
#  16  tau(C3-O4-C5-C6)
#  17  nu(C6-H14)
#  18  nu(C1-N2)
#  19  tau(H14-C6-N7-C8)
#  20  tau(H12-C1-N2-C3)
#  21  nu(C9-H17)
#  22  delta(C8-N7-H15)
#  23  delta(C6-N7-H15)
#  24  delta(O4-C5-H13)
#  25  delta(H10-C1-H11)
#  26  delta(C1-N2-C3)
#  27  delta(N2-C1-H10)
#  28  delta(C9-C8-H16)
#  29  tau(H16-C8-C9-C5)
#  30  delta(H10-C1-H12)
#  31  delta(N7-C6-H14)
#  32  gamma(H17;C9,C5,C6)
#  33  delta(H11-C1-H12)
#  34  delta(O4-C5-C6)
#  35  tau(C1-N2-C3-C8)
#  36  nu(C5-C6)
#  37  nu(C3-C8)
#  38  delta(O4-C3-C8)
#  39  delta(N2-C1-H12)
#  40  delta(C6-N7-C8)
#  41  gamma(C5;C6,N7,C9)
#  42  tau(C6-N7-C8-C9)
#  43  tau(N2-C3-O4-C5)
#  44  delta(N2-C3-C8)
#  45  tau(O4-C3-C8-C9)

Wrote: /local/scratch/mv487/qm9s/experiment_1_phase2/ped/89622/89622_summary.csv
Wrote: /local/scratch/mv487/qm9s/experiment_1_phase2/ped/89622/89622_families.csv
Wrote: /local/scratch/mv487/qm9s/experiment_1_phase2/ped/89622/89622_ped.csv
Wrote: /local/scratch/mv487/qm9s/experiment_1_phase2/ped/89622/89622_ir_transitions.csv

# All generated files are in: /local/scratch/mv487/qm9s/experiment_1_phase2/ped/89622
# Manifest: /local/scratch/mv487/qm9s/experiment_1_phase2/ped/89622/89622_manifest.txt

--- stderr ---
Normal modes/frequencies absent or incomplete: diagonalizing Hessian.
