# Contact: romi@lens.unifi.it
# Manual: https://github.com/SebRoLENS/orca-ped-analyzer/blob/main/docs/ORCA_PED_Analyzer_Manual.md
# Check GitHub for updates and new releases: https://github.com/SebRoLENS/orca-ped-analyzer
#
# Molecule: 18 atoms | non-linear
# Bonds inferred: 18 | candidate ICs: 143 | selected ICs: 48
# Cartesian-Hessian reconstruction relative error: 2.147e-05
# Energy distribution: PED (PED is the backward-compatible default; TED includes kinetic-energy terms)
# Ring/cycle bonds detected: 3 | ring atoms: 3 | ring systems: 1
# VPT2: no matching .out file supplied/found -> harmonic/PED analysis only
#
 Mode   Harm/cm-1   VPT2/cm-1  Harm.Int/km mol-1  Assignment                                                     Grouped PED
------------------------------------------------------------------------------------------------------------------------------------------------------------------------------------------------
    6       36.50          --                 --  mixed C-O torsion / C-C torsion                                C-O torsion 57.90%; C-C torsion 24.28%; C-N torsion 12.36%
    7       49.34          --                 --  C-C torsion                                                    C-C torsion 96.61%
    8      105.73          --                 --  mixed C-C torsion / cyclic-ring torsional/out-of-plane deformation C-C torsion 44.18%; cyclic-ring torsional/out-of-plane deformation 16.45%; C-C out-of-plane bending 14.41%; C-C-O bending 14.04%
    9      159.81          --                 --  C-C torsion                                                    C-C torsion 83.91%; C-O torsion 12.42%
   10      173.37          --                 --  C-C torsion                                                    C-C torsion 98.22%
   11      230.89          --                 --  mixed C-C torsion / cyclic-ring torsional/out-of-plane deformation C-C torsion 36.03%; cyclic-ring torsional/out-of-plane deformation 28.48%; C-C out-of-plane bending 8.93%; O-C-N bending 5.19%
   12      264.30          --                 --  mixed C-C torsion / C-C out-of-plane bending                   C-C torsion 22.04%; C-C out-of-plane bending 17.89%; O-C-C bending 12.91%; C-C-O bending 11.55%
   13      272.70          --                 --  C-N torsion                                                    C-N torsion 91.81%; N-H bending 7.14%
   14      375.76          --                 --  mixed C-C-O bending / C-C out-of-plane bending                 C-C-O bending 36.85%; C-C out-of-plane bending 23.19%; C-C torsion 13.55%; cyclic-ring torsional/out-of-plane deformation 5.15%
   15      456.96          --                 --  mixed O-C-N bending / cyclic-ring torsional/out-of-plane deformation O-C-N bending 23.28%; cyclic-ring torsional/out-of-plane deformation 15.28%; N-C-O bending 14.85%; C-C-O bending 13.28%
   16      473.11          --                 --  mixed C-C torsion / O-C-C bending                              C-C torsion 38.18%; O-C-C bending 24.37%; C-C out-of-plane bending 11.39%; C-H bending 8.84%
   17      515.74          --                 --  C-N torsion                                                    C-N torsion 95.43%
   18      560.86          --                 --  mixed cyclic-ring torsional/out-of-plane deformation / N-C-O bending cyclic-ring torsional/out-of-plane deformation 19.56%; N-C-O bending 16.97%; O-C-N bending 14.45%; C-N torsion 11.76%
   19      668.24          --                 --  mixed N-C-O bending / C-O-C bending                            N-C-O bending 33.15%; C-O-C bending 12.93%; C-N stretching 11.40%; cyclic-ring torsional/out-of-plane deformation 9.71%
   20      757.40          --                 --  mixed opposite-phase cyclic C-O stretching / C-H bending       opposite-phase cyclic C-O stretching 53.01%; C-H bending 13.00%; C-C torsion 12.34%; exocyclic C-C stretching 5.53%
   21      775.99          --                 --  C-N torsion                                                    C-N torsion 88.71%; opposite-phase cyclic C-O stretching 3.06%; C-O torsion 2.67%
   22      833.88          --                 --  mixed C-C torsion / cyclic C-C stretching / exocyclic C-C stretching C-C torsion 26.35%; cyclic C-C stretching 20.10%; exocyclic C-C stretching 16.41%; cyclic C-O stretching 11.87%
   23      906.57          --                 --  mixed in-phase cyclic C-O stretching / C-H bending / C-C torsion in-phase cyclic C-O stretching 35.99%; C-H bending 15.59%; C-C torsion 15.28%; in-phase exocyclic C-C stretching 13.73%
   24      928.47          --                 --  mixed in-phase C-O stretching / C-C-O bending                  in-phase C-O stretching 38.96%; C-C-O bending 13.24%; C-C torsion 10.87%; N-H bending 7.59%
   25      995.28          --                 --  mixed C-H bending / C-C torsion / C-C out-of-plane bending     C-H bending 39.01%; C-C torsion 29.11%; C-C out-of-plane bending 19.11%; mixed-phase exocyclic C-C stretching 6.46%
   26     1016.65          --                 --  mixed C-H bending / C-C torsion / mixed-phase cyclic C-O stretching C-H bending 30.76%; C-C torsion 18.25%; mixed-phase cyclic C-O stretching 17.21%; opposite-phase exocyclic C-C stretching 15.82%
   27     1080.20          --                 --  mixed mixed-phase C-O stretching / C-N stretching              mixed-phase C-O stretching 68.19%; C-N stretching 10.93%; C-C out-of-plane bending 6.49%; C-H bending 3.55%
   28     1096.78          --                 --  mixed C-C out-of-plane bending / C-C torsion                   C-C out-of-plane bending 34.21%; C-C torsion 17.13%; C-H bending 14.11%; ring-site C-H in-plane bending 10.67%
   29     1112.43          --                 --  mixed N-H bending / mixed-phase C-O stretching                 N-H bending 26.38%; mixed-phase C-O stretching 16.84%; C-H bending 11.36%; C-C out-of-plane bending 8.43%
   30     1127.45          --                 --  mixed C-H bending / C-C out-of-plane bending                   C-H bending 26.32%; C-C out-of-plane bending 16.13%; C-C torsion 11.69%; ring-site C-H in-plane bending 9.63%
   31     1173.65          --                 --  mixed C-C out-of-plane bending / C-C torsion / C-H bending     C-C out-of-plane bending 32.90%; C-C torsion 21.22%; C-H bending 18.96%; ring-site C-H in-plane bending 12.74%
   32     1192.14          --                 --  mixed C-C out-of-plane bending / ring-site C-H in-plane bending / C-C torsion C-C out-of-plane bending 39.25%; ring-site C-H in-plane bending 21.31%; C-C torsion 17.05%; C-H bending 9.85%
   33     1276.31          --                 --  mixed C-H bending / C-C torsion                                C-H bending 51.46%; C-C torsion 28.06%; C-H out-of-plane bending 9.46%; ring-site C-H in-plane bending 5.89%
   34     1304.79          --                 --  mixed ring-site C-H in-plane bending / cyclic C-C stretching   ring-site C-H in-plane bending 48.02%; cyclic C-C stretching 18.13%; C-C torsion 11.52%; C-H out-of-plane bending 5.21%
   35     1336.05          --                 --  mixed C-H out-of-plane bending / C-H bending / C-N stretching  C-H out-of-plane bending 18.34%; C-H bending 18.10%; C-N stretching 15.56%; C-O stretching 14.15%
   36     1386.54          --                 --  mixed ring-site C-H in-plane bending / C-H out-of-plane bending ring-site C-H in-plane bending 23.90%; C-H out-of-plane bending 19.65%; C-C out-of-plane bending 14.04%; C-H bending 12.21%
   37     1420.82          --                 --  mixed C-H out-of-plane bending / C-H bending                   C-H out-of-plane bending 56.65%; C-H bending 35.58%
   38     1434.17          --                 --  mixed C-H bending / C-H out-of-plane bending / C-C out-of-plane bending C-H bending 27.48%; C-H out-of-plane bending 23.62%; C-C out-of-plane bending 18.06%; ring-site C-H in-plane bending 15.20%
   39     1473.18          --                 --  mixed C-H bending / C-H out-of-plane bending                   C-H bending 43.27%; C-H out-of-plane bending 15.99%; C-C torsion 14.46%; ring-site C-H in-plane bending 6.71%
   40     1493.15          --                 --  mixed C-C torsion / C-H bending                                C-C torsion 41.79%; C-H bending 26.58%; C-C out-of-plane bending 7.43%; cyclic C-C stretching 7.10%
   41     1501.98          --                 --  mixed C-C torsion / C-H bending / C-H out-of-plane bending     C-C torsion 49.42%; C-H bending 23.74%; C-H out-of-plane bending 22.77%
   42     1514.88          --                 --  mixed C-H bending / C-H out-of-plane bending                   C-H bending 38.72%; C-H out-of-plane bending 13.90%; cyclic C-C stretching 11.06%; C-C out-of-plane bending 8.89%
   43     1618.72          --                 --  N-H bending                                                    N-H bending 91.22%; C-N stretching 3.07%; C-O stretching 2.65%
   44     1800.22          --                 --  mixed C-O stretching / C-N stretching                          C-O stretching 68.90%; C-N stretching 11.24%; O-C-N bending 9.98%; N-H bending 6.80%
   45     3037.78          --                 --  C-H stretching                                                 C-H stretching 99.18%
   46     3050.63          --                 --  C-H stretching                                                 C-H stretching 99.30%
   47     3085.35          --                 --  mixed-phase ring-site C-H stretching                           mixed-phase ring-site C-H stretching 93.15%; C-H stretching 5.76%
   48     3092.73          --                 --  opposite-phase C-H stretching                                  opposite-phase C-H stretching 99.32%
   49     3103.97          --                 --  ring-site C-H stretching                                       ring-site C-H stretching 87.62%; C-H stretching 11.34%
   50     3121.25          --                 --  mixed-phase C-H stretching                                     mixed-phase C-H stretching 89.98%; ring-site C-H stretching 9.58%
   51     3135.57          --                 --  mixed-phase C-H stretching                                     mixed-phase C-H stretching 93.47%; in-phase ring-site C-H stretching 6.09%
   52     3608.01          --                 --  in-phase N-H stretching                                        in-phase N-H stretching 99.63%
   53     3737.71          --                 --  opposite-phase N-H stretching                                  opposite-phase N-H stretching 99.66%

# Selected internal-coordinate set:
#   1  nu(C1-H10)
#   2  nu(C2-O3)
#   3  nu(C4-H14)
#   4  nu(C5-O6)
#   5  nu(C7-N8)
#   6  nu(C1-H11)
#   7  nu(C5-H16)
#   8  nu(C2-H13)
#   9  nu(N8-H18)
#  10  nu(C1-H12)
#  11  nu(C5-H15)
#  12  tau(O6-C7-N8-H18)
#  13  nu(O6-C7)
#  14  nu(O3-C4)
#  15  tau(O6-C7-N8-H17)
#  16  gamma(C1;C2,O3,H13)
#  17  gamma(C5;C4,O3,H14)
#  18  nu(N8-H17)
#  19  nu(C7-O9)
#  20  gamma(H15;C5,O6,H16)
#  21  delta(O3-C4-H14)
#  22  gamma(H10;C1,H11,H12)
#  23  delta(O3-C2-H13)
#  24  tau(O9-C7-N8-H17)
#  25  delta(H11-C1-H12)
#  26  delta(O6-C5-H16)
#  27  delta(H17-N8-H18)
#  28  delta(N8-C7-O9)
#  29  tau(H10-C1-C2-H13)
#  30  tau(H14-C4-C5-H15)
#  31  delta(C2-C1-H10)
#  32  delta(C4-C5-H15)
#  33  nu(C1-C2)
#  34  tau(C5-O6-C7-N8)
#  35  tau(H12-C1-C2-O3)
#  36  nu(C4-C5)
#  37  delta(C7-N8-H18)
#  38  delta(C1-C2-O3)
#  39  delta(C5-O6-C7)
#  40  delta(O3-C4-C5)
#  41  delta(C2-C1-H11)
#  42  nu(C2-C4)
#  43  tau(C4-C5-O6-C7)
#  44  delta(O6-C7-N8)
#  45  tau(C1-C2-O3-C4)
#  46  delta(C4-C5-O6)
#  47  tau(O3-C4-C5-H16)
#  48  tau(C2-O3-C4-C5)

Wrote: /local/scratch/mv487/qm9s/experiment_1_phase2/ped/82221/82221_summary.csv
Wrote: /local/scratch/mv487/qm9s/experiment_1_phase2/ped/82221/82221_families.csv
Wrote: /local/scratch/mv487/qm9s/experiment_1_phase2/ped/82221/82221_ped.csv
Wrote: /local/scratch/mv487/qm9s/experiment_1_phase2/ped/82221/82221_ir_transitions.csv

# All generated files are in: /local/scratch/mv487/qm9s/experiment_1_phase2/ped/82221
# Manifest: /local/scratch/mv487/qm9s/experiment_1_phase2/ped/82221/82221_manifest.txt

--- stderr ---
Normal modes/frequencies absent or incomplete: diagonalizing Hessian.
