# Contact: romi@lens.unifi.it
# Manual: https://github.com/SebRoLENS/orca-ped-analyzer/blob/main/docs/ORCA_PED_Analyzer_Manual.md
# Check GitHub for updates and new releases: https://github.com/SebRoLENS/orca-ped-analyzer
#
# Molecule: 17 atoms | non-linear
# Bonds inferred: 18 | candidate ICs: 156 | selected ICs: 45
# Cartesian-Hessian reconstruction relative error: 2.663e-05
# Energy distribution: PED (PED is the backward-compatible default; TED includes kinetic-energy terms)
# Ring/cycle bonds detected: 7 | ring atoms: 6 | ring systems: 1
# VPT2: no matching .out file supplied/found -> harmonic/PED analysis only
#
 Mode   Harm/cm-1   VPT2/cm-1  Harm.Int/km mol-1  Assignment                                                     Grouped PED
------------------------------------------------------------------------------------------------------------------------------------------------------------------------------------------------
    6      124.55          --                 --  mixed cyclic-ring torsional/out-of-plane deformation / ring-site C-H out-of-plane bending / cyclic-ring out-of-plane deformation cyclic-ring torsional/out-of-plane deformation 39.75%; ring-site C-H out-of-plane bending 21.32%; cyclic-ring out-of-plane deformation 16.82%; C-C-N linear bending 12.57%
    7      143.26          --                 --  mixed C-C-C bending / C-C-N linear bending                     C-C-C bending 46.61%; C-C-N linear bending 37.44%; cyclic-ring torsional/out-of-plane deformation 4.40%; C-C torsion 4.00%
    8      176.61          --                 --  mixed C-C torsion / ring-site C-H out-of-plane bending         C-C torsion 65.20%; ring-site C-H out-of-plane bending 12.90%; cyclic-ring out-of-plane deformation 9.74%; C-C-C bending 5.57%
    9      216.46          --                 --  mixed cyclic-ring torsional/out-of-plane deformation / cyclic-ring out-of-plane deformation cyclic-ring torsional/out-of-plane deformation 43.55%; cyclic-ring out-of-plane deformation 21.70%; ring-site C-H out-of-plane bending 13.51%; C-C-N linear bending 7.39%
   10      287.44          --                 --  mixed ring-site C-H out-of-plane bending / cyclic-ring out-of-plane deformation ring-site C-H out-of-plane bending 57.09%; cyclic-ring out-of-plane deformation 29.23%; C-C-C bending 5.16%; ring-site C-H in-plane bending 3.27%
   11      319.51          --                 --  mixed C-C-C bending / ring-site C-H out-of-plane bending       C-C-C bending 39.92%; ring-site C-H out-of-plane bending 25.18%; C-C-N linear bending 11.45%; cyclic-ring out-of-plane deformation 10.45%
   12      396.27          --                 --  mixed cyclic-ring out-of-plane deformation / ring-site C-H out-of-plane bending cyclic-ring out-of-plane deformation 38.20%; ring-site C-H out-of-plane bending 29.29%; cyclic-ring torsional/out-of-plane deformation 12.61%; C-C-N linear bending 8.76%
   13      499.95          --                 --  mixed ring-site C-H out-of-plane bending / mixed-phase exocyclic C-C stretching ring-site C-H out-of-plane bending 29.68%; mixed-phase exocyclic C-C stretching 15.07%; cyclic-ring deformation (C-N-C bend) 12.89%; cyclic-ring torsional/out-of-plane deformation 10.69%
   14      530.96          --                 --  mixed cyclic-ring out-of-plane deformation / ring-site C-H out-of-plane bending cyclic-ring out-of-plane deformation 28.01%; ring-site C-H out-of-plane bending 24.63%; C-C-N linear bending 12.45%; cyclic-ring torsional/out-of-plane deformation 11.02%
   15      580.15          --                 --  mixed cyclic-ring deformation (C-N-C bend) / C-C-N linear bending / C-C-C bending cyclic-ring deformation (C-N-C bend) 22.45%; C-C-N linear bending 21.82%; C-C-C bending 15.35%; ring-site C-H out-of-plane bending 9.02%
   16      617.26          --                 --  mixed cyclic-ring out-of-plane deformation / mixed-phase cyclic C-N stretching cyclic-ring out-of-plane deformation 45.43%; mixed-phase cyclic C-N stretching 12.90%; in-phase exocyclic C-C stretching 10.46%; ring-site C-H out-of-plane bending 8.92%
   17      624.08          --                 --  mixed cyclic-ring out-of-plane deformation / ring-site C-H out-of-plane bending / cyclic-ring torsional/out-of-plane deformation cyclic-ring out-of-plane deformation 17.16%; ring-site C-H out-of-plane bending 15.62%; cyclic-ring torsional/out-of-plane deformation 15.30%; cyclic C-N stretching 11.99%
   18      749.88          --                 --  mixed cyclic-ring deformation (C-N-C bend) / cyclic-ring deformation (C-C-C bend) cyclic-ring deformation (C-N-C bend) 40.38%; cyclic-ring deformation (C-C-C bend) 19.95%; ring-site C-H out-of-plane bending 14.62%; cyclic-ring out-of-plane deformation 7.34%
   19      803.26          --                 --  mixed mixed-phase cyclic C-N stretching / cyclic-ring out-of-plane deformation / ring-site C-H out-of-plane bending mixed-phase cyclic C-N stretching 35.46%; cyclic-ring out-of-plane deformation 28.10%; ring-site C-H out-of-plane bending 16.73%; cyclic-ring deformation (C-N-C bend) 7.09%
   20      812.41          --                 --  mixed ring-site C-H out-of-plane bending / ring-site C-H in-plane bending ring-site C-H out-of-plane bending 51.55%; ring-site C-H in-plane bending 14.15%; in-phase cyclic C-N stretching 12.92%; C-H bending 8.27%
   21      837.95          --                 --  mixed in-phase cyclic C-N stretching / cyclic-ring out-of-plane deformation in-phase cyclic C-N stretching 58.62%; cyclic-ring out-of-plane deformation 16.19%; ring-site C-H out-of-plane bending 10.41%; ring-site C-H in-plane bending 3.50%
   22      927.31          --                 --  mixed ring-site C-H out-of-plane bending / mixed-phase cyclic C-C stretching ring-site C-H out-of-plane bending 35.74%; mixed-phase cyclic C-C stretching 26.93%; in-phase cyclic C-N stretching 10.31%; ring-site C-H in-plane bending 8.11%
   23      958.96          --                 --  mixed cyclic C-C stretching / mixed-phase cyclic C-N stretching / ring-site C-H out-of-plane bending cyclic C-C stretching 22.87%; mixed-phase cyclic C-N stretching 16.76%; ring-site C-H out-of-plane bending 15.62%; ring-site C-H in-plane bending 11.39%
   24     1005.48          --                 --  mixed ring-site C-H out-of-plane bending / ring-site C-H in-plane bending / cyclic-ring deformation (C-C-C bend) ring-site C-H out-of-plane bending 24.06%; ring-site C-H in-plane bending 17.93%; cyclic-ring deformation (C-C-C bend) 16.60%; mixed-phase cyclic C-N stretching 15.30%
   25     1030.45          --                 --  mixed ring-site C-H in-plane bending / ring-site C-H out-of-plane bending ring-site C-H in-plane bending 61.70%; ring-site C-H out-of-plane bending 15.71%; C-H bending 8.50%; mixed-phase cyclic C-C stretching 4.85%
   26     1049.52          --                 --  mixed opposite-phase cyclic C-N stretching / ring-site C-H in-plane bending opposite-phase cyclic C-N stretching 29.71%; ring-site C-H in-plane bending 14.79%; ring-site C-H out-of-plane bending 13.87%; cyclic-ring out-of-plane deformation 12.67%
   27     1072.31          --                 --  C-H bending                                                    C-H bending 87.93%; ring-site C-H out-of-plane bending 3.99%; cyclic-ring torsional/out-of-plane deformation 3.93%
   28     1124.01          --                 --  mixed C-N out-of-plane bending / ring-site C-H out-of-plane bending C-N out-of-plane bending 67.95%; ring-site C-H out-of-plane bending 26.07%; cyclic-ring out-of-plane deformation 2.03%
   29     1136.58          --                 --  mixed mixed-phase exocyclic C-C stretching / ring-site C-H in-plane bending mixed-phase exocyclic C-C stretching 22.98%; ring-site C-H in-plane bending 17.16%; in-phase cyclic C-N stretching 13.68%; ring-site C-H out-of-plane bending 12.12%
   30     1152.45          --                 --  mixed ring-site C-H out-of-plane bending / C-N out-of-plane bending ring-site C-H out-of-plane bending 57.70%; C-N out-of-plane bending 11.41%; mixed-phase cyclic C-N stretching 9.57%; cyclic-ring out-of-plane deformation 5.55%
   31     1220.67          --                 --  ring-site C-H in-plane bending                                 ring-site C-H in-plane bending 81.64%; ring-site C-H out-of-plane bending 11.83%; cyclic-ring out-of-plane deformation 2.13%
   32     1241.72          --                 --  mixed ring-site C-H in-plane bending / in-phase cyclic C-C stretching ring-site C-H in-plane bending 36.24%; in-phase cyclic C-C stretching 21.72%; exocyclic C-C stretching 12.94%; cyclic-ring deformation (C-N-C bend) 9.59%
   33     1309.65          --                 --  mixed mixed-phase cyclic C-N stretching / exocyclic C-C stretching mixed-phase cyclic C-N stretching 62.02%; exocyclic C-C stretching 13.36%; ring-site C-H in-plane bending 4.71%; cyclic-ring deformation (C-C-C bend) 4.12%
   34     1328.24          --                 --  mixed mixed-phase cyclic C-C stretching / ring-site C-H in-plane bending mixed-phase cyclic C-C stretching 34.49%; ring-site C-H in-plane bending 19.07%; cyclic-ring deformation (C-C-C bend) 11.43%; in-phase exocyclic C-C stretching 9.29%
   35     1342.75          --                 --  ring-site C-H in-plane bending                                 ring-site C-H in-plane bending 83.91%; cyclic C-C stretching 5.05%; ring-site C-H out-of-plane bending 3.03%; cyclic-ring deformation (C-C-C bend) 2.63%
   36     1426.30          --                 --  C-H bending                                                    C-H bending 93.26%; exocyclic C-C stretching 5.07%
   37     1482.32          --                 --  C-H bending                                                    C-H bending 98.58%
   38     1491.29          --                 --  C-H bending                                                    C-H bending 78.15%; ring-site C-H out-of-plane bending 13.00%; ring-site C-H in-plane bending 7.03%
   39     1493.85          --                 --  C-H bending                                                    C-H bending 88.56%; ring-site C-H out-of-plane bending 6.95%; ring-site C-H in-plane bending 3.40%
   40     1504.10          --                 --  C-H bending                                                    C-H bending 74.46%; ring-site C-H out-of-plane bending 14.60%; ring-site C-H in-plane bending 8.87%
   41     1708.98          --                 --  cyclic C-C stretching                                          cyclic C-C stretching 74.88%; ring-site C-H in-plane bending 7.50%; exocyclic C-C stretching 7.00%; C-C-C bending 3.85%
   42     2355.06          --                 --  C-N stretching                                                 C-N stretching 89.57%; exocyclic C-C stretching 10.26%
   43     3026.36          --                 --  C-H stretching                                                 C-H stretching 98.84%
   44     3029.58          --                 --  in-phase ring-site C-H stretching                              in-phase ring-site C-H stretching 98.38%
   45     3056.32          --                 --  opposite-phase ring-site C-H stretching                        opposite-phase ring-site C-H stretching 99.14%
   46     3072.69          --                 --  opposite-phase C-H stretching                                  opposite-phase C-H stretching 99.52%
   47     3096.97          --                 --  ring-site C-H stretching                                       ring-site C-H stretching 99.15%
   48     3116.72          --                 --  mixed-phase C-H stretching                                     mixed-phase C-H stretching 99.61%
   49     3193.78          --                 --  mixed-phase ring-site C-H stretching                           mixed-phase ring-site C-H stretching 99.15%
   50     3195.90          --                 --  ring-site C-H stretching                                       ring-site C-H stretching 98.28%

# Selected internal-coordinate set:
#   1  nu(C1-C2)
#   2  nu(C3-C4)
#   3  nu(N5-C7)
#   4  nu(C6-H16)
#   5  nu(C8-N9)
#   6  nu(C1-H12)
#   7  nu(C4-H14)
#   8  delta_lin1(C7-C8-N9)
#   9  nu(C6-H17)
#  10  nu(C1-H10)
#  11  nu(C4-N5)
#  12  nu(C3-H13)
#  13  delta_lin2(C7-C8-N9)
#  14  tau(C7-C2-C3-H13)
#  15  gamma(N5;C6,H16,H17)
#  16  tau(C3-C2-C7-N5)
#  17  nu(C1-H11)
#  18  nu(C4-H15)
#  19  nu(C2-C7)
#  20  tau(C1-C2-C7-N5)
#  21  delta(H16-C6-H17)
#  22  delta(C4-C3-H13)
#  23  delta(H10-C1-H12)
#  24  delta(H14-C4-H15)
#  25  delta(H10-C1-H11)
#  26  delta(H11-C1-H12)
#  27  delta(N5-C4-H15)
#  28  delta(N5-C4-H14)
#  29  nu(C7-C8)
#  30  delta(C1-C2-C7)
#  31  nu(N5-C6)
#  32  delta(C4-N5-C7)
#  33  gamma(H16;C6,N5,C7)
#  34  delta(C3-C4-H14)
#  35  delta(C2-C1-H12)
#  36  delta(C2-C3-C4)
#  37  delta(C2-C1-H10)
#  38  tau(H17-C6-C7-C8)
#  39  gamma(C6;N5,C4,C7)
#  40  tau(H11-C1-C2-C7)
#  41  delta(C6-C7-C8)
#  42  nu(C2-C3)
#  43  tau(H16-C6-C7-C2)
#  44  tau(H15-C4-N5-C7)
#  45  gamma(C6;C7,C2,N5)

Wrote: /local/scratch/mv487/qm9s/experiment_1_phase2/ped/69332/69332_summary.csv
Wrote: /local/scratch/mv487/qm9s/experiment_1_phase2/ped/69332/69332_families.csv
Wrote: /local/scratch/mv487/qm9s/experiment_1_phase2/ped/69332/69332_ped.csv
Wrote: /local/scratch/mv487/qm9s/experiment_1_phase2/ped/69332/69332_ir_transitions.csv

# All generated files are in: /local/scratch/mv487/qm9s/experiment_1_phase2/ped/69332
# Manifest: /local/scratch/mv487/qm9s/experiment_1_phase2/ped/69332/69332_manifest.txt

--- stderr ---
Normal modes/frequencies absent or incomplete: diagonalizing Hessian.
