# Contact: romi@lens.unifi.it
# Manual: https://github.com/SebRoLENS/orca-ped-analyzer/blob/main/docs/ORCA_PED_Analyzer_Manual.md
# Check GitHub for updates and new releases: https://github.com/SebRoLENS/orca-ped-analyzer
#
# Molecule: 19 atoms | non-linear
# Bonds inferred: 21 | candidate ICs: 260 | selected ICs: 51
# Cartesian-Hessian reconstruction relative error: 1.529e-05
# Energy distribution: PED (PED is the backward-compatible default; TED includes kinetic-energy terms)
# Ring/cycle bonds detected: 7 | ring atoms: 5 | ring systems: 1
# VPT2: no matching .out file supplied/found -> harmonic/PED analysis only
#
 Mode   Harm/cm-1   VPT2/cm-1  Harm.Int/km mol-1  Assignment                                                     Grouped PED
------------------------------------------------------------------------------------------------------------------------------------------------------------------------------------------------
    6       68.38          --                 --  C-O torsion                                                    C-O torsion 99.80%
    7      144.14          --                 --  mixed O-C-C bending / C-C torsion / cyclic-ring torsional/out-of-plane deformation O-C-C bending 36.06%; C-C torsion 20.07%; cyclic-ring torsional/out-of-plane deformation 15.57%; C-O-C bending 10.93%
    8      167.79          --                 --  mixed C-C torsion / C-O torsion                                C-C torsion 56.03%; C-O torsion 26.56%; O-C-C bending 8.23%; cyclic-ring torsional/out-of-plane deformation 6.06%
    9      178.27          --                 --  C-C torsion                                                    C-C torsion 97.66%
   10      200.34          --                 --  mixed C-C torsion / cyclic-ring torsional/out-of-plane deformation C-C torsion 44.38%; cyclic-ring torsional/out-of-plane deformation 27.64%; C-O torsion 13.45%; cyclic C-C stretching 6.50%
   11      219.29          --                 --  C-O torsion                                                    C-O torsion 78.50%; C-C torsion 12.61%; cyclic-ring torsional/out-of-plane deformation 3.28%; C-H bending 2.17%
   12      250.13          --                 --  mixed C-O torsion / cyclic-ring torsional/out-of-plane deformation / C-C torsion C-O torsion 32.89%; cyclic-ring torsional/out-of-plane deformation 26.88%; C-C torsion 20.40%; ring-site C-H out-of-plane bending 4.87%
   13      290.36          --                 --  mixed cyclic-ring torsional/out-of-plane deformation / C-O-C bending / C-C torsion cyclic-ring torsional/out-of-plane deformation 28.28%; C-O-C bending 20.62%; C-C torsion 19.15%; O-C-C bending 8.03%
   14      344.11          --                 --  mixed cyclic-ring torsional/out-of-plane deformation / O-C-C bending / ring-site C-H out-of-plane bending cyclic-ring torsional/out-of-plane deformation 37.31%; O-C-C bending 19.50%; ring-site C-H out-of-plane bending 19.46%; C-O torsion 14.81%
   15      416.08          --                 --  mixed cyclic-ring torsional/out-of-plane deformation / C-C torsion cyclic-ring torsional/out-of-plane deformation 30.93%; C-C torsion 17.10%; C-H bending 12.33%; C-O-C bending 10.82%
   16      483.44          --                 --  mixed C-C torsion / O-C-C bending / opposite-phase cyclic C-C stretching C-C torsion 21.65%; O-C-C bending 18.06%; opposite-phase cyclic C-C stretching 17.43%; cyclic-ring torsional/out-of-plane deformation 13.94%
   17      593.01          --                 --  mixed cyclic-ring torsional/out-of-plane deformation / in-phase cyclic C-C stretching cyclic-ring torsional/out-of-plane deformation 60.05%; in-phase cyclic C-C stretching 13.84%; exocyclic C-O stretching 11.86%; C-C torsion 6.16%
   18      635.63          --                 --  mixed cyclic-ring torsional/out-of-plane deformation / mixed-phase cyclic C-C stretching cyclic-ring torsional/out-of-plane deformation 29.88%; mixed-phase cyclic C-C stretching 23.65%; mixed-phase cyclic C-O stretching 13.09%; exocyclic C-C stretching 8.68%
   19      664.34          --                 --  mixed mixed-phase cyclic C-O stretching / in-phase cyclic C-C stretching / cyclic-ring torsional/out-of-plane deformation mixed-phase cyclic C-O stretching 24.08%; in-phase cyclic C-C stretching 18.39%; cyclic-ring torsional/out-of-plane deformation 15.68%; exocyclic C-C stretching 11.53%
   20      756.80          --                 --  mixed mixed-phase cyclic C-O stretching / mixed-phase cyclic C-C stretching mixed-phase cyclic C-O stretching 42.85%; mixed-phase cyclic C-C stretching 19.55%; ring-site C-H out-of-plane bending 7.45%; O-C-C bending 6.64%
   21      823.13          --                 --  mixed mixed-phase cyclic C-C stretching / cyclic-ring torsional/out-of-plane deformation mixed-phase cyclic C-C stretching 59.80%; cyclic-ring torsional/out-of-plane deformation 9.82%; C-C torsion 7.59%; C-H bending 5.35%
   22      858.74          --                 --  mixed cyclic C-O stretching / C-H bending / cyclic C-C stretching cyclic C-O stretching 31.67%; C-H bending 18.54%; cyclic C-C stretching 15.31%; cyclic-ring torsional/out-of-plane deformation 10.34%
   23      895.45          --                 --  mixed cyclic-ring torsional/out-of-plane deformation / mixed-phase cyclic C-C stretching cyclic-ring torsional/out-of-plane deformation 30.26%; mixed-phase cyclic C-C stretching 29.10%; C-H bending 14.31%; in-phase cyclic C-O stretching 5.97%
   24      936.03          --                 --  mixed mixed-phase cyclic C-C stretching / ring-site C-H in-plane bending mixed-phase cyclic C-C stretching 38.68%; ring-site C-H in-plane bending 14.59%; C-O torsion 10.99%; C-H bending 8.73%
   25      970.51          --                 --  mixed mixed-phase cyclic C-C stretching / cyclic C-O stretching mixed-phase cyclic C-C stretching 29.05%; cyclic C-O stretching 22.22%; C-H bending 11.03%; O-C-C bending 8.79%
   26     1035.32          --                 --  mixed C-O stretching / exocyclic C-O stretching                C-O stretching 51.66%; exocyclic C-O stretching 9.47%; O-C-C bending 9.23%; cyclic-ring torsional/out-of-plane deformation 8.12%
   27     1064.59          --                 --  mixed C-H bending / ring-site C-H out-of-plane bending         C-H bending 34.31%; ring-site C-H out-of-plane bending 26.65%; ring-site C-H in-plane bending 12.31%; mixed-phase cyclic C-C stretching 10.21%
   28     1097.47          --                 --  mixed exocyclic C-O stretching / C-H bending / cyclic-ring torsional/out-of-plane deformation exocyclic C-O stretching 30.22%; C-H bending 19.38%; cyclic-ring torsional/out-of-plane deformation 18.92%; ring-site C-H in-plane bending 15.87%
   29     1114.24          --                 --  mixed C-H bending / exocyclic C-O stretching                   C-H bending 47.98%; exocyclic C-O stretching 17.61%; mixed-phase cyclic C-C stretching 13.61%; in-phase cyclic C-O stretching 5.64%
   30     1149.98          --                 --  mixed exocyclic C-O stretching / C-O stretching / C-H bending  exocyclic C-O stretching 25.89%; C-O stretching 23.96%; C-H bending 22.56%; ring-site C-H in-plane bending 8.21%
   31     1171.57          --                 --  mixed C-H bending / C-O torsion                                C-H bending 33.08%; C-O torsion 31.14%; O-H bending 9.78%; mixed-phase cyclic C-C stretching 8.24%
   32     1174.52          --                 --  mixed C-H bending / ring-site C-H in-plane bending / ring-site C-H out-of-plane bending C-H bending 38.84%; ring-site C-H in-plane bending 23.21%; ring-site C-H out-of-plane bending 15.70%; O-H bending 7.44%
   33     1183.12          --                 --  mixed C-H bending / ring-site C-H out-of-plane bending / C-O torsion C-H bending 36.48%; ring-site C-H out-of-plane bending 24.43%; C-O torsion 21.47%; ring-site C-H in-plane bending 4.61%
   34     1209.68          --                 --  mixed ring-site C-H in-plane bending / ring-site C-H out-of-plane bending / C-H bending ring-site C-H in-plane bending 31.71%; ring-site C-H out-of-plane bending 19.91%; C-H bending 18.42%; mixed-phase cyclic C-C stretching 12.42%
   35     1226.66          --                 --  mixed C-H bending / C-O torsion                                C-H bending 25.82%; C-O torsion 17.78%; mixed-phase cyclic C-C stretching 14.49%; ring-site C-H in-plane bending 12.74%
   36     1242.77          --                 --  mixed C-H bending / exocyclic C-O stretching                   C-H bending 52.12%; exocyclic C-O stretching 24.54%; ring-site C-H in-plane bending 5.15%; O-H bending 3.54%
   37     1285.82          --                 --  mixed O-H bending / mixed-phase cyclic C-C stretching          O-H bending 31.68%; mixed-phase cyclic C-C stretching 19.63%; ring-site C-H in-plane bending 13.27%; cyclic-ring torsional/out-of-plane deformation 12.70%
   38     1331.42          --                 --  mixed cyclic C-C stretching / ring-site C-H out-of-plane bending cyclic C-C stretching 32.51%; ring-site C-H out-of-plane bending 23.80%; C-H out-of-plane bending 14.11%; C-H bending 13.75%
   39     1404.25          --                 --  mixed ring-site C-H out-of-plane bending / C-H bending         ring-site C-H out-of-plane bending 53.24%; C-H bending 18.16%; C-H out-of-plane bending 9.35%; mixed-phase cyclic C-C stretching 7.20%
   40     1411.70          --                 --  mixed C-H out-of-plane bending / C-H bending                   C-H out-of-plane bending 48.91%; C-H bending 41.30%; ring-site C-H out-of-plane bending 5.79%; exocyclic C-C stretching 2.87%
   41     1455.18          --                 --  mixed in-phase cyclic C-C stretching / C-H bending / ring-site C-H out-of-plane bending in-phase cyclic C-C stretching 31.55%; C-H bending 19.50%; ring-site C-H out-of-plane bending 16.91%; exocyclic C-C stretching 11.87%
   42     1481.65          --                 --  C-H bending                                                    C-H bending 83.92%; C-H out-of-plane bending 11.63%; C-C torsion 3.86%
   43     1484.62          --                 --  C-H bending                                                    C-H bending 93.24%
   44     1491.21          --                 --  C-H bending                                                    C-H bending 91.38%; C-C torsion 5.24%
   45     1492.86          --                 --  C-H bending                                                    C-H bending 84.94%; C-C torsion 10.17%
   46     1509.14          --                 --  C-H bending                                                    C-H bending 97.64%
   47     2981.33          --                 --  C-H stretching                                                 C-H stretching 99.44%
   48     3029.38          --                 --  opposite-phase C-H stretching                                  opposite-phase C-H stretching 98.65%
   49     3040.44          --                 --  in-phase C-H stretching                                        in-phase C-H stretching 92.54%; ring-site C-H stretching 6.91%
   50     3043.92          --                 --  ring-site C-H stretching                                       ring-site C-H stretching 91.62%; in-phase C-H stretching 7.52%
   51     3083.92          --                 --  ring-site C-H stretching                                       ring-site C-H stretching 99.03%
   52     3108.52          --                 --  opposite-phase C-H stretching                                  opposite-phase C-H stretching 99.60%
   53     3115.99          --                 --  mixed-phase C-H stretching                                     mixed-phase C-H stretching 99.48%
   54     3121.95          --                 --  C-H stretching                                                 C-H stretching 98.85%
   55     3127.92          --                 --  ring-site C-H stretching                                       ring-site C-H stretching 97.60%
   56     3821.54          --                 --  O-H stretching                                                 O-H stretching 99.94%

# Selected internal-coordinate set:
#   1  nu(C1-O2)
#   2  nu(C3-C4)
#   3  nu(O5-C6)
#   4  nu(C7-H15)
#   5  nu(C8-H18)
#   6  nu(O9-H19)
#   7  nu(C4-O5)
#   8  nu(C1-H11)
#   9  nu(C3-C6)
#  10  nu(C7-H16)
#  11  nu(C6-C8)
#  12  nu(C4-C8)
#  13  nu(C7-H17)
#  14  nu(C1-H10)
#  15  nu(C3-H13)
#  16  nu(C1-H12)
#  17  delta(C8-O9-H19)
#  18  tau(H18-C8-O9-H19)
#  19  nu(O2-C3)
#  20  gamma(H15;C7,H16,H17)
#  21  nu(C4-H14)
#  22  tau(C1-O2-C3-H13)
#  23  delta(H16-C7-H17)
#  24  tau(O5-C4-C6-C8)
#  25  delta(H11-C1-H12)
#  26  delta(H10-C1-H12)
#  27  delta(H10-C1-H11)
#  28  delta(O5-C4-H14)
#  29  tau(O5-C6-C8-H18)
#  30  gamma(H13;C3,C4,C6)
#  31  delta(C8-C4-H14)
#  32  tau(C8-C6-C7-H15)
#  33  nu(C8-O9)
#  34  tau(C1-O2-C3-C4)
#  35  delta(C6-C7-H16)
#  36  tau(O5-C4-C8-H18)
#  37  delta(O2-C1-H11)
#  38  tau(C3-C6-C7-H17)
#  39  delta(C6-C7-H15)
#  40  tau(O5-C6-C8-O9)
#  41  nu(C6-C7)
#  42  tau(H11-C1-O2-C3)
#  43  tau(O5-C4-C8-O9)
#  44  delta(O2-C1-H10)
#  45  delta(H15-C7-H16)
#  46  delta(C1-O2-C3)
#  47  nu(C4-C6)
#  48  delta(O2-C3-C4)
#  49  tau(C4-C6-C7-H16)
#  50  delta(O2-C3-C6)
#  51  tau(C3-C4-C6-C8)

Wrote: /local/scratch/mv487/qm9s/experiment_1_phase2/ped/102582/102582_summary.csv
Wrote: /local/scratch/mv487/qm9s/experiment_1_phase2/ped/102582/102582_families.csv
Wrote: /local/scratch/mv487/qm9s/experiment_1_phase2/ped/102582/102582_ped.csv
Wrote: /local/scratch/mv487/qm9s/experiment_1_phase2/ped/102582/102582_ir_transitions.csv

# All generated files are in: /local/scratch/mv487/qm9s/experiment_1_phase2/ped/102582
# Manifest: /local/scratch/mv487/qm9s/experiment_1_phase2/ped/102582/102582_manifest.txt

--- stderr ---
Normal modes/frequencies absent or incomplete: diagonalizing Hessian.
