# Contact: romi@lens.unifi.it
# Manual: https://github.com/SebRoLENS/orca-ped-analyzer/blob/main/docs/ORCA_PED_Analyzer_Manual.md
# Check GitHub for updates and new releases: https://github.com/SebRoLENS/orca-ped-analyzer
#
# Molecule: 18 atoms | non-linear
# Bonds inferred: 18 | candidate ICs: 118 | selected ICs: 48
# Cartesian-Hessian reconstruction relative error: 1.799e-05
# Energy distribution: PED (PED is the backward-compatible default; TED includes kinetic-energy terms)
# Ring/cycle bonds detected: 5 | ring atoms: 5 | ring systems: 1
# VPT2: no matching .out file supplied/found -> harmonic/PED analysis only
#
 Mode   Harm/cm-1   VPT2/cm-1  Harm.Int/km mol-1  Assignment                                                     Grouped PED
------------------------------------------------------------------------------------------------------------------------------------------------------------------------------------------------
    6       52.67          --                 --  C-N torsion                                                    C-N torsion 88.32%; cyclic-ring torsional/out-of-plane deformation 6.99%; ring-site C-H out-of-plane bending 3.13%
    7      145.95          --                 --  cyclic-ring torsional/out-of-plane deformation                 cyclic-ring torsional/out-of-plane deformation 72.48%; C-N-C bending 19.86%; C-N torsion 5.93%
    8      156.02          --                 --  mixed C-N torsion / N-C-N bending                              C-N torsion 55.36%; N-C-N bending 19.39%; C-N-C bending 14.21%; N-C-O bending 4.92%
    9      224.21          --                 --  C-N torsion                                                    C-N torsion 99.27%
   10      232.35          --                 --  C-N torsion                                                    C-N torsion 90.71%; C-N-C bending 3.16%; N-C-O bending 2.36%
   11      252.12          --                 --  C-N torsion                                                    C-N torsion 76.80%; cyclic-ring torsional/out-of-plane deformation 13.32%; C-N-C bending 3.14%; N-H bending 2.18%
   12      277.38          --                 --  mixed cyclic-ring torsional/out-of-plane deformation / C-N torsion cyclic-ring torsional/out-of-plane deformation 64.53%; C-N torsion 18.24%; ring-site C-H out-of-plane bending 6.64%; N-H bending 5.10%
   13      307.71          --                 --  mixed C-N torsion / N-C-O bending                              C-N torsion 58.21%; N-C-O bending 16.10%; C-N-C bending 12.45%; C-H bending 3.98%
   14      383.04          --                 --  mixed C-N-C bending / C-N torsion                              C-N-C bending 59.28%; C-N torsion 16.73%; N-C-O bending 8.83%; C-H bending 5.80%
   15      467.76          --                 --  mixed cyclic-ring torsional/out-of-plane deformation / C-N-C bending cyclic-ring torsional/out-of-plane deformation 44.03%; C-N-C bending 36.02%; C-H bending 7.00%; C-N torsion 6.32%
   16      534.20          --                 --  mixed N-C-N bending / N-C-O bending / C-N torsion              N-C-N bending 29.31%; N-C-O bending 23.16%; C-N torsion 17.88%; C-N-C bending 6.42%
   17      612.28          --                 --  mixed cyclic-ring deformation (C-C-O bend) / mixed-phase exocyclic C-N stretching cyclic-ring deformation (C-C-O bend) 31.87%; mixed-phase exocyclic C-N stretching 23.05%; in-phase C-N stretching 13.09%; C-N-C bending 9.30%
   18      639.32          --                 --  mixed ring-site C-H out-of-plane bending / N-H bending         ring-site C-H out-of-plane bending 58.68%; N-H bending 17.82%; cyclic-ring torsional/out-of-plane deformation 11.15%; C-N torsion 5.85%
   19      707.78          --                 --  mixed N-H bending / ring-site C-H out-of-plane bending         N-H bending 46.06%; ring-site C-H out-of-plane bending 16.49%; exocyclic C-N stretching 13.44%; cyclic-ring torsional/out-of-plane deformation 8.43%
   20      740.78          --                 --  mixed cyclic-ring torsional/out-of-plane deformation / exocyclic C-N stretching cyclic-ring torsional/out-of-plane deformation 32.48%; exocyclic C-N stretching 14.23%; cyclic-ring deformation (C-C-O bend) 13.46%; C-N-C bending 9.91%
   21      753.81          --                 --  mixed ring-site C-H out-of-plane bending / cyclic-ring out-of-plane deformation ring-site C-H out-of-plane bending 29.56%; cyclic-ring out-of-plane deformation 29.18%; cyclic-ring torsional/out-of-plane deformation 14.42%; N-H bending 9.86%
   22      772.29          --                 --  mixed cyclic-ring out-of-plane deformation / ring-site C-H out-of-plane bending cyclic-ring out-of-plane deformation 57.19%; ring-site C-H out-of-plane bending 40.03%
   23      932.62          --                 --  mixed in-phase C-N stretching / cyclic-ring deformation (O-C-N bend) in-phase C-N stretching 39.75%; cyclic-ring deformation (O-C-N bend) 29.81%; opposite-phase cyclic C-O stretching 14.14%; C-H bending 4.42%
   24      954.27          --                 --  mixed cyclic-ring deformation (O-C-N bend) / in-phase C-N stretching / cyclic C-O stretching cyclic-ring deformation (O-C-N bend) 30.49%; in-phase C-N stretching 21.23%; cyclic C-O stretching 19.15%; cyclic-ring deformation (C-C-O bend) 11.10%
   25     1025.94          --                 --  mixed cyclic C-O stretching / N-H bending                      cyclic C-O stretching 38.87%; N-H bending 24.63%; cyclic C-N stretching 7.80%; ring-site C-H in-plane bending 6.25%
   26     1049.96          --                 --  mixed opposite-phase C-N stretching / C-H bending              opposite-phase C-N stretching 48.67%; C-H bending 47.10%; C-N torsion 3.05%
   27     1073.04          --                 --  mixed mixed-phase cyclic C-O stretching / cyclic-ring deformation (O-C-N bend) mixed-phase cyclic C-O stretching 59.76%; cyclic-ring deformation (O-C-N bend) 34.25%; cyclic-ring deformation (C-C-O bend) 2.84%
   28     1114.61          --                 --  C-H bending                                                    C-H bending 92.75%; C-N torsion 6.21%
   29     1142.96          --                 --  mixed cyclic C-N stretching / C-H bending                      cyclic C-N stretching 46.09%; C-H bending 11.70%; cyclic C-C stretching 10.42%; in-phase exocyclic C-N stretching 6.68%
   30     1184.62          --                 --  C-H bending                                                    C-H bending 90.40%; C-N-C bending 2.11%; exocyclic C-N stretching 2.04%
   31     1217.45          --                 --  mixed C-H bending / opposite-phase C-N stretching              C-H bending 44.11%; opposite-phase C-N stretching 28.45%; C-N-C bending 7.72%; N-H bending 7.42%
   32     1219.30          --                 --  mixed C-H bending / mixed-phase C-N stretching                 C-H bending 46.13%; mixed-phase C-N stretching 22.25%; N-H bending 12.14%; cyclic-ring deformation (C-C-O bend) 4.10%
   33     1280.06          --                 --  mixed ring-site C-H in-plane bending / mixed-phase cyclic C-N stretching ring-site C-H in-plane bending 49.64%; mixed-phase cyclic C-N stretching 14.18%; C-H bending 8.01%; N-H bending 7.02%
   34     1358.38          --                 --  mixed exocyclic C-N stretching / C-H bending                   exocyclic C-N stretching 25.28%; C-H bending 19.85%; cyclic C-O stretching 12.12%; ring-site C-H in-plane bending 11.72%
   35     1424.86          --                 --  mixed opposite-phase exocyclic C-N stretching / cyclic-ring deformation (C-C-O bend) / cyclic C-O stretching opposite-phase exocyclic C-N stretching 28.45%; cyclic-ring deformation (C-C-O bend) 24.44%; cyclic C-O stretching 18.91%; C-H bending 11.70%
   36     1442.14          --                 --  C-H bending                                                    C-H bending 98.44%
   37     1473.33          --                 --  C-H bending                                                    C-H bending 92.42%; exocyclic C-N stretching 2.03%
   38     1482.99          --                 --  C-H bending                                                    C-H bending 92.32%; C-N torsion 7.43%
   39     1496.36          --                 --  C-H bending                                                    C-H bending 92.86%; C-N torsion 6.48%
   40     1504.92          --                 --  C-H bending                                                    C-H bending 97.06%; C-N torsion 2.71%
   41     1519.98          --                 --  C-H bending                                                    C-H bending 94.35%; C-N torsion 2.29%
   42     1567.41          --                 --  cyclic C-N stretching                                          cyclic C-N stretching 71.92%; ring-site C-H in-plane bending 13.98%; cyclic-ring deformation (O-C-N bend) 4.23%; C-H bending 3.56%
   43     1627.84          --                 --  N-H bending                                                    N-H bending 84.56%; cyclic C-C stretching 8.68%; exocyclic C-N stretching 2.89%
   44     1700.55          --                 --  mixed cyclic C-C stretching / exocyclic C-N stretching         cyclic C-C stretching 50.27%; exocyclic C-N stretching 24.85%; N-H bending 8.52%; cyclic-ring deformation (C-C-O bend) 7.66%
   45     2972.90          --                 --  mixed-phase C-H stretching                                     mixed-phase C-H stretching 99.67%
   46     2978.91          --                 --  C-H stretching                                                 C-H stretching 99.66%
   47     3062.07          --                 --  mixed-phase C-H stretching                                     mixed-phase C-H stretching 99.34%
   48     3063.48          --                 --  mixed-phase C-H stretching                                     mixed-phase C-H stretching 99.43%
   49     3107.11          --                 --  mixed-phase C-H stretching                                     mixed-phase C-H stretching 99.58%
   50     3110.13          --                 --  mixed-phase C-H stretching                                     mixed-phase C-H stretching 99.39%
   51     3274.78          --                 --  ring-site C-H stretching                                       ring-site C-H stretching 98.34%
   52     3531.95          --                 --  in-phase N-H stretching                                        in-phase N-H stretching 99.80%
   53     3630.39          --                 --  opposite-phase N-H stretching                                  opposite-phase N-H stretching 99.86%

# Selected internal-coordinate set:
#   1  nu(C1-H10)
#   2  nu(N2-C3)
#   3  nu(C5-N6)
#   4  nu(O7-C8)
#   5  nu(C4-N9)
#   6  nu(C1-H11)
#   7  nu(C3-H15)
#   8  nu(N6-H16)
#   9  nu(C8-H18)
#  10  nu(C1-H12)
#  11  nu(C3-H14)
#  12  nu(C5-O7)
#  13  gamma(N9;C8,O7,H18)
#  14  tau(N9-C4-C5-O7)
#  15  nu(N6-H17)
#  16  delta(N2-C4-N9)
#  17  nu(C3-H13)
#  18  tau(N9-C4-C5-N6)
#  19  nu(C1-N2)
#  20  nu(N2-C4)
#  21  delta(O7-C8-H18)
#  22  tau(N2-C4-C5-O7)
#  23  delta(H16-N6-H17)
#  24  delta(H10-C1-H11)
#  25  delta(H14-C3-H15)
#  26  delta(H10-C1-H12)
#  27  delta(H13-C3-H15)
#  28  delta(H11-C1-H12)
#  29  delta(H13-C3-H14)
#  30  delta(C5-N6-H16)
#  31  nu(C8-N9)
#  32  delta(C5-N6-H17)
#  33  delta(O7-C8-N9)
#  34  delta(N2-C1-H12)
#  35  delta(N2-C3-H13)
#  36  delta(C4-C5-O7)
#  37  delta(N2-C3-H15)
#  38  delta(N2-C1-H10)
#  39  tau(C5-O7-C8-H18)
#  40  delta(N6-C5-O7)
#  41  tau(O7-C5-N6-H16)
#  42  tau(H11-C1-N2-C3)
#  43  tau(C1-N2-C3-H14)
#  44  delta(C1-N2-C3)
#  45  tau(C4-N2-C3-H15)
#  46  delta(C3-N2-C4)
#  47  nu(C4-C5)
#  48  tau(C1-N2-C4-C5)

Wrote: /local/scratch/mv487/qm9s/experiment_1_phase2/ped/23897/23897_summary.csv
Wrote: /local/scratch/mv487/qm9s/experiment_1_phase2/ped/23897/23897_families.csv
Wrote: /local/scratch/mv487/qm9s/experiment_1_phase2/ped/23897/23897_ped.csv
Wrote: /local/scratch/mv487/qm9s/experiment_1_phase2/ped/23897/23897_ir_transitions.csv

# All generated files are in: /local/scratch/mv487/qm9s/experiment_1_phase2/ped/23897
# Manifest: /local/scratch/mv487/qm9s/experiment_1_phase2/ped/23897/23897_manifest.txt

--- stderr ---
Normal modes/frequencies absent or incomplete: diagonalizing Hessian.
