# Contact: romi@lens.unifi.it
# Manual: https://github.com/SebRoLENS/orca-ped-analyzer/blob/main/docs/ORCA_PED_Analyzer_Manual.md
# Check GitHub for updates and new releases: https://github.com/SebRoLENS/orca-ped-analyzer
#
# Molecule: 19 atoms | non-linear
# Bonds inferred: 18 | candidate ICs: 128 | selected ICs: 51
# Cartesian-Hessian reconstruction relative error: 6.166e-06
# Energy distribution: PED (PED is the backward-compatible default; TED includes kinetic-energy terms)
# Ring/cycle bonds detected: 0 | ring atoms: 0 | ring systems: 0
# VPT2: no matching .out file supplied/found -> harmonic/PED analysis only
#
 Mode   Harm/cm-1   VPT2/cm-1  Harm.Int/km mol-1  Assignment                                                     Grouped PED
------------------------------------------------------------------------------------------------------------------------------------------------------------------------------------------------
    6       35.24          --                 --  C-C torsion                                                    C-C torsion 92.46%; C-C-C bending 3.25%; C-H bending 2.03%
    7       70.48          --                 --  mixed C-C torsion / C-O torsion                                C-C torsion 50.15%; C-O torsion 35.00%; C-H bending 7.22%; O-C-C bending 3.47%
    8       80.46          --                 --  C-C torsion                                                    C-C torsion 71.15%; C-H bending 15.09%; C-O torsion 9.82%
    9       88.37          --                 --  mixed C-C torsion / C-O torsion                                C-C torsion 58.74%; C-O torsion 30.87%; C-H bending 5.36%
   10      126.19          --                 --  mixed C-C-C linear bending / C-C-C bending / O-C-C bending     C-C-C linear bending 29.08%; C-C-C bending 26.75%; O-C-C bending 17.08%; C-O-C bending 10.04%
   11      138.01          --                 --  mixed O-C-C bending / C-C-C bending                            O-C-C bending 26.45%; C-C-C bending 19.89%; C-C out-of-plane bending 12.18%; C-O-C bending 11.88%
   12      227.13          --                 --  C-C torsion                                                    C-C torsion 79.80%; C-C-C linear bending 9.50%; O-C-C bending 4.54%
   13      254.84          --                 --  C-C torsion                                                    C-C torsion 98.57%
   14      307.28          --                 --  mixed C-C-C bending / C-C-O bending                            C-C-C bending 34.54%; C-C-O bending 25.14%; C-H bending 12.47%; C-O-C bending 8.25%
   15      334.17          --                 --  mixed C-C-O bending / C-O-C bending                            C-C-O bending 25.59%; C-O-C bending 16.18%; C-C stretching 14.97%; C-C-C bending 10.83%
   16      397.91          --                 --  mixed C-C-C linear bending / C-C torsion                       C-C-C linear bending 33.80%; C-C torsion 19.08%; C-C-C bending 14.66%; C-C out-of-plane bending 11.37%
   17      423.61          --                 --  mixed C-C-O bending / C-H bending                              C-C-O bending 23.90%; C-H bending 17.27%; C-C-C bending 14.14%; O-C-C bending 13.40%
   18      565.45          --                 --  mixed C-H bending / C-C torsion / mixed-phase C-C stretching   C-H bending 23.88%; C-C torsion 21.83%; mixed-phase C-C stretching 18.76%; O-C-C bending 11.02%
   19      585.11          --                 --  mixed C-C-O bending / O-C-C bending / C-C-C bending            C-C-O bending 29.89%; O-C-C bending 21.01%; C-C-C bending 15.02%; C-C stretching 10.67%
   20      640.47          --                 --  mixed C-H bending / C-C-O bending / O-C-C bending              C-H bending 22.28%; C-C-O bending 19.13%; O-C-C bending 17.80%; C-C stretching 17.00%
   21      655.59          --                 --  C-C-H linear bending                                           C-C-H linear bending 95.41%; C-C-C linear bending 3.09%
   22      695.71          --                 --  C-C-H linear bending                                           C-C-H linear bending 96.33%; C-C-C linear bending 2.77%
   23      819.91          --                 --  mixed C-H bending / mixed-phase C-C stretching                 C-H bending 38.16%; mixed-phase C-C stretching 23.39%; C-C-C bending 11.84%; C-C torsion 11.40%
   24      832.35          --                 --  mixed C-H bending / C-C torsion                                C-H bending 64.13%; C-C torsion 31.82%
   25      881.89          --                 --  mixed C-H bending / C-O stretching                             C-H bending 46.67%; C-O stretching 18.99%; mixed-phase C-C stretching 13.97%; C-C torsion 11.94%
   26      957.29          --                 --  mixed mixed-phase C-C stretching / C-H bending                 mixed-phase C-C stretching 52.67%; C-H bending 28.89%; O-C-C bending 10.78%; C-O stretching 2.80%
   27      978.48          --                 --  mixed C-H bending / mixed-phase C-C stretching                 C-H bending 39.28%; mixed-phase C-C stretching 31.34%; O-C-C bending 12.48%; C-C torsion 7.34%
   28     1041.58          --                 --  mixed C-H bending / C-C stretching                             C-H bending 55.66%; C-C stretching 17.00%; in-phase C-O stretching 11.37%; C-C torsion 4.15%
   29     1057.05          --                 --  mixed C-C stretching / C-O stretching / C-H bending            C-C stretching 34.75%; C-O stretching 24.83%; C-H bending 22.90%; C-C-C bending 8.16%
   30     1133.44          --                 --  mixed mixed-phase C-O stretching / C-H bending                 mixed-phase C-O stretching 68.60%; C-H bending 9.49%; mixed-phase C-C stretching 7.95%; C-C-C bending 5.37%
   31     1148.20          --                 --  mixed C-H bending / C-O stretching                             C-H bending 66.34%; C-O stretching 10.81%; C-C torsion 7.52%; C-C-O bending 7.19%
   32     1180.67          --                 --  mixed C-H bending / opposite-phase C-C stretching / C-C-O bending C-H bending 39.36%; opposite-phase C-C stretching 23.63%; C-C-O bending 17.00%; C-C out-of-plane bending 8.85%
   33     1185.83          --                 --  mixed C-H bending / C-C torsion                                C-H bending 74.99%; C-C torsion 20.63%
   34     1282.37          --                 --  C-C out-of-plane bending                                       C-C out-of-plane bending 74.41%; mixed-phase C-C stretching 11.73%; C-H bending 4.24%; O-C-C bending 3.47%
   35     1305.56          --                 --  mixed C-H bending / C-C torsion                                C-H bending 69.12%; C-C torsion 30.01%
   36     1348.86          --                 --  C-H bending                                                    C-H bending 76.52%; C-C torsion 16.26%; C-C stretching 2.50%
   37     1392.02          --                 --  C-H bending                                                    C-H bending 93.72%; C-C stretching 5.71%
   38     1410.88          --                 --  C-H bending                                                    C-H bending 97.80%
   39     1438.45          --                 --  C-H bending                                                    C-H bending 90.22%; C-C stretching 7.27%
   40     1469.56          --                 --  C-H bending                                                    C-H bending 99.04%
   41     1481.51          --                 --  C-H bending                                                    C-H bending 99.11%
   42     1486.09          --                 --  C-H bending                                                    C-H bending 85.64%; C-C torsion 14.32%
   43     1504.18          --                 --  C-H bending                                                    C-H bending 82.56%; C-C torsion 16.25%
   44     1529.52          --                 --  C-C torsion                                                    C-C torsion 78.43%; C-H bending 19.87%
   45     1823.68          --                 --  C-O stretching                                                 C-O stretching 83.06%; C-C-C bending 5.97%; in-phase C-C stretching 5.41%; C-H bending 2.64%
   46     2213.11          --                 --  mixed-phase C-C stretching                                     mixed-phase C-C stretching 95.26%; C-H stretching 4.57%
   47     2931.26          --                 --  C-H stretching                                                 C-H stretching 99.38%
   48     2971.06          --                 --  C-H stretching                                                 C-H stretching 99.44%
   49     3021.70          --                 --  mixed-phase C-H stretching                                     mixed-phase C-H stretching 99.38%
   50     3035.83          --                 --  C-H stretching                                                 C-H stretching 99.72%
   51     3042.25          --                 --  in-phase C-H stretching                                        in-phase C-H stretching 99.53%
   52     3101.90          --                 --  mixed-phase C-H stretching                                     mixed-phase C-H stretching 99.63%
   53     3107.91          --                 --  mixed-phase C-H stretching                                     mixed-phase C-H stretching 99.28%
   54     3117.29          --                 --  opposite-phase C-H stretching                                  opposite-phase C-H stretching 99.01%
   55     3148.21          --                 --  mixed-phase C-H stretching                                     mixed-phase C-H stretching 99.44%
   56     3473.04          --                 --  C-H stretching                                                 C-H stretching 95.52%; C-C stretching 4.48%

# Selected internal-coordinate set:
#   1  nu(C1-C2)
#   2  nu(O3-C4)
#   3  nu(C5-C6)
#   4  nu(C7-C8)
#   5  nu(C8-H19)
#   6  nu(C1-H12)
#   7  nu(C4-H15)
#   8  nu(C2-H13)
#   9  delta_lin2(C5-C6-H16)
#  10  delta_lin1(C5-C6-H16)
#  11  nu(C8-H18)
#  12  nu(C2-H14)
#  13  nu(C1-H11)
#  14  nu(C7-O9)
#  15  gamma(C7;C4,O3,H15)
#  16  nu(C1-H10)
#  17  nu(C8-H17)
#  18  tau(H15-C4-C7-O9)
#  19  nu(C2-O3)
#  20  nu(C6-H16)
#  21  tau(C2-O3-C4-C5)
#  22  delta(C8-C7-O9)
#  23  tau(H10-C1-C2-H14)
#  24  delta(H18-C8-H19)
#  25  delta(H11-C1-H12)
#  26  delta(H17-C8-H18)
#  27  delta(H17-C8-H19)
#  28  delta(C1-C2-H14)
#  29  delta(C1-C2-H13)
#  30  tau(H11-C1-C2-H13)
#  31  delta(C5-C4-C7)
#  32  delta(H10-C1-H12)
#  33  delta_lin2(C4-C5-C6)
#  34  delta(C2-C1-H12)
#  35  delta(C7-C8-H19)
#  36  delta(C2-C1-H11)
#  37  delta(O3-C4-H15)
#  38  nu(C4-C5)
#  39  delta(C2-C1-H10)
#  40  delta(C4-C7-C8)
#  41  nu(C4-C7)
#  42  delta(C7-C8-H18)
#  43  tau(C4-C7-C8-H18)
#  44  delta(C2-O3-C4)
#  45  tau(H12-C1-C2-O3)
#  46  delta(C1-C2-O3)
#  47  tau(O3-C4-C7-C8)
#  48  delta_lin1(C4-C5-C6)
#  49  tau(C1-C2-O3-C4)
#  50  delta(O3-C4-C7)
#  51  delta(O3-C4-C5)

Wrote: /local/scratch/mv487/qm9s/experiment_1_phase2/ped/108670/108670_summary.csv
Wrote: /local/scratch/mv487/qm9s/experiment_1_phase2/ped/108670/108670_families.csv
Wrote: /local/scratch/mv487/qm9s/experiment_1_phase2/ped/108670/108670_ped.csv
Wrote: /local/scratch/mv487/qm9s/experiment_1_phase2/ped/108670/108670_ir_transitions.csv

# All generated files are in: /local/scratch/mv487/qm9s/experiment_1_phase2/ped/108670
# Manifest: /local/scratch/mv487/qm9s/experiment_1_phase2/ped/108670/108670_manifest.txt

--- stderr ---
Normal modes/frequencies absent or incomplete: diagonalizing Hessian.
