# Contact: romi@lens.unifi.it
# Manual: https://github.com/SebRoLENS/orca-ped-analyzer/blob/main/docs/ORCA_PED_Analyzer_Manual.md
# Check GitHub for updates and new releases: https://github.com/SebRoLENS/orca-ped-analyzer
#
# Molecule: 23 atoms | non-linear
# Bonds inferred: 24 | candidate ICs: 250 | selected ICs: 63
# Cartesian-Hessian reconstruction relative error: 4.688e-05
# Energy distribution: PED (PED is the backward-compatible default; TED includes kinetic-energy terms)
# Ring/cycle bonds detected: 8 | ring atoms: 8 | ring systems: 2
# VPT2: no matching .out file supplied/found -> harmonic/PED analysis only
#
 Mode   Harm/cm-1   VPT2/cm-1  Harm.Int/km mol-1  Assignment                                                     Grouped PED
------------------------------------------------------------------------------------------------------------------------------------------------------------------------------------------------
    6       30.78          --                 --  ring-site C-H out-of-plane bending                             ring-site C-H out-of-plane bending 91.12%; cyclic-ring torsional/out-of-plane deformation 5.02%
    7       80.79          --                 --  inter-ring C-C torsion                                         inter-ring C-C torsion 83.92%; ring-site C-H out-of-plane bending 12.29%; cyclic-ring torsional/out-of-plane deformation 2.66%
    8      169.97          --                 --  mixed ring-site C-H out-of-plane bending / C-C-C bending       ring-site C-H out-of-plane bending 67.44%; C-C-C bending 10.80%; inter-ring C-C torsion 8.24%; C-O torsion 3.99%
    9      183.83          --                 --  mixed ring-site C-H out-of-plane bending / C-O torsion         ring-site C-H out-of-plane bending 60.16%; C-O torsion 14.66%; cyclic-ring torsional/out-of-plane deformation 8.49%; inter-ring C-C torsion 8.32%
   10      281.50          --                 --  mixed C-O torsion / ring-site C-H out-of-plane bending         C-O torsion 53.78%; ring-site C-H out-of-plane bending 27.49%; cyclic-ring deformation (C-C-C bend) 6.27%; O-C-C bending 5.37%
   11      295.02          --                 --  C-O torsion                                                    C-O torsion 98.44%
   12      305.23          --                 --  mixed O-C-C bending / ring-site C-H out-of-plane bending / cyclic-ring torsional/out-of-plane deformation O-C-C bending 35.37%; ring-site C-H out-of-plane bending 17.03%; cyclic-ring torsional/out-of-plane deformation 15.25%; inter-ring C-C stretching 6.64%
   13      362.34          --                 --  C-O torsion                                                    C-O torsion 70.65%; ring-site C-H out-of-plane bending 16.57%; cyclic-ring torsional/out-of-plane deformation 5.33%; O-C-C bending 2.85%
   14      487.52          --                 --  mixed O-C-C bending / ring-site C-H out-of-plane bending       O-C-C bending 42.77%; ring-site C-H out-of-plane bending 17.11%; C-O torsion 10.65%; mixed-phase cyclic C-C stretching 8.82%
   15      514.99          --                 --  mixed C-O torsion / ring-site C-H out-of-plane bending         C-O torsion 25.77%; ring-site C-H out-of-plane bending 13.38%; cyclic-ring torsional/out-of-plane deformation 11.67%; cyclic-ring deformation (C-C-C bend) 11.55%
   16      530.26          --                 --  mixed cyclic-ring deformation (C-C-C bend) / ring-site C-H out-of-plane bending / ring-site C-H in-plane bending cyclic-ring deformation (C-C-C bend) 28.24%; ring-site C-H out-of-plane bending 20.49%; ring-site C-H in-plane bending 15.79%; C-O torsion 13.65%
   17      611.05          --                 --  mixed cyclic-ring deformation (C-C-C bend) / ring-site C-H in-plane bending cyclic-ring deformation (C-C-C bend) 39.79%; ring-site C-H in-plane bending 33.96%; ring-site C-H out-of-plane bending 11.02%; cyclic-ring torsional/out-of-plane deformation 4.18%
   18      764.20          --                 --  mixed ring-site C-H out-of-plane bending / ring-site C-H in-plane bending ring-site C-H out-of-plane bending 45.72%; ring-site C-H in-plane bending 36.01%; opposite-phase cyclic C-C stretching 4.15%; cyclic-ring deformation (C-C-C bend) 3.55%
   19      783.25          --                 --  mixed ring-site C-H in-plane bending / ring-site C-H out-of-plane bending ring-site C-H in-plane bending 65.64%; ring-site C-H out-of-plane bending 26.95%; cyclic C-C stretching 4.01%
   20      801.79          --                 --  mixed ring-site C-H out-of-plane bending / ring-site C-H in-plane bending ring-site C-H out-of-plane bending 40.96%; ring-site C-H in-plane bending 40.81%; mixed-phase cyclic C-C stretching 7.75%; exocyclic C-O stretching 3.18%
   21      849.25          --                 --  mixed mixed-phase cyclic C-C stretching / ring-site C-H in-plane bending mixed-phase cyclic C-C stretching 32.72%; ring-site C-H in-plane bending 30.90%; cyclic-ring out-of-plane deformation 8.99%; ring-site C-H out-of-plane bending 8.82%
   22      868.69          --                 --  mixed cyclic C-C stretching / ring-site C-H in-plane bending / ring-site C-H out-of-plane bending cyclic C-C stretching 40.95%; ring-site C-H in-plane bending 20.40%; ring-site C-H out-of-plane bending 19.28%; cyclic-ring deformation (C-C-C bend) 11.14%
   23      894.78          --                 --  mixed cyclic C-C stretching / cyclic-ring deformation (C-C-C bend) cyclic C-C stretching 68.44%; cyclic-ring deformation (C-C-C bend) 12.78%; ring-site C-H in-plane bending 7.25%; ring-site C-H out-of-plane bending 6.33%
   24      908.19          --                 --  mixed ring-site C-H out-of-plane bending / mixed-phase cyclic C-C stretching ring-site C-H out-of-plane bending 52.97%; mixed-phase cyclic C-C stretching 19.76%; cyclic-ring out-of-plane deformation 18.04%; C-O torsion 2.58%
   25      931.39          --                 --  mixed ring-site C-H out-of-plane bending / cyclic-ring out-of-plane deformation ring-site C-H out-of-plane bending 67.96%; cyclic-ring out-of-plane deformation 18.04%; cyclic C-C stretching 3.77%; ring-site C-H in-plane bending 2.06%
   26      948.44          --                 --  mixed ring-site C-H in-plane bending / mixed-phase cyclic C-C stretching ring-site C-H in-plane bending 40.87%; mixed-phase cyclic C-C stretching 20.54%; ring-site C-H out-of-plane bending 11.59%; cyclic-ring out-of-plane deformation 6.51%
   27      964.18          --                 --  mixed cyclic C-C stretching / ring-site C-H out-of-plane bending / exocyclic C-O stretching cyclic C-C stretching 29.39%; ring-site C-H out-of-plane bending 25.29%; exocyclic C-O stretching 21.74%; ring-site C-H in-plane bending 14.21%
   28      974.24          --                 --  mixed ring-site C-H in-plane bending / cyclic-ring out-of-plane deformation / mixed-phase cyclic C-C stretching ring-site C-H in-plane bending 32.65%; cyclic-ring out-of-plane deformation 22.22%; mixed-phase cyclic C-C stretching 20.87%; ring-site C-H out-of-plane bending 9.65%
   29      987.49          --                 --  mixed ring-site C-H in-plane bending / mixed-phase cyclic C-C stretching ring-site C-H in-plane bending 40.10%; mixed-phase cyclic C-C stretching 27.37%; ring-site C-H out-of-plane bending 11.52%; cyclic-ring out-of-plane deformation 4.28%
   30     1015.03          --                 --  mixed ring-site C-H in-plane bending / mixed-phase cyclic C-C stretching ring-site C-H in-plane bending 56.65%; mixed-phase cyclic C-C stretching 11.70%; ring-site C-H out-of-plane bending 11.51%; inter-ring C-C torsion 9.35%
   31     1038.30          --                 --  mixed ring-site C-H out-of-plane bending / mixed-phase cyclic C-C stretching / cyclic-ring out-of-plane deformation ring-site C-H out-of-plane bending 45.92%; mixed-phase cyclic C-C stretching 25.38%; cyclic-ring out-of-plane deformation 15.25%; ring-site C-H in-plane bending 7.34%
   32     1048.92          --                 --  mixed ring-site C-H out-of-plane bending / cyclic-ring out-of-plane deformation ring-site C-H out-of-plane bending 56.31%; cyclic-ring out-of-plane deformation 18.30%; mixed-phase cyclic C-C stretching 13.27%; ring-site C-H in-plane bending 7.29%
   33     1077.28          --                 --  mixed ring-site C-H out-of-plane bending / cyclic-ring out-of-plane deformation ring-site C-H out-of-plane bending 56.49%; cyclic-ring out-of-plane deformation 24.72%; ring-site C-H in-plane bending 12.75%; mixed-phase cyclic C-C stretching 4.37%
   34     1096.50          --                 --  mixed opposite-phase cyclic C-C stretching / ring-site C-H in-plane bending opposite-phase cyclic C-C stretching 52.37%; ring-site C-H in-plane bending 10.10%; cyclic-ring out-of-plane deformation 9.13%; ring-site C-H out-of-plane bending 8.90%
   35     1170.44          --                 --  mixed ring-site C-H in-plane bending / ring-site C-H out-of-plane bending ring-site C-H in-plane bending 68.21%; ring-site C-H out-of-plane bending 12.37%; mixed-phase cyclic C-C stretching 10.19%; exocyclic C-O stretching 3.35%
   36     1189.89          --                 --  mixed ring-site C-H in-plane bending / ring-site C-H out-of-plane bending ring-site C-H in-plane bending 62.48%; ring-site C-H out-of-plane bending 31.28%; cyclic-ring out-of-plane deformation 2.61%
   37     1203.12          --                 --  mixed ring-site C-H out-of-plane bending / ring-site C-H in-plane bending ring-site C-H out-of-plane bending 41.51%; ring-site C-H in-plane bending 32.28%; mixed-phase cyclic C-C stretching 14.84%; cyclic-ring deformation (C-C-C bend) 8.57%
   38     1228.72          --                 --  mixed ring-site C-H in-plane bending / ring-site C-H out-of-plane bending ring-site C-H in-plane bending 67.33%; ring-site C-H out-of-plane bending 11.26%; mixed-phase cyclic C-C stretching 6.89%; cyclic-ring deformation (C-C-C bend) 5.58%
   39     1243.42          --                 --  mixed ring-site C-H in-plane bending / O-H bending             ring-site C-H in-plane bending 29.33%; O-H bending 25.43%; in-phase cyclic C-C stretching 12.02%; ring-site C-H out-of-plane bending 9.46%
   40     1284.99          --                 --  mixed ring-site C-H in-plane bending / ring-site C-H out-of-plane bending ring-site C-H in-plane bending 65.74%; ring-site C-H out-of-plane bending 25.94%; cyclic C-C stretching 3.78%
   41     1299.48          --                 --  mixed cyclic-ring out-of-plane deformation / ring-site C-H in-plane bending cyclic-ring out-of-plane deformation 24.51%; ring-site C-H in-plane bending 23.87%; inter-ring C-C stretching 11.97%; exocyclic C-O stretching 11.44%
   42     1300.52          --                 --  ring-site C-H in-plane bending                                 ring-site C-H in-plane bending 73.69%; ring-site C-H out-of-plane bending 16.92%; inter-ring C-C torsion 4.26%
   43     1310.79          --                 --  mixed O-H bending / ring-site C-H in-plane bending             O-H bending 25.09%; ring-site C-H in-plane bending 21.64%; inter-ring C-C stretching 10.72%; cyclic-ring out-of-plane deformation 8.30%
   44     1325.49          --                 --  mixed ring-site C-H in-plane bending / ring-site C-H out-of-plane bending ring-site C-H in-plane bending 62.14%; ring-site C-H out-of-plane bending 20.28%; inter-ring C-C torsion 9.22%; cyclic C-C stretching 4.32%
   45     1340.00          --                 --  mixed ring-site C-H in-plane bending / inter-ring C-C torsion  ring-site C-H in-plane bending 57.60%; inter-ring C-C torsion 16.65%; ring-site C-H out-of-plane bending 14.01%; mixed-phase cyclic C-C stretching 9.15%
   46     1346.01          --                 --  mixed ring-site C-H in-plane bending / ring-site C-H out-of-plane bending ring-site C-H in-plane bending 67.80%; ring-site C-H out-of-plane bending 18.16%; mixed-phase cyclic C-C stretching 7.31%; inter-ring C-C torsion 3.75%
   47     1352.81          --                 --  mixed ring-site C-H in-plane bending / ring-site C-H out-of-plane bending ring-site C-H in-plane bending 66.60%; ring-site C-H out-of-plane bending 19.80%; mixed-phase cyclic C-C stretching 8.67%
   48     1414.51          --                 --  mixed ring-site C-H in-plane bending / cyclic C-C stretching   ring-site C-H in-plane bending 51.88%; cyclic C-C stretching 11.58%; ring-site C-H out-of-plane bending 10.76%; inter-ring C-C stretching 10.19%
   49     1460.68          --                 --  mixed ring-site C-H out-of-plane bending / ring-site C-H in-plane bending ring-site C-H out-of-plane bending 45.24%; ring-site C-H in-plane bending 41.90%; cyclic-ring out-of-plane deformation 11.30%
   50     1493.40          --                 --  mixed ring-site C-H out-of-plane bending / ring-site C-H in-plane bending ring-site C-H out-of-plane bending 52.13%; ring-site C-H in-plane bending 22.76%; C-H bending 22.08%
   51     1495.28          --                 --  mixed ring-site C-H out-of-plane bending / C-H bending / ring-site C-H in-plane bending ring-site C-H out-of-plane bending 39.86%; C-H bending 38.66%; ring-site C-H in-plane bending 19.53%
   52     1502.33          --                 --  C-H bending                                                    C-H bending 70.53%; ring-site C-H in-plane bending 18.20%; ring-site C-H out-of-plane bending 9.05%
   53     1504.95          --                 --  mixed ring-site C-H out-of-plane bending / ring-site C-H in-plane bending / in-phase cyclic C-C stretching ring-site C-H out-of-plane bending 42.35%; ring-site C-H in-plane bending 20.74%; in-phase cyclic C-C stretching 15.94%; cyclic-ring out-of-plane deformation 9.53%
   54     1524.07          --                 --  mixed C-H bending / ring-site C-H out-of-plane bending / ring-site C-H in-plane bending C-H bending 43.55%; ring-site C-H out-of-plane bending 32.13%; ring-site C-H in-plane bending 21.03%; cyclic C-C stretching 2.49%
   55     3005.65          --                 --  ring-site C-H stretching                                       ring-site C-H stretching 99.18%
   56     3018.01          --                 --  mixed-phase ring-site C-H stretching                           mixed-phase ring-site C-H stretching 99.15%
   57     3026.74          --                 --  mixed-phase ring-site C-H stretching                           mixed-phase ring-site C-H stretching 99.14%
   58     3041.03          --                 --  ring-site C-H stretching                                       ring-site C-H stretching 99.50%
   59     3057.44          --                 --  ring-site C-H stretching                                       ring-site C-H stretching 99.36%
   60     3073.52          --                 --  ring-site C-H stretching                                       ring-site C-H stretching 99.15%
   61     3076.07          --                 --  mixed-phase ring-site C-H stretching                           mixed-phase ring-site C-H stretching 99.20%
   62     3082.82          --                 --  mixed-phase ring-site C-H stretching                           mixed-phase ring-site C-H stretching 99.14%
   63     3102.74          --                 --  mixed-phase ring-site C-H stretching                           mixed-phase ring-site C-H stretching 99.57%
   64     3125.09          --                 --  in-phase ring-site C-H stretching                              in-phase ring-site C-H stretching 99.68%
   65     3133.00          --                 --  in-phase ring-site C-H stretching                              in-phase ring-site C-H stretching 99.14%
   66     3207.41          --                 --  mixed-phase ring-site C-H stretching                           mixed-phase ring-site C-H stretching 99.13%
   67     3223.34          --                 --  mixed-phase ring-site C-H stretching                           mixed-phase ring-site C-H stretching 99.55%
   68     3790.96          --                 --  O-H stretching                                                 O-H stretching 99.88%

# Selected internal-coordinate set:
#   1  nu(O1-C2)
#   2  nu(C3-C4)
#   3  nu(C5-H15)
#   4  nu(C6-C7)
#   5  nu(C8-C9)
#   6  nu(O1-H10)
#   7  nu(C6-H17)
#   8  nu(C7-H18)
#   9  nu(C8-H21)
#  10  nu(C9-H22)
#  11  nu(C4-H13)
#  12  nu(C3-H12)
#  13  nu(C2-C5)
#  14  nu(C8-H20)
#  15  nu(C9-H23)
#  16  nu(C7-H19)
#  17  tau(H12-C3-C4-H13)
#  18  nu(C6-H16)
#  19  tau(H10-O1-C2-C5)
#  20  nu(C3-H11)
#  21  nu(C4-H14)
#  22  tau(O1-C2-C5-H15)
#  23  tau(H11-C3-C4-H13)
#  24  gamma(H16;C6,C7,H17)
#  25  gamma(H20;C8,C9,H21)
#  26  delta(H22-C9-H23)
#  27  delta(H18-C7-H19)
#  28  tau(H12-C3-C4-H14)
#  29  delta(C2-C5-H15)
#  30  tau(H10-O1-C2-C3)
#  31  delta(C6-C7-H18)
#  32  delta(C8-C9-H22)
#  33  delta(C2-O1-H10)
#  34  delta(C8-C9-H23)
#  35  delta(C7-C6-H17)
#  36  delta(C4-C3-H11)
#  37  tau(C9-C5-C6-H16)
#  38  delta(C3-C4-H13)
#  39  tau(C6-C7-C8-H20)
#  40  delta(C6-C7-H19)
#  41  delta(C9-C8-H21)
#  42  tau(O1-C2-C4-H14)
#  43  delta(C4-C3-H12)
#  44  nu(C2-C3)
#  45  nu(C5-C9)
#  46  delta(C5-C6-H17)
#  47  delta(C8-C7-H18)
#  48  delta(C5-C9-H22)
#  49  nu(C5-C6)
#  50  delta(C7-C8-H21)
#  51  nu(C7-C8)
#  52  gamma(C2;C3,C4,H12)
#  53  delta(O1-C2-C5)
#  54  delta(C6-C7-C8)
#  55  gamma(C2;C3,C4,H11)
#  56  delta(C6-C5-C9)
#  57  delta(O1-C2-C3)
#  58  tau(C6-C5-C9-H22)
#  59  tau(C2-C5-C6-C7)
#  60  tau(C6-C7-C8-H21)
#  61  tau(O1-C2-C3-C4)
#  62  tau(C4-C2-C5-C9)
#  63  delta(C2-C5-C6)

Wrote: /local/scratch/mv487/qm9s/experiment_1_phase2/ped/59844/59844_summary.csv
Wrote: /local/scratch/mv487/qm9s/experiment_1_phase2/ped/59844/59844_families.csv
Wrote: /local/scratch/mv487/qm9s/experiment_1_phase2/ped/59844/59844_ped.csv
Wrote: /local/scratch/mv487/qm9s/experiment_1_phase2/ped/59844/59844_ir_transitions.csv

# All generated files are in: /local/scratch/mv487/qm9s/experiment_1_phase2/ped/59844
# Manifest: /local/scratch/mv487/qm9s/experiment_1_phase2/ped/59844/59844_manifest.txt

--- stderr ---
Normal modes/frequencies absent or incomplete: diagonalizing Hessian.
