# Contact: romi@lens.unifi.it
# Manual: https://github.com/SebRoLENS/orca-ped-analyzer/blob/main/docs/ORCA_PED_Analyzer_Manual.md
# Check GitHub for updates and new releases: https://github.com/SebRoLENS/orca-ped-analyzer
#
# Molecule: 14 atoms | non-linear
# Bonds inferred: 14 | candidate ICs: 108 | selected ICs: 36
# Cartesian-Hessian reconstruction relative error: 1.338e-05
# Energy distribution: PED (PED is the backward-compatible default; TED includes kinetic-energy terms)
# Ring/cycle bonds detected: 3 | ring atoms: 3 | ring systems: 1
# VPT2: no matching .out file supplied/found -> harmonic/PED analysis only
#
 Mode   Harm/cm-1   VPT2/cm-1  Harm.Int/km mol-1  Assignment                                                     Grouped PED
------------------------------------------------------------------------------------------------------------------------------------------------------------------------------------------------
    6       74.87          --                 --  mixed C-C torsion / C-C-C bending                              C-C torsion 61.86%; C-C-C bending 13.69%; C-O torsion 9.09%; C-O out-of-plane bending 6.56%
    7       91.39          --                 --  mixed C-C torsion / C-C-C bending / C-O torsion                C-C torsion 33.64%; C-C-C bending 27.01%; C-O torsion 22.94%; C-C out-of-plane bending 13.26%
    8      141.27          --                 --  mixed C-C-C bending / C-C-N linear bending                     C-C-C bending 62.24%; C-C-N linear bending 15.39%; C-C out-of-plane bending 8.43%; cyclic-ring torsional/out-of-plane deformation 6.24%
    9      180.47          --                 --  mixed C-C-C bending / C-C-N linear bending / C-O out-of-plane bending C-C-C bending 35.16%; C-C-N linear bending 27.56%; C-O out-of-plane bending 20.93%; C-C torsion 9.10%
   10      239.10          --                 --  mixed C-C-C bending / C-O out-of-plane bending                 C-C-C bending 49.01%; C-O out-of-plane bending 14.58%; O-C-C bending 10.59%; C-C torsion 9.38%
   11      279.36          --                 --  mixed C-C out-of-plane bending / cyclic-ring torsional/out-of-plane deformation C-C out-of-plane bending 40.41%; cyclic-ring torsional/out-of-plane deformation 20.06%; C-C-C bending 10.12%; C-C torsion 10.00%
   12      325.03          --                 --  mixed O-C-C bending / C-O out-of-plane bending / C-C-O bending O-C-C bending 46.21%; C-O out-of-plane bending 20.20%; C-C-O bending 18.74%; C-C-C bending 7.14%
   13      408.11          --                 --  mixed C-C-C bending / cyclic-ring torsional/out-of-plane deformation C-C-C bending 34.19%; cyclic-ring torsional/out-of-plane deformation 18.93%; C-C stretching 9.05%; C-C-N linear bending 8.83%
   14      428.61          --                 --  mixed C-O torsion / C-C out-of-plane bending                   C-O torsion 58.07%; C-C out-of-plane bending 22.37%; C-C stretching 7.94%; cyclic-ring torsional/out-of-plane deformation 3.75%
   15      486.90          --                 --  mixed C-C out-of-plane bending / C-C-C bending                 C-C out-of-plane bending 24.76%; C-C-C bending 23.88%; C-C stretching 12.59%; C-O torsion 11.68%
   16      510.83          --                 --  mixed C-C-C bending / C-C-N linear bending                     C-C-C bending 47.45%; C-C-N linear bending 22.33%; C-C stretching 11.78%; O-C-C bending 4.91%
   17      571.91          --                 --  mixed C-C-N linear bending / C-O out-of-plane bending / C-C-C bending C-C-N linear bending 24.27%; C-O out-of-plane bending 23.42%; C-C-C bending 23.38%; mixed-phase C-C stretching 8.37%
   18      651.76          --                 --  mixed C-O out-of-plane bending / C-C-C bending                 C-O out-of-plane bending 22.85%; C-C-C bending 17.34%; C-C-O bending 11.57%; O-C-C bending 9.78%
   19      819.27          --                 --  mixed C-C-O bending / C-O stretching                           C-C-O bending 28.88%; C-O stretching 22.73%; C-C stretching 9.50%; O-C-C bending 9.16%
   20      842.11          --                 --  mixed cyclic C-O stretching / cyclic-ring out-of-plane deformation cyclic C-O stretching 49.70%; cyclic-ring out-of-plane deformation 13.88%; ring-site C-H out-of-plane bending 8.70%; C-C-C bending 6.54%
   21      877.83          --                 --  mixed cyclic-ring out-of-plane deformation / cyclic C-C stretching cyclic-ring out-of-plane deformation 51.32%; cyclic C-C stretching 11.20%; C-C out-of-plane bending 9.24%; ring-site C-H out-of-plane bending 7.12%
   22      946.78          --                 --  mixed C-C out-of-plane bending / mixed-phase C-C stretching    C-C out-of-plane bending 39.45%; mixed-phase C-C stretching 21.36%; cyclic C-O stretching 10.18%; exocyclic C-C stretching 9.43%
   23      991.24          --                 --  mixed mixed-phase C-C stretching / C-O out-of-plane bending    mixed-phase C-C stretching 24.57%; C-O out-of-plane bending 20.28%; C-C-C bending 14.40%; exocyclic C-C stretching 7.91%
   24     1008.41          --                 --  mixed ring-site C-H in-plane bending / cyclic-ring out-of-plane deformation / ring-site C-H out-of-plane bending ring-site C-H in-plane bending 23.51%; cyclic-ring out-of-plane deformation 20.71%; ring-site C-H out-of-plane bending 17.87%; C-O stretching 9.78%
   25     1089.02          --                 --  mixed C-C out-of-plane bending / ring-site C-H out-of-plane bending C-C out-of-plane bending 31.43%; ring-site C-H out-of-plane bending 16.17%; cyclic-ring out-of-plane deformation 13.18%; C-C-C bending 10.84%
   26     1110.34          --                 --  mixed ring-site C-H out-of-plane bending / cyclic-ring out-of-plane deformation / ring-site C-H in-plane bending ring-site C-H out-of-plane bending 27.01%; cyclic-ring out-of-plane deformation 26.74%; ring-site C-H in-plane bending 22.65%; C-C out-of-plane bending 12.13%
   27     1169.31          --                 --  mixed ring-site C-H in-plane bending / ring-site C-H out-of-plane bending ring-site C-H in-plane bending 55.69%; ring-site C-H out-of-plane bending 34.24%; cyclic C-O stretching 2.86%; cyclic-ring out-of-plane deformation 2.21%
   28     1173.91          --                 --  mixed cyclic-ring out-of-plane deformation / ring-site C-H out-of-plane bending cyclic-ring out-of-plane deformation 42.87%; ring-site C-H out-of-plane bending 42.56%; ring-site C-H in-plane bending 8.52%
   29     1201.48          --                 --  mixed C-O stretching / C-C-C bending                           C-O stretching 33.87%; C-C-C bending 12.76%; cyclic-ring out-of-plane deformation 10.70%; exocyclic C-C stretching 7.98%
   30     1291.50          --                 --  mixed ring-site C-H in-plane bending / cyclic C-C stretching   ring-site C-H in-plane bending 37.95%; cyclic C-C stretching 35.17%; cyclic C-O stretching 8.09%; cyclic-ring out-of-plane deformation 7.10%
   31     1361.71          --                 --  mixed C-H bending / O-H bending                                C-H bending 43.98%; O-H bending 37.91%; O-C-C bending 2.99%; ring-site C-H in-plane bending 2.94%
   32     1406.11          --                 --  mixed O-H bending / C-H bending                                O-H bending 37.85%; C-H bending 35.26%; mixed-phase C-C stretching 5.18%; O-C-C bending 4.91%
   33     1415.14          --                 --  mixed ring-site C-H in-plane bending / ring-site C-H out-of-plane bending / cyclic C-C stretching ring-site C-H in-plane bending 25.21%; ring-site C-H out-of-plane bending 22.61%; cyclic C-C stretching 19.68%; C-H bending 9.95%
   34     1518.25          --                 --  mixed ring-site C-H in-plane bending / ring-site C-H out-of-plane bending / cyclic C-C stretching ring-site C-H in-plane bending 46.37%; ring-site C-H out-of-plane bending 18.86%; cyclic C-C stretching 15.15%; cyclic-ring out-of-plane deformation 12.53%
   35     1814.45          --                 --  C-O stretching                                                 C-O stretching 90.04%; C-H bending 3.64%; C-C stretching 2.24%; O-C-C bending 2.01%
   36     2354.47          --                 --  C-N stretching                                                 C-N stretching 91.57%; C-C stretching 8.24%
   37     2987.08          --                 --  C-H stretching                                                 C-H stretching 98.59%
   38     3110.19          --                 --  mixed-phase ring-site C-H stretching                           mixed-phase ring-site C-H stretching 99.31%
   39     3117.26          --                 --  ring-site C-H stretching                                       ring-site C-H stretching 98.88%
   40     3215.18          --                 --  opposite-phase ring-site C-H stretching                        opposite-phase ring-site C-H stretching 99.13%
   41     3650.53          --                 --  O-H stretching                                                 O-H stretching 99.87%

# Selected internal-coordinate set:
#   1  nu(O1-C2)
#   2  nu(C3-O4)
#   3  nu(C5-N6)
#   4  nu(C7-C8)
#   5  nu(O1-H10)
#   6  delta_lin2(C2-C5-N6)
#   7  delta(O9-C7-H12)
#   8  delta(O9-C8-H13)
#   9  nu(C3-H11)
#  10  gamma(C2;C3,O4,H11)
#  11  gamma(C7;C8,O9,H13)
#  12  delta_lin1(C2-C5-N6)
#  13  tau(H10-O1-C2-C7)
#  14  nu(C7-H12)
#  15  nu(C8-H13)
#  16  delta(O4-C3-H11)
#  17  nu(C8-O9)
#  18  gamma(C7;C2,O1,C3)
#  19  nu(C8-H14)
#  20  delta(C2-O1-H10)
#  21  gamma(O9;C8,C7,H14)
#  22  nu(C2-C3)
#  23  delta(C7-C8-H14)
#  24  tau(H12-C7-O9-C8)
#  25  delta(C2-C3-O4)
#  26  nu(C2-C5)
#  27  nu(C2-C7)
#  28  tau(O9-C7-C8-H14)
#  29  gamma(O1;C2,C5,C7)
#  30  tau(C2-C7-C8-O9)
#  31  tau(C5-C2-C3-O4)
#  32  tau(C5-C2-C7-O9)
#  33  delta(O1-C2-C3)
#  34  delta(C5-C2-C7)
#  35  delta(C2-C7-C8)
#  36  delta(C3-C2-C5)

Wrote: /local/scratch/mv487/qm9s/experiment_1_phase2/ped/55553/55553_summary.csv
Wrote: /local/scratch/mv487/qm9s/experiment_1_phase2/ped/55553/55553_families.csv
Wrote: /local/scratch/mv487/qm9s/experiment_1_phase2/ped/55553/55553_ped.csv
Wrote: /local/scratch/mv487/qm9s/experiment_1_phase2/ped/55553/55553_ir_transitions.csv

# All generated files are in: /local/scratch/mv487/qm9s/experiment_1_phase2/ped/55553
# Manifest: /local/scratch/mv487/qm9s/experiment_1_phase2/ped/55553/55553_manifest.txt

--- stderr ---
Normal modes/frequencies absent or incomplete: diagonalizing Hessian.
