# Contact: romi@lens.unifi.it
# Manual: https://github.com/SebRoLENS/orca-ped-analyzer/blob/main/docs/ORCA_PED_Analyzer_Manual.md
# Check GitHub for updates and new releases: https://github.com/SebRoLENS/orca-ped-analyzer
#
# Molecule: 19 atoms | non-linear
# Bonds inferred: 19 | candidate ICs: 163 | selected ICs: 51
# Cartesian-Hessian reconstruction relative error: 2.527e-05
# Energy distribution: PED (PED is the backward-compatible default; TED includes kinetic-energy terms)
# Ring/cycle bonds detected: 3 | ring atoms: 3 | ring systems: 1
# VPT2: no matching .out file supplied/found -> harmonic/PED analysis only
#
 Mode   Harm/cm-1   VPT2/cm-1  Harm.Int/km mol-1  Assignment                                                     Grouped PED
------------------------------------------------------------------------------------------------------------------------------------------------------------------------------------------------
    6       58.26          --                 --  mixed C-O torsion / C-C torsion                                C-O torsion 55.83%; C-C torsion 42.36%
    7      123.78          --                 --  mixed C-C-C bending / C-C-N linear bending                     C-C-C bending 31.17%; C-C-N linear bending 13.02%; cyclic-ring out-of-plane deformation 12.02%; C-C torsion 11.79%
    8      173.59          --                 --  mixed C-N torsion / N-C-C bending                              C-N torsion 41.60%; N-C-C bending 13.88%; cyclic-ring out-of-plane deformation 10.24%; C-O torsion 7.83%
    9      178.75          --                 --  mixed C-C torsion / N-C-C bending                              C-C torsion 61.09%; N-C-C bending 11.16%; C-C out-of-plane bending 9.61%; C-N torsion 4.52%
   10      200.58          --                 --  mixed C-O torsion / cyclic-ring torsional/out-of-plane deformation C-O torsion 37.20%; cyclic-ring torsional/out-of-plane deformation 21.07%; C-C torsion 12.91%; cyclic-ring out-of-plane deformation 10.72%
   11      238.40          --                 --  mixed C-C torsion / C-C-C bending                              C-C torsion 28.97%; C-C-C bending 25.55%; C-C out-of-plane bending 8.98%; C-C-N linear bending 6.50%
   12      273.78          --                 --  mixed cyclic-ring torsional/out-of-plane deformation / C-C-N linear bending / cyclic-ring out-of-plane deformation cyclic-ring torsional/out-of-plane deformation 23.28%; C-C-N linear bending 21.99%; cyclic-ring out-of-plane deformation 15.12%; C-C torsion 11.87%
   13      294.72          --                 --  mixed C-C-C bending / N-C-C bending                            C-C-C bending 38.43%; N-C-C bending 23.22%; C-C torsion 9.66%; C-C-O bending 8.39%
   14      364.41          --                 --  mixed C-C out-of-plane bending / C-C-C bending                 C-C out-of-plane bending 39.00%; C-C-C bending 25.28%; cyclic-ring out-of-plane deformation 14.77%; N-C-C bending 5.20%
   15      419.32          --                 --  mixed C-C out-of-plane bending / C-O torsion                   C-C out-of-plane bending 25.67%; C-O torsion 15.11%; cyclic-ring out-of-plane deformation 14.11%; C-C-N linear bending 10.24%
   16      456.00          --                 --  mixed ring-site C-H out-of-plane bending / cyclic-ring out-of-plane deformation ring-site C-H out-of-plane bending 34.46%; cyclic-ring out-of-plane deformation 16.66%; N-C-C bending 14.86%; C-N-C bending 13.80%
   17      475.19          --                 --  mixed C-C-O bending / C-O torsion / C-C out-of-plane bending   C-C-O bending 21.75%; C-O torsion 21.27%; C-C out-of-plane bending 18.52%; ring-site C-H out-of-plane bending 9.46%
   18      567.39          --                 --  mixed C-O torsion / N-C-C bending                              C-O torsion 33.16%; N-C-C bending 15.87%; C-C-C bending 11.30%; C-C-N linear bending 7.35%
   19      611.07          --                 --  mixed C-O torsion / in-phase exocyclic C-C stretching          C-O torsion 64.38%; in-phase exocyclic C-C stretching 7.62%; N-C-C bending 4.13%; C-H bending 3.07%
   20      653.04          --                 --  C-O torsion                                                    C-O torsion 97.01%
   21      724.55          --                 --  mixed cyclic C-C stretching / cyclic-ring out-of-plane deformation cyclic C-C stretching 23.01%; cyclic-ring out-of-plane deformation 20.58%; C-C out-of-plane bending 11.90%; C-C torsion 8.92%
   22      788.92          --                 --  mixed cyclic C-N stretching / cyclic-ring out-of-plane deformation cyclic C-N stretching 33.16%; cyclic-ring out-of-plane deformation 15.07%; C-C out-of-plane bending 10.31%; C-H bending 9.78%
   23      879.59          --                 --  mixed exocyclic C-C stretching / C-C out-of-plane bending      exocyclic C-C stretching 20.88%; C-C out-of-plane bending 17.82%; ring-site C-H out-of-plane bending 12.70%; cyclic-ring out-of-plane deformation 10.11%
   24      934.50          --                 --  mixed C-C stretching / ring-site C-H out-of-plane bending      C-C stretching 27.43%; ring-site C-H out-of-plane bending 25.41%; C-H bending 13.35%; opposite-phase exocyclic C-C stretching 12.78%
   25      948.80          --                 --  mixed ring-site C-H out-of-plane bending / cyclic-ring out-of-plane deformation ring-site C-H out-of-plane bending 18.94%; cyclic-ring out-of-plane deformation 14.95%; C-C stretching 13.16%; exocyclic C-C stretching 10.87%
   26      986.93          --                 --  mixed C-H bending / ring-site C-H out-of-plane bending         C-H bending 31.05%; ring-site C-H out-of-plane bending 20.50%; cyclic C-C stretching 11.01%; C-C stretching 9.29%
   27     1061.65          --                 --  mixed ring-site C-H out-of-plane bending / C-H bending         ring-site C-H out-of-plane bending 69.94%; C-H bending 17.41%; exocyclic C-N stretching 4.12%
   28     1093.09          --                 --  mixed C-H bending / C-O stretching                             C-H bending 48.04%; C-O stretching 16.61%; cyclic-ring out-of-plane deformation 8.35%; C-C out-of-plane bending 7.56%
   29     1112.45          --                 --  mixed C-O stretching / C-H bending                             C-O stretching 36.65%; C-H bending 23.63%; C-C-C bending 11.87%; N-C-C bending 4.40%
   30     1131.32          --                 --  C-C out-of-plane bending                                       C-C out-of-plane bending 72.58%; ring-site C-H out-of-plane bending 19.44%; C-H bending 3.68%
   31     1150.64          --                 --  C-H bending                                                    C-H bending 82.42%; exocyclic C-C stretching 4.60%; C-C out-of-plane bending 2.48%; cyclic-ring out-of-plane deformation 2.19%
   32     1175.45          --                 --  mixed C-H bending / C-C out-of-plane bending                   C-H bending 46.46%; C-C out-of-plane bending 17.47%; exocyclic C-N stretching 10.33%; C-C-C bending 6.44%
   33     1215.22          --                 --  mixed C-H bending / ring-site C-H out-of-plane bending         C-H bending 31.75%; ring-site C-H out-of-plane bending 31.01%; exocyclic C-N stretching 12.50%; cyclic C-C stretching 5.91%
   34     1250.17          --                 --  mixed mixed-phase exocyclic C-C stretching / C-O torsion / C-H bending mixed-phase exocyclic C-C stretching 21.81%; C-O torsion 21.33%; C-H bending 19.56%; N-C-C bending 7.87%
   35     1291.94          --                 --  mixed C-O torsion / N-C-C bending                              C-O torsion 28.32%; N-C-C bending 14.98%; mixed-phase exocyclic C-C stretching 14.88%; O-H bending 12.00%
   36     1354.32          --                 --  C-H bending                                                    C-H bending 70.15%; O-H bending 5.83%; exocyclic C-C stretching 3.70%; C-O torsion 3.28%
   37     1393.49          --                 --  mixed C-H bending / cyclic C-C stretching                      C-H bending 31.15%; cyclic C-C stretching 18.65%; C-C-C bending 13.72%; cyclic C-N stretching 11.52%
   38     1425.94          --                 --  C-H bending                                                    C-H bending 90.07%; exocyclic C-C stretching 6.64%
   39     1439.74          --                 --  mixed O-H bending / C-H bending                                O-H bending 48.06%; C-H bending 21.23%; C-O torsion 13.71%; C-C stretching 4.37%
   40     1458.45          --                 --  C-H bending                                                    C-H bending 90.84%; ring-site C-H out-of-plane bending 3.07%; O-H bending 3.00%
   41     1490.61          --                 --  C-H bending                                                    C-H bending 96.86%
   42     1493.65          --                 --  C-H bending                                                    C-H bending 97.96%
   43     1503.89          --                 --  C-H bending                                                    C-H bending 97.27%
   44     1512.85          --                 --  C-H bending                                                    C-H bending 90.04%; ring-site C-H out-of-plane bending 5.48%; cyclic C-C stretching 2.36%
   45     1516.38          --                 --  mixed C-H bending / ring-site C-H out-of-plane bending         C-H bending 68.13%; ring-site C-H out-of-plane bending 26.07%; cyclic C-C stretching 2.86%
   46     2363.38          --                 --  C-N stretching                                                 C-N stretching 91.16%; C-C stretching 8.70%
   47     2967.15          --                 --  C-H stretching                                                 C-H stretching 99.06%
   48     3002.14          --                 --  C-H stretching                                                 C-H stretching 99.62%
   49     3036.45          --                 --  C-H stretching                                                 C-H stretching 99.64%
   50     3079.43          --                 --  mixed-phase C-H stretching                                     mixed-phase C-H stretching 99.57%
   51     3094.26          --                 --  mixed opposite-phase C-H stretching / ring-site C-H stretching opposite-phase C-H stretching 57.85%; ring-site C-H stretching 41.56%
   52     3095.03          --                 --  mixed ring-site C-H stretching / mixed-phase C-H stretching    ring-site C-H stretching 56.40%; mixed-phase C-H stretching 43.00%
   53     3108.47          --                 --  opposite-phase C-H stretching                                  opposite-phase C-H stretching 99.37%
   54     3125.21          --                 --  mixed-phase C-H stretching                                     mixed-phase C-H stretching 98.87%
   55     3186.11          --                 --  mixed-phase ring-site C-H stretching                           mixed-phase ring-site C-H stretching 99.17%
   56     3531.02          --                 --  O-H stretching                                                 O-H stretching 99.90%

# Selected internal-coordinate set:
#   1  nu(C1-N2)
#   2  nu(C3-H14)
#   3  nu(C4-C5)
#   4  nu(C6-O7)
#   5  nu(C8-N9)
#   6  nu(O7-H19)
#   7  nu(C1-H11)
#   8  nu(C5-H17)
#   9  nu(C6-H18)
#  10  nu(C3-H13)
#  11  nu(C1-H12)
#  12  nu(C5-H16)
#  13  gamma(C4;C3,H13,H14)
#  14  tau(H18-C6-O7-H19)
#  15  delta_lin1(C6-C8-N9)
#  16  delta_lin2(C6-C8-N9)
#  17  nu(C5-H15)
#  18  nu(C1-H10)
#  19  gamma(C6;C4,N2,C5)
#  20  nu(N2-C4)
#  21  delta(H13-C3-H14)
#  22  delta(O7-C6-H18)
#  23  delta(H11-C1-H12)
#  24  delta(H16-C5-H17)
#  25  delta(H15-C5-H16)
#  26  delta(H10-C1-H11)
#  27  delta(H10-C1-H12)
#  28  delta(C6-O7-H19)
#  29  delta(H15-C5-H17)
#  30  tau(C1-N2-C4-C6)
#  31  nu(C4-C6)
#  32  nu(C6-C8)
#  33  delta(N2-C1-H11)
#  34  delta(C4-C5-H17)
#  35  gamma(H14;C3,N2,C4)
#  36  tau(C8-C6-O7-H19)
#  37  tau(C5-C4-C6-O7)
#  38  nu(C3-C4)
#  39  delta(C4-C5-H16)
#  40  delta(N2-C1-H12)
#  41  delta(C1-N2-C4)
#  42  tau(H14-C3-C4-C6)
#  43  delta(C4-C6-O7)
#  44  tau(C3-C4-C5-H16)
#  45  gamma(C3;C4,N2,C5)
#  46  tau(H12-C1-N2-C3)
#  47  delta(C4-C6-C8)
#  48  tau(N2-C4-C6-C8)
#  49  gamma(C3;C4,N2,C6)
#  50  delta(C5-C4-C6)
#  51  delta(N2-C4-C5)

Wrote: /local/scratch/mv487/qm9s/experiment_1_phase2/ped/51851/51851_summary.csv
Wrote: /local/scratch/mv487/qm9s/experiment_1_phase2/ped/51851/51851_families.csv
Wrote: /local/scratch/mv487/qm9s/experiment_1_phase2/ped/51851/51851_ped.csv
Wrote: /local/scratch/mv487/qm9s/experiment_1_phase2/ped/51851/51851_ir_transitions.csv

# All generated files are in: /local/scratch/mv487/qm9s/experiment_1_phase2/ped/51851
# Manifest: /local/scratch/mv487/qm9s/experiment_1_phase2/ped/51851/51851_manifest.txt

--- stderr ---
Normal modes/frequencies absent or incomplete: diagonalizing Hessian.
