# Contact: romi@lens.unifi.it
# Manual: https://github.com/SebRoLENS/orca-ped-analyzer/blob/main/docs/ORCA_PED_Analyzer_Manual.md
# Check GitHub for updates and new releases: https://github.com/SebRoLENS/orca-ped-analyzer
#
# Molecule: 19 atoms | non-linear
# Bonds inferred: 21 | candidate ICs: 221 | selected ICs: 51
# Cartesian-Hessian reconstruction relative error: 4.067e-05
# Energy distribution: PED (PED is the backward-compatible default; TED includes kinetic-energy terms)
# Ring/cycle bonds detected: 9 | ring atoms: 7 | ring systems: 1
# VPT2: no matching .out file supplied/found -> harmonic/PED analysis only
#
 Mode   Harm/cm-1   VPT2/cm-1  Harm.Int/km mol-1  Assignment                                                     Grouped PED
------------------------------------------------------------------------------------------------------------------------------------------------------------------------------------------------
    6       92.51          --                 --  C-C torsion                                                    C-C torsion 99.60%
    7      153.65          --                 --  mixed C-C torsion / cyclic-ring torsional/out-of-plane deformation / C-C-C bending C-C torsion 38.34%; cyclic-ring torsional/out-of-plane deformation 32.12%; C-C-C bending 16.59%; C-H bending 4.74%
    8      196.51          --                 --  C-C torsion                                                    C-C torsion 93.19%; C-C-O bending 2.26%
    9      254.16          --                 --  mixed C-C torsion / cyclic-ring torsional/out-of-plane deformation C-C torsion 60.56%; cyclic-ring torsional/out-of-plane deformation 13.97%; cyclic-ring torsional/out-of-plane deformation 8.57%; cyclic-ring out-of-plane deformation 6.61%
   10      328.91          --                 --  C-C torsion                                                    C-C torsion 82.58%; C-C-O bending 7.30%; cyclic-ring torsional/out-of-plane deformation 4.04%; C-H bending 2.09%
   11      372.41          --                 --  mixed C-C-C bending / C-H bending                              C-C-C bending 33.52%; C-H bending 13.97%; cyclic-ring torsional/out-of-plane deformation 13.68%; cyclic C-C stretching 7.50%
   12      412.52          --                 --  mixed cyclic-ring deformation (C-C-O bend) / cyclic-ring torsional/out-of-plane deformation cyclic-ring deformation (C-C-O bend) 42.34%; cyclic-ring torsional/out-of-plane deformation 23.28%; cyclic-ring out-of-plane deformation 11.26%; ring-site C-H in-plane bending 6.20%
   13      545.99          --                 --  mixed C-C torsion / cyclic-ring torsional/out-of-plane deformation / cyclic-ring out-of-plane deformation C-C torsion 29.73%; cyclic-ring torsional/out-of-plane deformation 22.85%; cyclic-ring out-of-plane deformation 21.51%; ring-site C-H out-of-plane bending 8.88%
   14      609.83          --                 --  mixed mixed-phase cyclic C-C stretching / C-C-C bending        mixed-phase cyclic C-C stretching 17.36%; C-C-C bending 15.92%; cyclic-ring out-of-plane deformation 13.07%; C-C torsion 13.05%
   15      700.92          --                 --  mixed cyclic-ring torsional/out-of-plane deformation / C-C torsion cyclic-ring torsional/out-of-plane deformation 29.26%; C-C torsion 15.79%; cyclic-ring deformation (C-C-C bend) 14.20%; cyclic-ring deformation (O-C-C bend) 10.74%
   16      736.43          --                 --  mixed C-C torsion / cyclic-ring torsional/out-of-plane deformation C-C torsion 31.33%; cyclic-ring torsional/out-of-plane deformation 23.10%; cyclic-ring deformation (O-C-C bend) 12.86%; mixed-phase cyclic C-C stretching 10.44%
   17      780.21          --                 --  mixed C-C torsion / C-H bending                                C-C torsion 52.41%; C-H bending 28.62%; cyclic C-O stretching 5.84%; cyclic-ring deformation (O-C-C bend) 4.02%
   18      821.20          --                 --  mixed C-H bending / cyclic-ring deformation (O-C-C bend)       C-H bending 24.26%; cyclic-ring deformation (O-C-C bend) 14.30%; mixed-phase cyclic C-C stretching 11.58%; mixed-phase cyclic C-O stretching 10.17%
   19      830.87          --                 --  mixed ring-site C-H out-of-plane bending / cyclic-ring out-of-plane deformation ring-site C-H out-of-plane bending 24.67%; cyclic-ring out-of-plane deformation 13.83%; mixed-phase cyclic C-C stretching 13.72%; mixed-phase cyclic C-O stretching 12.38%
   20      851.46          --                 --  mixed mixed-phase cyclic C-C stretching / cyclic C-O stretching / cyclic-ring deformation (C-C-C bend) mixed-phase cyclic C-C stretching 27.46%; cyclic C-O stretching 24.40%; cyclic-ring deformation (C-C-C bend) 21.23%; ring-site C-H in-plane bending 8.68%
   21      893.04          --                 --  mixed cyclic-ring torsional/out-of-plane deformation / cyclic-ring deformation (C-C-C bend) cyclic-ring torsional/out-of-plane deformation 30.07%; cyclic-ring deformation (C-C-C bend) 19.13%; mixed-phase cyclic C-C stretching 12.36%; mixed-phase cyclic C-O stretching 12.20%
   22      910.96          --                 --  mixed cyclic C-C stretching / C-H bending                      cyclic C-C stretching 37.51%; C-H bending 13.07%; ring-site C-H in-plane bending 11.79%; ring-site C-H out-of-plane bending 10.97%
   23      932.69          --                 --  mixed mixed-phase cyclic C-O stretching / cyclic-ring deformation (O-C-C bend) mixed-phase cyclic C-O stretching 29.85%; cyclic-ring deformation (O-C-C bend) 12.64%; ring-site C-H out-of-plane bending 11.47%; cyclic C-C stretching 11.04%
   24      973.80          --                 --  mixed C-H bending / C-C stretching                             C-H bending 29.74%; C-C stretching 21.49%; in-phase cyclic C-O stretching 13.48%; C-C torsion 7.98%
   25      997.45          --                 --  mixed cyclic-ring out-of-plane deformation / C-C stretching    cyclic-ring out-of-plane deformation 35.31%; C-C stretching 17.99%; cyclic-ring torsional/out-of-plane deformation 8.92%; cyclic C-O stretching 8.66%
   26     1021.53          --                 --  mixed cyclic C-O stretching / cyclic-ring out-of-plane deformation cyclic C-O stretching 53.01%; cyclic-ring out-of-plane deformation 9.60%; mixed-phase cyclic C-C stretching 9.16%; cyclic-ring deformation (C-C-C bend) 7.30%
   27     1035.60          --                 --  mixed mixed-phase cyclic C-O stretching / ring-site C-H in-plane bending mixed-phase cyclic C-O stretching 36.17%; ring-site C-H in-plane bending 23.16%; mixed-phase cyclic C-C stretching 10.86%; cyclic-ring deformation (C-C-C bend) 7.76%
   28     1046.68          --                 --  mixed mixed-phase cyclic C-O stretching / ring-site C-H in-plane bending / mixed-phase cyclic C-C stretching mixed-phase cyclic C-O stretching 25.98%; ring-site C-H in-plane bending 22.77%; mixed-phase cyclic C-C stretching 16.26%; cyclic-ring deformation (C-C-O bend) 10.01%
   29     1065.99          --                 --  mixed mixed-phase cyclic C-O stretching / C-H bending          mixed-phase cyclic C-O stretching 25.25%; C-H bending 15.37%; cyclic-ring deformation (O-C-C bend) 9.47%; cyclic-ring out-of-plane deformation 9.04%
   30     1101.07          --                 --  mixed C-H bending / cyclic-ring torsional/out-of-plane deformation C-H bending 24.13%; cyclic-ring torsional/out-of-plane deformation 18.08%; cyclic C-O stretching 14.62%; ring-site C-H out-of-plane bending 13.33%
   31     1120.01          --                 --  mixed C-H bending / mixed-phase cyclic C-C stretching          C-H bending 63.48%; mixed-phase cyclic C-C stretching 8.74%; C-C-C bending 8.17%; C-C stretching 4.09%
   32     1166.55          --                 --  mixed ring-site C-H in-plane bending / cyclic C-C stretching   ring-site C-H in-plane bending 41.28%; cyclic C-C stretching 20.52%; C-H bending 9.67%; cyclic-ring deformation (O-C-C bend) 5.72%
   33     1189.53          --                 --  mixed ring-site C-H in-plane bending / ring-site C-H out-of-plane bending ring-site C-H in-plane bending 43.92%; ring-site C-H out-of-plane bending 16.24%; C-H bending 12.94%; cyclic C-O stretching 7.34%
   34     1214.65          --                 --  mixed ring-site C-H in-plane bending / C-H bending             ring-site C-H in-plane bending 30.89%; C-H bending 19.86%; cyclic C-O stretching 10.39%; ring-site C-H out-of-plane bending 9.86%
   35     1230.82          --                 --  mixed ring-site C-H in-plane bending / ring-site C-H out-of-plane bending ring-site C-H in-plane bending 68.91%; ring-site C-H out-of-plane bending 12.26%; exocyclic C-C stretching 3.88%; cyclic-ring out-of-plane deformation 3.88%
   36     1281.42          --                 --  mixed ring-site C-H out-of-plane bending / C-H bending         ring-site C-H out-of-plane bending 22.77%; C-H bending 14.55%; cyclic-ring out-of-plane deformation 13.15%; ring-site C-H in-plane bending 11.69%
   37     1299.19          --                 --  mixed C-H bending / ring-site C-H out-of-plane bending / opposite-phase cyclic C-C stretching C-H bending 30.00%; ring-site C-H out-of-plane bending 25.85%; opposite-phase cyclic C-C stretching 17.90%; C-C torsion 9.24%
   38     1315.69          --                 --  mixed C-H bending / ring-site C-H out-of-plane bending         C-H bending 41.51%; ring-site C-H out-of-plane bending 14.12%; ring-site C-H in-plane bending 12.09%; C-C torsion 11.52%
   39     1362.83          --                 --  C-H bending                                                    C-H bending 70.34%; C-C torsion 10.60%; ring-site C-H in-plane bending 9.20%; cyclic C-C stretching 4.35%
   40     1373.91          --                 --  mixed ring-site C-H in-plane bending / C-H bending             ring-site C-H in-plane bending 55.49%; C-H bending 24.20%; cyclic C-O stretching 4.65%; cyclic C-C stretching 3.58%
   41     1418.04          --                 --  mixed C-H out-of-plane bending / C-H bending                   C-H out-of-plane bending 58.20%; C-H bending 38.57%; C-C stretching 2.56%
   42     1426.80          --                 --  mixed in-phase cyclic C-C stretching / C-H bending             in-phase cyclic C-C stretching 25.52%; C-H bending 23.59%; exocyclic C-C stretching 12.19%; cyclic-ring out-of-plane deformation 10.08%
   43     1482.86          --                 --  mixed C-C torsion / C-H bending                                C-C torsion 61.89%; C-H bending 34.33%
   44     1500.30          --                 --  mixed C-C torsion / C-H bending                                C-C torsion 59.22%; C-H bending 35.43%; ring-site C-H in-plane bending 2.76%
   45     1503.69          --                 --  C-H bending                                                    C-H bending 78.75%; ring-site C-H in-plane bending 17.52%
   46     1512.87          --                 --  mixed C-H bending / C-C torsion                                C-H bending 63.32%; C-C torsion 24.32%; C-H out-of-plane bending 10.83%
   47     2995.74          --                 --  ring-site C-H stretching                                       ring-site C-H stretching 98.94%
   48     3025.13          --                 --  in-phase C-H stretching                                        in-phase C-H stretching 99.21%
   49     3038.71          --                 --  C-H stretching                                                 C-H stretching 99.67%
   50     3056.90          --                 --  opposite-phase C-H stretching                                  opposite-phase C-H stretching 98.93%
   51     3097.26          --                 --  mixed-phase ring-site C-H stretching                           mixed-phase ring-site C-H stretching 99.11%
   52     3098.75          --                 --  opposite-phase C-H stretching                                  opposite-phase C-H stretching 99.21%
   53     3116.97          --                 --  mixed-phase C-H stretching                                     mixed-phase C-H stretching 99.70%
   54     3122.75          --                 --  ring-site C-H stretching                                       ring-site C-H stretching 98.73%
   55     3175.71          --                 --  mixed-phase ring-site C-H stretching                           mixed-phase ring-site C-H stretching 98.83%
   56     3193.81          --                 --  ring-site C-H stretching                                       ring-site C-H stretching 98.86%

# Selected internal-coordinate set:
#   1  nu(C1-H10)
#   2  nu(C2-C3)
#   3  nu(C5-C6)
#   4  nu(O7-C8)
#   5  nu(C9-H19)
#   6  nu(O4-C5)
#   7  nu(C6-O7)
#   8  nu(C1-H11)
#   9  nu(C2-H13)
#  10  nu(C2-H14)
#  11  nu(C8-H18)
#  12  nu(C1-H12)
#  13  nu(C3-O4)
#  14  nu(C5-H16)
#  15  gamma(C3;C8,O7,H18)
#  16  tau(O7-C6-C9-H19)
#  17  nu(C6-H17)
#  18  nu(C5-H15)
#  19  delta(C6-C9-H19)
#  20  tau(H13-C2-C3-O4)
#  21  gamma(H10;C1,H11,H12)
#  22  gamma(H17;C6,C5,O7)
#  23  delta(C3-C2-H14)
#  24  delta(O7-C8-H18)
#  25  delta(H11-C1-H12)
#  26  delta(H15-C5-H16)
#  27  tau(H14-C2-C3-O4)
#  28  tau(H10-C1-C2-C3)
#  29  tau(H17-C6-C9-C3)
#  30  tau(O7-C6-C9-C3)
#  31  delta(O4-C5-H16)
#  32  delta(C3-C2-H13)
#  33  delta(O4-C5-H15)
#  34  delta(C6-C9-C8)
#  35  nu(C3-C9)
#  36  delta(C2-C1-H10)
#  37  delta(C6-C5-H15)
#  38  delta(C1-C2-H14)
#  39  gamma(O4;C3,C8,C9)
#  40  nu(C3-C8)
#  41  nu(C1-C2)
#  42  nu(C6-C9)
#  43  delta(C2-C1-H11)
#  44  tau(H12-C1-C2-H13)
#  45  delta(O4-C5-C6)
#  46  tau(C2-C3-O4-C5)
#  47  tau(C9-C3-C8-O7)
#  48  tau(C1-C2-C3-C9)
#  49  delta(C2-C3-O4)
#  50  delta(C5-C6-O7)
#  51  delta(C1-C2-C3)

Wrote: /local/scratch/mv487/qm9s/experiment_1_phase2/ped/100299/100299_summary.csv
Wrote: /local/scratch/mv487/qm9s/experiment_1_phase2/ped/100299/100299_families.csv
Wrote: /local/scratch/mv487/qm9s/experiment_1_phase2/ped/100299/100299_ped.csv
Wrote: /local/scratch/mv487/qm9s/experiment_1_phase2/ped/100299/100299_ir_transitions.csv

# All generated files are in: /local/scratch/mv487/qm9s/experiment_1_phase2/ped/100299
# Manifest: /local/scratch/mv487/qm9s/experiment_1_phase2/ped/100299/100299_manifest.txt

--- stderr ---
Normal modes/frequencies absent or incomplete: diagonalizing Hessian.
