# Contact: romi@lens.unifi.it
# Manual: https://github.com/SebRoLENS/orca-ped-analyzer/blob/main/docs/ORCA_PED_Analyzer_Manual.md
# Check GitHub for updates and new releases: https://github.com/SebRoLENS/orca-ped-analyzer
#
# Molecule: 18 atoms | non-linear
# Bonds inferred: 18 | candidate ICs: 160 | selected ICs: 48
# Cartesian-Hessian reconstruction relative error: 1.644e-05
# Energy distribution: PED (PED is the backward-compatible default; TED includes kinetic-energy terms)
# Ring/cycle bonds detected: 3 | ring atoms: 3 | ring systems: 1
# VPT2: no matching .out file supplied/found -> harmonic/PED analysis only
#
 Mode   Harm/cm-1   VPT2/cm-1  Harm.Int/km mol-1  Assignment                                                     Grouped PED
------------------------------------------------------------------------------------------------------------------------------------------------------------------------------------------------
    6       49.81          --                 --  C-O torsion                                                    C-O torsion 96.30%; C-C torsion 3.33%
    7       60.56          --                 --  C-O torsion                                                    C-O torsion 97.00%; C-C torsion 2.02%
    8      115.98          --                 --  mixed C-O torsion / C-C torsion                                C-O torsion 64.98%; C-C torsion 13.49%; C-H bending 4.98%; C-O-C bending 3.76%
    9      149.56          --                 --  mixed C-O-C bending / O-C-C bending / C-C-O bending            C-O-C bending 29.53%; O-C-C bending 26.23%; C-C-O bending 20.30%; C-O torsion 8.26%
   10      219.41          --                 --  C-C torsion                                                    C-C torsion 83.37%; C-C out-of-plane bending 5.42%; ring-site C-H out-of-plane bending 3.46%; C-O torsion 2.17%
   11      286.81          --                 --  mixed C-C-C bending / ring-site C-H out-of-plane bending       C-C-C bending 42.78%; ring-site C-H out-of-plane bending 15.30%; C-C-O bending 13.75%; O-C-C bending 12.07%
   12      322.00          --                 --  mixed ring-site C-H out-of-plane bending / C-C-C bending       ring-site C-H out-of-plane bending 50.98%; C-C-C bending 19.58%; C-C-O bending 11.77%; cyclic-ring out-of-plane deformation 5.97%
   13      380.00          --                 --  mixed C-C-C bending / C-C-O bending / ring-site C-H out-of-plane bending C-C-C bending 33.12%; C-C-O bending 26.73%; ring-site C-H out-of-plane bending 17.35%; C-C out-of-plane bending 7.72%
   14      410.90          --                 --  mixed C-C-O bending / C-O torsion                              C-C-O bending 50.28%; C-O torsion 18.91%; C-C-C bending 10.93%; C-H bending 7.25%
   15      468.53          --                 --  mixed C-C out-of-plane bending / cyclic-ring out-of-plane deformation C-C out-of-plane bending 25.54%; cyclic-ring out-of-plane deformation 16.50%; C-C-O bending 12.67%; C-C stretching 7.93%
   16      570.93          --                 --  mixed C-C-O bending / ring-site C-H out-of-plane bending       C-C-O bending 35.29%; ring-site C-H out-of-plane bending 18.05%; C-O-C bending 14.44%; C-C out-of-plane bending 11.10%
   17      720.36          --                 --  mixed opposite-phase cyclic C-C stretching / exocyclic C-C stretching opposite-phase cyclic C-C stretching 39.74%; exocyclic C-C stretching 19.09%; C-H bending 8.10%; C-O torsion 5.40%
   18      740.88          --                 --  mixed C-O torsion / C-H bending / C-C out-of-plane bending     C-O torsion 44.84%; C-H bending 28.94%; C-C out-of-plane bending 22.89%
   19      786.73          --                 --  mixed ring-site C-H in-plane bending / ring-site C-H out-of-plane bending ring-site C-H in-plane bending 70.39%; ring-site C-H out-of-plane bending 26.87%
   20      866.85          --                 --  mixed ring-site C-H out-of-plane bending / cyclic-ring out-of-plane deformation ring-site C-H out-of-plane bending 52.47%; cyclic-ring out-of-plane deformation 26.52%; cyclic C-C stretching 8.71%; C-H bending 6.18%
   21      925.58          --                 --  mixed ring-site C-H out-of-plane bending / exocyclic C-O stretching ring-site C-H out-of-plane bending 30.52%; exocyclic C-O stretching 24.71%; cyclic-ring out-of-plane deformation 13.24%; exocyclic C-C stretching 10.73%
   22      928.97          --                 --  mixed cyclic-ring out-of-plane deformation / cyclic C-C stretching / C-H bending cyclic-ring out-of-plane deformation 25.77%; cyclic C-C stretching 23.02%; C-H bending 21.95%; exocyclic C-C stretching 10.10%
   23      958.06          --                 --  mixed ring-site C-H out-of-plane bending / cyclic-ring out-of-plane deformation ring-site C-H out-of-plane bending 67.43%; cyclic-ring out-of-plane deformation 19.83%; cyclic C-C stretching 3.13%
   24     1035.02          --                 --  mixed ring-site C-H out-of-plane bending / C-H bending         ring-site C-H out-of-plane bending 38.94%; C-H bending 25.16%; cyclic C-C stretching 10.96%; cyclic-ring out-of-plane deformation 9.71%
   25     1048.26          --                 --  mixed ring-site C-H out-of-plane bending / cyclic-ring out-of-plane deformation ring-site C-H out-of-plane bending 44.36%; cyclic-ring out-of-plane deformation 30.51%; cyclic C-C stretching 8.53%; ring-site C-H in-plane bending 6.55%
   26     1056.63          --                 --  mixed C-C stretching / C-H bending / ring-site C-H out-of-plane bending C-C stretching 22.40%; C-H bending 20.19%; ring-site C-H out-of-plane bending 16.27%; cyclic-ring out-of-plane deformation 13.77%
   27     1080.83          --                 --  ring-site C-H out-of-plane bending                             ring-site C-H out-of-plane bending 76.95%; ring-site C-H in-plane bending 11.55%; cyclic-ring out-of-plane deformation 7.79%; cyclic C-C stretching 2.40%
   28     1103.44          --                 --  mixed C-O stretching / ring-site C-H out-of-plane bending      C-O stretching 59.92%; ring-site C-H out-of-plane bending 8.56%; C-H bending 7.13%; C-C out-of-plane bending 6.91%
   29     1109.95          --                 --  mixed C-C out-of-plane bending / C-H bending / C-O torsion     C-C out-of-plane bending 33.88%; C-H bending 28.06%; C-O torsion 18.85%; C-O stretching 12.16%
   30     1139.67          --                 --  mixed C-H bending / C-C out-of-plane bending                   C-H bending 44.45%; C-C out-of-plane bending 14.76%; cyclic-ring out-of-plane deformation 11.64%; cyclic C-C stretching 7.01%
   31     1190.56          --                 --  mixed ring-site C-H in-plane bending / ring-site C-H out-of-plane bending ring-site C-H in-plane bending 66.66%; ring-site C-H out-of-plane bending 27.28%; cyclic-ring out-of-plane deformation 2.29%
   32     1244.09          --                 --  C-H bending                                                    C-H bending 88.33%; C-C out-of-plane bending 4.73%; C-O torsion 4.14%
   33     1279.10          --                 --  mixed cyclic-ring out-of-plane deformation / exocyclic C-O stretching / C-H bending cyclic-ring out-of-plane deformation 24.49%; exocyclic C-O stretching 23.40%; C-H bending 19.52%; C-C-C bending 14.30%
   34     1338.04          --                 --  mixed C-H bending / cyclic C-C stretching / C-C-O bending      C-H bending 24.76%; cyclic C-C stretching 21.78%; C-C-O bending 18.57%; exocyclic C-C stretching 17.16%
   35     1362.52          --                 --  C-H bending                                                    C-H bending 72.44%; C-O torsion 13.32%; C-C-O bending 3.80%; cyclic C-C stretching 2.49%
   36     1409.54          --                 --  C-H bending                                                    C-H bending 81.84%; C-O torsion 6.36%; C-C stretching 5.77%; opposite-phase C-O stretching 2.97%
   37     1423.44          --                 --  C-H bending                                                    C-H bending 90.00%; exocyclic C-C stretching 6.56%
   38     1461.84          --                 --  mixed ring-site C-H out-of-plane bending / ring-site C-H in-plane bending ring-site C-H out-of-plane bending 43.15%; ring-site C-H in-plane bending 38.38%; cyclic-ring out-of-plane deformation 12.78%; C-H bending 4.20%
   39     1482.05          --                 --  C-H bending                                                    C-H bending 91.10%; C-O torsion 7.43%
   40     1490.90          --                 --  C-H bending                                                    C-H bending 96.82%
   41     1499.56          --                 --  mixed C-H bending / ring-site C-H out-of-plane bending         C-H bending 62.58%; ring-site C-H out-of-plane bending 17.72%; ring-site C-H in-plane bending 7.87%; cyclic-ring out-of-plane deformation 4.98%
   42     1513.06          --                 --  mixed C-H bending / ring-site C-H out-of-plane bending         C-H bending 61.90%; ring-site C-H out-of-plane bending 15.44%; in-phase cyclic C-C stretching 7.39%; ring-site C-H in-plane bending 6.23%
   43     1813.49          --                 --  C-O stretching                                                 C-O stretching 88.38%; C-H bending 5.60%; C-C stretching 3.94%
   44     2914.92          --                 --  C-H stretching                                                 C-H stretching 98.91%
   45     2986.37          --                 --  C-H stretching                                                 C-H stretching 99.50%
   46     3021.30          --                 --  mixed-phase C-H stretching                                     mixed-phase C-H stretching 99.59%
   47     3032.66          --                 --  C-H stretching                                                 C-H stretching 99.64%
   48     3089.76          --                 --  opposite-phase C-H stretching                                  opposite-phase C-H stretching 99.59%
   49     3108.80          --                 --  mixed-phase C-H stretching                                     mixed-phase C-H stretching 98.44%
   50     3128.85          --                 --  in-phase ring-site C-H stretching                              in-phase ring-site C-H stretching 99.15%
   51     3135.07          --                 --  in-phase ring-site C-H stretching                              in-phase ring-site C-H stretching 98.89%
   52     3209.91          --                 --  mixed-phase ring-site C-H stretching                           mixed-phase ring-site C-H stretching 99.01%
   53     3225.03          --                 --  mixed-phase ring-site C-H stretching                           mixed-phase ring-site C-H stretching 99.60%

# Selected internal-coordinate set:
#   1  nu(C1-C2)
#   2  nu(C3-C4)
#   3  nu(C6-C7)
#   4  nu(O5-C6)
#   5  nu(C1-H11)
#   6  nu(C7-H18)
#   7  nu(C3-H12)
#   8  nu(C4-H15)
#   9  nu(C1-H9)
#  10  nu(C6-H17)
#  11  tau(H12-C3-C4-H15)
#  12  gamma(C6;C7,O8,H18)
#  13  nu(C2-O5)
#  14  nu(C1-H10)
#  15  nu(C6-H16)
#  16  nu(C4-H14)
#  17  nu(C3-H13)
#  18  nu(C7-O8)
#  19  gamma(C3;C2,C1,O5)
#  20  tau(H12-C3-C4-H14)
#  21  delta(H10-C1-H11)
#  22  tau(C2-O5-C6-H17)
#  23  delta(H9-C1-H10)
#  24  tau(H13-C3-C4-H15)
#  25  delta(H9-C1-H11)
#  26  delta(O8-C7-H18)
#  27  delta(O5-C6-H17)
#  28  delta(C3-C4-H14)
#  29  delta(H16-C6-H17)
#  30  delta(C4-C3-H12)
#  31  tau(C1-C2-C4-H15)
#  32  delta(C4-C3-H13)
#  33  delta(C7-C6-H16)
#  34  delta(C2-C1-H9)
#  35  delta(C6-C7-O8)
#  36  nu(C2-C3)
#  37  tau(C2-O5-C6-C7)
#  38  delta(C2-C1-H11)
#  39  tau(O5-C6-C7-O8)
#  40  gamma(C2;C3,C4,H13)
#  41  gamma(C2;C3,C4,H12)
#  42  delta(O5-C6-C7)
#  43  tau(H10-C1-C2-C4)
#  44  delta(C1-C2-C3)
#  45  delta(C4-C2-O5)
#  46  tau(C4-C2-O5-C6)
#  47  delta(C2-O5-C6)
#  48  delta(C1-C2-O5)

Wrote: /local/scratch/mv487/qm9s/experiment_1_phase2/ped/8940/8940_summary.csv
Wrote: /local/scratch/mv487/qm9s/experiment_1_phase2/ped/8940/8940_families.csv
Wrote: /local/scratch/mv487/qm9s/experiment_1_phase2/ped/8940/8940_ped.csv
Wrote: /local/scratch/mv487/qm9s/experiment_1_phase2/ped/8940/8940_ir_transitions.csv

# All generated files are in: /local/scratch/mv487/qm9s/experiment_1_phase2/ped/8940
# Manifest: /local/scratch/mv487/qm9s/experiment_1_phase2/ped/8940/8940_manifest.txt

--- stderr ---
Normal modes/frequencies absent or incomplete: diagonalizing Hessian.
