# Contact: romi@lens.unifi.it
# Manual: https://github.com/SebRoLENS/orca-ped-analyzer/blob/main/docs/ORCA_PED_Analyzer_Manual.md
# Check GitHub for updates and new releases: https://github.com/SebRoLENS/orca-ped-analyzer
#
# Molecule: 19 atoms | non-linear
# Bonds inferred: 20 | candidate ICs: 175 | selected ICs: 51
# Cartesian-Hessian reconstruction relative error: 1.330e-05
# Energy distribution: PED (PED is the backward-compatible default; TED includes kinetic-energy terms)
# Ring/cycle bonds detected: 7 | ring atoms: 6 | ring systems: 1
# VPT2: no matching .out file supplied/found -> harmonic/PED analysis only
#
 Mode   Harm/cm-1   VPT2/cm-1  Harm.Int/km mol-1  Assignment                                                     Grouped PED
------------------------------------------------------------------------------------------------------------------------------------------------------------------------------------------------
    6       48.54          --                 --  mixed C-N torsion / cyclic-ring torsional/out-of-plane deformation / ring-site C-H out-of-plane bending C-N torsion 38.86%; cyclic-ring torsional/out-of-plane deformation 17.58%; ring-site C-H out-of-plane bending 15.27%; cyclic-ring torsional/out-of-plane deformation 12.85%
    7      124.63          --                 --  mixed cyclic-ring torsional/out-of-plane deformation / cyclic-ring torsional/out-of-plane deformation cyclic-ring torsional/out-of-plane deformation 25.89%; cyclic-ring torsional/out-of-plane deformation 23.16%; C-C torsion 14.71%; C-N torsion 14.05%
    8      147.07          --                 --  mixed C-N-C bending / C-C-N bending / N-C-N bending            C-N-C bending 34.80%; C-C-N bending 19.89%; N-C-N bending 17.04%; C-C torsion 5.63%
    9      194.03          --                 --  mixed ring-site C-H out-of-plane bending / C-C torsion         ring-site C-H out-of-plane bending 48.94%; C-C torsion 21.30%; cyclic-ring torsional/out-of-plane deformation 12.91%; cyclic-ring torsional/out-of-plane deformation 10.15%
   10      249.63          --                 --  mixed C-C torsion / ring-site C-H out-of-plane bending         C-C torsion 72.83%; ring-site C-H out-of-plane bending 22.66%; cyclic-ring out-of-plane deformation 2.44%
   11      313.17          --                 --  mixed C-C torsion / ring-site N-H out-of-plane bending         C-C torsion 42.56%; ring-site N-H out-of-plane bending 18.07%; cyclic-ring deformation (C-N-C bend) 6.66%; cyclic-ring out-of-plane deformation 5.32%
   12      346.93          --                 --  mixed ring-site N-H out-of-plane bending / ring-site C-H out-of-plane bending ring-site N-H out-of-plane bending 39.27%; ring-site C-H out-of-plane bending 16.91%; ring-site N-H in-plane bending 9.04%; cyclic-ring out-of-plane deformation 7.44%
   13      373.14          --                 --  mixed ring-site C-H out-of-plane bending / C-C torsion         ring-site C-H out-of-plane bending 29.78%; C-C torsion 18.93%; C-C-N bending 12.43%; cyclic-ring torsional/out-of-plane deformation 12.03%
   14      427.92          --                 --  mixed cyclic-ring out-of-plane deformation / ring-site C-H out-of-plane bending cyclic-ring out-of-plane deformation 26.92%; ring-site C-H out-of-plane bending 13.77%; C-C torsion 13.42%; ring-site N-H out-of-plane bending 8.93%
   15      450.50          --                 --  mixed cyclic-ring out-of-plane deformation / cyclic-ring deformation (C-N-C bend) cyclic-ring out-of-plane deformation 22.42%; cyclic-ring deformation (C-N-C bend) 22.16%; cyclic C-C stretching 6.77%; C-C-N bending 6.40%
   16      692.39          --                 --  mixed mixed-phase cyclic C-O stretching / cyclic-ring out-of-plane deformation mixed-phase cyclic C-O stretching 22.19%; cyclic-ring out-of-plane deformation 19.12%; ring-site C-H out-of-plane bending 11.39%; N-C-N bending 9.41%
   17      703.62          --                 --  mixed cyclic-ring torsional/out-of-plane deformation / cyclic-ring torsional/out-of-plane deformation cyclic-ring torsional/out-of-plane deformation 32.04%; cyclic-ring torsional/out-of-plane deformation 10.19%; ring-site C-H out-of-plane bending 9.70%; ring-site N-H out-of-plane bending 8.05%
   18      770.27          --                 --  mixed cyclic-ring out-of-plane deformation / cyclic-ring deformation (C-N-C bend) cyclic-ring out-of-plane deformation 29.53%; cyclic-ring deformation (C-N-C bend) 17.88%; cyclic-ring torsional/out-of-plane deformation 11.42%; cyclic C-N stretching 5.62%
   19      808.91          --                 --  mixed C-H bending / C-C torsion                                C-H bending 71.47%; C-C torsion 22.71%
   20      828.12          --                 --  mixed opposite-phase cyclic C-O stretching / cyclic-ring out-of-plane deformation opposite-phase cyclic C-O stretching 37.97%; cyclic-ring out-of-plane deformation 30.13%; cyclic C-C stretching 7.78%; C-H bending 5.09%
   21      858.70          --                 --  mixed cyclic C-C stretching / cyclic C-O stretching            cyclic C-C stretching 29.83%; cyclic C-O stretching 27.03%; ring-site C-H out-of-plane bending 13.72%; cyclic-ring torsional/out-of-plane deformation 10.19%
   22      886.21          --                 --  mixed cyclic-ring out-of-plane deformation / cyclic C-N stretching cyclic-ring out-of-plane deformation 28.25%; cyclic C-N stretching 10.40%; C-N stretching 9.15%; C-H bending 7.38%
   23      925.99          --                 --  mixed C-C stretching / cyclic C-C stretching                   C-C stretching 19.87%; cyclic C-C stretching 13.84%; ring-site C-H in-plane bending 12.06%; C-N stretching 11.16%
   24      934.07          --                 --  mixed mixed-phase cyclic C-C stretching / cyclic C-O stretching mixed-phase cyclic C-C stretching 45.73%; cyclic C-O stretching 17.99%; cyclic-ring out-of-plane deformation 12.60%; cyclic-ring deformation (C-N-C bend) 8.22%
   25      992.29          --                 --  mixed ring-site C-H in-plane bending / cyclic-ring out-of-plane deformation / cyclic C-N stretching ring-site C-H in-plane bending 23.50%; cyclic-ring out-of-plane deformation 17.71%; cyclic C-N stretching 17.21%; ring-site C-H out-of-plane bending 16.65%
   26     1052.42          --                 --  mixed ring-site C-H in-plane bending / cyclic-ring out-of-plane deformation ring-site C-H in-plane bending 25.90%; cyclic-ring out-of-plane deformation 24.66%; C-N stretching 10.56%; ring-site C-H out-of-plane bending 10.17%
   27     1067.38          --                 --  mixed cyclic-ring out-of-plane deformation / C-N stretching / C-C stretching cyclic-ring out-of-plane deformation 20.66%; C-N stretching 19.25%; C-C stretching 17.87%; cyclic C-N stretching 13.46%
   28     1088.48          --                 --  mixed ring-site C-H in-plane bending / mixed-phase cyclic C-N stretching ring-site C-H in-plane bending 24.26%; mixed-phase cyclic C-N stretching 19.31%; ring-site C-H out-of-plane bending 11.53%; cyclic-ring out-of-plane deformation 8.77%
   29     1117.22          --                 --  mixed cyclic-ring out-of-plane deformation / ring-site C-H in-plane bending / C-H bending cyclic-ring out-of-plane deformation 24.87%; ring-site C-H in-plane bending 23.68%; C-H bending 19.12%; ring-site C-H out-of-plane bending 6.14%
   30     1128.54          --                 --  mixed C-H bending / ring-site C-H in-plane bending / cyclic-ring out-of-plane deformation C-H bending 26.42%; ring-site C-H in-plane bending 17.32%; cyclic-ring out-of-plane deformation 16.15%; C-C-N bending 6.68%
   31     1139.18          --                 --  C-H bending                                                    C-H bending 87.29%; C-C torsion 4.36%
   32     1225.39          --                 --  ring-site C-H in-plane bending                                 ring-site C-H in-plane bending 71.78%; ring-site C-H out-of-plane bending 19.32%; cyclic C-N stretching 3.09%; cyclic-ring out-of-plane deformation 2.08%
   33     1245.26          --                 --  mixed ring-site C-H in-plane bending / cyclic C-C stretching   ring-site C-H in-plane bending 68.12%; cyclic C-C stretching 16.53%; cyclic-ring out-of-plane deformation 5.49%; ring-site C-H out-of-plane bending 2.66%
   34     1265.76          --                 --  mixed mixed-phase cyclic C-N stretching / ring-site C-H out-of-plane bending / ring-site C-H in-plane bending mixed-phase cyclic C-N stretching 23.61%; ring-site C-H out-of-plane bending 19.62%; ring-site C-H in-plane bending 15.22%; mixed-phase cyclic C-C stretching 13.90%
   35     1305.10          --                 --  C-H bending                                                    C-H bending 90.31%; C-C torsion 7.64%
   36     1311.36          --                 --  mixed ring-site C-H in-plane bending / ring-site C-H out-of-plane bending ring-site C-H in-plane bending 38.28%; ring-site C-H out-of-plane bending 15.14%; mixed-phase cyclic C-C stretching 14.95%; cyclic-ring out-of-plane deformation 14.39%
   37     1362.84          --                 --  mixed ring-site C-H out-of-plane bending / ring-site C-H in-plane bending / mixed-phase cyclic C-C stretching ring-site C-H out-of-plane bending 22.06%; ring-site C-H in-plane bending 21.82%; mixed-phase cyclic C-C stretching 18.66%; in-phase cyclic C-N stretching 8.01%
   38     1388.10          --                 --  mixed C-N out-of-plane bending / C-H bending                   C-N out-of-plane bending 51.64%; C-H bending 40.86%; C-H out-of-plane bending 2.96%
   39     1413.22          --                 --  mixed mixed-phase cyclic C-C stretching / ring-site C-H in-plane bending mixed-phase cyclic C-C stretching 36.46%; ring-site C-H in-plane bending 17.73%; in-phase cyclic C-O stretching 14.54%; cyclic-ring out-of-plane deformation 12.77%
   40     1417.77          --                 --  mixed C-H out-of-plane bending / C-H bending                   C-H out-of-plane bending 52.74%; C-H bending 35.20%; C-N out-of-plane bending 6.00%; C-C stretching 3.86%
   41     1445.06          --                 --  mixed ring-site N-H in-plane bending / ring-site C-H out-of-plane bending / ring-site C-H in-plane bending ring-site N-H in-plane bending 34.86%; ring-site C-H out-of-plane bending 25.50%; ring-site C-H in-plane bending 19.27%; mixed-phase cyclic C-N stretching 7.07%
   42     1485.68          --                 --  C-H bending                                                    C-H bending 90.53%; C-C torsion 5.26%
   43     1490.20          --                 --  mixed C-C torsion / C-H bending                                C-C torsion 66.68%; C-H bending 32.90%
   44     1507.45          --                 --  mixed C-H bending / C-C torsion                                C-H bending 69.88%; C-C torsion 20.01%; C-H out-of-plane bending 8.76%
   45     1512.10          --                 --  mixed ring-site C-H out-of-plane bending / ring-site C-H in-plane bending ring-site C-H out-of-plane bending 74.39%; ring-site C-H in-plane bending 22.97%
   46     1742.31          --                 --  exocyclic C-N stretching                                       exocyclic C-N stretching 71.14%; cyclic C-N stretching 8.14%; cyclic C-C stretching 5.72%; cyclic-ring deformation (C-N-C bend) 3.98%
   47     2942.31          --                 --  C-H stretching                                                 C-H stretching 99.36%
   48     2966.85          --                 --  mixed-phase C-H stretching                                     mixed-phase C-H stretching 99.21%
   49     3018.20          --                 --  ring-site C-H stretching                                       ring-site C-H stretching 99.25%
   50     3034.16          --                 --  in-phase C-H stretching                                        in-phase C-H stretching 99.55%
   51     3055.21          --                 --  mixed-phase ring-site C-H stretching                           mixed-phase ring-site C-H stretching 99.38%
   52     3097.95          --                 --  mixed-phase C-H stretching                                     mixed-phase C-H stretching 99.60%
   53     3107.43          --                 --  opposite-phase C-H stretching                                  opposite-phase C-H stretching 99.58%
   54     3167.59          --                 --  ring-site C-H stretching                                       ring-site C-H stretching 98.84%
   55     3201.87          --                 --  ring-site C-H stretching                                       ring-site C-H stretching 98.77%
   56     3648.43          --                 --  ring-site N-H stretching                                       ring-site N-H stretching 99.28%

# Selected internal-coordinate set:
#   1  nu(C2-H13)
#   2  nu(C1-H10)
#   3  nu(N3-C4)
#   4  nu(N5-C6)
#   5  nu(O8-C9)
#   6  nu(C7-H18)
#   7  nu(C2-H14)
#   8  nu(C1-H11)
#   9  nu(C6-H16)
#  10  nu(C9-H19)
#  11  nu(C1-H12)
#  12  nu(N5-H15)
#  13  nu(C6-H17)
#  14  gamma(C4;C9,O8,H19)
#  15  tau(N3-C4-N5-H15)
#  16  delta(O8-C7-H18)
#  17  gamma(N3;C2,H13,H14)
#  18  gamma(C6;C7,O8,H18)
#  19  delta(N3-C4-N5)
#  20  gamma(H16;C6,N5,H17)
#  21  delta(O8-C9-H19)
#  22  gamma(H12;C1,H10,H11)
#  23  nu(C7-O8)
#  24  delta(H13-C2-H14)
#  25  delta(H10-C1-H11)
#  26  tau(H12-C1-C2-N3)
#  27  tau(N3-C4-N5-C6)
#  28  nu(C2-N3)
#  29  nu(C4-N5)
#  30  tau(H16-C6-C7-O8)
#  31  delta(N5-C6-H17)
#  32  tau(C2-N3-C4-C9)
#  33  delta(C6-N5-H15)
#  34  delta(C2-C1-H11)
#  35  gamma(C6;C7,O8,C9)
#  36  tau(H10-C1-C2-H14)
#  37  delta(C1-C2-H14)
#  38  nu(C6-C7)
#  39  gamma(C4;C9,C7,O8)
#  40  delta(C7-C6-H17)
#  41  nu(C1-C2)
#  42  delta(C2-C1-H10)
#  43  nu(C4-C9)
#  44  nu(C7-C9)
#  45  tau(C4-N5-C6-H17)
#  46  delta(C1-C2-N3)
#  47  delta(N3-C2-H14)
#  48  delta(C4-N5-C6)
#  49  tau(C1-C2-N3-C4)
#  50  tau(N5-C4-C9-O8)
#  51  delta(C2-N3-C4)

Wrote: /local/scratch/mv487/qm9s/experiment_1_phase2/ped/128993/128993_summary.csv
Wrote: /local/scratch/mv487/qm9s/experiment_1_phase2/ped/128993/128993_families.csv
Wrote: /local/scratch/mv487/qm9s/experiment_1_phase2/ped/128993/128993_ped.csv
Wrote: /local/scratch/mv487/qm9s/experiment_1_phase2/ped/128993/128993_ir_transitions.csv

# All generated files are in: /local/scratch/mv487/qm9s/experiment_1_phase2/ped/128993
# Manifest: /local/scratch/mv487/qm9s/experiment_1_phase2/ped/128993/128993_manifest.txt

--- stderr ---
Normal modes/frequencies absent or incomplete: diagonalizing Hessian.
