# Contact: romi@lens.unifi.it
# Manual: https://github.com/SebRoLENS/orca-ped-analyzer/blob/main/docs/ORCA_PED_Analyzer_Manual.md
# Check GitHub for updates and new releases: https://github.com/SebRoLENS/orca-ped-analyzer
#
# Molecule: 22 atoms | non-linear
# Bonds inferred: 21 | candidate ICs: 157 | selected ICs: 60
# Cartesian-Hessian reconstruction relative error: 9.130e-06
# Energy distribution: PED (PED is the backward-compatible default; TED includes kinetic-energy terms)
# Ring/cycle bonds detected: 0 | ring atoms: 0 | ring systems: 0
# VPT2: no matching .out file supplied/found -> harmonic/PED analysis only
#
 Mode   Harm/cm-1   VPT2/cm-1  Harm.Int/km mol-1  Assignment                                                     Grouped PED
------------------------------------------------------------------------------------------------------------------------------------------------------------------------------------------------
    6       32.87          --                 --  mixed C-N torsion / C-O torsion                                C-N torsion 55.39%; C-O torsion 10.39%; C-C torsion 10.21%; C-H bending 10.15%
    7       64.29          --                 --  mixed C-O torsion / C-C torsion                                C-O torsion 56.62%; C-C torsion 30.08%; C-N torsion 8.04%; C-H bending 3.93%
    8       78.35          --                 --  mixed C-C torsion / C-O torsion                                C-C torsion 65.53%; C-O torsion 23.68%; C-H bending 7.73%
    9       86.91          --                 --  C-C torsion                                                    C-C torsion 76.39%; N-C-C bending 6.44%; C-N-C bending 4.60%; C-O torsion 2.73%
   10      135.26          --                 --  mixed C-C torsion / C-O torsion                                C-C torsion 59.53%; C-O torsion 34.55%; C-N torsion 2.37%
   11      163.35          --                 --  mixed C-C torsion / C-O torsion                                C-C torsion 70.13%; C-O torsion 25.51%
   12      218.69          --                 --  C-C torsion                                                    C-C torsion 70.03%; N-C-C bending 6.45%; C-C-O bending 6.17%; C-N torsion 6.10%
   13      247.15          --                 --  mixed C-C torsion / C-C-N bending                              C-C torsion 57.05%; C-C-N bending 12.24%; O-C-C bending 8.55%; C-N-C bending 7.13%
   14      266.26          --                 --  C-C torsion                                                    C-C torsion 97.24%; C-O torsion 2.10%
   15      331.21          --                 --  C-C torsion                                                    C-C torsion 70.11%; C-N torsion 8.64%; C-C-O bending 7.54%; N-C-C bending 4.13%
   16      361.22          --                 --  mixed C-C-O bending / C-C torsion                              C-C-O bending 35.94%; C-C torsion 28.18%; C-H bending 11.37%; C-N-C bending 4.48%
   17      450.85          --                 --  mixed O-C-C bending / C-C-O bending / C-C-N bending            O-C-C bending 29.13%; C-C-O bending 21.00%; C-C-N bending 18.42%; C-H bending 13.65%
   18      494.20          --                 --  C-O torsion                                                    C-O torsion 78.61%; O-C-C bending 4.59%; C-C-O bending 4.24%; C-H bending 4.08%
   19      546.18          --                 --  mixed C-C-O bending / C-H bending / N-C-C bending              C-C-O bending 24.99%; C-H bending 24.14%; N-C-C bending 19.28%; C-C torsion 13.94%
   20      582.46          --                 --  mixed C-O torsion / C-H bending                                C-O torsion 58.95%; C-H bending 20.06%; C-C torsion 12.22%; C-N torsion 4.32%
   21      625.37          --                 --  mixed C-C-N bending / mixed-phase C-C stretching               C-C-N bending 27.95%; mixed-phase C-C stretching 18.47%; C-O-C bending 12.13%; C-N-C bending 9.05%
   22      798.57          --                 --  mixed C-C torsion / C-H bending / C-N stretching               C-C torsion 22.77%; C-H bending 22.21%; C-N stretching 16.13%; C-C stretching 9.67%
   23      821.78          --                 --  mixed C-C torsion / C-H bending                                C-C torsion 52.80%; C-H bending 46.48%
   24      888.46          --                 --  mixed C-H bending / C-C torsion / C-O stretching               C-H bending 40.72%; C-C torsion 23.92%; C-O stretching 17.75%; C-C stretching 3.84%
   25      901.95          --                 --  mixed C-H bending / C-C stretching / mixed-phase C-O stretching C-H bending 38.55%; C-C stretching 23.15%; mixed-phase C-O stretching 18.59%; C-C torsion 7.61%
   26      957.56          --                 --  mixed mixed-phase C-C stretching / C-H bending                 mixed-phase C-C stretching 39.36%; C-H bending 18.36%; C-C torsion 11.79%; mixed-phase C-O stretching 9.75%
   27     1015.23          --                 --  mixed C-H bending / mixed-phase C-C stretching                 C-H bending 53.87%; mixed-phase C-C stretching 18.34%; C-C torsion 7.17%; in-phase C-O stretching 6.61%
   28     1058.59          --                 --  C-H bending                                                    C-H bending 86.13%; C-O torsion 5.88%; C-O stretching 3.39%
   29     1064.21          --                 --  mixed mixed-phase C-O stretching / C-H bending / C-C stretching mixed-phase C-O stretching 43.48%; C-H bending 23.17%; C-C stretching 21.62%; O-C-C bending 4.74%
   30     1076.98          --                 --  mixed mixed-phase C-O stretching / C-H bending                 mixed-phase C-O stretching 40.83%; C-H bending 19.29%; C-C stretching 10.25%; O-H bending 8.30%
   31     1099.94          --                 --  mixed C-H bending / C-N stretching / mixed-phase C-C stretching C-H bending 25.17%; C-N stretching 23.82%; mixed-phase C-C stretching 18.11%; C-C torsion 14.71%
   32     1104.58          --                 --  mixed C-H bending / C-C torsion                                C-H bending 64.62%; C-C torsion 11.92%; C-O stretching 9.33%; C-C-O bending 5.10%
   33     1153.36          --                 --  mixed C-H bending / C-C torsion                                C-H bending 29.73%; C-C torsion 21.90%; C-C-O bending 12.45%; C-N stretching 10.64%
   34     1182.23          --                 --  mixed C-H bending / C-C torsion                                C-H bending 68.01%; C-C torsion 29.92%
   35     1221.32          --                 --  mixed C-H bending / O-H bending                                C-H bending 57.11%; O-H bending 15.76%; C-C torsion 7.11%; in-phase C-O stretching 5.76%
   36     1263.40          --                 --  mixed C-H bending / C-C torsion                                C-H bending 67.88%; C-C torsion 11.70%; C-H out-of-plane bending 9.78%; C-O stretching 3.73%
   37     1293.04          --                 --  mixed C-H bending / C-C torsion                                C-H bending 52.28%; C-C torsion 35.63%; C-O stretching 5.90%; C-C-N bending 3.08%
   38     1294.83          --                 --  mixed C-H bending / mixed-phase C-O stretching                 C-H bending 53.03%; mixed-phase C-O stretching 18.44%; C-C-N bending 9.53%; C-C torsion 9.53%
   39     1381.95          --                 --  C-H bending                                                    C-H bending 81.52%; O-H bending 12.71%
   40     1385.18          --                 --  mixed C-H bending / C-H out-of-plane bending                   C-H bending 45.73%; C-H out-of-plane bending 45.11%; C-C stretching 2.65%; C-N stretching 2.44%
   41     1395.77          --                 --  C-H bending                                                    C-H bending 83.84%; C-C torsion 10.97%
   42     1413.27          --                 --  C-H bending                                                    C-H bending 85.74%; C-H out-of-plane bending 5.97%; C-C stretching 5.30%
   43     1429.97          --                 --  C-H bending                                                    C-H bending 76.27%; C-C stretching 11.97%; C-C torsion 7.96%
   44     1437.81          --                 --  C-H bending                                                    C-H bending 72.82%; O-H bending 14.17%; C-C torsion 6.25%; C-C stretching 4.05%
   45     1472.41          --                 --  mixed C-H out-of-plane bending / C-H bending / C-C torsion     C-H out-of-plane bending 37.84%; C-H bending 31.71%; C-C torsion 26.77%
   46     1485.98          --                 --  C-H bending                                                    C-H bending 96.15%
   47     1489.32          --                 --  mixed C-C torsion / C-H bending                                C-C torsion 78.79%; C-H bending 20.69%
   48     1491.12          --                 --  C-H bending                                                    C-H bending 94.73%; C-C torsion 3.07%
   49     1501.91          --                 --  C-C torsion                                                    C-C torsion 84.42%; C-H bending 14.21%
   50     1509.88          --                 --  C-H bending                                                    C-H bending 86.84%; C-C torsion 11.18%
   51     1524.21          --                 --  mixed C-C torsion / C-H bending                                C-C torsion 77.09%; C-H bending 21.63%
   52     1725.92          --                 --  C-N stretching                                                 C-N stretching 73.80%; O-C-C bending 8.74%; C-C stretching 4.88%; C-O stretching 3.92%
   53     2979.69          --                 --  opposite-phase C-H stretching                                  opposite-phase C-H stretching 99.30%
   54     2981.65          --                 --  in-phase C-H stretching                                        in-phase C-H stretching 99.17%
   55     3023.42          --                 --  mixed-phase C-H stretching                                     mixed-phase C-H stretching 99.42%
   56     3040.90          --                 --  in-phase C-H stretching                                        in-phase C-H stretching 99.75%
   57     3043.59          --                 --  in-phase C-H stretching                                        in-phase C-H stretching 99.28%
   58     3046.02          --                 --  C-H stretching                                                 C-H stretching 99.65%
   59     3078.11          --                 --  mixed-phase C-H stretching                                     mixed-phase C-H stretching 99.03%
   60     3080.09          --                 --  C-H stretching                                                 C-H stretching 99.08%
   61     3099.77          --                 --  opposite-phase C-H stretching                                  opposite-phase C-H stretching 99.65%
   62     3106.52          --                 --  mixed-phase C-H stretching                                     mixed-phase C-H stretching 99.32%
   63     3115.36          --                 --  mixed-phase C-H stretching                                     mixed-phase C-H stretching 99.54%
   64     3148.31          --                 --  mixed-phase C-H stretching                                     mixed-phase C-H stretching 99.33%
   65     3742.25          --                 --  O-H stretching                                                 O-H stretching 99.90%

# Selected internal-coordinate set:
#   1  nu(C1-C2)
#   2  nu(C4-C5)
#   3  nu(N6-C7)
#   4  nu(C8-H20)
#   5  nu(O9-H22)
#   6  nu(C2-O3)
#   7  nu(C8-H21)
#   8  nu(C7-H18)
#   9  nu(C1-H10)
#  10  nu(C5-H16)
#  11  nu(C5-H17)
#  12  nu(C1-H11)
#  13  nu(C7-H19)
#  14  nu(C2-H14)
#  15  nu(C8-O9)
#  16  nu(O3-C4)
#  17  tau(C2-O3-C4-N6)
#  18  nu(C5-H15)
#  19  nu(C1-H12)
#  20  tau(H20-C8-O9-H22)
#  21  nu(C2-H13)
#  22  gamma(H19;C7,N6,H18)
#  23  delta(O9-C8-H21)
#  24  nu(C4-N6)
#  25  tau(H11-C1-C2-H14)
#  26  tau(H12-C1-C2-H13)
#  27  tau(C2-O3-C4-C5)
#  28  delta(H16-C5-H17)
#  29  delta(N6-C7-H18)
#  30  delta(H15-C5-H16)
#  31  delta(O9-C8-H20)
#  32  delta(C8-O9-H22)
#  33  delta(H15-C5-H17)
#  34  delta(C2-C1-H10)
#  35  delta(C2-C1-H12)
#  36  delta(C2-C1-H11)
#  37  delta(H20-C8-H21)
#  38  tau(H19-C7-C8-O9)
#  39  delta(C1-C2-H14)
#  40  delta(C1-C2-H13)
#  41  tau(H10-C1-C2-O3)
#  42  delta(C5-C4-N6)
#  43  tau(O3-C4-N6-C7)
#  44  delta(C7-C8-H21)
#  45  delta(C8-C7-H19)
#  46  tau(H12-C1-C2-H14)
#  47  delta(C4-C5-H15)
#  48  nu(C7-C8)
#  49  delta(C4-C5-H16)
#  50  delta(C2-O3-C4)
#  51  delta(N6-C7-C8)
#  52  delta(O3-C2-H13)
#  53  tau(O3-C4-C5-H17)
#  54  delta(C7-C8-O9)
#  55  delta(C1-C2-O3)
#  56  tau(N6-C7-C8-H20)
#  57  tau(C1-C2-O3-C4)
#  58  delta(C4-N6-C7)
#  59  tau(C4-N6-C7-C8)
#  60  delta(O3-C4-C5)

Wrote: /local/scratch/mv487/qm9s/experiment_1_phase2/ped/112308/112308_summary.csv
Wrote: /local/scratch/mv487/qm9s/experiment_1_phase2/ped/112308/112308_families.csv
Wrote: /local/scratch/mv487/qm9s/experiment_1_phase2/ped/112308/112308_ped.csv
Wrote: /local/scratch/mv487/qm9s/experiment_1_phase2/ped/112308/112308_ir_transitions.csv

# All generated files are in: /local/scratch/mv487/qm9s/experiment_1_phase2/ped/112308
# Manifest: /local/scratch/mv487/qm9s/experiment_1_phase2/ped/112308/112308_manifest.txt

--- stderr ---
Normal modes/frequencies absent or incomplete: diagonalizing Hessian.
