# Contact: romi@lens.unifi.it
# Manual: https://github.com/SebRoLENS/orca-ped-analyzer/blob/main/docs/ORCA_PED_Analyzer_Manual.md
# Check GitHub for updates and new releases: https://github.com/SebRoLENS/orca-ped-analyzer
#
# Molecule: 16 atoms | non-linear
# Bonds inferred: 16 | candidate ICs: 131 | selected ICs: 42
# Cartesian-Hessian reconstruction relative error: 1.729e-05
# Energy distribution: PED (PED is the backward-compatible default; TED includes kinetic-energy terms)
# Ring/cycle bonds detected: 3 | ring atoms: 3 | ring systems: 1
# VPT2: no matching .out file supplied/found -> harmonic/PED analysis only
#
 Mode   Harm/cm-1   VPT2/cm-1  Harm.Int/km mol-1  Assignment                                                     Grouped PED
------------------------------------------------------------------------------------------------------------------------------------------------------------------------------------------------
    6       62.19          --                 --  C-C torsion                                                    C-C torsion 77.87%; cyclic-ring torsional/out-of-plane deformation 5.96%; C-O out-of-plane bending 5.01%; C-C-O bending 4.66%
    7       65.24          --                 --  C-O torsion                                                    C-O torsion 82.19%; C-O out-of-plane bending 5.39%; C-O-C bending 3.20%; cyclic-ring torsional/out-of-plane deformation 2.70%
    8      144.00          --                 --  mixed C-O torsion / C-C-O bending                              C-O torsion 63.00%; C-C-O bending 22.08%; C-H bending 4.36%; cyclic-ring torsional/out-of-plane deformation 3.11%
    9      191.96          --                 --  C-C torsion                                                    C-C torsion 83.42%; C-C-O bending 5.51%; C-H bending 4.37%; cyclic-ring torsional/out-of-plane deformation 2.53%
   10      248.21          --                 --  mixed C-C-O bending / cyclic-ring torsional/out-of-plane deformation / C-O out-of-plane bending C-C-O bending 26.99%; cyclic-ring torsional/out-of-plane deformation 23.46%; C-O out-of-plane bending 19.15%; C-C-C bending 14.91%
   11      309.22          --                 --  mixed C-O-C bending / C-C-C bending                            C-O-C bending 36.98%; C-C-C bending 26.18%; C-O out-of-plane bending 10.96%; cyclic-ring torsional/out-of-plane deformation 6.89%
   12      350.82          --                 --  mixed cyclic-ring torsional/out-of-plane deformation / C-O out-of-plane bending cyclic-ring torsional/out-of-plane deformation 43.65%; C-O out-of-plane bending 16.22%; C-C-O bending 7.87%; cyclic-ring out-of-plane deformation 7.59%
   13      395.23          --                 --  mixed C-C-O bending / C-C-C bending / C-O out-of-plane bending C-C-O bending 35.47%; C-C-C bending 18.33%; C-O out-of-plane bending 16.69%; C-O-C bending 9.62%
   14      405.03          --                 --  mixed C-C-O bending / C-O out-of-plane bending                 C-C-O bending 47.40%; C-O out-of-plane bending 14.57%; C-H bending 10.51%; C-O-C bending 6.61%
   15      494.85          --                 --  mixed C-O out-of-plane bending / C-C-O bending / C-H bending   C-O out-of-plane bending 20.16%; C-C-O bending 19.51%; C-H bending 16.45%; O-C-O bending 11.36%
   16      677.17          --                 --  mixed O-C-O bending / C-O stretching                           O-C-O bending 37.50%; C-O stretching 12.36%; C-H bending 10.75%; C-C-O bending 8.33%
   17      732.10          --                 --  mixed cyclic-ring out-of-plane deformation / exocyclic C-C stretching / C-C-O bending cyclic-ring out-of-plane deformation 33.54%; exocyclic C-C stretching 17.43%; C-C-O bending 15.54%; cyclic C-O stretching 14.16%
   18      832.99          --                 --  mixed cyclic-ring out-of-plane deformation / exocyclic C-C stretching cyclic-ring out-of-plane deformation 37.89%; exocyclic C-C stretching 14.51%; cyclic C-C stretching 14.42%; C-H bending 12.06%
   19      896.98          --                 --  mixed cyclic-ring out-of-plane deformation / mixed-phase exocyclic C-C stretching cyclic-ring out-of-plane deformation 41.31%; mixed-phase exocyclic C-C stretching 27.70%; cyclic C-O stretching 13.12%; C-H bending 8.18%
   20      924.52          --                 --  mixed cyclic C-O stretching / C-H bending / exocyclic C-C stretching cyclic C-O stretching 36.29%; C-H bending 22.24%; exocyclic C-C stretching 15.18%; cyclic-ring out-of-plane deformation 14.96%
   21      965.39          --                 --  mixed C-H bending / cyclic-ring out-of-plane deformation       C-H bending 54.59%; cyclic-ring out-of-plane deformation 29.53%; C-O stretching 3.37%; C-O out-of-plane bending 2.59%
   22     1021.14          --                 --  mixed C-O stretching / C-H out-of-plane bending / C-H bending  C-O stretching 32.93%; C-H out-of-plane bending 23.17%; C-H bending 18.08%; O-C-O bending 14.18%
   23     1036.44          --                 --  mixed C-H out-of-plane bending / C-O stretching                C-H out-of-plane bending 61.77%; C-O stretching 12.43%; C-H bending 12.42%; O-C-O bending 6.71%
   24     1062.53          --                 --  mixed C-H bending / mixed-phase C-O stretching                 C-H bending 44.82%; mixed-phase C-O stretching 20.53%; cyclic C-O stretching 13.53%; cyclic-ring out-of-plane deformation 5.63%
   25     1106.61          --                 --  mixed C-H bending / mixed-phase C-O stretching                 C-H bending 42.44%; mixed-phase C-O stretching 20.23%; ring-site C-H in-plane bending 10.80%; C-O out-of-plane bending 8.57%
   26     1133.51          --                 --  mixed ring-site C-H in-plane bending / mixed-phase C-O stretching / cyclic-ring out-of-plane deformation ring-site C-H in-plane bending 37.22%; mixed-phase C-O stretching 25.95%; cyclic-ring out-of-plane deformation 19.99%; C-H bending 7.24%
   27     1134.90          --                 --  mixed C-H bending / ring-site C-H in-plane bending / mixed-phase C-O stretching C-H bending 26.90%; ring-site C-H in-plane bending 21.28%; mixed-phase C-O stretching 18.28%; C-O out-of-plane bending 10.08%
   28     1175.19          --                 --  mixed cyclic-ring out-of-plane deformation / ring-site C-H in-plane bending cyclic-ring out-of-plane deformation 64.25%; ring-site C-H in-plane bending 20.48%; C-H bending 8.71%
   29     1289.57          --                 --  mixed C-H bending / opposite-phase exocyclic C-C stretching    C-H bending 39.21%; opposite-phase exocyclic C-C stretching 26.77%; cyclic-ring out-of-plane deformation 14.09%; C-C-O bending 7.71%
   30     1315.61          --                 --  C-H bending                                                    C-H bending 74.61%; cyclic C-C stretching 7.09%; exocyclic C-C stretching 6.06%; cyclic-ring out-of-plane deformation 3.67%
   31     1376.87          --                 --  mixed C-H bending / cyclic C-C stretching                      C-H bending 57.78%; cyclic C-C stretching 17.77%; mixed-phase exocyclic C-C stretching 8.17%; C-C-C bending 3.66%
   32     1412.57          --                 --  C-H bending                                                    C-H bending 85.43%; cyclic C-C stretching 5.33%; exocyclic C-C stretching 4.36%
   33     1423.80          --                 --  C-H bending                                                    C-H bending 93.22%; exocyclic C-C stretching 4.73%
   34     1440.38          --                 --  C-H bending                                                    C-H bending 83.63%; exocyclic C-C stretching 6.63%; cyclic C-C stretching 5.06%
   35     1484.06          --                 --  C-H bending                                                    C-H bending 97.04%
   36     1493.69          --                 --  C-H bending                                                    C-H bending 97.66%
   37     1503.97          --                 --  C-H bending                                                    C-H bending 97.56%
   38     1533.57          --                 --  C-H bending                                                    C-H bending 72.35%; ring-site C-H in-plane bending 9.78%; cyclic-ring out-of-plane deformation 7.59%; cyclic C-C stretching 6.91%
   39     1837.13          --                 --  C-O stretching                                                 C-O stretching 92.20%; C-H bending 4.52%
   40     2983.27          --                 --  C-H stretching                                                 C-H stretching 98.49%
   41     3041.63          --                 --  C-H stretching                                                 C-H stretching 99.61%
   42     3049.55          --                 --  C-H stretching                                                 C-H stretching 99.11%
   43     3084.29          --                 --  in-phase ring-site C-H stretching                              in-phase ring-site C-H stretching 98.96%
   44     3105.85          --                 --  mixed-phase C-H stretching                                     mixed-phase C-H stretching 99.58%
   45     3110.81          --                 --  mixed-phase C-H stretching                                     mixed-phase C-H stretching 99.30%
   46     3127.37          --                 --  mixed-phase C-H stretching                                     mixed-phase C-H stretching 99.32%
   47     3169.59          --                 --  opposite-phase ring-site C-H stretching                        opposite-phase ring-site C-H stretching 99.31%

# Selected internal-coordinate set:
#   1  nu(C1-C2)
#   2  nu(C3-O4)
#   3  nu(C7-O8)
#   4  nu(C5-O6)
#   5  nu(C3-H12)
#   6  nu(C1-H11)
#   7  nu(C7-H15)
#   8  nu(C3-H13)
#   9  nu(C1-H10)
#  10  gamma(H14;C5,O4,O6)
#  11  gamma(O8;C7,C2,H16)
#  12  nu(C5-H14)
#  13  nu(C1-H9)
#  14  nu(C7-H16)
#  15  nu(O4-C5)
#  16  nu(C2-C3)
#  17  gamma(O8;C2,C1,C3)
#  18  delta(O8-C7-H15)
#  19  delta(H9-C1-H10)
#  20  delta(H10-C1-H11)
#  21  delta(H12-C3-H13)
#  22  delta(O6-C5-H14)
#  23  delta(H15-C7-H16)
#  24  delta(H9-C1-H11)
#  25  delta(O4-C3-H13)
#  26  delta(O4-C3-H12)
#  27  gamma(C2;C7,O8,H15)
#  28  gamma(C2;C7,O8,H16)
#  29  tau(H12-C3-O4-C5)
#  30  delta(C2-C1-H11)
#  31  delta(O4-C5-O6)
#  32  delta(C2-C3-H13)
#  33  delta(C2-C1-H10)
#  34  nu(C2-C7)
#  35  tau(C3-O4-C5-O6)
#  36  delta(C3-O4-C5)
#  37  delta(C1-C2-O8)
#  38  tau(H11-C1-C2-C3)
#  39  delta(C1-C2-C3)
#  40  tau(C3-C2-O8-C7)
#  41  tau(C7-C2-C3-O4)
#  42  delta(C2-C3-O4)

Wrote: /local/scratch/mv487/qm9s/experiment_1_phase2/ped/8949/8949_summary.csv
Wrote: /local/scratch/mv487/qm9s/experiment_1_phase2/ped/8949/8949_families.csv
Wrote: /local/scratch/mv487/qm9s/experiment_1_phase2/ped/8949/8949_ped.csv
Wrote: /local/scratch/mv487/qm9s/experiment_1_phase2/ped/8949/8949_ir_transitions.csv

# All generated files are in: /local/scratch/mv487/qm9s/experiment_1_phase2/ped/8949
# Manifest: /local/scratch/mv487/qm9s/experiment_1_phase2/ped/8949/8949_manifest.txt

--- stderr ---
Normal modes/frequencies absent or incomplete: diagonalizing Hessian.
