# Contact: romi@lens.unifi.it
# Manual: https://github.com/SebRoLENS/orca-ped-analyzer/blob/main/docs/ORCA_PED_Analyzer_Manual.md
# Check GitHub for updates and new releases: https://github.com/SebRoLENS/orca-ped-analyzer
#
# Molecule: 21 atoms | non-linear
# Bonds inferred: 21 | candidate ICs: 177 | selected ICs: 57
# Cartesian-Hessian reconstruction relative error: 1.255e-05
# Energy distribution: PED (PED is the backward-compatible default; TED includes kinetic-energy terms)
# Ring/cycle bonds detected: 4 | ring atoms: 4 | ring systems: 1
# VPT2: no matching .out file supplied/found -> harmonic/PED analysis only
#
 Mode   Harm/cm-1   VPT2/cm-1  Harm.Int/km mol-1  Assignment                                                     Grouped PED
------------------------------------------------------------------------------------------------------------------------------------------------------------------------------------------------
    6       37.06          --                 --  C-N torsion                                                    C-N torsion 98.32%
    7       89.81          --                 --  mixed C-N torsion / cyclic-ring torsional/out-of-plane deformation C-N torsion 66.85%; cyclic-ring torsional/out-of-plane deformation 27.36%; N-C-C bending 3.02%
    8      123.02          --                 --  mixed C-N torsion / cyclic-ring torsional/out-of-plane deformation C-N torsion 61.70%; cyclic-ring torsional/out-of-plane deformation 32.72%; N-C-C bending 3.18%
    9      203.29          --                 --  mixed C-C torsion / cyclic-ring torsional/out-of-plane deformation / C-N-C bending C-C torsion 33.71%; cyclic-ring torsional/out-of-plane deformation 29.12%; C-N-C bending 15.28%; C-N torsion 8.31%
   10      220.34          --                 --  mixed C-N torsion / C-C torsion / cyclic-ring torsional/out-of-plane deformation C-N torsion 35.07%; C-C torsion 30.25%; cyclic-ring torsional/out-of-plane deformation 23.19%; C-C-N bending 6.18%
   11      230.31          --                 --  C-C torsion                                                    C-C torsion 93.55%; C-N torsion 4.12%
   12      269.94          --                 --  C-C torsion                                                    C-C torsion 86.01%; C-N torsion 7.93%
   13      313.41          --                 --  mixed C-C out-of-plane bending / N-C-C bending                 C-C out-of-plane bending 25.97%; N-C-C bending 15.50%; C-C-N bending 14.08%; C-N torsion 13.30%
   14      391.99          --                 --  mixed C-N torsion / C-C-N bending                              C-N torsion 53.59%; C-C-N bending 9.02%; N-C-C bending 8.99%; C-C out-of-plane bending 8.48%
   15      444.43          --                 --  mixed C-N torsion / C-C out-of-plane bending / C-C-N bending   C-N torsion 29.58%; C-C out-of-plane bending 21.28%; C-C-N bending 17.75%; C-N-C bending 8.80%
   16      456.83          --                 --  mixed C-N torsion / C-C-N bending                              C-N torsion 43.76%; C-C-N bending 25.38%; C-C out-of-plane bending 10.12%; C-H bending 7.96%
   17      492.94          --                 --  mixed C-N torsion / C-C out-of-plane bending / C-C-N bending   C-N torsion 20.54%; C-C out-of-plane bending 19.58%; C-C-N bending 18.14%; N-C-C bending 11.03%
   18      645.60          --                 --  C-N torsion                                                    C-N torsion 73.42%; N-H bending 6.94%; C-C out-of-plane bending 4.38%; exocyclic C-N stretching 2.81%
   19      711.50          --                 --  mixed C-N torsion / mixed-phase cyclic C-C stretching          C-N torsion 28.97%; mixed-phase cyclic C-C stretching 19.10%; cyclic-ring deformation (C-O-C bend) 14.26%; N-H bending 9.93%
   20      773.16          --                 --  mixed C-N torsion / cyclic-ring deformation (C-O-C bend)       C-N torsion 46.03%; cyclic-ring deformation (C-O-C bend) 31.04%; N-H bending 5.54%; C-C-N bending 4.04%
   21      819.59          --                 --  mixed C-N torsion / ring-site C-H in-plane bending             C-N torsion 19.09%; ring-site C-H in-plane bending 14.20%; C-C stretching 11.64%; C-H bending 10.74%
   22      853.35          --                 --  C-N torsion                                                    C-N torsion 75.85%; in-phase C-C stretching 9.85%; C-H bending 3.67%; cyclic C-C stretching 3.28%
   23      863.68          --                 --  mixed C-N torsion / in-phase C-C stretching                    C-N torsion 33.89%; in-phase C-C stretching 20.71%; cyclic C-C stretching 14.73%; ring-site C-H in-plane bending 8.28%
   24      937.57          --                 --  mixed C-H bending / mixed-phase cyclic C-C stretching          C-H bending 34.58%; mixed-phase cyclic C-C stretching 15.17%; cyclic-ring deformation (C-O-C bend) 14.85%; cyclic C-O stretching 13.67%
   25      946.08          --                 --  mixed C-H bending / C-N torsion                                C-H bending 44.03%; C-N torsion 16.86%; cyclic C-O stretching 14.65%; cyclic C-C stretching 6.86%
   26      962.16          --                 --  mixed mixed-phase cyclic C-O stretching / C-N torsion          mixed-phase cyclic C-O stretching 58.56%; C-N torsion 15.93%; cyclic-ring out-of-plane deformation 8.35%; mixed-phase cyclic C-C stretching 5.34%
   27      964.68          --                 --  mixed C-H bending / opposite-phase C-C stretching              C-H bending 58.47%; opposite-phase C-C stretching 26.30%; C-C torsion 8.22%; C-N torsion 2.61%
   28      988.09          --                 --  mixed C-H bending / C-N stretching                             C-H bending 30.41%; C-N stretching 23.93%; C-C stretching 12.81%; cyclic C-C stretching 9.39%
   29     1000.26          --                 --  mixed cyclic C-O stretching / N-H bending                      cyclic C-O stretching 43.61%; N-H bending 20.47%; cyclic-ring deformation (C-O-C bend) 12.90%; cyclic C-C stretching 5.95%
   30     1079.21          --                 --  mixed ring-site C-H in-plane bending / cyclic C-C stretching   ring-site C-H in-plane bending 29.97%; cyclic C-C stretching 22.68%; N-C-C bending 8.63%; C-H bending 7.46%
   31     1127.98          --                 --  mixed C-H bending / opposite-phase C-C stretching              C-H bending 48.69%; opposite-phase C-C stretching 17.55%; exocyclic C-N stretching 10.44%; C-C-N bending 9.67%
   32     1163.53          --                 --  mixed cyclic-ring out-of-plane deformation / ring-site C-H in-plane bending cyclic-ring out-of-plane deformation 36.52%; ring-site C-H in-plane bending 29.82%; C-H bending 7.80%; ring-site C-H out-of-plane bending 7.35%
   33     1175.53          --                 --  mixed C-H bending / C-N stretching                             C-H bending 47.89%; C-N stretching 9.44%; cyclic-ring out-of-plane deformation 8.80%; ring-site C-H in-plane bending 8.32%
   34     1202.56          --                 --  mixed C-H bending / C-N stretching                             C-H bending 35.65%; C-N stretching 13.86%; C-C torsion 12.48%; C-C stretching 9.37%
   35     1207.77          --                 --  mixed C-H bending / exocyclic C-N stretching                   C-H bending 36.14%; exocyclic C-N stretching 14.40%; C-C out-of-plane bending 10.83%; ring-site C-H in-plane bending 9.02%
   36     1232.66          --                 --  mixed N-H bending / ring-site C-H out-of-plane bending         N-H bending 28.74%; ring-site C-H out-of-plane bending 17.21%; C-C-N bending 9.27%; cyclic C-O stretching 9.05%
   37     1254.46          --                 --  mixed C-N torsion / opposite-phase cyclic C-C stretching       C-N torsion 58.37%; opposite-phase cyclic C-C stretching 18.52%; ring-site C-H in-plane bending 4.10%; C-H bending 3.12%
   38     1335.45          --                 --  mixed C-H bending / ring-site C-H out-of-plane bending         C-H bending 36.38%; ring-site C-H out-of-plane bending 25.96%; C-C out-of-plane bending 8.76%; ring-site C-H in-plane bending 8.26%
   39     1360.40          --                 --  mixed C-N torsion / C-C out-of-plane bending                   C-N torsion 47.58%; C-C out-of-plane bending 19.26%; C-H bending 13.35%; opposite-phase C-C stretching 4.72%
   40     1366.91          --                 --  mixed C-H bending / ring-site C-H out-of-plane bending         C-H bending 34.60%; ring-site C-H out-of-plane bending 16.30%; C-C out-of-plane bending 13.15%; ring-site C-H in-plane bending 9.51%
   41     1405.33          --                 --  mixed C-H bending / C-H out-of-plane bending                   C-H bending 45.08%; C-H out-of-plane bending 18.70%; C-C out-of-plane bending 7.66%; C-C torsion 5.31%
   42     1409.88          --                 --  mixed C-H bending / C-H out-of-plane bending                   C-H bending 48.56%; C-H out-of-plane bending 43.07%; C-C stretching 2.69%; C-C out-of-plane bending 2.06%
   43     1430.83          --                 --  C-H bending                                                    C-H bending 74.60%; C-H out-of-plane bending 20.00%; in-phase C-C stretching 2.71%
   44     1483.29          --                 --  mixed C-H bending / N-H bending                                C-H bending 60.33%; N-H bending 14.48%; C-H out-of-plane bending 10.25%; C-N torsion 7.05%
   45     1493.38          --                 --  C-H bending                                                    C-H bending 74.13%; C-C torsion 18.86%; C-H out-of-plane bending 6.57%
   46     1503.33          --                 --  C-H bending                                                    C-H bending 82.28%; N-H bending 5.86%; C-N torsion 4.87%; C-C torsion 2.22%
   47     1508.75          --                 --  mixed C-H bending / C-C torsion                                C-H bending 39.43%; C-C torsion 14.40%; N-H bending 10.16%; ring-site C-H out-of-plane bending 9.34%
   48     1512.76          --                 --  mixed C-H bending / ring-site C-H out-of-plane bending         C-H bending 30.53%; ring-site C-H out-of-plane bending 24.93%; ring-site C-H in-plane bending 14.49%; cyclic-ring out-of-plane deformation 12.67%
   49     1519.66          --                 --  mixed C-H bending / N-H bending                                C-H bending 65.48%; N-H bending 8.64%; C-C torsion 5.55%; C-N torsion 5.48%
   50     1807.80          --                 --  exocyclic C-N stretching                                       exocyclic C-N stretching 74.08%; cyclic C-C stretching 10.15%; cyclic-ring deformation (C-O-C bend) 8.92%; cyclic C-O stretching 5.29%
   51     2908.88          --                 --  C-H stretching                                                 C-H stretching 98.60%
   52     2960.47          --                 --  ring-site C-H stretching                                       ring-site C-H stretching 99.08%
   53     3023.32          --                 --  C-H stretching                                                 C-H stretching 99.65%
   54     3032.22          --                 --  C-H stretching                                                 C-H stretching 99.69%
   55     3068.81          --                 --  in-phase ring-site C-H stretching                              in-phase ring-site C-H stretching 99.23%
   56     3084.01          --                 --  mixed-phase C-H stretching                                     mixed-phase C-H stretching 99.46%
   57     3093.59          --                 --  opposite-phase C-H stretching                                  opposite-phase C-H stretching 99.41%
   58     3107.49          --                 --  mixed-phase C-H stretching                                     mixed-phase C-H stretching 99.58%
   59     3122.74          --                 --  mixed-phase C-H stretching                                     mixed-phase C-H stretching 99.50%
   60     3131.10          --                 --  opposite-phase ring-site C-H stretching                        opposite-phase ring-site C-H stretching 99.16%
   61     3473.69          --                 --  N-H stretching                                                 N-H stretching 99.72%
   62     3512.28          --                 --  N-H stretching                                                 N-H stretching 99.60%

# Selected internal-coordinate set:
#   1  nu(C1-C2)
#   2  nu(C3-H15)
#   3  nu(N4-C5)
#   4  nu(C6-O7)
#   5  nu(C8-N9)
#   6  nu(C3-H16)
#   7  nu(C2-H13)
#   8  nu(N4-H17)
#   9  nu(C1-H11)
#  10  nu(C6-H20)
#  11  nu(N9-H21)
#  12  nu(C5-H18)
#  13  nu(C3-H14)
#  14  nu(C1-H10)
#  15  tau(O7-C8-N9-H21)
#  16  nu(C6-H19)
#  17  tau(H17-N4-C5-H18)
#  18  nu(O7-C8)
#  19  nu(C1-H12)
#  20  tau(C5-C8-N9-H21)
#  21  gamma(C3;C2,C1,H13)
#  22  gamma(H20;C6,O7,H19)
#  23  delta(C8-N9-H21)
#  24  gamma(H14;C3,H15,H16)
#  25  tau(H17-N4-C5-C8)
#  26  delta(N4-C5-H18)
#  27  delta(H15-C3-H16)
#  28  delta(H10-C1-H11)
#  29  delta(H11-C1-H12)
#  30  delta(O7-C6-H19)
#  31  delta(H10-C1-H12)
#  32  tau(H13-C2-C3-H14)
#  33  delta(C5-N4-H17)
#  34  gamma(O7;C6,C5,H20)
#  35  gamma(C3;C2,C1,N4)
#  36  nu(C5-C8)
#  37  delta(C2-C3-H15)
#  38  delta(C2-C1-H11)
#  39  nu(C2-N4)
#  40  delta(C5-C6-H20)
#  41  tau(H13-C2-N4-C5)
#  42  tau(C1-C2-C3-H15)
#  43  delta(C5-C8-N9)
#  44  nu(C2-C3)
#  45  delta(C2-C1-H10)
#  46  tau(N4-C5-C6-O7)
#  47  nu(C5-C6)
#  48  tau(C2-N4-C5-C6)
#  49  delta(C2-C3-H14)
#  50  tau(H11-C1-C2-N4)
#  51  delta(N4-C5-C6)
#  52  tau(C6-C5-C8-O7)
#  53  delta(N4-C2-H13)
#  54  delta(C2-N4-C5)
#  55  delta(C6-O7-C8)
#  56  tau(C3-C2-N4-C5)
#  57  delta(C1-C2-N4)

Wrote: /local/scratch/mv487/qm9s/experiment_1_phase2/ped/55156/55156_summary.csv
Wrote: /local/scratch/mv487/qm9s/experiment_1_phase2/ped/55156/55156_families.csv
Wrote: /local/scratch/mv487/qm9s/experiment_1_phase2/ped/55156/55156_ped.csv
Wrote: /local/scratch/mv487/qm9s/experiment_1_phase2/ped/55156/55156_ir_transitions.csv

# All generated files are in: /local/scratch/mv487/qm9s/experiment_1_phase2/ped/55156
# Manifest: /local/scratch/mv487/qm9s/experiment_1_phase2/ped/55156/55156_manifest.txt

--- stderr ---
Normal modes/frequencies absent or incomplete: diagonalizing Hessian.
