# Contact: romi@lens.unifi.it
# Manual: https://github.com/SebRoLENS/orca-ped-analyzer/blob/main/docs/ORCA_PED_Analyzer_Manual.md
# Check GitHub for updates and new releases: https://github.com/SebRoLENS/orca-ped-analyzer
#
# Molecule: 19 atoms | non-linear
# Bonds inferred: 19 | candidate ICs: 157 | selected ICs: 51
# Cartesian-Hessian reconstruction relative error: 1.923e-05
# Energy distribution: PED (PED is the backward-compatible default; TED includes kinetic-energy terms)
# Ring/cycle bonds detected: 3 | ring atoms: 3 | ring systems: 1
# VPT2: no matching .out file supplied/found -> harmonic/PED analysis only
#
 Mode   Harm/cm-1   VPT2/cm-1  Harm.Int/km mol-1  Assignment                                                     Grouped PED
------------------------------------------------------------------------------------------------------------------------------------------------------------------------------------------------
    6       53.33          --                 --  C-C torsion                                                    C-C torsion 97.86%
    7       75.04          --                 --  mixed C-C torsion / C-O torsion                                C-C torsion 60.48%; C-O torsion 29.10%; C-H bending 4.97%
    8      129.65          --                 --  mixed C-C-C bending / C-C torsion / C-C-C linear bending       C-C-C bending 47.30%; C-C torsion 17.92%; C-C-C linear bending 16.86%; O-C-C bending 9.72%
    9      184.51          --                 --  mixed C-C-C bending / C-C torsion                              C-C-C bending 26.22%; C-C torsion 14.13%; O-C-C bending 13.97%; C-C-O bending 13.74%
   10      209.97          --                 --  C-C torsion                                                    C-C torsion 98.98%
   11      218.13          --                 --  C-C torsion                                                    C-C torsion 70.32%; C-C-C linear bending 11.98%; C-H bending 5.00%; O-C-C bending 4.64%
   12      233.78          --                 --  mixed C-C torsion / C-O torsion / C-C-C bending                C-C torsion 29.49%; C-O torsion 23.41%; C-C-C bending 16.03%; cyclic-ring torsional/out-of-plane deformation 8.50%
   13      278.59          --                 --  mixed C-C-C bending / C-C torsion                              C-C-C bending 25.06%; C-C torsion 23.78%; C-C-O bending 13.83%; O-C-C bending 12.60%
   14      321.13          --                 --  mixed C-C torsion / C-C-C linear bending                       C-C torsion 50.97%; C-C-C linear bending 14.68%; C-C-O bending 14.30%; cyclic-ring torsional/out-of-plane deformation 4.82%
   15      378.95          --                 --  mixed C-C-O bending / O-C-C bending                            C-C-O bending 47.06%; O-C-C bending 12.64%; C-C-C bending 10.51%; cyclic-ring torsional/out-of-plane deformation 8.30%
   16      413.50          --                 --  mixed C-C torsion / C-C-C bending                              C-C torsion 28.42%; C-C-C bending 18.13%; C-C stretching 13.21%; C-H bending 7.44%
   17      512.30          --                 --  mixed C-C-O bending / C-C torsion                              C-C-O bending 27.46%; C-C torsion 18.07%; O-C-C bending 14.10%; C-C-C bending 13.70%
   18      548.13          --                 --  mixed C-C-C bending / O-C-C bending                            C-C-C bending 37.36%; O-C-C bending 13.80%; C-C-C linear bending 11.14%; C-C torsion 10.64%
   19      595.88          --                 --  mixed O-C-C bending / C-C torsion                              O-C-C bending 48.78%; C-C torsion 12.54%; C-H bending 8.91%; C-C-C linear bending 8.09%
   20      666.42          --                 --  C-C-H linear bending                                           C-C-H linear bending 95.74%; C-C-C linear bending 2.96%
   21      695.96          --                 --  C-C-H linear bending                                           C-C-H linear bending 93.58%; C-C-C linear bending 3.40%
   22      814.58          --                 --  mixed mixed-phase cyclic C-O stretching / ring-site C-H out-of-plane bending mixed-phase cyclic C-O stretching 31.12%; ring-site C-H out-of-plane bending 18.22%; C-C torsion 14.47%; C-H bending 11.45%
   23      849.11          --                 --  mixed mixed-phase cyclic C-O stretching / ring-site C-H out-of-plane bending mixed-phase cyclic C-O stretching 41.15%; ring-site C-H out-of-plane bending 12.50%; C-H bending 9.52%; C-C-C bending 7.68%
   24      864.92          --                 --  mixed C-H bending / C-C stretching                             C-H bending 31.89%; C-C stretching 18.15%; C-C torsion 11.44%; cyclic C-O stretching 8.79%
   25      935.41          --                 --  mixed cyclic C-O stretching / C-H bending                      cyclic C-O stretching 36.57%; C-H bending 13.25%; exocyclic C-C stretching 12.75%; mixed-phase C-C stretching 6.96%
   26      965.36          --                 --  mixed ring-site C-H out-of-plane bending / C-H bending / opposite-phase C-C stretching ring-site C-H out-of-plane bending 31.07%; C-H bending 26.77%; opposite-phase C-C stretching 16.09%; C-C torsion 8.78%
   27      988.93          --                 --  mixed mixed-phase C-C stretching / O-C-C bending               mixed-phase C-C stretching 40.37%; O-C-C bending 19.05%; C-H bending 12.76%; C-C torsion 10.84%
   28     1043.66          --                 --  mixed C-O stretching / C-C stretching                          C-O stretching 51.73%; C-C stretching 18.13%; O-H bending 4.85%; C-C-C bending 4.37%
   29     1077.71          --                 --  mixed ring-site C-H in-plane bending / C-H bending             ring-site C-H in-plane bending 40.89%; C-H bending 18.58%; mixed-phase C-C stretching 11.86%; ring-site C-H out-of-plane bending 8.71%
   30     1109.47          --                 --  mixed C-H bending / ring-site C-H in-plane bending             C-H bending 42.13%; ring-site C-H in-plane bending 16.22%; in-phase C-C stretching 12.19%; C-C-O bending 7.23%
   31     1120.84          --                 --  mixed mixed-phase C-C stretching / C-C-C bending               mixed-phase C-C stretching 24.94%; C-C-C bending 20.13%; C-H bending 12.67%; C-O stretching 10.88%
   32     1160.09          --                 --  mixed ring-site C-H out-of-plane bending / ring-site C-H in-plane bending ring-site C-H out-of-plane bending 47.83%; ring-site C-H in-plane bending 37.51%; in-phase cyclic C-O stretching 11.44%
   33     1163.66          --                 --  mixed ring-site C-H in-plane bending / ring-site C-H out-of-plane bending ring-site C-H in-plane bending 51.80%; ring-site C-H out-of-plane bending 29.61%; C-H bending 6.27%; exocyclic C-C stretching 4.27%
   34     1197.50          --                 --  mixed ring-site C-H out-of-plane bending / exocyclic C-C stretching / C-H bending ring-site C-H out-of-plane bending 26.93%; exocyclic C-C stretching 21.85%; C-H bending 18.87%; ring-site C-H in-plane bending 11.00%
   35     1250.13          --                 --  mixed C-H bending / O-H bending                                C-H bending 56.16%; O-H bending 18.95%; ring-site C-H out-of-plane bending 6.15%; C-C-C bending 5.03%
   36     1284.91          --                 --  mixed cyclic C-C stretching / ring-site C-H in-plane bending / C-C torsion cyclic C-C stretching 31.25%; ring-site C-H in-plane bending 27.46%; C-C torsion 15.33%; in-phase cyclic C-O stretching 11.25%
   37     1299.95          --                 --  mixed C-C torsion / C-H bending                                C-C torsion 44.50%; C-H bending 30.31%; O-H bending 9.32%; ring-site C-H in-plane bending 7.99%
   38     1333.20          --                 --  mixed C-H bending / O-H bending                                C-H bending 60.91%; O-H bending 9.26%; C-C-O bending 7.65%; C-C-C bending 7.60%
   39     1367.23          --                 --  C-H bending                                                    C-H bending 73.29%; mixed-phase C-C stretching 10.97%; C-C torsion 3.91%; O-C-C bending 3.51%
   40     1412.92          --                 --  mixed C-H bending / C-H out-of-plane bending                   C-H bending 55.02%; C-H out-of-plane bending 23.92%; C-C torsion 11.60%; O-H bending 7.23%
   41     1419.90          --                 --  mixed C-H out-of-plane bending / C-H bending                   C-H out-of-plane bending 41.53%; C-H bending 39.25%; C-C torsion 9.15%; O-H bending 4.70%
   42     1447.43          --                 --  mixed C-H bending / ring-site C-H in-plane bending             C-H bending 24.56%; ring-site C-H in-plane bending 19.64%; ring-site C-H out-of-plane bending 14.43%; cyclic C-C stretching 12.51%
   43     1502.57          --                 --  mixed C-H bending / C-C torsion                                C-H bending 69.82%; C-C torsion 14.66%; C-H out-of-plane bending 13.22%
   44     1506.78          --                 --  mixed C-C torsion / C-H bending                                C-C torsion 64.55%; C-H bending 33.05%
   45     1532.32          --                 --  mixed ring-site C-H in-plane bending / ring-site C-H out-of-plane bending / cyclic C-C stretching ring-site C-H in-plane bending 45.71%; ring-site C-H out-of-plane bending 26.60%; cyclic C-C stretching 15.15%; in-phase cyclic C-O stretching 6.87%
   46     2218.19          --                 --  mixed-phase C-C stretching                                     mixed-phase C-C stretching 95.22%; C-H stretching 4.56%
   47     3021.56          --                 --  in-phase C-H stretching                                        in-phase C-H stretching 98.72%
   48     3031.93          --                 --  mixed-phase C-H stretching                                     mixed-phase C-H stretching 99.49%
   49     3038.78          --                 --  mixed-phase C-H stretching                                     mixed-phase C-H stretching 98.61%
   50     3085.30          --                 --  in-phase ring-site C-H stretching                              in-phase ring-site C-H stretching 99.11%
   51     3095.19          --                 --  mixed-phase C-H stretching                                     mixed-phase C-H stretching 95.97%; ring-site C-H stretching 3.51%
   52     3106.61          --                 --  ring-site C-H stretching                                       ring-site C-H stretching 95.16%; opposite-phase C-H stretching 4.03%
   53     3114.23          --                 --  mixed-phase C-H stretching                                     mixed-phase C-H stretching 99.58%
   54     3171.85          --                 --  opposite-phase ring-site C-H stretching                        opposite-phase ring-site C-H stretching 99.34%
   55     3475.02          --                 --  C-H stretching                                                 C-H stretching 95.52%; C-C stretching 4.48%
   56     3784.39          --                 --  O-H stretching                                                 O-H stretching 99.88%

# Selected internal-coordinate set:
#   1  nu(C1-H11)
#   2  nu(C2-C3)
#   3  nu(O4-H15)
#   4  nu(C5-C6)
#   5  nu(C7-C8)
#   6  nu(C2-H13)
#   7  nu(C1-H12)
#   8  nu(C3-H14)
#   9  delta_lin2(C5-C6-H16)
#  10  delta_lin1(C5-C6-H16)
#  11  delta(O9-C8-H18)
#  12  nu(C7-H17)
#  13  nu(C1-H10)
#  14  delta(O9-C8-H19)
#  15  tau(H13-C2-C3-H14)
#  16  nu(C7-O9)
#  17  delta(C3-O4-H15)
#  18  tau(H14-C3-O4-H15)
#  19  nu(C6-H16)
#  20  delta(C2-C3-C5)
#  21  gamma(H10;C1,H11,H12)
#  22  nu(C8-H19)
#  23  delta(O9-C7-H17)
#  24  nu(C8-H18)
#  25  delta(H11-C1-H12)
#  26  delta(O4-C3-C5)
#  27  nu(C8-O9)
#  28  tau(H17-C7-O9-C8)
#  29  tau(H10-C1-C2-C7)
#  30  delta(C3-C2-H13)
#  31  nu(C3-O4)
#  32  tau(H19-C8-O9-C7)
#  33  tau(H18-C8-O9-C7)
#  34  delta(C5-C3-H14)
#  35  delta(C2-C1-H12)
#  36  nu(C1-C2)
#  37  delta(C2-C7-O9)
#  38  nu(C3-C5)
#  39  delta(C2-C1-H11)
#  40  delta(O4-C3-H14)
#  41  nu(C2-C7)
#  42  tau(H11-C1-C2-C3)
#  43  delta(C1-C2-C3)
#  44  tau(C1-C2-C3-O4)
#  45  delta_lin2(C3-C5-C6)
#  46  tau(C2-C7-O9-C8)
#  47  delta_lin1(C3-C5-C6)
#  48  tau(C1-C2-C7-O9)
#  49  delta(C2-C3-O4)
#  50  tau(C7-C2-C3-C5)
#  51  delta(C3-C2-C7)

Wrote: /local/scratch/mv487/qm9s/experiment_1_phase2/ped/51784/51784_summary.csv
Wrote: /local/scratch/mv487/qm9s/experiment_1_phase2/ped/51784/51784_families.csv
Wrote: /local/scratch/mv487/qm9s/experiment_1_phase2/ped/51784/51784_ped.csv
Wrote: /local/scratch/mv487/qm9s/experiment_1_phase2/ped/51784/51784_ir_transitions.csv

# All generated files are in: /local/scratch/mv487/qm9s/experiment_1_phase2/ped/51784
# Manifest: /local/scratch/mv487/qm9s/experiment_1_phase2/ped/51784/51784_manifest.txt

--- stderr ---
Normal modes/frequencies absent or incomplete: diagonalizing Hessian.
