# Contact: romi@lens.unifi.it
# Manual: https://github.com/SebRoLENS/orca-ped-analyzer/blob/main/docs/ORCA_PED_Analyzer_Manual.md
# Check GitHub for updates and new releases: https://github.com/SebRoLENS/orca-ped-analyzer
#
# Molecule: 20 atoms | non-linear
# Bonds inferred: 22 | candidate ICs: 230 | selected ICs: 54
# Cartesian-Hessian reconstruction relative error: 3.150e-05
# Energy distribution: PED (PED is the backward-compatible default; TED includes kinetic-energy terms)
# Ring/cycle bonds detected: 9 | ring atoms: 7 | ring systems: 1
# VPT2: no matching .out file supplied/found -> harmonic/PED analysis only
#
 Mode   Harm/cm-1   VPT2/cm-1  Harm.Int/km mol-1  Assignment                                                     Grouped PED
------------------------------------------------------------------------------------------------------------------------------------------------------------------------------------------------
    6      186.22          --                 --  mixed C-N torsion / C-C torsion                                C-N torsion 54.22%; C-C torsion 10.13%; cyclic-ring torsional/out-of-plane deformation 9.68%; cyclic-ring torsional/out-of-plane deformation 9.28%
    7      193.59          --                 --  C-C torsion                                                    C-C torsion 98.83%
    8      221.80          --                 --  mixed C-C torsion / C-N torsion                                C-C torsion 69.69%; C-N torsion 26.45%
    9      232.13          --                 --  mixed C-N torsion / C-C torsion                                C-N torsion 59.12%; C-C torsion 31.25%; C-N-C bending 2.29%; C-C-O bending 2.15%
   10      286.55          --                 --  mixed C-N torsion / C-C-O bending / C-C torsion                C-N torsion 35.61%; C-C-O bending 27.14%; C-C torsion 21.02%; C-H bending 5.17%
   11      335.08          --                 --  mixed C-C-O bending / C-C torsion / cyclic-ring torsional/out-of-plane deformation C-C-O bending 33.20%; C-C torsion 21.82%; cyclic-ring torsional/out-of-plane deformation 17.41%; cyclic-ring torsional/out-of-plane deformation 10.48%
   12      422.34          --                 --  mixed C-C torsion / C-N-C bending                              C-C torsion 30.90%; C-N-C bending 19.97%; cyclic-ring torsional/out-of-plane deformation 7.45%; cyclic-ring torsional/out-of-plane deformation 6.91%
   13      432.80          --                 --  mixed cyclic-ring torsional/out-of-plane deformation / C-N torsion cyclic-ring torsional/out-of-plane deformation 36.24%; C-N torsion 16.05%; C-C torsion 14.31%; cyclic-ring torsional/out-of-plane deformation 13.49%
   14      477.60          --                 --  mixed ring-site C-H out-of-plane bending / C-C torsion         ring-site C-H out-of-plane bending 37.33%; C-C torsion 25.40%; cyclic-ring out-of-plane deformation 8.43%; cyclic-ring torsional/out-of-plane deformation 6.23%
   15      606.10          --                 --  mixed cyclic-ring torsional/out-of-plane deformation / cyclic-ring deformation (C-C-C bend) / exocyclic C-C stretching cyclic-ring torsional/out-of-plane deformation 20.28%; cyclic-ring deformation (C-C-C bend) 19.39%; exocyclic C-C stretching 15.49%; C-C-O bending 11.00%
   16      662.63          --                 --  mixed cyclic-ring torsional/out-of-plane deformation / cyclic-ring out-of-plane deformation cyclic-ring torsional/out-of-plane deformation 28.27%; cyclic-ring out-of-plane deformation 18.84%; ring-site C-H out-of-plane bending 13.59%; C-C torsion 12.18%
   17      728.36          --                 --  mixed mixed-phase cyclic C-C stretching / cyclic-ring torsional/out-of-plane deformation mixed-phase cyclic C-C stretching 23.95%; cyclic-ring torsional/out-of-plane deformation 13.81%; C-C torsion 13.17%; cyclic-ring out-of-plane deformation 10.37%
   18      777.21          --                 --  mixed ring-site C-H out-of-plane bending / mixed-phase cyclic C-C stretching ring-site C-H out-of-plane bending 26.48%; mixed-phase cyclic C-C stretching 23.51%; cyclic-ring torsional/out-of-plane deformation 12.33%; ring-site C-H in-plane bending 11.34%
   19      818.46          --                 --  mixed mixed-phase cyclic C-O stretching / C-C torsion / C-H bending mixed-phase cyclic C-O stretching 29.81%; C-C torsion 19.79%; C-H bending 17.05%; cyclic C-C stretching 13.60%
   20      850.01          --                 --  mixed cyclic-ring deformation (C-C-C bend) / C-H bending / C-C torsion cyclic-ring deformation (C-C-C bend) 20.62%; C-H bending 20.14%; C-C torsion 19.50%; mixed-phase cyclic C-C stretching 15.69%
   21      856.00          --                 --  mixed cyclic C-C stretching / in-phase cyclic C-N stretching   cyclic C-C stretching 32.86%; in-phase cyclic C-N stretching 15.28%; cyclic-ring torsional/out-of-plane deformation 9.62%; C-C torsion 7.25%
   22      869.97          --                 --  mixed mixed-phase cyclic C-C stretching / cyclic C-O stretching / cyclic-ring torsional/out-of-plane deformation mixed-phase cyclic C-C stretching 27.68%; cyclic C-O stretching 19.80%; cyclic-ring torsional/out-of-plane deformation 16.01%; ring-site C-H in-plane bending 11.06%
   23      900.22          --                 --  mixed mixed-phase cyclic C-C stretching / cyclic-ring deformation (C-C-C bend) / opposite-phase cyclic C-N stretching mixed-phase cyclic C-C stretching 31.96%; cyclic-ring deformation (C-C-C bend) 20.07%; opposite-phase cyclic C-N stretching 18.86%; C-C torsion 8.71%
   24      921.27          --                 --  mixed cyclic C-C stretching / ring-site C-H in-plane bending   cyclic C-C stretching 37.20%; ring-site C-H in-plane bending 24.03%; ring-site C-H out-of-plane bending 14.20%; exocyclic C-N stretching 6.19%
   25      932.54          --                 --  mixed cyclic-ring out-of-plane deformation / mixed-phase cyclic C-C stretching cyclic-ring out-of-plane deformation 31.61%; mixed-phase cyclic C-C stretching 18.81%; cyclic-ring torsional/out-of-plane deformation 12.98%; cyclic C-O stretching 8.32%
   26      981.65          --                 --  mixed cyclic C-O stretching / cyclic-ring out-of-plane deformation cyclic C-O stretching 30.29%; cyclic-ring out-of-plane deformation 13.45%; ring-site C-H in-plane bending 11.85%; C-H bending 10.16%
   27     1027.53          --                 --  mixed ring-site C-H out-of-plane bending / C-C torsion         ring-site C-H out-of-plane bending 47.38%; C-C torsion 19.42%; C-H bending 10.13%; cyclic C-C stretching 4.77%
   28     1058.75          --                 --  mixed cyclic-ring out-of-plane deformation / ring-site C-H out-of-plane bending / ring-site C-H in-plane bending cyclic-ring out-of-plane deformation 27.07%; ring-site C-H out-of-plane bending 23.31%; ring-site C-H in-plane bending 19.51%; cyclic-ring torsional/out-of-plane deformation 9.51%
   29     1081.28          --                 --  mixed ring-site C-H out-of-plane bending / ring-site C-H in-plane bending ring-site C-H out-of-plane bending 31.20%; ring-site C-H in-plane bending 26.94%; C-H bending 13.31%; cyclic-ring out-of-plane deformation 11.62%
   30     1105.59          --                 --  mixed C-H bending / exocyclic C-N stretching                   C-H bending 43.24%; exocyclic C-N stretching 14.69%; cyclic C-C stretching 11.39%; ring-site C-H in-plane bending 10.44%
   31     1126.51          --                 --  mixed C-H bending / cyclic C-C stretching                      C-H bending 51.75%; cyclic C-C stretching 22.21%; cyclic-ring out-of-plane deformation 7.48%; exocyclic C-N stretching 3.89%
   32     1142.60          --                 --  mixed C-H bending / ring-site C-H in-plane bending             C-H bending 43.60%; ring-site C-H in-plane bending 17.70%; exocyclic C-N stretching 14.03%; cyclic-ring torsional/out-of-plane deformation 4.97%
   33     1157.44          --                 --  mixed C-H bending / ring-site C-H in-plane bending             C-H bending 68.18%; ring-site C-H in-plane bending 6.42%; cyclic C-C stretching 4.69%; ring-site C-H out-of-plane bending 3.90%
   34     1193.32          --                 --  mixed C-H bending / ring-site C-H out-of-plane bending / mixed-phase cyclic C-C stretching C-H bending 27.16%; ring-site C-H out-of-plane bending 16.42%; mixed-phase cyclic C-C stretching 16.08%; C-C-O bending 9.26%
   35     1211.76          --                 --  ring-site C-H out-of-plane bending                             ring-site C-H out-of-plane bending 75.13%; cyclic C-C stretching 7.33%; ring-site C-H in-plane bending 5.61%; C-H bending 3.87%
   36     1216.90          --                 --  mixed ring-site C-H in-plane bending / C-H bending             ring-site C-H in-plane bending 24.11%; C-H bending 23.79%; cyclic C-C stretching 10.58%; cyclic-ring out-of-plane deformation 9.51%
   37     1252.77          --                 --  mixed ring-site C-H in-plane bending / mixed-phase cyclic C-C stretching ring-site C-H in-plane bending 48.83%; mixed-phase cyclic C-C stretching 14.19%; cyclic-ring torsional/out-of-plane deformation 8.40%; C-H bending 7.85%
   38     1262.92          --                 --  mixed ring-site C-H in-plane bending / cyclic-ring out-of-plane deformation ring-site C-H in-plane bending 31.28%; cyclic-ring out-of-plane deformation 14.81%; cyclic-ring deformation (C-C-C bend) 11.52%; mixed-phase cyclic C-C stretching 8.55%
   39     1295.04          --                 --  mixed ring-site C-H in-plane bending / cyclic C-C stretching   ring-site C-H in-plane bending 47.75%; cyclic C-C stretching 21.07%; cyclic-ring deformation (C-C-C bend) 7.04%; cyclic-ring out-of-plane deformation 5.63%
   40     1320.65          --                 --  mixed ring-site C-H in-plane bending / mixed-phase cyclic C-C stretching ring-site C-H in-plane bending 23.75%; mixed-phase cyclic C-C stretching 20.60%; C-H out-of-plane bending 14.87%; exocyclic C-C stretching 10.89%
   41     1376.49          --                 --  mixed mixed-phase cyclic C-C stretching / ring-site C-H in-plane bending mixed-phase cyclic C-C stretching 23.65%; ring-site C-H in-plane bending 14.70%; in-phase cyclic C-N stretching 13.99%; C-H out-of-plane bending 12.13%
   42     1419.80          --                 --  mixed C-H out-of-plane bending / C-H bending                   C-H out-of-plane bending 61.63%; C-H bending 32.26%; exocyclic C-C stretching 4.23%
   43     1455.20          --                 --  C-H bending                                                    C-H bending 91.23%; C-N torsion 2.58%
   44     1482.75          --                 --  C-C torsion                                                    C-C torsion 85.73%; C-H bending 10.40%
   45     1491.35          --                 --  mixed ring-site C-H out-of-plane bending / ring-site C-H in-plane bending ring-site C-H out-of-plane bending 58.85%; ring-site C-H in-plane bending 13.01%; C-H bending 11.91%; C-C torsion 5.24%
   46     1495.09          --                 --  mixed C-H bending / C-N torsion                                C-H bending 56.60%; C-N torsion 37.37%; ring-site C-H out-of-plane bending 2.44%
   47     1498.81          --                 --  mixed C-H bending / C-C torsion                                C-H bending 62.30%; C-C torsion 29.22%; C-H out-of-plane bending 7.29%
   48     1499.06          --                 --  C-H bending                                                    C-H bending 86.51%; C-N torsion 11.35%
   49     2941.42          --                 --  C-H stretching                                                 C-H stretching 99.61%
   50     3036.30          --                 --  in-phase C-H stretching                                        in-phase C-H stretching 98.69%
   51     3052.50          --                 --  ring-site C-H stretching                                       ring-site C-H stretching 98.64%
   52     3065.62          --                 --  mixed-phase C-H stretching                                     mixed-phase C-H stretching 99.56%
   53     3100.27          --                 --  opposite-phase C-H stretching                                  opposite-phase C-H stretching 98.89%
   54     3102.46          --                 --  opposite-phase C-H stretching                                  opposite-phase C-H stretching 99.58%
   55     3111.55          --                 --  mixed-phase C-H stretching                                     mixed-phase C-H stretching 98.92%
   56     3129.35          --                 --  mixed-phase ring-site C-H stretching                           mixed-phase ring-site C-H stretching 98.52%
   57     3137.21          --                 --  ring-site C-H stretching                                       ring-site C-H stretching 98.42%
   58     3160.18          --                 --  mixed-phase ring-site C-H stretching                           mixed-phase ring-site C-H stretching 98.32%
   59     3170.40          --                 --  ring-site C-H stretching                                       ring-site C-H stretching 98.73%

# Selected internal-coordinate set:
#   1  nu(C1-N2)
#   2  nu(C3-C4)
#   3  nu(C5-C6)
#   4  nu(C7-C8)
#   5  nu(C8-O9)
#   6  nu(C1-H11)
#   7  nu(C3-C8)
#   8  nu(C6-H15)
#   9  nu(C7-H19)
#  10  nu(C5-O9)
#  11  nu(C1-H12)
#  12  nu(C6-H17)
#  13  nu(C4-H14)
#  14  gamma(C5;C4,C3,H14)
#  15  nu(C7-H18)
#  16  nu(C6-H16)
#  17  nu(C1-H10)
#  18  nu(N2-C3)
#  19  gamma(H18;C7,C8,H19)
#  20  nu(C8-H20)
#  21  tau(O9-C5-C6-H17)
#  22  nu(C3-H13)
#  23  delta(C3-C4-H14)
#  24  tau(H12-C1-N2-C3)
#  25  tau(C6-C5-O9-C8)
#  26  delta(H15-C6-H16)
#  27  delta(H10-C1-H11)
#  28  delta(N2-C1-H11)
#  29  tau(H13-C3-C8-O9)
#  30  delta(N2-C1-H10)
#  31  delta(O9-C8-H20)
#  32  gamma(H17;C6,H15,H16)
#  33  delta(C8-C7-H19)
#  34  tau(O9-C5-C7-H18)
#  35  delta(C8-C3-H13)
#  36  delta(N2-C1-H12)
#  37  delta(C7-C8-H20)
#  38  delta(C5-C6-H17)
#  39  tau(C7-C5-C6-H15)
#  40  delta(C1-N2-C4)
#  41  tau(C4-C5-C6-H16)
#  42  tau(C3-C8-O9-C5)
#  43  tau(H19-C7-C8-C3)
#  44  tau(H11-C1-N2-C4)
#  45  nu(N2-C4)
#  46  gamma(C3;C8,C7,O9)
#  47  delta(C3-C4-C5)
#  48  delta(C5-C6-H15)
#  49  nu(C5-C7)
#  50  tau(C1-N2-C4-C5)
#  51  tau(C4-C3-C8-C7)
#  52  nu(C4-C5)
#  53  tau(N2-C3-C4-C5)
#  54  delta(C6-C5-O9)

Wrote: /local/scratch/mv487/qm9s/experiment_1_phase2/ped/72140/72140_summary.csv
Wrote: /local/scratch/mv487/qm9s/experiment_1_phase2/ped/72140/72140_families.csv
Wrote: /local/scratch/mv487/qm9s/experiment_1_phase2/ped/72140/72140_ped.csv
Wrote: /local/scratch/mv487/qm9s/experiment_1_phase2/ped/72140/72140_ir_transitions.csv

# All generated files are in: /local/scratch/mv487/qm9s/experiment_1_phase2/ped/72140
# Manifest: /local/scratch/mv487/qm9s/experiment_1_phase2/ped/72140/72140_manifest.txt

--- stderr ---
Normal modes/frequencies absent or incomplete: diagonalizing Hessian.
