# Contact: romi@lens.unifi.it
# Manual: https://github.com/SebRoLENS/orca-ped-analyzer/blob/main/docs/ORCA_PED_Analyzer_Manual.md
# Check GitHub for updates and new releases: https://github.com/SebRoLENS/orca-ped-analyzer
#
# Molecule: 16 atoms | non-linear
# Bonds inferred: 17 | candidate ICs: 142 | selected ICs: 42
# Cartesian-Hessian reconstruction relative error: 3.549e-05
# Energy distribution: PED (PED is the backward-compatible default; TED includes kinetic-energy terms)
# Ring/cycle bonds detected: 9 | ring atoms: 8 | ring systems: 1
# VPT2: no matching .out file supplied/found -> harmonic/PED analysis only
#
 Mode   Harm/cm-1   VPT2/cm-1  Harm.Int/km mol-1  Assignment                                                     Grouped PED
------------------------------------------------------------------------------------------------------------------------------------------------------------------------------------------------
    6       81.81          --                 --  ring-site C-H out-of-plane bending                             ring-site C-H out-of-plane bending 85.09%; cyclic-ring torsional/out-of-plane deformation 6.45%; cyclic-ring out-of-plane deformation 3.46%
    7      178.34          --                 --  mixed ring-site C-H out-of-plane bending / cyclic-ring deformation (C-C-N bend) ring-site C-H out-of-plane bending 40.96%; cyclic-ring deformation (C-C-N bend) 31.17%; cyclic-ring deformation (C-C-O bend) 10.10%; cyclic-ring torsional/out-of-plane deformation 5.82%
    8      244.08          --                 --  ring-site C-H out-of-plane bending                             ring-site C-H out-of-plane bending 71.50%; cyclic-ring deformation (C-O-C bend) 9.77%; cyclic-ring deformation (C-C-N bend) 3.55%; cyclic-ring torsional/out-of-plane deformation 3.51%
    9      300.15          --                 --  mixed ring-site C-H out-of-plane bending / cyclic-ring torsional/out-of-plane deformation ring-site C-H out-of-plane bending 40.26%; cyclic-ring torsional/out-of-plane deformation 25.83%; cyclic-ring deformation (C-O-C bend) 11.09%; cyclic-ring out-of-plane deformation 6.75%
   10      358.51          --                 --  mixed ring-site C-H out-of-plane bending / cyclic-ring deformation (C-N-C bend) ring-site C-H out-of-plane bending 54.10%; cyclic-ring deformation (C-N-C bend) 17.09%; cyclic-ring torsional/out-of-plane deformation 7.38%; cyclic-ring out-of-plane deformation 5.60%
   11      380.27          --                 --  C-O torsion                                                    C-O torsion 73.99%; cyclic-ring deformation (C-O-C bend) 6.14%; ring-site C-H out-of-plane bending 4.55%; cyclic-ring deformation (C-N-C bend) 3.65%
   12      449.39          --                 --  ring-site C-H out-of-plane bending                             ring-site C-H out-of-plane bending 82.18%; cyclic-ring torsional/out-of-plane deformation 5.92%; cyclic-ring deformation (C-O-C bend) 3.40%; cyclic-ring out-of-plane deformation 3.06%
   13      485.08          --                 --  mixed ring-site C-H out-of-plane bending / cyclic-ring out-of-plane deformation ring-site C-H out-of-plane bending 47.37%; cyclic-ring out-of-plane deformation 22.84%; cyclic-ring torsional/out-of-plane deformation 10.56%; ring-site C-H in-plane bending 4.42%
   14      616.28          --                 --  mixed ring-site C-H out-of-plane bending / cyclic-ring deformation (C-C-O bend) / O-C-C bending ring-site C-H out-of-plane bending 30.66%; cyclic-ring deformation (C-C-O bend) 24.91%; O-C-C bending 16.83%; cyclic-ring torsional/out-of-plane deformation 7.60%
   15      654.71          --                 --  mixed ring-site C-H out-of-plane bending / cyclic-ring out-of-plane deformation / cyclic-ring deformation (C-C-N bend) ring-site C-H out-of-plane bending 35.93%; cyclic-ring out-of-plane deformation 23.53%; cyclic-ring deformation (C-C-N bend) 21.11%; cyclic C-O stretching 4.17%
   16      729.81          --                 --  mixed cyclic-ring out-of-plane deformation / ring-site C-H out-of-plane bending cyclic-ring out-of-plane deformation 34.27%; ring-site C-H out-of-plane bending 15.18%; cyclic-ring deformation (C-O-C bend) 11.54%; cyclic C-N stretching 10.31%
   17      744.84          --                 --  mixed ring-site C-H out-of-plane bending / cyclic-ring out-of-plane deformation ring-site C-H out-of-plane bending 41.36%; cyclic-ring out-of-plane deformation 28.89%; cyclic C-C stretching 11.72%; cyclic-ring deformation (C-C-N bend) 6.00%
   18      752.54          --                 --  mixed ring-site C-H out-of-plane bending / opposite-phase cyclic C-C stretching / cyclic-ring out-of-plane deformation ring-site C-H out-of-plane bending 31.61%; opposite-phase cyclic C-C stretching 19.95%; cyclic-ring out-of-plane deformation 17.19%; cyclic-ring deformation (C-C-N bend) 15.65%
   19      811.87          --                 --  mixed cyclic-ring deformation (C-N-C bend) / ring-site C-H out-of-plane bending cyclic-ring deformation (C-N-C bend) 25.59%; ring-site C-H out-of-plane bending 19.43%; cyclic C-O stretching 13.70%; cyclic-ring deformation (C-O-C bend) 11.32%
   20      900.88          --                 --  mixed ring-site C-H out-of-plane bending / mixed-phase cyclic C-O stretching ring-site C-H out-of-plane bending 30.97%; mixed-phase cyclic C-O stretching 19.43%; cyclic C-C stretching 10.63%; exocyclic C-O stretching 9.62%
   21      934.35          --                 --  mixed cyclic C-O stretching / ring-site C-H out-of-plane bending cyclic C-O stretching 55.81%; ring-site C-H out-of-plane bending 16.20%; cyclic-ring deformation (C-N-C bend) 13.79%; ring-site C-H in-plane bending 5.28%
   22      954.13          --                 --  ring-site C-H out-of-plane bending                             ring-site C-H out-of-plane bending 95.09%; cyclic-ring out-of-plane deformation 2.12%
   23      979.63          --                 --  mixed cyclic-ring out-of-plane deformation / ring-site C-H out-of-plane bending cyclic-ring out-of-plane deformation 36.92%; ring-site C-H out-of-plane bending 35.63%; mixed-phase cyclic C-O stretching 13.71%; cyclic C-C stretching 3.98%
   24     1046.34          --                 --  mixed ring-site C-H out-of-plane bending / mixed-phase cyclic C-O stretching / cyclic-ring out-of-plane deformation ring-site C-H out-of-plane bending 35.03%; mixed-phase cyclic C-O stretching 29.45%; cyclic-ring out-of-plane deformation 19.72%; ring-site C-H in-plane bending 9.73%
   25     1071.59          --                 --  mixed ring-site C-H out-of-plane bending / cyclic-ring out-of-plane deformation ring-site C-H out-of-plane bending 41.96%; cyclic-ring out-of-plane deformation 28.51%; ring-site C-H in-plane bending 7.48%; mixed-phase cyclic C-O stretching 7.24%
   26     1079.09          --                 --  mixed ring-site C-H out-of-plane bending / cyclic-ring out-of-plane deformation / mixed-phase cyclic C-O stretching ring-site C-H out-of-plane bending 36.68%; cyclic-ring out-of-plane deformation 25.98%; mixed-phase cyclic C-O stretching 15.02%; ring-site C-H in-plane bending 5.75%
   27     1127.53          --                 --  mixed ring-site C-H out-of-plane bending / cyclic-ring out-of-plane deformation ring-site C-H out-of-plane bending 51.61%; cyclic-ring out-of-plane deformation 40.31%; ring-site C-H in-plane bending 4.85%
   28     1145.54          --                 --  mixed ring-site C-H out-of-plane bending / exocyclic C-O stretching ring-site C-H out-of-plane bending 22.44%; exocyclic C-O stretching 17.95%; cyclic C-N stretching 10.85%; cyclic-ring out-of-plane deformation 9.62%
   29     1169.85          --                 --  mixed ring-site C-H out-of-plane bending / ring-site C-H in-plane bending / cyclic-ring out-of-plane deformation ring-site C-H out-of-plane bending 43.74%; ring-site C-H in-plane bending 20.49%; cyclic-ring out-of-plane deformation 17.28%; mixed-phase cyclic C-O stretching 9.37%
   30     1212.93          --                 --  mixed cyclic-ring out-of-plane deformation / mixed-phase cyclic C-O stretching / ring-site C-H out-of-plane bending cyclic-ring out-of-plane deformation 23.34%; mixed-phase cyclic C-O stretching 21.14%; ring-site C-H out-of-plane bending 20.75%; ring-site C-H in-plane bending 16.67%
   31     1246.81          --                 --  mixed ring-site C-H out-of-plane bending / in-phase cyclic C-C stretching / mixed-phase cyclic C-O stretching ring-site C-H out-of-plane bending 23.09%; in-phase cyclic C-C stretching 22.81%; mixed-phase cyclic C-O stretching 19.72%; exocyclic C-O stretching 9.31%
   32     1319.69          --                 --  mixed ring-site C-H in-plane bending / ring-site C-H out-of-plane bending / O-H bending ring-site C-H in-plane bending 35.94%; ring-site C-H out-of-plane bending 22.19%; O-H bending 18.53%; exocyclic C-O stretching 7.83%
   33     1334.23          --                 --  mixed ring-site C-H in-plane bending / ring-site C-H out-of-plane bending ring-site C-H in-plane bending 44.45%; ring-site C-H out-of-plane bending 30.27%; O-H bending 8.57%; cyclic-ring out-of-plane deformation 4.59%
   34     1357.94          --                 --  mixed ring-site C-H out-of-plane bending / cyclic-ring out-of-plane deformation / ring-site C-H in-plane bending ring-site C-H out-of-plane bending 48.43%; cyclic-ring out-of-plane deformation 20.86%; ring-site C-H in-plane bending 15.70%; in-phase cyclic C-C stretching 5.64%
   35     1378.08          --                 --  mixed ring-site C-H in-plane bending / ring-site C-H out-of-plane bending ring-site C-H in-plane bending 61.07%; ring-site C-H out-of-plane bending 15.12%; cyclic C-N stretching 8.60%; cyclic C-C stretching 5.48%
   36     1430.46          --                 --  ring-site C-H in-plane bending                                 ring-site C-H in-plane bending 83.63%; cyclic C-N stretching 5.31%; in-phase cyclic C-C stretching 2.37%; O-H bending 2.04%
   37     1434.78          --                 --  mixed ring-site C-H in-plane bending / ring-site C-H out-of-plane bending / cyclic C-C stretching ring-site C-H in-plane bending 29.32%; ring-site C-H out-of-plane bending 23.28%; cyclic C-C stretching 19.67%; O-H bending 15.35%
   38     1453.62          --                 --  mixed ring-site C-H in-plane bending / ring-site C-H out-of-plane bending ring-site C-H in-plane bending 67.98%; ring-site C-H out-of-plane bending 22.48%; cyclic-ring out-of-plane deformation 5.05%; cyclic C-O stretching 2.75%
   39     1509.97          --                 --  mixed ring-site C-H out-of-plane bending / ring-site C-H in-plane bending ring-site C-H out-of-plane bending 60.81%; ring-site C-H in-plane bending 21.38%; cyclic-ring out-of-plane deformation 16.60%
   40     1752.25          --                 --  mixed-phase cyclic C-N stretching                              mixed-phase cyclic C-N stretching 86.42%; cyclic C-O stretching 6.25%; cyclic-ring deformation (C-O-C bend) 2.72%; ring-site C-H in-plane bending 2.61%
   41     3032.11          --                 --  ring-site C-H stretching                                       ring-site C-H stretching 99.35%
   42     3129.96          --                 --  mixed-phase ring-site C-H stretching                           mixed-phase ring-site C-H stretching 98.63%
   43     3142.55          --                 --  mixed-phase ring-site C-H stretching                           mixed-phase ring-site C-H stretching 98.77%
   44     3146.07          --                 --  mixed-phase ring-site C-H stretching                           mixed-phase ring-site C-H stretching 98.58%
   45     3164.41          --                 --  mixed-phase ring-site C-H stretching                           mixed-phase ring-site C-H stretching 99.11%
   46     3165.83          --                 --  ring-site C-H stretching                                       ring-site C-H stretching 99.18%
   47     3729.86          --                 --  O-H stretching                                                 O-H stretching 99.92%

# Selected internal-coordinate set:
#   1  nu(O1-H10)
#   2  nu(C2-C3)
#   3  nu(O4-C5)
#   4  nu(O6-C7)
#   5  nu(N8-C9)
#   6  nu(C5-H14)
#   7  nu(C7-H15)
#   8  nu(C9-H16)
#   9  nu(C2-H11)
#  10  nu(C3-H12)
#  11  nu(C5-H13)
#  12  tau(H11-C2-C3-H12)
#  13  gamma(H15;C7,O6,N8)
#  14  gamma(C3;C9,N8,H16)
#  15  delta(C2-O1-H10)
#  16  nu(C5-O6)
#  17  nu(C3-O4)
#  18  delta(N8-C9-H16)
#  19  tau(H10-O1-C2-C3)
#  20  tau(C3-O4-C5-H14)
#  21  tau(C5-O6-C7-H15)
#  22  delta(C3-C2-H11)
#  23  delta(O4-C5-H13)
#  24  delta(N8-C7-H15)
#  25  tau(H11-C2-C3-O4)
#  26  gamma(O6;C5,O4,H13)
#  27  nu(C7-N8)
#  28  nu(O1-C2)
#  29  tau(H12-C3-C9-N8)
#  30  delta(O4-C5-H14)
#  31  delta(C7-N8-C9)
#  32  tau(C7-N8-C9-H16)
#  33  gamma(C9;C3,C2,H12)
#  34  nu(C3-C9)
#  35  tau(C3-O4-C5-O6)
#  36  delta(O1-C2-C3)
#  37  tau(O1-C2-C3-C9)
#  38  delta(C5-O6-C7)
#  39  gamma(C9;C3,C2,O4)
#  40  delta(C2-C3-O4)
#  41  tau(H14-C5-O6-C7)
#  42  delta(C2-C9-N8)

Wrote: /local/scratch/mv487/qm9s/experiment_1_phase2/ped/77495/77495_summary.csv
Wrote: /local/scratch/mv487/qm9s/experiment_1_phase2/ped/77495/77495_families.csv
Wrote: /local/scratch/mv487/qm9s/experiment_1_phase2/ped/77495/77495_ped.csv
Wrote: /local/scratch/mv487/qm9s/experiment_1_phase2/ped/77495/77495_ir_transitions.csv

# All generated files are in: /local/scratch/mv487/qm9s/experiment_1_phase2/ped/77495
# Manifest: /local/scratch/mv487/qm9s/experiment_1_phase2/ped/77495/77495_manifest.txt

--- stderr ---
Normal modes/frequencies absent or incomplete: diagonalizing Hessian.
