# Contact: romi@lens.unifi.it
# Manual: https://github.com/SebRoLENS/orca-ped-analyzer/blob/main/docs/ORCA_PED_Analyzer_Manual.md
# Check GitHub for updates and new releases: https://github.com/SebRoLENS/orca-ped-analyzer
#
# Molecule: 25 atoms | non-linear
# Bonds inferred: 24 | candidate ICs: 216 | selected ICs: 69
# Cartesian-Hessian reconstruction relative error: 2.225e-05
# Energy distribution: PED (PED is the backward-compatible default; TED includes kinetic-energy terms)
# Ring/cycle bonds detected: 0 | ring atoms: 0 | ring systems: 0
# VPT2: no matching .out file supplied/found -> harmonic/PED analysis only
#
 Mode   Harm/cm-1   VPT2/cm-1  Harm.Int/km mol-1  Assignment                                                     Grouped PED
------------------------------------------------------------------------------------------------------------------------------------------------------------------------------------------------
    6       42.04          --                 --  C-C torsion                                                    C-C torsion 99.03%
    7       66.16          --                 --  C-C torsion                                                    C-C torsion 86.68%; C-C-C bending 5.81%; C-C out-of-plane bending 3.88%
    8       77.16          --                 --  C-C torsion                                                    C-C torsion 78.26%; C-C-C bending 7.55%; C-H bending 5.98%; C-O out-of-plane bending 5.11%
    9       91.04          --                 --  C-C torsion                                                    C-C torsion 90.83%; C-H bending 3.57%; C-C-C bending 2.69%; C-C out-of-plane bending 2.60%
   10      132.24          --                 --  mixed C-C-C bending / C-C torsion                              C-C-C bending 53.47%; C-C torsion 27.46%; C-C out-of-plane bending 10.45%; C-H bending 8.03%
   11      205.71          --                 --  C-C torsion                                                    C-C torsion 76.52%; C-C-C bending 17.17%; C-C out-of-plane bending 3.40%
   12      229.06          --                 --  C-C torsion                                                    C-C torsion 96.81%
   13      241.15          --                 --  C-C torsion                                                    C-C torsion 99.46%
   14      255.36          --                 --  C-C torsion                                                    C-C torsion 75.74%; C-C-C bending 18.58%; C-C out-of-plane bending 2.90%
   15      307.33          --                 --  mixed C-C-C bending / C-C torsion                              C-C-C bending 35.65%; C-C torsion 26.80%; C-H bending 13.13%; C-C out-of-plane bending 12.95%
   16      316.47          --                 --  mixed C-C torsion / C-C out-of-plane bending                   C-C torsion 68.81%; C-C out-of-plane bending 14.45%; C-H bending 7.52%; C-C-O bending 4.84%
   17      335.99          --                 --  mixed C-C-C bending / C-C out-of-plane bending                 C-C-C bending 46.70%; C-C out-of-plane bending 23.12%; C-C torsion 14.90%; C-H bending 8.34%
   18      387.45          --                 --  mixed C-C-C bending / C-C out-of-plane bending                 C-C-C bending 48.21%; C-C out-of-plane bending 28.44%; mixed-phase C-C stretching 8.68%; C-C torsion 8.48%
   19      445.01          --                 --  mixed C-C out-of-plane bending / C-C-C bending / C-C torsion   C-C out-of-plane bending 35.37%; C-C-C bending 23.82%; C-C torsion 16.48%; C-H bending 13.18%
   20      488.55          --                 --  mixed C-C out-of-plane bending / C-C-C bending / C-H bending   C-C out-of-plane bending 48.42%; C-C-C bending 16.93%; C-H bending 15.51%; C-C torsion 11.32%
   21      555.57          --                 --  mixed C-C-C bending / C-C-O bending / C-H bending              C-C-C bending 31.08%; C-C-O bending 22.53%; C-H bending 17.87%; C-C torsion 13.72%
   22      740.73          --                 --  mixed C-H bending / C-C torsion                                C-H bending 53.77%; C-C torsion 44.90%
   23      827.33          --                 --  mixed mixed-phase C-C stretching / C-H bending                 mixed-phase C-C stretching 34.20%; C-H bending 34.20%; C-C torsion 9.90%; C-C out-of-plane bending 8.94%
   24      852.75          --                 --  mixed C-H bending / C-C torsion                                C-H bending 69.30%; C-C torsion 14.26%; mixed-phase C-C stretching 13.16%
   25      906.76          --                 --  mixed C-H bending / C-C stretching                             C-H bending 46.06%; C-C stretching 24.95%; C-C torsion 13.41%; C-C-C bending 13.31%
   26      926.08          --                 --  mixed mixed-phase C-C stretching / C-H bending                 mixed-phase C-C stretching 38.77%; C-H bending 36.33%; C-C out-of-plane bending 10.06%; C-C torsion 8.19%
   27      937.24          --                 --  mixed C-H bending / C-C torsion                                C-H bending 71.20%; C-C torsion 23.47%; opposite-phase C-C stretching 3.07%
   28      962.10          --                 --  mixed mixed-phase C-C stretching / C-H bending / C-O out-of-plane bending mixed-phase C-C stretching 46.58%; C-H bending 20.81%; C-O out-of-plane bending 15.81%; C-C torsion 8.31%
   29      968.94          --                 --  mixed C-H bending / mixed-phase C-C stretching                 C-H bending 55.24%; mixed-phase C-C stretching 22.01%; C-C torsion 10.69%; C-C out-of-plane bending 4.66%
   30     1006.73          --                 --  mixed C-H bending / mixed-phase C-C stretching                 C-H bending 48.63%; mixed-phase C-C stretching 33.09%; C-C torsion 6.52%; C-O out-of-plane bending 4.81%
   31     1035.62          --                 --  mixed mixed-phase C-C stretching / C-H bending                 mixed-phase C-C stretching 41.57%; C-H bending 34.86%; C-O out-of-plane bending 10.66%; C-C torsion 7.19%
   32     1062.39          --                 --  mixed mixed-phase C-C stretching / C-H bending                 mixed-phase C-C stretching 54.69%; C-H bending 29.31%; C-C torsion 8.17%; C-O out-of-plane bending 3.52%
   33     1085.42          --                 --  mixed C-H bending / mixed-phase C-C stretching                 C-H bending 55.33%; mixed-phase C-C stretching 16.93%; C-C torsion 13.45%; C-C-C bending 5.68%
   34     1142.05          --                 --  mixed C-H bending / mixed-phase C-C stretching                 C-H bending 44.94%; mixed-phase C-C stretching 19.79%; C-O out-of-plane bending 12.47%; C-C-C bending 12.08%
   35     1163.88          --                 --  mixed mixed-phase C-C stretching / C-H bending / C-C-C bending mixed-phase C-C stretching 29.30%; C-H bending 29.27%; C-C-C bending 26.17%; C-C torsion 9.06%
   36     1185.86          --                 --  mixed C-H bending / C-C out-of-plane bending                   C-H bending 57.95%; C-C out-of-plane bending 20.51%; C-C stretching 6.62%; C-C-C bending 5.90%
   37     1188.34          --                 --  mixed C-H bending / mixed-phase C-C stretching                 C-H bending 55.99%; mixed-phase C-C stretching 17.54%; C-C torsion 16.08%; C-C-C bending 5.47%
   38     1255.49          --                 --  C-H bending                                                    C-H bending 71.72%; C-C torsion 18.73%; C-C out-of-plane bending 7.07%
   39     1275.15          --                 --  mixed C-C out-of-plane bending / C-H bending                   C-C out-of-plane bending 51.81%; C-H bending 36.25%; C-C torsion 7.30%; C-C-C bending 3.03%
   40     1318.23          --                 --  mixed C-H bending / C-C torsion                                C-H bending 65.00%; C-C torsion 22.86%; C-C out-of-plane bending 8.77%; C-C-C bending 2.00%
   41     1334.86          --                 --  C-H bending                                                    C-H bending 84.66%; C-C torsion 8.08%; C-C out-of-plane bending 6.05%
   42     1351.41          --                 --  mixed C-C torsion / C-H bending                                C-C torsion 45.55%; C-H bending 36.68%; C-C out-of-plane bending 12.92%; C-C stretching 2.93%
   43     1356.53          --                 --  mixed C-H bending / C-C out-of-plane bending                   C-H bending 60.83%; C-C out-of-plane bending 19.79%; mixed-phase C-C stretching 8.03%; C-C-C bending 5.86%
   44     1375.57          --                 --  mixed C-H bending / C-C out-of-plane bending                   C-H bending 54.81%; C-C out-of-plane bending 31.09%; C-C torsion 8.53%; C-C stretching 4.96%
   45     1395.38          --                 --  C-H bending                                                    C-H bending 86.75%; mixed-phase C-C stretching 8.51%; C-H out-of-plane bending 2.67%
   46     1411.95          --                 --  mixed C-H bending / C-H out-of-plane bending                   C-H bending 66.56%; C-H out-of-plane bending 28.99%; opposite-phase C-C stretching 3.58%
   47     1419.39          --                 --  C-H bending                                                    C-H bending 90.55%; C-C stretching 8.31%
   48     1424.80          --                 --  C-H bending                                                    C-H bending 83.92%; C-C out-of-plane bending 5.27%; C-C stretching 2.78%; C-C torsion 2.62%
   49     1432.05          --                 --  mixed C-H out-of-plane bending / C-H bending                   C-H out-of-plane bending 49.64%; C-H bending 47.98%
   50     1488.22          --                 --  C-H bending                                                    C-H bending 91.56%; C-C torsion 6.92%
   51     1493.07          --                 --  C-H bending                                                    C-H bending 86.31%; C-C torsion 11.55%
   52     1497.91          --                 --  C-H bending                                                    C-H bending 91.45%; C-C torsion 5.19%; C-H out-of-plane bending 2.54%
   53     1499.33          --                 --  C-H bending                                                    C-H bending 83.36%; C-C torsion 8.48%; C-H out-of-plane bending 7.51%
   54     1503.63          --                 --  mixed C-C torsion / C-H bending                                C-C torsion 77.96%; C-H bending 21.43%
   55     1509.32          --                 --  C-H bending                                                    C-H bending 79.12%; C-C torsion 18.61%
   56     1513.95          --                 --  mixed C-H bending / C-C torsion                                C-H bending 70.27%; C-C torsion 29.27%
   57     1517.64          --                 --  C-H bending                                                    C-H bending 88.33%; C-C torsion 6.56%; C-H out-of-plane bending 4.36%
   58     1800.25          --                 --  C-O stretching                                                 C-O stretching 87.34%; C-H bending 5.34%; C-C stretching 4.34%
   59     2836.49          --                 --  C-H stretching                                                 C-H stretching 99.01%
   60     2993.64          --                 --  C-H stretching                                                 C-H stretching 98.20%
   61     3004.31          --                 --  C-H stretching                                                 C-H stretching 99.02%
   62     3022.41          --                 --  C-H stretching                                                 C-H stretching 99.34%
   63     3025.43          --                 --  mixed-phase C-H stretching                                     mixed-phase C-H stretching 99.71%
   64     3025.87          --                 --  mixed-phase C-H stretching                                     mixed-phase C-H stretching 99.69%
   65     3029.71          --                 --  C-H stretching                                                 C-H stretching 99.66%
   66     3039.25          --                 --  C-H stretching                                                 C-H stretching 99.30%
   67     3046.59          --                 --  mixed-phase C-H stretching                                     mixed-phase C-H stretching 98.97%
   68     3072.10          --                 --  mixed-phase C-H stretching                                     mixed-phase C-H stretching 99.38%
   69     3084.13          --                 --  mixed-phase C-H stretching                                     mixed-phase C-H stretching 99.39%
   70     3086.66          --                 --  mixed-phase C-H stretching                                     mixed-phase C-H stretching 99.75%
   71     3090.88          --                 --  mixed-phase C-H stretching                                     mixed-phase C-H stretching 99.45%
   72     3092.64          --                 --  mixed-phase C-H stretching                                     mixed-phase C-H stretching 99.55%
   73     3097.39          --                 --  opposite-phase C-H stretching                                  opposite-phase C-H stretching 99.60%
   74     3108.67          --                 --  mixed-phase C-H stretching                                     mixed-phase C-H stretching 99.51%

# Selected internal-coordinate set:
#   1  nu(C1-C2)
#   2  nu(C3-C4)
#   3  nu(C5-O6)
#   4  nu(C7-C8)
#   5  nu(C9-H24)
#   6  nu(C9-H23)
#   7  nu(C7-H19)
#   8  nu(C3-H16)
#   9  nu(C2-H14)
#  10  nu(C4-H17)
#  11  nu(C8-H21)
#  12  nu(C1-H11)
#  13  nu(C9-H25)
#  14  nu(C3-H15)
#  15  nu(C2-H13)
#  16  nu(C5-H18)
#  17  nu(C8-H20)
#  18  nu(C1-H10)
#  19  gamma(O6;C5,C4,H18)
#  20  nu(C1-H12)
#  21  nu(C8-H22)
#  22  gamma(C7;C4,C3,H17)
#  23  gamma(C9;C7,C8,H19)
#  24  delta(O6-C5-H18)
#  25  gamma(H23;C9,H24,H25)
#  26  tau(H11-C1-C2-H13)
#  27  delta(H15-C3-H16)
#  28  tau(H10-C1-C2-H14)
#  29  delta(H24-C9-H25)
#  30  delta(H20-C8-H21)
#  31  delta(H21-C8-H22)
#  32  delta(C2-C1-H12)
#  33  delta(C4-C3-H15)
#  34  delta(H20-C8-H22)
#  35  tau(H19-C7-C9-H23)
#  36  delta(C3-C4-H17)
#  37  delta(C2-C1-H10)
#  38  delta(C2-C1-H11)
#  39  tau(H12-C1-C2-C3)
#  40  delta(C4-C3-H16)
#  41  delta(C1-C2-H14)
#  42  delta(C1-C2-H13)
#  43  gamma(C9;C7,C4,C8)
#  44  delta(C4-C5-O6)
#  45  delta(C7-C8-H21)
#  46  delta(C7-C9-H24)
#  47  delta(H13-C2-H14)
#  48  delta(C2-C3-H16)
#  49  nu(C4-C5)
#  50  tau(C8-C7-C9-H24)
#  51  tau(H17-C4-C7-H19)
#  52  nu(C4-C7)
#  53  nu(C2-C3)
#  54  delta(C7-C8-H20)
#  55  nu(C7-C9)
#  56  delta(C7-C9-H23)
#  57  tau(H17-C4-C5-H18)
#  58  delta(C3-C2-H13)
#  59  tau(C4-C7-C8-H21)
#  60  tau(C5-C4-C7-C8)
#  61  delta(C5-C4-C7)
#  62  tau(C1-C2-C3-C4)
#  63  delta(C1-C2-C3)
#  64  delta(C4-C7-C8)
#  65  delta(C2-C3-C4)
#  66  tau(C3-C4-C7-C9)
#  67  tau(C2-C3-C4-C7)
#  68  delta(C4-C7-H19)
#  69  delta(C3-C4-C7)

Wrote: /local/scratch/mv487/qm9s/experiment_1_phase2/ped/109421/109421_summary.csv
Wrote: /local/scratch/mv487/qm9s/experiment_1_phase2/ped/109421/109421_families.csv
Wrote: /local/scratch/mv487/qm9s/experiment_1_phase2/ped/109421/109421_ped.csv
Wrote: /local/scratch/mv487/qm9s/experiment_1_phase2/ped/109421/109421_ir_transitions.csv

# All generated files are in: /local/scratch/mv487/qm9s/experiment_1_phase2/ped/109421
# Manifest: /local/scratch/mv487/qm9s/experiment_1_phase2/ped/109421/109421_manifest.txt

--- stderr ---
Normal modes/frequencies absent or incomplete: diagonalizing Hessian.
