# Contact: romi@lens.unifi.it
# Manual: https://github.com/SebRoLENS/orca-ped-analyzer/blob/main/docs/ORCA_PED_Analyzer_Manual.md
# Check GitHub for updates and new releases: https://github.com/SebRoLENS/orca-ped-analyzer
#
# Molecule: 16 atoms | non-linear
# Bonds inferred: 16 | candidate ICs: 149 | selected ICs: 42
# Cartesian-Hessian reconstruction relative error: 6.998e-05
# Energy distribution: PED (PED is the backward-compatible default; TED includes kinetic-energy terms)
# Ring/cycle bonds detected: 4 | ring atoms: 4 | ring systems: 1
# VPT2: no matching .out file supplied/found -> harmonic/PED analysis only
#
 Mode   Harm/cm-1   VPT2/cm-1  Harm.Int/km mol-1  Assignment                                                     Grouped PED
------------------------------------------------------------------------------------------------------------------------------------------------------------------------------------------------
    6       71.63          --                 --  mixed cyclic-ring torsional/out-of-plane deformation / ring-site C-H out-of-plane bending cyclic-ring torsional/out-of-plane deformation 57.99%; ring-site C-H out-of-plane bending 21.35%; cyclic-ring torsional/out-of-plane deformation 20.02%
    7      208.22          --                 --  C-C torsion                                                    C-C torsion 78.13%; C-H bending 11.07%; cyclic-ring torsional/out-of-plane deformation 5.70%; cyclic-ring torsional/out-of-plane deformation 3.82%
    8      252.70          --                 --  C-C torsion                                                    C-C torsion 78.65%; C-O out-of-plane bending 9.79%; C-H bending 7.22%
    9      317.69          --                 --  mixed cyclic-ring torsional/out-of-plane deformation / cyclic-ring torsional/out-of-plane deformation cyclic-ring torsional/out-of-plane deformation 36.93%; cyclic-ring torsional/out-of-plane deformation 24.31%; ring-site C-H in-plane bending 12.85%; ring-site C-H out-of-plane bending 9.70%
   10      351.02          --                 --  mixed C-C-C bending / C-H bending                              C-C-C bending 62.13%; C-H bending 12.51%; cyclic-ring torsional/out-of-plane deformation 11.03%; cyclic-ring torsional/out-of-plane deformation 8.87%
   11      403.52          --                 --  mixed C-O out-of-plane bending / cyclic-ring torsional/out-of-plane deformation C-O out-of-plane bending 64.49%; cyclic-ring torsional/out-of-plane deformation 12.88%; C-H bending 9.52%; cyclic-ring torsional/out-of-plane deformation 7.25%
   12      439.33          --                 --  mixed cyclic-ring torsional/out-of-plane deformation / ring-site C-H out-of-plane bending cyclic-ring torsional/out-of-plane deformation 47.15%; ring-site C-H out-of-plane bending 35.63%; ring-site C-H in-plane bending 9.34%; C-H bending 4.68%
   13      649.62          --                 --  mixed in-phase exocyclic C-C stretching / cyclic-ring deformation (C-C-C bend) in-phase exocyclic C-C stretching 34.60%; cyclic-ring deformation (C-C-C bend) 34.11%; cyclic C-C stretching 8.88%; C-O out-of-plane bending 4.52%
   14      796.48          --                 --  ring-site C-H out-of-plane bending                             ring-site C-H out-of-plane bending 81.83%; ring-site C-H in-plane bending 17.05%
   15      852.54          --                 --  mixed cyclic-ring deformation (C-C-C bend) / cyclic C-O stretching / cyclic C-C stretching cyclic-ring deformation (C-C-C bend) 32.66%; cyclic C-O stretching 27.18%; cyclic C-C stretching 17.04%; C-H bending 11.11%
   16      856.22          --                 --  mixed cyclic-ring deformation (C-C-C bend) / cyclic C-O stretching / mixed-phase cyclic C-C stretching cyclic-ring deformation (C-C-C bend) 39.38%; cyclic C-O stretching 21.20%; mixed-phase cyclic C-C stretching 19.91%; in-phase exocyclic C-C stretching 5.55%
   17      922.12          --                 --  mixed C-H bending / opposite-phase exocyclic C-C stretching / ring-site C-H in-plane bending C-H bending 36.87%; opposite-phase exocyclic C-C stretching 34.85%; ring-site C-H in-plane bending 15.69%; ring-site C-H out-of-plane bending 10.40%
   18      962.70          --                 --  mixed mixed-phase cyclic C-C stretching / C-H bending          mixed-phase cyclic C-C stretching 44.33%; C-H bending 18.83%; cyclic-ring deformation (C-C-C bend) 14.46%; in-phase exocyclic C-C stretching 12.98%
   19      973.95          --                 --  mixed C-H bending / ring-site C-H in-plane bending             C-H bending 54.42%; ring-site C-H in-plane bending 29.52%; ring-site C-H out-of-plane bending 12.84%; cyclic-ring torsional/out-of-plane deformation 2.08%
   20      993.99          --                 --  mixed mixed-phase cyclic C-O stretching / cyclic C-C stretching mixed-phase cyclic C-O stretching 51.55%; cyclic C-C stretching 17.48%; C-H bending 15.30%; cyclic-ring deformation (C-C-C bend) 7.96%
   21     1022.10          --                 --  mixed cyclic C-O stretching / cyclic C-C stretching / C-H bending cyclic C-O stretching 49.79%; cyclic C-C stretching 23.63%; C-H bending 20.44%
   22     1029.54          --                 --  mixed C-H bending / ring-site C-H in-plane bending / ring-site C-H out-of-plane bending C-H bending 40.42%; ring-site C-H in-plane bending 32.12%; ring-site C-H out-of-plane bending 18.08%; opposite-phase exocyclic C-C stretching 5.03%
   23     1167.68          --                 --  mixed ring-site C-H out-of-plane bending / ring-site C-H in-plane bending ring-site C-H out-of-plane bending 46.07%; ring-site C-H in-plane bending 43.42%; cyclic-ring torsional/out-of-plane deformation 7.86%
   24     1176.41          --                 --  mixed C-H bending / C-O out-of-plane bending / cyclic C-O stretching C-H bending 33.32%; C-O out-of-plane bending 16.45%; cyclic C-O stretching 16.02%; cyclic-ring deformation (C-C-C bend) 13.85%
   25     1218.58          --                 --  ring-site C-H out-of-plane bending                             ring-site C-H out-of-plane bending 70.03%; cyclic-ring torsional/out-of-plane deformation 17.89%; opposite-phase exocyclic C-C stretching 4.53%; C-H bending 3.76%
   26     1249.86          --                 --  mixed C-C out-of-plane bending / ring-site C-H in-plane bending / C-H bending C-C out-of-plane bending 39.46%; ring-site C-H in-plane bending 21.34%; C-H bending 19.47%; in-phase cyclic C-C stretching 5.20%
   27     1285.88          --                 --  mixed C-C out-of-plane bending / ring-site C-H in-plane bending C-C out-of-plane bending 39.62%; ring-site C-H in-plane bending 18.71%; mixed-phase cyclic C-C stretching 13.65%; C-H bending 13.46%
   28     1288.15          --                 --  mixed ring-site C-H in-plane bending / C-H bending / opposite-phase exocyclic C-C stretching ring-site C-H in-plane bending 34.18%; C-H bending 23.63%; opposite-phase exocyclic C-C stretching 22.20%; ring-site C-H out-of-plane bending 9.96%
   29     1361.54          --                 --  mixed ring-site C-H out-of-plane bending / ring-site C-H in-plane bending ring-site C-H out-of-plane bending 69.54%; ring-site C-H in-plane bending 15.42%; cyclic C-C stretching 5.60%; cyclic-ring deformation (C-C-C bend) 3.22%
   30     1405.48          --                 --  C-H bending                                                    C-H bending 90.75%; opposite-phase exocyclic C-C stretching 7.55%
   31     1418.41          --                 --  C-H bending                                                    C-H bending 95.53%; in-phase exocyclic C-C stretching 3.80%
   32     1477.59          --                 --  C-H bending                                                    C-H bending 99.23%
   33     1487.19          --                 --  C-H bending                                                    C-H bending 97.48%; C-C torsion 2.07%
   34     1496.33          --                 --  C-H bending                                                    C-H bending 80.22%; ring-site C-H out-of-plane bending 12.39%; ring-site C-H in-plane bending 6.13%
   35     1499.27          --                 --  C-H bending                                                    C-H bending 73.59%; ring-site C-H out-of-plane bending 14.49%; ring-site C-H in-plane bending 8.75%
   36     1511.37          --                 --  C-H bending                                                    C-H bending 85.08%; ring-site C-H out-of-plane bending 7.62%; ring-site C-H in-plane bending 3.90%
   37     1536.53          --                 --  ring-site C-H out-of-plane bending                             ring-site C-H out-of-plane bending 75.12%; ring-site C-H in-plane bending 12.03%; C-H bending 8.57%; cyclic C-C stretching 2.45%
   38     3024.50          --                 --  in-phase ring-site C-H stretching                              in-phase ring-site C-H stretching 97.87%
   39     3027.41          --                 --  mixed-phase C-H stretching                                     mixed-phase C-H stretching 99.68%
   40     3033.68          --                 --  in-phase C-H stretching                                        in-phase C-H stretching 97.61%; ring-site C-H stretching 2.07%
   41     3060.33          --                 --  opposite-phase ring-site C-H stretching                        opposite-phase ring-site C-H stretching 98.86%
   42     3074.11          --                 --  in-phase ring-site C-H stretching                              in-phase ring-site C-H stretching 98.35%
   43     3092.01          --                 --  mixed-phase C-H stretching                                     mixed-phase C-H stretching 99.63%
   44     3099.50          --                 --  mixed-phase C-H stretching                                     mixed-phase C-H stretching 99.52%
   45     3104.48          --                 --  mixed-phase C-H stretching                                     mixed-phase C-H stretching 97.71%
   46     3107.51          --                 --  mixed-phase C-H stretching                                     mixed-phase C-H stretching 99.27%
   47     3125.82          --                 --  opposite-phase ring-site C-H stretching                        opposite-phase ring-site C-H stretching 97.18%

# Selected internal-coordinate set:
#   1  nu(C1-C2)
#   2  nu(C3-H10)
#   3  nu(C4-H13)
#   4  nu(C5-O6)
#   5  nu(C3-H12)
#   6  nu(C4-H14)
#   7  nu(C1-H9)
#   8  nu(C2-O6)
#   9  nu(C5-H15)
#  10  nu(C3-H11)
#  11  nu(C1-H7)
#  12  nu(C5-H16)
#  13  gamma(C2;C4,H13,H14)
#  14  nu(C1-H8)
#  15  nu(C2-C3)
#  16  gamma(H15;C5,O6,H16)
#  17  delta(H13-C4-H14)
#  18  delta(H8-C1-H9)
#  19  delta(H10-C3-H12)
#  20  delta(O6-C5-H16)
#  21  delta(H11-C3-H12)
#  22  delta(H7-C1-H9)
#  23  delta(H7-C1-H8)
#  24  delta(H10-C3-H11)
#  25  tau(C2-C4-C5-H15)
#  26  gamma(O6;C2,C1,C3)
#  27  delta(C2-C1-H7)
#  28  delta(C2-C3-H11)
#  29  gamma(H14;C4,C2,C5)
#  30  tau(H16-C5-O6-C2)
#  31  delta(C2-C4-C5)
#  32  delta(C2-C3-H12)
#  33  delta(C2-C1-H9)
#  34  nu(C4-C5)
#  35  tau(O6-C2-C4-C5)
#  36  tau(H9-C1-C2-C4)
#  37  tau(C4-C2-C3-H12)
#  38  delta(C1-C2-C3)
#  39  nu(C2-C4)
#  40  delta(C2-C4-H14)
#  41  tau(C1-C2-O6-C5)
#  42  tau(C1-C2-C4-C5)

Wrote: /local/scratch/mv487/qm9s/experiment_1_phase2/ped/265/265_summary.csv
Wrote: /local/scratch/mv487/qm9s/experiment_1_phase2/ped/265/265_families.csv
Wrote: /local/scratch/mv487/qm9s/experiment_1_phase2/ped/265/265_ped.csv
Wrote: /local/scratch/mv487/qm9s/experiment_1_phase2/ped/265/265_ir_transitions.csv

# All generated files are in: /local/scratch/mv487/qm9s/experiment_1_phase2/ped/265
# Manifest: /local/scratch/mv487/qm9s/experiment_1_phase2/ped/265/265_manifest.txt

--- stderr ---
Normal modes/frequencies absent or incomplete: diagonalizing Hessian.
