# Contact: romi@lens.unifi.it
# Manual: https://github.com/SebRoLENS/orca-ped-analyzer/blob/main/docs/ORCA_PED_Analyzer_Manual.md
# Check GitHub for updates and new releases: https://github.com/SebRoLENS/orca-ped-analyzer
#
# Molecule: 20 atoms | non-linear
# Bonds inferred: 20 | candidate ICs: 152 | selected ICs: 54
# Cartesian-Hessian reconstruction relative error: 2.376e-05
# Energy distribution: PED (PED is the backward-compatible default; TED includes kinetic-energy terms)
# Ring/cycle bonds detected: 5 | ring atoms: 5 | ring systems: 1
# VPT2: no matching .out file supplied/found -> harmonic/PED analysis only
#
 Mode   Harm/cm-1   VPT2/cm-1  Harm.Int/km mol-1  Assignment                                                     Grouped PED
------------------------------------------------------------------------------------------------------------------------------------------------------------------------------------------------
    6       53.72          --                 --  C-C torsion                                                    C-C torsion 80.53%; cyclic-ring torsional/out-of-plane deformation 4.96%; C-H bending 4.29%; C-C-C bending 3.99%
    7       84.31          --                 --  C-C torsion                                                    C-C torsion 76.09%; cyclic-ring torsional/out-of-plane deformation 5.95%; cyclic-ring out-of-plane deformation 5.84%; cyclic-ring torsional/out-of-plane deformation 4.57%
    8      108.75          --                 --  mixed cyclic-ring torsional/out-of-plane deformation / C-C torsion / cyclic-ring torsional/out-of-plane deformation cyclic-ring torsional/out-of-plane deformation 25.04%; C-C torsion 23.81%; cyclic-ring torsional/out-of-plane deformation 16.33%; cyclic-ring torsional/out-of-plane deformation 15.46%
    9      116.83          --                 --  mixed C-C torsion / cyclic-ring torsional/out-of-plane deformation C-C torsion 54.96%; cyclic-ring torsional/out-of-plane deformation 17.24%; C-C-C bending 14.85%; C-H bending 7.58%
   10      191.34          --                 --  C-C torsion                                                    C-C torsion 91.75%; C-C-C bending 4.92%; C-H bending 2.15%
   11      221.28          --                 --  mixed C-C torsion / cyclic-ring torsional/out-of-plane deformation C-C torsion 62.07%; cyclic-ring torsional/out-of-plane deformation 13.90%; C-C-C bending 9.18%; cyclic-ring out-of-plane deformation 5.34%
   12      259.41          --                 --  mixed C-C torsion / C-C-C bending                              C-C torsion 68.26%; C-C-C bending 18.23%; O-C-C bending 5.33%; cyclic-ring torsional/out-of-plane deformation 2.24%
   13      282.80          --                 --  mixed C-C torsion / cyclic-ring torsional/out-of-plane deformation / cyclic-ring out-of-plane deformation C-C torsion 40.07%; cyclic-ring torsional/out-of-plane deformation 28.79%; cyclic-ring out-of-plane deformation 21.73%; cyclic-ring torsional/out-of-plane deformation 3.37%
   14      288.61          --                 --  C-C torsion                                                    C-C torsion 70.95%; cyclic-ring torsional/out-of-plane deformation 9.33%; cyclic-ring out-of-plane deformation 7.34%; O-C-C bending 3.56%
   15      417.97          --                 --  mixed C-C-C bending / cyclic-ring torsional/out-of-plane deformation C-C-C bending 23.32%; cyclic-ring torsional/out-of-plane deformation 17.47%; cyclic-ring out-of-plane deformation 14.23%; C-H bending 11.98%
   16      468.75          --                 --  mixed C-C torsion / C-C-C bending                              C-C torsion 41.06%; C-C-C bending 27.94%; O-C-C bending 14.70%; C-H bending 12.46%
   17      570.46          --                 --  mixed mixed-phase exocyclic C-C stretching / cyclic-ring deformation (O-C-C bend) / C-C-C bending mixed-phase exocyclic C-C stretching 27.86%; cyclic-ring deformation (O-C-C bend) 23.66%; C-C-C bending 16.44%; C-H bending 8.12%
   18      627.83          --                 --  mixed cyclic-ring torsional/out-of-plane deformation / cyclic-ring out-of-plane deformation cyclic-ring torsional/out-of-plane deformation 59.74%; cyclic-ring out-of-plane deformation 18.50%; cyclic-ring torsional/out-of-plane deformation 11.67%; C-H bending 5.72%
   19      681.85          --                 --  mixed exocyclic C-C stretching / cyclic C-C stretching         exocyclic C-C stretching 42.66%; cyclic C-C stretching 19.72%; C-C torsion 9.55%; C-H bending 9.00%
   20      714.49          --                 --  mixed cyclic-ring out-of-plane deformation / C-H bending       cyclic-ring out-of-plane deformation 32.25%; C-H bending 14.35%; C-C torsion 11.98%; mixed-phase exocyclic C-C stretching 9.21%
   21      753.31          --                 --  mixed opposite-phase exocyclic C-C stretching / C-H bending    opposite-phase exocyclic C-C stretching 21.29%; C-H bending 16.45%; C-C-C bending 14.49%; cyclic-ring deformation (O-C-C bend) 12.75%
   22      797.44          --                 --  mixed C-H bending / C-C torsion                                C-H bending 63.65%; C-C torsion 31.27%
   23      908.39          --                 --  mixed cyclic N-O stretching / C-H bending                      cyclic N-O stretching 61.84%; C-H bending 16.06%; cyclic-ring deformation (O-C-C bend) 8.65%; cyclic-ring deformation (C-N-O bend) 8.06%
   24      953.76          --                 --  mixed C-H bending / opposite-phase cyclic C-C stretching / cyclic-ring deformation (C-N-O bend) C-H bending 31.52%; opposite-phase cyclic C-C stretching 28.96%; cyclic-ring deformation (C-N-O bend) 26.82%; C-C stretching 6.15%
   25      976.51          --                 --  mixed C-C stretching / C-H bending                             C-C stretching 43.54%; C-H bending 39.06%; C-C torsion 7.97%; cyclic C-C stretching 4.77%
   26     1002.89          --                 --  mixed C-H bending / cyclic C-O stretching / cyclic-ring deformation (C-N-O bend) C-H bending 45.35%; cyclic C-O stretching 22.93%; cyclic-ring deformation (C-N-O bend) 19.64%; cyclic N-O stretching 9.29%
   27     1058.07          --                 --  C-H bending                                                    C-H bending 93.43%
   28     1069.68          --                 --  C-H bending                                                    C-H bending 84.78%; cyclic-ring out-of-plane deformation 7.10%; cyclic-ring torsional/out-of-plane deformation 2.39%
   29     1078.05          --                 --  mixed C-H bending / C-C stretching                             C-H bending 63.20%; C-C stretching 10.94%; C-C torsion 8.57%; C-C-C bending 5.49%
   30     1098.42          --                 --  mixed C-H bending / C-C torsion                                C-H bending 64.65%; C-C torsion 18.23%; C-C-C bending 4.60%; cyclic C-N stretching 4.42%
   31     1134.55          --                 --  mixed C-H bending / opposite-phase exocyclic C-C stretching    C-H bending 53.17%; opposite-phase exocyclic C-C stretching 18.44%; mixed-phase cyclic C-C stretching 6.14%; C-C-C bending 5.66%
   32     1215.97          --                 --  mixed cyclic C-O stretching / C-H bending / mixed-phase exocyclic C-C stretching cyclic C-O stretching 32.52%; C-H bending 29.29%; mixed-phase exocyclic C-C stretching 20.85%; O-C-C bending 7.35%
   33     1267.76          --                 --  mixed C-H bending / cyclic-ring deformation (C-N-O bend)       C-H bending 51.44%; cyclic-ring deformation (C-N-O bend) 10.41%; cyclic C-O stretching 10.10%; exocyclic C-C stretching 8.08%
   34     1302.90          --                 --  mixed C-H bending / cyclic-ring deformation (O-C-C bend)       C-H bending 69.86%; cyclic-ring deformation (O-C-C bend) 8.01%; mixed-phase exocyclic C-C stretching 7.33%; cyclic C-O stretching 6.49%
   35     1359.99          --                 --  C-H bending                                                    C-H bending 90.86%; exocyclic C-C stretching 3.17%; C-C stretching 2.17%
   36     1413.60          --                 --  C-H bending                                                    C-H bending 83.61%; C-C stretching 5.11%; cyclic C-C stretching 5.03%; exocyclic C-C stretching 2.36%
   37     1418.88          --                 --  C-H bending                                                    C-H bending 90.06%; mixed-phase exocyclic C-C stretching 4.39%; cyclic C-C stretching 2.46%
   38     1432.14          --                 --  C-H bending                                                    C-H bending 96.01%; exocyclic C-C stretching 3.40%
   39     1452.54          --                 --  mixed C-H bending / cyclic C-C stretching / mixed-phase exocyclic C-C stretching C-H bending 33.45%; cyclic C-C stretching 24.51%; mixed-phase exocyclic C-C stretching 17.43%; cyclic-ring deformation (O-C-C bend) 13.09%
   40     1478.22          --                 --  C-H bending                                                    C-H bending 99.35%
   41     1485.66          --                 --  C-H bending                                                    C-H bending 95.16%; C-C torsion 3.64%
   42     1489.39          --                 --  C-H bending                                                    C-H bending 95.71%
   43     1493.23          --                 --  C-H bending                                                    C-H bending 96.57%
   44     1501.30          --                 --  C-H bending                                                    C-H bending 79.07%; C-C torsion 17.90%
   45     1503.54          --                 --  mixed C-H bending / C-C torsion                                C-H bending 61.81%; C-C torsion 36.55%
   46     1510.74          --                 --  mixed C-H bending / C-C torsion                                C-H bending 49.68%; C-C torsion 35.94%; cyclic C-N stretching 6.73%; cyclic C-C stretching 2.91%
   47     1528.18          --                 --  mixed cyclic C-N stretching / C-H bending                      cyclic C-N stretching 43.99%; C-H bending 24.27%; exocyclic C-C stretching 12.41%; C-C torsion 7.42%
   48     1676.40          --                 --  mixed cyclic C-C stretching / in-phase exocyclic C-C stretching cyclic C-C stretching 53.15%; in-phase exocyclic C-C stretching 13.54%; C-H bending 8.59%; C-C-C bending 8.37%
   49     3028.89          --                 --  C-H stretching                                                 C-H stretching 99.71%
   50     3035.11          --                 --  C-H stretching                                                 C-H stretching 99.22%
   51     3036.64          --                 --  mixed-phase C-H stretching                                     mixed-phase C-H stretching 99.78%
   52     3038.84          --                 --  C-H stretching                                                 C-H stretching 99.65%
   53     3073.20          --                 --  opposite-phase C-H stretching                                  opposite-phase C-H stretching 99.37%
   54     3082.24          --                 --  mixed-phase C-H stretching                                     mixed-phase C-H stretching 98.98%
   55     3089.35          --                 --  opposite-phase C-H stretching                                  opposite-phase C-H stretching 99.65%
   56     3101.11          --                 --  mixed-phase C-H stretching                                     mixed-phase C-H stretching 99.59%
   57     3104.63          --                 --  mixed-phase C-H stretching                                     mixed-phase C-H stretching 99.63%
   58     3109.81          --                 --  mixed-phase C-H stretching                                     mixed-phase C-H stretching 99.67%
   59     3126.62          --                 --  mixed-phase C-H stretching                                     mixed-phase C-H stretching 99.54%

# Selected internal-coordinate set:
#   1  nu(C1-C2)
#   2  nu(C3-N4)
#   3  nu(O5-C6)
#   4  nu(C7-H16)
#   5  nu(C8-C9)
#   6  nu(C7-H15)
#   7  nu(C2-H13)
#   8  nu(C1-H12)
#   9  nu(C9-H20)
#  10  nu(N4-O5)
#  11  nu(C7-H17)
#  12  nu(C2-H14)
#  13  nu(C9-H19)
#  14  nu(C1-H11)
#  15  tau(C3-N4-O5-C6)
#  16  gamma(C9;C8,C3,C6)
#  17  nu(C1-H10)
#  18  nu(C3-C8)
#  19  nu(C9-H18)
#  20  nu(C6-C7)
#  21  tau(H11-C1-C2-H13)
#  22  tau(C2-C3-N4-O5)
#  23  tau(H10-C1-C2-H14)
#  24  delta(H15-C7-H17)
#  25  delta(H18-C9-H19)
#  26  delta(H16-C7-H17)
#  27  delta(H19-C9-H20)
#  28  delta(C2-C1-H12)
#  29  delta(H15-C7-H16)
#  30  delta(H18-C9-H20)
#  31  delta(C3-N4-O5)
#  32  delta(C2-C1-H10)
#  33  delta(C2-C1-H11)
#  34  tau(H12-C1-C2-C3)
#  35  tau(N4-O5-C6-C7)
#  36  delta(C1-C2-H13)
#  37  delta(C1-C2-H14)
#  38  delta(C3-C8-C9)
#  39  delta(O5-C6-C7)
#  40  nu(C2-C3)
#  41  delta(C8-C9-H18)
#  42  delta(H13-C2-H14)
#  43  delta(C6-C7-H17)
#  44  tau(O5-C6-C7-H17)
#  45  delta(C8-C9-H19)
#  46  delta(C3-C2-H14)
#  47  delta(O5-C6-C8)
#  48  delta(C6-C7-H16)
#  49  tau(C3-C8-C9-H20)
#  50  tau(C1-C2-C3-N4)
#  51  nu(C6-C8)
#  52  delta(C1-C2-C3)
#  53  delta(C2-C3-C8)
#  54  tau(N4-C3-C8-C9)

Wrote: /local/scratch/mv487/qm9s/experiment_1_phase2/ped/116773/116773_summary.csv
Wrote: /local/scratch/mv487/qm9s/experiment_1_phase2/ped/116773/116773_families.csv
Wrote: /local/scratch/mv487/qm9s/experiment_1_phase2/ped/116773/116773_ped.csv
Wrote: /local/scratch/mv487/qm9s/experiment_1_phase2/ped/116773/116773_ir_transitions.csv

# All generated files are in: /local/scratch/mv487/qm9s/experiment_1_phase2/ped/116773
# Manifest: /local/scratch/mv487/qm9s/experiment_1_phase2/ped/116773/116773_manifest.txt

--- stderr ---
Normal modes/frequencies absent or incomplete: diagonalizing Hessian.
