# Contact: romi@lens.unifi.it
# Manual: https://github.com/SebRoLENS/orca-ped-analyzer/blob/main/docs/ORCA_PED_Analyzer_Manual.md
# Check GitHub for updates and new releases: https://github.com/SebRoLENS/orca-ped-analyzer
#
# Molecule: 14 atoms | non-linear
# Bonds inferred: 14 | candidate ICs: 111 | selected ICs: 36
# Cartesian-Hessian reconstruction relative error: 1.292e-05
# Energy distribution: PED (PED is the backward-compatible default; TED includes kinetic-energy terms)
# Ring/cycle bonds detected: 4 | ring atoms: 4 | ring systems: 1
# VPT2: no matching .out file supplied/found -> harmonic/PED analysis only
#
 Mode   Harm/cm-1   VPT2/cm-1  Harm.Int/km mol-1  Assignment                                                     Grouped PED
------------------------------------------------------------------------------------------------------------------------------------------------------------------------------------------------
    6       57.55          --                 --  mixed C-C torsion / ring-site C-H out-of-plane bending         C-C torsion 60.54%; ring-site C-H out-of-plane bending 20.24%; C-C-O bending 9.60%; C-C-C bending 3.56%
    7       79.47          --                 --  mixed ring-site C-H out-of-plane bending / cyclic-ring torsional/out-of-plane deformation ring-site C-H out-of-plane bending 42.10%; cyclic-ring torsional/out-of-plane deformation 31.95%; cyclic-ring out-of-plane deformation 6.98%; C-C-C bending 6.09%
    8      106.98          --                 --  mixed ring-site C-H out-of-plane bending / cyclic-ring torsional/out-of-plane deformation ring-site C-H out-of-plane bending 39.34%; cyclic-ring torsional/out-of-plane deformation 29.06%; C-C torsion 9.24%; cyclic-ring out-of-plane deformation 7.73%
    9      208.08          --                 --  mixed C-C-N bending / cyclic-ring torsional/out-of-plane deformation / C-C-O bending C-C-N bending 30.59%; cyclic-ring torsional/out-of-plane deformation 22.69%; C-C-O bending 18.13%; ring-site C-H out-of-plane bending 10.86%
   10      236.36          --                 --  mixed C-C-C bending / ring-site C-H out-of-plane bending       C-C-C bending 58.72%; ring-site C-H out-of-plane bending 15.34%; cyclic-ring torsional/out-of-plane deformation 6.52%; C-C-N bending 5.61%
   11      282.08          --                 --  mixed C-C-C bending / C-C-N bending                            C-C-C bending 29.94%; C-C-N bending 19.00%; C-C torsion 9.77%; ring-site C-H out-of-plane bending 8.98%
   12      342.83          --                 --  mixed ring-site C-H out-of-plane bending / C-C-C bending       ring-site C-H out-of-plane bending 39.98%; C-C-C bending 15.59%; cyclic-ring torsional/out-of-plane deformation 7.61%; O-C-C bending 7.52%
   13      424.14          --                 --  mixed cyclic-ring out-of-plane deformation / ring-site C-H out-of-plane bending cyclic-ring out-of-plane deformation 29.57%; ring-site C-H out-of-plane bending 20.93%; cyclic-ring deformation (C-N-C bend) 14.52%; ring-site N-H in-plane bending 11.83%
   14      450.37          --                 --  mixed cyclic-ring out-of-plane deformation / ring-site C-H out-of-plane bending cyclic-ring out-of-plane deformation 27.74%; ring-site C-H out-of-plane bending 17.83%; C-C-O bending 11.45%; in-phase cyclic C-N stretching 10.59%
   15      506.79          --                 --  mixed C-C-O bending / ring-site C-H out-of-plane bending       C-C-O bending 33.50%; ring-site C-H out-of-plane bending 23.15%; cyclic C-C stretching 10.90%; cyclic-ring deformation (C-N-C bend) 9.46%
   16      567.69          --                 --  mixed ring-site C-H out-of-plane bending / cyclic-ring out-of-plane deformation ring-site C-H out-of-plane bending 55.98%; cyclic-ring out-of-plane deformation 15.85%; cyclic-ring torsional/out-of-plane deformation 12.06%; cyclic-ring deformation (C-N-C bend) 6.11%
   17      653.76          --                 --  mixed C-C-O bending / exocyclic C-C stretching                 C-C-O bending 21.93%; exocyclic C-C stretching 14.67%; ring-site C-H out-of-plane bending 14.20%; mixed-phase cyclic C-C stretching 12.86%
   18      708.56          --                 --  mixed O-C-C bending / exocyclic C-C stretching                 O-C-C bending 22.46%; exocyclic C-C stretching 18.99%; in-phase cyclic C-N stretching 13.51%; C-C-O bending 10.21%
   19      799.18          --                 --  mixed opposite-phase cyclic C-C stretching / opposite-phase cyclic C-N stretching opposite-phase cyclic C-C stretching 46.19%; opposite-phase cyclic C-N stretching 14.22%; O-C-C bending 11.15%; ring-site C-H out-of-plane bending 9.01%
   20      887.53          --                 --  mixed cyclic-ring deformation (C-N-C bend) / cyclic C-C stretching cyclic-ring deformation (C-N-C bend) 29.39%; cyclic C-C stretching 23.28%; mixed-phase cyclic C-N stretching 13.69%; exocyclic C-C stretching 11.16%
   21      911.96          --                 --  ring-site C-H out-of-plane bending                             ring-site C-H out-of-plane bending 70.20%; ring-site C-H in-plane bending 12.65%; exocyclic C-C stretching 4.89%; cyclic-ring torsional/out-of-plane deformation 4.31%
   22      961.70          --                 --  mixed cyclic C-C stretching / C-C-O bending                    cyclic C-C stretching 63.93%; C-C-O bending 12.02%; cyclic-ring deformation (C-N-C bend) 8.03%; cyclic C-N stretching 7.30%
   23      978.99          --                 --  mixed C-H out-of-plane bending / C-C out-of-plane bending      C-H out-of-plane bending 46.43%; C-C out-of-plane bending 22.34%; exocyclic C-C stretching 11.92%; C-C torsion 6.83%
   24     1063.53          --                 --  mixed ring-site C-H out-of-plane bending / mixed-phase exocyclic C-C stretching ring-site C-H out-of-plane bending 69.44%; mixed-phase exocyclic C-C stretching 9.33%; C-C out-of-plane bending 4.28%; C-C-N bending 3.49%
   25     1074.21          --                 --  mixed mixed-phase cyclic C-N stretching / C-H out-of-plane bending / C-C out-of-plane bending mixed-phase cyclic C-N stretching 25.47%; C-H out-of-plane bending 17.08%; C-C out-of-plane bending 16.37%; mixed-phase cyclic C-C stretching 12.55%
   26     1138.60          --                 --  mixed opposite-phase cyclic C-N stretching / cyclic-ring deformation (C-N-C bend) opposite-phase cyclic C-N stretching 17.93%; cyclic-ring deformation (C-N-C bend) 15.10%; ring-site N-H in-plane bending 13.54%; exocyclic C-C stretching 12.77%
   27     1197.10          --                 --  ring-site C-H out-of-plane bending                             ring-site C-H out-of-plane bending 80.92%; in-phase cyclic C-N stretching 4.62%; ring-site C-H in-plane bending 3.28%; exocyclic C-C stretching 2.77%
   28     1199.55          --                 --  mixed ring-site C-H in-plane bending / mixed-phase exocyclic C-C stretching / ring-site C-H out-of-plane bending ring-site C-H in-plane bending 29.58%; mixed-phase exocyclic C-C stretching 25.19%; ring-site C-H out-of-plane bending 19.34%; C-C-C bending 5.76%
   29     1245.47          --                 --  mixed in-phase cyclic C-N stretching / ring-site C-H out-of-plane bending / cyclic-ring deformation (C-N-C bend) in-phase cyclic C-N stretching 31.17%; ring-site C-H out-of-plane bending 22.55%; cyclic-ring deformation (C-N-C bend) 17.54%; cyclic C-C stretching 8.47%
   30     1362.38          --                 --  mixed ring-site N-H in-plane bending / opposite-phase cyclic C-N stretching ring-site N-H in-plane bending 47.36%; opposite-phase cyclic C-N stretching 27.60%; C-H bending 4.88%; ring-site C-H out-of-plane bending 3.79%
   31     1396.01          --                 --  C-H bending                                                    C-H bending 85.46%; cyclic C-N stretching 4.67%; in-phase exocyclic C-C stretching 3.89%
   32     1400.59          --                 --  C-H bending                                                    C-H bending 88.99%; exocyclic C-C stretching 2.68%; ring-site C-H out-of-plane bending 2.57%
   33     1462.98          --                 --  ring-site C-H out-of-plane bending                             ring-site C-H out-of-plane bending 88.95%; ring-site C-H in-plane bending 8.83%
   34     1787.38          --                 --  opposite-phase C-O stretching                                  opposite-phase C-O stretching 90.64%; C-H bending 3.40%; exocyclic C-C stretching 2.49%
   35     1812.16          --                 --  in-phase C-O stretching                                        in-phase C-O stretching 88.66%; C-H bending 5.06%; in-phase exocyclic C-C stretching 3.54%
   36     1881.31          --                 --  exocyclic C-O stretching                                       exocyclic C-O stretching 77.33%; cyclic C-N stretching 9.54%; cyclic C-C stretching 5.19%; cyclic-ring deformation (C-N-C bend) 4.66%
   37     2912.98          --                 --  C-H stretching                                                 C-H stretching 98.91%
   38     2966.88          --                 --  C-H stretching                                                 C-H stretching 98.82%
   39     3087.00          --                 --  in-phase ring-site C-H stretching                              in-phase ring-site C-H stretching 99.43%
   40     3146.69          --                 --  opposite-phase ring-site C-H stretching                        opposite-phase ring-site C-H stretching 99.16%
   41     3579.21          --                 --  ring-site N-H stretching                                       ring-site N-H stretching 99.16%

# Selected internal-coordinate set:
#   1  nu(O1-C2)
#   2  nu(C3-C4)
#   3  nu(C5-O6)
#   4  nu(N7-H13)
#   5  nu(C8-O9)
#   6  nu(C4-H12)
#   7  nu(C2-H10)
#   8  nu(C8-H14)
#   9  tau(C3-C4-C5-O6)
#  10  gamma(C3;N7,C5,H13)
#  11  nu(C4-H11)
#  12  gamma(H10;C2,O1,C3)
#  13  gamma(C3;C8,O9,H14)
#  14  delta(C5-N7-H13)
#  15  delta(C4-C5-O6)
#  16  gamma(H12;C4,C3,H11)
#  17  delta(O9-C8-H14)
#  18  delta(O1-C2-H10)
#  19  nu(C3-N7)
#  20  delta(C3-C4-H11)
#  21  gamma(H12;C4,C3,C5)
#  22  nu(C2-C3)
#  23  nu(C5-N7)
#  24  nu(C3-C8)
#  25  nu(C4-C5)
#  26  delta(C3-C8-O9)
#  27  delta(O1-C2-C3)
#  28  tau(H10-C2-C3-N7)
#  29  tau(N7-C3-C8-O9)
#  30  tau(C2-C3-C4-H11)
#  31  tau(H12-C4-C5-N7)
#  32  tau(C8-C3-C4-C5)
#  33  delta(C4-C3-C8)
#  34  delta(C2-C3-C4)
#  35  delta(C2-C3-N7)
#  36  delta(C3-N7-C5)

Wrote: /local/scratch/mv487/qm9s/experiment_1_phase2/ped/44506/44506_summary.csv
Wrote: /local/scratch/mv487/qm9s/experiment_1_phase2/ped/44506/44506_families.csv
Wrote: /local/scratch/mv487/qm9s/experiment_1_phase2/ped/44506/44506_ped.csv
Wrote: /local/scratch/mv487/qm9s/experiment_1_phase2/ped/44506/44506_ir_transitions.csv

# All generated files are in: /local/scratch/mv487/qm9s/experiment_1_phase2/ped/44506
# Manifest: /local/scratch/mv487/qm9s/experiment_1_phase2/ped/44506/44506_manifest.txt

--- stderr ---
Normal modes/frequencies absent or incomplete: diagonalizing Hessian.
