# Contact: romi@lens.unifi.it
# Manual: https://github.com/SebRoLENS/orca-ped-analyzer/blob/main/docs/ORCA_PED_Analyzer_Manual.md
# Check GitHub for updates and new releases: https://github.com/SebRoLENS/orca-ped-analyzer
#
# Molecule: 18 atoms | non-linear
# Bonds inferred: 17 | candidate ICs: 124 | selected ICs: 48
# Cartesian-Hessian reconstruction relative error: 1.094e-05
# Energy distribution: PED (PED is the backward-compatible default; TED includes kinetic-energy terms)
# Ring/cycle bonds detected: 0 | ring atoms: 0 | ring systems: 0
# VPT2: no matching .out file supplied/found -> harmonic/PED analysis only
#
 Mode   Harm/cm-1   VPT2/cm-1  Harm.Int/km mol-1  Assignment                                                     Grouped PED
------------------------------------------------------------------------------------------------------------------------------------------------------------------------------------------------
    6       57.36          --                 --  C-C torsion                                                    C-C torsion 96.85%; C-C-C linear bending 2.79%
    7       72.66          --                 --  mixed C-C-C linear bending / C-C-C bending / C-C torsion       C-C-C linear bending 41.79%; C-C-C bending 30.97%; C-C torsion 17.95%; C-C out-of-plane bending 7.39%
    8      160.78          --                 --  C-C torsion                                                    C-C torsion 86.93%; C-C-C linear bending 12.87%
    9      205.89          --                 --  mixed C-C-C linear bending / C-C-C bending / C-C torsion       C-C-C linear bending 39.00%; C-C-C bending 29.06%; C-C torsion 26.48%; C-C out-of-plane bending 2.93%
   10      225.11          --                 --  C-C torsion                                                    C-C torsion 99.77%
   11      251.95          --                 --  C-C torsion                                                    C-C torsion 98.13%
   12      320.53          --                 --  mixed C-C torsion / C-C-C bending                              C-C torsion 41.81%; C-C-C bending 36.99%; C-H bending 6.74%; C-C out-of-plane bending 6.19%
   13      347.26          --                 --  mixed C-C torsion / C-C-C linear bending                       C-C torsion 43.75%; C-C-C linear bending 42.14%; C-C-C bending 7.30%; C-C out-of-plane bending 5.08%
   14      351.82          --                 --  mixed C-C torsion / C-C-C bending / C-C out-of-plane bending   C-C torsion 35.08%; C-C-C bending 26.55%; C-C out-of-plane bending 18.20%; C-C-C linear bending 13.48%
   15      420.13          --                 --  mixed C-C torsion / C-C-C bending                              C-C torsion 57.03%; C-C-C bending 25.45%; C-H bending 15.47%
   16      466.14          --                 --  mixed C-C-C bending / C-C-C linear bending                     C-C-C bending 29.92%; C-C-C linear bending 24.84%; C-C torsion 13.74%; C-C out-of-plane bending 11.08%
   17      525.47          --                 --  C-C-C linear bending                                           C-C-C linear bending 94.09%; C-C torsion 3.92%
   18      541.27          --                 --  C-C-C linear bending                                           C-C-C linear bending 77.92%; C-C-C bending 6.84%; C-C stretching 5.74%; C-C torsion 3.61%
   19      639.52          --                 --  C-C-H linear bending                                           C-C-H linear bending 96.67%; C-C-C linear bending 3.30%
   20      644.49          --                 --  C-C-H linear bending                                           C-C-H linear bending 96.56%; C-C-C linear bending 3.36%
   21      743.17          --                 --  mixed C-C stretching / C-C-C bending                           C-C stretching 51.22%; C-C-C bending 25.00%; C-H bending 10.81%; C-C out-of-plane bending 6.49%
   22      814.06          --                 --  mixed C-C stretching / C-C torsion                             C-C stretching 58.24%; C-C torsion 13.29%; C-H bending 13.26%; C-C-C bending 12.15%
   23      882.25          --                 --  mixed C-H bending / C-C torsion                                C-H bending 53.54%; C-C torsion 31.29%; C-C out-of-plane bending 9.17%; C-C stretching 4.29%
   24      936.90          --                 --  mixed C-H bending / opposite-phase C-C stretching              C-H bending 55.27%; opposite-phase C-C stretching 21.35%; C-C torsion 21.04%
   25      946.96          --                 --  mixed C-H bending / mixed-phase C-C stretching                 C-H bending 61.98%; mixed-phase C-C stretching 22.76%; C-C torsion 12.20%
   26      970.29          --                 --  C-H bending                                                    C-H bending 71.20%; opposite-phase C-C stretching 15.96%; C-C torsion 11.94%
   27     1127.27          --                 --  mixed C-H bending / opposite-phase C-C stretching / C-C torsion C-H bending 41.53%; opposite-phase C-C stretching 27.42%; C-C torsion 24.40%; C-C-C bending 3.13%
   28     1139.12          --                 --  mixed C-H bending / mixed-phase C-C stretching                 C-H bending 49.31%; mixed-phase C-C stretching 20.77%; C-C-C bending 12.09%; C-C out-of-plane bending 11.31%
   29     1173.33          --                 --  mixed-phase C-C stretching                                     mixed-phase C-C stretching 78.37%; C-C out-of-plane bending 13.69%; C-H bending 4.17%; C-C-C bending 2.71%
   30     1191.01          --                 --  mixed C-H bending / C-C-C bending                              C-H bending 57.70%; C-C-C bending 16.56%; mixed-phase C-C stretching 12.44%; C-C torsion 10.10%
   31     1260.15          --                 --  C-H bending                                                    C-H bending 72.41%; C-C out-of-plane bending 13.87%; C-C torsion 8.89%; C-C stretching 2.89%
   32     1314.54          --                 --  mixed C-H bending / C-C out-of-plane bending                   C-H bending 43.40%; C-C out-of-plane bending 41.08%; C-C torsion 9.80%; C-C stretching 4.38%
   33     1369.01          --                 --  mixed C-C out-of-plane bending / C-H bending                   C-C out-of-plane bending 49.91%; C-H bending 31.94%; C-C torsion 8.86%; mixed-phase C-C stretching 6.72%
   34     1373.00          --                 --  mixed C-H bending / C-C out-of-plane bending                   C-H bending 56.86%; C-C out-of-plane bending 26.48%; mixed-phase C-C stretching 7.89%; C-C torsion 4.74%
   35     1408.72          --                 --  mixed C-H bending / C-H out-of-plane bending                   C-H bending 71.94%; C-H out-of-plane bending 24.27%; opposite-phase C-C stretching 3.23%
   36     1428.50          --                 --  mixed C-H bending / C-H out-of-plane bending                   C-H bending 67.22%; C-H out-of-plane bending 29.48%; C-C stretching 2.30%
   37     1469.56          --                 --  C-H bending                                                    C-H bending 79.46%; C-C torsion 16.25%
   38     1492.71          --                 --  mixed C-H bending / C-C torsion                                C-H bending 76.52%; C-C torsion 22.93%
   39     1497.20          --                 --  C-H bending                                                    C-H bending 79.95%; C-C torsion 15.62%; C-H out-of-plane bending 3.95%
   40     1507.64          --                 --  C-H bending                                                    C-H bending 78.96%; C-C torsion 15.00%; C-H out-of-plane bending 5.43%
   41     1513.85          --                 --  mixed C-H bending / C-C torsion                                C-H bending 74.19%; C-C torsion 24.93%
   42     2167.20          --                 --  mixed-phase C-C stretching                                     mixed-phase C-C stretching 96.57%; C-H stretching 3.40%
   43     2341.62          --                 --  mixed-phase C-C stretching                                     mixed-phase C-C stretching 99.44%
   44     3004.46          --                 --  C-H stretching                                                 C-H stretching 99.34%
   45     3019.93          --                 --  mixed-phase C-H stretching                                     mixed-phase C-H stretching 99.15%
   46     3020.92          --                 --  mixed-phase C-H stretching                                     mixed-phase C-H stretching 99.64%
   47     3028.39          --                 --  mixed-phase C-H stretching                                     mixed-phase C-H stretching 99.67%
   48     3041.20          --                 --  mixed-phase C-H stretching                                     mixed-phase C-H stretching 99.51%
   49     3080.55          --                 --  mixed-phase C-H stretching                                     mixed-phase C-H stretching 99.11%
   50     3087.15          --                 --  mixed-phase C-H stretching                                     mixed-phase C-H stretching 99.49%
   51     3094.17          --                 --  mixed-phase C-H stretching                                     mixed-phase C-H stretching 99.17%
   52     3103.79          --                 --  mixed-phase C-H stretching                                     mixed-phase C-H stretching 99.39%
   53     3479.05          --                 --  C-H stretching                                                 C-H stretching 95.95%; C-C stretching 4.05%

# Selected internal-coordinate set:
#   1  nu(C1-H9)
#   2  nu(C2-C3)
#   3  nu(C4-H16)
#   4  nu(C5-C6)
#   5  nu(C7-C8)
#   6  nu(C4-H17)
#   7  nu(C1-H10)
#   8  nu(C2-H12)
#   9  nu(C3-H15)
#  10  delta_lin1(C6-C7-C8)
#  11  delta_lin2(C7-C8-H18)
#  12  nu(C1-H11)
#  13  delta_lin2(C5-C6-C7)
#  14  nu(C3-H13)
#  15  gamma(C5;C4,H16,H17)
#  16  nu(C3-H14)
#  17  delta_lin1(C4-C5-C6)
#  18  gamma(C1;C2,C3,H12)
#  19  nu(C8-H18)
#  20  gamma(H9;C1,H10,H11)
#  21  delta(H16-C4-H17)
#  22  delta(H10-C1-H11)
#  23  delta(H13-C3-H15)
#  24  delta(H14-C3-H15)
#  25  delta(H13-C3-H14)
#  26  tau(H9-C1-C2-C3)
#  27  delta_lin1(C7-C8-H18)
#  28  delta(C3-C2-H12)
#  29  nu(C4-C5)
#  30  delta(C2-C1-H10)
#  31  delta(C2-C4-H17)
#  32  delta(C2-C3-H14)
#  33  nu(C6-C7)
#  34  nu(C1-C2)
#  35  delta_lin2(C6-C7-C8)
#  36  tau(C1-C2-C4-H16)
#  37  tau(H10-C1-C2-H12)
#  38  delta(C2-C3-H15)
#  39  nu(C2-C4)
#  40  delta(C2-C1-H11)
#  41  tau(C4-C2-C3-H15)
#  42  delta(C2-C4-C5)
#  43  tau(C3-C2-C4-C5)
#  44  tau(C1-C2-C3-H14)
#  45  delta(C3-C2-C4)
#  46  delta(C1-C2-C3)
#  47  delta_lin1(C5-C6-C7)
#  48  delta_lin2(C4-C5-C6)

Wrote: /local/scratch/mv487/qm9s/experiment_1_phase2/ped/6045/6045_summary.csv
Wrote: /local/scratch/mv487/qm9s/experiment_1_phase2/ped/6045/6045_families.csv
Wrote: /local/scratch/mv487/qm9s/experiment_1_phase2/ped/6045/6045_ped.csv
Wrote: /local/scratch/mv487/qm9s/experiment_1_phase2/ped/6045/6045_ir_transitions.csv

# All generated files are in: /local/scratch/mv487/qm9s/experiment_1_phase2/ped/6045
# Manifest: /local/scratch/mv487/qm9s/experiment_1_phase2/ped/6045/6045_manifest.txt

--- stderr ---
Normal modes/frequencies absent or incomplete: diagonalizing Hessian.
