# Contact: romi@lens.unifi.it
# Manual: https://github.com/SebRoLENS/orca-ped-analyzer/blob/main/docs/ORCA_PED_Analyzer_Manual.md
# Check GitHub for updates and new releases: https://github.com/SebRoLENS/orca-ped-analyzer
#
# Molecule: 21 atoms | non-linear
# Bonds inferred: 21 | candidate ICs: 189 | selected ICs: 57
# Cartesian-Hessian reconstruction relative error: 4.053e-05
# Energy distribution: PED (PED is the backward-compatible default; TED includes kinetic-energy terms)
# Ring/cycle bonds detected: 5 | ring atoms: 5 | ring systems: 1
# VPT2: no matching .out file supplied/found -> harmonic/PED analysis only
#
 Mode   Harm/cm-1   VPT2/cm-1  Harm.Int/km mol-1  Assignment                                                     Grouped PED
------------------------------------------------------------------------------------------------------------------------------------------------------------------------------------------------
    6       53.70          --                 --  mixed ring-site C-H out-of-plane bending / cyclic-ring torsional/out-of-plane deformation ring-site C-H out-of-plane bending 52.11%; cyclic-ring torsional/out-of-plane deformation 45.08%
    7      113.51          --                 --  mixed C-C torsion / ring-site C-H out-of-plane bending         C-C torsion 42.91%; ring-site C-H out-of-plane bending 40.71%; C-C-O bending 5.61%; C-O torsion 3.93%
    8      144.00          --                 --  ring-site C-H out-of-plane bending                             ring-site C-H out-of-plane bending 83.48%; C-C torsion 6.92%; cyclic-ring deformation (C-O-C bend) 2.84%; cyclic-ring torsional/out-of-plane deformation 2.43%
    9      231.05          --                 --  mixed C-C torsion / ring-site C-H out-of-plane bending         C-C torsion 43.07%; ring-site C-H out-of-plane bending 28.16%; C-C-O bending 12.11%; C-C-C bending 9.77%
   10      248.19          --                 --  C-C torsion                                                    C-C torsion 98.55%
   11      269.16          --                 --  mixed C-O torsion / ring-site C-H out-of-plane bending         C-O torsion 65.50%; ring-site C-H out-of-plane bending 24.70%; C-C-C bending 4.48%; ring-site C-H in-plane bending 2.00%
   12      309.94          --                 --  mixed C-C-C bending / C-C-O bending                            C-C-C bending 37.08%; C-C-O bending 27.91%; ring-site C-H out-of-plane bending 10.09%; cyclic-ring deformation (C-C-C bend) 7.72%
   13      342.85          --                 --  mixed C-C-C bending / ring-site C-H out-of-plane bending / cyclic-ring torsional/out-of-plane deformation C-C-C bending 37.90%; ring-site C-H out-of-plane bending 23.46%; cyclic-ring torsional/out-of-plane deformation 16.87%; C-C torsion 7.66%
   14      387.94          --                 --  mixed ring-site C-H out-of-plane bending / C-C torsion         ring-site C-H out-of-plane bending 35.94%; C-C torsion 18.31%; C-C-C bending 10.90%; cyclic-ring deformation (C-C-C bend) 9.86%
   15      402.78          --                 --  mixed ring-site C-H out-of-plane bending / cyclic-ring deformation (C-C-C bend) ring-site C-H out-of-plane bending 55.34%; cyclic-ring deformation (C-C-C bend) 17.66%; ring-site C-H in-plane bending 17.14%; cyclic-ring deformation (C-O-C bend) 5.97%
   16      446.74          --                 --  mixed ring-site C-H out-of-plane bending / ring-site C-H in-plane bending ring-site C-H out-of-plane bending 57.90%; ring-site C-H in-plane bending 12.79%; C-C-O bending 12.11%; C-C-C bending 4.70%
   17      474.84          --                 --  C-O torsion                                                    C-O torsion 79.98%; cyclic-ring torsional/out-of-plane deformation 4.92%; C-C torsion 3.15%; C-C-C bending 3.00%
   18      501.43          --                 --  mixed C-C-O bending / cyclic-ring deformation (C-O-C bend)     C-C-O bending 27.04%; cyclic-ring deformation (C-O-C bend) 15.92%; ring-site C-H out-of-plane bending 10.24%; C-H bending 9.41%
   19      667.45          --                 --  mixed C-C-O bending / cyclic-ring deformation (C-O-C bend)     C-C-O bending 20.60%; cyclic-ring deformation (C-O-C bend) 16.14%; in-phase exocyclic C-C stretching 12.36%; ring-site C-H out-of-plane bending 9.81%
   20      760.32          --                 --  mixed cyclic-ring deformation (C-O-C bend) / cyclic C-O stretching cyclic-ring deformation (C-O-C bend) 34.82%; cyclic C-O stretching 24.35%; cyclic C-C stretching 13.51%; ring-site C-H out-of-plane bending 10.99%
   21      790.12          --                 --  mixed cyclic-ring deformation (C-C-C bend) / ring-site C-H out-of-plane bending / cyclic C-O stretching cyclic-ring deformation (C-C-C bend) 30.44%; ring-site C-H out-of-plane bending 25.23%; cyclic C-O stretching 20.28%; ring-site C-H in-plane bending 7.17%
   22      846.16          --                 --  mixed ring-site C-H in-plane bending / in-phase cyclic C-C stretching ring-site C-H in-plane bending 24.49%; in-phase cyclic C-C stretching 17.93%; exocyclic C-O stretching 12.50%; cyclic C-O stretching 9.73%
   23      870.25          --                 --  mixed ring-site C-H in-plane bending / ring-site C-H out-of-plane bending / cyclic C-C stretching ring-site C-H in-plane bending 39.83%; ring-site C-H out-of-plane bending 29.94%; cyclic C-C stretching 16.22%; opposite-phase exocyclic C-C stretching 4.27%
   24      898.72          --                 --  mixed ring-site C-H in-plane bending / C-H bending             ring-site C-H in-plane bending 27.43%; C-H bending 17.77%; in-phase cyclic C-O stretching 12.18%; mixed-phase cyclic C-C stretching 7.76%
   25      937.87          --                 --  mixed C-H bending / C-C torsion                                C-H bending 47.13%; C-C torsion 15.36%; exocyclic C-C stretching 10.04%; ring-site C-H in-plane bending 7.91%
   26      956.18          --                 --  mixed in-phase cyclic C-C stretching / ring-site C-H in-plane bending / C-H bending in-phase cyclic C-C stretching 20.93%; ring-site C-H in-plane bending 18.99%; C-H bending 18.75%; ring-site C-H out-of-plane bending 13.79%
   27      978.94          --                 --  mixed ring-site C-H out-of-plane bending / mixed-phase cyclic C-C stretching / ring-site C-H in-plane bending ring-site C-H out-of-plane bending 27.29%; mixed-phase cyclic C-C stretching 26.21%; ring-site C-H in-plane bending 15.14%; exocyclic C-O stretching 13.66%
   28     1013.56          --                 --  mixed ring-site C-H out-of-plane bending / ring-site C-H in-plane bending ring-site C-H out-of-plane bending 29.78%; ring-site C-H in-plane bending 19.63%; mixed-phase cyclic C-C stretching 14.07%; C-H bending 9.74%
   29     1058.56          --                 --  mixed ring-site C-H in-plane bending / ring-site C-H out-of-plane bending ring-site C-H in-plane bending 40.33%; ring-site C-H out-of-plane bending 17.59%; C-H bending 8.25%; cyclic C-O stretching 7.96%
   30     1063.66          --                 --  mixed C-O stretching / C-H bending                             C-O stretching 62.43%; C-H bending 17.38%; O-H bending 9.32%; C-C-O bending 2.95%
   31     1081.24          --                 --  mixed mixed-phase cyclic C-O stretching / ring-site C-H in-plane bending mixed-phase cyclic C-O stretching 45.95%; ring-site C-H in-plane bending 19.45%; mixed-phase cyclic C-C stretching 9.94%; ring-site C-H out-of-plane bending 8.36%
   32     1139.17          --                 --  mixed C-H bending / ring-site C-H in-plane bending             C-H bending 43.14%; ring-site C-H in-plane bending 14.42%; ring-site C-H out-of-plane bending 9.97%; cyclic C-O stretching 7.98%
   33     1174.49          --                 --  mixed ring-site C-H in-plane bending / ring-site C-H out-of-plane bending ring-site C-H in-plane bending 44.10%; ring-site C-H out-of-plane bending 19.72%; C-H bending 8.19%; O-H bending 8.08%
   34     1193.50          --                 --  mixed ring-site C-H in-plane bending / ring-site C-H out-of-plane bending ring-site C-H in-plane bending 41.95%; ring-site C-H out-of-plane bending 28.88%; C-H bending 11.08%; O-H bending 7.17%
   35     1215.46          --                 --  mixed C-H bending / ring-site C-H in-plane bending             C-H bending 26.54%; ring-site C-H in-plane bending 16.06%; ring-site C-H out-of-plane bending 14.82%; cyclic C-C stretching 9.39%
   36     1235.02          --                 --  mixed C-H bending / ring-site C-H out-of-plane bending / O-H bending C-H bending 36.43%; ring-site C-H out-of-plane bending 17.24%; O-H bending 16.79%; ring-site C-H in-plane bending 12.53%
   37     1253.63          --                 --  mixed ring-site C-H in-plane bending / ring-site C-H out-of-plane bending ring-site C-H in-plane bending 66.19%; ring-site C-H out-of-plane bending 7.09%; cyclic-ring deformation (C-O-C bend) 5.01%; exocyclic C-O stretching 4.15%
   38     1296.92          --                 --  mixed ring-site C-H in-plane bending / mixed-phase exocyclic C-C stretching ring-site C-H in-plane bending 49.09%; mixed-phase exocyclic C-C stretching 14.52%; ring-site C-H out-of-plane bending 7.85%; O-H bending 7.55%
   39     1335.46          --                 --  ring-site C-H in-plane bending                                 ring-site C-H in-plane bending 72.28%; ring-site C-H out-of-plane bending 10.78%; mixed-phase cyclic C-C stretching 6.62%; O-H bending 3.24%
   40     1352.03          --                 --  mixed ring-site C-H out-of-plane bending / ring-site C-H in-plane bending ring-site C-H out-of-plane bending 48.34%; ring-site C-H in-plane bending 41.67%; cyclic C-C stretching 4.35%; O-H bending 3.30%
   41     1382.21          --                 --  mixed C-H bending / ring-site C-H in-plane bending             C-H bending 39.49%; ring-site C-H in-plane bending 38.27%; ring-site C-H out-of-plane bending 12.46%; O-H bending 6.02%
   42     1384.44          --                 --  mixed ring-site C-H in-plane bending / C-H bending             ring-site C-H in-plane bending 47.56%; C-H bending 32.76%; ring-site C-H out-of-plane bending 13.04%
   43     1408.08          --                 --  mixed ring-site C-H out-of-plane bending / ring-site C-H in-plane bending ring-site C-H out-of-plane bending 38.23%; ring-site C-H in-plane bending 22.22%; C-H bending 14.89%; O-H bending 9.81%
   44     1414.51          --                 --  C-H bending                                                    C-H bending 82.00%; O-H bending 4.56%; exocyclic C-C stretching 4.53%; ring-site C-H out-of-plane bending 3.78%
   45     1432.27          --                 --  C-H bending                                                    C-H bending 79.40%; O-H bending 9.89%; exocyclic C-C stretching 3.71%; ring-site C-H in-plane bending 2.43%
   46     1484.78          --                 --  mixed C-H bending / ring-site C-H in-plane bending             C-H bending 69.73%; ring-site C-H in-plane bending 14.07%; ring-site C-H out-of-plane bending 12.43%; C-C torsion 3.11%
   47     1495.05          --                 --  C-H bending                                                    C-H bending 78.95%; C-C torsion 8.21%; ring-site C-H in-plane bending 6.27%; ring-site C-H out-of-plane bending 5.55%
   48     1499.66          --                 --  C-H bending                                                    C-H bending 83.96%; C-C torsion 14.78%
   49     1503.83          --                 --  C-H bending                                                    C-H bending 87.20%; C-C torsion 6.64%; ring-site C-H out-of-plane bending 2.90%
   50     1513.84          --                 --  mixed ring-site C-H out-of-plane bending / ring-site C-H in-plane bending / C-H bending ring-site C-H out-of-plane bending 43.45%; ring-site C-H in-plane bending 27.58%; C-H bending 25.49%
   51     2969.60          --                 --  mixed ring-site C-H stretching / C-H stretching                ring-site C-H stretching 66.78%; C-H stretching 32.58%
   52     2975.06          --                 --  mixed C-H stretching / ring-site C-H stretching                C-H stretching 66.50%; ring-site C-H stretching 32.85%
   53     3014.73          --                 --  ring-site C-H stretching                                       ring-site C-H stretching 98.44%
   54     3041.80          --                 --  C-H stretching                                                 C-H stretching 98.43%
   55     3053.99          --                 --  ring-site C-H stretching                                       ring-site C-H stretching 97.97%
   56     3069.57          --                 --  ring-site C-H stretching                                       ring-site C-H stretching 98.35%
   57     3074.00          --                 --  C-H stretching                                                 C-H stretching 98.38%
   58     3109.79          --                 --  mixed-phase C-H stretching                                     mixed-phase C-H stretching 97.86%
   59     3121.47          --                 --  mixed-phase ring-site C-H stretching                           mixed-phase ring-site C-H stretching 96.67%; C-H stretching 2.20%
   60     3132.43          --                 --  opposite-phase C-H stretching                                  opposite-phase C-H stretching 98.63%
   61     3769.59          --                 --  O-H stretching                                                 O-H stretching 99.92%
   62     3807.88          --                 --  O-H stretching                                                 O-H stretching 99.93%

# Selected internal-coordinate set:
#   1  nu(C1-C2)
#   2  nu(C3-O4)
#   3  nu(C5-C6)
#   4  nu(C8-O9)
#   5  nu(O7-H19)
#   6  nu(O4-H15)
#   7  nu(C3-H13)
#   8  nu(C8-H21)
#   9  nu(C5-H16)
#  10  nu(C1-H10)
#  11  nu(C6-H18)
#  12  nu(C2-O9)
#  13  nu(C3-H14)
#  14  nu(C5-H17)
#  15  nu(C1-H11)
#  16  nu(C8-H20)
#  17  nu(C6-O7)
#  18  nu(C1-H12)
#  19  tau(C5-C6-O7-H19)
#  20  tau(H13-C3-O4-H15)
#  21  tau(H21-C8-O9-C2)
#  22  tau(H20-C8-O9-C2)
#  23  gamma(H18;C6,C5,O7)
#  24  delta(O4-C3-H14)
#  25  nu(C2-C5)
#  26  delta(H10-C1-H11)
#  27  delta(C6-O7-H19)
#  28  delta(H10-C1-H12)
#  29  delta(H16-C5-H17)
#  30  delta(O9-C8-H20)
#  31  delta(O4-C3-H13)
#  32  delta(H11-C1-H12)
#  33  delta(C3-O4-H15)
#  34  delta(O9-C8-H21)
#  35  delta(H13-C3-H14)
#  36  delta(C2-C5-H17)
#  37  delta(C2-C5-H16)
#  38  tau(H18-C6-C8-O9)
#  39  delta(C2-C1-H10)
#  40  delta(C6-C5-H16)
#  41  delta(C2-O9-C8)
#  42  delta(C2-C3-H14)
#  43  nu(C2-C3)
#  44  delta(C2-C1-H11)
#  45  delta(C8-C6-H18)
#  46  nu(C6-C8)
#  47  tau(H10-C1-C2-C3)
#  48  delta(C6-C8-H20)
#  49  delta(C5-C6-O7)
#  50  tau(H12-C1-C2-C5)
#  51  tau(C5-C2-C3-O4)
#  52  delta(C1-C2-C3)
#  53  delta(C2-C3-O4)
#  54  delta(C1-C2-C5)
#  55  delta(C5-C6-C8)
#  56  tau(H16-C5-C6-O7)
#  57  tau(C3-C2-C5-C6)

Wrote: /local/scratch/mv487/qm9s/experiment_1_phase2/ped/96161/96161_summary.csv
Wrote: /local/scratch/mv487/qm9s/experiment_1_phase2/ped/96161/96161_families.csv
Wrote: /local/scratch/mv487/qm9s/experiment_1_phase2/ped/96161/96161_ped.csv
Wrote: /local/scratch/mv487/qm9s/experiment_1_phase2/ped/96161/96161_ir_transitions.csv

# All generated files are in: /local/scratch/mv487/qm9s/experiment_1_phase2/ped/96161
# Manifest: /local/scratch/mv487/qm9s/experiment_1_phase2/ped/96161/96161_manifest.txt

--- stderr ---
Normal modes/frequencies absent or incomplete: diagonalizing Hessian.
