# Contact: romi@lens.unifi.it
# Manual: https://github.com/SebRoLENS/orca-ped-analyzer/blob/main/docs/ORCA_PED_Analyzer_Manual.md
# Check GitHub for updates and new releases: https://github.com/SebRoLENS/orca-ped-analyzer
#
# Molecule: 19 atoms | non-linear
# Bonds inferred: 20 | candidate ICs: 182 | selected ICs: 51
# Cartesian-Hessian reconstruction relative error: 4.022e-05
# Energy distribution: PED (PED is the backward-compatible default; TED includes kinetic-energy terms)
# Ring/cycle bonds detected: 9 | ring atoms: 8 | ring systems: 1
# VPT2: no matching .out file supplied/found -> harmonic/PED analysis only
#
 Mode   Harm/cm-1   VPT2/cm-1  Harm.Int/km mol-1  Assignment                                                     Grouped PED
------------------------------------------------------------------------------------------------------------------------------------------------------------------------------------------------
    6       69.23          --                 --  mixed cyclic-ring torsional/out-of-plane deformation / ring-site N-H out-of-plane bending cyclic-ring torsional/out-of-plane deformation 60.73%; ring-site N-H out-of-plane bending 24.49%; ring-site C-H out-of-plane bending 5.02%; cyclic-ring deformation (C-O-C bend) 4.91%
    7      177.47          --                 --  mixed ring-site N-H out-of-plane bending / ring-site C-H out-of-plane bending ring-site N-H out-of-plane bending 41.24%; ring-site C-H out-of-plane bending 21.13%; cyclic-ring out-of-plane deformation 12.92%; cyclic-ring deformation (C-N-C bend) 8.90%
    8      269.88          --                 --  mixed cyclic-ring torsional/out-of-plane deformation / ring-site C-H out-of-plane bending cyclic-ring torsional/out-of-plane deformation 48.80%; ring-site C-H out-of-plane bending 16.25%; cyclic-ring out-of-plane deformation 12.89%; cyclic-ring deformation (C-O-C bend) 9.70%
    9      292.02          --                 --  mixed cyclic-ring torsional/out-of-plane deformation / ring-site N-H out-of-plane bending cyclic-ring torsional/out-of-plane deformation 35.81%; ring-site N-H out-of-plane bending 19.93%; cyclic-ring deformation (C-C-N bend) 10.34%; cyclic-ring out-of-plane deformation 9.96%
   10      332.10          --                 --  mixed cyclic-ring out-of-plane deformation / ring-site N-H out-of-plane bending / cyclic-ring deformation (C-N-C bend) cyclic-ring out-of-plane deformation 41.02%; ring-site N-H out-of-plane bending 32.19%; cyclic-ring deformation (C-N-C bend) 15.05%; cyclic-ring deformation (C-O-C bend) 3.80%
   11      361.49          --                 --  mixed ring-site N-H out-of-plane bending / ring-site C-H out-of-plane bending / cyclic-ring deformation (C-O-C bend) ring-site N-H out-of-plane bending 23.40%; ring-site C-H out-of-plane bending 21.62%; cyclic-ring deformation (C-O-C bend) 18.04%; cyclic-ring deformation (N-C-C bend) 10.38%
   12      423.27          --                 --  mixed cyclic-ring out-of-plane deformation / cyclic-ring deformation (N-C-C bend) cyclic-ring out-of-plane deformation 20.77%; cyclic-ring deformation (N-C-C bend) 15.53%; C-N torsion 13.94%; ring-site N-H out-of-plane bending 11.44%
   13      491.73          --                 --  mixed cyclic-ring deformation (N-C-C bend) / cyclic-ring out-of-plane deformation / cyclic-ring deformation (C-N-C bend) cyclic-ring deformation (N-C-C bend) 20.43%; cyclic-ring out-of-plane deformation 16.52%; cyclic-ring deformation (C-N-C bend) 15.47%; ring-site C-H out-of-plane bending 10.84%
   14      512.03          --                 --  mixed cyclic-ring out-of-plane deformation / ring-site N-H out-of-plane bending cyclic-ring out-of-plane deformation 38.01%; ring-site N-H out-of-plane bending 24.00%; ring-site C-H out-of-plane bending 14.75%; C-N torsion 14.61%
   15      601.12          --                 --  mixed cyclic-ring out-of-plane deformation / ring-site N-H out-of-plane bending cyclic-ring out-of-plane deformation 48.48%; ring-site N-H out-of-plane bending 41.46%; cyclic-ring deformation (C-N-C bend) 2.38%
   16      681.28          --                 --  mixed cyclic-ring out-of-plane deformation / ring-site N-H out-of-plane bending cyclic-ring out-of-plane deformation 47.33%; ring-site N-H out-of-plane bending 31.45%; cyclic-ring deformation (C-O-C bend) 3.99%; C-N torsion 3.54%
   17      720.55          --                 --  mixed cyclic-ring out-of-plane deformation / ring-site N-H out-of-plane bending cyclic-ring out-of-plane deformation 39.05%; ring-site N-H out-of-plane bending 33.38%; ring-site C-H out-of-plane bending 10.71%; in-phase cyclic C-O stretching 5.01%
   18      789.88          --                 --  mixed ring-site C-H out-of-plane bending / cyclic-ring out-of-plane deformation ring-site C-H out-of-plane bending 34.56%; cyclic-ring out-of-plane deformation 25.65%; opposite-phase cyclic C-C stretching 10.73%; ring-site C-H in-plane bending 6.87%
   19      827.64          --                 --  mixed cyclic-ring out-of-plane deformation / cyclic-ring torsional/out-of-plane deformation / ring-site N-H out-of-plane bending cyclic-ring out-of-plane deformation 32.79%; cyclic-ring torsional/out-of-plane deformation 20.07%; ring-site N-H out-of-plane bending 16.76%; cyclic-ring deformation (C-C-N bend) 6.77%
   20      853.54          --                 --  mixed cyclic-ring out-of-plane deformation / ring-site N-H out-of-plane bending cyclic-ring out-of-plane deformation 60.13%; ring-site N-H out-of-plane bending 19.83%; cyclic C-C stretching 4.49%; cyclic-ring deformation (C-C-N bend) 4.01%
   21      870.04          --                 --  mixed ring-site C-H out-of-plane bending / cyclic-ring out-of-plane deformation ring-site C-H out-of-plane bending 54.49%; cyclic-ring out-of-plane deformation 22.02%; ring-site N-H out-of-plane bending 9.63%; ring-site C-H in-plane bending 9.27%
   22      917.59          --                 --  C-N torsion                                                    C-N torsion 96.03%
   23      958.64          --                 --  mixed ring-site C-H out-of-plane bending / ring-site C-H in-plane bending ring-site C-H out-of-plane bending 40.56%; ring-site C-H in-plane bending 21.90%; cyclic C-O stretching 5.64%; cyclic-ring out-of-plane deformation 4.62%
   24      965.79          --                 --  mixed C-N torsion / ring-site C-H out-of-plane bending         C-N torsion 26.14%; ring-site C-H out-of-plane bending 17.85%; mixed-phase cyclic C-C stretching 12.31%; cyclic-ring out-of-plane deformation 9.78%
   25      994.27          --                 --  mixed cyclic-ring out-of-plane deformation / ring-site C-H out-of-plane bending cyclic-ring out-of-plane deformation 30.79%; ring-site C-H out-of-plane bending 27.75%; C-N torsion 12.76%; opposite-phase cyclic C-C stretching 10.51%
   26     1035.11          --                 --  mixed in-phase cyclic C-C stretching / cyclic C-O stretching   in-phase cyclic C-C stretching 30.96%; cyclic C-O stretching 14.54%; ring-site C-H in-plane bending 12.95%; cyclic-ring deformation (C-O-C bend) 8.22%
   27     1056.40          --                 --  mixed ring-site C-H out-of-plane bending / cyclic-ring out-of-plane deformation ring-site C-H out-of-plane bending 52.75%; cyclic-ring out-of-plane deformation 15.42%; ring-site C-H in-plane bending 7.67%; cyclic-ring deformation (C-N-C bend) 6.32%
   28     1065.85          --                 --  mixed ring-site C-H out-of-plane bending / cyclic-ring out-of-plane deformation ring-site C-H out-of-plane bending 45.96%; cyclic-ring out-of-plane deformation 30.19%; ring-site N-H out-of-plane bending 7.70%; ring-site C-H in-plane bending 4.39%
   29     1092.63          --                 --  mixed ring-site C-H out-of-plane bending / mixed-phase cyclic C-N stretching ring-site C-H out-of-plane bending 24.33%; mixed-phase cyclic C-N stretching 20.43%; cyclic-ring out-of-plane deformation 12.06%; opposite-phase cyclic C-O stretching 10.79%
   30     1129.64          --                 --  mixed ring-site C-H out-of-plane bending / opposite-phase cyclic C-O stretching ring-site C-H out-of-plane bending 41.49%; opposite-phase cyclic C-O stretching 13.65%; ring-site N-H out-of-plane bending 9.28%; cyclic-ring out-of-plane deformation 6.37%
   31     1140.27          --                 --  ring-site C-H out-of-plane bending                             ring-site C-H out-of-plane bending 73.33%; cyclic-ring out-of-plane deformation 11.24%; ring-site C-H in-plane bending 7.12%; cyclic-ring deformation (C-N-C bend) 2.62%
   32     1169.41          --                 --  mixed ring-site C-H in-plane bending / opposite-phase cyclic C-N stretching ring-site C-H in-plane bending 29.77%; opposite-phase cyclic C-N stretching 17.30%; ring-site C-H out-of-plane bending 13.80%; cyclic-ring out-of-plane deformation 13.79%
   33     1185.05          --                 --  mixed cyclic-ring out-of-plane deformation / ring-site C-H out-of-plane bending / ring-site C-H in-plane bending cyclic-ring out-of-plane deformation 38.91%; ring-site C-H out-of-plane bending 17.94%; ring-site C-H in-plane bending 16.83%; cyclic C-C stretching 14.11%
   34     1237.82          --                 --  mixed ring-site C-H in-plane bending / mixed-phase cyclic C-C stretching / mixed-phase cyclic C-N stretching ring-site C-H in-plane bending 29.99%; mixed-phase cyclic C-C stretching 23.33%; mixed-phase cyclic C-N stretching 21.14%; ring-site C-H out-of-plane bending 17.57%
   35     1292.55          --                 --  mixed ring-site C-H in-plane bending / ring-site N-H out-of-plane bending ring-site C-H in-plane bending 33.61%; ring-site N-H out-of-plane bending 13.69%; N-H bending 10.97%; cyclic-ring deformation (C-N-C bend) 10.78%
   36     1308.14          --                 --  mixed ring-site C-H in-plane bending / ring-site C-H out-of-plane bending ring-site C-H in-plane bending 52.60%; ring-site C-H out-of-plane bending 25.70%; N-H bending 6.06%; opposite-phase cyclic C-C stretching 5.49%
   37     1331.17          --                 --  mixed ring-site C-H out-of-plane bending / ring-site C-H in-plane bending ring-site C-H out-of-plane bending 35.43%; ring-site C-H in-plane bending 21.59%; N-H bending 12.77%; cyclic C-O stretching 7.24%
   38     1357.17          --                 --  mixed ring-site C-H out-of-plane bending / ring-site C-H in-plane bending / cyclic-ring out-of-plane deformation ring-site C-H out-of-plane bending 28.11%; ring-site C-H in-plane bending 22.66%; cyclic-ring out-of-plane deformation 15.66%; ring-site N-H out-of-plane bending 12.75%
   39     1387.11          --                 --  mixed ring-site C-H out-of-plane bending / ring-site C-H in-plane bending / cyclic-ring out-of-plane deformation ring-site C-H out-of-plane bending 35.11%; ring-site C-H in-plane bending 28.06%; cyclic-ring out-of-plane deformation 21.59%; opposite-phase cyclic C-C stretching 4.34%
   40     1421.30          --                 --  mixed ring-site C-H out-of-plane bending / ring-site C-H in-plane bending / cyclic-ring out-of-plane deformation ring-site C-H out-of-plane bending 44.49%; ring-site C-H in-plane bending 24.54%; cyclic-ring out-of-plane deformation 15.25%; ring-site N-H out-of-plane bending 6.03%
   41     1435.03          --                 --  mixed ring-site C-H out-of-plane bending / ring-site C-H in-plane bending ring-site C-H out-of-plane bending 42.38%; ring-site C-H in-plane bending 41.17%; mixed-phase cyclic C-C stretching 9.53%; cyclic-ring out-of-plane deformation 2.41%
   42     1470.64          --                 --  mixed ring-site C-H out-of-plane bending / cyclic-ring out-of-plane deformation / ring-site N-H out-of-plane bending ring-site C-H out-of-plane bending 27.03%; cyclic-ring out-of-plane deformation 24.95%; ring-site N-H out-of-plane bending 16.89%; ring-site N-H in-plane bending 16.08%
   43     1481.98          --                 --  ring-site C-H out-of-plane bending                             ring-site C-H out-of-plane bending 75.10%; ring-site C-H in-plane bending 12.34%; cyclic-ring out-of-plane deformation 3.87%; ring-site N-H in-plane bending 3.34%
   44     1494.25          --                 --  mixed ring-site C-H out-of-plane bending / cyclic-ring out-of-plane deformation ring-site C-H out-of-plane bending 56.77%; cyclic-ring out-of-plane deformation 14.82%; ring-site C-H in-plane bending 14.45%; ring-site N-H out-of-plane bending 5.90%
   45     1506.11          --                 --  mixed ring-site C-H out-of-plane bending / cyclic-ring out-of-plane deformation ring-site C-H out-of-plane bending 47.66%; cyclic-ring out-of-plane deformation 22.44%; ring-site C-H in-plane bending 10.07%; ring-site N-H out-of-plane bending 8.11%
   46     1717.08          --                 --  exocyclic C-N stretching                                       exocyclic C-N stretching 74.94%; cyclic-ring deformation (C-O-C bend) 6.88%; cyclic C-C stretching 5.92%; ring-site C-H out-of-plane bending 3.42%
   47     2943.38          --                 --  ring-site C-H stretching                                       ring-site C-H stretching 98.46%
   48     3052.65          --                 --  ring-site C-H stretching                                       ring-site C-H stretching 98.20%
   49     3069.97          --                 --  in-phase ring-site C-H stretching                              in-phase ring-site C-H stretching 99.36%
   50     3114.88          --                 --  opposite-phase ring-site C-H stretching                        opposite-phase ring-site C-H stretching 98.30%
   51     3124.61          --                 --  ring-site C-H stretching                                       ring-site C-H stretching 98.07%
   52     3135.02          --                 --  in-phase ring-site C-H stretching                              in-phase ring-site C-H stretching 99.03%
   53     3160.58          --                 --  ring-site C-H stretching                                       ring-site C-H stretching 98.97%
   54     3221.07          --                 --  opposite-phase ring-site C-H stretching                        opposite-phase ring-site C-H stretching 98.87%
   55     3459.19          --                 --  N-H stretching                                                 N-H stretching 99.75%
   56     3547.26          --                 --  ring-site N-H stretching                                       ring-site N-H stretching 99.25%

# Selected internal-coordinate set:
#   1  nu(N1-C2)
#   2  nu(C3-N4)
#   3  nu(C5-C6)
#   4  nu(C7-H17)
#   5  nu(C8-H18)
#   6  nu(C8-O9)
#   7  nu(C3-H12)
#   8  nu(N1-H10)
#   9  nu(N4-H13)
#  10  nu(C6-H16)
#  11  nu(C5-H14)
#  12  nu(C8-H19)
#  13  nu(C3-H11)
#  14  tau(H14-C5-C6-H16)
#  15  tau(H10-N1-C2-O9)
#  16  nu(C2-O9)
#  17  delta(C6-C7-H17)
#  18  gamma(C8;C7,C6,H17)
#  19  gamma(C5;N4,C3,H13)
#  20  tau(H14-C5-C6-H15)
#  21  nu(C6-H15)
#  22  tau(H10-N1-C2-C3)
#  23  gamma(H12;C3,N4,H11)
#  24  gamma(H19;C8,O9,H18)
#  25  delta(C2-N1-H10)
#  26  delta(C6-C5-H14)
#  27  delta(O9-C8-H18)
#  28  delta(C3-N4-H13)
#  29  tau(H18-C8-O9-C2)
#  30  delta(C5-C6-H16)
#  31  gamma(H12;C3,C2,H11)
#  32  tau(H17-C7-C8-H19)
#  33  delta(C5-C6-H15)
#  34  nu(C6-C7)
#  35  tau(N4-C5-C6-H15)
#  36  delta(C2-O9-C8)
#  37  tau(H12-C3-N4-C5)
#  38  delta(C7-C8-H19)
#  39  nu(C2-C3)
#  40  delta(N4-C3-H11)
#  41  nu(N4-C5)
#  42  nu(C7-C8)
#  43  delta(N1-C2-C3)
#  44  gamma(C7;C6,C5,H16)
#  45  gamma(C8;C7,C5,C6)
#  46  tau(C2-C3-N4-H13)
#  47  delta(N4-C5-C6)
#  48  delta(C2-C3-N4)
#  49  tau(C6-C7-C8-O9)
#  50  delta(C3-N4-C5)
#  51  tau(N1-C2-C3-N4)

Wrote: /local/scratch/mv487/qm9s/experiment_1_phase2/ped/43142/43142_summary.csv
Wrote: /local/scratch/mv487/qm9s/experiment_1_phase2/ped/43142/43142_families.csv
Wrote: /local/scratch/mv487/qm9s/experiment_1_phase2/ped/43142/43142_ped.csv
Wrote: /local/scratch/mv487/qm9s/experiment_1_phase2/ped/43142/43142_ir_transitions.csv

# All generated files are in: /local/scratch/mv487/qm9s/experiment_1_phase2/ped/43142
# Manifest: /local/scratch/mv487/qm9s/experiment_1_phase2/ped/43142/43142_manifest.txt

--- stderr ---
Normal modes/frequencies absent or incomplete: diagonalizing Hessian.
