# Contact: romi@lens.unifi.it
# Manual: https://github.com/SebRoLENS/orca-ped-analyzer/blob/main/docs/ORCA_PED_Analyzer_Manual.md
# Check GitHub for updates and new releases: https://github.com/SebRoLENS/orca-ped-analyzer
#
# Molecule: 20 atoms | non-linear
# Bonds inferred: 19 | candidate ICs: 140 | selected ICs: 54
# Cartesian-Hessian reconstruction relative error: 3.028e-05
# Energy distribution: PED (PED is the backward-compatible default; TED includes kinetic-energy terms)
# Ring/cycle bonds detected: 0 | ring atoms: 0 | ring systems: 0
# VPT2: no matching .out file supplied/found -> harmonic/PED analysis only
#
 Mode   Harm/cm-1   VPT2/cm-1  Harm.Int/km mol-1  Assignment                                                     Grouped PED
------------------------------------------------------------------------------------------------------------------------------------------------------------------------------------------------
    6       57.52          --                 --  mixed C-N torsion / C-N out-of-plane bending                   C-N torsion 58.97%; C-N out-of-plane bending 15.94%; C-N-C bending 13.49%; C-H bending 3.35%
    7       74.92          --                 --  mixed C-C torsion / C-C-N bending                              C-C torsion 56.12%; C-C-N bending 16.62%; C-H bending 5.69%; C-N torsion 5.05%
    8       83.94          --                 --  mixed C-N torsion / C-C torsion                                C-N torsion 57.13%; C-C torsion 33.37%; C-N-C bending 2.46%
    9      144.67          --                 --  C-C torsion                                                    C-C torsion 77.07%; N-C-C bending 5.93%; C-C-C linear bending 5.39%; C-N out-of-plane bending 3.38%
   10      194.83          --                 --  C-C torsion                                                    C-C torsion 86.10%; C-N torsion 10.97%
   11      240.93          --                 --  C-N torsion                                                    C-N torsion 93.36%
   12      245.27          --                 --  mixed C-C torsion / C-N torsion                                C-C torsion 42.00%; C-N torsion 33.94%; C-N out-of-plane bending 11.21%; C-N-C bending 5.41%
   13      259.58          --                 --  mixed C-C-C bending / C-N torsion                              C-C-C bending 47.50%; C-N torsion 13.10%; C-C torsion 10.40%; C-C-O bending 9.18%
   14      280.30          --                 --  mixed C-N out-of-plane bending / C-C torsion / C-H bending     C-N out-of-plane bending 33.88%; C-C torsion 22.00%; C-H bending 17.83%; C-N torsion 9.05%
   15      337.18          --                 --  C-C-C linear bending                                           C-C-C linear bending 77.45%; C-H bending 11.00%; C-N torsion 7.20%; C-C-H linear bending 3.36%
   16      343.09          --                 --  mixed C-N-C bending / C-N out-of-plane bending                 C-N-C bending 54.93%; C-N out-of-plane bending 12.29%; C-H bending 7.11%; C-N torsion 5.31%
   17      409.66          --                 --  mixed C-N-C bending / C-C-N bending                            C-N-C bending 23.74%; C-C-N bending 13.30%; C-N torsion 10.83%; C-N out-of-plane bending 10.60%
   18      455.36          --                 --  mixed C-N out-of-plane bending / C-N torsion                   C-N out-of-plane bending 40.36%; C-N torsion 17.20%; C-N-C bending 11.65%; C-H bending 8.71%
   19      584.49          --                 --  mixed C-H bending / C-C torsion                                C-H bending 37.08%; C-C torsion 19.84%; N-C-C bending 9.46%; C-C-N bending 7.10%
   20      649.23          --                 --  mixed C-C-O bending / C-C-C bending                            C-C-O bending 24.89%; C-C-C bending 16.47%; C-H bending 14.81%; C-N-C bending 10.34%
   21      656.34          --                 --  C-C-H linear bending                                           C-C-H linear bending 96.09%; C-C-C linear bending 3.03%
   22      700.10          --                 --  C-C-H linear bending                                           C-C-H linear bending 95.37%; C-C-C linear bending 3.51%
   23      789.78          --                 --  mixed C-C stretching / C-N stretching                          C-C stretching 31.25%; C-N stretching 23.58%; C-H bending 13.96%; C-C-O bending 7.97%
   24      851.06          --                 --  mixed C-N stretching / mixed-phase C-C stretching              C-N stretching 35.12%; mixed-phase C-C stretching 29.08%; C-H bending 12.11%; N-C-C bending 9.44%
   25      918.47          --                 --  mixed C-H bending / C-H out-of-plane bending                   C-H bending 67.19%; C-H out-of-plane bending 16.23%; C-C torsion 9.20%; C-C stretching 4.33%
   26      955.88          --                 --  mixed C-C stretching / C-H bending                             C-C stretching 48.53%; C-H bending 20.31%; mixed-phase C-N stretching 11.11%; N-C-C bending 8.25%
   27      982.07          --                 --  mixed C-H bending / mixed-phase C-N stretching                 C-H bending 61.08%; mixed-phase C-N stretching 15.09%; mixed-phase C-C stretching 10.63%; C-N torsion 4.08%
   28     1012.58          --                 --  mixed C-H bending / mixed-phase C-C stretching                 C-H bending 62.35%; mixed-phase C-C stretching 9.65%; C-N stretching 9.59%; C-N-C bending 4.84%
   29     1067.83          --                 --  mixed C-H bending / mixed-phase C-N stretching                 C-H bending 39.62%; mixed-phase C-N stretching 35.89%; C-H out-of-plane bending 8.72%; mixed-phase C-C stretching 8.43%
   30     1115.14          --                 --  mixed C-H bending / C-C-C bending                              C-H bending 54.84%; C-C-C bending 12.30%; C-H out-of-plane bending 11.52%; C-C stretching 7.38%
   31     1124.37          --                 --  mixed C-H bending / opposite-phase C-C stretching              C-H bending 46.08%; opposite-phase C-C stretching 26.20%; C-C-N bending 6.60%; C-N torsion 5.28%
   32     1150.92          --                 --  mixed C-H bending / C-N torsion                                C-H bending 60.95%; C-N torsion 9.35%; C-N out-of-plane bending 8.10%; mixed-phase C-N stretching 7.74%
   33     1194.85          --                 --  mixed C-H bending / mixed-phase C-N stretching                 C-H bending 45.35%; mixed-phase C-N stretching 35.36%; C-N-C bending 6.02%; C-H out-of-plane bending 4.24%
   34     1226.60          --                 --  C-H bending                                                    C-H bending 83.17%; opposite-phase C-N stretching 8.58%; C-N-C bending 2.95%; C-H out-of-plane bending 2.16%
   35     1313.14          --                 --  C-H bending                                                    C-H bending 74.85%; opposite-phase C-N stretching 12.45%; C-N-C bending 7.20%; C-N out-of-plane bending 2.07%
   36     1322.01          --                 --  C-H bending                                                    C-H bending 85.34%; mixed-phase C-C stretching 7.59%
   37     1351.70          --                 --  C-H bending                                                    C-H bending 89.01%; opposite-phase C-N stretching 6.78%
   38     1389.59          --                 --  C-H bending                                                    C-H bending 79.98%; C-H out-of-plane bending 13.52%; C-N stretching 2.07%
   39     1406.61          --                 --  C-H bending                                                    C-H bending 77.47%; C-H out-of-plane bending 14.92%; C-C stretching 2.87%; C-N-C bending 2.55%
   40     1416.13          --                 --  mixed C-H bending / C-H out-of-plane bending                   C-H bending 47.87%; C-H out-of-plane bending 47.80%; C-C stretching 3.06%
   41     1467.19          --                 --  mixed C-H out-of-plane bending / C-H bending                   C-H out-of-plane bending 60.33%; C-H bending 37.14%
   42     1483.21          --                 --  C-H bending                                                    C-H bending 91.19%; C-N torsion 6.36%
   43     1489.91          --                 --  mixed C-H bending / C-C torsion / C-N torsion                  C-H bending 49.55%; C-C torsion 21.78%; C-N torsion 20.68%; C-H out-of-plane bending 6.33%
   44     1495.93          --                 --  mixed C-H bending / C-C torsion                                C-H bending 58.80%; C-C torsion 23.99%; C-N torsion 9.58%; C-H out-of-plane bending 6.98%
   45     1500.61          --                 --  mixed C-H bending / C-H out-of-plane bending                   C-H bending 59.26%; C-H out-of-plane bending 29.20%; C-C torsion 6.97%; C-N torsion 3.47%
   46     1521.50          --                 --  C-H bending                                                    C-H bending 73.37%; C-H out-of-plane bending 13.66%; C-N torsion 10.58%
   47     1805.78          --                 --  C-O stretching                                                 C-O stretching 87.70%; C-H bending 4.54%; C-C stretching 3.71%
   48     2229.48          --                 --  mixed-phase C-C stretching                                     mixed-phase C-C stretching 95.29%; C-H stretching 4.58%
   49     2906.50          --                 --  C-H stretching                                                 C-H stretching 98.85%
   50     2917.34          --                 --  C-H stretching                                                 C-H stretching 99.46%
   51     2954.23          --                 --  C-H stretching                                                 C-H stretching 99.59%
   52     2981.34          --                 --  C-H stretching                                                 C-H stretching 99.15%
   53     3048.66          --                 --  C-H stretching                                                 C-H stretching 99.62%
   54     3050.27          --                 --  C-H stretching                                                 C-H stretching 99.37%
   55     3072.65          --                 --  mixed-phase C-H stretching                                     mixed-phase C-H stretching 99.61%
   56     3113.78          --                 --  mixed-phase C-H stretching                                     mixed-phase C-H stretching 99.59%
   57     3116.04          --                 --  mixed-phase C-H stretching                                     mixed-phase C-H stretching 99.39%
   58     3122.16          --                 --  mixed-phase C-H stretching                                     mixed-phase C-H stretching 99.60%
   59     3476.38          --                 --  C-H stretching                                                 C-H stretching 95.47%; C-C stretching 4.53%

# Selected internal-coordinate set:
#   1  nu(C1-H11)
#   2  nu(C2-C3)
#   3  nu(C6-H16)
#   4  nu(C7-C8)
#   5  nu(C9-H20)
#   6  nu(C2-H13)
#   7  nu(C1-H12)
#   8  nu(C6-H17)
#   9  nu(C7-H18)
#  10  delta_lin2(C8-C9-H20)
#  11  delta_lin1(C8-C9-H20)
#  12  nu(C3-H14)
#  13  nu(C2-N5)
#  14  nu(C7-H19)
#  15  nu(C6-H15)
#  16  nu(C1-H10)
#  17  gamma(H14;C3,C2,O4)
#  18  nu(N5-C7)
#  19  nu(C3-O4)
#  20  gamma(C6;N5,C2,C7)
#  21  gamma(H10;C1,H11,H12)
#  22  gamma(H17;C6,H15,H16)
#  23  delta(H11-C1-H12)
#  24  delta(H15-C6-H16)
#  25  delta(H18-C7-H19)
#  26  delta(N5-C2-H13)
#  27  delta(C8-C7-H18)
#  28  delta(O4-C3-H14)
#  29  delta(C8-C7-H19)
#  30  tau(C7-N5-C6-H17)
#  31  tau(H10-C1-C2-C3)
#  32  delta(C3-C2-H13)
#  33  nu(C8-C9)
#  34  delta(C2-C1-H11)
#  35  delta(N5-C6-H17)
#  36  delta_lin2(C7-C8-C9)
#  37  delta(C2-C3-O4)
#  38  tau(C1-C2-C3-H14)
#  39  delta(N5-C7-H19)
#  40  tau(H12-C1-C2-N5)
#  41  nu(C1-C2)
#  42  delta(C2-C1-H12)
#  43  delta_lin1(C7-C8-C9)
#  44  nu(N5-C6)
#  45  tau(C2-N5-C6-H16)
#  46  delta(N5-C6-H16)
#  47  delta(C1-C2-H13)
#  48  delta(C1-C2-C3)
#  49  delta(N5-C7-C8)
#  50  delta(C2-N5-C7)
#  51  tau(C2-N5-C7-C8)
#  52  delta(C6-N5-C7)
#  53  tau(C3-C2-N5-C7)
#  54  delta(C3-C2-N5)

Wrote: /local/scratch/mv487/qm9s/experiment_1_phase2/ped/56038/56038_summary.csv
Wrote: /local/scratch/mv487/qm9s/experiment_1_phase2/ped/56038/56038_families.csv
Wrote: /local/scratch/mv487/qm9s/experiment_1_phase2/ped/56038/56038_ped.csv
Wrote: /local/scratch/mv487/qm9s/experiment_1_phase2/ped/56038/56038_ir_transitions.csv

# All generated files are in: /local/scratch/mv487/qm9s/experiment_1_phase2/ped/56038
# Manifest: /local/scratch/mv487/qm9s/experiment_1_phase2/ped/56038/56038_manifest.txt

--- stderr ---
Normal modes/frequencies absent or incomplete: diagonalizing Hessian.
