# Contact: romi@lens.unifi.it
# Manual: https://github.com/SebRoLENS/orca-ped-analyzer/blob/main/docs/ORCA_PED_Analyzer_Manual.md
# Check GitHub for updates and new releases: https://github.com/SebRoLENS/orca-ped-analyzer
#
# Molecule: 19 atoms | non-linear
# Bonds inferred: 19 | candidate ICs: 171 | selected ICs: 51
# Cartesian-Hessian reconstruction relative error: 1.585e-05
# Energy distribution: PED (PED is the backward-compatible default; TED includes kinetic-energy terms)
# Ring/cycle bonds detected: 4 | ring atoms: 4 | ring systems: 1
# VPT2: no matching .out file supplied/found -> harmonic/PED analysis only
#
 Mode   Harm/cm-1   VPT2/cm-1  Harm.Int/km mol-1  Assignment                                                     Grouped PED
------------------------------------------------------------------------------------------------------------------------------------------------------------------------------------------------
    6       34.22          --                 --  mixed ring-site C-H out-of-plane bending / cyclic-ring torsional/out-of-plane deformation ring-site C-H out-of-plane bending 54.28%; cyclic-ring torsional/out-of-plane deformation 44.89%
    7      150.64          --                 --  mixed cyclic-ring torsional/out-of-plane deformation / ring-site C-H out-of-plane bending cyclic-ring torsional/out-of-plane deformation 53.16%; ring-site C-H out-of-plane bending 34.74%; cyclic-ring out-of-plane deformation 7.42%; C-O torsion 2.71%
    8      179.91          --                 --  mixed cyclic-ring torsional/out-of-plane deformation / ring-site C-H out-of-plane bending cyclic-ring torsional/out-of-plane deformation 52.96%; ring-site C-H out-of-plane bending 33.30%; cyclic-ring out-of-plane deformation 9.22%
    9      225.17          --                 --  mixed C-C torsion / C-C-C bending                              C-C torsion 65.08%; C-C-C bending 11.81%; cyclic-ring torsional/out-of-plane deformation 7.24%; ring-site C-H out-of-plane bending 4.91%
   10      236.00          --                 --  C-C torsion                                                    C-C torsion 75.72%; cyclic-ring torsional/out-of-plane deformation 6.57%; ring-site C-H out-of-plane bending 4.96%; C-C-O bending 3.35%
   11      260.33          --                 --  C-C torsion                                                    C-C torsion 82.03%; cyclic-ring torsional/out-of-plane deformation 7.17%; ring-site C-H out-of-plane bending 3.86%
   12      272.78          --                 --  mixed cyclic-ring torsional/out-of-plane deformation / ring-site C-H out-of-plane bending / C-C torsion cyclic-ring torsional/out-of-plane deformation 38.66%; ring-site C-H out-of-plane bending 24.81%; C-C torsion 20.35%; O-C-C bending 5.97%
   13      278.77          --                 --  mixed C-C torsion / C-O torsion                                C-C torsion 62.28%; C-O torsion 11.40%; cyclic C-C stretching 7.58%; cyclic-ring torsional/out-of-plane deformation 6.71%
   14      324.62          --                 --  mixed cyclic-ring torsional/out-of-plane deformation / O-C-C bending cyclic-ring torsional/out-of-plane deformation 20.98%; O-C-C bending 17.39%; C-O torsion 11.78%; cyclic-ring deformation (C-C-C bend) 10.37%
   15      335.30          --                 --  mixed C-O torsion / ring-site C-H out-of-plane bending         C-O torsion 32.46%; ring-site C-H out-of-plane bending 14.88%; cyclic-ring torsional/out-of-plane deformation 14.86%; C-C torsion 12.65%
   16      364.81          --                 --  mixed C-O torsion / ring-site C-H out-of-plane bending         C-O torsion 57.46%; ring-site C-H out-of-plane bending 20.21%; C-C-C bending 6.23%; cyclic-ring torsional/out-of-plane deformation 4.90%
   17      400.98          --                 --  ring-site C-H out-of-plane bending                             ring-site C-H out-of-plane bending 71.86%; cyclic-ring torsional/out-of-plane deformation 10.67%; C-C-C bending 6.82%; C-H bending 4.03%
   18      432.51          --                 --  ring-site C-H out-of-plane bending                             ring-site C-H out-of-plane bending 71.99%; cyclic-ring torsional/out-of-plane deformation 13.37%; O-C-C bending 8.05%; C-H bending 2.10%
   19      591.85          --                 --  mixed ring-site C-H out-of-plane bending / cyclic-ring torsional/out-of-plane deformation ring-site C-H out-of-plane bending 31.31%; cyclic-ring torsional/out-of-plane deformation 15.03%; cyclic-ring deformation (C-C-C bend) 11.31%; mixed-phase cyclic C-C stretching 8.89%
   20      599.60          --                 --  mixed cyclic-ring deformation (C-C-C bend) / exocyclic C-C stretching cyclic-ring deformation (C-C-C bend) 24.63%; exocyclic C-C stretching 17.93%; cyclic-ring torsional/out-of-plane deformation 13.78%; ring-site C-H out-of-plane bending 12.69%
   21      708.41          --                 --  mixed ring-site C-H out-of-plane bending / cyclic C-C stretching ring-site C-H out-of-plane bending 33.19%; cyclic C-C stretching 29.07%; cyclic-ring torsional/out-of-plane deformation 7.70%; cyclic-ring deformation (C-C-C bend) 6.30%
   22      740.69          --                 --  mixed ring-site C-H out-of-plane bending / cyclic-ring deformation (C-C-C bend) ring-site C-H out-of-plane bending 45.69%; cyclic-ring deformation (C-C-C bend) 11.98%; mixed-phase cyclic C-C stretching 11.52%; cyclic-ring torsional/out-of-plane deformation 11.16%
   23      819.85          --                 --  mixed ring-site C-H out-of-plane bending / opposite-phase cyclic C-C stretching ring-site C-H out-of-plane bending 33.67%; opposite-phase cyclic C-C stretching 20.89%; opposite-phase exocyclic C-O stretching 8.70%; cyclic-ring torsional/out-of-plane deformation 7.31%
   24      867.24          --                 --  ring-site C-H out-of-plane bending                             ring-site C-H out-of-plane bending 81.95%; exocyclic C-C stretching 4.08%; cyclic C-C stretching 3.47%; exocyclic C-O stretching 3.29%
   25      906.10          --                 --  mixed ring-site C-H out-of-plane bending / C-H bending / mixed-phase cyclic C-C stretching ring-site C-H out-of-plane bending 26.82%; C-H bending 26.64%; mixed-phase cyclic C-C stretching 20.25%; cyclic-ring deformation (C-C-C bend) 8.56%
   26      920.06          --                 --  mixed mixed-phase cyclic C-C stretching / mixed-phase exocyclic C-O stretching / C-H bending mixed-phase cyclic C-C stretching 33.58%; mixed-phase exocyclic C-O stretching 23.94%; C-H bending 18.39%; ring-site C-H out-of-plane bending 8.74%
   27      964.60          --                 --  mixed C-H bending / in-phase exocyclic C-O stretching          C-H bending 37.54%; in-phase exocyclic C-O stretching 34.31%; cyclic C-C stretching 11.00%; C-C torsion 5.50%
   28      980.08          --                 --  mixed ring-site C-H out-of-plane bending / C-H bending         ring-site C-H out-of-plane bending 39.66%; C-H bending 14.37%; in-phase exocyclic C-C stretching 13.84%; mixed-phase cyclic C-C stretching 7.96%
   29     1005.17          --                 --  mixed ring-site C-H out-of-plane bending / C-H bending         ring-site C-H out-of-plane bending 32.01%; C-H bending 31.15%; opposite-phase cyclic C-C stretching 8.36%; exocyclic C-O stretching 6.59%
   30     1099.80          --                 --  mixed C-H bending / O-H bending                                C-H bending 61.82%; O-H bending 11.33%; mixed-phase cyclic C-C stretching 9.35%; cyclic-ring torsional/out-of-plane deformation 5.18%
   31     1117.43          --                 --  mixed C-H bending / O-H bending / cyclic C-C stretching        C-H bending 37.22%; O-H bending 26.91%; cyclic C-C stretching 16.60%; cyclic-ring torsional/out-of-plane deformation 4.74%
   32     1166.24          --                 --  ring-site C-H out-of-plane bending                             ring-site C-H out-of-plane bending 82.24%; opposite-phase cyclic C-C stretching 5.84%; C-H bending 3.33%; exocyclic C-C stretching 2.02%
   33     1212.73          --                 --  mixed C-H bending / mixed-phase exocyclic C-O stretching       C-H bending 25.10%; mixed-phase exocyclic C-O stretching 15.56%; cyclic-ring torsional/out-of-plane deformation 13.82%; exocyclic C-C stretching 12.28%
   34     1217.35          --                 --  mixed ring-site C-H out-of-plane bending / C-H bending         ring-site C-H out-of-plane bending 58.85%; C-H bending 12.34%; exocyclic C-C stretching 8.47%; exocyclic C-O stretching 6.45%
   35     1229.81          --                 --  mixed ring-site C-H out-of-plane bending / exocyclic C-O stretching ring-site C-H out-of-plane bending 38.47%; exocyclic C-O stretching 21.19%; cyclic-ring torsional/out-of-plane deformation 9.92%; C-H bending 7.50%
   36     1281.85          --                 --  ring-site C-H out-of-plane bending                             ring-site C-H out-of-plane bending 79.20%; O-H bending 5.32%; opposite-phase cyclic C-C stretching 4.81%; cyclic-ring deformation (C-C-C bend) 3.51%
   37     1341.85          --                 --  mixed ring-site C-H out-of-plane bending / O-H bending         ring-site C-H out-of-plane bending 31.71%; O-H bending 27.48%; mixed-phase cyclic C-C stretching 14.68%; cyclic-ring deformation (C-C-C bend) 9.79%
   38     1366.74          --                 --  mixed O-H bending / in-phase cyclic C-C stretching / C-H bending O-H bending 44.63%; in-phase cyclic C-C stretching 17.88%; C-H bending 15.55%; exocyclic C-C stretching 6.02%
   39     1408.70          --                 --  mixed C-H out-of-plane bending / C-H bending                   C-H out-of-plane bending 61.57%; C-H bending 33.91%; ring-site C-H out-of-plane bending 2.16%; exocyclic C-C stretching 2.06%
   40     1412.16          --                 --  C-H bending                                                    C-H bending 86.58%; C-H out-of-plane bending 8.59%; exocyclic C-C stretching 4.04%
   41     1466.95          --                 --  ring-site C-H out-of-plane bending                             ring-site C-H out-of-plane bending 98.08%
   42     1490.63          --                 --  C-H bending                                                    C-H bending 97.56%
   43     1492.73          --                 --  mixed C-C torsion / C-H bending                                C-C torsion 46.01%; C-H bending 44.08%; C-H out-of-plane bending 5.65%
   44     1493.79          --                 --  C-H bending                                                    C-H bending 89.24%; C-C torsion 5.75%; C-H out-of-plane bending 3.53%
   45     1496.90          --                 --  C-H bending                                                    C-H bending 71.44%; C-C torsion 9.30%; C-H out-of-plane bending 9.23%; ring-site C-H out-of-plane bending 8.03%
   46     1857.00          --                 --  exocyclic C-O stretching                                       exocyclic C-O stretching 83.37%; in-phase cyclic C-C stretching 10.10%; cyclic-ring deformation (C-C-C bend) 4.50%
   47     3028.47          --                 --  C-H stretching                                                 C-H stretching 99.61%
   48     3029.55          --                 --  C-H stretching                                                 C-H stretching 99.61%
   49     3087.02          --                 --  in-phase ring-site C-H stretching                              in-phase ring-site C-H stretching 96.69%; C-H stretching 2.23%
   50     3094.81          --                 --  mixed-phase C-H stretching                                     mixed-phase C-H stretching 99.15%
   51     3095.15          --                 --  mixed-phase C-H stretching                                     mixed-phase C-H stretching 98.26%
   52     3108.28          --                 --  opposite-phase C-H stretching                                  opposite-phase C-H stretching 99.00%
   53     3111.83          --                 --  mixed-phase C-H stretching                                     mixed-phase C-H stretching 98.93%
   54     3148.02          --                 --  opposite-phase ring-site C-H stretching                        opposite-phase ring-site C-H stretching 98.56%
   55     3781.58          --                 --  O-H stretching                                                 O-H stretching 99.94%
   56     3784.29          --                 --  O-H stretching                                                 O-H stretching 99.94%

# Selected internal-coordinate set:
#   1  nu(C1-C2)
#   2  nu(O3-H13)
#   3  nu(C4-C5)
#   4  nu(C6-H16)
#   5  nu(C8-O9)
#   6  nu(O7-H19)
#   7  nu(C6-H17)
#   8  nu(C1-H11)
#   9  nu(C4-H15)
#  10  nu(C5-O7)
#  11  nu(C6-H18)
#  12  nu(C2-O3)
#  13  nu(C1-H12)
#  14  tau(C4-C5-O7-H19)
#  15  delta(C2-C8-O9)
#  16  tau(C4-C2-C8-O9)
#  17  nu(C1-H10)
#  18  nu(C4-H14)
#  19  tau(C1-C2-O3-H13)
#  20  gamma(C8;C5,C4,O7)
#  21  gamma(H16;C6,H17,H18)
#  22  gamma(H15;C4,C5,H14)
#  23  delta(C2-O3-H13)
#  24  delta(H17-C6-H18)
#  25  delta(H11-C1-H12)
#  26  delta(H10-C1-H11)
#  27  delta(H10-C1-H12)
#  28  delta(C5-O7-H19)
#  29  nu(C2-C8)
#  30  tau(C8-C5-C6-H16)
#  31  tau(H15-C4-C5-C6)
#  32  tau(C8-C2-C4-H14)
#  33  tau(C8-C2-C4-H15)
#  34  delta(C2-C1-H10)
#  35  delta(C5-C6-H17)
#  36  nu(C2-C4)
#  37  delta(O3-C2-C4)
#  38  tau(C4-C5-C6-H17)
#  39  delta(C2-C1-H12)
#  40  nu(C5-C6)
#  41  nu(C5-C8)
#  42  delta(C5-C6-H16)
#  43  tau(O7-C5-C8-C2)
#  44  tau(H12-C1-C2-C4)
#  45  tau(O3-C2-C4-C5)
#  46  tau(C6-C5-C8-C2)
#  47  delta(C1-C2-C4)
#  48  tau(H14-C4-C5-C8)
#  49  tau(C1-C2-C4-C5)
#  50  delta(C4-C5-C8)
#  51  tau(C2-C4-C5-C6)

Wrote: /local/scratch/mv487/qm9s/experiment_1_phase2/ped/58051/58051_summary.csv
Wrote: /local/scratch/mv487/qm9s/experiment_1_phase2/ped/58051/58051_families.csv
Wrote: /local/scratch/mv487/qm9s/experiment_1_phase2/ped/58051/58051_ped.csv
Wrote: /local/scratch/mv487/qm9s/experiment_1_phase2/ped/58051/58051_ir_transitions.csv

# All generated files are in: /local/scratch/mv487/qm9s/experiment_1_phase2/ped/58051
# Manifest: /local/scratch/mv487/qm9s/experiment_1_phase2/ped/58051/58051_manifest.txt

--- stderr ---
Normal modes/frequencies absent or incomplete: diagonalizing Hessian.
