# Contact: romi@lens.unifi.it
# Manual: https://github.com/SebRoLENS/orca-ped-analyzer/blob/main/docs/ORCA_PED_Analyzer_Manual.md
# Check GitHub for updates and new releases: https://github.com/SebRoLENS/orca-ped-analyzer
#
# Molecule: 18 atoms | non-linear
# Bonds inferred: 19 | candidate ICs: 179 | selected ICs: 48
# Cartesian-Hessian reconstruction relative error: 4.076e-05
# Energy distribution: PED (PED is the backward-compatible default; TED includes kinetic-energy terms)
# Ring/cycle bonds detected: 7 | ring atoms: 6 | ring systems: 1
# VPT2: no matching .out file supplied/found -> harmonic/PED analysis only
#
 Mode   Harm/cm-1   VPT2/cm-1  Harm.Int/km mol-1  Assignment                                                     Grouped PED
------------------------------------------------------------------------------------------------------------------------------------------------------------------------------------------------
    6       60.74          --                 --  mixed cyclic-ring torsional/out-of-plane deformation / cyclic-ring torsional/out-of-plane deformation / ring-site C-H out-of-plane bending cyclic-ring torsional/out-of-plane deformation 27.32%; cyclic-ring torsional/out-of-plane deformation 25.66%; ring-site C-H out-of-plane bending 16.00%; ring-site N-H out-of-plane bending 15.22%
    7       88.75          --                 --  mixed cyclic-ring torsional/out-of-plane deformation / ring-site N-H out-of-plane bending / ring-site C-H out-of-plane bending cyclic-ring torsional/out-of-plane deformation 33.55%; ring-site N-H out-of-plane bending 23.95%; ring-site C-H out-of-plane bending 20.43%; cyclic-ring torsional/out-of-plane deformation 17.43%
    8      111.39          --                 --  C-C torsion                                                    C-C torsion 76.61%; C-H bending 14.31%; cyclic-ring torsional/out-of-plane deformation 3.50%
    9      157.66          --                 --  mixed ring-site N-H out-of-plane bending / cyclic-ring torsional/out-of-plane deformation / ring-site C-H out-of-plane bending ring-site N-H out-of-plane bending 30.52%; cyclic-ring torsional/out-of-plane deformation 24.21%; ring-site C-H out-of-plane bending 16.84%; cyclic-ring torsional/out-of-plane deformation 10.43%
   10      240.11          --                 --  mixed ring-site N-H out-of-plane bending / ring-site C-H out-of-plane bending / cyclic-ring torsional/out-of-plane deformation ring-site N-H out-of-plane bending 43.51%; ring-site C-H out-of-plane bending 20.78%; cyclic-ring torsional/out-of-plane deformation 17.39%; C-C-C bending 7.48%
   11      359.21          --                 --  mixed C-C-O bending / C-C-C bending                            C-C-O bending 30.16%; C-C-C bending 16.79%; C-H bending 13.60%; exocyclic C-C stretching 8.79%
   12      388.18          --                 --  mixed cyclic-ring torsional/out-of-plane deformation / ring-site N-H out-of-plane bending / ring-site C-H in-plane bending cyclic-ring torsional/out-of-plane deformation 28.35%; ring-site N-H out-of-plane bending 24.83%; ring-site C-H in-plane bending 19.65%; ring-site C-H out-of-plane bending 16.42%
   13      438.33          --                 --  mixed C-C out-of-plane bending / ring-site N-H out-of-plane bending C-C out-of-plane bending 21.39%; ring-site N-H out-of-plane bending 20.89%; C-H bending 13.57%; cyclic-ring torsional/out-of-plane deformation 13.17%
   14      533.33          --                 --  mixed ring-site N-H out-of-plane bending / cyclic-ring deformation (C-O-C bend) ring-site N-H out-of-plane bending 52.25%; cyclic-ring deformation (C-O-C bend) 8.67%; cyclic-ring torsional/out-of-plane deformation 7.75%; C-H bending 4.51%
   15      610.67          --                 --  mixed C-C-O bending / ring-site N-H out-of-plane bending       C-C-O bending 28.41%; ring-site N-H out-of-plane bending 19.78%; C-H bending 12.25%; C-C stretching 10.28%
   16      678.48          --                 --  ring-site N-H out-of-plane bending                             ring-site N-H out-of-plane bending 79.72%; cyclic-ring deformation (C-N-C bend) 9.62%; ring-site C-H out-of-plane bending 2.58%
   17      731.68          --                 --  mixed ring-site N-H out-of-plane bending / ring-site C-H in-plane bending ring-site N-H out-of-plane bending 68.68%; ring-site C-H in-plane bending 6.94%; in-phase cyclic C-N stretching 5.10%; cyclic-ring deformation (C-O-C bend) 3.70%
   18      776.52          --                 --  mixed mixed-phase cyclic C-C stretching / ring-site N-H out-of-plane bending mixed-phase cyclic C-C stretching 21.57%; ring-site N-H out-of-plane bending 21.26%; cyclic-ring deformation (C-N-C bend) 11.15%; ring-site C-H in-plane bending 10.70%
   19      804.77          --                 --  mixed mixed-phase cyclic C-C stretching / ring-site C-H in-plane bending / cyclic-ring deformation (C-O-C bend) mixed-phase cyclic C-C stretching 21.63%; ring-site C-H in-plane bending 21.57%; cyclic-ring deformation (C-O-C bend) 15.51%; ring-site C-H out-of-plane bending 11.08%
   20      850.56          --                 --  mixed C-H bending / ring-site C-H in-plane bending / cyclic C-C stretching C-H bending 32.30%; ring-site C-H in-plane bending 20.57%; cyclic C-C stretching 18.50%; exocyclic C-C stretching 9.01%
   21      919.81          --                 --  mixed ring-site C-H in-plane bending / C-H bending / cyclic C-N stretching ring-site C-H in-plane bending 22.87%; C-H bending 22.05%; cyclic C-N stretching 15.74%; cyclic C-C stretching 12.69%
   22      942.73          --                 --  mixed C-H bending / C-C stretching / cyclic C-O stretching     C-H bending 31.27%; C-C stretching 23.87%; cyclic C-O stretching 15.76%; mixed-phase cyclic C-N stretching 7.40%
   23      963.63          --                 --  mixed ring-site N-H out-of-plane bending / cyclic-ring deformation (C-N-C bend) / cyclic C-C stretching ring-site N-H out-of-plane bending 32.78%; cyclic-ring deformation (C-N-C bend) 16.44%; cyclic C-C stretching 16.38%; ring-site C-H in-plane bending 11.18%
   24      975.17          --                 --  mixed cyclic-ring deformation (C-O-C bend) / cyclic C-N stretching cyclic-ring deformation (C-O-C bend) 26.02%; cyclic C-N stretching 25.70%; mixed-phase cyclic C-C stretching 9.40%; ring-site C-H in-plane bending 9.29%
   25      998.32          --                 --  mixed mixed-phase cyclic C-N stretching / cyclic C-C stretching mixed-phase cyclic C-N stretching 44.75%; cyclic C-C stretching 22.33%; cyclic C-O stretching 11.41%; ring-site C-H in-plane bending 8.13%
   26     1037.90          --                 --  mixed C-H bending / ring-site C-H in-plane bending             C-H bending 43.41%; ring-site C-H in-plane bending 21.98%; mixed-phase cyclic C-O stretching 8.30%; C-C out-of-plane bending 6.78%
   27     1044.57          --                 --  mixed cyclic C-O stretching / C-H bending                      cyclic C-O stretching 42.17%; C-H bending 20.27%; ring-site C-H in-plane bending 6.96%; mixed-phase cyclic C-C stretching 6.15%
   28     1058.04          --                 --  mixed mixed-phase cyclic C-O stretching / mixed-phase cyclic C-N stretching / opposite-phase cyclic C-C stretching mixed-phase cyclic C-O stretching 31.47%; mixed-phase cyclic C-N stretching 21.98%; opposite-phase cyclic C-C stretching 16.50%; ring-site C-H in-plane bending 10.44%
   29     1088.67          --                 --  mixed ring-site N-H out-of-plane bending / ring-site C-H in-plane bending ring-site N-H out-of-plane bending 35.93%; ring-site C-H in-plane bending 34.11%; cyclic C-O stretching 6.83%; cyclic C-N stretching 4.88%
   30     1151.84          --                 --  mixed ring-site C-H in-plane bending / ring-site C-H out-of-plane bending / ring-site N-H out-of-plane bending ring-site C-H in-plane bending 38.53%; ring-site C-H out-of-plane bending 29.26%; ring-site N-H out-of-plane bending 17.31%; C-H bending 5.71%
   31     1191.40          --                 --  mixed ring-site C-H in-plane bending / mixed-phase cyclic C-C stretching / C-H bending ring-site C-H in-plane bending 42.42%; mixed-phase cyclic C-C stretching 24.34%; C-H bending 17.42%; ring-site C-H out-of-plane bending 7.81%
   32     1196.72          --                 --  mixed C-H bending / ring-site C-H in-plane bending             C-H bending 35.73%; ring-site C-H in-plane bending 19.30%; C-C-O bending 12.83%; exocyclic C-C stretching 10.55%
   33     1210.18          --                 --  mixed ring-site C-H in-plane bending / ring-site C-H out-of-plane bending ring-site C-H in-plane bending 43.97%; ring-site C-H out-of-plane bending 33.37%; ring-site N-H out-of-plane bending 5.00%; mixed-phase cyclic C-C stretching 4.99%
   34     1247.79          --                 --  mixed ring-site C-H in-plane bending / mixed-phase cyclic C-C stretching ring-site C-H in-plane bending 52.27%; mixed-phase cyclic C-C stretching 13.17%; ring-site N-H out-of-plane bending 12.85%; cyclic-ring deformation (C-O-C bend) 6.54%
   35     1288.45          --                 --  mixed ring-site C-H in-plane bending / ring-site C-H out-of-plane bending ring-site C-H in-plane bending 62.51%; ring-site C-H out-of-plane bending 23.59%; C-H bending 3.53%; cyclic C-N stretching 3.15%
   36     1326.10          --                 --  mixed ring-site C-H in-plane bending / C-H bending             ring-site C-H in-plane bending 53.51%; C-H bending 27.93%; in-phase cyclic C-C stretching 4.35%; ring-site C-H out-of-plane bending 4.16%
   37     1345.06          --                 --  mixed ring-site C-H in-plane bending / ring-site C-H out-of-plane bending ring-site C-H in-plane bending 42.15%; ring-site C-H out-of-plane bending 15.97%; ring-site N-H out-of-plane bending 13.79%; C-H bending 9.32%
   38     1359.18          --                 --  mixed C-H bending / ring-site C-H in-plane bending             C-H bending 44.72%; ring-site C-H in-plane bending 42.50%; exocyclic C-C stretching 3.07%; in-phase cyclic C-O stretching 2.72%
   39     1383.03          --                 --  C-H bending                                                    C-H bending 86.53%; C-C stretching 5.64%; ring-site N-H out-of-plane bending 2.76%; ring-site C-H in-plane bending 2.45%
   40     1389.90          --                 --  mixed ring-site N-H out-of-plane bending / C-H bending         ring-site N-H out-of-plane bending 53.86%; C-H bending 14.36%; ring-site C-H out-of-plane bending 12.46%; cyclic C-C stretching 7.71%
   41     1472.79          --                 --  C-H bending                                                    C-H bending 99.00%
   42     1480.92          --                 --  C-H bending                                                    C-H bending 98.54%
   43     1499.19          --                 --  C-H bending                                                    C-H bending 78.19%; ring-site C-H out-of-plane bending 11.57%; ring-site C-H in-plane bending 8.84%
   44     1803.88          --                 --  C-O stretching                                                 C-O stretching 82.38%; C-C-C bending 5.40%; C-H bending 3.56%; C-C stretching 3.04%
   45     2994.29          --                 --  ring-site C-H stretching                                       ring-site C-H stretching 98.47%
   46     3030.35          --                 --  ring-site C-H stretching                                       ring-site C-H stretching 99.29%
   47     3034.08          --                 --  C-H stretching                                                 C-H stretching 99.05%
   48     3094.56          --                 --  opposite-phase C-H stretching                                  opposite-phase C-H stretching 98.19%
   49     3095.36          --                 --  mixed-phase ring-site C-H stretching                           mixed-phase ring-site C-H stretching 97.79%
   50     3103.10          --                 --  mixed-phase ring-site C-H stretching                           mixed-phase ring-site C-H stretching 99.53%
   51     3108.92          --                 --  ring-site C-H stretching                                       ring-site C-H stretching 98.60%
   52     3138.14          --                 --  mixed-phase C-H stretching                                     mixed-phase C-H stretching 99.42%
   53     3549.43          --                 --  ring-site N-H stretching                                       ring-site N-H stretching 99.55%

# Selected internal-coordinate set:
#   1  nu(C1-C2)
#   2  nu(C4-C9)
#   3  nu(C6-C7)
#   4  nu(N8-H17)
#   5  nu(C4-O5)
#   6  nu(C6-C9)
#   7  nu(C1-H12)
#   8  nu(C7-H15)
#   9  nu(O5-C6)
#  10  nu(C1-H10)
#  11  nu(C4-H13)
#  12  nu(N8-C9)
#  13  nu(C2-O3)
#  14  nu(C7-N8)
#  15  nu(C1-H11)
#  16  gamma(C1;C2,O3,C4)
#  17  nu(C7-H16)
#  18  nu(C6-H14)
#  19  nu(C9-H18)
#  20  delta(O5-C4-H13)
#  21  delta(C1-C2-O3)
#  22  gamma(H17;N8,C7,C9)
#  23  delta(H10-C1-H12)
#  24  delta(C6-C9-H18)
#  25  delta(C9-C4-H13)
#  26  delta(H10-C1-H11)
#  27  delta(H15-C7-H16)
#  28  delta(O5-C6-H14)
#  29  delta(H11-C1-H12)
#  30  delta(C6-C7-H15)
#  31  tau(C4-O5-C6-H14)
#  32  tau(O5-C6-C9-H18)
#  33  delta(C6-C7-H16)
#  34  delta(C2-C1-H12)
#  35  tau(O5-C6-C9-N8)
#  36  tau(O5-C6-C7-H15)
#  37  nu(C2-C4)
#  38  tau(C6-C7-N8-H17)
#  39  delta(C2-C1-H10)
#  40  delta(C2-C4-H13)
#  41  tau(H17-N8-C9-C4)
#  42  delta(C7-N8-C9)
#  43  delta(C1-C2-C4)
#  44  tau(H10-C1-C2-C4)
#  45  delta(C4-O5-C6)
#  46  tau(C1-C2-C4-O5)
#  47  tau(C2-C4-O5-C6)
#  48  tau(C2-C4-C9-C6)

Wrote: /local/scratch/mv487/qm9s/experiment_1_phase2/ped/50628/50628_summary.csv
Wrote: /local/scratch/mv487/qm9s/experiment_1_phase2/ped/50628/50628_families.csv
Wrote: /local/scratch/mv487/qm9s/experiment_1_phase2/ped/50628/50628_ped.csv
Wrote: /local/scratch/mv487/qm9s/experiment_1_phase2/ped/50628/50628_ir_transitions.csv

# All generated files are in: /local/scratch/mv487/qm9s/experiment_1_phase2/ped/50628
# Manifest: /local/scratch/mv487/qm9s/experiment_1_phase2/ped/50628/50628_manifest.txt

--- stderr ---
Normal modes/frequencies absent or incomplete: diagonalizing Hessian.
