# Contact: romi@lens.unifi.it
# Manual: https://github.com/SebRoLENS/orca-ped-analyzer/blob/main/docs/ORCA_PED_Analyzer_Manual.md
# Check GitHub for updates and new releases: https://github.com/SebRoLENS/orca-ped-analyzer
#
# Molecule: 17 atoms | non-linear
# Bonds inferred: 19 | candidate ICs: 200 | selected ICs: 45
# Cartesian-Hessian reconstruction relative error: 4.321e-05
# Energy distribution: PED (PED is the backward-compatible default; TED includes kinetic-energy terms)
# Ring/cycle bonds detected: 9 | ring atoms: 7 | ring systems: 1
# VPT2: no matching .out file supplied/found -> harmonic/PED analysis only
#
 Mode   Harm/cm-1   VPT2/cm-1  Harm.Int/km mol-1  Assignment                                                     Grouped PED
------------------------------------------------------------------------------------------------------------------------------------------------------------------------------------------------
    6       98.44          --                 --  C-C torsion                                                    C-C torsion 98.93%
    7      174.80          --                 --  mixed C-C torsion / cyclic-ring torsional/out-of-plane deformation C-C torsion 55.60%; cyclic-ring torsional/out-of-plane deformation 37.91%
    8      200.67          --                 --  mixed C-C torsion / cyclic-ring torsional/out-of-plane deformation C-C torsion 60.78%; cyclic-ring torsional/out-of-plane deformation 25.60%; C-C-C bending 6.45%; C-O out-of-plane bending 2.71%
    9      351.36          --                 --  mixed C-C torsion / cyclic-ring torsional/out-of-plane deformation C-C torsion 42.00%; cyclic-ring torsional/out-of-plane deformation 32.04%; ring-site C-H out-of-plane bending 10.25%; cyclic-ring deformation (C-C-C bend) 5.64%
   10      370.28          --                 --  mixed cyclic-ring torsional/out-of-plane deformation / C-C torsion cyclic-ring torsional/out-of-plane deformation 57.34%; C-C torsion 15.34%; ring-site C-H out-of-plane bending 7.88%; ring-site C-H in-plane bending 6.25%
   11      500.45          --                 --  mixed C-C torsion / cyclic-ring torsional/out-of-plane deformation C-C torsion 32.79%; cyclic-ring torsional/out-of-plane deformation 27.22%; mixed-phase cyclic C-C stretching 14.02%; ring-site C-H out-of-plane bending 12.37%
   12      528.59          --                 --  mixed cyclic C-C stretching / cyclic-ring torsional/out-of-plane deformation cyclic C-C stretching 30.39%; cyclic-ring torsional/out-of-plane deformation 28.13%; cyclic-ring deformation (C-C-C bend) 12.42%; ring-site C-H out-of-plane bending 11.54%
   13      643.83          --                 --  mixed cyclic C-C stretching / cyclic-ring torsional/out-of-plane deformation / cyclic-ring deformation (C-C-C bend) cyclic C-C stretching 41.49%; cyclic-ring torsional/out-of-plane deformation 24.25%; cyclic-ring deformation (C-C-C bend) 20.02%; ring-site C-H out-of-plane bending 4.98%
   14      687.74          --                 --  mixed mixed-phase cyclic C-C stretching / O-C-C bending / cyclic-ring deformation (C-C-C bend) mixed-phase cyclic C-C stretching 27.74%; O-C-C bending 25.33%; cyclic-ring deformation (C-C-C bend) 16.47%; cyclic-ring torsional/out-of-plane deformation 15.20%
   15      729.66          --                 --  mixed cyclic-ring deformation (C-C-C bend) / ring-site C-H out-of-plane bending / opposite-phase cyclic C-C stretching cyclic-ring deformation (C-C-C bend) 39.21%; ring-site C-H out-of-plane bending 26.52%; opposite-phase cyclic C-C stretching 19.94%; cyclic-ring torsional/out-of-plane deformation 7.45%
   16      753.42          --                 --  mixed ring-site C-H out-of-plane bending / cyclic-ring deformation (C-C-C bend) / mixed-phase cyclic C-C stretching ring-site C-H out-of-plane bending 38.73%; cyclic-ring deformation (C-C-C bend) 22.42%; mixed-phase cyclic C-C stretching 20.49%; cyclic-ring torsional/out-of-plane deformation 9.21%
   17      799.13          --                 --  mixed mixed-phase cyclic C-C stretching / cyclic-ring deformation (C-C-C bend) mixed-phase cyclic C-C stretching 37.71%; cyclic-ring deformation (C-C-C bend) 23.43%; cyclic-ring torsional/out-of-plane deformation 10.68%; ring-site C-H out-of-plane bending 10.05%
   18      838.40          --                 --  mixed cyclic-ring deformation (C-C-C bend) / cyclic C-C stretching cyclic-ring deformation (C-C-C bend) 36.98%; cyclic C-C stretching 19.87%; C-C torsion 14.29%; cyclic-ring torsional/out-of-plane deformation 12.13%
   19      861.93          --                 --  mixed mixed-phase cyclic C-C stretching / cyclic-ring torsional/out-of-plane deformation mixed-phase cyclic C-C stretching 55.30%; cyclic-ring torsional/out-of-plane deformation 16.18%; ring-site C-H in-plane bending 9.53%; cyclic-ring deformation (C-C-C bend) 9.48%
   20      867.87          --                 --  mixed mixed-phase cyclic C-C stretching / cyclic-ring torsional/out-of-plane deformation / ring-site C-H in-plane bending mixed-phase cyclic C-C stretching 36.66%; cyclic-ring torsional/out-of-plane deformation 21.59%; ring-site C-H in-plane bending 16.14%; cyclic-ring deformation (C-C-C bend) 14.89%
   21      917.65          --                 --  mixed ring-site C-H out-of-plane bending / mixed-phase cyclic C-C stretching ring-site C-H out-of-plane bending 31.26%; mixed-phase cyclic C-C stretching 30.41%; cyclic-ring deformation (C-C-C bend) 14.72%; ring-site C-H in-plane bending 13.33%
   22      942.00          --                 --  mixed mixed-phase cyclic C-C stretching / ring-site C-H in-plane bending mixed-phase cyclic C-C stretching 42.42%; ring-site C-H in-plane bending 22.85%; cyclic-ring deformation (C-C-C bend) 14.11%; ring-site C-H out-of-plane bending 6.10%
   23      951.76          --                 --  ring-site C-H out-of-plane bending                             ring-site C-H out-of-plane bending 80.67%; cyclic-ring torsional/out-of-plane deformation 8.27%; ring-site C-H in-plane bending 3.27%; cyclic C-C stretching 2.53%
   24      977.67          --                 --  mixed mixed-phase cyclic C-C stretching / cyclic-ring deformation (C-C-C bend) / ring-site C-H in-plane bending mixed-phase cyclic C-C stretching 32.38%; cyclic-ring deformation (C-C-C bend) 20.92%; ring-site C-H in-plane bending 18.53%; C-O out-of-plane bending 7.94%
   25     1000.42          --                 --  mixed C-O out-of-plane bending / ring-site C-H out-of-plane bending / C-C torsion C-O out-of-plane bending 46.87%; ring-site C-H out-of-plane bending 19.72%; C-C torsion 15.99%; cyclic-ring deformation (C-C-C bend) 6.13%
   26     1014.30          --                 --  mixed C-O out-of-plane bending / C-C torsion                   C-O out-of-plane bending 44.10%; C-C torsion 22.59%; ring-site C-H in-plane bending 11.31%; ring-site C-H out-of-plane bending 10.40%
   27     1049.14          --                 --  mixed ring-site C-H in-plane bending / C-O out-of-plane bending ring-site C-H in-plane bending 29.49%; C-O out-of-plane bending 23.25%; ring-site C-H out-of-plane bending 14.81%; mixed-phase cyclic C-C stretching 12.10%
   28     1062.15          --                 --  mixed ring-site C-H out-of-plane bending / C-O out-of-plane bending / ring-site C-H in-plane bending ring-site C-H out-of-plane bending 33.78%; C-O out-of-plane bending 31.32%; ring-site C-H in-plane bending 19.03%; cyclic-ring torsional/out-of-plane deformation 4.51%
   29     1115.73          --                 --  mixed ring-site C-H in-plane bending / C-O out-of-plane bending ring-site C-H in-plane bending 62.00%; C-O out-of-plane bending 16.38%; opposite-phase cyclic C-C stretching 9.14%; cyclic-ring deformation (C-C-C bend) 3.97%
   30     1142.67          --                 --  mixed ring-site C-H in-plane bending / ring-site C-H out-of-plane bending ring-site C-H in-plane bending 48.21%; ring-site C-H out-of-plane bending 23.13%; cyclic C-C stretching 10.74%; C-O out-of-plane bending 6.60%
   31     1173.38          --                 --  mixed ring-site C-H in-plane bending / ring-site C-H out-of-plane bending / mixed-phase cyclic C-C stretching ring-site C-H in-plane bending 35.57%; ring-site C-H out-of-plane bending 31.29%; mixed-phase cyclic C-C stretching 18.15%; cyclic-ring deformation (C-C-C bend) 3.09%
   32     1189.61          --                 --  mixed ring-site C-H in-plane bending / mixed-phase cyclic C-C stretching ring-site C-H in-plane bending 51.56%; mixed-phase cyclic C-C stretching 18.91%; cyclic-ring torsional/out-of-plane deformation 9.46%; ring-site C-H out-of-plane bending 7.35%
   33     1216.35          --                 --  mixed cyclic C-C stretching / ring-site C-H in-plane bending / exocyclic C-C stretching cyclic C-C stretching 22.83%; ring-site C-H in-plane bending 22.00%; exocyclic C-C stretching 17.56%; cyclic-ring deformation (C-C-C bend) 14.43%
   34     1264.19          --                 --  mixed ring-site C-H in-plane bending / mixed-phase cyclic C-C stretching / ring-site C-H out-of-plane bending ring-site C-H in-plane bending 38.71%; mixed-phase cyclic C-C stretching 26.58%; ring-site C-H out-of-plane bending 22.30%; cyclic-ring torsional/out-of-plane deformation 3.44%
   35     1279.25          --                 --  mixed ring-site C-H out-of-plane bending / ring-site C-H in-plane bending / mixed-phase cyclic C-C stretching ring-site C-H out-of-plane bending 35.46%; ring-site C-H in-plane bending 30.09%; mixed-phase cyclic C-C stretching 21.77%; cyclic-ring deformation (C-C-C bend) 7.35%
   36     1290.99          --                 --  mixed ring-site C-H in-plane bending / ring-site C-H out-of-plane bending / mixed-phase cyclic C-C stretching ring-site C-H in-plane bending 33.71%; ring-site C-H out-of-plane bending 24.67%; mixed-phase cyclic C-C stretching 19.73%; cyclic-ring torsional/out-of-plane deformation 10.73%
   37     1365.48          --                 --  mixed ring-site C-H in-plane bending / mixed-phase cyclic C-C stretching ring-site C-H in-plane bending 62.85%; mixed-phase cyclic C-C stretching 25.60%; cyclic-ring deformation (C-C-C bend) 7.16%; ring-site C-H out-of-plane bending 2.52%
   38     1388.87          --                 --  mixed mixed-phase cyclic C-C stretching / ring-site C-H in-plane bending mixed-phase cyclic C-C stretching 37.88%; ring-site C-H in-plane bending 24.51%; cyclic-ring deformation (C-C-C bend) 12.05%; ring-site C-H out-of-plane bending 10.35%
   39     1429.00          --                 --  C-H bending                                                    C-H bending 74.02%; exocyclic C-C stretching 8.38%; cyclic C-C stretching 5.01%; C-O stretching 3.82%
   40     1495.69          --                 --  C-H bending                                                    C-H bending 78.17%; ring-site C-H in-plane bending 19.19%; cyclic C-C stretching 2.13%
   41     1631.40          --                 --  cyclic C-C stretching                                          cyclic C-C stretching 79.70%; ring-site C-H in-plane bending 12.64%; cyclic-ring deformation (C-C-C bend) 4.40%; ring-site C-H out-of-plane bending 2.10%
   42     1754.49          --                 --  C-O stretching                                                 C-O stretching 84.19%; C-H bending 6.66%; exocyclic C-C stretching 5.73%
   43     2877.86          --                 --  C-H stretching                                                 C-H stretching 98.93%
   44     3043.95          --                 --  ring-site C-H stretching                                       ring-site C-H stretching 99.43%
   45     3100.42          --                 --  mixed-phase ring-site C-H stretching                           mixed-phase ring-site C-H stretching 99.39%
   46     3135.31          --                 --  ring-site C-H stretching                                       ring-site C-H stretching 98.94%
   47     3188.20          --                 --  mixed-phase ring-site C-H stretching                           mixed-phase ring-site C-H stretching 98.30%
   48     3197.21          --                 --  mixed-phase ring-site C-H stretching                           mixed-phase ring-site C-H stretching 99.04%
   49     3204.12          --                 --  mixed-phase ring-site C-H stretching                           mixed-phase ring-site C-H stretching 99.05%
   50     3221.84          --                 --  ring-site C-H stretching                                       ring-site C-H stretching 98.59%

# Selected internal-coordinate set:
#   1  nu(O1-C2)
#   2  nu(C3-C4)
#   3  nu(C5-C6)
#   4  nu(C7-C8)
#   5  nu(C9-H17)
#   6  nu(C4-C5)
#   7  nu(C6-C7)
#   8  nu(C4-H11)
#   9  nu(C2-H10)
#  10  delta(C8-C3-C9)
#  11  gamma(O1;C2,C3,H10)
#  12  tau(H14-C6-C7-H15)
#  13  nu(C8-H16)
#  14  nu(C5-H13)
#  15  tau(H16-C8-C9-H17)
#  16  nu(C4-H12)
#  17  nu(C6-H14)
#  18  delta(C8-C9-H17)
#  19  delta(O1-C2-H10)
#  20  nu(C7-H15)
#  21  gamma(H13;C5,C4,C6)
#  22  tau(C4-C3-C8-H16)
#  23  tau(H14-C6-C7-C8)
#  24  delta(H11-C4-H12)
#  25  delta(C3-C4-H11)
#  26  delta(C8-C7-H15)
#  27  nu(C3-C9)
#  28  delta(C5-C4-H11)
#  29  delta(C7-C6-H14)
#  30  tau(H13-C5-C9-C3)
#  31  nu(C2-C3)
#  32  delta(C3-C8-H16)
#  33  delta(O1-C2-C3)
#  34  nu(C3-C8)
#  35  delta(C5-C4-H12)
#  36  delta(C5-C9-C8)
#  37  tau(H10-C2-C3-C8)
#  38  tau(O1-C2-C3-C4)
#  39  nu(C5-C9)
#  40  delta(C5-C6-C7)
#  41  tau(C9-C5-C6-C7)
#  42  tau(C3-C8-C9-C5)
#  43  delta(C2-C3-C4)
#  44  tau(C7-C8-C9-C3)
#  45  tau(C2-C3-C4-C5)

Wrote: /local/scratch/mv487/qm9s/experiment_1_phase2/ped/45066/45066_summary.csv
Wrote: /local/scratch/mv487/qm9s/experiment_1_phase2/ped/45066/45066_families.csv
Wrote: /local/scratch/mv487/qm9s/experiment_1_phase2/ped/45066/45066_ped.csv
Wrote: /local/scratch/mv487/qm9s/experiment_1_phase2/ped/45066/45066_ir_transitions.csv

# All generated files are in: /local/scratch/mv487/qm9s/experiment_1_phase2/ped/45066
# Manifest: /local/scratch/mv487/qm9s/experiment_1_phase2/ped/45066/45066_manifest.txt

--- stderr ---
Normal modes/frequencies absent or incomplete: diagonalizing Hessian.
