# Contact: romi@lens.unifi.it
# Manual: https://github.com/SebRoLENS/orca-ped-analyzer/blob/main/docs/ORCA_PED_Analyzer_Manual.md
# Check GitHub for updates and new releases: https://github.com/SebRoLENS/orca-ped-analyzer
#
# Molecule: 15 atoms | non-linear
# Bonds inferred: 17 | candidate ICs: 177 | selected ICs: 39
# Cartesian-Hessian reconstruction relative error: 3.001e-05
# Energy distribution: PED (PED is the backward-compatible default; TED includes kinetic-energy terms)
# Ring/cycle bonds detected: 10 | ring atoms: 8 | ring systems: 1
# VPT2: no matching .out file supplied/found -> harmonic/PED analysis only
#
 Mode   Harm/cm-1   VPT2/cm-1  Harm.Int/km mol-1  Assignment                                                     Grouped PED
------------------------------------------------------------------------------------------------------------------------------------------------------------------------------------------------
    6      141.51          --                 --  mixed cyclic-ring torsional/out-of-plane deformation / ring-site C-H out-of-plane bending cyclic-ring torsional/out-of-plane deformation 68.74%; ring-site C-H out-of-plane bending 25.52%; cyclic-ring torsional/out-of-plane deformation 3.97%
    7      152.78          --                 --  mixed cyclic-ring torsional/out-of-plane deformation / cyclic-ring torsional/out-of-plane deformation / ring-site C-H out-of-plane bending cyclic-ring torsional/out-of-plane deformation 44.66%; cyclic-ring torsional/out-of-plane deformation 26.07%; ring-site C-H out-of-plane bending 21.70%; cyclic-ring out-of-plane deformation 5.65%
    8      277.51          --                 --  mixed cyclic-ring torsional/out-of-plane deformation / cyclic C-C stretching cyclic-ring torsional/out-of-plane deformation 59.06%; cyclic C-C stretching 9.26%; ring-site C-H out-of-plane bending 9.02%; cyclic-ring torsional/out-of-plane deformation 8.83%
    9      309.44          --                 --  mixed cyclic-ring torsional/out-of-plane deformation / ring-site C-H out-of-plane bending cyclic-ring torsional/out-of-plane deformation 64.70%; ring-site C-H out-of-plane bending 29.88%; cyclic-ring torsional/out-of-plane deformation 2.03%
   10      395.58          --                 --  mixed cyclic-ring torsional/out-of-plane deformation / ring-site C-H out-of-plane bending cyclic-ring torsional/out-of-plane deformation 43.62%; ring-site C-H out-of-plane bending 40.29%; ring-site C-H in-plane bending 10.13%; cyclic-ring torsional/out-of-plane deformation 2.19%
   11      465.83          --                 --  mixed cyclic-ring torsional/out-of-plane deformation / ring-site C-H out-of-plane bending cyclic-ring torsional/out-of-plane deformation 46.14%; ring-site C-H out-of-plane bending 15.41%; cyclic-ring torsional/out-of-plane deformation 12.43%; in-phase cyclic C-C stretching 10.87%
   12      580.13          --                 --  mixed cyclic-ring deformation (O-C-C bend) / O-C-C bending     cyclic-ring deformation (O-C-C bend) 36.72%; O-C-C bending 16.55%; cyclic-ring torsional/out-of-plane deformation 10.87%; cyclic-ring out-of-plane deformation 7.73%
   13      663.31          --                 --  mixed cyclic-ring torsional/out-of-plane deformation / mixed-phase cyclic C-C stretching cyclic-ring torsional/out-of-plane deformation 26.32%; mixed-phase cyclic C-C stretching 13.34%; ring-site C-H out-of-plane bending 12.71%; cyclic C-O stretching 11.55%
   14      722.51          --                 --  mixed ring-site C-H out-of-plane bending / cyclic-ring out-of-plane deformation / cyclic-ring torsional/out-of-plane deformation ring-site C-H out-of-plane bending 22.60%; cyclic-ring out-of-plane deformation 19.35%; cyclic-ring torsional/out-of-plane deformation 18.60%; cyclic-ring torsional/out-of-plane deformation 15.34%
   15      747.03          --                 --  mixed ring-site C-H in-plane bending / cyclic-ring torsional/out-of-plane deformation ring-site C-H in-plane bending 20.65%; cyclic-ring torsional/out-of-plane deformation 20.31%; opposite-phase cyclic C-O stretching 12.67%; mixed-phase cyclic C-C stretching 11.78%
   16      789.61          --                 --  mixed cyclic C-C stretching / cyclic-ring deformation (O-C-C bend) / ring-site C-H out-of-plane bending cyclic C-C stretching 38.68%; cyclic-ring deformation (O-C-C bend) 21.77%; ring-site C-H out-of-plane bending 15.61%; mixed-phase cyclic C-O stretching 10.43%
   17      822.63          --                 --  mixed mixed-phase cyclic C-O stretching / mixed-phase cyclic C-C stretching / cyclic-ring deformation (O-C-C bend) mixed-phase cyclic C-O stretching 36.76%; mixed-phase cyclic C-C stretching 15.40%; cyclic-ring deformation (O-C-C bend) 15.21%; ring-site C-H in-plane bending 10.97%
   18      885.26          --                 --  mixed mixed-phase cyclic C-C stretching / ring-site C-H in-plane bending / ring-site C-H out-of-plane bending mixed-phase cyclic C-C stretching 33.38%; ring-site C-H in-plane bending 29.56%; ring-site C-H out-of-plane bending 20.33%; cyclic-ring torsional/out-of-plane deformation 5.99%
   19      916.20          --                 --  mixed ring-site C-H out-of-plane bending / ring-site C-H in-plane bending / cyclic-ring torsional/out-of-plane deformation ring-site C-H out-of-plane bending 30.93%; ring-site C-H in-plane bending 20.62%; cyclic-ring torsional/out-of-plane deformation 15.74%; mixed-phase cyclic C-O stretching 15.39%
   20      939.76          --                 --  mixed cyclic C-O stretching / cyclic-ring torsional/out-of-plane deformation cyclic C-O stretching 66.60%; cyclic-ring torsional/out-of-plane deformation 18.02%; ring-site C-H in-plane bending 4.96%; opposite-phase cyclic C-C stretching 4.68%
   21      951.48          --                 --  mixed cyclic C-C stretching / cyclic-ring torsional/out-of-plane deformation cyclic C-C stretching 36.65%; cyclic-ring torsional/out-of-plane deformation 18.94%; mixed-phase cyclic C-O stretching 14.74%; ring-site C-H out-of-plane bending 14.09%
   22      984.78          --                 --  mixed mixed-phase cyclic C-C stretching / cyclic-ring torsional/out-of-plane deformation mixed-phase cyclic C-C stretching 44.20%; cyclic-ring torsional/out-of-plane deformation 25.62%; ring-site C-H in-plane bending 10.05%; ring-site C-H out-of-plane bending 6.33%
   23     1028.66          --                 --  mixed mixed-phase cyclic C-C stretching / ring-site C-H out-of-plane bending mixed-phase cyclic C-C stretching 65.64%; ring-site C-H out-of-plane bending 14.89%; cyclic-ring torsional/out-of-plane deformation 11.01%; opposite-phase cyclic C-O stretching 5.60%
   24     1042.73          --                 --  mixed mixed-phase cyclic C-C stretching / cyclic C-O stretching / ring-site C-H in-plane bending mixed-phase cyclic C-C stretching 28.61%; cyclic C-O stretching 21.49%; ring-site C-H in-plane bending 20.11%; cyclic-ring torsional/out-of-plane deformation 18.41%
   25     1066.21          --                 --  mixed ring-site C-H in-plane bending / ring-site C-H out-of-plane bending / mixed-phase cyclic C-C stretching ring-site C-H in-plane bending 31.00%; ring-site C-H out-of-plane bending 25.81%; mixed-phase cyclic C-C stretching 22.11%; cyclic-ring torsional/out-of-plane deformation 12.93%
   26     1113.95          --                 --  mixed ring-site C-H out-of-plane bending / ring-site C-H in-plane bending ring-site C-H out-of-plane bending 38.60%; ring-site C-H in-plane bending 24.44%; mixed-phase cyclic C-C stretching 13.93%; cyclic-ring torsional/out-of-plane deformation 12.14%
   27     1147.72          --                 --  mixed ring-site C-H out-of-plane bending / ring-site C-H in-plane bending ring-site C-H out-of-plane bending 55.52%; ring-site C-H in-plane bending 28.60%; opposite-phase cyclic C-O stretching 5.97%; cyclic C-C stretching 4.13%
   28     1158.58          --                 --  mixed ring-site C-H in-plane bending / ring-site C-H out-of-plane bending ring-site C-H in-plane bending 51.07%; ring-site C-H out-of-plane bending 42.72%
   29     1195.82          --                 --  mixed ring-site C-H in-plane bending / ring-site C-H out-of-plane bending ring-site C-H in-plane bending 41.77%; ring-site C-H out-of-plane bending 33.08%; cyclic C-C stretching 12.02%; cyclic-ring torsional/out-of-plane deformation 9.92%
   30     1220.48          --                 --  mixed ring-site C-H out-of-plane bending / mixed-phase cyclic C-C stretching / ring-site C-H in-plane bending ring-site C-H out-of-plane bending 46.18%; mixed-phase cyclic C-C stretching 22.65%; ring-site C-H in-plane bending 15.44%; cyclic-ring torsional/out-of-plane deformation 9.49%
   31     1257.14          --                 --  mixed ring-site C-H in-plane bending / ring-site C-H out-of-plane bending / mixed-phase cyclic C-C stretching ring-site C-H in-plane bending 46.68%; ring-site C-H out-of-plane bending 28.21%; mixed-phase cyclic C-C stretching 16.23%; cyclic C-O stretching 4.95%
   32     1287.36          --                 --  mixed ring-site C-H out-of-plane bending / ring-site C-H in-plane bending / mixed-phase cyclic C-C stretching ring-site C-H out-of-plane bending 28.08%; ring-site C-H in-plane bending 26.59%; mixed-phase cyclic C-C stretching 19.73%; cyclic C-O stretching 12.19%
   33     1305.68          --                 --  mixed ring-site C-H in-plane bending / ring-site C-H out-of-plane bending ring-site C-H in-plane bending 45.73%; ring-site C-H out-of-plane bending 33.38%; mixed-phase cyclic C-C stretching 9.18%; mixed-phase cyclic C-O stretching 5.30%
   34     1336.26          --                 --  mixed ring-site C-H out-of-plane bending / ring-site C-H in-plane bending ring-site C-H out-of-plane bending 51.42%; ring-site C-H in-plane bending 27.87%; mixed-phase cyclic C-C stretching 16.61%; cyclic C-O stretching 2.32%
   35     1355.91          --                 --  mixed ring-site C-H out-of-plane bending / ring-site C-H in-plane bending ring-site C-H out-of-plane bending 46.75%; ring-site C-H in-plane bending 40.01%; cyclic C-O stretching 5.86%; in-phase cyclic C-C stretching 4.13%
   36     1468.42          --                 --  C-H bending                                                    C-H bending 75.54%; ring-site C-H in-plane bending 12.02%; ring-site C-H out-of-plane bending 10.81%
   37     1519.44          --                 --  mixed ring-site C-H out-of-plane bending / ring-site C-H in-plane bending ring-site C-H out-of-plane bending 68.18%; ring-site C-H in-plane bending 29.39%
   38     1915.17          --                 --  exocyclic C-O stretching                                       exocyclic C-O stretching 72.92%; cyclic-ring deformation (O-C-C bend) 15.51%; cyclic C-C stretching 8.04%; cyclic C-O stretching 3.07%
   39     3050.24          --                 --  ring-site C-H stretching                                       ring-site C-H stretching 99.42%
   40     3066.90          --                 --  ring-site C-H stretching                                       ring-site C-H stretching 99.33%
   41     3112.07          --                 --  mixed-phase ring-site C-H stretching                           mixed-phase ring-site C-H stretching 98.38%
   42     3120.72          --                 --  mixed-phase ring-site C-H stretching                           mixed-phase ring-site C-H stretching 99.07%
   43     3134.64          --                 --  ring-site C-H stretching                                       ring-site C-H stretching 99.14%
   44     3143.47          --                 --  ring-site C-H stretching                                       ring-site C-H stretching 98.88%

# Selected internal-coordinate set:
#   1  nu(C2-O3)
#   2  nu(C4-C5)
#   3  nu(C6-C9)
#   4  nu(C7-O8)
#   5  nu(C5-C6)
#   6  nu(C4-C9)
#   7  nu(C7-H15)
#   8  nu(O3-C4)
#   9  nu(C2-C9)
#  10  nu(C7-H14)
#  11  nu(C5-H11)
#  12  gamma(C9;C2,O1,O3)
#  13  nu(C6-H13)
#  14  nu(C5-H12)
#  15  nu(O8-C9)
#  16  nu(C4-H10)
#  17  gamma(H14;C7,O8,H15)
#  18  gamma(H13;C6,C5,C9)
#  19  nu(O1-C2)
#  20  delta(O8-C7-H15)
#  21  delta(C9-C4-H10)
#  22  delta(H11-C5-H12)
#  23  delta(O3-C4-H10)
#  24  tau(H13-C6-C7-H14)
#  25  delta(O1-C2-C9)
#  26  delta(C4-C5-H11)
#  27  delta(C4-C5-H12)
#  28  tau(C5-C6-C9-O8)
#  29  tau(O3-C4-C9-O8)
#  30  delta(C6-C7-H14)
#  31  tau(O3-C4-C9-C6)
#  32  tau(O3-C4-C5-H11)
#  33  gamma(H13;C6,C7,C9)
#  34  delta(O3-C2-C9)
#  35  nu(C6-C7)
#  36  tau(C5-C4-C9-C2)
#  37  tau(C5-C6-C7-H15)
#  38  tau(C2-O3-C4-C5)
#  39  tau(C7-C6-C9-C4)

Wrote: /local/scratch/mv487/qm9s/experiment_1_phase2/ped/41634/41634_summary.csv
Wrote: /local/scratch/mv487/qm9s/experiment_1_phase2/ped/41634/41634_families.csv
Wrote: /local/scratch/mv487/qm9s/experiment_1_phase2/ped/41634/41634_ped.csv
Wrote: /local/scratch/mv487/qm9s/experiment_1_phase2/ped/41634/41634_ir_transitions.csv

# All generated files are in: /local/scratch/mv487/qm9s/experiment_1_phase2/ped/41634
# Manifest: /local/scratch/mv487/qm9s/experiment_1_phase2/ped/41634/41634_manifest.txt

--- stderr ---
Normal modes/frequencies absent or incomplete: diagonalizing Hessian.
