# Contact: romi@lens.unifi.it
# Manual: https://github.com/SebRoLENS/orca-ped-analyzer/blob/main/docs/ORCA_PED_Analyzer_Manual.md
# Check GitHub for updates and new releases: https://github.com/SebRoLENS/orca-ped-analyzer
#
# Molecule: 15 atoms | non-linear
# Bonds inferred: 15 | candidate ICs: 110 | selected ICs: 39
# Cartesian-Hessian reconstruction relative error: 1.906e-05
# Energy distribution: PED (PED is the backward-compatible default; TED includes kinetic-energy terms)
# Ring/cycle bonds detected: 5 | ring atoms: 5 | ring systems: 1
# VPT2: no matching .out file supplied/found -> harmonic/PED analysis only
#
 Mode   Harm/cm-1   VPT2/cm-1  Harm.Int/km mol-1  Assignment                                                     Grouped PED
------------------------------------------------------------------------------------------------------------------------------------------------------------------------------------------------
    6       54.65          --                 --  mixed ring-site C-H out-of-plane bending / cyclic-ring torsional/out-of-plane deformation ring-site C-H out-of-plane bending 44.97%; cyclic-ring torsional/out-of-plane deformation 44.59%; cyclic-ring torsional/out-of-plane deformation 5.92%
    7      120.85          --                 --  mixed ring-site C-H out-of-plane bending / cyclic-ring torsional/out-of-plane deformation ring-site C-H out-of-plane bending 54.85%; cyclic-ring torsional/out-of-plane deformation 32.71%; cyclic-ring torsional/out-of-plane deformation 6.35%; O-C-C bending 2.76%
    8      186.33          --                 --  mixed C-C-C bending / C-C-N linear bending / ring-site C-H out-of-plane bending C-C-C bending 27.64%; C-C-N linear bending 21.99%; ring-site C-H out-of-plane bending 19.89%; O-C-C bending 10.94%
    9      223.34          --                 --  mixed N-C-C bending / O-N-C bending                            N-C-C bending 39.92%; O-N-C bending 34.21%; ring-site C-H out-of-plane bending 6.39%; cyclic-ring torsional/out-of-plane deformation 4.79%
   10      265.61          --                 --  mixed ring-site C-H out-of-plane bending / cyclic-ring torsional/out-of-plane deformation ring-site C-H out-of-plane bending 46.32%; cyclic-ring torsional/out-of-plane deformation 29.57%; C-N torsion 7.80%; O-C-C bending 6.18%
   11      307.41          --                 --  mixed ring-site C-H out-of-plane bending / cyclic-ring torsional/out-of-plane deformation ring-site C-H out-of-plane bending 54.32%; cyclic-ring torsional/out-of-plane deformation 17.50%; C-N torsion 9.11%; cyclic-ring deformation (O-C-C bend) 5.86%
   12      382.35          --                 --  mixed ring-site C-H out-of-plane bending / N-O torsion         ring-site C-H out-of-plane bending 43.00%; N-O torsion 28.04%; C-N torsion 13.96%; cyclic-ring torsional/out-of-plane deformation 6.54%
   13      439.03          --                 --  mixed cyclic-ring deformation (O-C-C bend) / ring-site C-H out-of-plane bending cyclic-ring deformation (O-C-C bend) 26.57%; ring-site C-H out-of-plane bending 18.22%; C-C-N linear bending 11.39%; N-C-C bending 7.95%
   14      497.79          --                 --  mixed ring-site C-H out-of-plane bending / C-N torsion / N-O torsion ring-site C-H out-of-plane bending 43.33%; C-N torsion 25.65%; N-O torsion 17.54%; cyclic-ring torsional/out-of-plane deformation 4.68%
   15      530.23          --                 --  mixed cyclic-ring deformation (C-C-O bend) / cyclic-ring deformation (O-C-C bend) cyclic-ring deformation (C-C-O bend) 18.42%; cyclic-ring deformation (O-C-C bend) 16.05%; O-C-C bending 12.98%; ring-site C-H out-of-plane bending 10.15%
   16      581.21          --                 --  mixed O-C-C bending / C-C-C bending / C-C-N linear bending     O-C-C bending 31.46%; C-C-C bending 16.89%; C-C-N linear bending 15.85%; ring-site C-H out-of-plane bending 12.12%
   17      667.89          --                 --  mixed cyclic-ring deformation (C-C-O bend) / O-N-C bending / mixed-phase cyclic C-C stretching cyclic-ring deformation (C-C-O bend) 30.31%; O-N-C bending 19.93%; mixed-phase cyclic C-C stretching 18.61%; ring-site C-H out-of-plane bending 6.90%
   18      759.60          --                 --  mixed cyclic-ring deformation (O-C-C bend) / exocyclic C-C stretching / cyclic C-C stretching cyclic-ring deformation (O-C-C bend) 23.29%; exocyclic C-C stretching 20.05%; cyclic C-C stretching 17.14%; ring-site C-H out-of-plane bending 11.96%
   19      820.99          --                 --  mixed ring-site C-H out-of-plane bending / in-phase cyclic C-C stretching / cyclic-ring deformation (C-C-O bend) ring-site C-H out-of-plane bending 21.91%; in-phase cyclic C-C stretching 19.67%; cyclic-ring deformation (C-C-O bend) 15.77%; ring-site C-H in-plane bending 9.31%
   20      845.60          --                 --  mixed cyclic C-C stretching / cyclic-ring deformation (O-C-C bend) cyclic C-C stretching 33.16%; cyclic-ring deformation (O-C-C bend) 15.04%; ring-site C-H out-of-plane bending 13.48%; exocyclic C-C stretching 7.06%
   21      922.25          --                 --  mixed in-phase cyclic C-O stretching / N-O stretching          in-phase cyclic C-O stretching 59.50%; N-O stretching 7.48%; ring-site C-H out-of-plane bending 7.44%; O-C-C bending 6.50%
   22      950.84          --                 --  mixed N-O stretching / ring-site C-H out-of-plane bending      N-O stretching 59.05%; ring-site C-H out-of-plane bending 13.86%; in-phase cyclic C-C stretching 7.79%; O-N-C bending 3.13%
   23      965.99          --                 --  mixed ring-site C-H out-of-plane bending / N-O stretching      ring-site C-H out-of-plane bending 44.51%; N-O stretching 10.66%; cyclic-ring torsional/out-of-plane deformation 9.38%; exocyclic C-C stretching 8.70%
   24      986.45          --                 --  mixed cyclic C-C stretching / cyclic-ring deformation (O-C-C bend) cyclic C-C stretching 40.81%; cyclic-ring deformation (O-C-C bend) 19.40%; ring-site C-H out-of-plane bending 7.65%; cyclic C-O stretching 6.75%
   25     1055.53          --                 --  mixed ring-site C-H out-of-plane bending / ring-site C-H in-plane bending ring-site C-H out-of-plane bending 45.65%; ring-site C-H in-plane bending 24.10%; exocyclic C-C stretching 6.05%; C-N torsion 4.64%
   26     1070.32          --                 --  mixed opposite-phase cyclic C-O stretching / cyclic-ring deformation (C-C-O bend) opposite-phase cyclic C-O stretching 60.50%; cyclic-ring deformation (C-C-O bend) 12.64%; cyclic-ring deformation (O-C-C bend) 6.78%; cyclic C-C stretching 6.53%
   27     1185.76          --                 --  mixed ring-site C-H in-plane bending / ring-site C-H out-of-plane bending ring-site C-H in-plane bending 50.43%; ring-site C-H out-of-plane bending 31.98%; cyclic C-O stretching 4.20%; cyclic-ring torsional/out-of-plane deformation 3.39%
   28     1205.70          --                 --  mixed ring-site C-H in-plane bending / opposite-phase cyclic C-C stretching ring-site C-H in-plane bending 32.03%; opposite-phase cyclic C-C stretching 27.00%; ring-site C-H out-of-plane bending 13.85%; cyclic-ring deformation (O-C-C bend) 6.28%
   29     1231.98          --                 --  mixed ring-site C-H in-plane bending / opposite-phase cyclic C-C stretching ring-site C-H in-plane bending 36.67%; opposite-phase cyclic C-C stretching 31.47%; cyclic-ring deformation (O-C-C bend) 7.43%; cyclic-ring deformation (C-C-O bend) 7.31%
   30     1271.15          --                 --  mixed ring-site C-H out-of-plane bending / ring-site C-H in-plane bending / mixed-phase cyclic C-C stretching ring-site C-H out-of-plane bending 48.52%; ring-site C-H in-plane bending 21.57%; mixed-phase cyclic C-C stretching 16.24%; cyclic-ring deformation (O-C-C bend) 6.03%
   31     1309.45          --                 --  mixed ring-site C-H in-plane bending / ring-site C-H out-of-plane bending ring-site C-H in-plane bending 47.91%; ring-site C-H out-of-plane bending 39.30%; mixed-phase cyclic C-C stretching 7.38%
   32     1344.10          --                 --  mixed ring-site C-H in-plane bending / ring-site C-H out-of-plane bending ring-site C-H in-plane bending 43.08%; ring-site C-H out-of-plane bending 27.92%; O-H bending 12.21%; cyclic C-C stretching 5.13%
   33     1368.29          --                 --  mixed ring-site C-H in-plane bending / ring-site C-H out-of-plane bending ring-site C-H in-plane bending 47.33%; ring-site C-H out-of-plane bending 28.89%; O-H bending 7.20%; exocyclic C-C stretching 4.21%
   34     1394.46          --                 --  mixed O-H bending / ring-site C-H in-plane bending             O-H bending 56.55%; ring-site C-H in-plane bending 16.49%; cyclic C-C stretching 9.51%; ring-site C-H out-of-plane bending 8.22%
   35     1476.16          --                 --  ring-site C-H out-of-plane bending                             ring-site C-H out-of-plane bending 83.37%; ring-site C-H in-plane bending 13.99%
   36     1493.46          --                 --  mixed ring-site C-H out-of-plane bending / ring-site C-H in-plane bending ring-site C-H out-of-plane bending 65.23%; ring-site C-H in-plane bending 29.17%; cyclic-ring deformation (C-C-O bend) 2.43%
   37     1760.80          --                 --  exocyclic C-N stretching                                       exocyclic C-N stretching 78.00%; in-phase cyclic C-C stretching 10.26%; O-H bending 3.66%; cyclic-ring deformation (C-C-O bend) 3.07%
   38     2355.69          --                 --  C-N stretching                                                 C-N stretching 91.79%; exocyclic C-C stretching 8.07%
   39     3023.69          --                 --  ring-site C-H stretching                                       ring-site C-H stretching 99.20%
   40     3059.47          --                 --  ring-site C-H stretching                                       ring-site C-H stretching 99.61%
   41     3098.91          --                 --  ring-site C-H stretching                                       ring-site C-H stretching 99.05%
   42     3105.08          --                 --  mixed-phase ring-site C-H stretching                           mixed-phase ring-site C-H stretching 99.32%
   43     3134.20          --                 --  mixed-phase ring-site C-H stretching                           mixed-phase ring-site C-H stretching 99.25%
   44     3813.50          --                 --  O-H stretching                                                 O-H stretching 99.93%

# Selected internal-coordinate set:
#   1  nu(O1-N2)
#   2  nu(C3-C7)
#   3  nu(C4-O5)
#   4  nu(C6-C8)
#   5  nu(O1-H10)
#   6  nu(C6-H13)
#   7  nu(C4-H12)
#   8  nu(C7-H14)
#   9  delta_lin1(C6-C8-N9)
#  10  nu(C4-H11)
#  11  tau(H10-O1-N2-C3)
#  12  nu(C7-H15)
#  13  delta_lin2(C6-C8-N9)
#  14  nu(N2-C3)
#  15  nu(O5-C6)
#  16  gamma(H15;C7,C3,H14)
#  17  tau(H12-C4-O5-C6)
#  18  tau(C4-O5-C6-H13)
#  19  tau(H11-C4-O5-C6)
#  20  tau(O1-N2-C3-C7)
#  21  tau(O1-N2-C3-C4)
#  22  nu(C8-N9)
#  23  delta(N2-O1-H10)
#  24  delta(O5-C6-H13)
#  25  delta(O5-C4-H11)
#  26  delta(O5-C4-H12)
#  27  tau(O5-C6-C7-H15)
#  28  tau(C8-C6-C7-H14)
#  29  delta(O1-N2-C3)
#  30  nu(C3-C4)
#  31  delta(O5-C6-C7)
#  32  delta(C6-C7-H14)
#  33  nu(C6-C7)
#  34  delta(C3-C4-O5)
#  35  delta(O5-C6-C8)
#  36  delta(C7-C6-C8)
#  37  tau(C3-C4-O5-C6)
#  38  delta(N2-C3-C7)
#  39  tau(C8-C6-C7-C3)

Wrote: /local/scratch/mv487/qm9s/experiment_1_phase2/ped/20768/20768_summary.csv
Wrote: /local/scratch/mv487/qm9s/experiment_1_phase2/ped/20768/20768_families.csv
Wrote: /local/scratch/mv487/qm9s/experiment_1_phase2/ped/20768/20768_ped.csv
Wrote: /local/scratch/mv487/qm9s/experiment_1_phase2/ped/20768/20768_ir_transitions.csv

# All generated files are in: /local/scratch/mv487/qm9s/experiment_1_phase2/ped/20768
# Manifest: /local/scratch/mv487/qm9s/experiment_1_phase2/ped/20768/20768_manifest.txt

--- stderr ---
Normal modes/frequencies absent or incomplete: diagonalizing Hessian.
