# Contact: romi@lens.unifi.it
# Manual: https://github.com/SebRoLENS/orca-ped-analyzer/blob/main/docs/ORCA_PED_Analyzer_Manual.md
# Check GitHub for updates and new releases: https://github.com/SebRoLENS/orca-ped-analyzer
#
# Molecule: 23 atoms | non-linear
# Bonds inferred: 25 | candidate ICs: 316 | selected ICs: 63
# Cartesian-Hessian reconstruction relative error: 3.035e-05
# Energy distribution: PED (PED is the backward-compatible default; TED includes kinetic-energy terms)
# Ring/cycle bonds detected: 7 | ring atoms: 5 | ring systems: 1
# VPT2: no matching .out file supplied/found -> harmonic/PED analysis only
#
 Mode   Harm/cm-1   VPT2/cm-1  Harm.Int/km mol-1  Assignment                                                     Grouped PED
------------------------------------------------------------------------------------------------------------------------------------------------------------------------------------------------
    6       55.78          --                 --  C-C torsion                                                    C-C torsion 97.14%
    7      142.53          --                 --  mixed C-C-C bending / C-C torsion                              C-C-C bending 39.33%; C-C torsion 36.83%; cyclic-ring torsional/out-of-plane deformation 11.76%; ring-site C-H out-of-plane bending 4.46%
    8      179.59          --                 --  mixed C-C torsion / cyclic-ring out-of-plane deformation / C-C-C bending C-C torsion 37.69%; cyclic-ring out-of-plane deformation 30.63%; C-C-C bending 26.36%; C-H bending 2.49%
    9      215.82          --                 --  C-C torsion                                                    C-C torsion 96.72%
   10      219.41          --                 --  C-C torsion                                                    C-C torsion 99.51%
   11      241.11          --                 --  C-C torsion                                                    C-C torsion 95.61%
   12      272.55          --                 --  C-C torsion                                                    C-C torsion 76.96%; C-C-C bending 6.08%; C-C out-of-plane bending 5.86%; cyclic-ring torsional/out-of-plane deformation 4.19%
   13      289.41          --                 --  mixed cyclic-ring torsional/out-of-plane deformation / C-C-C bending cyclic-ring torsional/out-of-plane deformation 45.88%; C-C-C bending 32.41%; C-H bending 8.67%; ring-site C-H out-of-plane bending 6.38%
   14      344.45          --                 --  mixed C-C-C bending / C-C out-of-plane bending                 C-C-C bending 49.93%; C-C out-of-plane bending 13.91%; C-C torsion 10.46%; C-H bending 9.93%
   15      428.16          --                 --  mixed cyclic-ring torsional/out-of-plane deformation / C-C-C bending cyclic-ring torsional/out-of-plane deformation 31.93%; C-C-C bending 24.47%; C-H bending 11.00%; cyclic C-O stretching 10.74%
   16      465.83          --                 --  mixed C-C-C bending / C-H bending / C-C torsion                C-C-C bending 29.55%; C-H bending 21.27%; C-C torsion 18.05%; cyclic-ring torsional/out-of-plane deformation 9.41%
   17      532.46          --                 --  mixed cyclic-ring torsional/out-of-plane deformation / ring-site C-H out-of-plane bending cyclic-ring torsional/out-of-plane deformation 54.60%; ring-site C-H out-of-plane bending 25.30%; cyclic-ring out-of-plane deformation 5.18%; exocyclic C-C stretching 4.60%
   18      607.25          --                 --  mixed cyclic C-C stretching / C-H bending                      cyclic C-C stretching 20.33%; C-H bending 17.38%; exocyclic C-C stretching 14.90%; C-C torsion 12.98%
   19      675.54          --                 --  mixed cyclic-ring torsional/out-of-plane deformation / ring-site C-H out-of-plane bending cyclic-ring torsional/out-of-plane deformation 37.05%; ring-site C-H out-of-plane bending 17.83%; C-H bending 12.89%; cyclic C-C stretching 11.29%
   20      725.48          --                 --  mixed opposite-phase cyclic C-O stretching / cyclic-ring out-of-plane deformation opposite-phase cyclic C-O stretching 57.54%; cyclic-ring out-of-plane deformation 10.26%; mixed-phase cyclic C-C stretching 9.74%; ring-site C-H out-of-plane bending 8.06%
   21      783.46          --                 --  mixed mixed-phase cyclic C-C stretching / C-C torsion          mixed-phase cyclic C-C stretching 65.04%; C-C torsion 10.51%; C-H bending 8.84%; mixed-phase cyclic C-O stretching 3.79%
   22      803.28          --                 --  mixed mixed-phase cyclic C-C stretching / C-H bending          mixed-phase cyclic C-C stretching 30.19%; C-H bending 20.28%; cyclic-ring torsional/out-of-plane deformation 12.37%; ring-site C-H out-of-plane bending 12.04%
   23      869.51          --                 --  mixed in-phase C-C stretching / mixed-phase cyclic C-C stretching / C-H bending in-phase C-C stretching 36.51%; mixed-phase cyclic C-C stretching 17.70%; C-H bending 15.12%; cyclic C-O stretching 10.41%
   24      899.31          --                 --  mixed in-phase cyclic C-O stretching / in-phase C-C stretching in-phase cyclic C-O stretching 30.30%; in-phase C-C stretching 14.63%; cyclic C-C stretching 13.42%; C-H bending 11.18%
   25      929.18          --                 --  mixed mixed-phase cyclic C-C stretching / C-H bending          mixed-phase cyclic C-C stretching 42.11%; C-H bending 21.36%; C-C torsion 13.88%; cyclic C-O stretching 5.05%
   26      939.28          --                 --  C-H bending                                                    C-H bending 75.51%; C-C torsion 18.78%
   27      960.29          --                 --  mixed C-H bending / mixed-phase cyclic C-C stretching / cyclic C-O stretching C-H bending 32.67%; mixed-phase cyclic C-C stretching 18.95%; cyclic C-O stretching 17.81%; C-C torsion 9.50%
   28      975.70          --                 --  mixed C-H bending / opposite-phase C-C stretching              C-H bending 57.24%; opposite-phase C-C stretching 21.25%; cyclic C-O stretching 6.63%; C-C torsion 4.72%
   29     1022.38          --                 --  mixed ring-site C-H out-of-plane bending / C-H bending         ring-site C-H out-of-plane bending 51.26%; C-H bending 32.98%; cyclic-ring torsional/out-of-plane deformation 5.17%; in-phase cyclic C-C stretching 3.20%
   30     1039.24          --                 --  mixed C-H bending / ring-site C-H out-of-plane bending         C-H bending 43.84%; ring-site C-H out-of-plane bending 19.82%; ring-site C-H in-plane bending 13.52%; C-C torsion 8.84%
   31     1067.98          --                 --  mixed C-H bending / ring-site C-H out-of-plane bending         C-H bending 37.26%; ring-site C-H out-of-plane bending 15.89%; mixed-phase cyclic C-C stretching 13.85%; mixed-phase exocyclic C-C stretching 12.74%
   32     1091.82          --                 --  mixed ring-site C-H out-of-plane bending / C-H bending / opposite-phase C-C stretching ring-site C-H out-of-plane bending 34.45%; C-H bending 17.80%; opposite-phase C-C stretching 16.47%; ring-site C-H in-plane bending 11.09%
   33     1124.08          --                 --  mixed C-H bending / C-C torsion / cyclic C-C stretching        C-H bending 40.36%; C-C torsion 22.58%; cyclic C-C stretching 17.71%; C-C-C bending 5.23%
   34     1137.01          --                 --  mixed ring-site C-H out-of-plane bending / C-H bending / opposite-phase C-C stretching ring-site C-H out-of-plane bending 42.43%; C-H bending 18.27%; opposite-phase C-C stretching 17.48%; mixed-phase cyclic C-C stretching 9.85%
   35     1150.25          --                 --  mixed exocyclic C-C stretching / cyclic-ring torsional/out-of-plane deformation / C-H bending exocyclic C-C stretching 27.72%; cyclic-ring torsional/out-of-plane deformation 25.23%; C-H bending 16.14%; ring-site C-H out-of-plane bending 7.54%
   36     1172.91          --                 --  mixed ring-site C-H out-of-plane bending / C-H bending / ring-site C-H in-plane bending ring-site C-H out-of-plane bending 39.37%; C-H bending 19.55%; ring-site C-H in-plane bending 16.25%; mixed-phase cyclic C-C stretching 8.33%
   37     1185.05          --                 --  mixed C-H bending / ring-site C-H out-of-plane bending         C-H bending 52.69%; ring-site C-H out-of-plane bending 10.55%; C-C-C bending 9.81%; cyclic-ring out-of-plane deformation 9.51%
   38     1208.46          --                 --  mixed C-H bending / cyclic-ring out-of-plane deformation / ring-site C-H out-of-plane bending C-H bending 27.18%; cyclic-ring out-of-plane deformation 21.75%; ring-site C-H out-of-plane bending 19.61%; mixed-phase cyclic C-C stretching 13.14%
   39     1219.33          --                 --  mixed ring-site C-H out-of-plane bending / cyclic-ring out-of-plane deformation / C-H bending ring-site C-H out-of-plane bending 38.34%; cyclic-ring out-of-plane deformation 18.41%; C-H bending 15.97%; cyclic C-C stretching 12.02%
   40     1238.96          --                 --  mixed ring-site C-H out-of-plane bending / cyclic-ring torsional/out-of-plane deformation ring-site C-H out-of-plane bending 48.09%; cyclic-ring torsional/out-of-plane deformation 14.18%; in-phase cyclic C-C stretching 12.69%; cyclic-ring out-of-plane deformation 11.17%
   41     1315.07          --                 --  mixed cyclic C-C stretching / C-C torsion                      cyclic C-C stretching 35.22%; C-C torsion 25.79%; C-C out-of-plane bending 11.17%; exocyclic C-C stretching 9.27%
   42     1346.72          --                 --  mixed C-H bending / C-C out-of-plane bending                   C-H bending 57.22%; C-C out-of-plane bending 23.15%; C-C torsion 8.03%; mixed-phase C-C stretching 5.60%
   43     1371.38          --                 --  mixed C-H bending / C-C torsion / C-C out-of-plane bending     C-H bending 45.83%; C-C torsion 17.31%; C-C out-of-plane bending 16.34%; exocyclic C-C stretching 9.05%
   44     1399.48          --                 --  C-H bending                                                    C-H bending 84.58%; cyclic C-C stretching 5.60%; ring-site C-H out-of-plane bending 2.53%
   45     1404.49          --                 --  mixed C-H bending / C-H out-of-plane bending                   C-H bending 68.61%; C-H out-of-plane bending 28.23%; opposite-phase C-C stretching 2.77%
   46     1418.92          --                 --  C-H bending                                                    C-H bending 73.62%; exocyclic C-C stretching 9.57%; in-phase cyclic C-C stretching 5.17%; ring-site C-H out-of-plane bending 3.02%
   47     1426.57          --                 --  mixed C-H bending / C-H out-of-plane bending                   C-H bending 67.77%; C-H out-of-plane bending 27.59%
   48     1493.70          --                 --  mixed C-H bending / C-C torsion                                C-H bending 75.79%; C-C torsion 23.52%
   49     1493.84          --                 --  C-H bending                                                    C-H bending 81.21%; ring-site C-H out-of-plane bending 10.12%; ring-site C-H in-plane bending 4.17%; cyclic C-C stretching 2.34%
   50     1495.37          --                 --  C-H bending                                                    C-H bending 80.51%; C-C torsion 16.06%; C-H out-of-plane bending 3.15%
   51     1505.63          --                 --  C-H bending                                                    C-H bending 71.84%; ring-site C-H out-of-plane bending 9.24%; C-C torsion 7.68%; cyclic C-C stretching 3.88%
   52     1507.33          --                 --  C-H bending                                                    C-H bending 75.96%; C-C torsion 14.24%; C-H out-of-plane bending 3.79%; ring-site C-H out-of-plane bending 2.70%
   53     1508.20          --                 --  C-H bending                                                    C-H bending 95.15%; C-C torsion 3.24%
   54     1517.91          --                 --  mixed C-H bending / C-C torsion                                C-H bending 70.63%; C-C torsion 24.07%
   55     3011.12          --                 --  C-H stretching                                                 C-H stretching 99.06%
   56     3026.59          --                 --  mixed-phase C-H stretching                                     mixed-phase C-H stretching 99.35%
   57     3028.16          --                 --  C-H stretching                                                 C-H stretching 95.36%; ring-site C-H stretching 4.37%
   58     3031.42          --                 --  C-H stretching                                                 C-H stretching 99.50%
   59     3045.19          --                 --  mixed-phase ring-site C-H stretching                           mixed-phase ring-site C-H stretching 93.96%; C-H stretching 5.25%
   60     3062.18          --                 --  ring-site C-H stretching                                       ring-site C-H stretching 98.38%
   61     3077.65          --                 --  opposite-phase C-H stretching                                  opposite-phase C-H stretching 99.46%
   62     3085.91          --                 --  mixed-phase C-H stretching                                     mixed-phase C-H stretching 99.36%
   63     3091.19          --                 --  mixed-phase C-H stretching                                     mixed-phase C-H stretching 99.41%
   64     3096.47          --                 --  opposite-phase C-H stretching                                  opposite-phase C-H stretching 99.08%
   65     3113.61          --                 --  mixed-phase C-H stretching                                     mixed-phase C-H stretching 99.39%
   66     3115.21          --                 --  ring-site C-H stretching                                       ring-site C-H stretching 98.19%
   67     3119.61          --                 --  mixed-phase C-H stretching                                     mixed-phase C-H stretching 97.84%
   68     3142.74          --                 --  mixed-phase ring-site C-H stretching                           mixed-phase ring-site C-H stretching 98.80%

# Selected internal-coordinate set:
#   1  nu(C1-C2)
#   2  nu(C3-H14)
#   3  nu(C4-C5)
#   4  nu(C6-O7)
#   5  nu(C8-C9)
#   6  nu(C4-O7)
#   7  nu(C3-H16)
#   8  nu(C2-H13)
#   9  nu(C5-C6)
#  10  nu(C9-H23)
#  11  nu(C1-H11)
#  12  nu(C8-H20)
#  13  nu(C3-H15)
#  14  nu(C9-H22)
#  15  nu(C1-H10)
#  16  nu(C5-H18)
#  17  nu(C1-H12)
#  18  nu(C9-H21)
#  19  gamma(H19;C6,C5,O7)
#  20  nu(C4-C8)
#  21  gamma(C3;C2,C1,H13)
#  22  nu(C5-H17)
#  23  gamma(H20;C8,C4,C9)
#  24  nu(C6-H19)
#  25  gamma(H15;C3,H14,H16)
#  26  delta(H14-C3-H16)
#  27  delta(H10-C1-H11)
#  28  delta(H22-C9-H23)
#  29  delta(H11-C1-H12)
#  30  tau(H17-C5-C6-O7)
#  31  delta(H21-C9-H22)
#  32  delta(H10-C1-H12)
#  33  delta(H21-C9-H23)
#  34  tau(O7-C4-C5-H17)
#  35  tau(C1-C2-C3-H15)
#  36  delta(C4-C5-H18)
#  37  delta(C1-C2-H13)
#  38  tau(O7-C4-C5-H18)
#  39  gamma(C5;C6,C8,H19)
#  40  delta(C9-C8-H20)
#  41  delta(C2-C3-H14)
#  42  delta(C8-C9-H23)
#  43  delta(C2-C1-H12)
#  44  tau(C5-C4-C6-O7)
#  45  gamma(C5;C4,C2,C8)
#  46  nu(C2-C3)
#  47  tau(H13-C2-C3-H14)
#  48  nu(C4-C6)
#  49  delta(C8-C9-H22)
#  50  delta(C2-C1-H10)
#  51  nu(C6-C8)
#  52  delta(C2-C3-H16)
#  53  tau(C6-C8-C9-H22)
#  54  tau(H12-C1-C2-C3)
#  55  nu(C2-C4)
#  56  tau(C4-C2-C3-H16)
#  57  delta(C6-C8-C9)
#  58  tau(C5-C6-C8-C9)
#  59  delta(C1-C2-C3)
#  60  delta(C3-C2-C4)
#  61  tau(C3-C2-C4-O7)
#  62  tau(C8-C4-C6-C5)
#  63  delta(C2-C4-C8)

Wrote: /local/scratch/mv487/qm9s/experiment_1_phase2/ped/53774/53774_summary.csv
Wrote: /local/scratch/mv487/qm9s/experiment_1_phase2/ped/53774/53774_families.csv
Wrote: /local/scratch/mv487/qm9s/experiment_1_phase2/ped/53774/53774_ped.csv
Wrote: /local/scratch/mv487/qm9s/experiment_1_phase2/ped/53774/53774_ir_transitions.csv

# All generated files are in: /local/scratch/mv487/qm9s/experiment_1_phase2/ped/53774
# Manifest: /local/scratch/mv487/qm9s/experiment_1_phase2/ped/53774/53774_manifest.txt

--- stderr ---
Normal modes/frequencies absent or incomplete: diagonalizing Hessian.
