# Contact: romi@lens.unifi.it
# Manual: https://github.com/SebRoLENS/orca-ped-analyzer/blob/main/docs/ORCA_PED_Analyzer_Manual.md
# Check GitHub for updates and new releases: https://github.com/SebRoLENS/orca-ped-analyzer
#
# Molecule: 16 atoms | non-linear
# Bonds inferred: 16 | candidate ICs: 131 | selected ICs: 42
# Cartesian-Hessian reconstruction relative error: 3.438e-05
# Energy distribution: PED (PED is the backward-compatible default; TED includes kinetic-energy terms)
# Ring/cycle bonds detected: 6 | ring atoms: 6 | ring systems: 1
# VPT2: no matching .out file supplied/found -> harmonic/PED analysis only
#
 Mode   Harm/cm-1   VPT2/cm-1  Harm.Int/km mol-1  Assignment                                                     Grouped PED
------------------------------------------------------------------------------------------------------------------------------------------------------------------------------------------------
    6       73.43          --                 --  mixed ring-site C-H out-of-plane bending / cyclic-ring torsional/out-of-plane deformation ring-site C-H out-of-plane bending 73.34%; cyclic-ring torsional/out-of-plane deformation 23.53%
    7      138.80          --                 --  mixed cyclic-ring torsional/out-of-plane deformation / ring-site C-H out-of-plane bending cyclic-ring torsional/out-of-plane deformation 55.68%; ring-site C-H out-of-plane bending 39.54%; cyclic-ring out-of-plane deformation 2.42%
    8      222.18          --                 --  mixed C-C torsion / C-C-C bending                              C-C torsion 32.22%; C-C-C bending 30.68%; cyclic-ring out-of-plane deformation 13.77%; cyclic-ring torsional/out-of-plane deformation 9.09%
    9      259.84          --                 --  mixed cyclic-ring out-of-plane deformation / C-C-C bending     cyclic-ring out-of-plane deformation 38.23%; C-C-C bending 36.38%; ring-site C-H out-of-plane bending 11.17%; cyclic-ring torsional/out-of-plane deformation 6.36%
   10      291.24          --                 --  mixed ring-site C-H out-of-plane bending / cyclic-ring out-of-plane deformation ring-site C-H out-of-plane bending 49.68%; cyclic-ring out-of-plane deformation 27.48%; C-C out-of-plane bending 6.82%; cyclic-ring deformation (C-O-C bend) 6.13%
   11      409.48          --                 --  ring-site C-H out-of-plane bending                             ring-site C-H out-of-plane bending 70.98%; C-C out-of-plane bending 7.28%; cyclic-ring deformation (C-O-C bend) 7.01%; cyclic-ring out-of-plane deformation 4.23%
   12      441.31          --                 --  mixed cyclic-ring deformation (C-O-C bend) / cyclic-ring deformation (C-C-O bend) / ring-site C-H out-of-plane bending cyclic-ring deformation (C-O-C bend) 39.55%; cyclic-ring deformation (C-C-O bend) 28.36%; ring-site C-H out-of-plane bending 19.94%; ring-site C-H in-plane bending 4.82%
   13      494.36          --                 --  mixed O-C-O bending / cyclic-ring deformation (C-O-C bend) / cyclic-ring out-of-plane deformation O-C-O bending 20.59%; cyclic-ring deformation (C-O-C bend) 19.73%; cyclic-ring out-of-plane deformation 16.36%; cyclic C-O stretching 9.82%
   14      585.14          --                 --  mixed cyclic-ring out-of-plane deformation / cyclic C-C stretching / ring-site C-H out-of-plane bending cyclic-ring out-of-plane deformation 27.35%; cyclic C-C stretching 20.28%; ring-site C-H out-of-plane bending 15.52%; C-H bending 13.03%
   15      708.89          --                 --  mixed cyclic-ring out-of-plane deformation / ring-site C-H out-of-plane bending cyclic-ring out-of-plane deformation 46.69%; ring-site C-H out-of-plane bending 18.46%; in-phase cyclic C-O stretching 11.80%; cyclic C-C stretching 10.25%
   16      749.43          --                 --  mixed cyclic-ring out-of-plane deformation / ring-site C-H out-of-plane bending cyclic-ring out-of-plane deformation 50.01%; ring-site C-H out-of-plane bending 14.43%; C-C-C bending 9.94%; C-H bending 9.18%
   17      782.00          --                 --  mixed cyclic-ring deformation (C-C-O bend) / C-H bending       cyclic-ring deformation (C-C-O bend) 24.84%; C-H bending 17.25%; ring-site C-H out-of-plane bending 13.46%; cyclic-ring out-of-plane deformation 11.89%
   18      876.50          --                 --  mixed mixed-phase cyclic C-C stretching / exocyclic C-C stretching / ring-site C-H in-plane bending mixed-phase cyclic C-C stretching 22.86%; exocyclic C-C stretching 20.61%; ring-site C-H in-plane bending 19.24%; ring-site C-H out-of-plane bending 15.43%
   19      944.65          --                 --  mixed cyclic C-O stretching / ring-site C-H out-of-plane bending / C-H bending cyclic C-O stretching 40.58%; ring-site C-H out-of-plane bending 23.98%; C-H bending 20.34%; exocyclic C-C stretching 6.88%
   20      970.92          --                 --  mixed ring-site C-H in-plane bending / ring-site C-H out-of-plane bending / C-H bending ring-site C-H in-plane bending 26.37%; ring-site C-H out-of-plane bending 25.68%; C-H bending 23.32%; cyclic C-C stretching 7.41%
   21     1017.53          --                 --  mixed mixed-phase cyclic C-O stretching / C-H bending          mixed-phase cyclic C-O stretching 54.53%; C-H bending 12.61%; cyclic-ring deformation (C-C-O bend) 8.94%; O-C-O bending 6.66%
   22     1033.10          --                 --  mixed mixed-phase cyclic C-O stretching / C-H bending          mixed-phase cyclic C-O stretching 34.56%; C-H bending 24.85%; ring-site C-H in-plane bending 11.05%; ring-site C-H out-of-plane bending 10.75%
   23     1062.07          --                 --  mixed cyclic C-O stretching / ring-site C-H out-of-plane bending / C-H bending cyclic C-O stretching 25.51%; ring-site C-H out-of-plane bending 17.81%; C-H bending 15.98%; ring-site C-H in-plane bending 12.45%
   24     1125.99          --                 --  mixed ring-site C-H out-of-plane bending / ring-site C-H in-plane bending / cyclic-ring out-of-plane deformation ring-site C-H out-of-plane bending 34.86%; ring-site C-H in-plane bending 28.55%; cyclic-ring out-of-plane deformation 17.50%; C-H bending 10.30%
   25     1134.64          --                 --  mixed cyclic-ring out-of-plane deformation / C-H bending       cyclic-ring out-of-plane deformation 19.13%; C-H bending 17.69%; C-C-C bending 13.52%; ring-site C-H out-of-plane bending 10.48%
   26     1184.07          --                 --  mixed ring-site C-H in-plane bending / ring-site C-H out-of-plane bending ring-site C-H in-plane bending 53.73%; ring-site C-H out-of-plane bending 19.27%; C-H bending 7.47%; cyclic-ring deformation (C-O-C bend) 6.79%
   27     1247.39          --                 --  mixed mixed-phase cyclic C-O stretching / ring-site C-H in-plane bending mixed-phase cyclic C-O stretching 36.71%; ring-site C-H in-plane bending 34.91%; cyclic C-C stretching 11.25%; O-C-O bending 5.54%
   28     1267.90          --                 --  mixed ring-site C-H in-plane bending / ring-site C-H out-of-plane bending ring-site C-H in-plane bending 61.25%; ring-site C-H out-of-plane bending 13.56%; C-H bending 11.14%; C-C out-of-plane bending 6.37%
   29     1315.63          --                 --  mixed ring-site C-H in-plane bending / C-H bending / C-C out-of-plane bending ring-site C-H in-plane bending 39.46%; C-H bending 26.59%; C-C out-of-plane bending 22.05%; ring-site C-H out-of-plane bending 3.64%
   30     1338.23          --                 --  mixed ring-site C-H out-of-plane bending / C-H bending         ring-site C-H out-of-plane bending 40.93%; C-H bending 36.96%; C-C out-of-plane bending 12.97%; cyclic C-C stretching 4.74%
   31     1344.33          --                 --  mixed ring-site C-H in-plane bending / C-H bending / ring-site C-H out-of-plane bending ring-site C-H in-plane bending 42.33%; C-H bending 24.80%; ring-site C-H out-of-plane bending 19.37%; C-C out-of-plane bending 7.54%
   32     1398.66          --                 --  mixed ring-site C-H out-of-plane bending / ring-site C-H in-plane bending / C-H bending ring-site C-H out-of-plane bending 46.64%; ring-site C-H in-plane bending 25.81%; C-H bending 22.01%; C-C out-of-plane bending 2.51%
   33     1422.13          --                 --  mixed C-H bending / ring-site C-H out-of-plane bending         C-H bending 50.36%; ring-site C-H out-of-plane bending 26.72%; ring-site C-H in-plane bending 17.49%
   34     1455.84          --                 --  ring-site C-H in-plane bending                                 ring-site C-H in-plane bending 82.16%; ring-site C-H out-of-plane bending 13.00%; cyclic C-O stretching 2.93%
   35     1499.35          --                 --  C-H bending                                                    C-H bending 80.54%; ring-site C-H out-of-plane bending 15.51%; ring-site C-H in-plane bending 2.86%
   36     1508.11          --                 --  C-H bending                                                    C-H bending 80.76%; ring-site C-H out-of-plane bending 14.06%; ring-site C-H in-plane bending 3.20%
   37     1509.61          --                 --  mixed C-H bending / ring-site C-H out-of-plane bending         C-H bending 45.20%; ring-site C-H out-of-plane bending 44.36%; ring-site C-H in-plane bending 9.20%
   38     1526.84          --                 --  mixed C-H bending / ring-site C-H out-of-plane bending         C-H bending 59.74%; ring-site C-H out-of-plane bending 23.22%; ring-site C-H in-plane bending 15.51%
   39     1818.53          --                 --  exocyclic C-O stretching                                       exocyclic C-O stretching 73.71%; cyclic-ring deformation (C-C-O bend) 15.09%; cyclic C-C stretching 4.85%; O-C-O bending 2.78%
   40     2989.74          --                 --  opposite-phase ring-site C-H stretching                        opposite-phase ring-site C-H stretching 99.07%
   41     2994.32          --                 --  in-phase ring-site C-H stretching                              in-phase ring-site C-H stretching 99.25%
   42     3042.33          --                 --  C-H stretching                                                 C-H stretching 99.62%
   43     3065.49          --                 --  ring-site C-H stretching                                       ring-site C-H stretching 94.32%; mixed-phase C-H stretching 3.48%
   44     3107.74          --                 --  mixed mixed-phase C-H stretching / mixed-phase ring-site C-H stretching mixed-phase C-H stretching 70.30%; mixed-phase ring-site C-H stretching 28.97%
   45     3109.84          --                 --  mixed ring-site C-H stretching / opposite-phase C-H stretching ring-site C-H stretching 72.42%; opposite-phase C-H stretching 26.85%
   46     3127.81          --                 --  mixed-phase C-H stretching                                     mixed-phase C-H stretching 98.46%
   47     3144.31          --                 --  ring-site C-H stretching                                       ring-site C-H stretching 98.94%

# Selected internal-coordinate set:
#   1  nu(C1-C2)
#   2  nu(C3-O4)
#   3  nu(C5-O6)
#   4  nu(C7-O8)
#   5  nu(C5-H16)
#   6  nu(C3-H14)
#   7  nu(C2-H12)
#   8  nu(C1-H10)
#   9  nu(C5-H15)
#  10  nu(C3-H13)
#  11  nu(C1-H11)
#  12  gamma(C2;C7,O6,O8)
#  13  nu(C1-H9)
#  14  nu(O6-C7)
#  15  nu(O4-C5)
#  16  gamma(C3;C2,C1,H12)
#  17  gamma(H13;C3,O4,H14)
#  18  delta(H15-C5-H16)
#  19  delta(H10-C1-H11)
#  20  delta(H9-C1-H10)
#  21  delta(O6-C7-O8)
#  22  delta(H9-C1-H11)
#  23  delta(O6-C5-H15)
#  24  tau(H14-C3-O4-C5)
#  25  tau(C1-C2-C3-H13)
#  26  delta(C1-C2-H12)
#  27  delta(O4-C3-H14)
#  28  delta(O6-C5-H16)
#  29  delta(C2-C7-O6)
#  30  delta(O4-C5-H16)
#  31  tau(C5-O6-C7-O8)
#  32  delta(C2-C1-H11)
#  33  delta(C2-C3-H13)
#  34  nu(C2-C3)
#  35  nu(C2-C7)
#  36  delta(C2-C1-H10)
#  37  tau(H11-C1-C2-C3)
#  38  delta(C3-O4-C5)
#  39  gamma(C1;C2,C3,C7)
#  40  tau(C3-O4-C5-H16)
#  41  delta(C1-C2-C7)
#  42  tau(H12-C2-C7-O6)

Wrote: /local/scratch/mv487/qm9s/experiment_1_phase2/ped/11274/11274_summary.csv
Wrote: /local/scratch/mv487/qm9s/experiment_1_phase2/ped/11274/11274_families.csv
Wrote: /local/scratch/mv487/qm9s/experiment_1_phase2/ped/11274/11274_ped.csv
Wrote: /local/scratch/mv487/qm9s/experiment_1_phase2/ped/11274/11274_ir_transitions.csv

# All generated files are in: /local/scratch/mv487/qm9s/experiment_1_phase2/ped/11274
# Manifest: /local/scratch/mv487/qm9s/experiment_1_phase2/ped/11274/11274_manifest.txt

--- stderr ---
Normal modes/frequencies absent or incomplete: diagonalizing Hessian.
