# Contact: romi@lens.unifi.it
# Manual: https://github.com/SebRoLENS/orca-ped-analyzer/blob/main/docs/ORCA_PED_Analyzer_Manual.md
# Check GitHub for updates and new releases: https://github.com/SebRoLENS/orca-ped-analyzer
#
# Molecule: 17 atoms | non-linear
# Bonds inferred: 20 | candidate ICs: 232 | selected ICs: 45
# Cartesian-Hessian reconstruction relative error: 4.879e-05
# Energy distribution: PED (PED is the backward-compatible default; TED includes kinetic-energy terms)
# Ring/cycle bonds detected: 12 | ring atoms: 9 | ring systems: 1
# VPT2: no matching .out file supplied/found -> harmonic/PED analysis only
#
 Mode   Harm/cm-1   VPT2/cm-1  Harm.Int/km mol-1  Assignment                                                     Grouped PED
------------------------------------------------------------------------------------------------------------------------------------------------------------------------------------------------
    6      213.39          --                 --  ring-site C-H out-of-plane bending                             ring-site C-H out-of-plane bending 89.57%; cyclic-ring torsional/out-of-plane deformation 7.85%
    7      340.41          --                 --  mixed cyclic-ring torsional/out-of-plane deformation / ring-site C-H out-of-plane bending cyclic-ring torsional/out-of-plane deformation 52.05%; ring-site C-H out-of-plane bending 21.86%; cyclic-ring torsional/out-of-plane deformation 7.75%; mixed-phase cyclic C-C stretching 7.42%
    8      423.12          --                 --  mixed cyclic-ring torsional/out-of-plane deformation / ring-site C-H out-of-plane bending cyclic-ring torsional/out-of-plane deformation 60.07%; ring-site C-H out-of-plane bending 22.73%; opposite-phase cyclic C-C stretching 6.26%; cyclic-ring deformation (C-O-C bend) 4.01%
    9      539.51          --                 --  mixed cyclic-ring torsional/out-of-plane deformation / cyclic-ring deformation (O-C-C bend) cyclic-ring torsional/out-of-plane deformation 35.26%; cyclic-ring deformation (O-C-C bend) 33.17%; ring-site C-H out-of-plane bending 14.84%; mixed-phase cyclic C-C stretching 8.19%
   10      634.08          --                 --  mixed cyclic-ring torsional/out-of-plane deformation / cyclic-ring deformation (C-C-C bend) cyclic-ring torsional/out-of-plane deformation 34.06%; cyclic-ring deformation (C-C-C bend) 18.04%; cyclic C-C stretching 14.63%; ring-site C-H out-of-plane bending 11.34%
   11      652.76          --                 --  mixed cyclic-ring deformation (C-O-C bend) / cyclic-ring deformation (C-C-C bend) / ring-site C-H out-of-plane bending cyclic-ring deformation (C-O-C bend) 30.13%; cyclic-ring deformation (C-C-C bend) 22.71%; ring-site C-H out-of-plane bending 17.21%; mixed-phase cyclic C-C stretching 10.99%
   12      764.73          --                 --  mixed mixed-phase cyclic C-C stretching / cyclic-ring deformation (C-C-C bend) / ring-site C-H out-of-plane bending mixed-phase cyclic C-C stretching 36.80%; cyclic-ring deformation (C-C-C bend) 36.20%; ring-site C-H out-of-plane bending 15.74%; cyclic-ring torsional/out-of-plane deformation 3.06%
   13      788.72          --                 --  mixed mixed-phase cyclic C-C stretching / ring-site C-H out-of-plane bending mixed-phase cyclic C-C stretching 42.10%; ring-site C-H out-of-plane bending 19.42%; cyclic-ring torsional/out-of-plane deformation 13.19%; cyclic-ring deformation (C-O-C bend) 10.44%
   14      807.91          --                 --  mixed mixed-phase cyclic C-C stretching / ring-site C-H out-of-plane bending mixed-phase cyclic C-C stretching 36.05%; ring-site C-H out-of-plane bending 15.80%; cyclic-ring deformation (C-O-C bend) 13.85%; cyclic-ring deformation (C-C-C bend) 11.64%
   15      828.93          --                 --  mixed mixed-phase cyclic C-C stretching / cyclic-ring deformation (C-C-C bend) mixed-phase cyclic C-C stretching 39.76%; cyclic-ring deformation (C-C-C bend) 18.65%; cyclic-ring deformation (O-C-C bend) 12.13%; ring-site C-H out-of-plane bending 11.85%
   16      842.19          --                 --  mixed mixed-phase cyclic C-C stretching / cyclic-ring torsional/out-of-plane deformation mixed-phase cyclic C-C stretching 39.77%; cyclic-ring torsional/out-of-plane deformation 16.32%; cyclic-ring torsional/out-of-plane deformation 13.77%; ring-site C-H out-of-plane bending 10.73%
   17      868.01          --                 --  mixed cyclic C-O stretching / cyclic-ring deformation (C-C-C bend) cyclic C-O stretching 29.91%; cyclic-ring deformation (C-C-C bend) 17.41%; cyclic C-C stretching 12.98%; cyclic-ring deformation (C-O-C bend) 10.70%
   18      892.93          --                 --  mixed cyclic C-C stretching / mixed-phase cyclic C-O stretching cyclic C-C stretching 50.19%; mixed-phase cyclic C-O stretching 18.88%; cyclic-ring deformation (C-C-C bend) 11.62%; ring-site C-H out-of-plane bending 8.42%
   19      921.58          --                 --  mixed mixed-phase cyclic C-O stretching / mixed-phase cyclic C-C stretching mixed-phase cyclic C-O stretching 52.32%; mixed-phase cyclic C-C stretching 13.35%; ring-site C-H out-of-plane bending 11.15%; cyclic-ring torsional/out-of-plane deformation 7.80%
   20      944.02          --                 --  mixed mixed-phase cyclic C-O stretching / mixed-phase cyclic C-C stretching / ring-site C-H out-of-plane bending mixed-phase cyclic C-O stretching 33.41%; mixed-phase cyclic C-C stretching 21.79%; ring-site C-H out-of-plane bending 19.24%; ring-site C-H in-plane bending 12.74%
   21      961.43          --                 --  mixed ring-site C-H out-of-plane bending / ring-site C-H in-plane bending / mixed-phase cyclic C-C stretching ring-site C-H out-of-plane bending 23.87%; ring-site C-H in-plane bending 17.07%; mixed-phase cyclic C-C stretching 15.22%; mixed-phase cyclic C-O stretching 14.21%
   22      966.48          --                 --  mixed in-phase cyclic C-O stretching / mixed-phase cyclic C-C stretching / ring-site C-H in-plane bending in-phase cyclic C-O stretching 27.96%; mixed-phase cyclic C-C stretching 23.47%; ring-site C-H in-plane bending 17.88%; cyclic-ring torsional/out-of-plane deformation 14.28%
   23      979.76          --                 --  mixed mixed-phase cyclic C-C stretching / ring-site C-H out-of-plane bending mixed-phase cyclic C-C stretching 34.55%; ring-site C-H out-of-plane bending 25.32%; mixed-phase cyclic C-O stretching 14.57%; ring-site C-H in-plane bending 7.27%
   24     1000.08          --                 --  mixed mixed-phase cyclic C-C stretching / mixed-phase cyclic C-O stretching mixed-phase cyclic C-C stretching 38.30%; mixed-phase cyclic C-O stretching 16.11%; ring-site C-H out-of-plane bending 13.62%; cyclic-ring deformation (C-O-C bend) 9.67%
   25     1030.19          --                 --  mixed ring-site C-H out-of-plane bending / ring-site C-H in-plane bending / cyclic C-O stretching ring-site C-H out-of-plane bending 30.89%; ring-site C-H in-plane bending 29.09%; cyclic C-O stretching 20.94%; mixed-phase cyclic C-C stretching 11.83%
   26     1063.21          --                 --  mixed ring-site C-H out-of-plane bending / ring-site C-H in-plane bending ring-site C-H out-of-plane bending 34.10%; ring-site C-H in-plane bending 26.32%; mixed-phase cyclic C-O stretching 12.96%; cyclic C-C stretching 11.49%
   27     1080.48          --                 --  mixed mixed-phase cyclic C-O stretching / ring-site C-H out-of-plane bending mixed-phase cyclic C-O stretching 62.41%; ring-site C-H out-of-plane bending 10.28%; cyclic-ring deformation (C-C-C bend) 9.80%; cyclic C-C stretching 8.60%
   28     1103.25          --                 --  mixed ring-site C-H in-plane bending / ring-site C-H out-of-plane bending / mixed-phase cyclic C-C stretching ring-site C-H in-plane bending 33.29%; ring-site C-H out-of-plane bending 31.74%; mixed-phase cyclic C-C stretching 26.82%; cyclic-ring torsional/out-of-plane deformation 3.78%
   29     1145.05          --                 --  mixed mixed-phase cyclic C-C stretching / ring-site C-H out-of-plane bending / cyclic-ring deformation (C-C-C bend) mixed-phase cyclic C-C stretching 24.69%; ring-site C-H out-of-plane bending 23.47%; cyclic-ring deformation (C-C-C bend) 23.36%; ring-site C-H in-plane bending 22.28%
   30     1159.99          --                 --  mixed ring-site C-H out-of-plane bending / mixed-phase cyclic C-C stretching ring-site C-H out-of-plane bending 32.83%; mixed-phase cyclic C-C stretching 24.44%; cyclic-ring deformation (C-C-C bend) 14.20%; ring-site C-H in-plane bending 12.71%
   31     1177.71          --                 --  mixed ring-site C-H in-plane bending / ring-site C-H out-of-plane bending ring-site C-H in-plane bending 41.45%; ring-site C-H out-of-plane bending 33.44%; cyclic-ring deformation (C-C-C bend) 6.79%; mixed-phase cyclic C-C stretching 6.36%
   32     1204.65          --                 --  mixed ring-site C-H in-plane bending / ring-site C-H out-of-plane bending ring-site C-H in-plane bending 43.70%; ring-site C-H out-of-plane bending 42.39%; mixed-phase cyclic C-C stretching 7.42%; cyclic-ring deformation (O-C-C bend) 2.96%
   33     1211.16          --                 --  mixed ring-site C-H out-of-plane bending / ring-site C-H in-plane bending ring-site C-H out-of-plane bending 63.31%; ring-site C-H in-plane bending 28.53%
   34     1235.91          --                 --  mixed ring-site C-H in-plane bending / ring-site C-H out-of-plane bending ring-site C-H in-plane bending 43.99%; ring-site C-H out-of-plane bending 41.25%; mixed-phase cyclic C-C stretching 9.98%
   35     1257.48          --                 --  mixed ring-site C-H out-of-plane bending / ring-site C-H in-plane bending ring-site C-H out-of-plane bending 43.61%; ring-site C-H in-plane bending 31.99%; mixed-phase cyclic C-C stretching 12.87%; cyclic-ring torsional/out-of-plane deformation 3.37%
   36     1274.63          --                 --  mixed ring-site C-H out-of-plane bending / ring-site C-H in-plane bending ring-site C-H out-of-plane bending 44.65%; ring-site C-H in-plane bending 34.21%; mixed-phase cyclic C-C stretching 13.09%; cyclic-ring deformation (C-C-C bend) 2.96%
   37     1297.08          --                 --  mixed mixed-phase cyclic C-C stretching / ring-site C-H out-of-plane bending / ring-site C-H in-plane bending mixed-phase cyclic C-C stretching 33.25%; ring-site C-H out-of-plane bending 29.84%; ring-site C-H in-plane bending 20.25%; cyclic-ring torsional/out-of-plane deformation 7.06%
   38     1305.27          --                 --  mixed ring-site C-H in-plane bending / ring-site C-H out-of-plane bending ring-site C-H in-plane bending 38.18%; ring-site C-H out-of-plane bending 34.89%; in-phase cyclic C-C stretching 11.87%; in-phase cyclic C-O stretching 7.37%
   39     1327.89          --                 --  mixed ring-site C-H out-of-plane bending / mixed-phase cyclic C-C stretching / ring-site C-H in-plane bending ring-site C-H out-of-plane bending 40.98%; mixed-phase cyclic C-C stretching 24.47%; ring-site C-H in-plane bending 16.42%; cyclic-ring deformation (C-C-C bend) 8.29%
   40     1339.25          --                 --  mixed ring-site C-H out-of-plane bending / ring-site C-H in-plane bending ring-site C-H out-of-plane bending 51.67%; ring-site C-H in-plane bending 27.36%; mixed-phase cyclic C-C stretching 12.36%; in-phase cyclic C-O stretching 3.86%
   41     1395.33          --                 --  mixed ring-site C-H in-plane bending / ring-site C-H out-of-plane bending ring-site C-H in-plane bending 42.67%; ring-site C-H out-of-plane bending 34.59%; cyclic C-O stretching 7.74%; in-phase cyclic C-C stretching 6.60%
   42     1529.16          --                 --  ring-site C-H out-of-plane bending                             ring-site C-H out-of-plane bending 77.24%; ring-site C-H in-plane bending 19.80%
   43     3022.86          --                 --  in-phase ring-site C-H stretching                              in-phase ring-site C-H stretching 99.23%
   44     3056.30          --                 --  opposite-phase ring-site C-H stretching                        opposite-phase ring-site C-H stretching 99.15%
   45     3120.65          --                 --  ring-site C-H stretching                                       ring-site C-H stretching 98.45%
   46     3128.53          --                 --  mixed-phase ring-site C-H stretching                           mixed-phase ring-site C-H stretching 98.69%
   47     3134.94          --                 --  mixed-phase ring-site C-H stretching                           mixed-phase ring-site C-H stretching 98.62%
   48     3145.63          --                 --  mixed-phase ring-site C-H stretching                           mixed-phase ring-site C-H stretching 98.45%
   49     3146.73          --                 --  mixed-phase ring-site C-H stretching                           mixed-phase ring-site C-H stretching 98.92%
   50     3159.28          --                 --  ring-site C-H stretching                                       ring-site C-H stretching 98.61%

# Selected internal-coordinate set:
#   1  nu(C1-O2)
#   2  nu(C3-C4)
#   3  nu(O6-C7)
#   4  nu(C8-C9)
#   5  nu(C5-H14)
#   6  nu(C3-C9)
#   7  nu(C7-C8)
#   8  nu(C4-C7)
#   9  nu(C1-H10)
#  10  nu(C5-O6)
#  11  nu(C1-H11)
#  12  nu(C8-H16)
#  13  nu(O2-C3)
#  14  nu(C4-C5)
#  15  nu(C5-C9)
#  16  nu(C3-H12)
#  17  nu(C7-H15)
#  18  nu(C9-H17)
#  19  tau(H10-C1-O2-C3)
#  20  nu(C4-H13)
#  21  tau(H11-C1-O2-C3)
#  22  gamma(H16;C8,C7,C9)
#  23  tau(C1-O2-C3-H12)
#  24  delta(C4-C5-H14)
#  25  tau(H15-C7-C8-C9)
#  26  tau(H11-C1-C8-H16)
#  27  delta(O2-C1-H10)
#  28  tau(H13-C4-C7-O6)
#  29  delta(C9-C5-H14)
#  30  delta(C8-C7-H15)
#  31  gamma(H12;C3,C4,C9)
#  32  tau(C7-C8-C9-H17)
#  33  delta(C8-C9-H17)
#  34  delta(C7-C4-H13)
#  35  tau(C9-C5-O6-C7)
#  36  tau(O2-C1-C8-H16)
#  37  delta(C1-O2-C3)
#  38  delta(C4-C7-C8)
#  39  nu(C1-C8)
#  40  delta(O6-C5-C9)
#  41  delta(C8-C1-H11)
#  42  tau(C5-C4-C7-C8)
#  43  delta(C3-C9-C8)
#  44  tau(C1-C8-C9-C5)
#  45  tau(O6-C7-C8-C1)

Wrote: /local/scratch/mv487/qm9s/experiment_1_phase2/ped/34287/34287_summary.csv
Wrote: /local/scratch/mv487/qm9s/experiment_1_phase2/ped/34287/34287_families.csv
Wrote: /local/scratch/mv487/qm9s/experiment_1_phase2/ped/34287/34287_ped.csv
Wrote: /local/scratch/mv487/qm9s/experiment_1_phase2/ped/34287/34287_ir_transitions.csv

# All generated files are in: /local/scratch/mv487/qm9s/experiment_1_phase2/ped/34287
# Manifest: /local/scratch/mv487/qm9s/experiment_1_phase2/ped/34287/34287_manifest.txt

--- stderr ---
Normal modes/frequencies absent or incomplete: diagonalizing Hessian.
