# Contact: romi@lens.unifi.it
# Manual: https://github.com/SebRoLENS/orca-ped-analyzer/blob/main/docs/ORCA_PED_Analyzer_Manual.md
# Check GitHub for updates and new releases: https://github.com/SebRoLENS/orca-ped-analyzer
#
# Molecule: 21 atoms | non-linear
# Bonds inferred: 21 | candidate ICs: 189 | selected ICs: 57
# Cartesian-Hessian reconstruction relative error: 3.297e-05
# Energy distribution: PED (PED is the backward-compatible default; TED includes kinetic-energy terms)
# Ring/cycle bonds detected: 6 | ring atoms: 6 | ring systems: 1
# VPT2: no matching .out file supplied/found -> harmonic/PED analysis only
#
 Mode   Harm/cm-1   VPT2/cm-1  Harm.Int/km mol-1  Assignment                                                     Grouped PED
------------------------------------------------------------------------------------------------------------------------------------------------------------------------------------------------
    6      135.32          --                 --  mixed cyclic-ring torsional/out-of-plane deformation / ring-site C-H out-of-plane bending / C-O torsion cyclic-ring torsional/out-of-plane deformation 36.96%; ring-site C-H out-of-plane bending 30.38%; C-O torsion 17.30%; C-C torsion 12.47%
    7      181.62          --                 --  mixed ring-site C-H out-of-plane bending / C-C torsion         ring-site C-H out-of-plane bending 60.55%; C-C torsion 26.30%; cyclic-ring deformation (C-C-C bend) 7.49%
    8      209.66          --                 --  C-C torsion                                                    C-C torsion 95.15%; C-O torsion 4.45%
    9      238.23          --                 --  C-O torsion                                                    C-O torsion 92.40%; C-C torsion 3.44%
   10      251.88          --                 --  C-O torsion                                                    C-O torsion 99.53%
   11      293.80          --                 --  mixed C-O torsion / ring-site C-H out-of-plane bending         C-O torsion 54.58%; ring-site C-H out-of-plane bending 19.37%; C-C torsion 8.94%; cyclic-ring deformation (C-C-C bend) 5.62%
   12      325.57          --                 --  mixed ring-site C-H out-of-plane bending / C-O torsion / C-C-C bending ring-site C-H out-of-plane bending 40.20%; C-O torsion 25.06%; C-C-C bending 18.54%; C-C-O bending 5.89%
   13      347.59          --                 --  mixed C-C-O bending / ring-site C-H out-of-plane bending       C-C-O bending 35.71%; ring-site C-H out-of-plane bending 19.60%; C-C torsion 14.32%; cyclic-ring torsional/out-of-plane deformation 7.13%
   14      408.03          --                 --  ring-site C-H out-of-plane bending                             ring-site C-H out-of-plane bending 75.55%; cyclic-ring deformation (C-O-C bend) 11.44%; ring-site C-H in-plane bending 3.66%; C-C out-of-plane bending 2.46%
   15      460.76          --                 --  mixed ring-site C-H out-of-plane bending / C-O torsion         ring-site C-H out-of-plane bending 47.23%; C-O torsion 17.85%; C-C out-of-plane bending 14.84%; cyclic-ring deformation (C-C-C bend) 3.09%
   16      466.94          --                 --  mixed C-O torsion / ring-site C-H out-of-plane bending         C-O torsion 41.59%; ring-site C-H out-of-plane bending 24.72%; C-C out-of-plane bending 15.00%; C-C-O bending 5.61%
   17      479.14          --                 --  mixed ring-site C-H out-of-plane bending / cyclic-ring deformation (C-O-C bend) ring-site C-H out-of-plane bending 61.27%; cyclic-ring deformation (C-O-C bend) 10.61%; ring-site C-H in-plane bending 7.71%; C-C torsion 5.79%
   18      510.53          --                 --  mixed ring-site C-H out-of-plane bending / C-C-O bending / C-C torsion ring-site C-H out-of-plane bending 32.16%; C-C-O bending 19.19%; C-C torsion 18.42%; C-O torsion 7.22%
   19      574.22          --                 --  mixed ring-site C-H out-of-plane bending / cyclic-ring torsional/out-of-plane deformation ring-site C-H out-of-plane bending 20.98%; cyclic-ring torsional/out-of-plane deformation 13.80%; C-O torsion 13.54%; cyclic-ring deformation (C-O-C bend) 11.15%
   20      647.74          --                 --  mixed ring-site C-H out-of-plane bending / cyclic-ring deformation (C-C-C bend) ring-site C-H out-of-plane bending 29.22%; cyclic-ring deformation (C-C-C bend) 25.07%; cyclic C-C stretching 13.34%; C-O torsion 6.09%
   21      780.42          --                 --  mixed ring-site C-H out-of-plane bending / in-phase cyclic C-C stretching / ring-site C-H in-plane bending ring-site C-H out-of-plane bending 38.51%; in-phase cyclic C-C stretching 22.40%; ring-site C-H in-plane bending 22.12%; C-C-O bending 4.27%
   22      850.51          --                 --  mixed ring-site C-H out-of-plane bending / ring-site C-H in-plane bending ring-site C-H out-of-plane bending 42.96%; ring-site C-H in-plane bending 22.07%; cyclic C-O stretching 13.78%; mixed-phase cyclic C-C stretching 10.11%
   23      870.82          --                 --  mixed cyclic C-C stretching / ring-site C-H in-plane bending   cyclic C-C stretching 31.18%; ring-site C-H in-plane bending 19.56%; ring-site C-H out-of-plane bending 14.93%; C-C torsion 8.50%
   24      898.52          --                 --  mixed ring-site C-H in-plane bending / ring-site C-H out-of-plane bending / mixed-phase cyclic C-C stretching ring-site C-H in-plane bending 20.27%; ring-site C-H out-of-plane bending 18.73%; mixed-phase cyclic C-C stretching 16.34%; in-phase cyclic C-O stretching 11.43%
   25      922.84          --                 --  mixed C-H bending / C-C torsion                                C-H bending 32.33%; C-C torsion 23.59%; exocyclic C-O stretching 12.97%; mixed-phase cyclic C-C stretching 8.79%
   26      983.69          --                 --  mixed ring-site C-H out-of-plane bending / C-C torsion / exocyclic C-O stretching ring-site C-H out-of-plane bending 19.58%; C-C torsion 15.97%; exocyclic C-O stretching 15.35%; ring-site C-H in-plane bending 13.41%
   27      990.49          --                 --  mixed C-H bending / ring-site C-H in-plane bending             C-H bending 16.90%; ring-site C-H in-plane bending 14.32%; cyclic-ring deformation (C-C-C bend) 11.97%; cyclic C-O stretching 11.55%
   28     1032.62          --                 --  mixed ring-site C-H out-of-plane bending / ring-site C-H in-plane bending / C-H bending ring-site C-H out-of-plane bending 30.39%; ring-site C-H in-plane bending 19.64%; C-H bending 18.34%; C-C torsion 17.15%
   29     1052.29          --                 --  mixed ring-site C-H in-plane bending / mixed-phase cyclic C-C stretching ring-site C-H in-plane bending 40.40%; mixed-phase cyclic C-C stretching 25.56%; exocyclic C-O stretching 6.96%; ring-site C-H out-of-plane bending 5.94%
   30     1087.70          --                 --  mixed opposite-phase cyclic C-O stretching / ring-site C-H in-plane bending opposite-phase cyclic C-O stretching 41.87%; ring-site C-H in-plane bending 17.18%; ring-site C-H out-of-plane bending 12.95%; mixed-phase cyclic C-C stretching 10.36%
   31     1111.87          --                 --  mixed ring-site C-H in-plane bending / ring-site C-H out-of-plane bending ring-site C-H in-plane bending 26.46%; ring-site C-H out-of-plane bending 22.80%; C-O torsion 8.95%; C-H bending 8.16%
   32     1117.02          --                 --  mixed cyclic-ring deformation (C-C-C bend) / ring-site C-H out-of-plane bending cyclic-ring deformation (C-C-C bend) 17.44%; ring-site C-H out-of-plane bending 13.91%; ring-site C-H in-plane bending 11.55%; opposite-phase cyclic C-O stretching 9.28%
   33     1160.87          --                 --  mixed C-H bending / C-O torsion                                C-H bending 38.19%; C-O torsion 14.67%; O-H bending 14.43%; exocyclic C-O stretching 7.45%
   34     1209.13          --                 --  mixed ring-site C-H in-plane bending / ring-site C-H out-of-plane bending ring-site C-H in-plane bending 34.04%; ring-site C-H out-of-plane bending 23.96%; C-H bending 13.46%; C-C out-of-plane bending 5.64%
   35     1228.36          --                 --  mixed ring-site C-H in-plane bending / ring-site C-H out-of-plane bending ring-site C-H in-plane bending 69.06%; ring-site C-H out-of-plane bending 16.00%; opposite-phase cyclic C-C stretching 4.39%; C-O torsion 3.43%
   36     1269.11          --                 --  mixed ring-site C-H in-plane bending / ring-site C-H out-of-plane bending ring-site C-H in-plane bending 51.86%; ring-site C-H out-of-plane bending 13.68%; C-O torsion 8.51%; C-H bending 6.41%
   37     1275.76          --                 --  mixed C-O torsion / C-H bending                                C-O torsion 26.28%; C-H bending 19.68%; O-H bending 12.51%; opposite-phase cyclic C-C stretching 10.78%
   38     1323.30          --                 --  mixed ring-site C-H in-plane bending / ring-site C-H out-of-plane bending ring-site C-H in-plane bending 52.01%; ring-site C-H out-of-plane bending 31.23%; C-H bending 5.52%; C-O torsion 3.49%
   39     1345.83          --                 --  mixed ring-site C-H in-plane bending / ring-site C-H out-of-plane bending / C-H bending ring-site C-H in-plane bending 34.63%; ring-site C-H out-of-plane bending 20.69%; C-H bending 16.23%; O-H bending 10.83%
   40     1355.96          --                 --  mixed ring-site C-H in-plane bending / ring-site C-H out-of-plane bending ring-site C-H in-plane bending 54.92%; ring-site C-H out-of-plane bending 25.61%; C-O torsion 9.99%; C-H bending 5.32%
   41     1384.26          --                 --  mixed ring-site C-H in-plane bending / ring-site C-H out-of-plane bending ring-site C-H in-plane bending 61.54%; ring-site C-H out-of-plane bending 18.95%; C-H bending 9.16%; C-O torsion 4.94%
   42     1390.92          --                 --  mixed C-H bending / ring-site C-H in-plane bending / ring-site C-H out-of-plane bending C-H bending 35.82%; ring-site C-H in-plane bending 29.55%; ring-site C-H out-of-plane bending 21.48%; O-H bending 5.49%
   43     1414.39          --                 --  mixed ring-site C-H in-plane bending / C-H bending             ring-site C-H in-plane bending 46.33%; C-H bending 23.06%; C-O torsion 13.44%; ring-site C-H out-of-plane bending 8.11%
   44     1421.51          --                 --  C-H bending                                                    C-H bending 76.76%; ring-site C-H in-plane bending 8.37%; exocyclic C-C stretching 4.63%; O-H bending 3.13%
   45     1432.63          --                 --  mixed ring-site C-H in-plane bending / ring-site C-H out-of-plane bending / C-O torsion ring-site C-H in-plane bending 33.30%; ring-site C-H out-of-plane bending 25.27%; C-O torsion 15.08%; C-H bending 10.75%
   46     1484.53          --                 --  mixed ring-site C-H out-of-plane bending / ring-site C-H in-plane bending ring-site C-H out-of-plane bending 68.98%; ring-site C-H in-plane bending 19.06%; C-H bending 8.07%
   47     1487.50          --                 --  mixed ring-site C-H out-of-plane bending / C-H bending         ring-site C-H out-of-plane bending 52.43%; C-H bending 28.93%; ring-site C-H in-plane bending 11.51%; C-C torsion 6.26%
   48     1494.03          --                 --  mixed C-H bending / C-C torsion                                C-H bending 64.71%; C-C torsion 16.05%; ring-site C-H out-of-plane bending 14.10%; ring-site C-H in-plane bending 4.42%
   49     1501.51          --                 --  mixed C-H bending / C-C torsion                                C-H bending 68.40%; C-C torsion 30.48%
   50     1506.45          --                 --  mixed C-H bending / ring-site C-H out-of-plane bending         C-H bending 52.64%; ring-site C-H out-of-plane bending 30.05%; ring-site C-H in-plane bending 15.83%
   51     3004.21          --                 --  ring-site C-H stretching                                       ring-site C-H stretching 99.41%
   52     3014.01          --                 --  mixed-phase ring-site C-H stretching                           mixed-phase ring-site C-H stretching 98.25%
   53     3023.12          --                 --  ring-site C-H stretching                                       ring-site C-H stretching 98.05%
   54     3029.94          --                 --  ring-site C-H stretching                                       ring-site C-H stretching 98.47%
   55     3045.24          --                 --  C-H stretching                                                 C-H stretching 97.76%
   56     3072.11          --                 --  mixed-phase ring-site C-H stretching                           mixed-phase ring-site C-H stretching 99.29%
   57     3098.03          --                 --  mixed-phase ring-site C-H stretching                           mixed-phase ring-site C-H stretching 98.96%
   58     3101.90          --                 --  mixed-phase ring-site C-H stretching                           mixed-phase ring-site C-H stretching 83.70%; opposite-phase C-H stretching 14.89%
   59     3106.84          --                 --  opposite-phase C-H stretching                                  opposite-phase C-H stretching 84.45%; mixed-phase ring-site C-H stretching 14.59%
   60     3134.23          --                 --  mixed-phase C-H stretching                                     mixed-phase C-H stretching 98.19%
   61     3760.90          --                 --  O-H stretching                                                 O-H stretching 99.86%
   62     3815.51          --                 --  O-H stretching                                                 O-H stretching 99.90%

# Selected internal-coordinate set:
#   1  nu(C1-C2)
#   2  nu(C4-O5)
#   3  nu(C6-C7)
#   4  nu(C8-O9)
#   5  nu(O3-H13)
#   6  nu(C4-H14)
#   7  nu(O9-H21)
#   8  nu(C1-H12)
#   9  nu(C7-H18)
#  10  nu(C8-H20)
#  11  nu(C6-H17)
#  12  nu(C2-O3)
#  13  nu(C7-H19)
#  14  nu(C1-H11)
#  15  nu(C4-H15)
#  16  nu(C6-H16)
#  17  tau(H20-C8-O9-H21)
#  18  nu(C1-H10)
#  19  tau(C1-C2-O3-H13)
#  20  nu(O5-C6)
#  21  gamma(H15;C4,O5,H14)
#  22  gamma(C4;C2,C1,O3)
#  23  gamma(H18;C7,C6,H19)
#  24  delta(C8-O9-H21)
#  25  delta(H11-C1-H12)
#  26  delta(H16-C6-H17)
#  27  delta(H10-C1-H11)
#  28  delta(H10-C1-H12)
#  29  delta(O5-C6-H17)
#  30  delta(C2-O3-H13)
#  31  tau(O3-C2-C4-H15)
#  32  delta(O9-C8-H20)
#  33  delta(C6-C7-H19)
#  34  tau(C2-C8-O9-H21)
#  35  delta(O5-C4-H14)
#  36  tau(H18-C7-C8-O9)
#  37  tau(H14-C4-O5-C6)
#  38  delta(O5-C6-H16)
#  39  delta(C2-C1-H10)
#  40  tau(C4-O5-C6-H16)
#  41  delta(C2-C8-O9)
#  42  delta(C8-C7-H19)
#  43  nu(C2-C4)
#  44  delta(C7-C8-H20)
#  45  delta(C4-O5-C6)
#  46  delta(C2-C1-H12)
#  47  delta(C2-C4-H15)
#  48  nu(C2-C8)
#  49  nu(C7-C8)
#  50  delta(C1-C2-O3)
#  51  tau(H12-C1-C2-C4)
#  52  tau(H19-C7-C8-C2)
#  53  tau(O3-C2-C8-O9)
#  54  delta(C6-C7-C8)
#  55  tau(H11-C1-C2-C8)
#  56  delta(C1-C2-C8)
#  57  tau(C8-C2-C4-H14)

Wrote: /local/scratch/mv487/qm9s/experiment_1_phase2/ped/89070/89070_summary.csv
Wrote: /local/scratch/mv487/qm9s/experiment_1_phase2/ped/89070/89070_families.csv
Wrote: /local/scratch/mv487/qm9s/experiment_1_phase2/ped/89070/89070_ped.csv
Wrote: /local/scratch/mv487/qm9s/experiment_1_phase2/ped/89070/89070_ir_transitions.csv

# All generated files are in: /local/scratch/mv487/qm9s/experiment_1_phase2/ped/89070
# Manifest: /local/scratch/mv487/qm9s/experiment_1_phase2/ped/89070/89070_manifest.txt

--- stderr ---
Normal modes/frequencies absent or incomplete: diagonalizing Hessian.
