# Contact: romi@lens.unifi.it
# Manual: https://github.com/SebRoLENS/orca-ped-analyzer/blob/main/docs/ORCA_PED_Analyzer_Manual.md
# Check GitHub for updates and new releases: https://github.com/SebRoLENS/orca-ped-analyzer
#
# Molecule: 16 atoms | non-linear
# Bonds inferred: 17 | candidate ICs: 171 | selected ICs: 42
# Cartesian-Hessian reconstruction relative error: 3.187e-05
# Energy distribution: PED (PED is the backward-compatible default; TED includes kinetic-energy terms)
# Ring/cycle bonds detected: 7 | ring atoms: 6 | ring systems: 1
# VPT2: no matching .out file supplied/found -> harmonic/PED analysis only
#
 Mode   Harm/cm-1   VPT2/cm-1  Harm.Int/km mol-1  Assignment                                                     Grouped PED
------------------------------------------------------------------------------------------------------------------------------------------------------------------------------------------------
    6       73.41          --                 --  mixed cyclic-ring torsional/out-of-plane deformation / ring-site C-H out-of-plane bending / C-C torsion cyclic-ring torsional/out-of-plane deformation 37.23%; ring-site C-H out-of-plane bending 33.49%; C-C torsion 22.36%; C-H out-of-plane bending 2.50%
    7       87.45          --                 --  mixed ring-site C-H out-of-plane bending / cyclic-ring torsional/out-of-plane deformation ring-site C-H out-of-plane bending 57.45%; cyclic-ring torsional/out-of-plane deformation 40.93%
    8      228.16          --                 --  mixed cyclic-ring torsional/out-of-plane deformation / ring-site C-H out-of-plane bending cyclic-ring torsional/out-of-plane deformation 53.48%; ring-site C-H out-of-plane bending 42.25%
    9      253.84          --                 --  ring-site C-H out-of-plane bending                             ring-site C-H out-of-plane bending 71.98%; cyclic-ring torsional/out-of-plane deformation 15.22%; O-C-C bending 5.78%; ring-site C-H in-plane bending 3.98%
   10      349.73          --                 --  mixed ring-site C-H out-of-plane bending / cyclic-ring torsional/out-of-plane deformation ring-site C-H out-of-plane bending 58.41%; cyclic-ring torsional/out-of-plane deformation 34.41%; ring-site C-H in-plane bending 3.25%
   11      388.80          --                 --  mixed ring-site C-H out-of-plane bending / cyclic-ring torsional/out-of-plane deformation ring-site C-H out-of-plane bending 54.02%; cyclic-ring torsional/out-of-plane deformation 19.41%; ring-site C-H in-plane bending 16.95%; cyclic-ring deformation (C-C-C bend) 3.85%
   12      495.11          --                 --  mixed cyclic-ring torsional/out-of-plane deformation / cyclic C-C stretching / ring-site C-H out-of-plane bending cyclic-ring torsional/out-of-plane deformation 28.13%; cyclic C-C stretching 17.18%; ring-site C-H out-of-plane bending 15.79%; O-C-C bending 13.36%
   13      648.03          --                 --  mixed cyclic-ring deformation (C-C-C bend) / cyclic-ring deformation (C-O-C bend) / ring-site C-H out-of-plane bending cyclic-ring deformation (C-C-C bend) 39.95%; cyclic-ring deformation (C-O-C bend) 24.07%; ring-site C-H out-of-plane bending 20.72%; cyclic-ring torsional/out-of-plane deformation 4.89%
   14      738.58          --                 --  mixed ring-site C-H out-of-plane bending / O-C-C bending       ring-site C-H out-of-plane bending 38.68%; O-C-C bending 15.18%; ring-site C-H in-plane bending 14.67%; cyclic C-C stretching 11.22%
   15      739.76          --                 --  mixed ring-site C-H out-of-plane bending / ring-site C-H in-plane bending ring-site C-H out-of-plane bending 63.56%; ring-site C-H in-plane bending 17.44%; mixed-phase cyclic C-C stretching 10.61%; cyclic-ring deformation (C-C-C bend) 2.91%
   16      829.65          --                 --  mixed mixed-phase cyclic C-C stretching / ring-site C-H out-of-plane bending mixed-phase cyclic C-C stretching 38.36%; ring-site C-H out-of-plane bending 23.36%; cyclic-ring deformation (C-O-C bend) 13.42%; cyclic-ring deformation (C-C-C bend) 7.67%
   17      859.49          --                 --  mixed ring-site C-H out-of-plane bending / mixed-phase cyclic C-C stretching ring-site C-H out-of-plane bending 47.41%; mixed-phase cyclic C-C stretching 16.32%; ring-site C-H in-plane bending 11.20%; cyclic C-O stretching 10.67%
   18      870.94          --                 --  mixed cyclic-ring deformation (C-C-C bend) / ring-site C-H out-of-plane bending cyclic-ring deformation (C-C-C bend) 38.03%; ring-site C-H out-of-plane bending 22.70%; cyclic C-C stretching 14.80%; cyclic-ring deformation (C-O-C bend) 14.08%
   19      934.13          --                 --  mixed mixed-phase cyclic C-C stretching / ring-site C-H out-of-plane bending mixed-phase cyclic C-C stretching 35.07%; ring-site C-H out-of-plane bending 31.22%; cyclic-ring deformation (C-O-C bend) 11.38%; cyclic C-O stretching 8.58%
   20      955.81          --                 --  mixed mixed-phase cyclic C-C stretching / ring-site C-H in-plane bending mixed-phase cyclic C-C stretching 48.80%; ring-site C-H in-plane bending 19.59%; ring-site C-H out-of-plane bending 14.86%; C-C out-of-plane bending 8.98%
   21      982.23          --                 --  mixed cyclic C-O stretching / ring-site C-H out-of-plane bending cyclic C-O stretching 59.67%; ring-site C-H out-of-plane bending 23.43%; mixed-phase cyclic C-C stretching 5.13%; cyclic-ring deformation (C-C-C bend) 3.85%
   22     1009.78          --                 --  mixed ring-site C-H out-of-plane bending / cyclic C-C stretching / ring-site C-H in-plane bending ring-site C-H out-of-plane bending 32.49%; cyclic C-C stretching 16.40%; ring-site C-H in-plane bending 16.32%; C-H out-of-plane bending 12.53%
   23     1033.98          --                 --  mixed mixed-phase cyclic C-O stretching / cyclic C-C stretching mixed-phase cyclic C-O stretching 47.75%; cyclic C-C stretching 18.31%; ring-site C-H out-of-plane bending 11.03%; ring-site C-H in-plane bending 7.08%
   24     1076.64          --                 --  mixed C-H out-of-plane bending / cyclic C-C stretching / ring-site C-H out-of-plane bending C-H out-of-plane bending 24.72%; cyclic C-C stretching 24.49%; ring-site C-H out-of-plane bending 19.33%; cyclic-ring torsional/out-of-plane deformation 12.92%
   25     1124.39          --                 --  mixed ring-site C-H in-plane bending / ring-site C-H out-of-plane bending ring-site C-H in-plane bending 53.11%; ring-site C-H out-of-plane bending 24.57%; cyclic C-O stretching 7.08%; cyclic C-C stretching 4.43%
   26     1149.13          --                 --  mixed ring-site C-H in-plane bending / mixed-phase cyclic C-C stretching ring-site C-H in-plane bending 63.24%; mixed-phase cyclic C-C stretching 16.73%; ring-site C-H out-of-plane bending 6.49%; cyclic-ring torsional/out-of-plane deformation 6.35%
   27     1194.18          --                 --  mixed ring-site C-H out-of-plane bending / ring-site C-H in-plane bending / mixed-phase cyclic C-C stretching ring-site C-H out-of-plane bending 38.64%; ring-site C-H in-plane bending 19.68%; mixed-phase cyclic C-C stretching 18.50%; C-C out-of-plane bending 8.30%
   28     1203.24          --                 --  mixed ring-site C-H out-of-plane bending / mixed-phase cyclic C-C stretching ring-site C-H out-of-plane bending 46.41%; mixed-phase cyclic C-C stretching 23.95%; ring-site C-H in-plane bending 9.89%; cyclic-ring torsional/out-of-plane deformation 8.02%
   29     1231.44          --                 --  mixed ring-site C-H out-of-plane bending / ring-site C-H in-plane bending ring-site C-H out-of-plane bending 60.17%; ring-site C-H in-plane bending 30.96%; C-C out-of-plane bending 3.15%
   30     1263.02          --                 --  ring-site C-H out-of-plane bending                             ring-site C-H out-of-plane bending 70.51%; C-C out-of-plane bending 11.17%; ring-site C-H in-plane bending 8.15%; mixed-phase cyclic C-C stretching 6.23%
   31     1276.49          --                 --  mixed C-C out-of-plane bending / ring-site C-H in-plane bending C-C out-of-plane bending 57.31%; ring-site C-H in-plane bending 18.58%; ring-site C-H out-of-plane bending 17.38%; cyclic C-C stretching 4.59%
   32     1295.04          --                 --  mixed ring-site C-H out-of-plane bending / ring-site C-H in-plane bending ring-site C-H out-of-plane bending 36.34%; ring-site C-H in-plane bending 31.04%; C-C out-of-plane bending 11.64%; exocyclic C-C stretching 10.39%
   33     1328.37          --                 --  mixed ring-site C-H out-of-plane bending / ring-site C-H in-plane bending ring-site C-H out-of-plane bending 63.60%; ring-site C-H in-plane bending 13.33%; mixed-phase cyclic C-C stretching 10.27%; cyclic C-O stretching 4.92%
   34     1368.92          --                 --  mixed ring-site C-H out-of-plane bending / ring-site C-H in-plane bending / cyclic C-C stretching ring-site C-H out-of-plane bending 35.93%; ring-site C-H in-plane bending 32.27%; cyclic C-C stretching 15.97%; cyclic-ring deformation (C-O-C bend) 5.37%
   35     1426.01          --                 --  C-H bending                                                    C-H bending 88.63%; ring-site C-H out-of-plane bending 2.56%; exocyclic C-C stretching 2.49%; C-O stretching 2.41%
   36     1470.27          --                 --  mixed C-H bending / ring-site C-H out-of-plane bending         C-H bending 59.89%; ring-site C-H out-of-plane bending 23.55%; ring-site C-H in-plane bending 14.49%
   37     1491.20          --                 --  ring-site C-H out-of-plane bending                             ring-site C-H out-of-plane bending 73.10%; C-H bending 16.99%; ring-site C-H in-plane bending 8.02%
   38     1525.26          --                 --  mixed ring-site C-H out-of-plane bending / ring-site C-H in-plane bending ring-site C-H out-of-plane bending 56.92%; ring-site C-H in-plane bending 37.21%
   39     1782.28          --                 --  C-O stretching                                                 C-O stretching 86.73%; C-H bending 5.26%; exocyclic C-C stretching 4.46%
   40     2870.44          --                 --  C-H stretching                                                 C-H stretching 98.86%
   41     3040.89          --                 --  ring-site C-H stretching                                       ring-site C-H stretching 99.41%
   42     3054.54          --                 --  mixed-phase ring-site C-H stretching                           mixed-phase ring-site C-H stretching 98.98%
   43     3061.94          --                 --  mixed-phase ring-site C-H stretching                           mixed-phase ring-site C-H stretching 98.82%
   44     3082.24          --                 --  ring-site C-H stretching                                       ring-site C-H stretching 98.86%
   45     3100.35          --                 --  mixed-phase ring-site C-H stretching                           mixed-phase ring-site C-H stretching 99.22%
   46     3101.72          --                 --  mixed-phase ring-site C-H stretching                           mixed-phase ring-site C-H stretching 99.26%
   47     3122.46          --                 --  mixed-phase ring-site C-H stretching                           mixed-phase ring-site C-H stretching 99.39%

# Selected internal-coordinate set:
#   1  nu(O1-C2)
#   2  nu(C3-C4)
#   3  nu(C5-H12)
#   4  nu(C6-O7)
#   5  nu(C8-H16)
#   6  nu(C3-C6)
#   7  nu(C5-H13)
#   8  nu(C8-H15)
#   9  nu(C4-H10)
#  10  nu(C2-H9)
#  11  nu(O7-C8)
#  12  nu(C4-H11)
#  13  gamma(H9;C2,O1,C3)
#  14  nu(C6-H14)
#  15  gamma(C4;C5,H12,H13)
#  16  nu(C3-C8)
#  17  delta(O1-C2-H9)
#  18  gamma(H11;C4,C3,H10)
#  19  delta(H12-C5-H13)
#  20  gamma(H14;C6,C3,O7)
#  21  delta(O7-C8-H16)
#  22  delta(O7-C8-H15)
#  23  delta(C3-C4-H10)
#  24  gamma(H14;C6,C3,C5)
#  25  tau(C6-O7-C8-H15)
#  26  tau(C6-O7-C8-H16)
#  27  tau(H11-C4-C5-H12)
#  28  nu(C2-C3)
#  29  tau(C8-C3-C4-H10)
#  30  delta(O1-C2-C3)
#  31  nu(C4-C5)
#  32  delta(C4-C5-H12)
#  33  tau(C2-C3-C4-H11)
#  34  nu(C5-C6)
#  35  tau(H9-C2-C3-C8)
#  36  delta(C6-C5-H13)
#  37  tau(C4-C3-C6-O7)
#  38  delta(C6-O7-C8)
#  39  tau(C8-C3-C6-C5)
#  40  tau(C2-C3-C6-C5)
#  41  tau(C2-C3-C8-O7)
#  42  delta(C4-C5-C6)

Wrote: /local/scratch/mv487/qm9s/experiment_1_phase2/ped/14575/14575_summary.csv
Wrote: /local/scratch/mv487/qm9s/experiment_1_phase2/ped/14575/14575_families.csv
Wrote: /local/scratch/mv487/qm9s/experiment_1_phase2/ped/14575/14575_ped.csv
Wrote: /local/scratch/mv487/qm9s/experiment_1_phase2/ped/14575/14575_ir_transitions.csv

# All generated files are in: /local/scratch/mv487/qm9s/experiment_1_phase2/ped/14575
# Manifest: /local/scratch/mv487/qm9s/experiment_1_phase2/ped/14575/14575_manifest.txt

--- stderr ---
Normal modes/frequencies absent or incomplete: diagonalizing Hessian.
