# Contact: romi@lens.unifi.it
# Manual: https://github.com/SebRoLENS/orca-ped-analyzer/blob/main/docs/ORCA_PED_Analyzer_Manual.md
# Check GitHub for updates and new releases: https://github.com/SebRoLENS/orca-ped-analyzer
#
# Molecule: 21 atoms | non-linear
# Bonds inferred: 22 | candidate ICs: 222 | selected ICs: 57
# Cartesian-Hessian reconstruction relative error: 3.556e-05
# Energy distribution: PED (PED is the backward-compatible default; TED includes kinetic-energy terms)
# Ring/cycle bonds detected: 7 | ring atoms: 6 | ring systems: 1
# VPT2: no matching .out file supplied/found -> harmonic/PED analysis only
#
 Mode   Harm/cm-1   VPT2/cm-1  Harm.Int/km mol-1  Assignment                                                     Grouped PED
------------------------------------------------------------------------------------------------------------------------------------------------------------------------------------------------
    6       77.76          --                 --  C-O torsion                                                    C-O torsion 89.95%
    7      148.08          --                 --  mixed cyclic-ring torsional/out-of-plane deformation / cyclic-ring out-of-plane deformation cyclic-ring torsional/out-of-plane deformation 64.18%; cyclic-ring out-of-plane deformation 15.91%; ring-site C-H in-plane bending 6.14%; ring-site C-H out-of-plane bending 4.46%
    8      183.93          --                 --  mixed C-O torsion / cyclic-ring torsional/out-of-plane deformation C-O torsion 58.80%; cyclic-ring torsional/out-of-plane deformation 21.56%; C-C-O bending 6.07%; cyclic-ring out-of-plane deformation 5.70%
    9      225.56          --                 --  mixed cyclic-ring torsional/out-of-plane deformation / cyclic-ring out-of-plane deformation / C-O-C bending cyclic-ring torsional/out-of-plane deformation 34.91%; cyclic-ring out-of-plane deformation 26.26%; C-O-C bending 19.39%; ring-site C-H out-of-plane bending 4.35%
   10      267.05          --                 --  C-O torsion                                                    C-O torsion 71.23%; cyclic-ring torsional/out-of-plane deformation 9.49%; cyclic-ring out-of-plane deformation 4.68%; ring-site C-H in-plane bending 3.03%
   11      302.56          --                 --  mixed ring-site C-H out-of-plane bending / C-C-O bending / cyclic-ring out-of-plane deformation ring-site C-H out-of-plane bending 27.09%; C-C-O bending 23.96%; cyclic-ring out-of-plane deformation 17.15%; cyclic-ring torsional/out-of-plane deformation 12.77%
   12      383.03          --                 --  mixed cyclic-ring out-of-plane deformation / ring-site C-H out-of-plane bending cyclic-ring out-of-plane deformation 43.25%; ring-site C-H out-of-plane bending 25.75%; cyclic-ring torsional/out-of-plane deformation 10.48%; C-O-C bending 4.91%
   13      441.49          --                 --  mixed cyclic-ring torsional/out-of-plane deformation / C-C-O bending cyclic-ring torsional/out-of-plane deformation 46.67%; C-C-O bending 14.51%; ring-site C-H out-of-plane bending 11.83%; opposite-phase cyclic C-C stretching 11.81%
   14      451.20          --                 --  mixed cyclic-ring out-of-plane deformation / ring-site C-H out-of-plane bending cyclic-ring out-of-plane deformation 42.89%; ring-site C-H out-of-plane bending 31.23%; ring-site C-H in-plane bending 8.26%; mixed-phase cyclic C-C stretching 6.46%
   15      497.37          --                 --  mixed cyclic-ring out-of-plane deformation / ring-site C-H out-of-plane bending cyclic-ring out-of-plane deformation 53.45%; ring-site C-H out-of-plane bending 21.72%; mixed-phase cyclic C-C stretching 7.06%; C-C-O bending 4.19%
   16      529.44          --                 --  ring-site C-H out-of-plane bending                             ring-site C-H out-of-plane bending 79.79%; cyclic-ring out-of-plane deformation 6.50%; C-C-O bending 3.60%; cyclic C-C stretching 2.04%
   17      611.44          --                 --  mixed ring-site C-H out-of-plane bending / ring-site C-H in-plane bending ring-site C-H out-of-plane bending 32.34%; ring-site C-H in-plane bending 15.11%; mixed-phase cyclic C-C stretching 11.70%; cyclic-ring out-of-plane deformation 11.18%
   18      681.31          --                 --  mixed mixed-phase cyclic C-C stretching / ring-site C-H out-of-plane bending mixed-phase cyclic C-C stretching 28.85%; ring-site C-H out-of-plane bending 26.50%; cyclic-ring deformation (C-C-C bend) 12.13%; ring-site C-H in-plane bending 8.78%
   19      815.42          --                 --  mixed mixed-phase cyclic C-C stretching / cyclic-ring deformation (C-C-C bend) mixed-phase cyclic C-C stretching 40.35%; cyclic-ring deformation (C-C-C bend) 30.00%; ring-site C-H out-of-plane bending 13.76%; cyclic-ring torsional/out-of-plane deformation 4.52%
   20      835.45          --                 --  mixed mixed-phase cyclic C-C stretching / ring-site C-H out-of-plane bending mixed-phase cyclic C-C stretching 64.48%; ring-site C-H out-of-plane bending 10.99%; ring-site C-H in-plane bending 8.74%; cyclic-ring deformation (C-C-C bend) 5.91%
   21      844.64          --                 --  mixed in-phase cyclic C-C stretching / ring-site C-H out-of-plane bending / ring-site C-H in-plane bending in-phase cyclic C-C stretching 35.61%; ring-site C-H out-of-plane bending 24.47%; ring-site C-H in-plane bending 18.83%; exocyclic C-O stretching 6.60%
   22      908.74          --                 --  mixed mixed-phase cyclic C-C stretching / ring-site C-H in-plane bending / cyclic-ring deformation (C-C-C bend) mixed-phase cyclic C-C stretching 32.94%; ring-site C-H in-plane bending 21.09%; cyclic-ring deformation (C-C-C bend) 15.17%; ring-site C-H out-of-plane bending 15.14%
   23      928.62          --                 --  mixed mixed-phase cyclic C-C stretching / ring-site C-H out-of-plane bending mixed-phase cyclic C-C stretching 39.25%; ring-site C-H out-of-plane bending 25.20%; ring-site C-H in-plane bending 8.86%; cyclic-ring out-of-plane deformation 7.57%
   24      968.35          --                 --  ring-site C-H out-of-plane bending                             ring-site C-H out-of-plane bending 73.81%; cyclic C-C stretching 10.14%; ring-site C-H in-plane bending 8.76%; cyclic-ring out-of-plane deformation 2.72%
   25      981.22          --                 --  mixed mixed-phase cyclic C-C stretching / ring-site C-H out-of-plane bending mixed-phase cyclic C-C stretching 52.79%; ring-site C-H out-of-plane bending 19.67%; ring-site C-H in-plane bending 9.37%; O-H bending 4.46%
   26      996.25          --                 --  mixed ring-site C-H out-of-plane bending / mixed-phase cyclic C-C stretching ring-site C-H out-of-plane bending 49.09%; mixed-phase cyclic C-C stretching 22.89%; cyclic-ring deformation (C-C-C bend) 11.81%; ring-site C-H in-plane bending 5.80%
   27     1018.62          --                 --  mixed ring-site C-H out-of-plane bending / ring-site C-H in-plane bending ring-site C-H out-of-plane bending 40.16%; ring-site C-H in-plane bending 14.02%; cyclic-ring deformation (C-C-C bend) 12.14%; mixed-phase exocyclic C-O stretching 11.00%
   28     1038.41          --                 --  mixed ring-site C-H out-of-plane bending / ring-site C-H in-plane bending ring-site C-H out-of-plane bending 61.34%; ring-site C-H in-plane bending 13.88%; mixed-phase cyclic C-C stretching 8.62%; C-O stretching 5.19%
   29     1057.69          --                 --  mixed C-O stretching / mixed-phase cyclic C-C stretching       C-O stretching 53.65%; mixed-phase cyclic C-C stretching 18.14%; ring-site C-H out-of-plane bending 9.49%; ring-site C-H in-plane bending 5.53%
   30     1108.13          --                 --  mixed ring-site C-H out-of-plane bending / ring-site C-H in-plane bending / cyclic-ring out-of-plane deformation ring-site C-H out-of-plane bending 34.73%; ring-site C-H in-plane bending 34.29%; cyclic-ring out-of-plane deformation 16.61%; cyclic C-C stretching 5.07%
   31     1124.01          --                 --  mixed ring-site C-H out-of-plane bending / ring-site C-H in-plane bending ring-site C-H out-of-plane bending 39.78%; ring-site C-H in-plane bending 14.30%; cyclic-ring out-of-plane deformation 11.20%; exocyclic C-O stretching 9.95%
   32     1148.04          --                 --  mixed ring-site C-H in-plane bending / C-C out-of-plane bending ring-site C-H in-plane bending 31.28%; C-C out-of-plane bending 18.22%; cyclic-ring deformation (C-C-C bend) 11.76%; mixed-phase cyclic C-C stretching 10.95%
   33     1169.72          --                 --  mixed ring-site C-H out-of-plane bending / ring-site C-H in-plane bending ring-site C-H out-of-plane bending 24.44%; ring-site C-H in-plane bending 23.83%; cyclic C-C stretching 12.61%; C-C out-of-plane bending 11.62%
   34     1174.94          --                 --  C-H bending                                                    C-H bending 97.07%
   35     1202.38          --                 --  mixed C-H bending / ring-site C-H out-of-plane bending / ring-site C-H in-plane bending C-H bending 39.74%; ring-site C-H out-of-plane bending 25.41%; ring-site C-H in-plane bending 21.58%; cyclic-ring out-of-plane deformation 4.33%
   36     1213.10          --                 --  mixed ring-site C-H in-plane bending / ring-site C-H out-of-plane bending / C-C out-of-plane bending ring-site C-H in-plane bending 25.37%; ring-site C-H out-of-plane bending 25.34%; C-C out-of-plane bending 19.37%; O-H bending 10.27%
   37     1225.73          --                 --  mixed ring-site C-H in-plane bending / ring-site C-H out-of-plane bending ring-site C-H in-plane bending 42.79%; ring-site C-H out-of-plane bending 19.01%; C-C out-of-plane bending 13.27%; C-H bending 10.06%
   38     1240.10          --                 --  mixed C-C out-of-plane bending / ring-site C-H out-of-plane bending C-C out-of-plane bending 56.66%; ring-site C-H out-of-plane bending 17.51%; ring-site C-H in-plane bending 9.17%; mixed-phase cyclic C-C stretching 7.66%
   39     1246.49          --                 --  mixed ring-site C-H in-plane bending / ring-site C-H out-of-plane bending ring-site C-H in-plane bending 29.64%; ring-site C-H out-of-plane bending 23.64%; mixed-phase cyclic C-C stretching 12.50%; C-H bending 12.13%
   40     1267.49          --                 --  mixed ring-site C-H in-plane bending / mixed-phase cyclic C-C stretching ring-site C-H in-plane bending 21.18%; mixed-phase cyclic C-C stretching 18.40%; ring-site C-H out-of-plane bending 14.00%; C-H bending 12.60%
   41     1288.76          --                 --  mixed ring-site C-H in-plane bending / ring-site C-H out-of-plane bending / mixed-phase cyclic C-C stretching ring-site C-H in-plane bending 18.93%; ring-site C-H out-of-plane bending 16.64%; mixed-phase cyclic C-C stretching 15.65%; C-H bending 9.53%
   42     1332.55          --                 --  mixed ring-site C-H in-plane bending / C-C out-of-plane bending / ring-site C-H out-of-plane bending ring-site C-H in-plane bending 29.79%; C-C out-of-plane bending 22.25%; ring-site C-H out-of-plane bending 16.93%; mixed-phase cyclic C-C stretching 15.93%
   43     1347.18          --                 --  mixed ring-site C-H in-plane bending / C-H bending             ring-site C-H in-plane bending 62.41%; C-H bending 18.25%; C-C out-of-plane bending 5.76%; opposite-phase cyclic C-C stretching 4.13%
   44     1419.23          --                 --  mixed C-H bending / ring-site C-H in-plane bending             C-H bending 59.81%; ring-site C-H in-plane bending 29.48%; O-H bending 3.66%; cyclic C-C stretching 2.67%
   45     1482.26          --                 --  C-H bending                                                    C-H bending 96.84%
   46     1490.61          --                 --  C-H bending                                                    C-H bending 88.51%; ring-site C-H in-plane bending 6.67%; ring-site C-H out-of-plane bending 3.17%
   47     1492.84          --                 --  mixed C-H bending / ring-site C-H out-of-plane bending         C-H bending 52.09%; ring-site C-H out-of-plane bending 41.92%; ring-site C-H in-plane bending 3.54%
   48     1493.09          --                 --  mixed C-H bending / ring-site C-H out-of-plane bending         C-H bending 59.58%; ring-site C-H out-of-plane bending 32.03%; ring-site C-H in-plane bending 6.12%
   49     1510.36          --                 --  C-H bending                                                    C-H bending 97.98%
   50     1532.48          --                 --  mixed ring-site C-H out-of-plane bending / C-H bending         ring-site C-H out-of-plane bending 58.58%; C-H bending 33.45%; ring-site C-H in-plane bending 3.76%; cyclic C-C stretching 3.18%
   51     2992.51          --                 --  C-H stretching                                                 C-H stretching 99.20%
   52     3004.63          --                 --  ring-site C-H stretching                                       ring-site C-H stretching 98.78%
   53     3039.60          --                 --  opposite-phase C-H stretching                                  opposite-phase C-H stretching 80.31%; mixed-phase ring-site C-H stretching 19.23%
   54     3047.87          --                 --  ring-site C-H stretching                                       ring-site C-H stretching 83.75%; opposite-phase C-H stretching 15.68%
   55     3053.58          --                 --  ring-site C-H stretching                                       ring-site C-H stretching 95.19%; C-H stretching 4.26%
   56     3076.33          --                 --  in-phase ring-site C-H stretching                              in-phase ring-site C-H stretching 98.59%
   57     3099.92          --                 --  opposite-phase ring-site C-H stretching                        opposite-phase ring-site C-H stretching 98.93%
   58     3118.10          --                 --  mixed mixed-phase ring-site C-H stretching / C-H stretching    mixed-phase ring-site C-H stretching 73.52%; C-H stretching 25.53%
   59     3119.13          --                 --  mixed C-H stretching / mixed-phase ring-site C-H stretching    C-H stretching 73.44%; mixed-phase ring-site C-H stretching 25.84%
   60     3133.53          --                 --  ring-site C-H stretching                                       ring-site C-H stretching 98.50%
   61     3137.30          --                 --  mixed-phase ring-site C-H stretching                           mixed-phase ring-site C-H stretching 98.88%
   62     3811.69          --                 --  O-H stretching                                                 O-H stretching 99.91%

# Selected internal-coordinate set:
#   1  nu(C1-H10)
#   2  nu(O2-C3)
#   3  nu(C4-C5)
#   4  nu(C6-H17)
#   5  nu(C7-O8)
#   6  nu(C9-H20)
#   7  nu(O8-H19)
#   8  nu(C1-H11)
#   9  nu(C9-H21)
#  10  nu(C7-H18)
#  11  nu(C6-H16)
#  12  nu(C4-H14)
#  13  nu(C1-H12)
#  14  nu(C5-H15)
#  15  tau(H18-C7-O8-H19)
#  16  tau(H14-C4-C5-H15)
#  17  gamma(C3;C6,H16,H17)
#  18  gamma(C7;C9,H20,H21)
#  19  tau(O2-C3-C6-C5)
#  20  gamma(C9;C3,O2,C4)
#  21  nu(C4-H13)
#  22  nu(C1-O2)
#  23  delta(H16-C6-H17)
#  24  delta(H20-C9-H21)
#  25  delta(C7-O8-H19)
#  26  delta(C4-C5-H15)
#  27  delta(H11-C1-H12)
#  28  delta(H10-C1-H11)
#  29  tau(H14-C4-C5-C7)
#  30  delta(H10-C1-H12)
#  31  tau(C1-O2-C3-C6)
#  32  tau(H13-C4-C5-C6)
#  33  delta(O8-C7-H18)
#  34  tau(C9-C3-C4-H14)
#  35  delta(C9-C7-H18)
#  36  delta(C5-C4-H13)
#  37  nu(C7-C9)
#  38  delta(O2-C1-H11)
#  39  delta(C3-C6-C5)
#  40  nu(C5-C7)
#  41  delta(C3-C9-H20)
#  42  gamma(H16;C6,C3,C5)
#  43  delta(C7-C9-H20)
#  44  nu(C5-C6)
#  45  delta(C5-C7-H18)
#  46  nu(C3-C4)
#  47  delta(O2-C1-H12)
#  48  nu(C3-C9)
#  49  tau(C7-C5-C6-H16)
#  50  nu(C3-C6)
#  51  tau(H11-C1-O2-C3)
#  52  delta(C5-C7-O8)
#  53  delta(C1-O2-C3)
#  54  gamma(C4;C5,C6,C7)
#  55  tau(C9-C3-C6-H16)
#  56  tau(C4-C5-C7-O8)
#  57  gamma(C4;C3,C6,C9)

Wrote: /local/scratch/mv487/qm9s/experiment_1_phase2/ped/98232/98232_summary.csv
Wrote: /local/scratch/mv487/qm9s/experiment_1_phase2/ped/98232/98232_families.csv
Wrote: /local/scratch/mv487/qm9s/experiment_1_phase2/ped/98232/98232_ped.csv
Wrote: /local/scratch/mv487/qm9s/experiment_1_phase2/ped/98232/98232_ir_transitions.csv

# All generated files are in: /local/scratch/mv487/qm9s/experiment_1_phase2/ped/98232
# Manifest: /local/scratch/mv487/qm9s/experiment_1_phase2/ped/98232/98232_manifest.txt

--- stderr ---
Normal modes/frequencies absent or incomplete: diagonalizing Hessian.
