# Contact: romi@lens.unifi.it
# Manual: https://github.com/SebRoLENS/orca-ped-analyzer/blob/main/docs/ORCA_PED_Analyzer_Manual.md
# Check GitHub for updates and new releases: https://github.com/SebRoLENS/orca-ped-analyzer
#
# Molecule: 17 atoms | non-linear
# Bonds inferred: 18 | candidate ICs: 174 | selected ICs: 45
# Cartesian-Hessian reconstruction relative error: 3.557e-05
# Energy distribution: PED (PED is the backward-compatible default; TED includes kinetic-energy terms)
# Ring/cycle bonds detected: 7 | ring atoms: 6 | ring systems: 1
# VPT2: no matching .out file supplied/found -> harmonic/PED analysis only
#
 Mode   Harm/cm-1   VPT2/cm-1  Harm.Int/km mol-1  Assignment                                                     Grouped PED
------------------------------------------------------------------------------------------------------------------------------------------------------------------------------------------------
    6       65.49          --                 --  mixed cyclic-ring torsional/out-of-plane deformation / cyclic-ring torsional/out-of-plane deformation / ring-site C-H out-of-plane bending cyclic-ring torsional/out-of-plane deformation 40.98%; cyclic-ring torsional/out-of-plane deformation 26.08%; ring-site C-H out-of-plane bending 15.27%; C-O torsion 7.42%
    7      154.33          --                 --  mixed C-O torsion / C-C-N linear bending                       C-O torsion 66.37%; C-C-N linear bending 13.46%; cyclic-ring torsional/out-of-plane deformation 9.43%; N-C-C bending 6.06%
    8      183.60          --                 --  mixed cyclic-ring torsional/out-of-plane deformation / cyclic-ring deformation (C-C-C bend) / cyclic-ring torsional/out-of-plane deformation cyclic-ring torsional/out-of-plane deformation 30.40%; cyclic-ring deformation (C-C-C bend) 19.58%; cyclic-ring torsional/out-of-plane deformation 18.86%; C-O torsion 12.09%
    9      264.14          --                 --  C-O torsion                                                    C-O torsion 83.21%; cyclic-ring torsional/out-of-plane deformation 8.41%
   10      287.64          --                 --  C-O torsion                                                    C-O torsion 98.24%
   11      354.52          --                 --  mixed cyclic-ring torsional/out-of-plane deformation / O-C-C bending cyclic-ring torsional/out-of-plane deformation 23.72%; O-C-C bending 13.57%; C-O torsion 13.37%; C-C-N linear bending 10.02%
   12      400.53          --                 --  mixed cyclic-ring deformation (C-C-N bend) / cyclic-ring torsional/out-of-plane deformation cyclic-ring deformation (C-C-N bend) 40.49%; cyclic-ring torsional/out-of-plane deformation 23.46%; ring-site C-H out-of-plane bending 14.05%; cyclic-ring torsional/out-of-plane deformation 7.18%
   13      485.22          --                 --  mixed cyclic-ring deformation (C-C-N bend) / exocyclic C-C stretching cyclic-ring deformation (C-C-N bend) 41.01%; exocyclic C-C stretching 9.40%; O-C-C bending 9.22%; N-C-C bending 8.87%
   14      514.23          --                 --  mixed O-C-C bending / cyclic-ring deformation (C-C-C bend)     O-C-C bending 24.80%; cyclic-ring deformation (C-C-C bend) 21.09%; ring-site C-H out-of-plane bending 14.13%; ring-site C-H in-plane bending 6.50%
   15      588.83          --                 --  mixed ring-site N-H out-of-plane bending / cyclic-ring torsional/out-of-plane deformation ring-site N-H out-of-plane bending 19.77%; cyclic-ring torsional/out-of-plane deformation 12.11%; N-C-C bending 11.34%; C-C-N linear bending 10.42%
   16      670.10          --                 --  mixed ring-site C-H out-of-plane bending / mixed-phase cyclic C-C stretching ring-site C-H out-of-plane bending 40.85%; mixed-phase cyclic C-C stretching 12.25%; cyclic-ring torsional/out-of-plane deformation 10.92%; cyclic-ring out-of-plane deformation 7.69%
   17      725.65          --                 --  mixed ring-site N-H out-of-plane bending / ring-site N-H in-plane bending ring-site N-H out-of-plane bending 24.53%; ring-site N-H in-plane bending 18.87%; cyclic-ring torsional/out-of-plane deformation 13.74%; cyclic C-C stretching 10.87%
   18      734.85          --                 --  mixed mixed-phase cyclic C-C stretching / ring-site C-H out-of-plane bending mixed-phase cyclic C-C stretching 29.52%; ring-site C-H out-of-plane bending 10.19%; cyclic-ring torsional/out-of-plane deformation 9.87%; cyclic-ring torsional/out-of-plane deformation 9.12%
   19      781.17          --                 --  mixed ring-site C-H out-of-plane bending / mixed-phase cyclic C-C stretching ring-site C-H out-of-plane bending 35.28%; mixed-phase cyclic C-C stretching 24.87%; cyclic-ring deformation (C-C-C bend) 8.23%; ring-site C-H in-plane bending 7.55%
   20      798.19          --                 --  mixed ring-site C-H out-of-plane bending / mixed-phase cyclic C-C stretching ring-site C-H out-of-plane bending 58.49%; mixed-phase cyclic C-C stretching 12.96%; cyclic-ring torsional/out-of-plane deformation 8.75%; ring-site C-H in-plane bending 7.45%
   21      855.51          --                 --  mixed in-phase cyclic C-C stretching / cyclic C-N stretching   in-phase cyclic C-C stretching 16.66%; cyclic C-N stretching 16.47%; ring-site C-H in-plane bending 12.97%; ring-site C-H out-of-plane bending 9.64%
   22      941.20          --                 --  mixed ring-site C-H out-of-plane bending / mixed-phase cyclic C-C stretching / cyclic C-N stretching ring-site C-H out-of-plane bending 27.09%; mixed-phase cyclic C-C stretching 19.64%; cyclic C-N stretching 19.59%; cyclic-ring torsional/out-of-plane deformation 10.85%
   23      955.70          --                 --  mixed cyclic C-C stretching / cyclic-ring deformation (C-C-N bend) cyclic C-C stretching 34.79%; cyclic-ring deformation (C-C-N bend) 11.43%; ring-site C-H out-of-plane bending 9.91%; C-O torsion 8.36%
   24      971.75          --                 --  mixed ring-site C-H out-of-plane bending / mixed-phase cyclic C-C stretching ring-site C-H out-of-plane bending 35.68%; mixed-phase cyclic C-C stretching 21.77%; cyclic-ring torsional/out-of-plane deformation 9.94%; ring-site C-H in-plane bending 8.60%
   25     1016.96          --                 --  mixed mixed-phase cyclic C-C stretching / ring-site C-H out-of-plane bending / ring-site C-H in-plane bending mixed-phase cyclic C-C stretching 25.43%; ring-site C-H out-of-plane bending 18.18%; ring-site C-H in-plane bending 17.11%; C-O torsion 7.64%
   26     1057.82          --                 --  mixed ring-site C-H out-of-plane bending / ring-site C-H in-plane bending ring-site C-H out-of-plane bending 53.41%; ring-site C-H in-plane bending 12.26%; cyclic-ring out-of-plane deformation 9.03%; opposite-phase cyclic C-C stretching 8.44%
   27     1067.44          --                 --  mixed ring-site C-H out-of-plane bending / cyclic-ring deformation (C-C-N bend) ring-site C-H out-of-plane bending 28.50%; cyclic-ring deformation (C-C-N bend) 13.63%; cyclic C-N stretching 13.52%; exocyclic C-C stretching 11.77%
   28     1083.74          --                 --  mixed ring-site C-H out-of-plane bending / exocyclic C-O stretching / ring-site C-H in-plane bending ring-site C-H out-of-plane bending 26.20%; exocyclic C-O stretching 21.63%; ring-site C-H in-plane bending 18.42%; mixed-phase cyclic C-C stretching 13.84%
   29     1102.38          --                 --  ring-site C-H out-of-plane bending                             ring-site C-H out-of-plane bending 73.50%; cyclic-ring out-of-plane deformation 9.47%; ring-site C-H in-plane bending 8.76%; cyclic-ring torsional/out-of-plane deformation 4.31%
   30     1108.75          --                 --  mixed exocyclic C-O stretching / ring-site C-H in-plane bending exocyclic C-O stretching 28.47%; ring-site C-H in-plane bending 21.78%; mixed-phase cyclic C-C stretching 13.69%; ring-site C-H out-of-plane bending 10.90%
   31     1151.38          --                 --  mixed opposite-phase cyclic C-N stretching / cyclic-ring deformation (C-C-N bend) opposite-phase cyclic C-N stretching 43.07%; cyclic-ring deformation (C-C-N bend) 23.26%; ring-site C-H out-of-plane bending 10.89%; ring-site C-H in-plane bending 5.31%
   32     1199.11          --                 --  mixed cyclic C-C stretching / ring-site C-H in-plane bending   cyclic C-C stretching 36.84%; ring-site C-H in-plane bending 29.39%; cyclic-ring deformation (C-C-C bend) 5.58%; cyclic-ring out-of-plane deformation 5.12%
   33     1237.81          --                 --  mixed ring-site C-H in-plane bending / C-O torsion / O-H bending ring-site C-H in-plane bending 37.71%; C-O torsion 20.76%; O-H bending 15.11%; ring-site C-H out-of-plane bending 5.84%
   34     1242.08          --                 --  mixed ring-site C-H in-plane bending / O-H bending             ring-site C-H in-plane bending 42.90%; O-H bending 20.09%; ring-site N-H out-of-plane bending 7.59%; cyclic C-C stretching 6.72%
   35     1319.12          --                 --  mixed ring-site C-H in-plane bending / ring-site C-H out-of-plane bending ring-site C-H in-plane bending 27.89%; ring-site C-H out-of-plane bending 25.55%; C-O torsion 12.95%; ring-site N-H out-of-plane bending 7.31%
   36     1347.41          --                 --  mixed ring-site C-H in-plane bending / C-O torsion             ring-site C-H in-plane bending 52.41%; C-O torsion 19.43%; C-H bending 10.06%; ring-site N-H out-of-plane bending 5.88%
   37     1355.49          --                 --  mixed ring-site C-H in-plane bending / mixed-phase cyclic C-C stretching / ring-site C-H out-of-plane bending ring-site C-H in-plane bending 32.78%; mixed-phase cyclic C-C stretching 23.24%; ring-site C-H out-of-plane bending 19.51%; C-O torsion 9.16%
   38     1399.22          --                 --  mixed mixed-phase cyclic C-C stretching / C-H bending / ring-site C-H out-of-plane bending mixed-phase cyclic C-C stretching 23.21%; C-H bending 18.42%; ring-site C-H out-of-plane bending 15.93%; ring-site C-H in-plane bending 11.48%
   39     1427.89          --                 --  mixed C-H bending / ring-site C-H in-plane bending             C-H bending 38.74%; ring-site C-H in-plane bending 10.10%; O-H bending 9.71%; cyclic C-C stretching 8.51%
   40     1464.42          --                 --  mixed ring-site N-H in-plane bending / ring-site C-H out-of-plane bending ring-site N-H in-plane bending 50.60%; ring-site C-H out-of-plane bending 15.97%; ring-site C-H in-plane bending 10.91%; ring-site N-H out-of-plane bending 5.63%
   41     1503.66          --                 --  mixed ring-site C-H out-of-plane bending / cyclic C-C stretching / ring-site C-H in-plane bending ring-site C-H out-of-plane bending 44.96%; cyclic C-C stretching 24.86%; ring-site C-H in-plane bending 18.28%; ring-site N-H in-plane bending 4.94%
   42     2358.12          --                 --  C-N stretching                                                 C-N stretching 91.19%; exocyclic C-C stretching 8.61%
   43     2997.86          --                 --  ring-site C-H stretching                                       ring-site C-H stretching 98.78%
   44     3060.74          --                 --  ring-site C-H stretching                                       ring-site C-H stretching 99.00%
   45     3137.62          --                 --  in-phase ring-site C-H stretching                              in-phase ring-site C-H stretching 99.32%
   46     3178.78          --                 --  mixed-phase ring-site C-H stretching                           mixed-phase ring-site C-H stretching 98.87%
   47     3187.75          --                 --  ring-site C-H stretching                                       ring-site C-H stretching 98.40%
   48     3221.87          --                 --  opposite-phase ring-site C-H stretching                        opposite-phase ring-site C-H stretching 99.32%
   49     3543.65          --                 --  ring-site N-H stretching                                       ring-site N-H stretching 99.50%
   50     3798.75          --                 --  O-H stretching                                                 O-H stretching 99.84%

# Selected internal-coordinate set:
#   1  nu(O1-C2)
#   2  nu(C3-C4)
#   3  nu(C5-H15)
#   4  nu(N6-C7)
#   5  nu(C8-N9)
#   6  nu(C7-H17)
#   7  nu(O1-H10)
#   8  nu(N6-H16)
#   9  nu(C2-H11)
#  10  nu(C4-H13)
#  11  nu(C3-H12)
#  12  tau(H12-C3-C4-H13)
#  13  tau(H16-N6-C7-H17)
#  14  tau(H10-O1-C2-H11)
#  15  delta_lin1(C7-C8-N9)
#  16  delta_lin2(C7-C8-N9)
#  17  gamma(N6;C5,C3,H15)
#  18  delta(C3-C5-H15)
#  19  nu(C4-H14)
#  20  tau(H12-C3-C4-H14)
#  21  delta(C2-O1-H10)
#  22  delta(C7-N6-H16)
#  23  delta(C4-C3-H12)
#  24  nu(C2-C7)
#  25  delta(O1-C2-H11)
#  26  nu(C3-C5)
#  27  tau(C3-C2-C7-H17)
#  28  delta(C3-C4-H14)
#  29  delta(C7-C2-H11)
#  30  tau(H13-C4-C5-N6)
#  31  nu(C7-C8)
#  32  nu(C5-N6)
#  33  delta(C2-C7-H17)
#  34  nu(C2-C3)
#  35  tau(C2-C3-C4-H13)
#  36  tau(H10-O1-C2-C3)
#  37  delta(C4-C5-N6)
#  38  tau(O1-C2-C7-N6)
#  39  nu(C4-C5)
#  40  delta(C2-C7-N6)
#  41  delta(N6-C7-C8)
#  42  tau(C5-N6-C7-C8)
#  43  delta(C2-C3-C4)
#  44  delta(O1-C2-C3)
#  45  tau(C4-C5-N6-C7)

Wrote: /local/scratch/mv487/qm9s/experiment_1_phase2/ped/75943/75943_summary.csv
Wrote: /local/scratch/mv487/qm9s/experiment_1_phase2/ped/75943/75943_families.csv
Wrote: /local/scratch/mv487/qm9s/experiment_1_phase2/ped/75943/75943_ped.csv
Wrote: /local/scratch/mv487/qm9s/experiment_1_phase2/ped/75943/75943_ir_transitions.csv

# All generated files are in: /local/scratch/mv487/qm9s/experiment_1_phase2/ped/75943
# Manifest: /local/scratch/mv487/qm9s/experiment_1_phase2/ped/75943/75943_manifest.txt

--- stderr ---
Normal modes/frequencies absent or incomplete: diagonalizing Hessian.
