# Contact: romi@lens.unifi.it
# Manual: https://github.com/SebRoLENS/orca-ped-analyzer/blob/main/docs/ORCA_PED_Analyzer_Manual.md
# Check GitHub for updates and new releases: https://github.com/SebRoLENS/orca-ped-analyzer
#
# Molecule: 17 atoms | non-linear
# Bonds inferred: 19 | candidate ICs: 184 | selected ICs: 45
# Cartesian-Hessian reconstruction relative error: 2.021e-05
# Energy distribution: PED (PED is the backward-compatible default; TED includes kinetic-energy terms)
# Ring/cycle bonds detected: 9 | ring atoms: 8 | ring systems: 2
# VPT2: no matching .out file supplied/found -> harmonic/PED analysis only
#
 Mode   Harm/cm-1   VPT2/cm-1  Harm.Int/km mol-1  Assignment                                                     Grouped PED
------------------------------------------------------------------------------------------------------------------------------------------------------------------------------------------------
    6       77.22          --                 --  mixed inter-ring C-N torsion / cyclic-ring torsional/out-of-plane deformation inter-ring C-N torsion 61.13%; cyclic-ring torsional/out-of-plane deformation 21.31%; cyclic-ring torsional/out-of-plane deformation 6.07%; ring-site C-H out-of-plane bending 5.47%
    7      134.33          --                 --  mixed cyclic-ring torsional/out-of-plane deformation / C-N out-of-plane bending cyclic-ring torsional/out-of-plane deformation 39.57%; C-N out-of-plane bending 15.97%; ring-site C-H out-of-plane bending 10.91%; cyclic-ring out-of-plane deformation 8.17%
    8      160.11          --                 --  mixed ring-site C-H out-of-plane bending / cyclic-ring torsional/out-of-plane deformation / cyclic-ring torsional/out-of-plane deformation ring-site C-H out-of-plane bending 33.51%; cyclic-ring torsional/out-of-plane deformation 27.42%; cyclic-ring torsional/out-of-plane deformation 21.79%; C-N-C bending 8.65%
    9      237.34          --                 --  mixed ring-site C-H out-of-plane bending / cyclic-ring torsional/out-of-plane deformation / cyclic-ring torsional/out-of-plane deformation ring-site C-H out-of-plane bending 19.17%; cyclic-ring torsional/out-of-plane deformation 18.76%; cyclic-ring torsional/out-of-plane deformation 17.07%; C-N-C bending 13.34%
   10      351.57          --                 --  mixed C-N-C bending / ring-site C-H out-of-plane bending / C-N out-of-plane bending C-N-C bending 26.80%; ring-site C-H out-of-plane bending 26.16%; C-N out-of-plane bending 15.67%; cyclic C-C stretching 11.17%
   11      406.28          --                 --  mixed ring-site C-H out-of-plane bending / cyclic-ring torsional/out-of-plane deformation ring-site C-H out-of-plane bending 29.49%; cyclic-ring torsional/out-of-plane deformation 25.40%; N-C-C bending 12.86%; C-N out-of-plane bending 5.57%
   12      437.64          --                 --  mixed cyclic-ring out-of-plane deformation / ring-site C-H out-of-plane bending / cyclic-ring torsional/out-of-plane deformation cyclic-ring out-of-plane deformation 28.33%; ring-site C-H out-of-plane bending 26.89%; cyclic-ring torsional/out-of-plane deformation 23.93%; C-N-C bending 6.34%
   13      511.71          --                 --  mixed ring-site C-H out-of-plane bending / cyclic-ring torsional/out-of-plane deformation / N-C-C bending ring-site C-H out-of-plane bending 37.14%; cyclic-ring torsional/out-of-plane deformation 19.08%; N-C-C bending 17.75%; C-N-C bending 8.58%
   14      627.47          --                 --  mixed ring-site C-H out-of-plane bending / C-N torsion / cyclic-ring deformation (C-C-C bend) ring-site C-H out-of-plane bending 18.63%; C-N torsion 16.09%; cyclic-ring deformation (C-C-C bend) 15.42%; mixed-phase cyclic C-C stretching 15.20%
   15      746.98          --                 --  mixed cyclic-ring deformation (C-C-C bend) / cyclic-ring torsional/out-of-plane deformation cyclic-ring deformation (C-C-C bend) 29.97%; cyclic-ring torsional/out-of-plane deformation 24.33%; C-N torsion 10.00%; cyclic C-C stretching 8.04%
   16      790.15          --                 --  ring-site C-H out-of-plane bending                             ring-site C-H out-of-plane bending 70.11%; in-phase cyclic C-N stretching 6.05%; ring-site C-H in-plane bending 5.73%; cyclic C-C stretching 4.43%
   17      813.35          --                 --  ring-site C-H out-of-plane bending                             ring-site C-H out-of-plane bending 70.46%; ring-site C-H in-plane bending 18.13%; cyclic-ring out-of-plane deformation 4.48%
   18      851.70          --                 --  C-N torsion                                                    C-N torsion 84.14%; mixed-phase cyclic C-O stretching 4.44%; ring-site C-H out-of-plane bending 4.05%; cyclic-ring torsional/out-of-plane deformation 2.35%
   19      871.35          --                 --  mixed mixed-phase cyclic C-N stretching / opposite-phase cyclic C-O stretching mixed-phase cyclic C-N stretching 46.94%; opposite-phase cyclic C-O stretching 13.94%; ring-site C-H out-of-plane bending 10.97%; cyclic-ring torsional/out-of-plane deformation 8.89%
   20      882.00          --                 --  mixed cyclic C-N stretching / ring-site C-H out-of-plane bending cyclic C-N stretching 33.91%; ring-site C-H out-of-plane bending 21.76%; cyclic C-C stretching 12.60%; opposite-phase cyclic C-O stretching 9.94%
   21      896.31          --                 --  mixed opposite-phase cyclic C-O stretching / cyclic-ring out-of-plane deformation opposite-phase cyclic C-O stretching 29.36%; cyclic-ring out-of-plane deformation 24.30%; cyclic C-C stretching 11.13%; ring-site C-H out-of-plane bending 10.42%
   22      918.02          --                 --  mixed mixed-phase cyclic C-C stretching / ring-site C-H out-of-plane bending mixed-phase cyclic C-C stretching 42.96%; ring-site C-H out-of-plane bending 17.12%; cyclic-ring out-of-plane deformation 10.27%; mixed-phase cyclic C-O stretching 7.51%
   23      949.37          --                 --  mixed ring-site C-H out-of-plane bending / ring-site C-H in-plane bending ring-site C-H out-of-plane bending 39.10%; ring-site C-H in-plane bending 14.94%; cyclic C-C stretching 13.64%; cyclic C-O stretching 10.90%
   24      972.56          --                 --  mixed cyclic-ring deformation (C-C-C bend) / cyclic C-O stretching / ring-site C-H out-of-plane bending cyclic-ring deformation (C-C-C bend) 32.99%; cyclic C-O stretching 19.71%; ring-site C-H out-of-plane bending 15.19%; N-H bending 11.52%
   25     1000.04          --                 --  mixed cyclic C-O stretching / ring-site C-H in-plane bending / ring-site C-H out-of-plane bending cyclic C-O stretching 32.75%; ring-site C-H in-plane bending 24.87%; ring-site C-H out-of-plane bending 23.46%; mixed-phase cyclic C-C stretching 12.03%
   26     1035.18          --                 --  mixed ring-site C-H out-of-plane bending / ring-site C-H in-plane bending ring-site C-H out-of-plane bending 67.56%; ring-site C-H in-plane bending 10.63%; cyclic-ring out-of-plane deformation 7.32%; mixed-phase cyclic C-C stretching 5.65%
   27     1052.10          --                 --  mixed ring-site C-H out-of-plane bending / ring-site C-H in-plane bending ring-site C-H out-of-plane bending 69.35%; ring-site C-H in-plane bending 10.46%; opposite-phase cyclic C-C stretching 7.46%; cyclic-ring out-of-plane deformation 2.36%
   28     1070.44          --                 --  mixed ring-site C-H out-of-plane bending / inter-ring C-N stretching ring-site C-H out-of-plane bending 51.77%; inter-ring C-N stretching 13.43%; opposite-phase cyclic C-C stretching 12.49%; ring-site C-H in-plane bending 9.21%
   29     1103.32          --                 --  mixed ring-site C-H out-of-plane bending / cyclic-ring out-of-plane deformation ring-site C-H out-of-plane bending 47.57%; cyclic-ring out-of-plane deformation 38.60%; ring-site C-H in-plane bending 7.95%
   30     1119.05          --                 --  mixed ring-site C-H out-of-plane bending / C-N out-of-plane bending ring-site C-H out-of-plane bending 69.92%; C-N out-of-plane bending 16.94%; ring-site C-H in-plane bending 5.50%; in-phase cyclic C-N stretching 2.91%
   31     1128.13          --                 --  mixed ring-site C-H out-of-plane bending / C-N out-of-plane bending ring-site C-H out-of-plane bending 64.33%; C-N out-of-plane bending 30.79%; ring-site C-H in-plane bending 4.18%
   32     1154.33          --                 --  mixed ring-site C-H out-of-plane bending / ring-site C-H in-plane bending / mixed-phase cyclic C-C stretching ring-site C-H out-of-plane bending 35.53%; ring-site C-H in-plane bending 21.20%; mixed-phase cyclic C-C stretching 19.10%; C-N out-of-plane bending 7.66%
   33     1177.77          --                 --  mixed ring-site C-H in-plane bending / N-H bending             ring-site C-H in-plane bending 35.05%; N-H bending 23.30%; ring-site C-H out-of-plane bending 14.97%; cyclic-ring out-of-plane deformation 9.92%
   34     1181.55          --                 --  ring-site C-H out-of-plane bending                             ring-site C-H out-of-plane bending 86.91%; cyclic-ring torsional/out-of-plane deformation 6.31%; C-N out-of-plane bending 2.17%
   35     1208.05          --                 --  mixed ring-site C-H out-of-plane bending / cyclic C-C stretching ring-site C-H out-of-plane bending 36.00%; cyclic C-C stretching 15.13%; ring-site C-H in-plane bending 11.57%; C-N out-of-plane bending 11.30%
   36     1267.63          --                 --  mixed mixed-phase cyclic C-C stretching / ring-site C-H in-plane bending / ring-site C-H out-of-plane bending mixed-phase cyclic C-C stretching 27.65%; ring-site C-H in-plane bending 18.28%; ring-site C-H out-of-plane bending 18.06%; N-H bending 11.41%
   37     1296.26          --                 --  mixed ring-site C-H out-of-plane bending / ring-site C-H in-plane bending / cyclic-ring deformation (C-C-C bend) ring-site C-H out-of-plane bending 19.20%; ring-site C-H in-plane bending 18.67%; cyclic-ring deformation (C-C-C bend) 15.46%; cyclic-ring out-of-plane deformation 13.76%
   38     1317.31          --                 --  mixed in-phase cyclic C-N stretching / inter-ring C-N stretching / cyclic C-C stretching in-phase cyclic C-N stretching 29.81%; inter-ring C-N stretching 24.69%; cyclic C-C stretching 16.42%; ring-site C-H in-plane bending 9.23%
   39     1420.00          --                 --  mixed in-phase cyclic C-C stretching / ring-site C-H in-plane bending / ring-site C-H out-of-plane bending in-phase cyclic C-C stretching 28.82%; ring-site C-H in-plane bending 26.42%; ring-site C-H out-of-plane bending 18.20%; inter-ring C-N stretching 9.08%
   40     1496.19          --                 --  mixed ring-site C-H out-of-plane bending / C-H bending         ring-site C-H out-of-plane bending 49.12%; C-H bending 44.18%; ring-site C-H in-plane bending 6.03%
   41     1524.23          --                 --  mixed ring-site C-H out-of-plane bending / C-H bending         ring-site C-H out-of-plane bending 51.14%; C-H bending 35.84%; cyclic C-C stretching 4.86%; ring-site C-H in-plane bending 4.67%
   42     1813.94          --                 --  exocyclic C-N stretching                                       exocyclic C-N stretching 79.69%; cyclic C-C stretching 12.48%; cyclic C-O stretching 3.81%; cyclic-ring deformation (C-C-C bend) 2.91%
   43     3046.81          --                 --  ring-site C-H stretching                                       ring-site C-H stretching 98.59%
   44     3099.86          --                 --  mixed-phase ring-site C-H stretching                           mixed-phase ring-site C-H stretching 99.67%
   45     3103.39          --                 --  ring-site C-H stretching                                       ring-site C-H stretching 99.05%
   46     3184.52          --                 --  mixed-phase ring-site C-H stretching                           mixed-phase ring-site C-H stretching 99.00%
   47     3197.36          --                 --  mixed-phase ring-site C-H stretching                           mixed-phase ring-site C-H stretching 99.61%
   48     3230.91          --                 --  mixed-phase ring-site C-H stretching                           mixed-phase ring-site C-H stretching 99.01%
   49     3243.73          --                 --  ring-site C-H stretching                                       ring-site C-H stretching 98.95%
   50     3480.81          --                 --  N-H stretching                                                 N-H stretching 99.72%

# Selected internal-coordinate set:
#   1  nu(N1-C2)
#   2  nu(C4-C5)
#   3  nu(C6-H13)
#   4  nu(N7-C8)
#   5  nu(C9-H16)
#   6  nu(O3-C4)
#   7  nu(N1-H10)
#   8  nu(C9-H17)
#   9  nu(C8-H14)
#  10  nu(C5-H12)
#  11  tau(H10-N1-C2-O3)
#  12  tau(O3-C4-C5-H12)
#  13  gamma(H15;C8,N7,H14)
#  14  tau(O3-C4-C6-H13)
#  15  gamma(N7;C9,H16,H17)
#  16  delta(C4-C6-H13)
#  17  nu(C2-O3)
#  18  nu(C8-H15)
#  19  tau(H11-C4-C5-H12)
#  20  tau(H10-N1-C2-C6)
#  21  nu(C4-H11)
#  22  delta(H16-C9-H17)
#  23  delta(C2-N1-H10)
#  24  nu(C5-N7)
#  25  tau(C5-N7-C8-C9)
#  26  gamma(H15;C8,N7,C9)
#  27  delta(C5-C4-H11)
#  28  delta(N7-C8-H14)
#  29  delta(C4-C5-H12)
#  30  nu(C5-C6)
#  31  delta(C2-C6-C4)
#  32  tau(C5-N7-C9-H17)
#  33  nu(C2-C6)
#  34  nu(N7-C9)
#  35  gamma(C6;C5,C4,H12)
#  36  gamma(O3;C4,C5,C6)
#  37  tau(H15-C8-C9-H17)
#  38  nu(C8-C9)
#  39  delta(N1-C2-C6)
#  40  tau(C5-N7-C8-H14)
#  41  delta(C5-N7-C8)
#  42  tau(C6-C5-N7-C8)
#  43  gamma(N7;C5,C4,C6)
#  44  tau(N7-C5-C6-C2)
#  45  tau(O3-C2-C6-C5)

Wrote: /local/scratch/mv487/qm9s/experiment_1_phase2/ped/40534/40534_summary.csv
Wrote: /local/scratch/mv487/qm9s/experiment_1_phase2/ped/40534/40534_families.csv
Wrote: /local/scratch/mv487/qm9s/experiment_1_phase2/ped/40534/40534_ped.csv
Wrote: /local/scratch/mv487/qm9s/experiment_1_phase2/ped/40534/40534_ir_transitions.csv

# All generated files are in: /local/scratch/mv487/qm9s/experiment_1_phase2/ped/40534
# Manifest: /local/scratch/mv487/qm9s/experiment_1_phase2/ped/40534/40534_manifest.txt

--- stderr ---
Normal modes/frequencies absent or incomplete: diagonalizing Hessian.
