# Contact: romi@lens.unifi.it
# Manual: https://github.com/SebRoLENS/orca-ped-analyzer/blob/main/docs/ORCA_PED_Analyzer_Manual.md
# Check GitHub for updates and new releases: https://github.com/SebRoLENS/orca-ped-analyzer
#
# Molecule: 22 atoms | non-linear
# Bonds inferred: 21 | candidate ICs: 182 | selected ICs: 60
# Cartesian-Hessian reconstruction relative error: 3.224e-05
# Energy distribution: PED (PED is the backward-compatible default; TED includes kinetic-energy terms)
# Ring/cycle bonds detected: 0 | ring atoms: 0 | ring systems: 0
# VPT2: no matching .out file supplied/found -> harmonic/PED analysis only
#
 Mode   Harm/cm-1   VPT2/cm-1  Harm.Int/km mol-1  Assignment                                                     Grouped PED
------------------------------------------------------------------------------------------------------------------------------------------------------------------------------------------------
    6       60.39          --                 --  C-C torsion                                                    C-C torsion 99.59%
    7       70.04          --                 --  C-C torsion                                                    C-C torsion 99.54%
    8       99.01          --                 --  C-C torsion                                                    C-C torsion 79.60%; C-C-C bending 14.30%; C-C out-of-plane bending 3.10%
    9      135.40          --                 --  C-C torsion                                                    C-C torsion 99.19%
   10      154.58          --                 --  C-C torsion                                                    C-C torsion 98.89%
   11      239.12          --                 --  mixed C-C-C bending / C-C-O bending                            C-C-C bending 45.98%; C-C-O bending 15.21%; O-C-C bending 14.36%; C-C torsion 13.49%
   12      242.74          --                 --  C-C torsion                                                    C-C torsion 99.59%
   13      293.62          --                 --  mixed C-C torsion / C-C stretching                             C-C torsion 41.04%; C-C stretching 20.83%; O-C-C bending 9.86%; C-C-C bending 9.09%
   14      320.79          --                 --  mixed C-C torsion / C-O torsion                                C-C torsion 27.41%; C-O torsion 26.00%; C-C-C bending 13.11%; C-C out-of-plane bending 9.57%
   15      345.96          --                 --  mixed C-O torsion / C-C torsion                                C-O torsion 43.25%; C-C torsion 12.09%; C-C-O bending 11.52%; C-C-C bending 10.70%
   16      437.75          --                 --  mixed C-C torsion / C-C-C bending                              C-C torsion 51.85%; C-C-C bending 24.29%; C-H bending 8.54%; O-C-C bending 6.01%
   17      485.28          --                 --  mixed C-O torsion / C-C torsion                                C-O torsion 49.04%; C-C torsion 15.75%; O-C-C bending 13.30%; C-C-C bending 7.74%
   18      495.58          --                 --  mixed C-C torsion / C-C-C bending                              C-C torsion 48.35%; C-C-C bending 15.23%; C-H bending 12.52%; O-C-C bending 8.01%
   19      583.91          --                 --  mixed C-C-O bending / O-C-C bending / C-H bending              C-C-O bending 27.73%; O-C-C bending 24.25%; C-H bending 16.51%; C-C torsion 10.45%
   20      739.95          --                 --  C-C torsion                                                    C-C torsion 87.06%; C-H bending 12.81%
   21      794.22          --                 --  mixed C-C torsion / C-H bending                                C-C torsion 75.04%; C-H bending 21.45%
   22      853.03          --                 --  mixed C-C torsion / C-O stretching / C-H bending               C-C torsion 28.44%; C-O stretching 28.03%; C-H bending 18.24%; mixed-phase C-C stretching 15.86%
   23      903.65          --                 --  mixed C-H bending / C-C stretching / C-C torsion               C-H bending 42.17%; C-C stretching 27.44%; C-C torsion 20.93%; C-C-C bending 4.26%
   24      918.66          --                 --  mixed C-H bending / C-C torsion                                C-H bending 59.20%; C-C torsion 30.12%; opposite-phase C-C stretching 6.96%
   25      989.00          --                 --  mixed C-H bending / mixed-phase C-C stretching                 C-H bending 41.38%; mixed-phase C-C stretching 32.52%; C-C torsion 12.03%; opposite-phase C-O stretching 9.26%
   26     1013.75          --                 --  mixed C-H bending / mixed-phase C-C stretching                 C-H bending 38.17%; mixed-phase C-C stretching 34.59%; C-C torsion 14.06%; in-phase C-O stretching 5.43%
   27     1048.90          --                 --  mixed mixed-phase C-C stretching / mixed-phase C-O stretching / C-H bending mixed-phase C-C stretching 28.85%; mixed-phase C-O stretching 20.66%; C-H bending 18.78%; C-C out-of-plane bending 10.91%
   28     1066.30          --                 --  mixed mixed-phase C-C stretching / C-H bending                 mixed-phase C-C stretching 45.67%; C-H bending 19.65%; C-C-C bending 9.91%; C-C torsion 9.63%
   29     1079.04          --                 --  mixed C-O stretching / C-H bending / mixed-phase C-C stretching C-O stretching 32.25%; C-H bending 21.98%; mixed-phase C-C stretching 17.65%; C-C torsion 11.19%
   30     1090.22          --                 --  mixed mixed-phase C-C stretching / C-O stretching / C-H bending mixed-phase C-C stretching 27.58%; C-O stretching 22.81%; C-H bending 22.44%; C-C torsion 13.06%
   31     1116.81          --                 --  mixed C-C torsion / C-H bending / O-H bending                  C-C torsion 37.75%; C-H bending 26.31%; O-H bending 15.26%; mixed-phase C-C stretching 9.34%
   32     1150.33          --                 --  mixed C-H bending / C-C stretching / C-C-C bending             C-H bending 28.56%; C-C stretching 23.70%; C-C-C bending 19.07%; C-C torsion 14.08%
   33     1205.52          --                 --  mixed C-H bending / O-H bending                                C-H bending 61.35%; O-H bending 16.16%; C-C torsion 15.76%
   34     1233.20          --                 --  mixed C-H bending / C-C torsion                                C-H bending 47.72%; C-C torsion 45.40%; O-H bending 2.97%
   35     1268.71          --                 --  mixed C-H bending / C-C out-of-plane bending / C-C torsion     C-H bending 40.42%; C-C out-of-plane bending 33.33%; C-C torsion 22.11%
   36     1292.24          --                 --  mixed C-C torsion / C-H bending / O-H bending                  C-C torsion 45.87%; C-H bending 30.66%; O-H bending 18.39%
   37     1320.19          --                 --  mixed C-H bending / C-C out-of-plane bending / C-C torsion     C-H bending 44.51%; C-C out-of-plane bending 29.18%; C-C torsion 22.07%
   38     1335.15          --                 --  mixed C-H bending / C-C torsion                                C-H bending 64.25%; C-C torsion 25.64%; C-C out-of-plane bending 8.53%
   39     1340.49          --                 --  mixed C-H bending / C-C torsion / C-C out-of-plane bending     C-H bending 49.34%; C-C torsion 20.72%; C-C out-of-plane bending 15.28%; O-H bending 9.41%
   40     1378.35          --                 --  C-H bending                                                    C-H bending 77.08%; C-C torsion 9.77%; O-H bending 9.21%
   41     1390.05          --                 --  mixed C-H bending / C-C out-of-plane bending                   C-H bending 51.03%; C-C out-of-plane bending 20.82%; C-C torsion 14.01%; mixed-phase C-C stretching 6.66%
   42     1406.84          --                 --  mixed C-H bending / C-C out-of-plane bending                   C-H bending 43.57%; C-C out-of-plane bending 37.06%; mixed-phase C-C stretching 12.80%; C-C torsion 5.91%
   43     1419.28          --                 --  C-H bending                                                    C-H bending 79.23%; O-H bending 7.61%; C-C stretching 4.07%; C-C out-of-plane bending 3.68%
   44     1421.52          --                 --  C-H bending                                                    C-H bending 74.33%; in-phase C-C stretching 7.81%; O-H bending 7.67%; C-C out-of-plane bending 4.65%
   45     1438.63          --                 --  C-H bending                                                    C-H bending 70.50%; O-H bending 11.24%; C-C torsion 7.17%; C-C stretching 4.97%
   46     1483.86          --                 --  mixed C-C torsion / C-H bending                                C-C torsion 58.56%; C-H bending 36.23%; C-C stretching 2.25%
   47     1493.36          --                 --  C-C torsion                                                    C-C torsion 85.96%; C-H bending 11.89%
   48     1503.17          --                 --  mixed C-C torsion / C-H bending                                C-C torsion 78.81%; C-H bending 20.69%
   49     1503.44          --                 --  mixed C-C torsion / C-H bending                                C-C torsion 71.07%; C-H bending 27.60%
   50     1508.39          --                 --  C-H bending                                                    C-H bending 80.67%; C-C torsion 17.52%
   51     1517.03          --                 --  C-C torsion                                                    C-C torsion 88.84%; C-H bending 10.73%
   52     2948.65          --                 --  C-H stretching                                                 C-H stretching 99.19%
   53     2989.67          --                 --  C-H stretching                                                 C-H stretching 99.33%
   54     3006.22          --                 --  C-H stretching                                                 C-H stretching 99.21%
   55     3016.73          --                 --  mixed-phase C-H stretching                                     mixed-phase C-H stretching 99.43%
   56     3025.13          --                 --  in-phase C-H stretching                                        in-phase C-H stretching 99.63%
   57     3029.31          --                 --  mixed-phase C-H stretching                                     mixed-phase C-H stretching 98.28%
   58     3032.87          --                 --  mixed-phase C-H stretching                                     mixed-phase C-H stretching 98.87%
   59     3057.60          --                 --  mixed-phase C-H stretching                                     mixed-phase C-H stretching 99.15%
   60     3064.80          --                 --  mixed-phase C-H stretching                                     mixed-phase C-H stretching 99.24%
   61     3080.31          --                 --  C-H stretching                                                 C-H stretching 99.10%
   62     3086.09          --                 --  opposite-phase C-H stretching                                  opposite-phase C-H stretching 99.61%
   63     3090.52          --                 --  mixed-phase C-H stretching                                     mixed-phase C-H stretching 99.64%
   64     3759.14          --                 --  O-H stretching                                                 O-H stretching 99.90%
   65     3774.11          --                 --  O-H stretching                                                 O-H stretching 99.91%

# Selected internal-coordinate set:
#   1  nu(C1-C2)
#   2  nu(C3-C4)
#   3  nu(C5-O6)
#   4  nu(C7-O8)
#   5  nu(C5-H18)
#   6  nu(O8-H22)
#   7  nu(C7-H21)
#   8  nu(O6-H19)
#   9  nu(C3-H14)
#  10  nu(C2-H12)
#  11  nu(C4-H17)
#  12  nu(C1-H10)
#  13  nu(C3-H15)
#  14  nu(C2-H13)
#  15  nu(C4-H16)
#  16  nu(C7-H20)
#  17  nu(C1-H11)
#  18  tau(H18-C5-O6-H19)
#  19  nu(C1-H9)
#  20  tau(H21-C7-O8-H22)
#  21  tau(H14-C3-C4-H16)
#  22  gamma(C4;C5,O6,H18)
#  23  delta(O8-C7-H20)
#  24  tau(H15-C3-C4-H17)
#  25  tau(H10-C1-C2-H13)
#  26  tau(H11-C1-C2-H12)
#  27  delta(C5-O6-H19)
#  28  delta(C2-C1-H9)
#  29  delta(C7-O8-H22)
#  30  delta(C3-C4-H16)
#  31  delta(C3-C4-H17)
#  32  delta(O6-C5-H18)
#  33  delta(O8-C7-H21)
#  34  delta(C2-C1-H11)
#  35  delta(C2-C1-H10)
#  36  gamma(C4;C3,H14,H15)
#  37  tau(H9-C1-C2-C3)
#  38  delta(H20-C7-H21)
#  39  tau(H12-C2-C3-H14)
#  40  tau(H13-C2-C3-H15)
#  41  delta(C5-C7-H20)
#  42  delta(C3-C2-H12)
#  43  delta(C3-C2-H13)
#  44  nu(C4-C5)
#  45  nu(C2-C3)
#  46  tau(C4-C5-C7-O8)
#  47  nu(C5-C7)
#  48  tau(H13-C2-C3-C4)
#  49  tau(C1-C2-C3-H14)
#  50  delta(O6-C5-C7)
#  51  delta(C2-C3-H14)
#  52  delta(C1-C2-C3)
#  53  tau(O6-C5-C7-H21)
#  54  tau(C1-C2-C3-C4)
#  55  delta(C5-C7-O8)
#  56  delta(C3-C4-C5)
#  57  tau(C2-C3-C4-C5)
#  58  delta(C2-C3-H15)
#  59  tau(C3-C4-C5-C7)
#  60  delta(C4-C5-C7)

Wrote: /local/scratch/mv487/qm9s/experiment_1_phase2/ped/8508/8508_summary.csv
Wrote: /local/scratch/mv487/qm9s/experiment_1_phase2/ped/8508/8508_families.csv
Wrote: /local/scratch/mv487/qm9s/experiment_1_phase2/ped/8508/8508_ped.csv
Wrote: /local/scratch/mv487/qm9s/experiment_1_phase2/ped/8508/8508_ir_transitions.csv

# All generated files are in: /local/scratch/mv487/qm9s/experiment_1_phase2/ped/8508
# Manifest: /local/scratch/mv487/qm9s/experiment_1_phase2/ped/8508/8508_manifest.txt

--- stderr ---
Normal modes/frequencies absent or incomplete: diagonalizing Hessian.
