# Contact: romi@lens.unifi.it
# Manual: https://github.com/SebRoLENS/orca-ped-analyzer/blob/main/docs/ORCA_PED_Analyzer_Manual.md
# Check GitHub for updates and new releases: https://github.com/SebRoLENS/orca-ped-analyzer
#
# Molecule: 21 atoms | non-linear
# Bonds inferred: 22 | candidate ICs: 219 | selected ICs: 57
# Cartesian-Hessian reconstruction relative error: 3.320e-05
# Energy distribution: PED (PED is the backward-compatible default; TED includes kinetic-energy terms)
# Ring/cycle bonds detected: 7 | ring atoms: 6 | ring systems: 1
# VPT2: no matching .out file supplied/found -> harmonic/PED analysis only
#
 Mode   Harm/cm-1   VPT2/cm-1  Harm.Int/km mol-1  Assignment                                                     Grouped PED
------------------------------------------------------------------------------------------------------------------------------------------------------------------------------------------------
    6       42.16          --                 --  ring-site C-H out-of-plane bending                             ring-site C-H out-of-plane bending 86.16%; C-C torsion 4.88%; cyclic-ring out-of-plane deformation 3.30%; C-C-C bending 2.04%
    7      114.33          --                 --  C-C torsion                                                    C-C torsion 90.14%; ring-site C-H out-of-plane bending 4.42%
    8      159.89          --                 --  mixed cyclic-ring out-of-plane deformation / C-C-C bending     cyclic-ring out-of-plane deformation 42.06%; C-C-C bending 17.14%; C-C torsion 13.72%; C-C-O bending 10.82%
    9      186.08          --                 --  mixed C-C torsion / ring-site C-H out-of-plane bending         C-C torsion 44.56%; ring-site C-H out-of-plane bending 23.06%; C-C-O bending 6.21%; C-C out-of-plane bending 6.18%
   10      211.66          --                 --  mixed C-C torsion / ring-site C-H out-of-plane bending / cyclic-ring out-of-plane deformation C-C torsion 23.61%; ring-site C-H out-of-plane bending 22.90%; cyclic-ring out-of-plane deformation 19.60%; cyclic-ring torsional/out-of-plane deformation 17.00%
   11      250.78          --                 --  mixed ring-site C-H out-of-plane bending / C-C-C bending / C-C-O bending ring-site C-H out-of-plane bending 22.77%; C-C-C bending 21.19%; C-C-O bending 18.33%; cyclic-ring out-of-plane deformation 9.99%
   12      254.38          --                 --  mixed C-O torsion / ring-site C-H out-of-plane bending         C-O torsion 54.84%; ring-site C-H out-of-plane bending 13.57%; C-C-C bending 13.18%; C-H bending 5.25%
   13      323.13          --                 --  mixed cyclic-ring out-of-plane deformation / C-C-C bending     cyclic-ring out-of-plane deformation 35.35%; C-C-C bending 29.83%; ring-site C-H out-of-plane bending 10.66%; C-C torsion 5.64%
   14      382.61          --                 --  mixed ring-site C-H out-of-plane bending / cyclic-ring out-of-plane deformation ring-site C-H out-of-plane bending 47.56%; cyclic-ring out-of-plane deformation 24.50%; cyclic-ring deformation (C-C-C bend) 9.03%; C-C-C bending 7.62%
   15      437.72          --                 --  mixed C-C-O bending / C-C out-of-plane bending                 C-C-O bending 36.47%; C-C out-of-plane bending 12.02%; cyclic-ring deformation (O-C-C bend) 10.92%; C-H bending 9.08%
   16      472.07          --                 --  mixed ring-site C-H out-of-plane bending / cyclic-ring deformation (O-C-C bend) / cyclic-ring out-of-plane deformation ring-site C-H out-of-plane bending 27.03%; cyclic-ring deformation (O-C-C bend) 18.67%; cyclic-ring out-of-plane deformation 15.02%; cyclic-ring torsional/out-of-plane deformation 10.15%
   17      476.20          --                 --  mixed C-C-O bending / cyclic-ring out-of-plane deformation / ring-site C-H out-of-plane bending C-C-O bending 30.35%; cyclic-ring out-of-plane deformation 17.98%; ring-site C-H out-of-plane bending 17.26%; C-H bending 14.68%
   18      572.44          --                 --  mixed cyclic-ring deformation (C-C-C bend) / cyclic-ring out-of-plane deformation / mixed-phase cyclic C-C stretching cyclic-ring deformation (C-C-C bend) 31.41%; cyclic-ring out-of-plane deformation 18.41%; mixed-phase cyclic C-C stretching 15.11%; cyclic C-O stretching 8.65%
   19      763.94          --                 --  mixed cyclic C-O stretching / cyclic C-C stretching / C-H bending cyclic C-O stretching 22.73%; cyclic C-C stretching 21.82%; C-H bending 17.13%; ring-site C-H out-of-plane bending 11.49%
   20      800.25          --                 --  mixed ring-site C-H out-of-plane bending / C-H bending         ring-site C-H out-of-plane bending 27.06%; C-H bending 20.63%; mixed-phase cyclic C-C stretching 14.13%; C-C torsion 7.71%
   21      818.12          --                 --  mixed ring-site C-H out-of-plane bending / cyclic-ring deformation (C-C-C bend) ring-site C-H out-of-plane bending 54.70%; cyclic-ring deformation (C-C-C bend) 17.96%; cyclic C-C stretching 8.71%; exocyclic C-C stretching 5.56%
   22      839.53          --                 --  mixed ring-site C-H out-of-plane bending / ring-site C-H in-plane bending / cyclic C-C stretching ring-site C-H out-of-plane bending 39.10%; ring-site C-H in-plane bending 17.33%; cyclic C-C stretching 17.01%; cyclic-ring deformation (C-C-C bend) 6.66%
   23      908.47          --                 --  mixed C-H bending / mixed-phase cyclic C-C stretching          C-H bending 36.76%; mixed-phase cyclic C-C stretching 14.33%; ring-site C-H in-plane bending 8.85%; cyclic C-O stretching 8.42%
   24      928.00          --                 --  mixed mixed-phase cyclic C-C stretching / C-H bending          mixed-phase cyclic C-C stretching 33.44%; C-H bending 29.67%; cyclic-ring deformation (C-C-C bend) 14.34%; ring-site C-H in-plane bending 4.78%
   25      961.57          --                 --  mixed mixed-phase cyclic C-C stretching / C-H bending          mixed-phase cyclic C-C stretching 31.16%; C-H bending 16.77%; ring-site C-H out-of-plane bending 13.08%; cyclic-ring deformation (C-C-C bend) 12.94%
   26      973.96          --                 --  mixed C-H bending / mixed-phase cyclic C-C stretching / C-C out-of-plane bending C-H bending 37.57%; mixed-phase cyclic C-C stretching 22.31%; C-C out-of-plane bending 15.66%; ring-site C-H out-of-plane bending 9.19%
   27     1020.48          --                 --  mixed C-H bending / mixed-phase cyclic C-C stretching          C-H bending 32.04%; mixed-phase cyclic C-C stretching 17.50%; mixed-phase exocyclic C-C stretching 13.46%; ring-site C-H out-of-plane bending 7.82%
   28     1045.11          --                 --  mixed C-O stretching / C-H bending                             C-O stretching 47.61%; C-H bending 10.59%; ring-site C-H out-of-plane bending 9.98%; in-phase cyclic C-C stretching 5.48%
   29     1063.91          --                 --  mixed C-H bending / cyclic C-C stretching / C-O stretching     C-H bending 22.02%; cyclic C-C stretching 19.12%; C-O stretching 18.62%; exocyclic C-C stretching 14.91%
   30     1079.91          --                 --  mixed ring-site C-H out-of-plane bending / C-H bending         ring-site C-H out-of-plane bending 36.50%; C-H bending 20.11%; mixed-phase cyclic C-C stretching 8.22%; C-O stretching 7.88%
   31     1124.62          --                 --  mixed C-H bending / exocyclic C-C stretching / mixed-phase cyclic C-C stretching C-H bending 26.65%; exocyclic C-C stretching 25.00%; mixed-phase cyclic C-C stretching 16.97%; C-C-O bending 9.26%
   32     1140.54          --                 --  mixed C-H bending / ring-site C-H out-of-plane bending         C-H bending 38.79%; ring-site C-H out-of-plane bending 13.06%; C-C out-of-plane bending 11.03%; cyclic-ring out-of-plane deformation 9.16%
   33     1152.88          --                 --  mixed C-H bending / C-C torsion                                C-H bending 32.58%; C-C torsion 11.95%; mixed-phase cyclic C-C stretching 11.75%; cyclic-ring out-of-plane deformation 9.67%
   34     1185.94          --                 --  mixed C-C out-of-plane bending / C-C torsion                   C-C out-of-plane bending 38.89%; C-C torsion 15.42%; mixed-phase cyclic C-C stretching 12.24%; C-H bending 10.50%
   35     1192.61          --                 --  mixed C-C out-of-plane bending / C-H bending / ring-site C-H out-of-plane bending C-C out-of-plane bending 20.50%; C-H bending 20.49%; ring-site C-H out-of-plane bending 15.30%; O-H bending 13.50%
   36     1216.04          --                 --  mixed C-C out-of-plane bending / ring-site C-H out-of-plane bending C-C out-of-plane bending 61.19%; ring-site C-H out-of-plane bending 9.84%; C-H bending 8.43%; ring-site C-H in-plane bending 6.70%
   37     1243.25          --                 --  mixed C-H bending / C-C out-of-plane bending                   C-H bending 53.46%; C-C out-of-plane bending 20.89%; ring-site C-H out-of-plane bending 12.06%; O-H bending 7.34%
   38     1262.35          --                 --  mixed C-C out-of-plane bending / ring-site C-H out-of-plane bending C-C out-of-plane bending 57.94%; ring-site C-H out-of-plane bending 12.81%; mixed-phase cyclic C-C stretching 9.39%; ring-site C-H in-plane bending 5.62%
   39     1280.21          --                 --  mixed C-C out-of-plane bending / C-C torsion / C-H bending     C-C out-of-plane bending 19.84%; C-C torsion 17.12%; C-H bending 16.82%; O-H bending 15.06%
   40     1297.26          --                 --  mixed C-H bending / C-C torsion                                C-H bending 51.34%; C-C torsion 13.21%; ring-site C-H out-of-plane bending 13.18%; C-C out-of-plane bending 7.65%
   41     1355.90          --                 --  mixed C-H bending / mixed-phase cyclic C-C stretching          C-H bending 50.38%; mixed-phase cyclic C-C stretching 18.85%; cyclic-ring deformation (C-C-C bend) 13.61%; C-C out-of-plane bending 9.74%
   42     1369.87          --                 --  C-H bending                                                    C-H bending 83.94%; cyclic C-C stretching 5.03%; ring-site C-H out-of-plane bending 3.19%; exocyclic C-C stretching 2.13%
   43     1416.01          --                 --  C-H bending                                                    C-H bending 93.79%; exocyclic C-C stretching 3.88%
   44     1456.48          --                 --  C-H bending                                                    C-H bending 82.30%; exocyclic C-C stretching 6.44%; O-H bending 5.34%
   45     1468.30          --                 --  mixed C-H bending / ring-site C-H out-of-plane bending         C-H bending 64.76%; ring-site C-H out-of-plane bending 19.28%; mixed-phase cyclic C-C stretching 7.50%; cyclic-ring deformation (C-C-C bend) 3.54%
   46     1471.73          --                 --  mixed C-H bending / ring-site C-H out-of-plane bending         C-H bending 66.44%; ring-site C-H out-of-plane bending 21.92%; ring-site C-H in-plane bending 5.29%; cyclic C-C stretching 3.38%
   47     1491.13          --                 --  C-H bending                                                    C-H bending 76.73%; ring-site C-H out-of-plane bending 18.24%
   48     1494.38          --                 --  C-H bending                                                    C-H bending 83.40%; ring-site C-H out-of-plane bending 10.44%; cyclic C-C stretching 3.45%
   49     1514.50          --                 --  mixed C-H bending / mixed-phase cyclic C-C stretching          C-H bending 62.21%; mixed-phase cyclic C-C stretching 22.89%; cyclic-ring deformation (C-C-C bend) 4.84%; cyclic C-O stretching 3.34%
   50     1521.46          --                 --  C-H bending                                                    C-H bending 91.43%; C-C torsion 6.21%
   51     2967.09          --                 --  C-H stretching                                                 C-H stretching 99.03%
   52     2997.80          --                 --  mixed-phase C-H stretching                                     mixed-phase C-H stretching 97.62%
   53     3030.14          --                 --  C-H stretching                                                 C-H stretching 99.09%
   54     3046.98          --                 --  ring-site C-H stretching                                       ring-site C-H stretching 98.77%
   55     3061.37          --                 --  in-phase ring-site C-H stretching                              in-phase ring-site C-H stretching 99.24%
   56     3082.27          --                 --  mixed-phase ring-site C-H stretching                           mixed-phase ring-site C-H stretching 90.31%; C-H stretching 8.67%
   57     3083.21          --                 --  ring-site C-H stretching                                       ring-site C-H stretching 97.05%
   58     3087.08          --                 --  opposite-phase C-H stretching                                  opposite-phase C-H stretching 99.23%
   59     3102.96          --                 --  mixed-phase ring-site C-H stretching                           mixed-phase ring-site C-H stretching 98.97%
   60     3112.19          --                 --  opposite-phase ring-site C-H stretching                        opposite-phase ring-site C-H stretching 98.66%
   61     3115.67          --                 --  mixed-phase C-H stretching                                     mixed-phase C-H stretching 90.01%; ring-site C-H stretching 9.59%
   62     3820.89          --                 --  O-H stretching                                                 O-H stretching 99.92%

# Selected internal-coordinate set:
#   1  nu(C1-C2)
#   2  nu(O3-C4)
#   3  nu(C5-H15)
#   4  nu(C6-C7)
#   5  nu(O8-H19)
#   6  nu(C9-H20)
#   7  nu(C5-H14)
#   8  nu(C6-H16)
#   9  nu(C9-H21)
#  10  nu(C7-H17)
#  11  nu(C1-H12)
#  12  nu(C2-H13)
#  13  nu(C7-H18)
#  14  nu(C1-H11)
#  15  gamma(C6;C9,H20,H21)
#  16  gamma(C6;C5,H14,H15)
#  17  nu(C1-H10)
#  18  gamma(C4;C2,C1,H13)
#  19  nu(C7-O8)
#  20  gamma(O3;C4,C2,C5)
#  21  tau(C6-C7-O8-H19)
#  22  delta(O3-C4-C9)
#  23  tau(H16-C6-C7-H18)
#  24  delta(H14-C5-H15)
#  25  delta(H20-C9-H21)
#  26  delta(C1-C2-H13)
#  27  delta(H11-C1-H12)
#  28  delta(C7-O8-H19)
#  29  delta(H10-C1-H12)
#  30  delta(C7-C6-H16)
#  31  delta(H10-C1-H11)
#  32  delta(O8-C7-H17)
#  33  delta(C6-C7-H17)
#  34  delta(C5-C4-C9)
#  35  delta(H17-C7-H18)
#  36  gamma(C2;C4,O3,C9)
#  37  delta(C6-C7-H18)
#  38  gamma(H14;C5,C4,C6)
#  39  delta(C2-C1-H10)
#  40  nu(C5-C6)
#  41  delta(C6-C9-H21)
#  42  nu(C6-C9)
#  43  gamma(C2;C4,O3,C5)
#  44  tau(C7-C6-C9-H21)
#  45  delta(C2-C1-H11)
#  46  nu(C2-C4)
#  47  tau(C5-C6-C7-O8)
#  48  nu(C4-C9)
#  49  delta(C6-C7-O8)
#  50  tau(H12-C1-C2-O3)
#  51  tau(H14-C5-C6-C9)
#  52  nu(C4-C5)
#  53  delta(C1-C2-O3)
#  54  delta(C7-C6-C9)
#  55  delta(C5-C6-C7)
#  56  tau(C1-C2-O3-C4)
#  57  tau(C9-C4-C5-H14)

Wrote: /local/scratch/mv487/qm9s/experiment_1_phase2/ped/105632/105632_summary.csv
Wrote: /local/scratch/mv487/qm9s/experiment_1_phase2/ped/105632/105632_families.csv
Wrote: /local/scratch/mv487/qm9s/experiment_1_phase2/ped/105632/105632_ped.csv
Wrote: /local/scratch/mv487/qm9s/experiment_1_phase2/ped/105632/105632_ir_transitions.csv

# All generated files are in: /local/scratch/mv487/qm9s/experiment_1_phase2/ped/105632
# Manifest: /local/scratch/mv487/qm9s/experiment_1_phase2/ped/105632/105632_manifest.txt

--- stderr ---
Normal modes/frequencies absent or incomplete: diagonalizing Hessian.
