# Contact: romi@lens.unifi.it
# Manual: https://github.com/SebRoLENS/orca-ped-analyzer/blob/main/docs/ORCA_PED_Analyzer_Manual.md
# Check GitHub for updates and new releases: https://github.com/SebRoLENS/orca-ped-analyzer
#
# Molecule: 21 atoms | non-linear
# Bonds inferred: 22 | candidate ICs: 222 | selected ICs: 57
# Cartesian-Hessian reconstruction relative error: 5.896e-05
# Energy distribution: PED (PED is the backward-compatible default; TED includes kinetic-energy terms)
# Ring/cycle bonds detected: 7 | ring atoms: 6 | ring systems: 1
# VPT2: no matching .out file supplied/found -> harmonic/PED analysis only
#
 Mode   Harm/cm-1   VPT2/cm-1  Harm.Int/km mol-1  Assignment                                                     Grouped PED
------------------------------------------------------------------------------------------------------------------------------------------------------------------------------------------------
    6      168.73          --                 --  C-C torsion                                                    C-C torsion 99.17%
    7      195.42          --                 --  C-C torsion                                                    C-C torsion 94.41%
    8      197.12          --                 --  C-C torsion                                                    C-C torsion 97.13%
    9      215.16          --                 --  C-C torsion                                                    C-C torsion 93.72%; cyclic-ring deformation (C-C-C bend) 2.24%
   10      244.64          --                 --  mixed C-O torsion / C-C torsion / cyclic-ring torsional/out-of-plane deformation C-O torsion 42.53%; C-C torsion 35.53%; cyclic-ring torsional/out-of-plane deformation 15.11%; cyclic-ring out-of-plane deformation 2.39%
   11      265.95          --                 --  C-O torsion                                                    C-O torsion 99.08%
   12      292.69          --                 --  mixed C-C torsion / C-C-C bending                              C-C torsion 61.51%; C-C-C bending 14.42%; cyclic-ring torsional/out-of-plane deformation 4.26%; C-O torsion 4.14%
   13      324.47          --                 --  mixed cyclic-ring deformation (C-C-C bend) / C-O torsion / cyclic-ring torsional/out-of-plane deformation cyclic-ring deformation (C-C-C bend) 22.91%; C-O torsion 22.59%; cyclic-ring torsional/out-of-plane deformation 19.39%; cyclic-ring torsional/out-of-plane deformation 13.47%
   14      381.99          --                 --  mixed C-C torsion / C-O torsion                                C-C torsion 40.26%; C-O torsion 21.57%; cyclic-ring torsional/out-of-plane deformation 11.55%; cyclic C-C stretching 5.61%
   15      433.00          --                 --  mixed C-C torsion / cyclic-ring deformation (C-C-C bend) / C-O torsion C-C torsion 24.62%; cyclic-ring deformation (C-C-C bend) 18.43%; C-O torsion 17.58%; C-H bending 13.08%
   16      516.00          --                 --  mixed cyclic-ring deformation (C-C-C bend) / C-C torsion       cyclic-ring deformation (C-C-C bend) 26.40%; C-C torsion 22.10%; cyclic C-C stretching 12.56%; exocyclic C-O stretching 9.02%
   17      624.48          --                 --  mixed cyclic-ring deformation (C-C-C bend) / mixed-phase cyclic C-C stretching cyclic-ring deformation (C-C-C bend) 24.47%; mixed-phase cyclic C-C stretching 15.76%; C-C torsion 12.80%; C-H bending 10.80%
   18      637.42          --                 --  mixed cyclic-ring out-of-plane deformation / exocyclic C-C stretching / C-C torsion cyclic-ring out-of-plane deformation 39.73%; exocyclic C-C stretching 19.78%; C-C torsion 18.47%; mixed-phase cyclic C-C stretching 6.66%
   19      688.35          --                 --  mixed cyclic-ring deformation (C-C-C bend) / mixed-phase cyclic C-C stretching / C-C torsion cyclic-ring deformation (C-C-C bend) 30.06%; mixed-phase cyclic C-C stretching 23.81%; C-C torsion 17.45%; C-H bending 10.75%
   20      754.01          --                 --  mixed cyclic C-C stretching / C-H bending / C-C torsion        cyclic C-C stretching 26.99%; C-H bending 17.39%; C-C torsion 15.72%; cyclic-ring deformation (C-C-C bend) 14.82%
   21      804.87          --                 --  mixed mixed-phase cyclic C-C stretching / C-H bending          mixed-phase cyclic C-C stretching 58.51%; C-H bending 15.70%; C-C torsion 8.48%; cyclic-ring deformation (C-C-C bend) 6.10%
   22      873.92          --                 --  mixed cyclic C-O stretching / C-C torsion / C-H bending        cyclic C-O stretching 39.05%; C-C torsion 28.77%; C-H bending 17.32%; cyclic C-C stretching 5.95%
   23      895.31          --                 --  mixed C-H bending / mixed-phase cyclic C-C stretching          C-H bending 37.15%; mixed-phase cyclic C-C stretching 26.00%; C-C torsion 13.89%; cyclic-ring deformation (C-C-C bend) 6.13%
   24      922.27          --                 --  mixed mixed-phase cyclic C-O stretching / in-phase cyclic C-C stretching mixed-phase cyclic C-O stretching 34.46%; in-phase cyclic C-C stretching 20.81%; C-C torsion 10.46%; cyclic-ring out-of-plane deformation 8.46%
   25      945.03          --                 --  mixed mixed-phase cyclic C-C stretching / C-H bending          mixed-phase cyclic C-C stretching 48.29%; C-H bending 15.73%; ring-site C-H out-of-plane bending 9.02%; C-O torsion 5.60%
   26      965.36          --                 --  mixed mixed-phase cyclic C-O stretching / cyclic-ring deformation (C-C-C bend) mixed-phase cyclic C-O stretching 26.17%; cyclic-ring deformation (C-C-C bend) 21.53%; C-C torsion 14.69%; cyclic C-C stretching 13.96%
   27     1008.16          --                 --  mixed ring-site C-H out-of-plane bending / ring-site C-H in-plane bending ring-site C-H out-of-plane bending 29.95%; ring-site C-H in-plane bending 21.76%; C-H bending 11.57%; in-phase cyclic C-C stretching 9.64%
   28     1041.27          --                 --  mixed C-H bending / C-C torsion                                C-H bending 44.58%; C-C torsion 40.23%; ring-site C-H out-of-plane bending 4.03%; in-phase cyclic C-C stretching 3.77%
   29     1069.42          --                 --  mixed C-H bending / C-C torsion                                C-H bending 48.62%; C-C torsion 10.08%; C-O torsion 8.10%; ring-site C-H out-of-plane bending 7.73%
   30     1101.11          --                 --  mixed C-H bending / ring-site C-H in-plane bending             C-H bending 29.40%; ring-site C-H in-plane bending 19.47%; C-O torsion 13.04%; ring-site C-H out-of-plane bending 9.15%
   31     1113.53          --                 --  mixed exocyclic C-O stretching / C-H bending                   exocyclic C-O stretching 36.40%; C-H bending 18.57%; C-C torsion 13.17%; cyclic-ring deformation (C-C-C bend) 12.06%
   32     1135.24          --                 --  mixed C-H bending / C-C torsion / mixed-phase exocyclic C-C stretching C-H bending 27.88%; C-C torsion 23.43%; mixed-phase exocyclic C-C stretching 16.85%; exocyclic C-O stretching 9.02%
   33     1149.61          --                 --  mixed ring-site C-H in-plane bending / ring-site C-H out-of-plane bending / C-H bending ring-site C-H in-plane bending 36.51%; ring-site C-H out-of-plane bending 17.22%; C-H bending 15.88%; C-C torsion 11.55%
   34     1174.28          --                 --  mixed C-H bending / ring-site C-H in-plane bending             C-H bending 21.65%; ring-site C-H in-plane bending 19.30%; cyclic-ring deformation (C-C-C bend) 12.76%; C-C torsion 12.24%
   35     1201.96          --                 --  mixed C-C torsion / ring-site C-H in-plane bending / C-H bending C-C torsion 24.20%; ring-site C-H in-plane bending 23.40%; C-H bending 22.21%; mixed-phase cyclic C-C stretching 13.20%
   36     1208.95          --                 --  mixed C-C torsion / C-H bending                                C-C torsion 33.75%; C-H bending 21.98%; C-O torsion 10.32%; ring-site C-H in-plane bending 9.98%
   37     1228.63          --                 --  mixed ring-site C-H in-plane bending / ring-site C-H out-of-plane bending ring-site C-H in-plane bending 33.50%; ring-site C-H out-of-plane bending 18.19%; mixed-phase cyclic C-C stretching 13.21%; O-H bending 9.46%
   38     1268.20          --                 --  mixed C-H bending / ring-site C-H out-of-plane bending         C-H bending 15.46%; ring-site C-H out-of-plane bending 14.85%; O-H bending 14.20%; ring-site C-H in-plane bending 13.73%
   39     1282.07          --                 --  mixed C-C torsion / ring-site C-H out-of-plane bending / mixed-phase cyclic C-C stretching C-C torsion 35.25%; ring-site C-H out-of-plane bending 20.04%; mixed-phase cyclic C-C stretching 17.08%; ring-site C-H in-plane bending 7.12%
   40     1337.62          --                 --  mixed ring-site C-H in-plane bending / C-H bending             ring-site C-H in-plane bending 21.22%; C-H bending 20.84%; cyclic-ring out-of-plane deformation 11.24%; cyclic-ring deformation (C-C-C bend) 11.05%
   41     1355.50          --                 --  ring-site C-H in-plane bending                                 ring-site C-H in-plane bending 74.01%; cyclic C-C stretching 6.05%; C-H bending 3.65%; in-phase cyclic C-O stretching 3.48%
   42     1398.81          --                 --  mixed ring-site C-H out-of-plane bending / C-H bending / C-H out-of-plane bending ring-site C-H out-of-plane bending 30.00%; C-H bending 28.47%; C-H out-of-plane bending 24.14%; ring-site C-H in-plane bending 5.22%
   43     1415.33          --                 --  mixed C-H bending / C-H out-of-plane bending                   C-H bending 55.00%; C-H out-of-plane bending 36.27%; mixed-phase exocyclic C-C stretching 3.63%; ring-site C-H out-of-plane bending 2.47%
   44     1420.36          --                 --  mixed C-H bending / C-H out-of-plane bending                   C-H bending 50.71%; C-H out-of-plane bending 34.36%; ring-site C-H in-plane bending 6.27%; exocyclic C-C stretching 2.17%
   45     1433.82          --                 --  mixed C-H bending / C-H out-of-plane bending                   C-H bending 44.49%; C-H out-of-plane bending 15.32%; exocyclic C-C stretching 9.41%; in-phase cyclic C-C stretching 9.34%
   46     1486.97          --                 --  mixed C-C torsion / C-H bending                                C-C torsion 57.39%; C-H bending 40.38%
   47     1494.67          --                 --  mixed C-H bending / C-C torsion                                C-H bending 63.20%; C-C torsion 28.87%; C-H out-of-plane bending 6.95%
   48     1497.59          --                 --  mixed C-H bending / C-C torsion                                C-H bending 68.77%; C-C torsion 26.82%; C-H out-of-plane bending 3.98%
   49     1507.77          --                 --  mixed C-H bending / C-C torsion                                C-H bending 58.58%; C-C torsion 29.07%; C-H out-of-plane bending 7.87%; ring-site C-H in-plane bending 2.14%
   50     1536.68          --                 --  C-H bending                                                    C-H bending 78.42%; ring-site C-H in-plane bending 16.70%; C-C torsion 2.46%
   51     3024.36          --                 --  mixed-phase ring-site C-H stretching                           mixed-phase ring-site C-H stretching 97.62%
   52     3027.97          --                 --  mixed C-H stretching / in-phase ring-site C-H stretching       C-H stretching 78.78%; in-phase ring-site C-H stretching 20.83%
   53     3031.66          --                 --  mixed ring-site C-H stretching / C-H stretching                ring-site C-H stretching 79.53%; C-H stretching 20.01%
   54     3039.03          --                 --  in-phase C-H stretching                                        in-phase C-H stretching 98.68%
   55     3066.47          --                 --  opposite-phase ring-site C-H stretching                        opposite-phase ring-site C-H stretching 98.64%
   56     3079.24          --                 --  opposite-phase C-H stretching                                  opposite-phase C-H stretching 99.12%
   57     3098.38          --                 --  mixed mixed-phase ring-site C-H stretching / mixed-phase C-H stretching mixed-phase ring-site C-H stretching 56.60%; mixed-phase C-H stretching 42.31%
   58     3101.34          --                 --  opposite-phase C-H stretching                                  opposite-phase C-H stretching 98.85%
   59     3105.57          --                 --  ring-site C-H stretching                                       ring-site C-H stretching 87.20%; C-H stretching 11.65%
   60     3115.46          --                 --  mixed-phase C-H stretching                                     mixed-phase C-H stretching 89.11%; ring-site C-H stretching 10.11%
   61     3117.80          --                 --  mixed mixed-phase C-H stretching / ring-site C-H stretching    mixed-phase C-H stretching 56.50%; ring-site C-H stretching 42.93%
   62     3810.76          --                 --  O-H stretching                                                 O-H stretching 99.93%

# Selected internal-coordinate set:
#   1  nu(C1-H10)
#   2  nu(C2-C6)
#   3  nu(C3-C4)
#   4  nu(C7-H17)
#   5  nu(C8-O9)
#   6  nu(C4-O5)
#   7  nu(C2-C3)
#   8  nu(C1-H12)
#   9  nu(O5-C6)
#  10  nu(C7-H19)
#  11  nu(O9-H21)
#  12  nu(C8-H20)
#  13  nu(C2-H13)
#  14  nu(C1-H11)
#  15  nu(C7-H18)
#  16  nu(C4-H15)
#  17  tau(H20-C8-O9-H21)
#  18  nu(C4-H16)
#  19  gamma(H14;C3,C2,C4)
#  20  nu(C6-C8)
#  21  nu(C3-H14)
#  22  gamma(H18;C7,H17,H19)
#  23  gamma(H10;C1,H11,H12)
#  24  tau(H10-C1-C2-H13)
#  25  tau(O5-C6-C7-H18)
#  26  delta(H11-C1-H12)
#  27  delta(H17-C7-H19)
#  28  delta(H15-C4-H16)
#  29  delta(C8-O9-H21)
#  30  gamma(H13;C2,C3,C6)
#  31  tau(C6-C8-O9-H21)
#  32  delta(O5-C4-H16)
#  33  delta(O5-C4-H15)
#  34  delta(O9-C8-H20)
#  35  gamma(O5;C6,C2,C8)
#  36  tau(H14-C3-C8-C6)
#  37  delta(C2-C1-H11)
#  38  delta(C6-C7-H19)
#  39  tau(C1-C2-C6-C8)
#  40  tau(O5-C6-C7-H19)
#  41  delta(C3-C4-H15)
#  42  tau(H11-C1-C2-H13)
#  43  nu(C1-C2)
#  44  delta(C3-C8-H20)
#  45  tau(H12-C1-C2-C3)
#  46  delta(C6-C7-H17)
#  47  nu(C6-C7)
#  48  tau(C2-C6-C7-H19)
#  49  nu(C3-C8)
#  50  delta(C2-C1-H12)
#  51  delta(C4-C3-C8)
#  52  tau(C4-O5-C6-C7)
#  53  tau(C4-C3-C8-O9)
#  54  tau(C8-C6-C7-H17)
#  55  delta(C1-C2-C6)
#  56  delta(C2-C3-C4)
#  57  delta(C2-C6-C8)

Wrote: /local/scratch/mv487/qm9s/experiment_1_phase2/ped/76883/76883_summary.csv
Wrote: /local/scratch/mv487/qm9s/experiment_1_phase2/ped/76883/76883_families.csv
Wrote: /local/scratch/mv487/qm9s/experiment_1_phase2/ped/76883/76883_ped.csv
Wrote: /local/scratch/mv487/qm9s/experiment_1_phase2/ped/76883/76883_ir_transitions.csv

# All generated files are in: /local/scratch/mv487/qm9s/experiment_1_phase2/ped/76883
# Manifest: /local/scratch/mv487/qm9s/experiment_1_phase2/ped/76883/76883_manifest.txt

--- stderr ---
Normal modes/frequencies absent or incomplete: diagonalizing Hessian.
