# Contact: romi@lens.unifi.it
# Manual: https://github.com/SebRoLENS/orca-ped-analyzer/blob/main/docs/ORCA_PED_Analyzer_Manual.md
# Check GitHub for updates and new releases: https://github.com/SebRoLENS/orca-ped-analyzer
#
# Molecule: 12 atoms | non-linear
# Bonds inferred: 11 | candidate ICs: 55 | selected ICs: 30
# Cartesian-Hessian reconstruction relative error: 7.141e-06
# Energy distribution: PED (PED is the backward-compatible default; TED includes kinetic-energy terms)
# Ring/cycle bonds detected: 0 | ring atoms: 0 | ring systems: 0
# VPT2: no matching .out file supplied/found -> harmonic/PED analysis only
#
 Mode   Harm/cm-1   VPT2/cm-1  Harm.Int/km mol-1  Assignment                                                     Grouped PED
------------------------------------------------------------------------------------------------------------------------------------------------------------------------------------------------
    6       58.96          --                 --  mixed C-N torsion / N-C-C bending                              C-N torsion 52.03%; N-C-C bending 21.18%; C-N-C bending 13.02%; C-H bending 5.76%
    7      105.47          --                 --  mixed C-N torsion / C-C-N linear bending                       C-N torsion 57.83%; C-C-N linear bending 19.78%; N-C-C bending 15.97%; C-N out-of-plane bending 2.44%
    8      164.69          --                 --  mixed C-C-N linear bending / C-N torsion / C-N-C bending       C-C-N linear bending 30.70%; C-N torsion 26.75%; C-N-C bending 20.52%; N-C-C bending 14.05%
    9      203.08          --                 --  mixed C-N torsion / N-C-C bending / C-C-N linear bending       C-N torsion 35.36%; N-C-C bending 27.26%; C-C-N linear bending 27.11%; C-N-C bending 5.80%
   10      282.73          --                 --  mixed C-N-C bending / C-C-N linear bending / N-C-C bending     C-N-C bending 26.27%; C-C-N linear bending 21.26%; N-C-C bending 18.34%; N-C-N bending 15.98%
   11      349.95          --                 --  mixed C-N torsion / C-C-N linear bending                       C-N torsion 71.07%; C-C-N linear bending 23.73%; C-H bending 3.43%
   12      365.50          --                 --  mixed C-N torsion / C-C-N linear bending                       C-N torsion 45.12%; C-C-N linear bending 42.03%; C-H bending 7.78%; C-N out-of-plane bending 2.46%
   13      444.22          --                 --  mixed C-N torsion / C-N out-of-plane bending                   C-N torsion 47.26%; C-N out-of-plane bending 37.09%; C-C-N linear bending 3.63%; N-H bending 3.61%
   14      463.54          --                 --  mixed C-N out-of-plane bending / C-N torsion                   C-N out-of-plane bending 59.48%; C-N torsion 29.86%; N-H bending 8.43%
   15      473.45          --                 --  C-N torsion                                                    C-N torsion 75.85%; N-C-N bending 6.75%; C-C-N linear bending 6.72%; C-C stretching 2.99%
   16      596.80          --                 --  mixed N-C-C bending / C-C-N linear bending                     N-C-C bending 40.17%; C-C-N linear bending 20.24%; N-C-N bending 9.13%; C-N out-of-plane bending 7.90%
   17      650.74          --                 --  mixed N-C-C bending / opposite-phase C-C stretching            N-C-C bending 41.86%; opposite-phase C-C stretching 21.34%; C-C-N linear bending 13.65%; C-H bending 7.08%
   18      720.50          --                 --  mixed C-N torsion / C-C-N linear bending                       C-N torsion 66.30%; C-C-N linear bending 16.29%; N-C-C bending 5.81%; C-N out-of-plane bending 5.70%
   19      826.13          --                 --  mixed C-N stretching / C-C stretching / N-C-N bending          C-N stretching 35.14%; C-C stretching 23.14%; N-C-N bending 16.36%; C-N-C bending 9.83%
   20      909.16          --                 --  mixed mixed-phase C-C stretching / N-C-C bending               mixed-phase C-C stretching 47.36%; N-C-C bending 27.96%; C-H bending 10.55%; opposite-phase C-N stretching 5.99%
   21      985.93          --                 --  mixed C-N stretching / C-H bending                             C-N stretching 52.71%; C-H bending 17.34%; in-phase C-C stretching 14.94%; N-H bending 6.91%
   22     1003.05          --                 --  mixed C-H bending / N-H bending                                C-H bending 66.98%; N-H bending 12.10%; C-C stretching 4.93%; C-N-C bending 4.71%
   23     1152.20          --                 --  mixed mixed-phase C-N stretching / N-H bending                 mixed-phase C-N stretching 43.66%; N-H bending 39.39%; C-H bending 8.83%; N-C-C bending 6.04%
   24     1271.78          --                 --  C-H bending                                                    C-H bending 96.02%; C-N stretching 2.02%
   25     1337.81          --                 --  mixed C-H bending / C-N stretching                             C-H bending 34.77%; C-N stretching 29.41%; N-C-N bending 13.22%; C-C stretching 11.91%
   26     1369.31          --                 --  C-H bending                                                    C-H bending 70.39%; opposite-phase C-N stretching 7.65%; opposite-phase C-C stretching 7.28%; N-C-N bending 6.15%
   27     1471.44          --                 --  C-H bending                                                    C-H bending 96.39%; C-N torsion 2.23%
   28     1660.58          --                 --  N-H bending                                                    N-H bending 89.88%; C-N stretching 5.26%; C-N torsion 2.13%
   29     1704.39          --                 --  mixed-phase C-N stretching                                     mixed-phase C-N stretching 77.72%; N-H bending 9.08%; N-C-C bending 5.98%; C-H bending 2.33%
   30     2350.89          --                 --  C-N stretching                                                 C-N stretching 91.40%; C-C stretching 8.50%
   31     2367.29          --                 --  C-N stretching                                                 C-N stretching 89.94%; C-C stretching 9.91%
   32     2999.29          --                 --  C-H stretching                                                 C-H stretching 99.42%
   33     3092.62          --                 --  C-H stretching                                                 C-H stretching 99.39%
   34     3567.80          --                 --  in-phase N-H stretching                                        in-phase N-H stretching 99.67%
   35     3679.17          --                 --  opposite-phase N-H stretching                                  opposite-phase N-H stretching 99.68%

# Selected internal-coordinate set:
#   1  nu(N1-H10)
#   2  nu(C2-N3)
#   3  nu(C4-C5)
#   4  nu(C7-N8)
#   5  nu(C4-H12)
#   6  delta_lin1(C4-C5-N6)
#   7  nu(N1-H9)
#   8  delta_lin2(C2-C7-N8)
#   9  delta_lin1(C2-C7-N8)
#  10  gamma(C2;N1,H9,H10)
#  11  delta_lin2(C4-C5-N6)
#  12  nu(C4-H11)
#  13  delta(N1-C2-N3)
#  14  tau(C2-N3-C4-H11)
#  15  delta(H9-N1-H10)
#  16  nu(C5-N6)
#  17  nu(N3-C4)
#  18  delta(N3-C4-H12)
#  19  delta(H11-C4-H12)
#  20  delta(N3-C4-H11)
#  21  nu(N1-C2)
#  22  nu(C2-C7)
#  23  tau(H10-N1-C2-N3)
#  24  tau(H9-N1-C2-C7)
#  25  delta(C5-C4-H12)
#  26  delta(C2-N1-H10)
#  27  delta(N1-C2-C7)
#  28  delta(N3-C4-C5)
#  29  tau(C7-C2-N3-C4)
#  30  delta(C2-N3-C4)

Wrote: /local/scratch/mv487/qm9s/experiment_1_phase2/ped/8138/8138_summary.csv
Wrote: /local/scratch/mv487/qm9s/experiment_1_phase2/ped/8138/8138_families.csv
Wrote: /local/scratch/mv487/qm9s/experiment_1_phase2/ped/8138/8138_ped.csv
Wrote: /local/scratch/mv487/qm9s/experiment_1_phase2/ped/8138/8138_ir_transitions.csv

# All generated files are in: /local/scratch/mv487/qm9s/experiment_1_phase2/ped/8138
# Manifest: /local/scratch/mv487/qm9s/experiment_1_phase2/ped/8138/8138_manifest.txt

--- stderr ---
Normal modes/frequencies absent or incomplete: diagonalizing Hessian.
