# Contact: romi@lens.unifi.it
# Manual: https://github.com/SebRoLENS/orca-ped-analyzer/blob/main/docs/ORCA_PED_Analyzer_Manual.md
# Check GitHub for updates and new releases: https://github.com/SebRoLENS/orca-ped-analyzer
#
# Molecule: 14 atoms | non-linear
# Bonds inferred: 13 | candidate ICs: 77 | selected ICs: 36
# Cartesian-Hessian reconstruction relative error: 7.988e-06
# Energy distribution: PED (PED is the backward-compatible default; TED includes kinetic-energy terms)
# Ring/cycle bonds detected: 0 | ring atoms: 0 | ring systems: 0
# VPT2: no matching .out file supplied/found -> harmonic/PED analysis only
#
 Mode   Harm/cm-1   VPT2/cm-1  Harm.Int/km mol-1  Assignment                                                     Grouped PED
------------------------------------------------------------------------------------------------------------------------------------------------------------------------------------------------
    6       44.66          --                 --  mixed C-N torsion / C-C torsion                                C-N torsion 67.48%; C-C torsion 20.72%; C-C out-of-plane bending 2.69%; C-N-C bending 2.60%
    7       84.18          --                 --  mixed C-N torsion / C-C torsion                                C-N torsion 44.66%; C-C torsion 26.79%; C-C-N bending 7.56%; C-N-C bending 7.30%
    8      115.42          --                 --  C-N torsion                                                    C-N torsion 95.21%
    9      135.14          --                 --  mixed C-N torsion / C-C torsion / C-H bending                  C-N torsion 33.76%; C-C torsion 26.74%; C-H bending 16.01%; C-O torsion 8.14%
   10      192.02          --                 --  mixed C-O torsion / O-C-C bending                              C-O torsion 62.98%; O-C-C bending 9.01%; C-N torsion 8.22%; C-N-C bending 7.92%
   11      214.92          --                 --  mixed C-N-C bending / C-C-N bending / C-N torsion              C-N-C bending 27.29%; C-C-N bending 22.13%; C-N torsion 15.22%; C-O torsion 13.44%
   12      245.00          --                 --  mixed C-N-C bending / N-C-O bending                            C-N-C bending 52.49%; N-C-O bending 20.84%; C-N torsion 17.25%; O-C-C bending 3.25%
   13      268.05          --                 --  C-N torsion                                                    C-N torsion 88.06%; O-C-C bending 3.21%
   14      339.52          --                 --  mixed C-N-C bending / O-C-C bending                            C-N-C bending 41.77%; O-C-C bending 34.86%; C-H bending 6.63%; O-C-N bending 4.88%
   15      385.43          --                 --  mixed C-N stretching / C-C-N bending / C-N-C bending           C-N stretching 24.21%; C-C-N bending 20.58%; C-N-C bending 20.01%; C-C stretching 9.42%
   16      477.98          --                 --  mixed mixed-phase C-N stretching / O-C-N bending / N-C-O bending mixed-phase C-N stretching 33.55%; O-C-N bending 21.57%; N-C-O bending 18.72%; C-N-C bending 12.56%
   17      533.02          --                 --  mixed N-C-O bending / O-C-N bending                            N-C-O bending 54.74%; O-C-N bending 15.37%; C-C-N bending 9.49%; C-H bending 6.99%
   18      564.98          --                 --  mixed C-C out-of-plane bending / C-H bending                   C-C out-of-plane bending 45.31%; C-H bending 40.05%; C-N torsion 4.47%; C-C torsion 2.70%
   19      742.47          --                 --  mixed O-C-C bending / C-C stretching                           O-C-C bending 35.97%; C-C stretching 17.99%; C-C-N bending 10.65%; C-N stretching 6.10%
   20      878.26          --                 --  mixed mixed-phase C-N stretching / N-C-O bending               mixed-phase C-N stretching 65.91%; N-C-O bending 26.01%; C-H bending 4.78%
   21      941.65          --                 --  mixed C-C stretching / N-C-O bending / O-C-N bending           C-C stretching 29.18%; N-C-O bending 17.72%; O-C-N bending 16.05%; mixed-phase C-N stretching 10.75%
   22     1008.76          --                 --  C-H out-of-plane bending                                       C-H out-of-plane bending 74.72%; C-O out-of-plane bending 13.26%; C-N torsion 5.52%; C-H bending 4.31%
   23     1023.72          --                 --  mixed C-H bending / C-O out-of-plane bending                   C-H bending 60.83%; C-O out-of-plane bending 15.09%; C-C out-of-plane bending 8.52%; C-H out-of-plane bending 6.94%
   24     1026.44          --                 --  mixed C-O out-of-plane bending / C-H bending                   C-O out-of-plane bending 55.99%; C-H bending 23.46%; C-N torsion 9.80%; C-C out-of-plane bending 4.35%
   25     1117.71          --                 --  mixed C-O stretching / C-N stretching                          C-O stretching 69.11%; C-N stretching 5.15%; O-C-C bending 4.64%; C-H bending 4.59%
   26     1185.37          --                 --  mixed mixed-phase C-N stretching / C-H bending                 mixed-phase C-N stretching 43.68%; C-H bending 16.91%; N-C-O bending 10.57%; C-N-C bending 8.01%
   27     1230.92          --                 --  mixed opposite-phase C-N stretching / C-H bending / O-H bending opposite-phase C-N stretching 30.24%; C-H bending 18.00%; O-H bending 17.82%; C-N-C bending 14.70%
   28     1242.04          --                 --  mixed mixed-phase C-N stretching / O-H bending / C-H bending   mixed-phase C-N stretching 25.17%; O-H bending 23.07%; C-H bending 18.15%; O-C-N bending 11.40%
   29     1282.48          --                 --  C-H bending                                                    C-H bending 89.11%; O-H bending 3.57%; C-N stretching 2.81%
   30     1425.19          --                 --  C-H bending                                                    C-H bending 92.99%
   31     1439.89          --                 --  C-H bending                                                    C-H bending 82.18%; O-H bending 7.22%; C-C stretching 6.21%
   32     1466.90          --                 --  C-H bending                                                    C-H bending 94.15%; C-O stretching 2.43%; C-N stretching 2.32%
   33     1505.04          --                 --  C-H bending                                                    C-H bending 96.33%
   34     1779.46          --                 --  mixed-phase C-O stretching                                     mixed-phase C-O stretching 90.67%; C-H bending 3.13%; C-N stretching 2.24%
   35     1815.06          --                 --  mixed-phase C-O stretching                                     mixed-phase C-O stretching 75.31%; C-N-C bending 8.02%; C-C-N bending 6.11%; O-C-N bending 3.08%
   36     1866.70          --                 --  C-O stretching                                                 C-O stretching 84.47%; C-H bending 5.56%; in-phase C-N stretching 4.13%; C-N-C bending 2.48%
   37     2973.76          --                 --  mixed-phase C-H stretching                                     mixed-phase C-H stretching 99.34%
   38     3001.15          --                 --  C-H stretching                                                 C-H stretching 98.79%
   39     3008.15          --                 --  opposite-phase C-H stretching                                  opposite-phase C-H stretching 99.52%
   40     3063.35          --                 --  C-H stretching                                                 C-H stretching 98.50%
   41     3824.73          --                 --  O-H stretching                                                 O-H stretching 99.91%

# Selected internal-coordinate set:
#   1  nu(O1-H10)
#   2  nu(C2-H11)
#   3  nu(C3-O4)
#   4  nu(N5-C6)
#   5  nu(C8-O9)
#   6  nu(C2-H12)
#   7  nu(C6-H13)
#   8  nu(C8-H14)
#   9  gamma(O7;C6,N5,H13)
#  10  gamma(H14;C8,N5,O9)
#  11  nu(O1-C2)
#  12  gamma(C2;C3,O4,N5)
#  13  nu(C3-N5)
#  14  tau(H10-O1-C2-H11)
#  15  nu(C6-O7)
#  16  delta(O9-C8-H14)
#  17  delta(O4-C3-N5)
#  18  delta(C2-O1-H10)
#  19  delta(O7-C6-H13)
#  20  delta(H11-C2-H12)
#  21  delta(O1-C2-H11)
#  22  tau(C8-N5-C6-H13)
#  23  delta(C3-C2-H12)
#  24  nu(N5-C8)
#  25  delta(N5-C8-O9)
#  26  delta(N5-C6-O7)
#  27  tau(C3-N5-C6-O7)
#  28  nu(C2-C3)
#  29  delta(C3-C2-H11)
#  30  delta(O1-C2-C3)
#  31  tau(C6-N5-C8-H14)
#  32  delta(C3-N5-C8)
#  33  tau(O1-C2-C3-N5)
#  34  delta(C3-N5-C6)
#  35  tau(C2-C3-N5-C6)
#  36  delta(C2-C3-N5)

Wrote: /local/scratch/mv487/qm9s/experiment_1_phase2/ped/90891/90891_summary.csv
Wrote: /local/scratch/mv487/qm9s/experiment_1_phase2/ped/90891/90891_families.csv
Wrote: /local/scratch/mv487/qm9s/experiment_1_phase2/ped/90891/90891_ped.csv
Wrote: /local/scratch/mv487/qm9s/experiment_1_phase2/ped/90891/90891_ir_transitions.csv

# All generated files are in: /local/scratch/mv487/qm9s/experiment_1_phase2/ped/90891
# Manifest: /local/scratch/mv487/qm9s/experiment_1_phase2/ped/90891/90891_manifest.txt

--- stderr ---
Normal modes/frequencies absent or incomplete: diagonalizing Hessian.
