# Contact: romi@lens.unifi.it
# Manual: https://github.com/SebRoLENS/orca-ped-analyzer/blob/main/docs/ORCA_PED_Analyzer_Manual.md
# Check GitHub for updates and new releases: https://github.com/SebRoLENS/orca-ped-analyzer
#
# Molecule: 16 atoms | non-linear
# Bonds inferred: 16 | candidate ICs: 105 | selected ICs: 42
# Cartesian-Hessian reconstruction relative error: 2.136e-05
# Energy distribution: PED (PED is the backward-compatible default; TED includes kinetic-energy terms)
# Ring/cycle bonds detected: 6 | ring atoms: 6 | ring systems: 1
# VPT2: no matching .out file supplied/found -> harmonic/PED analysis only
#
 Mode   Harm/cm-1   VPT2/cm-1  Harm.Int/km mol-1  Assignment                                                     Grouped PED
------------------------------------------------------------------------------------------------------------------------------------------------------------------------------------------------
    6       28.55          --                 --  C-C torsion                                                    C-C torsion 77.11%; C-O torsion 15.47%; C-C-C bending 3.30%
    7      123.77          --                 --  mixed C-C-C bending / C-C out-of-plane bending / C-C torsion   C-C-C bending 34.99%; C-C out-of-plane bending 20.10%; C-C torsion 18.81%; ring-site C-H out-of-plane bending 9.65%
    8      216.36          --                 --  mixed C-C torsion / C-C-C bending                              C-C torsion 69.30%; C-C-C bending 18.85%; C-C out-of-plane bending 4.07%; cyclic-ring deformation (C-N-C bend) 2.03%
    9      249.59          --                 --  C-C torsion                                                    C-C torsion 91.77%; C-C-C bending 4.58%
   10      291.59          --                 --  mixed C-C torsion / C-C-C bending / C-C out-of-plane bending   C-C torsion 38.56%; C-C-C bending 25.50%; C-C out-of-plane bending 20.16%; C-C-O bending 4.91%
   11      350.97          --                 --  mixed cyclic-ring torsional/out-of-plane deformation / ring-site C-H out-of-plane bending cyclic-ring torsional/out-of-plane deformation 40.81%; ring-site C-H out-of-plane bending 26.36%; C-O torsion 14.33%; C-O out-of-plane bending 4.81%
   12      385.53          --                 --  mixed C-C-O bending / C-O out-of-plane bending                 C-C-O bending 36.89%; C-O out-of-plane bending 16.33%; C-C torsion 10.23%; C-C-C bending 9.02%
   13      405.53          --                 --  mixed cyclic-ring torsional/out-of-plane deformation / C-O torsion / ring-site C-H out-of-plane bending cyclic-ring torsional/out-of-plane deformation 26.75%; C-O torsion 22.72%; ring-site C-H out-of-plane bending 21.43%; C-C out-of-plane bending 7.65%
   14      475.99          --                 --  mixed C-C-O bending / C-C-C bending                            C-C-O bending 30.00%; C-C-C bending 23.52%; C-H bending 12.91%; C-C torsion 10.44%
   15      558.04          --                 --  mixed ring-site C-H out-of-plane bending / C-C-C bending       ring-site C-H out-of-plane bending 26.01%; C-C-C bending 21.87%; C-C torsion 14.39%; C-O out-of-plane bending 10.36%
   16      647.93          --                 --  mixed C-C out-of-plane bending / C-C-C bending                 C-C out-of-plane bending 44.53%; C-C-C bending 11.45%; cyclic-ring deformation (C-N-C bend) 11.33%; C-C torsion 9.90%
   17      695.45          --                 --  mixed C-C out-of-plane bending / cyclic-ring deformation (C-C-N bend) / cyclic-ring deformation (C-N-C bend) C-C out-of-plane bending 28.68%; cyclic-ring deformation (C-C-N bend) 26.00%; cyclic-ring deformation (C-N-C bend) 18.62%; C-C torsion 6.67%
   18      806.22          --                 --  mixed cyclic-ring torsional/out-of-plane deformation / ring-site C-H out-of-plane bending cyclic-ring torsional/out-of-plane deformation 41.19%; ring-site C-H out-of-plane bending 24.55%; C-C torsion 8.17%; cyclic-ring deformation (N-N-C bend) 7.43%
   19      823.93          --                 --  mixed cyclic-ring deformation (N-N-C bend) / C-C out-of-plane bending cyclic-ring deformation (N-N-C bend) 18.30%; C-C out-of-plane bending 14.02%; C-C torsion 9.94%; exocyclic C-C stretching 9.22%
   20      918.23          --                 --  mixed ring-site C-H out-of-plane bending / C-H bending         ring-site C-H out-of-plane bending 50.22%; C-H bending 21.07%; C-C stretching 10.32%; C-O stretching 5.36%
   21      920.42          --                 --  mixed ring-site C-H out-of-plane bending / C-H bending         ring-site C-H out-of-plane bending 33.48%; C-H bending 25.23%; C-C stretching 10.71%; C-O stretching 9.90%
   22      980.40          --                 --  ring-site C-H out-of-plane bending                             ring-site C-H out-of-plane bending 95.71%; cyclic-ring torsional/out-of-plane deformation 3.79%
   23     1006.14          --                 --  mixed cyclic N-N stretching / mixed-phase cyclic C-N stretching cyclic N-N stretching 50.97%; mixed-phase cyclic C-N stretching 17.98%; cyclic C-C stretching 10.63%; cyclic-ring deformation (N-N-C bend) 8.54%
   24     1037.97          --                 --  mixed C-H bending / C-O stretching                             C-H bending 51.95%; C-O stretching 13.34%; C-C out-of-plane bending 9.26%; C-C stretching 8.50%
   25     1068.45          --                 --  mixed cyclic C-N stretching / cyclic-ring deformation (C-C-N bend) / cyclic-ring deformation (C-N-C bend) cyclic C-N stretching 28.49%; cyclic-ring deformation (C-C-N bend) 21.39%; cyclic-ring deformation (C-N-C bend) 21.29%; cyclic N-N stretching 15.40%
   26     1095.67          --                 --  mixed C-C-C bending / C-H bending / C-C stretching             C-C-C bending 18.40%; C-H bending 17.49%; C-C stretching 17.28%; C-O out-of-plane bending 16.80%
   27     1140.22          --                 --  mixed C-H bending / C-O stretching                             C-H bending 40.30%; C-O stretching 22.73%; C-C-O bending 10.17%; cyclic C-C stretching 4.05%
   28     1161.14          --                 --  mixed-phase cyclic C-N stretching                              mixed-phase cyclic C-N stretching 78.57%; cyclic C-C stretching 10.95%
   29     1250.50          --                 --  mixed C-H bending / ring-site C-H in-plane bending             C-H bending 23.93%; ring-site C-H in-plane bending 16.75%; exocyclic C-C stretching 14.69%; cyclic C-N stretching 13.58%
   30     1270.89          --                 --  mixed mixed-phase cyclic C-N stretching / C-H bending          mixed-phase cyclic C-N stretching 29.40%; C-H bending 24.21%; O-H bending 14.15%; cyclic-ring deformation (C-C-N bend) 9.58%
   31     1309.21          --                 --  mixed mixed-phase cyclic C-N stretching / C-H bending          mixed-phase cyclic C-N stretching 32.81%; C-H bending 18.86%; O-H bending 12.91%; exocyclic C-C stretching 9.02%
   32     1340.54          --                 --  mixed ring-site C-H in-plane bending / mixed-phase cyclic C-N stretching ring-site C-H in-plane bending 57.43%; mixed-phase cyclic C-N stretching 21.13%; C-O out-of-plane bending 10.00%; C-C torsion 3.44%
   33     1354.60          --                 --  mixed C-O out-of-plane bending / C-C torsion                   C-O out-of-plane bending 65.42%; C-C torsion 14.22%; ring-site C-H in-plane bending 3.73%; O-H bending 3.55%
   34     1411.31          --                 --  mixed C-H out-of-plane bending / C-H bending                   C-H out-of-plane bending 65.08%; C-H bending 32.66%
   35     1430.90          --                 --  mixed O-H bending / C-H bending                                O-H bending 41.84%; C-H bending 21.81%; C-C out-of-plane bending 6.72%; C-O out-of-plane bending 6.42%
   36     1472.91          --                 --  mixed ring-site C-H in-plane bending / mixed-phase cyclic C-N stretching ring-site C-H in-plane bending 51.37%; mixed-phase cyclic C-N stretching 16.06%; cyclic N-N stretching 11.45%; cyclic C-C stretching 8.52%
   37     1491.13          --                 --  mixed C-C torsion / C-H bending                                C-C torsion 50.28%; C-H bending 29.05%; O-H bending 7.42%; exocyclic C-C stretching 3.40%
   38     1500.40          --                 --  mixed C-H bending / C-C torsion                                C-H bending 65.87%; C-C torsion 16.76%; C-H out-of-plane bending 14.20%
   39     1562.64          --                 --  mixed mixed-phase cyclic C-N stretching / C-C-C bending        mixed-phase cyclic C-N stretching 60.40%; C-C-C bending 9.17%; cyclic-ring deformation (C-C-N bend) 8.77%; ring-site C-H in-plane bending 7.23%
   40     1589.46          --                 --  mixed mixed-phase cyclic C-N stretching / cyclic C-C stretching / ring-site C-H in-plane bending mixed-phase cyclic C-N stretching 40.94%; cyclic C-C stretching 22.60%; ring-site C-H in-plane bending 20.47%; cyclic-ring deformation (C-N-C bend) 7.15%
   41     2997.65          --                 --  C-H stretching                                                 C-H stretching 97.98%
   42     3038.86          --                 --  C-H stretching                                                 C-H stretching 99.60%
   43     3108.28          --                 --  opposite-phase C-H stretching                                  opposite-phase C-H stretching 99.40%
   44     3123.92          --                 --  mixed-phase C-H stretching                                     mixed-phase C-H stretching 99.37%
   45     3179.81          --                 --  ring-site C-H stretching                                       ring-site C-H stretching 98.58%
   46     3191.48          --                 --  ring-site C-H stretching                                       ring-site C-H stretching 99.19%
   47     3679.91          --                 --  O-H stretching                                                 O-H stretching 99.89%

# Selected internal-coordinate set:
#   1  nu(C1-H12)
#   2  nu(C2-C4)
#   3  nu(C5-H15)
#   4  nu(N6-N7)
#   5  nu(C8-H16)
#   6  nu(O3-H14)
#   7  nu(C2-H13)
#   8  nu(C1-H11)
#   9  nu(C8-N9)
#  10  nu(C1-H10)
#  11  tau(H15-C5-N6-N7)
#  12  tau(H16-C8-N9-C4)
#  13  nu(C2-O3)
#  14  tau(N7-C8-N9-C4)
#  15  nu(C5-N6)
#  16  nu(C4-N9)
#  17  tau(C4-C5-N6-N7)
#  18  tau(H13-C2-O3-H14)
#  19  nu(N7-C8)
#  20  gamma(H12;C1,H10,H11)
#  21  gamma(O3;C2,C4,H13)
#  22  delta(H10-C1-H11)
#  23  delta(N6-C5-H15)
#  24  delta(N6-N7-C8)
#  25  tau(H12-C1-C2-O3)
#  26  delta(C2-O3-H14)
#  27  delta(N9-C8-H16)
#  28  delta(C4-C2-H13)
#  29  delta(C4-N9-C8)
#  30  nu(C4-C5)
#  31  tau(O3-C2-C4-C5)
#  32  delta(C2-C1-H12)
#  33  delta(C4-C5-N6)
#  34  tau(H11-C1-C2-C4)
#  35  delta(C2-C1-H11)
#  36  nu(C1-C2)
#  37  tau(H13-C2-C4-N9)
#  38  gamma(C4;C2,C1,O3)
#  39  tau(N6-N7-C8-H16)
#  40  delta(C1-C2-O3)
#  41  delta(C2-C4-C5)
#  42  delta(C1-C2-C4)

Wrote: /local/scratch/mv487/qm9s/experiment_1_phase2/ped/115271/115271_summary.csv
Wrote: /local/scratch/mv487/qm9s/experiment_1_phase2/ped/115271/115271_families.csv
Wrote: /local/scratch/mv487/qm9s/experiment_1_phase2/ped/115271/115271_ped.csv
Wrote: /local/scratch/mv487/qm9s/experiment_1_phase2/ped/115271/115271_ir_transitions.csv

# All generated files are in: /local/scratch/mv487/qm9s/experiment_1_phase2/ped/115271
# Manifest: /local/scratch/mv487/qm9s/experiment_1_phase2/ped/115271/115271_manifest.txt

--- stderr ---
Normal modes/frequencies absent or incomplete: diagonalizing Hessian.
