# Contact: romi@lens.unifi.it
# Manual: https://github.com/SebRoLENS/orca-ped-analyzer/blob/main/docs/ORCA_PED_Analyzer_Manual.md
# Check GitHub for updates and new releases: https://github.com/SebRoLENS/orca-ped-analyzer
#
# Molecule: 20 atoms | non-linear
# Bonds inferred: 21 | candidate ICs: 206 | selected ICs: 54
# Cartesian-Hessian reconstruction relative error: 3.387e-05
# Energy distribution: PED (PED is the backward-compatible default; TED includes kinetic-energy terms)
# Ring/cycle bonds detected: 6 | ring atoms: 5 | ring systems: 1
# VPT2: no matching .out file supplied/found -> harmonic/PED analysis only
#
 Mode   Harm/cm-1   VPT2/cm-1  Harm.Int/km mol-1  Assignment                                                     Grouped PED
------------------------------------------------------------------------------------------------------------------------------------------------------------------------------------------------
    6       83.01          --                 --  mixed C-C torsion / C-O torsion                                C-C torsion 57.31%; C-O torsion 21.09%; C-C-N bending 11.53%; ring-site C-H out-of-plane bending 2.81%
    7      126.01          --                 --  mixed cyclic-ring torsional/out-of-plane deformation / cyclic-ring torsional/out-of-plane deformation / C-C-N bending cyclic-ring torsional/out-of-plane deformation 34.10%; cyclic-ring torsional/out-of-plane deformation 27.81%; C-C-N bending 17.26%; C-C torsion 6.97%
    8      154.13          --                 --  mixed C-C torsion / cyclic-ring torsional/out-of-plane deformation C-C torsion 48.72%; cyclic-ring torsional/out-of-plane deformation 18.95%; cyclic-ring torsional/out-of-plane deformation 12.90%; C-C-O bending 6.71%
    9      216.26          --                 --  mixed cyclic-ring torsional/out-of-plane deformation / cyclic-ring torsional/out-of-plane deformation cyclic-ring torsional/out-of-plane deformation 57.40%; cyclic-ring torsional/out-of-plane deformation 16.74%; cyclic C-C stretching 8.40%; C-H bending 4.45%
   10      229.19          --                 --  mixed C-O torsion / cyclic-ring torsional/out-of-plane deformation C-O torsion 67.54%; cyclic-ring torsional/out-of-plane deformation 14.87%; mixed-phase cyclic C-C stretching 5.95%; cyclic-ring torsional/out-of-plane deformation 5.43%
   11      295.88          --                 --  mixed cyclic-ring torsional/out-of-plane deformation / C-C-O bending cyclic-ring torsional/out-of-plane deformation 28.96%; C-C-O bending 27.17%; cyclic-ring torsional/out-of-plane deformation 10.20%; mixed-phase cyclic C-C stretching 9.62%
   12      360.59          --                 --  mixed cyclic-ring torsional/out-of-plane deformation / cyclic-ring torsional/out-of-plane deformation / opposite-phase cyclic C-C stretching cyclic-ring torsional/out-of-plane deformation 40.91%; cyclic-ring torsional/out-of-plane deformation 26.35%; opposite-phase cyclic C-C stretching 18.84%; ring-site C-H out-of-plane bending 4.21%
   13      408.57          --                 --  mixed C-O torsion / cyclic-ring torsional/out-of-plane deformation C-O torsion 35.38%; cyclic-ring torsional/out-of-plane deformation 29.75%; cyclic-ring torsional/out-of-plane deformation 14.56%; C-H bending 6.69%
   14      430.64          --                 --  mixed cyclic-ring torsional/out-of-plane deformation / cyclic-ring torsional/out-of-plane deformation cyclic-ring torsional/out-of-plane deformation 54.98%; cyclic-ring torsional/out-of-plane deformation 10.53%; C-O torsion 9.47%; cyclic C-N stretching 6.65%
   15      453.55          --                 --  mixed C-O torsion / C-C-N bending / cyclic-ring torsional/out-of-plane deformation C-O torsion 22.60%; C-C-N bending 22.12%; cyclic-ring torsional/out-of-plane deformation 18.00%; cyclic C-N stretching 11.22%
   16      518.23          --                 --  mixed cyclic-ring torsional/out-of-plane deformation / ring-site C-H out-of-plane bending cyclic-ring torsional/out-of-plane deformation 37.70%; ring-site C-H out-of-plane bending 27.28%; cyclic C-N stretching 9.84%; cyclic C-C stretching 7.35%
   17      570.11          --                 --  mixed ring-site C-H out-of-plane bending / cyclic-ring torsional/out-of-plane deformation ring-site C-H out-of-plane bending 51.67%; cyclic-ring torsional/out-of-plane deformation 15.49%; in-phase cyclic C-C stretching 8.51%; cyclic C-N stretching 6.41%
   18      605.33          --                 --  mixed cyclic C-N stretching / ring-site C-H out-of-plane bending / cyclic-ring torsional/out-of-plane deformation cyclic C-N stretching 38.16%; ring-site C-H out-of-plane bending 32.08%; cyclic-ring torsional/out-of-plane deformation 17.17%; in-phase exocyclic C-C stretching 5.28%
   19      659.82          --                 --  mixed mixed-phase cyclic C-N stretching / cyclic-ring deformation (N-C-C bend) mixed-phase cyclic C-N stretching 39.85%; cyclic-ring deformation (N-C-C bend) 13.73%; ring-site C-H out-of-plane bending 11.87%; in-phase cyclic C-C stretching 11.59%
   20      688.37          --                 --  mixed ring-site C-H out-of-plane bending / cyclic-ring torsional/out-of-plane deformation / cyclic C-N stretching ring-site C-H out-of-plane bending 36.82%; cyclic-ring torsional/out-of-plane deformation 29.84%; cyclic C-N stretching 23.06%; cyclic-ring torsional/out-of-plane deformation 3.83%
   21      782.62          --                 --  mixed mixed-phase cyclic C-N stretching / ring-site C-H out-of-plane bending mixed-phase cyclic C-N stretching 30.32%; ring-site C-H out-of-plane bending 29.18%; mixed-phase cyclic C-C stretching 11.04%; C-H bending 7.30%
   22      806.93          --                 --  mixed mixed-phase cyclic C-N stretching / cyclic-ring torsional/out-of-plane deformation mixed-phase cyclic C-N stretching 49.27%; cyclic-ring torsional/out-of-plane deformation 14.37%; opposite-phase cyclic C-C stretching 7.72%; ring-site C-H out-of-plane bending 7.49%
   23      881.26          --                 --  mixed cyclic C-N stretching / cyclic-ring deformation (N-C-C bend) cyclic C-N stretching 48.04%; cyclic-ring deformation (N-C-C bend) 13.74%; ring-site C-H out-of-plane bending 9.40%; C-H bending 7.85%
   24      943.82          --                 --  mixed ring-site C-H out-of-plane bending / C-H bending         ring-site C-H out-of-plane bending 49.53%; C-H bending 25.34%; opposite-phase exocyclic C-C stretching 13.06%
   25      949.86          --                 --  mixed cyclic-ring deformation (N-C-C bend) / in-phase cyclic C-C stretching / in-phase cyclic C-N stretching cyclic-ring deformation (N-C-C bend) 40.59%; in-phase cyclic C-C stretching 20.40%; in-phase cyclic C-N stretching 19.04%; ring-site C-H out-of-plane bending 5.05%
   26      973.87          --                 --  mixed C-H bending / mixed-phase cyclic C-C stretching          C-H bending 22.61%; mixed-phase cyclic C-C stretching 19.38%; mixed-phase cyclic C-N stretching 14.75%; in-phase exocyclic C-C stretching 13.21%
   27      978.98          --                 --  mixed ring-site C-H out-of-plane bending / opposite-phase cyclic C-C stretching ring-site C-H out-of-plane bending 66.59%; opposite-phase cyclic C-C stretching 9.87%; cyclic-ring deformation (N-C-C bend) 9.55%; opposite-phase cyclic C-N stretching 6.70%
   28     1038.56          --                 --  mixed C-O stretching / ring-site C-H out-of-plane bending      C-O stretching 53.13%; ring-site C-H out-of-plane bending 19.35%; C-H bending 7.68%; opposite-phase cyclic C-C stretching 4.61%
   29     1065.98          --                 --  ring-site C-H out-of-plane bending                             ring-site C-H out-of-plane bending 82.14%; ring-site C-H in-plane bending 9.21%
   30     1073.24          --                 --  mixed ring-site C-H out-of-plane bending / opposite-phase cyclic C-C stretching ring-site C-H out-of-plane bending 44.79%; opposite-phase cyclic C-C stretching 16.17%; C-H bending 9.78%; cyclic-ring torsional/out-of-plane deformation 7.24%
   31     1090.40          --                 --  ring-site C-H out-of-plane bending                             ring-site C-H out-of-plane bending 73.48%; O-H bending 7.11%; C-H bending 4.99%; ring-site C-H in-plane bending 3.79%
   32     1109.11          --                 --  mixed C-H bending / ring-site C-H out-of-plane bending         C-H bending 41.13%; ring-site C-H out-of-plane bending 20.39%; cyclic-ring torsional/out-of-plane deformation 13.61%; cyclic C-N stretching 7.36%
   33     1161.64          --                 --  mixed ring-site C-H out-of-plane bending / ring-site C-H in-plane bending ring-site C-H out-of-plane bending 66.53%; ring-site C-H in-plane bending 11.83%; C-H bending 8.08%; cyclic-ring torsional/out-of-plane deformation 6.46%
   34     1181.73          --                 --  mixed ring-site C-H out-of-plane bending / C-N out-of-plane bending ring-site C-H out-of-plane bending 58.99%; C-N out-of-plane bending 12.47%; C-H bending 11.95%; ring-site C-H in-plane bending 5.82%
   35     1187.22          --                 --  mixed ring-site C-H out-of-plane bending / C-N out-of-plane bending ring-site C-H out-of-plane bending 54.17%; C-N out-of-plane bending 15.14%; ring-site C-H in-plane bending 11.25%; C-H bending 10.01%
   36     1219.51          --                 --  mixed ring-site C-H out-of-plane bending / C-N out-of-plane bending ring-site C-H out-of-plane bending 37.45%; C-N out-of-plane bending 10.73%; C-H bending 10.42%; exocyclic C-O stretching 10.32%
   37     1241.55          --                 --  mixed ring-site C-H out-of-plane bending / C-N out-of-plane bending ring-site C-H out-of-plane bending 40.73%; C-N out-of-plane bending 14.18%; cyclic-ring torsional/out-of-plane deformation 12.38%; mixed-phase exocyclic C-C stretching 10.02%
   38     1266.46          --                 --  mixed C-H bending / ring-site C-H out-of-plane bending         C-H bending 22.52%; ring-site C-H out-of-plane bending 21.66%; O-H bending 13.27%; cyclic-ring torsional/out-of-plane deformation 11.13%
   39     1274.48          --                 --  mixed ring-site C-H out-of-plane bending / in-phase cyclic C-C stretching ring-site C-H out-of-plane bending 26.97%; in-phase cyclic C-C stretching 23.04%; O-H bending 12.45%; exocyclic C-O stretching 12.38%
   40     1335.61          --                 --  mixed C-H bending / O-H bending                                C-H bending 42.02%; O-H bending 23.74%; cyclic C-C stretching 12.08%; ring-site C-H out-of-plane bending 8.55%
   41     1368.61          --                 --  mixed C-H bending / cyclic C-C stretching                      C-H bending 54.39%; cyclic C-C stretching 15.62%; O-H bending 11.60%; ring-site C-H out-of-plane bending 3.52%
   42     1418.50          --                 --  C-H bending                                                    C-H bending 90.92%; exocyclic C-C stretching 4.77%; O-H bending 2.34%
   43     1433.91          --                 --  C-H bending                                                    C-H bending 78.12%; O-H bending 14.28%; exocyclic C-C stretching 3.16%
   44     1493.20          --                 --  mixed C-H bending / ring-site C-H out-of-plane bending         C-H bending 73.41%; ring-site C-H out-of-plane bending 23.29%
   45     1503.79          --                 --  C-H bending                                                    C-H bending 89.61%; ring-site C-H out-of-plane bending 7.44%
   46     1523.52          --                 --  mixed ring-site C-H out-of-plane bending / C-H bending         ring-site C-H out-of-plane bending 53.03%; C-H bending 44.30%
   47     1547.68          --                 --  mixed C-H bending / ring-site C-H out-of-plane bending         C-H bending 55.73%; ring-site C-H out-of-plane bending 34.00%; ring-site C-H in-plane bending 6.80%
   48     1578.34          --                 --  mixed ring-site C-H out-of-plane bending / C-H bending         ring-site C-H out-of-plane bending 67.33%; C-H bending 28.24%; ring-site C-H in-plane bending 2.07%
   49     3045.98          --                 --  mixed-phase C-H stretching                                     mixed-phase C-H stretching 98.33%
   50     3049.21          --                 --  C-H stretching                                                 C-H stretching 96.64%; ring-site C-H stretching 2.84%
   51     3076.39          --                 --  mixed-phase ring-site C-H stretching                           mixed-phase ring-site C-H stretching 97.40%
   52     3085.66          --                 --  mixed ring-site C-H stretching / C-H stretching                ring-site C-H stretching 57.90%; C-H stretching 41.33%
   53     3087.51          --                 --  mixed mixed-phase C-H stretching / ring-site C-H stretching    mixed-phase C-H stretching 60.30%; ring-site C-H stretching 38.88%
   54     3105.67          --                 --  opposite-phase C-H stretching                                  opposite-phase C-H stretching 99.06%
   55     3142.59          --                 --  mixed-phase C-H stretching                                     mixed-phase C-H stretching 88.19%; mixed-phase ring-site C-H stretching 11.30%
   56     3169.07          --                 --  mixed-phase ring-site C-H stretching                           mixed-phase ring-site C-H stretching 95.10%; ring-site C-H out-of-plane bending 3.23%
   57     3182.24          --                 --  mixed-phase ring-site C-H stretching                           mixed-phase ring-site C-H stretching 88.81%; C-H stretching 10.46%
   58     3758.97          --                 --  O-H stretching                                                 O-H stretching 99.91%
   59     3794.40          --                 --  O-H stretching                                                 O-H stretching 99.95%

# Selected internal-coordinate set:
#   1  nu(C1-C2)
#   2  nu(C3-H13)
#   3  nu(O4-H15)
#   4  nu(N5-C9)
#   5  nu(C6-C7)
#   6  nu(O8-H18)
#   7  nu(N5-C6)
#   8  nu(C7-C9)
#   9  nu(C3-H14)
#  10  nu(C1-H12)
#  11  nu(C2-N5)
#  12  nu(C1-H11)
#  13  nu(C2-C7)
#  14  nu(C9-H20)
#  15  nu(C6-H16)
#  16  nu(C3-O4)
#  17  nu(C1-H10)
#  18  tau(H14-C3-O4-H15)
#  19  delta(C7-O8-H18)
#  20  nu(C6-H17)
#  21  nu(C9-H19)
#  22  tau(C2-C7-O8-H18)
#  23  delta(O4-C3-H13)
#  24  delta(H11-C1-H12)
#  25  delta(H10-C1-H12)
#  26  delta(C3-O4-H15)
#  27  delta(N5-C6-H17)
#  28  delta(N5-C6-H16)
#  29  delta(H10-C1-H11)
#  30  delta(H19-C9-H20)
#  31  delta(O4-C3-H14)
#  32  gamma(N5;C9,H19,H20)
#  33  delta(H13-C3-H14)
#  34  tau(C9-N5-C6-H17)
#  35  tau(C9-N5-C6-H16)
#  36  nu(C7-O8)
#  37  tau(C1-C2-C7-O8)
#  38  delta(C2-C1-H11)
#  39  gamma(H20;C9,N5,C7)
#  40  delta(C2-C3-H13)
#  41  nu(C2-C3)
#  42  delta(C2-C1-H12)
#  43  delta(C3-C2-N5)
#  44  delta(N5-C9-C7)
#  45  tau(N5-C6-C7-O8)
#  46  tau(H10-C1-C2-C3)
#  47  tau(C2-C7-C9-H20)
#  48  tau(C3-C2-N5-C6)
#  49  tau(C1-C2-N5-C9)
#  50  tau(C1-C2-C7-C9)
#  51  delta(C2-C3-O4)
#  52  tau(N5-C2-C3-H14)
#  53  tau(N5-C6-C7-C2)
#  54  tau(C2-N5-C9-H20)

Wrote: /local/scratch/mv487/qm9s/experiment_1_phase2/ped/95347/95347_summary.csv
Wrote: /local/scratch/mv487/qm9s/experiment_1_phase2/ped/95347/95347_families.csv
Wrote: /local/scratch/mv487/qm9s/experiment_1_phase2/ped/95347/95347_ped.csv
Wrote: /local/scratch/mv487/qm9s/experiment_1_phase2/ped/95347/95347_ir_transitions.csv

# All generated files are in: /local/scratch/mv487/qm9s/experiment_1_phase2/ped/95347
# Manifest: /local/scratch/mv487/qm9s/experiment_1_phase2/ped/95347/95347_manifest.txt

--- stderr ---
Normal modes/frequencies absent or incomplete: diagonalizing Hessian.
