# Contact: romi@lens.unifi.it
# Manual: https://github.com/SebRoLENS/orca-ped-analyzer/blob/main/docs/ORCA_PED_Analyzer_Manual.md
# Check GitHub for updates and new releases: https://github.com/SebRoLENS/orca-ped-analyzer
#
# Molecule: 16 atoms | non-linear
# Bonds inferred: 20 | candidate ICs: 336 | selected ICs: 42
# Cartesian-Hessian reconstruction relative error: 2.110e-05
# Energy distribution: PED (PED is the backward-compatible default; TED includes kinetic-energy terms)
# Ring/cycle bonds detected: 10 | ring atoms: 6 | ring systems: 1
# VPT2: no matching .out file supplied/found -> harmonic/PED analysis only
#
 Mode   Harm/cm-1   VPT2/cm-1  Harm.Int/km mol-1  Assignment                                                     Grouped PED
------------------------------------------------------------------------------------------------------------------------------------------------------------------------------------------------
    6      130.44          --                 --  mixed cyclic-ring out-of-plane deformation / cyclic-ring torsional/out-of-plane deformation cyclic-ring out-of-plane deformation 47.03%; cyclic-ring torsional/out-of-plane deformation 42.77%; C-C-C linear bending 7.14%; C-H bending 2.58%
    7      159.12          --                 --  mixed cyclic-ring torsional/out-of-plane deformation / C-C-C linear bending cyclic-ring torsional/out-of-plane deformation 59.82%; C-C-C linear bending 20.32%; C-C out-of-plane bending 15.59%; ring-site C-H out-of-plane bending 2.16%
    8      357.18          --                 --  mixed cyclic-ring torsional/out-of-plane deformation / C-C-C linear bending cyclic-ring torsional/out-of-plane deformation 46.30%; C-C-C linear bending 37.11%; cyclic-ring out-of-plane deformation 9.60%; opposite-phase cyclic C-C stretching 2.43%
    9      390.90          --                 --  ring-site C-H out-of-plane bending                             ring-site C-H out-of-plane bending 90.52%; C-C-C linear bending 4.32%; opposite-phase cyclic C-C stretching 3.63%
   10      514.68          --                 --  mixed cyclic-ring out-of-plane deformation / cyclic C-C stretching / exocyclic C-C stretching cyclic-ring out-of-plane deformation 46.48%; cyclic C-C stretching 16.62%; exocyclic C-C stretching 15.72%; C-C-C linear bending 7.94%
   11      527.60          --                 --  mixed cyclic-ring torsional/out-of-plane deformation / ring-site C-H out-of-plane bending cyclic-ring torsional/out-of-plane deformation 36.51%; ring-site C-H out-of-plane bending 35.70%; C-C-C linear bending 13.68%; C-C out-of-plane bending 6.62%
   12      660.38          --                 --  C-C-H linear bending                                           C-C-H linear bending 94.43%; C-C-C linear bending 3.95%
   13      673.08          --                 --  C-C-H linear bending                                           C-C-H linear bending 91.41%; C-C-C linear bending 4.08%; cyclic-ring out-of-plane deformation 2.81%
   14      725.76          --                 --  mixed-phase cyclic C-C stretching                              mixed-phase cyclic C-C stretching 73.17%; ring-site C-H out-of-plane bending 18.22%; C-C out-of-plane bending 4.80%; C-C-H linear bending 3.07%
   15      782.51          --                 --  mixed cyclic-ring torsional/out-of-plane deformation / cyclic-ring out-of-plane deformation cyclic-ring torsional/out-of-plane deformation 54.38%; cyclic-ring out-of-plane deformation 23.63%; mixed-phase cyclic C-C stretching 14.81%; ring-site C-H out-of-plane bending 2.63%
   16      839.41          --                 --  mixed mixed-phase cyclic C-C stretching / ring-site C-H out-of-plane bending mixed-phase cyclic C-C stretching 67.88%; ring-site C-H out-of-plane bending 19.71%; C-C-H linear bending 8.48%; cyclic-ring torsional/out-of-plane deformation 3.34%
   17      841.27          --                 --  mixed mixed-phase cyclic C-C stretching / C-C-H linear bending mixed-phase cyclic C-C stretching 64.97%; C-C-H linear bending 11.82%; cyclic-ring torsional/out-of-plane deformation 9.08%; ring-site C-H out-of-plane bending 6.37%
   18      853.88          --                 --  mixed mixed-phase cyclic C-C stretching / cyclic-ring torsional/out-of-plane deformation mixed-phase cyclic C-C stretching 52.98%; cyclic-ring torsional/out-of-plane deformation 14.34%; cyclic-ring out-of-plane deformation 13.22%; ring-site C-H out-of-plane bending 6.48%
   19      895.92          --                 --  mixed opposite-phase cyclic C-C stretching / ring-site C-H out-of-plane bending opposite-phase cyclic C-C stretching 47.71%; ring-site C-H out-of-plane bending 37.97%; cyclic-ring torsional/out-of-plane deformation 10.53%
   20      900.60          --                 --  mixed mixed-phase cyclic C-C stretching / cyclic-ring out-of-plane deformation mixed-phase cyclic C-C stretching 51.91%; cyclic-ring out-of-plane deformation 15.21%; C-C-H linear bending 11.65%; C-C out-of-plane bending 7.00%
   21      925.39          --                 --  mixed mixed-phase cyclic C-C stretching / cyclic-ring out-of-plane deformation mixed-phase cyclic C-C stretching 38.03%; cyclic-ring out-of-plane deformation 36.09%; C-C-H linear bending 8.63%; ring-site C-H out-of-plane bending 5.35%
   22      966.78          --                 --  mixed ring-site C-H out-of-plane bending / C-C-H linear bending / cyclic-ring out-of-plane deformation ring-site C-H out-of-plane bending 41.61%; C-C-H linear bending 37.04%; cyclic-ring out-of-plane deformation 15.59%; opposite-phase cyclic C-C stretching 5.05%
   23     1006.45          --                 --  mixed cyclic C-C stretching / cyclic-ring torsional/out-of-plane deformation cyclic C-C stretching 65.04%; cyclic-ring torsional/out-of-plane deformation 12.53%; ring-site C-H out-of-plane bending 7.33%; C-C-H linear bending 5.25%
   24     1029.54          --                 --  ring-site C-H out-of-plane bending                             ring-site C-H out-of-plane bending 95.74%; C-C-H linear bending 3.31%
   25     1032.15          --                 --  mixed exocyclic C-C stretching / mixed-phase cyclic C-C stretching exocyclic C-C stretching 40.15%; mixed-phase cyclic C-C stretching 16.52%; cyclic-ring out-of-plane deformation 11.67%; C-C-H linear bending 8.85%
   26     1062.08          --                 --  mixed ring-site C-H out-of-plane bending / C-C-H linear bending ring-site C-H out-of-plane bending 51.20%; C-C-H linear bending 14.38%; C-C out-of-plane bending 11.49%; cyclic-ring out-of-plane deformation 9.75%
   27     1118.46          --                 --  mixed C-C out-of-plane bending / ring-site C-H out-of-plane bending / mixed-phase cyclic C-C stretching C-C out-of-plane bending 32.22%; ring-site C-H out-of-plane bending 29.45%; mixed-phase cyclic C-C stretching 20.99%; C-C-H linear bending 14.19%
   28     1119.88          --                 --  cyclic C-C stretching                                          cyclic C-C stretching 71.44%; cyclic-ring torsional/out-of-plane deformation 12.74%; ring-site C-H out-of-plane bending 5.24%; C-H bending 3.10%
   29     1141.05          --                 --  mixed cyclic C-C stretching / ring-site C-H out-of-plane bending / C-C out-of-plane bending cyclic C-C stretching 25.24%; ring-site C-H out-of-plane bending 24.60%; C-C out-of-plane bending 19.63%; cyclic-ring out-of-plane deformation 14.57%
   30     1163.16          --                 --  mixed ring-site C-H out-of-plane bending / C-C-H linear bending ring-site C-H out-of-plane bending 62.57%; C-C-H linear bending 25.71%; cyclic-ring out-of-plane deformation 8.69%; cyclic C-C stretching 2.21%
   31     1175.28          --                 --  mixed C-C-H linear bending / mixed-phase cyclic C-C stretching / cyclic-ring out-of-plane deformation C-C-H linear bending 47.95%; mixed-phase cyclic C-C stretching 16.84%; cyclic-ring out-of-plane deformation 16.18%; ring-site C-H out-of-plane bending 10.71%
   32     1189.10          --                 --  ring-site C-H out-of-plane bending                             ring-site C-H out-of-plane bending 74.95%; C-C-H linear bending 18.56%; opposite-phase cyclic C-C stretching 3.26%; C-C out-of-plane bending 2.73%
   33     1211.92          --                 --  mixed C-C out-of-plane bending / ring-site C-H out-of-plane bending / mixed-phase cyclic C-C stretching C-C out-of-plane bending 33.85%; ring-site C-H out-of-plane bending 33.38%; mixed-phase cyclic C-C stretching 18.25%; C-C-H linear bending 12.50%
   34     1244.21          --                 --  mixed C-C out-of-plane bending / ring-site C-H out-of-plane bending C-C out-of-plane bending 49.83%; ring-site C-H out-of-plane bending 36.50%; in-phase cyclic C-C stretching 6.64%; C-C-H linear bending 4.85%
   35     1267.52          --                 --  mixed mixed-phase cyclic C-C stretching / ring-site C-H out-of-plane bending / C-C-H linear bending mixed-phase cyclic C-C stretching 33.89%; ring-site C-H out-of-plane bending 26.16%; C-C-H linear bending 23.65%; C-C out-of-plane bending 7.56%
   36     1302.95          --                 --  mixed mixed-phase cyclic C-C stretching / C-C-H linear bending / cyclic-ring torsional/out-of-plane deformation mixed-phase cyclic C-C stretching 37.09%; C-C-H linear bending 21.07%; cyclic-ring torsional/out-of-plane deformation 19.82%; ring-site C-H out-of-plane bending 17.71%
   37     1369.96          --                 --  mixed C-H bending / mixed-phase cyclic C-C stretching          C-H bending 69.39%; mixed-phase cyclic C-C stretching 15.24%; exocyclic C-C stretching 7.92%; cyclic-ring torsional/out-of-plane deformation 2.53%
   38     1516.00          --                 --  mixed ring-site C-H out-of-plane bending / C-H bending         ring-site C-H out-of-plane bending 62.58%; C-H bending 35.84%
   39     2214.56          --                 --  C-C stretching                                                 C-C stretching 84.10%; exocyclic C-C stretching 11.42%; C-H stretching 4.33%
   40     3034.99          --                 --  in-phase ring-site C-H stretching                              in-phase ring-site C-H stretching 99.38%
   41     3039.77          --                 --  ring-site C-H stretching                                       ring-site C-H stretching 98.57%
   42     3088.33          --                 --  opposite-phase ring-site C-H stretching                        opposite-phase ring-site C-H stretching 98.74%
   43     3092.04          --                 --  mixed-phase ring-site C-H stretching                           mixed-phase ring-site C-H stretching 98.76%
   44     3101.28          --                 --  opposite-phase ring-site C-H stretching                        opposite-phase ring-site C-H stretching 99.28%
   45     3105.16          --                 --  mixed-phase ring-site C-H stretching                           mixed-phase ring-site C-H stretching 98.21%
   46     3121.20          --                 --  ring-site C-H stretching                                       ring-site C-H stretching 98.55%
   47     3477.42          --                 --  C-H stretching                                                 C-H stretching 95.63%; C-C stretching 4.30%

# Selected internal-coordinate set:
#   1  nu(C1-H9)
#   2  nu(C2-C3)
#   3  nu(C4-C5)
#   4  nu(C6-C7)
#   5  nu(C8-H16)
#   6  nu(C5-C6)
#   7  nu(C4-C7)
#   8  nu(C3-H10)
#   9  delta_lin2(C2-C1-H9)
#  10  delta_lin1(C2-C1-H9)
#  11  delta_lin1(C4-C8-H16)
#  12  delta_lin2(C4-C8-H16)
#  13  nu(C6-H14)
#  14  gamma(H12;C5,C4,C6)
#  15  gamma(H15;C7,C4,C6)
#  16  gamma(C8;C3,C2,H10)
#  17  nu(C4-H11)
#  18  nu(C6-H13)
#  19  nu(C7-H15)
#  20  nu(C5-H12)
#  21  delta(C2-C3-H10)
#  22  gamma(H11;C4,C5,C7)
#  23  delta(H13-C6-H14)
#  24  gamma(C7;C4,C3,H11)
#  25  gamma(C7;C6,H13,H14)
#  26  nu(C1-C2)
#  27  nu(C4-C8)
#  28  delta_lin1(C7-C5-H12)
#  29  delta_lin1(C5-C7-H15)
#  30  delta_lin1(C1-C2-C3)
#  31  delta_lin2(C1-C2-C3)
#  32  gamma(H14;C6,C5,C7)
#  33  nu(C3-C8)
#  34  nu(C7-C8)
#  35  nu(C5-C8)
#  36  tau(C5-C4-C8-C7)
#  37  nu(C3-C4)
#  38  gamma(C2;C3,C4,C8)
#  39  tau(H14-C6-C7-C4)
#  40  tau(C4-C5-C6-H14)
#  41  tau(C2-C3-C8-C7)
#  42  tau(C2-C3-C4-C7)

Wrote: /local/scratch/mv487/qm9s/experiment_1_phase2/ped/17415/17415_summary.csv
Wrote: /local/scratch/mv487/qm9s/experiment_1_phase2/ped/17415/17415_families.csv
Wrote: /local/scratch/mv487/qm9s/experiment_1_phase2/ped/17415/17415_ped.csv
Wrote: /local/scratch/mv487/qm9s/experiment_1_phase2/ped/17415/17415_ir_transitions.csv

# All generated files are in: /local/scratch/mv487/qm9s/experiment_1_phase2/ped/17415
# Manifest: /local/scratch/mv487/qm9s/experiment_1_phase2/ped/17415/17415_manifest.txt

--- stderr ---
Normal modes/frequencies absent or incomplete: diagonalizing Hessian.
