# Contact: romi@lens.unifi.it
# Manual: https://github.com/SebRoLENS/orca-ped-analyzer/blob/main/docs/ORCA_PED_Analyzer_Manual.md
# Check GitHub for updates and new releases: https://github.com/SebRoLENS/orca-ped-analyzer
#
# Molecule: 19 atoms | non-linear
# Bonds inferred: 20 | candidate ICs: 215 | selected ICs: 51
# Cartesian-Hessian reconstruction relative error: 5.455e-05
# Energy distribution: PED (PED is the backward-compatible default; TED includes kinetic-energy terms)
# Ring/cycle bonds detected: 8 | ring atoms: 7 | ring systems: 1
# VPT2: no matching .out file supplied/found -> harmonic/PED analysis only
#
 Mode   Harm/cm-1   VPT2/cm-1  Harm.Int/km mol-1  Assignment                                                     Grouped PED
------------------------------------------------------------------------------------------------------------------------------------------------------------------------------------------------
    6       31.33          --                 --  mixed ring-site C-H out-of-plane bending / cyclic-ring torsional/out-of-plane deformation ring-site C-H out-of-plane bending 59.98%; cyclic-ring torsional/out-of-plane deformation 35.98%; cyclic-ring out-of-plane deformation 2.09%
    7      243.66          --                 --  ring-site C-H out-of-plane bending                             ring-site C-H out-of-plane bending 91.67%; cyclic-ring deformation (C-C-C bend) 4.87%; cyclic-ring torsional/out-of-plane deformation 2.15%
    8      315.60          --                 --  ring-site C-H out-of-plane bending                             ring-site C-H out-of-plane bending 74.60%; cyclic-ring deformation (C-C-C bend) 11.92%; cyclic-ring torsional/out-of-plane deformation 8.40%; ring-site C-H in-plane bending 3.67%
    9      318.67          --                 --  mixed cyclic-ring deformation (C-C-C bend) / cyclic-ring torsional/out-of-plane deformation / ring-site C-H out-of-plane bending cyclic-ring deformation (C-C-C bend) 41.49%; cyclic-ring torsional/out-of-plane deformation 24.70%; ring-site C-H out-of-plane bending 18.86%; cyclic-ring out-of-plane deformation 8.83%
   10      406.72          --                 --  mixed ring-site C-H out-of-plane bending / cyclic-ring out-of-plane deformation ring-site C-H out-of-plane bending 42.09%; cyclic-ring out-of-plane deformation 41.21%; cyclic-ring deformation (C-C-C bend) 8.45%; cyclic-ring torsional/out-of-plane deformation 6.55%
   11      483.14          --                 --  mixed cyclic-ring deformation (C-C-C bend) / ring-site C-H out-of-plane bending cyclic-ring deformation (C-C-C bend) 54.17%; ring-site C-H out-of-plane bending 19.69%; mixed-phase cyclic C-C stretching 15.72%; ring-site C-H in-plane bending 6.08%
   12      561.55          --                 --  mixed ring-site C-H in-plane bending / cyclic-ring deformation (C-C-C bend) / ring-site C-H out-of-plane bending ring-site C-H in-plane bending 35.03%; cyclic-ring deformation (C-C-C bend) 30.94%; ring-site C-H out-of-plane bending 25.35%; cyclic-ring out-of-plane deformation 3.23%
   13      710.84          --                 --  mixed ring-site C-H out-of-plane bending / ring-site C-H in-plane bending / mixed-phase cyclic C-C stretching ring-site C-H out-of-plane bending 41.69%; ring-site C-H in-plane bending 25.35%; mixed-phase cyclic C-C stretching 19.39%; cyclic-ring deformation (C-C-C bend) 8.05%
   14      786.98          --                 --  mixed cyclic-ring out-of-plane deformation / ring-site C-H out-of-plane bending / ring-site C-H in-plane bending cyclic-ring out-of-plane deformation 47.58%; ring-site C-H out-of-plane bending 29.15%; ring-site C-H in-plane bending 20.14%; opposite-phase cyclic C-C stretching 2.72%
   15      831.35          --                 --  mixed cyclic-ring out-of-plane deformation / ring-site C-H out-of-plane bending / mixed-phase cyclic C-C stretching cyclic-ring out-of-plane deformation 33.55%; ring-site C-H out-of-plane bending 32.04%; mixed-phase cyclic C-C stretching 19.03%; ring-site C-H in-plane bending 9.01%
   16      847.59          --                 --  mixed ring-site C-H out-of-plane bending / ring-site C-H in-plane bending / cyclic C-C stretching ring-site C-H out-of-plane bending 37.82%; ring-site C-H in-plane bending 37.49%; cyclic C-C stretching 15.83%; cyclic-ring deformation (C-C-C bend) 6.58%
   17      859.59          --                 --  mixed ring-site C-H out-of-plane bending / ring-site C-H in-plane bending / mixed-phase cyclic C-C stretching ring-site C-H out-of-plane bending 46.32%; ring-site C-H in-plane bending 22.23%; mixed-phase cyclic C-C stretching 20.62%; cyclic-ring out-of-plane deformation 5.20%
   18      906.27          --                 --  mixed cyclic C-C stretching / ring-site C-H out-of-plane bending cyclic C-C stretching 63.14%; ring-site C-H out-of-plane bending 15.82%; cyclic-ring deformation (C-C-C bend) 13.05%; ring-site C-H in-plane bending 5.60%
   19      911.46          --                 --  mixed mixed-phase cyclic C-C stretching / ring-site C-H in-plane bending mixed-phase cyclic C-C stretching 55.76%; ring-site C-H in-plane bending 27.13%; cyclic-ring out-of-plane deformation 8.13%; ring-site C-H out-of-plane bending 3.65%
   20      934.96          --                 --  mixed ring-site C-H out-of-plane bending / ring-site C-H in-plane bending ring-site C-H out-of-plane bending 57.79%; ring-site C-H in-plane bending 28.84%; cyclic-ring out-of-plane deformation 11.92%
   21      963.18          --                 --  mixed cyclic C-C stretching / cyclic-ring out-of-plane deformation cyclic C-C stretching 63.14%; cyclic-ring out-of-plane deformation 15.93%; ring-site C-H out-of-plane bending 11.40%; cyclic-ring deformation (C-C-C bend) 3.99%
   22      967.93          --                 --  mixed ring-site C-H in-plane bending / cyclic-ring out-of-plane deformation ring-site C-H in-plane bending 51.33%; cyclic-ring out-of-plane deformation 22.36%; ring-site C-H out-of-plane bending 16.19%; cyclic C-C stretching 5.02%
   23      995.82          --                 --  mixed ring-site C-H out-of-plane bending / mixed-phase cyclic C-C stretching / ring-site C-H in-plane bending ring-site C-H out-of-plane bending 28.33%; mixed-phase cyclic C-C stretching 26.53%; ring-site C-H in-plane bending 18.83%; cyclic-ring deformation (C-C-C bend) 13.93%
   24     1030.44          --                 --  mixed mixed-phase cyclic C-C stretching / ring-site C-H out-of-plane bending mixed-phase cyclic C-C stretching 54.61%; ring-site C-H out-of-plane bending 17.00%; cyclic-ring deformation (C-C-C bend) 11.17%; ring-site C-H in-plane bending 6.11%
   25     1046.33          --                 --  mixed ring-site C-H out-of-plane bending / cyclic-ring out-of-plane deformation ring-site C-H out-of-plane bending 54.03%; cyclic-ring out-of-plane deformation 23.97%; ring-site C-H in-plane bending 13.37%; cyclic C-C stretching 7.32%
   26     1076.83          --                 --  mixed cyclic-ring out-of-plane deformation / ring-site C-H in-plane bending cyclic-ring out-of-plane deformation 63.11%; ring-site C-H in-plane bending 20.68%; ring-site C-H out-of-plane bending 13.83%
   27     1087.66          --                 --  mixed ring-site C-H out-of-plane bending / ring-site C-H in-plane bending ring-site C-H out-of-plane bending 55.07%; ring-site C-H in-plane bending 30.10%; cyclic-ring out-of-plane deformation 7.13%; cyclic C-C stretching 3.63%
   28     1168.85          --                 --  mixed ring-site C-H out-of-plane bending / mixed-phase cyclic C-C stretching / C-C out-of-plane bending ring-site C-H out-of-plane bending 45.39%; mixed-phase cyclic C-C stretching 19.44%; C-C out-of-plane bending 16.33%; ring-site C-H in-plane bending 15.10%
   29     1188.57          --                 --  mixed ring-site C-H out-of-plane bending / ring-site C-H in-plane bending / cyclic-ring out-of-plane deformation ring-site C-H out-of-plane bending 36.90%; ring-site C-H in-plane bending 36.41%; cyclic-ring out-of-plane deformation 18.49%; cyclic-ring deformation (C-C-C bend) 2.72%
   30     1191.43          --                 --  mixed cyclic-ring out-of-plane deformation / ring-site C-H out-of-plane bending cyclic-ring out-of-plane deformation 52.58%; ring-site C-H out-of-plane bending 22.39%; ring-site C-H in-plane bending 22.22%
   31     1232.79          --                 --  mixed mixed-phase cyclic C-C stretching / ring-site C-H in-plane bending mixed-phase cyclic C-C stretching 35.30%; ring-site C-H in-plane bending 27.08%; ring-site C-H out-of-plane bending 14.42%; cyclic-ring deformation (C-C-C bend) 10.34%
   32     1253.15          --                 --  mixed ring-site C-H in-plane bending / ring-site C-H out-of-plane bending ring-site C-H in-plane bending 64.14%; ring-site C-H out-of-plane bending 17.72%; mixed-phase cyclic C-C stretching 8.87%; cyclic-ring deformation (C-C-C bend) 4.95%
   33     1284.52          --                 --  mixed ring-site C-H in-plane bending / ring-site C-H out-of-plane bending ring-site C-H in-plane bending 45.48%; ring-site C-H out-of-plane bending 23.35%; opposite-phase cyclic C-C stretching 11.34%; cyclic-ring out-of-plane deformation 7.95%
   34     1304.49          --                 --  mixed ring-site C-H in-plane bending / mixed-phase cyclic C-C stretching / ring-site C-H out-of-plane bending ring-site C-H in-plane bending 36.55%; mixed-phase cyclic C-C stretching 22.17%; ring-site C-H out-of-plane bending 20.33%; C-H bending 8.23%
   35     1320.53          --                 --  mixed ring-site C-H in-plane bending / ring-site C-H out-of-plane bending ring-site C-H in-plane bending 47.68%; ring-site C-H out-of-plane bending 36.56%; C-C out-of-plane bending 9.03%; opposite-phase cyclic C-C stretching 5.53%
   36     1345.53          --                 --  mixed ring-site C-H in-plane bending / ring-site C-H out-of-plane bending ring-site C-H in-plane bending 58.55%; ring-site C-H out-of-plane bending 18.24%; C-C out-of-plane bending 16.03%; mixed-phase cyclic C-C stretching 5.87%
   37     1347.40          --                 --  mixed ring-site C-H in-plane bending / ring-site C-H out-of-plane bending / C-C out-of-plane bending ring-site C-H in-plane bending 44.23%; ring-site C-H out-of-plane bending 25.26%; C-C out-of-plane bending 21.85%; opposite-phase cyclic C-C stretching 5.87%
   38     1375.12          --                 --  mixed ring-site C-H out-of-plane bending / mixed-phase cyclic C-C stretching / ring-site C-H in-plane bending ring-site C-H out-of-plane bending 27.51%; mixed-phase cyclic C-C stretching 26.81%; ring-site C-H in-plane bending 22.04%; cyclic-ring deformation (C-C-C bend) 14.03%
   39     1472.04          --                 --  C-H bending                                                    C-H bending 73.47%; ring-site C-H in-plane bending 16.07%; cyclic-ring out-of-plane deformation 5.94%; ring-site C-H out-of-plane bending 4.12%
   40     1492.44          --                 --  mixed C-H bending / ring-site C-H out-of-plane bending         C-H bending 61.00%; ring-site C-H out-of-plane bending 27.69%; ring-site C-H in-plane bending 9.68%
   41     1498.38          --                 --  mixed ring-site C-H out-of-plane bending / C-H bending         ring-site C-H out-of-plane bending 44.74%; C-H bending 38.31%; ring-site C-H in-plane bending 14.99%
   42     1498.93          --                 --  mixed C-H bending / ring-site C-H out-of-plane bending         C-H bending 64.76%; ring-site C-H out-of-plane bending 27.15%; ring-site C-H in-plane bending 7.37%
   43     1508.66          --                 --  mixed C-H bending / ring-site C-H out-of-plane bending         C-H bending 55.22%; ring-site C-H out-of-plane bending 17.39%; ring-site C-H in-plane bending 12.72%; in-phase cyclic C-C stretching 7.00%
   44     1517.96          --                 --  mixed C-H bending / ring-site C-H out-of-plane bending         C-H bending 49.22%; ring-site C-H out-of-plane bending 37.58%; ring-site C-H in-plane bending 11.05%
   45     3017.91          --                 --  opposite-phase ring-site C-H stretching                        opposite-phase ring-site C-H stretching 99.28%
   46     3018.82          --                 --  ring-site C-H stretching                                       ring-site C-H stretching 99.15%
   47     3023.04          --                 --  mixed-phase ring-site C-H stretching                           mixed-phase ring-site C-H stretching 99.21%
   48     3029.59          --                 --  mixed-phase ring-site C-H stretching                           mixed-phase ring-site C-H stretching 99.42%
   49     3067.82          --                 --  mixed-phase ring-site C-H stretching                           mixed-phase ring-site C-H stretching 99.01%
   50     3069.68          --                 --  in-phase ring-site C-H stretching                              in-phase ring-site C-H stretching 99.12%
   51     3078.67          --                 --  in-phase ring-site C-H stretching                              in-phase ring-site C-H stretching 99.28%
   52     3085.52          --                 --  mixed-phase ring-site C-H stretching                           mixed-phase ring-site C-H stretching 99.37%
   53     3109.15          --                 --  mixed-phase ring-site C-H stretching                           mixed-phase ring-site C-H stretching 99.62%
   54     3112.93          --                 --  in-phase ring-site C-H stretching                              in-phase ring-site C-H stretching 99.03%
   55     3182.96          --                 --  mixed-phase ring-site C-H stretching                           mixed-phase ring-site C-H stretching 98.91%
   56     3198.28          --                 --  mixed-phase ring-site C-H stretching                           mixed-phase ring-site C-H stretching 99.58%

# Selected internal-coordinate set:
#   1  nu(C1-C2)
#   2  nu(C3-C4)
#   3  nu(C5-H14)
#   4  nu(C6-C7)
#   5  nu(C5-H15)
#   6  nu(C7-H18)
#   7  nu(C4-H12)
#   8  nu(C6-H16)
#   9  nu(C2-H11)
#  10  nu(C1-H9)
#  11  nu(C4-H13)
#  12  nu(C7-H19)
#  13  nu(C6-H17)
#  14  tau(H9-C1-C2-H11)
#  15  gamma(C4;C5,H14,H15)
#  16  nu(C3-C7)
#  17  nu(C2-H10)
#  18  gamma(C1;C2,C3,H11)
#  19  gamma(C1;C3,C4,C7)
#  20  nu(C1-H8)
#  21  delta(H14-C5-H15)
#  22  gamma(H17;C6,C7,H16)
#  23  gamma(H13;C4,C3,H12)
#  24  tau(H8-C1-C2-H10)
#  25  delta(H18-C7-H19)
#  26  tau(H13-C4-C5-C6)
#  27  delta(C1-C2-H10)
#  28  delta(C7-C6-H16)
#  29  tau(C4-C5-C6-H17)
#  30  tau(H12-C4-C5-C6)
#  31  delta(H8-C1-H9)
#  32  delta(C6-C7-H18)
#  33  delta(C6-C7-H19)
#  34  gamma(C2;C1,C3,H9)
#  35  nu(C4-C5)
#  36  delta(C5-C4-H12)
#  37  tau(H16-C6-C7-H18)
#  38  tau(H8-C1-C3-C7)
#  39  delta(C6-C5-H15)
#  40  delta(C4-C5-H15)
#  41  nu(C5-C6)
#  42  nu(C1-C3)
#  43  delta(C3-C1-H8)
#  44  delta(C5-C6-C7)
#  45  tau(C5-C6-C7-H19)
#  46  gamma(C3;C1,C2,H9)
#  47  delta(C4-C3-C7)
#  48  tau(H15-C5-C6-C7)
#  49  delta(C2-C3-C7)
#  50  tau(C1-C3-C7-C6)
#  51  tau(C1-C2-C3-C7)

Wrote: /local/scratch/mv487/qm9s/experiment_1_phase2/ped/2896/2896_summary.csv
Wrote: /local/scratch/mv487/qm9s/experiment_1_phase2/ped/2896/2896_families.csv
Wrote: /local/scratch/mv487/qm9s/experiment_1_phase2/ped/2896/2896_ped.csv
Wrote: /local/scratch/mv487/qm9s/experiment_1_phase2/ped/2896/2896_ir_transitions.csv

# All generated files are in: /local/scratch/mv487/qm9s/experiment_1_phase2/ped/2896
# Manifest: /local/scratch/mv487/qm9s/experiment_1_phase2/ped/2896/2896_manifest.txt

--- stderr ---
Normal modes/frequencies absent or incomplete: diagonalizing Hessian.
