# Contact: romi@lens.unifi.it
# Manual: https://github.com/SebRoLENS/orca-ped-analyzer/blob/main/docs/ORCA_PED_Analyzer_Manual.md
# Check GitHub for updates and new releases: https://github.com/SebRoLENS/orca-ped-analyzer
#
# Molecule: 20 atoms | non-linear
# Bonds inferred: 21 | candidate ICs: 194 | selected ICs: 54
# Cartesian-Hessian reconstruction relative error: 3.468e-05
# Energy distribution: PED (PED is the backward-compatible default; TED includes kinetic-energy terms)
# Ring/cycle bonds detected: 9 | ring atoms: 9 | ring systems: 2
# VPT2: no matching .out file supplied/found -> harmonic/PED analysis only
#
 Mode   Harm/cm-1   VPT2/cm-1  Harm.Int/km mol-1  Assignment                                                     Grouped PED
------------------------------------------------------------------------------------------------------------------------------------------------------------------------------------------------
    6       72.72          --                 --  inter-ring C-C torsion                                         inter-ring C-C torsion 99.01%
    7      120.13          --                 --  cyclic-ring torsional/out-of-plane deformation                 cyclic-ring torsional/out-of-plane deformation 79.58%; ring-site C-H out-of-plane bending 9.75%; cyclic-ring deformation (C-O-C bend) 4.55%
    8      169.83          --                 --  mixed inter-ring C-C torsion / C-N out-of-plane bending        inter-ring C-C torsion 41.05%; C-N out-of-plane bending 33.77%; cyclic-ring torsional/out-of-plane deformation 8.93%; cyclic-ring torsional/out-of-plane deformation 8.37%
    9      261.38          --                 --  mixed ring-site C-H out-of-plane bending / cyclic-ring torsional/out-of-plane deformation ring-site C-H out-of-plane bending 67.98%; cyclic-ring torsional/out-of-plane deformation 15.28%; inter-ring C-C torsion 12.38%; cyclic-ring deformation (C-O-C bend) 3.60%
   10      291.35          --                 --  ring-site C-H out-of-plane bending                             ring-site C-H out-of-plane bending 79.81%; N-C-C bending 6.17%; inter-ring C-C torsion 4.21%; cyclic-ring deformation (C-C-C bend) 2.57%
   11      352.08          --                 --  ring-site C-H out-of-plane bending                             ring-site C-H out-of-plane bending 73.91%; cyclic-ring torsional/out-of-plane deformation 10.58%; cyclic-ring deformation (C-C-C bend) 8.82%
   12      442.36          --                 --  mixed ring-site C-H out-of-plane bending / cyclic-ring deformation (C-O-C bend) / cyclic-ring torsional/out-of-plane deformation ring-site C-H out-of-plane bending 22.07%; cyclic-ring deformation (C-O-C bend) 21.48%; cyclic-ring torsional/out-of-plane deformation 16.17%; cyclic-ring torsional/out-of-plane deformation 10.74%
   13      452.24          --                 --  mixed ring-site C-H out-of-plane bending / cyclic-ring deformation (C-O-C bend) ring-site C-H out-of-plane bending 37.96%; cyclic-ring deformation (C-O-C bend) 15.71%; N-C-C bending 13.60%; cyclic-ring torsional/out-of-plane deformation 13.32%
   14      490.58          --                 --  mixed cyclic-ring deformation (C-O-C bend) / ring-site C-H out-of-plane bending cyclic-ring deformation (C-O-C bend) 31.59%; ring-site C-H out-of-plane bending 29.15%; ring-site C-H in-plane bending 14.62%; cyclic-ring torsional/out-of-plane deformation 5.07%
   15      532.89          --                 --  mixed ring-site C-H out-of-plane bending / cyclic-ring deformation (C-C-C bend) ring-site C-H out-of-plane bending 60.62%; cyclic-ring deformation (C-C-C bend) 15.32%; ring-site C-H in-plane bending 14.60%; inter-ring C-C torsion 3.42%
   16      652.61          --                 --  mixed ring-site C-H out-of-plane bending / ring-site C-H in-plane bending ring-site C-H out-of-plane bending 35.38%; ring-site C-H in-plane bending 32.70%; cyclic-ring deformation (C-O-C bend) 13.10%; inter-ring C-C torsion 7.42%
   17      849.65          --                 --  mixed ring-site C-H out-of-plane bending / mixed-phase cyclic C-C stretching ring-site C-H out-of-plane bending 32.93%; mixed-phase cyclic C-C stretching 19.80%; cyclic C-N stretching 13.20%; in-phase cyclic C-O stretching 11.53%
   18      866.94          --                 --  mixed ring-site C-H out-of-plane bending / C-N out-of-plane bending / inter-ring C-C torsion ring-site C-H out-of-plane bending 32.61%; C-N out-of-plane bending 25.53%; inter-ring C-C torsion 16.86%; cyclic-ring out-of-plane deformation 13.49%
   19      873.57          --                 --  mixed cyclic C-C stretching / ring-site C-H out-of-plane bending / cyclic C-N stretching cyclic C-C stretching 26.36%; ring-site C-H out-of-plane bending 18.98%; cyclic C-N stretching 18.19%; inter-ring C-C torsion 9.11%
   20      889.21          --                 --  mixed cyclic-ring out-of-plane deformation / inter-ring C-C torsion / C-N out-of-plane bending cyclic-ring out-of-plane deformation 25.76%; inter-ring C-C torsion 18.53%; C-N out-of-plane bending 18.01%; ring-site C-H out-of-plane bending 15.50%
   21      906.61          --                 --  mixed ring-site C-H out-of-plane bending / ring-site C-H in-plane bending ring-site C-H out-of-plane bending 46.86%; ring-site C-H in-plane bending 45.57%; opposite-phase cyclic C-C stretching 3.59%
   22      935.53          --                 --  mixed ring-site C-H in-plane bending / ring-site C-H out-of-plane bending / mixed-phase cyclic C-O stretching ring-site C-H in-plane bending 26.99%; ring-site C-H out-of-plane bending 18.17%; mixed-phase cyclic C-O stretching 17.34%; inter-ring C-C torsion 13.43%
   23      943.98          --                 --  mixed ring-site C-H out-of-plane bending / cyclic C-O stretching ring-site C-H out-of-plane bending 34.40%; cyclic C-O stretching 14.36%; cyclic-ring deformation (C-O-C bend) 11.70%; ring-site C-H in-plane bending 11.67%
   24      967.27          --                 --  mixed ring-site C-H out-of-plane bending / C-N out-of-plane bending / inter-ring C-C torsion ring-site C-H out-of-plane bending 36.76%; C-N out-of-plane bending 24.21%; inter-ring C-C torsion 18.54%; ring-site C-H in-plane bending 7.44%
   25      992.61          --                 --  mixed ring-site C-H in-plane bending / ring-site C-H out-of-plane bending ring-site C-H in-plane bending 25.88%; ring-site C-H out-of-plane bending 22.55%; cyclic C-O stretching 11.02%; ring-site N-H in-plane bending 10.22%
   26     1016.28          --                 --  mixed mixed-phase cyclic C-O stretching / C-N out-of-plane bending / ring-site C-H out-of-plane bending mixed-phase cyclic C-O stretching 36.94%; C-N out-of-plane bending 24.72%; ring-site C-H out-of-plane bending 20.61%; ring-site C-H in-plane bending 7.05%
   27     1050.53          --                 --  mixed inter-ring C-C torsion / C-N out-of-plane bending        inter-ring C-C torsion 22.34%; C-N out-of-plane bending 22.30%; ring-site C-H out-of-plane bending 13.49%; ring-site C-H in-plane bending 12.23%
   28     1060.93          --                 --  mixed opposite-phase cyclic C-O stretching / opposite-phase cyclic C-C stretching / ring-site C-H out-of-plane bending opposite-phase cyclic C-O stretching 33.07%; opposite-phase cyclic C-C stretching 30.41%; ring-site C-H out-of-plane bending 15.04%; ring-site C-H in-plane bending 9.19%
   29     1123.56          --                 --  mixed ring-site C-H out-of-plane bending / cyclic-ring out-of-plane deformation ring-site C-H out-of-plane bending 42.79%; cyclic-ring out-of-plane deformation 36.85%; ring-site C-H in-plane bending 13.64%
   30     1127.33          --                 --  mixed C-N out-of-plane bending / ring-site C-H out-of-plane bending / inter-ring C-C torsion C-N out-of-plane bending 29.59%; ring-site C-H out-of-plane bending 20.51%; inter-ring C-C torsion 19.06%; mixed-phase cyclic C-O stretching 13.39%
   31     1154.02          --                 --  mixed C-N out-of-plane bending / ring-site C-H out-of-plane bending / inter-ring C-C torsion C-N out-of-plane bending 37.78%; ring-site C-H out-of-plane bending 25.70%; inter-ring C-C torsion 21.75%; mixed-phase cyclic C-O stretching 5.65%
   32     1170.53          --                 --  mixed ring-site C-H out-of-plane bending / ring-site C-H in-plane bending ring-site C-H out-of-plane bending 37.16%; ring-site C-H in-plane bending 32.22%; cyclic-ring deformation (C-C-C bend) 9.68%; mixed-phase cyclic C-O stretching 6.56%
   33     1242.76          --                 --  mixed ring-site C-H out-of-plane bending / ring-site C-H in-plane bending ring-site C-H out-of-plane bending 29.46%; ring-site C-H in-plane bending 28.26%; C-N out-of-plane bending 12.80%; inter-ring C-C torsion 11.18%
   34     1243.95          --                 --  mixed ring-site C-H in-plane bending / ring-site C-H out-of-plane bending ring-site C-H in-plane bending 30.14%; ring-site C-H out-of-plane bending 26.45%; C-N out-of-plane bending 14.06%; mixed-phase cyclic C-C stretching 10.09%
   35     1253.21          --                 --  mixed C-N out-of-plane bending / inter-ring C-C torsion / ring-site C-H in-plane bending C-N out-of-plane bending 24.59%; inter-ring C-C torsion 19.43%; ring-site C-H in-plane bending 17.71%; ring-site C-H out-of-plane bending 14.55%
   36     1265.19          --                 --  mixed ring-site C-H in-plane bending / ring-site C-H out-of-plane bending ring-site C-H in-plane bending 54.31%; ring-site C-H out-of-plane bending 25.65%; C-N out-of-plane bending 4.81%; inter-ring C-C torsion 4.14%
   37     1278.36          --                 --  mixed ring-site C-H in-plane bending / ring-site N-H in-plane bending / ring-site C-H out-of-plane bending ring-site C-H in-plane bending 33.76%; ring-site N-H in-plane bending 25.12%; ring-site C-H out-of-plane bending 15.12%; cyclic C-C stretching 8.80%
   38     1309.08          --                 --  mixed ring-site C-H in-plane bending / ring-site C-H out-of-plane bending ring-site C-H in-plane bending 72.47%; ring-site C-H out-of-plane bending 22.96%
   39     1356.94          --                 --  mixed ring-site C-H in-plane bending / inter-ring C-C torsion  ring-site C-H in-plane bending 66.94%; inter-ring C-C torsion 14.06%; ring-site C-H out-of-plane bending 6.54%; cyclic-ring deformation (C-O-C bend) 5.89%
   40     1370.77          --                 --  mixed ring-site C-H in-plane bending / inter-ring C-C torsion  ring-site C-H in-plane bending 53.99%; inter-ring C-C torsion 30.74%; ring-site C-H out-of-plane bending 14.14%
   41     1376.73          --                 --  mixed ring-site C-H out-of-plane bending / ring-site C-H in-plane bending ring-site C-H out-of-plane bending 60.50%; ring-site C-H in-plane bending 23.93%; inter-ring C-C torsion 8.09%; opposite-phase cyclic C-C stretching 6.72%
   42     1406.73          --                 --  mixed ring-site C-H in-plane bending / ring-site C-H out-of-plane bending ring-site C-H in-plane bending 45.49%; ring-site C-H out-of-plane bending 40.17%; inter-ring C-C torsion 11.87%
   43     1415.25          --                 --  mixed ring-site C-H out-of-plane bending / ring-site C-H in-plane bending ring-site C-H out-of-plane bending 54.97%; ring-site C-H in-plane bending 41.44%
   44     1474.61          --                 --  ring-site C-H out-of-plane bending                             ring-site C-H out-of-plane bending 92.33%; ring-site C-H in-plane bending 5.11%
   45     1480.91          --                 --  mixed ring-site C-H in-plane bending / inter-ring C-C stretching ring-site C-H in-plane bending 62.67%; inter-ring C-C stretching 12.83%; ring-site C-H out-of-plane bending 11.58%; cyclic C-C stretching 3.34%
   46     1501.44          --                 --  ring-site C-H out-of-plane bending                             ring-site C-H out-of-plane bending 86.33%; ring-site C-H in-plane bending 12.20%
   47     1511.59          --                 --  ring-site C-H out-of-plane bending                             ring-site C-H out-of-plane bending 83.31%; ring-site C-H in-plane bending 14.85%
   48     1526.23          --                 --  mixed ring-site C-H in-plane bending / ring-site C-H out-of-plane bending / cyclic-ring out-of-plane deformation ring-site C-H in-plane bending 40.60%; ring-site C-H out-of-plane bending 23.23%; cyclic-ring out-of-plane deformation 15.07%; cyclic C-C stretching 10.83%
   49     2940.92          --                 --  ring-site C-H stretching                                       ring-site C-H stretching 98.49%
   50     2965.69          --                 --  mixed-phase ring-site C-H stretching                           mixed-phase ring-site C-H stretching 98.70%
   51     2974.11          --                 --  ring-site C-H stretching                                       ring-site C-H stretching 99.22%
   52     3038.75          --                 --  in-phase ring-site C-H stretching                              in-phase ring-site C-H stretching 99.03%
   53     3083.50          --                 --  opposite-phase ring-site C-H stretching                        opposite-phase ring-site C-H stretching 99.08%
   54     3100.34          --                 --  mixed-phase ring-site C-H stretching                           mixed-phase ring-site C-H stretching 99.05%
   55     3103.01          --                 --  ring-site C-H stretching                                       ring-site C-H stretching 99.00%
   56     3109.40          --                 --  in-phase ring-site C-H stretching                              in-phase ring-site C-H stretching 99.33%
   57     3142.96          --                 --  ring-site C-H stretching                                       ring-site C-H stretching 98.75%
   58     3191.94          --                 --  opposite-phase ring-site C-H stretching                        opposite-phase ring-site C-H stretching 99.19%
   59     3509.06          --                 --  ring-site N-H stretching                                       ring-site N-H stretching 99.69%

# Selected internal-coordinate set:
#   1  nu(C1-N2)
#   2  nu(C3-C4)
#   3  nu(O5-C6)
#   4  nu(C7-C8)
#   5  nu(C6-H16)
#   6  nu(C4-O9)
#   7  nu(C7-H18)
#   8  nu(C8-H19)
#   9  nu(N2-H12)
#  10  nu(C3-H13)
#  11  nu(C1-H10)
#  12  nu(C6-H15)
#  13  nu(C7-H17)
#  14  nu(C4-H14)
#  15  nu(C8-H20)
#  16  tau(H10-C1-N2-H12)
#  17  gamma(N2;C3,C4,H13)
#  18  nu(C8-O9)
#  19  nu(C1-H11)
#  20  nu(C4-O5)
#  21  tau(H11-C1-N2-H12)
#  22  gamma(H15;C6,O5,H16)
#  23  gamma(H18;C7,C8,H17)
#  24  tau(H20-C8-O9-C4)
#  25  tau(H15-C6-C7-H18)
#  26  delta(C4-C3-H13)
#  27  delta(C1-N2-H12)
#  28  delta(O9-C8-H19)
#  29  tau(C4-O5-C6-H16)
#  30  delta(O5-C6-H16)
#  31  delta(C8-C7-H17)
#  32  delta(C3-C4-H14)
#  33  delta(N2-C1-H10)
#  34  tau(H19-C8-O9-C4)
#  35  tau(C6-C7-C8-H20)
#  36  gamma(C3;C1,N2,H11)
#  37  tau(H13-C3-C4-H14)
#  38  delta(N2-C1-H11)
#  39  tau(O5-C6-C7-H18)
#  40  tau(H17-C7-C8-O9)
#  41  delta(C7-C6-H15)
#  42  nu(C6-C7)
#  43  delta(C7-C8-H19)
#  44  gamma(C3;C1,N2,H10)
#  45  nu(C1-C3)
#  46  delta(C4-O9-C8)
#  47  delta(C4-O5-C6)
#  48  delta(N2-C3-C4)
#  49  delta(C6-C7-C8)
#  50  delta(O9-C4-H14)
#  51  tau(N2-C3-C4-O5)
#  52  tau(C1-N2-C3-C4)
#  53  tau(C3-C4-O9-C8)
#  54  tau(C3-C4-O5-C6)

Wrote: /local/scratch/mv487/qm9s/experiment_1_phase2/ped/37417/37417_summary.csv
Wrote: /local/scratch/mv487/qm9s/experiment_1_phase2/ped/37417/37417_families.csv
Wrote: /local/scratch/mv487/qm9s/experiment_1_phase2/ped/37417/37417_ped.csv
Wrote: /local/scratch/mv487/qm9s/experiment_1_phase2/ped/37417/37417_ir_transitions.csv

# All generated files are in: /local/scratch/mv487/qm9s/experiment_1_phase2/ped/37417
# Manifest: /local/scratch/mv487/qm9s/experiment_1_phase2/ped/37417/37417_manifest.txt

--- stderr ---
Normal modes/frequencies absent or incomplete: diagonalizing Hessian.
