# Contact: romi@lens.unifi.it
# Manual: https://github.com/SebRoLENS/orca-ped-analyzer/blob/main/docs/ORCA_PED_Analyzer_Manual.md
# Check GitHub for updates and new releases: https://github.com/SebRoLENS/orca-ped-analyzer
#
# Molecule: 20 atoms | non-linear
# Bonds inferred: 20 | candidate ICs: 169 | selected ICs: 54
# Cartesian-Hessian reconstruction relative error: 2.508e-05
# Energy distribution: PED (PED is the backward-compatible default; TED includes kinetic-energy terms)
# Ring/cycle bonds detected: 4 | ring atoms: 4 | ring systems: 1
# VPT2: no matching .out file supplied/found -> harmonic/PED analysis only
#
 Mode   Harm/cm-1   VPT2/cm-1  Harm.Int/km mol-1  Assignment                                                     Grouped PED
------------------------------------------------------------------------------------------------------------------------------------------------------------------------------------------------
    6       70.87          --                 --  mixed C-O torsion / cyclic-ring torsional/out-of-plane deformation C-O torsion 49.47%; cyclic-ring torsional/out-of-plane deformation 20.54%; cyclic-ring torsional/out-of-plane deformation 13.44%; ring-site C-H out-of-plane bending 10.94%
    7       99.74          --                 --  mixed C-N torsion / C-O torsion                                C-N torsion 43.91%; C-O torsion 30.57%; cyclic-ring torsional/out-of-plane deformation 10.17%; cyclic-ring torsional/out-of-plane deformation 8.77%
    8      112.60          --                 --  C-N torsion                                                    C-N torsion 88.12%; C-O torsion 6.07%
    9      139.65          --                 --  C-N torsion                                                    C-N torsion 98.12%
   10      159.20          --                 --  mixed C-C torsion / C-O torsion                                C-C torsion 30.01%; C-O torsion 25.09%; O-C-C bending 12.90%; C-O-C bending 9.15%
   11      196.25          --                 --  mixed C-C torsion / C-O torsion                                C-C torsion 45.27%; C-O torsion 26.34%; C-C-C bending 9.11%; O-C-C bending 6.33%
   12      206.50          --                 --  C-C torsion                                                    C-C torsion 98.00%
   13      239.30          --                 --  mixed C-C torsion / C-O torsion / C-N-C bending                C-C torsion 38.00%; C-O torsion 19.33%; C-N-C bending 18.94%; C-N torsion 7.21%
   14      259.25          --                 --  mixed C-O torsion / C-C-O bending                              C-O torsion 20.57%; C-C-O bending 13.81%; C-N-C bending 13.23%; C-N torsion 9.92%
   15      356.89          --                 --  mixed C-O-C bending / C-N torsion                              C-O-C bending 39.83%; C-N torsion 14.47%; opposite-phase cyclic C-C stretching 12.10%; C-C-O bending 8.52%
   16      394.39          --                 --  mixed C-N torsion / C-C torsion                                C-N torsion 34.04%; C-C torsion 9.94%; cyclic-ring torsional/out-of-plane deformation 7.58%; C-H bending 7.42%
   17      467.32          --                 --  mixed cyclic-ring torsional/out-of-plane deformation / cyclic-ring deformation (C-N-C bend) cyclic-ring torsional/out-of-plane deformation 19.75%; cyclic-ring deformation (C-N-C bend) 16.46%; C-H bending 12.81%; C-C-O bending 8.05%
   18      559.58          --                 --  mixed cyclic C-C stretching / cyclic-ring torsional/out-of-plane deformation cyclic C-C stretching 11.38%; cyclic-ring torsional/out-of-plane deformation 11.32%; C-N torsion 9.77%; C-C-O bending 8.68%
   19      646.53          --                 --  mixed cyclic-ring deformation (C-N-C bend) / C-N torsion       cyclic-ring deformation (C-N-C bend) 20.23%; C-N torsion 11.62%; cyclic C-N stretching 9.66%; exocyclic C-N stretching 9.28%
   20      746.46          --                 --  mixed C-H bending / cyclic-ring deformation (C-N-C bend)       C-H bending 21.49%; cyclic-ring deformation (C-N-C bend) 19.43%; in-phase cyclic C-C stretching 12.95%; cyclic C-N stretching 12.59%
   21      813.58          --                 --  mixed cyclic-ring torsional/out-of-plane deformation / cyclic-ring torsional/out-of-plane deformation cyclic-ring torsional/out-of-plane deformation 16.03%; cyclic-ring torsional/out-of-plane deformation 12.01%; exocyclic C-N stretching 10.95%; C-N torsion 10.40%
   22      856.78          --                 --  mixed mixed-phase cyclic C-C stretching / exocyclic C-C stretching mixed-phase cyclic C-C stretching 42.09%; exocyclic C-C stretching 14.29%; O-C-C bending 8.19%; C-O-C bending 7.20%
   23      922.36          --                 --  mixed C-H bending / ring-site C-H out-of-plane bending         C-H bending 33.58%; ring-site C-H out-of-plane bending 11.17%; mixed-phase cyclic C-N stretching 10.22%; cyclic C-C stretching 8.73%
   24      978.43          --                 --  mixed C-O stretching / C-H bending                             C-O stretching 22.59%; C-H bending 22.59%; opposite-phase cyclic C-N stretching 13.67%; exocyclic C-O stretching 11.45%
   25     1061.79          --                 --  mixed mixed-phase cyclic C-C stretching / C-C-O bending        mixed-phase cyclic C-C stretching 19.62%; C-C-O bending 12.16%; ring-site C-H in-plane bending 11.66%; C-H bending 11.29%
   26     1065.39          --                 --  mixed C-H bending / mixed-phase cyclic C-N stretching          C-H bending 42.01%; mixed-phase cyclic C-N stretching 13.40%; C-O stretching 12.62%; exocyclic C-C stretching 5.84%
   27     1069.51          --                 --  mixed C-H bending / C-O stretching                             C-H bending 46.72%; C-O stretching 17.80%; C-C torsion 12.06%; ring-site C-H in-plane bending 4.74%
   28     1131.19          --                 --  mixed C-H bending / exocyclic C-C stretching                   C-H bending 52.52%; exocyclic C-C stretching 17.54%; O-C-C bending 4.47%; cyclic C-C stretching 4.04%
   29     1144.78          --                 --  C-H bending                                                    C-H bending 70.71%; C-N torsion 17.76%; C-O torsion 2.18%
   30     1168.85          --                 --  mixed C-H bending / exocyclic C-O stretching                   C-H bending 34.62%; exocyclic C-O stretching 19.99%; C-O stretching 12.64%; in-phase cyclic C-C stretching 8.33%
   31     1179.13          --                 --  C-H bending                                                    C-H bending 92.91%; ring-site C-H in-plane bending 3.31%; C-O torsion 2.46%
   32     1210.49          --                 --  mixed C-O torsion / ring-site C-H in-plane bending / C-H bending C-O torsion 26.16%; ring-site C-H in-plane bending 24.36%; C-H bending 20.74%; cyclic C-C stretching 8.44%
   33     1237.63          --                 --  mixed C-H bending / exocyclic C-O stretching                   C-H bending 67.26%; exocyclic C-O stretching 16.25%; ring-site C-H in-plane bending 3.99%; C-O-C bending 3.12%
   34     1261.54          --                 --  mixed ring-site C-H in-plane bending / ring-site C-H out-of-plane bending / C-O torsion ring-site C-H in-plane bending 31.15%; ring-site C-H out-of-plane bending 20.83%; C-O torsion 15.42%; C-H bending 10.79%
   35     1288.04          --                 --  mixed C-H bending / cyclic C-N stretching / ring-site C-H in-plane bending C-H bending 23.72%; cyclic C-N stretching 22.91%; ring-site C-H in-plane bending 15.39%; exocyclic C-N stretching 11.62%
   36     1382.45          --                 --  mixed C-H bending / ring-site C-H in-plane bending             C-H bending 50.70%; ring-site C-H in-plane bending 22.49%; C-H out-of-plane bending 12.48%; ring-site C-H out-of-plane bending 5.87%
   37     1389.41          --                 --  mixed C-H bending / ring-site C-H out-of-plane bending / ring-site C-H in-plane bending C-H bending 33.68%; ring-site C-H out-of-plane bending 18.71%; ring-site C-H in-plane bending 15.91%; cyclic C-C stretching 9.45%
   38     1414.53          --                 --  mixed C-H bending / cyclic-ring deformation (C-N-C bend) / cyclic C-N stretching C-H bending 30.33%; cyclic-ring deformation (C-N-C bend) 17.11%; cyclic C-N stretching 17.04%; exocyclic C-N stretching 13.25%
   39     1420.56          --                 --  mixed C-H out-of-plane bending / C-H bending                   C-H out-of-plane bending 53.43%; C-H bending 37.04%; exocyclic C-C stretching 3.12%
   40     1452.92          --                 --  C-H bending                                                    C-H bending 71.98%; cyclic-ring deformation (C-N-C bend) 8.98%; in-phase cyclic C-N stretching 6.26%; C-N torsion 2.86%
   41     1482.11          --                 --  C-H bending                                                    C-H bending 97.58%
   42     1488.76          --                 --  mixed C-N torsion / C-H bending                                C-N torsion 45.39%; C-H bending 39.42%; C-H out-of-plane bending 10.44%; C-C torsion 3.48%
   43     1490.03          --                 --  C-H bending                                                    C-H bending 93.16%; C-C torsion 3.92%
   44     1494.37          --                 --  mixed C-H bending / C-C torsion                                C-H bending 61.68%; C-C torsion 29.56%; C-H out-of-plane bending 4.79%
   45     1496.67          --                 --  mixed C-H bending / C-H out-of-plane bending                   C-H bending 59.39%; C-H out-of-plane bending 22.99%; C-C torsion 9.70%; C-N torsion 5.46%
   46     1514.24          --                 --  C-H bending                                                    C-H bending 99.37%
   47     1519.31          --                 --  C-H bending                                                    C-H bending 83.85%; C-N torsion 10.00%
   48     1824.14          --                 --  exocyclic C-O stretching                                       exocyclic C-O stretching 73.97%; cyclic C-N stretching 13.36%; cyclic C-C stretching 5.53%; cyclic-ring deformation (C-N-C bend) 4.40%
   49     2990.70          --                 --  mixed mixed-phase ring-site C-H stretching / C-H stretching    mixed-phase ring-site C-H stretching 49.95%; C-H stretching 49.51%
   50     2995.08          --                 --  mixed mixed-phase ring-site C-H stretching / C-H stretching    mixed-phase ring-site C-H stretching 50.28%; C-H stretching 49.18%
   51     3015.57          --                 --  C-H stretching                                                 C-H stretching 93.66%; ring-site C-H stretching 6.03%
   52     3020.26          --                 --  ring-site C-H stretching                                       ring-site C-H stretching 90.72%; mixed-phase C-H stretching 8.41%
   53     3040.05          --                 --  C-H stretching                                                 C-H stretching 98.07%
   54     3065.71          --                 --  opposite-phase C-H stretching                                  opposite-phase C-H stretching 99.32%
   55     3068.49          --                 --  mixed-phase C-H stretching                                     mixed-phase C-H stretching 99.32%
   56     3100.54          --                 --  opposite-phase C-H stretching                                  opposite-phase C-H stretching 99.61%
   57     3123.27          --                 --  mixed-phase C-H stretching                                     mixed-phase C-H stretching 99.53%
   58     3125.72          --                 --  mixed-phase C-H stretching                                     mixed-phase C-H stretching 98.67%
   59     3128.99          --                 --  mixed-phase C-H stretching                                     mixed-phase C-H stretching 99.44%

# Selected internal-coordinate set:
#   1  nu(C1-H10)
#   2  nu(O2-C3)
#   3  nu(C4-N6)
#   4  nu(C5-H16)
#   5  nu(C7-H20)
#   6  nu(C8-O9)
#   7  nu(C5-H17)
#   8  nu(C7-H18)
#   9  nu(C1-H11)
#  10  nu(C3-H13)
#  11  nu(C4-H14)
#  12  nu(C5-H15)
#  13  nu(C7-H19)
#  14  nu(C1-H12)
#  15  tau(H14-C4-N6-C8)
#  16  delta(C3-C8-O9)
#  17  tau(C1-O2-C3-H13)
#  18  nu(C1-O2)
#  19  tau(C4-N6-C7-H19)
#  20  tau(C4-C3-C8-O9)
#  21  nu(N6-C7)
#  22  gamma(H15;C5,H16,H17)
#  23  delta(O2-C3-H13)
#  24  delta(H16-C5-H17)
#  25  delta(H10-C1-H12)
#  26  delta(H18-C7-H20)
#  27  delta(H11-C1-H12)
#  28  delta(H10-C1-H11)
#  29  delta(N6-C7-H18)
#  30  delta(N6-C4-H14)
#  31  delta(N6-C7-H20)
#  32  tau(C1-O2-C3-C4)
#  33  tau(N6-C4-C5-H15)
#  34  delta(N6-C7-H19)
#  35  delta(O2-C1-H10)
#  36  nu(C3-C8)
#  37  delta(C4-C5-H15)
#  38  nu(C3-C4)
#  39  delta(C8-C3-H13)
#  40  tau(C8-N6-C7-H19)
#  41  nu(N6-C8)
#  42  nu(C4-C5)
#  43  tau(N6-C4-C5-H17)
#  44  delta(C4-C5-H17)
#  45  delta(O2-C1-H11)
#  46  delta(C1-O2-C3)
#  47  tau(H10-C1-O2-C3)
#  48  delta(C3-C4-C5)
#  49  tau(C8-C3-C4-C5)
#  50  tau(C8-N6-C7-H18)
#  51  delta(C4-N6-C7)
#  52  delta(O2-C3-C4)
#  53  delta(C4-N6-C8)
#  54  tau(C3-C4-N6-C8)

Wrote: /local/scratch/mv487/qm9s/experiment_1_phase2/ped/101252/101252_summary.csv
Wrote: /local/scratch/mv487/qm9s/experiment_1_phase2/ped/101252/101252_families.csv
Wrote: /local/scratch/mv487/qm9s/experiment_1_phase2/ped/101252/101252_ped.csv
Wrote: /local/scratch/mv487/qm9s/experiment_1_phase2/ped/101252/101252_ir_transitions.csv

# All generated files are in: /local/scratch/mv487/qm9s/experiment_1_phase2/ped/101252
# Manifest: /local/scratch/mv487/qm9s/experiment_1_phase2/ped/101252/101252_manifest.txt

--- stderr ---
Normal modes/frequencies absent or incomplete: diagonalizing Hessian.
