# Contact: romi@lens.unifi.it
# Manual: https://github.com/SebRoLENS/orca-ped-analyzer/blob/main/docs/ORCA_PED_Analyzer_Manual.md
# Check GitHub for updates and new releases: https://github.com/SebRoLENS/orca-ped-analyzer
#
# Molecule: 15 atoms | non-linear
# Bonds inferred: 17 | candidate ICs: 215 | selected ICs: 39
# Cartesian-Hessian reconstruction relative error: 8.586e-06
# Energy distribution: PED (PED is the backward-compatible default; TED includes kinetic-energy terms)
# Ring/cycle bonds detected: 7 | ring atoms: 5 | ring systems: 1
# VPT2: no matching .out file supplied/found -> harmonic/PED analysis only
#
 Mode   Harm/cm-1   VPT2/cm-1  Harm.Int/km mol-1  Assignment                                                     Grouped PED
------------------------------------------------------------------------------------------------------------------------------------------------------------------------------------------------
    6       28.60          --                 --  C-C torsion                                                    C-C torsion 99.52%
    7      113.50          --                 --  mixed C-C torsion / C-C-C linear bending / cyclic-ring out-of-plane deformation C-C torsion 35.69%; C-C-C linear bending 26.81%; cyclic-ring out-of-plane deformation 20.03%; O-C-C bending 11.14%
    8      130.45          --                 --  C-C torsion                                                    C-C torsion 85.67%; cyclic-ring out-of-plane deformation 9.11%; C-H out-of-plane bending 3.14%
    9      216.00          --                 --  mixed C-C torsion / C-C-C linear bending / O-C-C bending       C-C torsion 48.09%; C-C-C linear bending 20.36%; O-C-C bending 17.28%; cyclic-ring out-of-plane deformation 9.55%
   10      257.12          --                 --  mixed C-C torsion / cyclic-ring out-of-plane deformation       C-C torsion 50.85%; cyclic-ring out-of-plane deformation 33.51%; C-H out-of-plane bending 13.41%
   11      408.29          --                 --  mixed cyclic-ring torsional/out-of-plane deformation / cyclic C-C stretching cyclic-ring torsional/out-of-plane deformation 20.61%; cyclic C-C stretching 19.23%; exocyclic C-C stretching 14.78%; cyclic C-O stretching 11.71%
   12      482.70          --                 --  mixed C-C torsion / C-C-C linear bending / cyclic-ring out-of-plane deformation C-C torsion 28.03%; C-C-C linear bending 20.68%; cyclic-ring out-of-plane deformation 17.70%; ring-site C-H out-of-plane bending 13.81%
   13      492.85          --                 --  mixed cyclic-ring torsional/out-of-plane deformation / C-C torsion / ring-site C-H out-of-plane bending cyclic-ring torsional/out-of-plane deformation 26.76%; C-C torsion 18.67%; ring-site C-H out-of-plane bending 16.85%; in-phase cyclic C-C stretching 10.35%
   14      543.46          --                 --  mixed cyclic-ring torsional/out-of-plane deformation / ring-site C-H out-of-plane bending / cyclic-ring out-of-plane deformation cyclic-ring torsional/out-of-plane deformation 31.83%; ring-site C-H out-of-plane bending 31.46%; cyclic-ring out-of-plane deformation 15.56%; C-C torsion 7.81%
   15      572.78          --                 --  mixed opposite-phase cyclic C-O stretching / mixed-phase exocyclic C-C stretching / mixed-phase cyclic C-C stretching opposite-phase cyclic C-O stretching 27.89%; mixed-phase exocyclic C-C stretching 23.53%; mixed-phase cyclic C-C stretching 22.21%; ring-site C-H out-of-plane bending 4.65%
   16      605.46          --                 --  mixed ring-site C-H out-of-plane bending / C-C torsion         ring-site C-H out-of-plane bending 52.36%; C-C torsion 34.30%; cyclic-ring out-of-plane deformation 4.85%; C-H out-of-plane bending 3.14%
   17      678.13          --                 --  C-C-H linear bending                                           C-C-H linear bending 95.30%; C-C-C linear bending 3.44%
   18      678.88          --                 --  mixed mixed-phase cyclic C-C stretching / mixed-phase cyclic C-O stretching mixed-phase cyclic C-C stretching 32.40%; mixed-phase cyclic C-O stretching 23.87%; cyclic-ring deformation (C-C-C bend) 14.53%; O-C-C bending 6.66%
   19      716.82          --                 --  C-C-H linear bending                                           C-C-H linear bending 95.32%; C-C-C linear bending 3.50%
   20      754.13          --                 --  mixed mixed-phase cyclic C-O stretching / O-C-C bending        mixed-phase cyclic C-O stretching 39.58%; O-C-C bending 16.69%; C-C torsion 13.08%; cyclic-ring out-of-plane deformation 10.96%
   21      781.65          --                 --  mixed C-C torsion / C-H out-of-plane bending / mixed-phase cyclic C-C stretching C-C torsion 29.28%; C-H out-of-plane bending 25.33%; mixed-phase cyclic C-C stretching 22.89%; cyclic-ring out-of-plane deformation 12.03%
   22      940.01          --                 --  mixed C-H out-of-plane bending / C-C torsion                   C-H out-of-plane bending 62.48%; C-C torsion 21.87%; mixed-phase cyclic C-C stretching 6.42%; ring-site C-H out-of-plane bending 4.71%
   23      944.11          --                 --  mixed mixed-phase cyclic C-C stretching / cyclic-ring deformation (C-C-C bend) mixed-phase cyclic C-C stretching 63.22%; cyclic-ring deformation (C-C-C bend) 19.61%; exocyclic C-C stretching 4.86%; in-phase cyclic C-O stretching 3.42%
   24      990.85          --                 --  mixed C-H out-of-plane bending / C-C torsion                   C-H out-of-plane bending 51.95%; C-C torsion 24.44%; ring-site C-H out-of-plane bending 18.26%; ring-site C-H in-plane bending 3.76%
   25      994.44          --                 --  mixed in-phase cyclic C-O stretching / ring-site C-H out-of-plane bending in-phase cyclic C-O stretching 54.35%; ring-site C-H out-of-plane bending 12.75%; C-C torsion 8.07%; mixed-phase cyclic C-C stretching 6.81%
   26     1076.17          --                 --  mixed ring-site C-H out-of-plane bending / C-H out-of-plane bending ring-site C-H out-of-plane bending 39.14%; C-H out-of-plane bending 26.76%; cyclic-ring out-of-plane deformation 10.47%; C-C torsion 7.02%
   27     1080.81          --                 --  mixed ring-site C-H out-of-plane bending / opposite-phase exocyclic C-C stretching ring-site C-H out-of-plane bending 47.98%; opposite-phase exocyclic C-C stretching 19.03%; opposite-phase cyclic C-O stretching 11.43%; ring-site C-H in-plane bending 10.09%
   28     1129.19          --                 --  mixed ring-site C-H out-of-plane bending / cyclic-ring torsional/out-of-plane deformation ring-site C-H out-of-plane bending 56.68%; cyclic-ring torsional/out-of-plane deformation 16.77%; ring-site C-H in-plane bending 8.53%; C-C torsion 5.43%
   29     1136.10          --                 --  mixed C-H out-of-plane bending / C-C torsion                   C-H out-of-plane bending 68.28%; C-C torsion 11.64%; mixed-phase cyclic C-C stretching 9.34%; ring-site C-H out-of-plane bending 4.69%
   30     1147.41          --                 --  mixed ring-site C-H out-of-plane bending / C-C out-of-plane bending / opposite-phase exocyclic C-C stretching ring-site C-H out-of-plane bending 34.16%; C-C out-of-plane bending 21.38%; opposite-phase exocyclic C-C stretching 18.47%; C-C torsion 7.89%
   31     1175.33          --                 --  mixed ring-site C-H out-of-plane bending / C-C out-of-plane bending ring-site C-H out-of-plane bending 44.24%; C-C out-of-plane bending 38.77%; ring-site C-H in-plane bending 6.79%; C-H out-of-plane bending 6.36%
   32     1233.76          --                 --  mixed ring-site C-H out-of-plane bending / C-C out-of-plane bending ring-site C-H out-of-plane bending 37.89%; C-C out-of-plane bending 27.97%; mixed-phase cyclic C-C stretching 11.99%; opposite-phase exocyclic C-C stretching 8.06%
   33     1347.49          --                 --  mixed cyclic C-C stretching / in-phase exocyclic C-C stretching cyclic C-C stretching 56.93%; in-phase exocyclic C-C stretching 19.32%; C-H bending 8.79%; ring-site C-H out-of-plane bending 6.79%
   34     1405.25          --                 --  C-H bending                                                    C-H bending 75.44%; exocyclic C-C stretching 8.22%; cyclic C-C stretching 7.57%; C-O stretching 2.15%
   35     1476.66          --                 --  mixed ring-site C-H out-of-plane bending / C-H bending         ring-site C-H out-of-plane bending 47.81%; C-H bending 44.52%; ring-site C-H in-plane bending 5.64%
   36     1518.96          --                 --  mixed ring-site C-H out-of-plane bending / C-H bending         ring-site C-H out-of-plane bending 41.50%; C-H bending 40.24%; in-phase cyclic C-C stretching 10.20%; ring-site C-H in-plane bending 5.41%
   37     1797.51          --                 --  C-O stretching                                                 C-O stretching 88.52%; C-H bending 4.96%; exocyclic C-C stretching 4.05%
   38     2230.54          --                 --  C-C stretching                                                 C-C stretching 82.28%; exocyclic C-C stretching 12.71%; C-H stretching 4.48%
   39     2918.84          --                 --  C-H stretching                                                 C-H stretching 98.94%
   40     3080.15          --                 --  mixed-phase ring-site C-H stretching                           mixed-phase ring-site C-H stretching 99.50%
   41     3087.42          --                 --  in-phase ring-site C-H stretching                              in-phase ring-site C-H stretching 99.48%
   42     3164.38          --                 --  mixed-phase ring-site C-H stretching                           mixed-phase ring-site C-H stretching 99.53%
   43     3169.15          --                 --  mixed-phase ring-site C-H stretching                           mixed-phase ring-site C-H stretching 98.93%
   44     3473.65          --                 --  C-H stretching                                                 C-H stretching 95.47%; C-C stretching 4.45%

# Selected internal-coordinate set:
#   1  nu(O1-C2)
#   2  nu(C3-O7)
#   3  nu(C4-C5)
#   4  nu(C6-H13)
#   5  nu(C8-C9)
#   6  nu(C5-O7)
#   7  nu(C3-C4)
#   8  delta_lin1(C8-C9-H15)
#   9  delta_lin2(C8-C9-H15)
#  10  nu(C6-H14)
#  11  nu(C2-H10)
#  12  nu(C4-H11)
#  13  gamma(H10;C2,O1,C3)
#  14  gamma(C3;C6,H13,H14)
#  15  gamma(C8;C5,C4,O7)
#  16  nu(C4-H12)
#  17  delta(O1-C2-H10)
#  18  nu(C3-C6)
#  19  nu(C9-H15)
#  20  delta(H13-C6-H14)
#  21  tau(H12-C4-C5-O7)
#  22  tau(O7-C3-C4-H12)
#  23  delta(C3-C4-H11)
#  24  tau(O7-C3-C4-H11)
#  25  gamma(C4;C5,C6,C8)
#  26  delta(O1-C2-C3)
#  27  nu(C2-C3)
#  28  nu(C5-C8)
#  29  gamma(H14;C6,C3,C5)
#  30  tau(O1-C2-C3-O7)
#  31  delta_lin2(C5-C8-C9)
#  32  delta_lin1(C5-C8-C9)
#  33  tau(H10-C2-C3-C4)
#  34  delta(C5-C3-C6)
#  35  tau(H10-C2-C3-C6)
#  36  tau(O7-C5-C6-H14)
#  37  nu(C3-C5)
#  38  gamma(C2;C3,C5,O7)
#  39  tau(C4-C3-C5-C6)

Wrote: /local/scratch/mv487/qm9s/experiment_1_phase2/ped/44722/44722_summary.csv
Wrote: /local/scratch/mv487/qm9s/experiment_1_phase2/ped/44722/44722_families.csv
Wrote: /local/scratch/mv487/qm9s/experiment_1_phase2/ped/44722/44722_ped.csv
Wrote: /local/scratch/mv487/qm9s/experiment_1_phase2/ped/44722/44722_ir_transitions.csv

# All generated files are in: /local/scratch/mv487/qm9s/experiment_1_phase2/ped/44722
# Manifest: /local/scratch/mv487/qm9s/experiment_1_phase2/ped/44722/44722_manifest.txt

--- stderr ---
Normal modes/frequencies absent or incomplete: diagonalizing Hessian.
