# Contact: romi@lens.unifi.it
# Manual: https://github.com/SebRoLENS/orca-ped-analyzer/blob/main/docs/ORCA_PED_Analyzer_Manual.md
# Check GitHub for updates and new releases: https://github.com/SebRoLENS/orca-ped-analyzer
#
# Molecule: 22 atoms | non-linear
# Bonds inferred: 22 | candidate ICs: 174 | selected ICs: 60
# Cartesian-Hessian reconstruction relative error: 1.560e-05
# Energy distribution: PED (PED is the backward-compatible default; TED includes kinetic-energy terms)
# Ring/cycle bonds detected: 5 | ring atoms: 5 | ring systems: 1
# VPT2: no matching .out file supplied/found -> harmonic/PED analysis only
#
 Mode   Harm/cm-1   VPT2/cm-1  Harm.Int/km mol-1  Assignment                                                     Grouped PED
------------------------------------------------------------------------------------------------------------------------------------------------------------------------------------------------
    6       35.04          --                 --  C-C torsion                                                    C-C torsion 80.48%; cyclic-ring torsional/out-of-plane deformation 5.74%; cyclic-ring torsional/out-of-plane deformation 5.53%; C-H bending 2.94%
    7       90.39          --                 --  mixed cyclic-ring torsional/out-of-plane deformation / cyclic-ring out-of-plane deformation / C-C torsion cyclic-ring torsional/out-of-plane deformation 39.65%; cyclic-ring out-of-plane deformation 31.52%; C-C torsion 26.55%
    8      129.85          --                 --  mixed cyclic-ring torsional/out-of-plane deformation / C-C torsion cyclic-ring torsional/out-of-plane deformation 42.62%; C-C torsion 24.83%; C-C out-of-plane bending 10.64%; cyclic-ring torsional/out-of-plane deformation 9.02%
    9      176.53          --                 --  mixed C-C-C bending / C-C torsion                              C-C-C bending 43.61%; C-C torsion 37.65%; N-C-C bending 5.95%; cyclic-ring torsional/out-of-plane deformation 3.36%
   10      233.28          --                 --  C-C torsion                                                    C-C torsion 83.82%; cyclic-ring torsional/out-of-plane deformation 9.84%; cyclic-ring out-of-plane deformation 5.02%
   11      245.43          --                 --  C-C torsion                                                    C-C torsion 85.02%; cyclic-ring torsional/out-of-plane deformation 9.07%; cyclic-ring out-of-plane deformation 4.66%
   12      272.50          --                 --  C-C torsion                                                    C-C torsion 95.06%; cyclic-ring torsional/out-of-plane deformation 2.08%
   13      307.07          --                 --  mixed C-C torsion / C-C-C bending                              C-C torsion 38.91%; C-C-C bending 35.07%; C-C out-of-plane bending 8.09%; N-C-C bending 6.47%
   14      347.51          --                 --  mixed C-C-C bending / N-C-C bending                            C-C-C bending 28.09%; N-C-C bending 25.05%; C-H bending 12.49%; cyclic-ring torsional/out-of-plane deformation 12.12%
   15      412.10          --                 --  mixed ring-site N-H out-of-plane bending / cyclic-ring torsional/out-of-plane deformation ring-site N-H out-of-plane bending 37.23%; cyclic-ring torsional/out-of-plane deformation 20.04%; C-C torsion 11.32%; C-C-C bending 8.51%
   16      440.77          --                 --  mixed cyclic-ring out-of-plane deformation / ring-site N-H out-of-plane bending cyclic-ring out-of-plane deformation 24.54%; ring-site N-H out-of-plane bending 19.74%; C-C-C bending 14.10%; C-C torsion 11.00%
   17      462.24          --                 --  mixed C-C-C bending / C-C torsion / C-H bending                C-C-C bending 28.91%; C-C torsion 28.21%; C-H bending 17.19%; N-C-C bending 5.93%
   18      598.60          --                 --  mixed C-C-C bending / C-C torsion                              C-C-C bending 26.72%; C-C torsion 25.12%; C-H bending 13.50%; exocyclic C-C stretching 10.40%
   19      636.00          --                 --  mixed cyclic-ring out-of-plane deformation / cyclic-ring torsional/out-of-plane deformation cyclic-ring out-of-plane deformation 66.60%; cyclic-ring torsional/out-of-plane deformation 15.61%; ring-site N-H out-of-plane bending 7.20%; ring-site C-H out-of-plane bending 4.91%
   20      672.07          --                 --  mixed ring-site C-H out-of-plane bending / cyclic-ring torsional/out-of-plane deformation ring-site C-H out-of-plane bending 29.80%; cyclic-ring torsional/out-of-plane deformation 24.66%; cyclic-ring out-of-plane deformation 14.10%; C-C torsion 12.20%
   21      698.55          --                 --  mixed mixed-phase exocyclic C-C stretching / cyclic-ring deformation (C-N-C bend) mixed-phase exocyclic C-C stretching 27.68%; cyclic-ring deformation (C-N-C bend) 19.46%; ring-site C-H out-of-plane bending 11.61%; C-C torsion 9.92%
   22      732.42          --                 --  mixed ring-site C-H out-of-plane bending / cyclic-ring torsional/out-of-plane deformation ring-site C-H out-of-plane bending 65.82%; cyclic-ring torsional/out-of-plane deformation 17.32%; C-C torsion 6.79%; cyclic-ring torsional/out-of-plane deformation 3.50%
   23      805.39          --                 --  ring-site C-H out-of-plane bending                             ring-site C-H out-of-plane bending 71.16%; cyclic-ring torsional/out-of-plane deformation 16.66%; cyclic-ring out-of-plane deformation 3.99%; C-H bending 2.78%
   24      878.41          --                 --  mixed in-phase C-C stretching / C-H bending                    in-phase C-C stretching 52.40%; C-H bending 14.72%; cyclic-ring deformation (C-C-C bend) 13.41%; C-C torsion 10.11%
   25      933.87          --                 --  C-H bending                                                    C-H bending 78.59%; C-C torsion 15.89%; C-C out-of-plane bending 3.22%
   26      963.91          --                 --  mixed C-H bending / opposite-phase C-C stretching              C-H bending 57.24%; opposite-phase C-C stretching 20.35%; C-C torsion 12.95%; cyclic-ring deformation (C-N-C bend) 4.19%
   27      976.33          --                 --  mixed C-H bending / cyclic-ring deformation (C-N-C bend)       C-H bending 38.85%; cyclic-ring deformation (C-N-C bend) 34.27%; cyclic C-N stretching 11.01%; cyclic C-C stretching 4.17%
   28      984.99          --                 --  mixed cyclic-ring deformation (C-C-C bend) / C-H bending / mixed-phase cyclic C-C stretching cyclic-ring deformation (C-C-C bend) 29.06%; C-H bending 21.09%; mixed-phase cyclic C-C stretching 15.30%; cyclic C-N stretching 11.60%
   29     1015.68          --                 --  mixed C-H bending / mixed-phase cyclic C-C stretching          C-H bending 44.16%; mixed-phase cyclic C-C stretching 17.16%; cyclic-ring deformation (C-N-C bend) 14.24%; cyclic-ring deformation (C-C-C bend) 9.19%
   30     1060.94          --                 --  C-H bending                                                    C-H bending 82.08%; cyclic-ring out-of-plane deformation 12.63%; cyclic-ring torsional/out-of-plane deformation 4.68%
   31     1098.44          --                 --  mixed C-H bending / cyclic C-C stretching                      C-H bending 64.38%; cyclic C-C stretching 7.75%; C-C-C bending 6.41%; C-C out-of-plane bending 6.12%
   32     1113.28          --                 --  mixed opposite-phase C-C stretching / C-H bending              opposite-phase C-C stretching 34.94%; C-H bending 23.04%; ring-site C-H in-plane bending 13.00%; cyclic C-C stretching 6.90%
   33     1134.08          --                 --  mixed mixed-phase cyclic C-N stretching / ring-site C-H in-plane bending / ring-site N-H in-plane bending mixed-phase cyclic C-N stretching 39.16%; ring-site C-H in-plane bending 26.37%; ring-site N-H in-plane bending 15.64%; C-H bending 5.55%
   34     1151.96          --                 --  mixed C-H bending / ring-site C-H in-plane bending             C-H bending 37.62%; ring-site C-H in-plane bending 19.21%; C-C out-of-plane bending 11.68%; opposite-phase exocyclic C-C stretching 7.07%
   35     1201.01          --                 --  mixed C-H bending / ring-site C-H in-plane bending             C-H bending 50.39%; ring-site C-H in-plane bending 15.81%; opposite-phase exocyclic C-C stretching 9.43%; C-C-C bending 8.48%
   36     1259.63          --                 --  mixed mixed-phase cyclic C-C stretching / C-H bending          mixed-phase cyclic C-C stretching 24.22%; C-H bending 21.63%; cyclic C-N stretching 12.86%; C-C-C bending 11.82%
   37     1291.91          --                 --  mixed ring-site C-H in-plane bending / cyclic C-N stretching   ring-site C-H in-plane bending 36.34%; cyclic C-N stretching 23.83%; cyclic C-C stretching 13.87%; exocyclic C-C stretching 7.71%
   38     1343.89          --                 --  mixed C-C out-of-plane bending / C-H bending                   C-C out-of-plane bending 55.53%; C-H bending 28.47%; mixed-phase C-C stretching 5.44%; C-C-C bending 4.29%
   39     1358.49          --                 --  mixed C-H bending / in-phase cyclic C-N stretching             C-H bending 51.73%; in-phase cyclic C-N stretching 11.36%; exocyclic C-C stretching 9.45%; C-C out-of-plane bending 8.05%
   40     1400.34          --                 --  mixed C-H bending / C-H out-of-plane bending                   C-H bending 64.21%; C-H out-of-plane bending 32.27%; C-C stretching 2.07%
   41     1420.91          --                 --  C-H bending                                                    C-H bending 70.88%; C-H out-of-plane bending 12.22%; mixed-phase cyclic C-C stretching 6.46%; C-C stretching 2.34%
   42     1421.90          --                 --  mixed C-H bending / C-H out-of-plane bending                   C-H bending 63.77%; C-H out-of-plane bending 21.79%; mixed-phase cyclic C-C stretching 7.76%
   43     1426.54          --                 --  mixed C-H bending / mixed-phase cyclic C-C stretching          C-H bending 61.49%; mixed-phase cyclic C-C stretching 13.76%; mixed-phase exocyclic C-C stretching 7.09%; cyclic C-N stretching 6.21%
   44     1445.68          --                 --  mixed C-H bending / mixed-phase cyclic C-N stretching / ring-site N-H in-plane bending C-H bending 29.21%; mixed-phase cyclic C-N stretching 24.87%; ring-site N-H in-plane bending 15.48%; cyclic C-C stretching 14.74%
   45     1483.92          --                 --  C-H bending                                                    C-H bending 99.33%
   46     1492.09          --                 --  mixed C-H bending / C-C torsion                                C-H bending 68.56%; C-C torsion 28.19%; C-H out-of-plane bending 2.91%
   47     1495.24          --                 --  C-H bending                                                    C-H bending 78.90%; C-C torsion 13.97%; C-H out-of-plane bending 5.94%
   48     1503.95          --                 --  C-H bending                                                    C-H bending 78.54%; mixed-phase cyclic C-N stretching 8.38%; ring-site N-H in-plane bending 3.93%; cyclic C-C stretching 3.87%
   49     1506.39          --                 --  mixed C-H bending / C-C torsion                                C-H bending 75.50%; C-C torsion 23.79%
   50     1514.62          --                 --  C-H bending                                                    C-H bending 83.23%; C-C torsion 11.56%; C-H out-of-plane bending 2.88%
   51     1545.53          --                 --  mixed in-phase cyclic C-C stretching / C-H bending             in-phase cyclic C-C stretching 33.12%; C-H bending 16.28%; cyclic-ring deformation (C-N-C bend) 11.29%; in-phase exocyclic C-C stretching 11.28%
   52     1628.88          --                 --  mixed opposite-phase cyclic C-C stretching / ring-site C-H in-plane bending opposite-phase cyclic C-C stretching 47.37%; ring-site C-H in-plane bending 14.01%; cyclic-ring deformation (C-C-C bend) 11.59%; mixed-phase exocyclic C-C stretching 10.26%
   53     2993.44          --                 --  C-H stretching                                                 C-H stretching 99.07%
   54     3012.34          --                 --  C-H stretching                                                 C-H stretching 99.65%
   55     3020.24          --                 --  mixed-phase C-H stretching                                     mixed-phase C-H stretching 99.69%
   56     3025.71          --                 --  C-H stretching                                                 C-H stretching 99.67%
   57     3050.92          --                 --  opposite-phase C-H stretching                                  opposite-phase C-H stretching 99.53%
   58     3079.49          --                 --  mixed-phase C-H stretching                                     mixed-phase C-H stretching 99.21%
   59     3085.88          --                 --  mixed-phase C-H stretching                                     mixed-phase C-H stretching 99.51%
   60     3094.21          --                 --  opposite-phase C-H stretching                                  opposite-phase C-H stretching 99.36%
   61     3097.33          --                 --  mixed-phase C-H stretching                                     mixed-phase C-H stretching 99.53%
   62     3114.18          --                 --  C-H stretching                                                 C-H stretching 99.55%
   63     3226.49          --                 --  ring-site C-H stretching                                       ring-site C-H stretching 99.07%
   64     3262.67          --                 --  ring-site C-H stretching                                       ring-site C-H stretching 98.70%
   65     3661.47          --                 --  ring-site N-H stretching                                       ring-site N-H stretching 99.07%

# Selected internal-coordinate set:
#   1  nu(C1-C2)
#   2  nu(C3-H15)
#   3  nu(C4-C9)
#   4  nu(C5-N6)
#   5  nu(C7-C8)
#   6  nu(C2-H13)
#   7  nu(C3-H14)
#   8  nu(C8-H20)
#   9  nu(C1-H10)
#  10  nu(C4-C5)
#  11  nu(C3-H16)
#  12  nu(C1-H12)
#  13  nu(C8-H21)
#  14  tau(C9-C4-C5-N6)
#  15  tau(C4-C5-N6-H18)
#  16  nu(N6-H18)
#  17  nu(C9-H22)
#  18  tau(C5-C4-C9-H22)
#  19  nu(C8-H19)
#  20  nu(C1-H11)
#  21  gamma(C4;C2,C1,H13)
#  22  gamma(C9;C7,N6,C8)
#  23  nu(C5-H17)
#  24  nu(N6-C7)
#  25  gamma(H16;C3,H14,H15)
#  26  delta(C4-C9-H22)
#  27  delta(H14-C3-H15)
#  28  tau(C9-C4-C5-H17)
#  29  delta(H11-C1-H12)
#  30  delta(H19-C8-H21)
#  31  delta(H10-C1-H11)
#  32  delta(H20-C8-H21)
#  33  delta(H19-C8-H20)
#  34  delta(H10-C1-H12)
#  35  delta(C7-N6-H18)
#  36  delta(C1-C2-H13)
#  37  tau(C4-C2-C3-H16)
#  38  delta(N6-C5-H17)
#  39  delta(C7-C8-H20)
#  40  delta(C2-C3-H14)
#  41  nu(C2-C4)
#  42  delta(C2-C1-H12)
#  43  nu(C7-C9)
#  44  tau(C2-C4-C5-N6)
#  45  delta(C2-C3-H15)
#  46  tau(C1-C2-C3-H15)
#  47  delta(C2-C1-H10)
#  48  nu(C2-C3)
#  49  delta(C7-C8-H21)
#  50  delta(C5-N6-C7)
#  51  tau(H11-C1-C2-C3)
#  52  delta(C2-C4-C5)
#  53  delta(C1-C2-C3)
#  54  tau(N6-C7-C8-H20)
#  55  delta(N6-C7-C8)
#  56  tau(C5-N6-C7-C8)
#  57  delta(C5-C4-C9)
#  58  tau(H10-C1-C2-C4)
#  59  delta(C1-C2-C4)
#  60  tau(C1-C2-C4-C9)

Wrote: /local/scratch/mv487/qm9s/experiment_1_phase2/ped/24024/24024_summary.csv
Wrote: /local/scratch/mv487/qm9s/experiment_1_phase2/ped/24024/24024_families.csv
Wrote: /local/scratch/mv487/qm9s/experiment_1_phase2/ped/24024/24024_ped.csv
Wrote: /local/scratch/mv487/qm9s/experiment_1_phase2/ped/24024/24024_ir_transitions.csv

# All generated files are in: /local/scratch/mv487/qm9s/experiment_1_phase2/ped/24024
# Manifest: /local/scratch/mv487/qm9s/experiment_1_phase2/ped/24024/24024_manifest.txt

--- stderr ---
Normal modes/frequencies absent or incomplete: diagonalizing Hessian.
