# Contact: romi@lens.unifi.it
# Manual: https://github.com/SebRoLENS/orca-ped-analyzer/blob/main/docs/ORCA_PED_Analyzer_Manual.md
# Check GitHub for updates and new releases: https://github.com/SebRoLENS/orca-ped-analyzer
#
# Molecule: 23 atoms | non-linear
# Bonds inferred: 23 | candidate ICs: 211 | selected ICs: 63
# Cartesian-Hessian reconstruction relative error: 1.970e-05
# Energy distribution: PED (PED is the backward-compatible default; TED includes kinetic-energy terms)
# Ring/cycle bonds detected: 3 | ring atoms: 3 | ring systems: 1
# VPT2: no matching .out file supplied/found -> harmonic/PED analysis only
#
 Mode   Harm/cm-1   VPT2/cm-1  Harm.Int/km mol-1  Assignment                                                     Grouped PED
------------------------------------------------------------------------------------------------------------------------------------------------------------------------------------------------
    6       45.97          --                 --  mixed C-O torsion / C-C torsion                                C-O torsion 64.60%; C-C torsion 24.38%; C-C-O bending 8.05%
    7       68.35          --                 --  mixed C-O torsion / C-C torsion                                C-O torsion 53.67%; C-C torsion 34.95%; C-C-O bending 5.05%
    8       91.79          --                 --  C-C torsion                                                    C-C torsion 98.83%
    9      113.78          --                 --  C-C torsion                                                    C-C torsion 86.81%; C-C-C bending 6.09%; C-O torsion 4.02%
   10      174.23          --                 --  C-C torsion                                                    C-C torsion 83.19%; cyclic-ring torsional/out-of-plane deformation 4.61%; C-O-C bending 4.50%
   11      215.00          --                 --  C-C torsion                                                    C-C torsion 70.95%; C-C-O bending 10.79%; C-C-C bending 10.20%; C-H bending 2.48%
   12      230.39          --                 --  C-C torsion                                                    C-C torsion 97.50%
   13      278.74          --                 --  C-C torsion                                                    C-C torsion 90.17%; C-C-O bending 3.25%; C-C-C bending 2.69%
   14      338.50          --                 --  mixed C-C-C bending / cyclic-ring out-of-plane deformation     C-C-C bending 19.28%; cyclic-ring out-of-plane deformation 17.29%; cyclic-ring torsional/out-of-plane deformation 14.69%; C-C torsion 14.29%
   15      417.33          --                 --  mixed cyclic-ring out-of-plane deformation / C-C-O bending     cyclic-ring out-of-plane deformation 26.65%; C-C-O bending 17.95%; C-O torsion 15.00%; C-C-C bending 12.42%
   16      429.42          --                 --  mixed C-C torsion / ring-site C-H out-of-plane bending         C-C torsion 33.41%; ring-site C-H out-of-plane bending 18.30%; cyclic-ring torsional/out-of-plane deformation 12.84%; C-O torsion 8.20%
   17      462.61          --                 --  mixed C-C torsion / C-O torsion / cyclic-ring out-of-plane deformation C-C torsion 33.60%; C-O torsion 20.03%; cyclic-ring out-of-plane deformation 16.57%; cyclic-ring torsional/out-of-plane deformation 9.19%
   18      485.17          --                 --  mixed ring-site C-H out-of-plane bending / C-C torsion         ring-site C-H out-of-plane bending 28.95%; C-C torsion 13.40%; C-O-C bending 10.44%; cyclic-ring out-of-plane deformation 9.42%
   19      677.30          --                 --  mixed C-C-O bending / C-C torsion                              C-C-O bending 36.10%; C-C torsion 22.36%; C-H bending 11.93%; in-phase C-C stretching 8.16%
   20      749.11          --                 --  mixed C-C torsion / C-H bending                                C-C torsion 52.69%; C-H bending 14.64%; ring-site C-H in-plane bending 13.06%; cyclic-ring out-of-plane deformation 6.43%
   21      779.30          --                 --  mixed ring-site C-H in-plane bending / C-C torsion             ring-site C-H in-plane bending 37.57%; C-C torsion 35.85%; C-H bending 13.32%; ring-site C-H out-of-plane bending 3.43%
   22      821.76          --                 --  mixed ring-site C-H out-of-plane bending / cyclic-ring out-of-plane deformation ring-site C-H out-of-plane bending 58.99%; cyclic-ring out-of-plane deformation 19.59%; ring-site C-H in-plane bending 8.63%; C-C out-of-plane bending 4.76%
   23      835.86          --                 --  mixed ring-site C-H out-of-plane bending / cyclic-ring out-of-plane deformation ring-site C-H out-of-plane bending 33.14%; cyclic-ring out-of-plane deformation 19.06%; ring-site C-H in-plane bending 12.72%; opposite-phase cyclic C-C stretching 9.13%
   24      852.23          --                 --  mixed C-H bending / C-C stretching                             C-H bending 36.70%; C-C stretching 16.31%; C-C torsion 13.96%; C-C-C bending 9.28%
   25      894.20          --                 --  mixed mixed-phase cyclic C-C stretching / C-H bending / C-O stretching mixed-phase cyclic C-C stretching 24.67%; C-H bending 20.67%; C-O stretching 18.54%; mixed-phase C-C stretching 15.59%
   26      951.13          --                 --  mixed C-H bending / mixed-phase C-C stretching                 C-H bending 25.03%; mixed-phase C-C stretching 15.01%; opposite-phase C-O stretching 13.28%; C-C torsion 10.98%
   27      983.59          --                 --  mixed ring-site C-H out-of-plane bending / cyclic-ring out-of-plane deformation ring-site C-H out-of-plane bending 42.79%; cyclic-ring out-of-plane deformation 14.57%; cyclic C-C stretching 10.39%; C-C out-of-plane bending 7.98%
   28      997.00          --                 --  mixed C-H bending / C-C torsion                                C-H bending 51.49%; C-C torsion 18.99%; C-C stretching 6.82%; C-H out-of-plane bending 4.40%
   29     1017.29          --                 --  mixed C-H bending / mixed-phase C-O stretching                 C-H bending 15.04%; mixed-phase C-O stretching 13.52%; cyclic-ring out-of-plane deformation 11.51%; mixed-phase C-C stretching 11.04%
   30     1048.21          --                 --  mixed ring-site C-H out-of-plane bending / cyclic-ring out-of-plane deformation ring-site C-H out-of-plane bending 47.18%; cyclic-ring out-of-plane deformation 15.78%; mixed-phase C-C stretching 11.08%; ring-site C-H in-plane bending 10.48%
   31     1056.09          --                 --  mixed ring-site C-H out-of-plane bending / cyclic-ring out-of-plane deformation ring-site C-H out-of-plane bending 29.83%; cyclic-ring out-of-plane deformation 18.70%; mixed-phase C-C stretching 10.85%; in-phase C-O stretching 9.55%
   32     1074.71          --                 --  mixed ring-site C-H out-of-plane bending / cyclic-ring out-of-plane deformation ring-site C-H out-of-plane bending 65.30%; cyclic-ring out-of-plane deformation 17.98%; ring-site C-H in-plane bending 12.66%
   33     1081.77          --                 --  mixed mixed-phase C-O stretching / C-H bending                 mixed-phase C-O stretching 26.46%; C-H bending 26.17%; mixed-phase C-C stretching 13.46%; O-H bending 9.68%
   34     1129.58          --                 --  mixed C-C out-of-plane bending / ring-site C-H out-of-plane bending / cyclic-ring out-of-plane deformation C-C out-of-plane bending 40.55%; ring-site C-H out-of-plane bending 29.85%; cyclic-ring out-of-plane deformation 18.55%; ring-site C-H in-plane bending 4.21%
   35     1136.74          --                 --  mixed C-H bending / C-C torsion / in-phase C-O stretching      C-H bending 33.03%; C-C torsion 27.01%; in-phase C-O stretching 15.10%; C-C-C bending 13.30%
   36     1168.51          --                 --  mixed C-H bending / cyclic-ring out-of-plane deformation / C-C torsion C-H bending 32.70%; cyclic-ring out-of-plane deformation 16.75%; C-C torsion 16.31%; C-C stretching 8.54%
   37     1197.18          --                 --  mixed ring-site C-H in-plane bending / cyclic-ring out-of-plane deformation ring-site C-H in-plane bending 50.76%; cyclic-ring out-of-plane deformation 17.22%; exocyclic C-O stretching 8.38%; C-H bending 6.91%
   38     1197.71          --                 --  mixed ring-site C-H in-plane bending / cyclic-ring out-of-plane deformation ring-site C-H in-plane bending 32.07%; cyclic-ring out-of-plane deformation 19.51%; C-H bending 12.64%; exocyclic C-O stretching 12.06%
   39     1226.25          --                 --  mixed C-H bending / O-H bending                                C-H bending 48.98%; O-H bending 20.96%; opposite-phase C-C stretching 8.28%; C-C torsion 6.26%
   40     1234.14          --                 --  mixed cyclic C-C stretching / exocyclic C-O stretching         cyclic C-C stretching 61.33%; exocyclic C-O stretching 12.80%; C-H bending 9.16%; cyclic-ring out-of-plane deformation 4.41%
   41     1294.68          --                 --  mixed C-H bending / C-H out-of-plane bending                   C-H bending 55.05%; C-H out-of-plane bending 29.08%; C-C torsion 11.45%
   42     1317.43          --                 --  mixed C-H bending / C-C torsion                                C-H bending 58.86%; C-C torsion 22.70%; C-H out-of-plane bending 12.00%; C-C stretching 2.26%
   43     1362.84          --                 --  mixed C-H bending / C-C torsion / C-H out-of-plane bending     C-H bending 39.25%; C-C torsion 28.31%; C-H out-of-plane bending 21.52%; C-O stretching 2.20%
   44     1369.83          --                 --  C-H bending                                                    C-H bending 76.75%; O-H bending 9.11%; C-C torsion 8.75%; C-C stretching 2.24%
   45     1403.05          --                 --  mixed C-H bending / O-H bending                                C-H bending 61.47%; O-H bending 6.96%; opposite-phase C-C stretching 6.76%; C-C torsion 5.82%
   46     1412.79          --                 --  mixed C-H bending / C-H out-of-plane bending                   C-H bending 64.96%; C-H out-of-plane bending 19.57%; opposite-phase C-C stretching 10.05%; C-C torsion 2.93%
   47     1419.90          --                 --  mixed C-H bending / C-H out-of-plane bending                   C-H bending 60.88%; C-H out-of-plane bending 28.15%; C-C stretching 3.18%; C-C torsion 2.41%
   48     1429.42          --                 --  C-H bending                                                    C-H bending 74.87%; O-H bending 14.53%; C-C stretching 3.12%
   49     1461.36          --                 --  mixed ring-site C-H in-plane bending / ring-site C-H out-of-plane bending ring-site C-H in-plane bending 56.36%; ring-site C-H out-of-plane bending 33.01%; cyclic-ring out-of-plane deformation 9.19%
   50     1486.29          --                 --  C-C torsion                                                    C-C torsion 79.24%; C-H bending 18.13%
   51     1500.78          --                 --  mixed C-C torsion / C-H bending                                C-C torsion 64.13%; C-H bending 11.84%; ring-site C-H out-of-plane bending 8.78%; ring-site C-H in-plane bending 6.74%
   52     1503.61          --                 --  mixed C-C torsion / ring-site C-H out-of-plane bending / ring-site C-H in-plane bending C-C torsion 28.87%; ring-site C-H out-of-plane bending 22.10%; ring-site C-H in-plane bending 17.49%; C-H bending 12.24%
   53     1510.86          --                 --  C-H bending                                                    C-H bending 89.52%; C-C torsion 5.66%
   54     1513.98          --                 --  mixed C-C torsion / C-H bending                                C-C torsion 75.37%; C-H bending 21.17%
   55     2982.51          --                 --  mixed-phase C-H stretching                                     mixed-phase C-H stretching 98.80%
   56     2998.51          --                 --  C-H stretching                                                 C-H stretching 98.80%
   57     3028.01          --                 --  C-H stretching                                                 C-H stretching 99.71%
   58     3033.81          --                 --  C-H stretching                                                 C-H stretching 99.28%
   59     3072.64          --                 --  mixed-phase C-H stretching                                     mixed-phase C-H stretching 98.82%
   60     3080.24          --                 --  C-H stretching                                                 C-H stretching 99.19%
   61     3091.37          --                 --  mixed-phase C-H stretching                                     mixed-phase C-H stretching 99.43%
   62     3106.28          --                 --  ring-site C-H stretching                                       ring-site C-H stretching 96.35%; C-H stretching 2.60%
   63     3109.81          --                 --  mixed-phase C-H stretching                                     mixed-phase C-H stretching 97.23%; ring-site C-H stretching 2.20%
   64     3130.83          --                 --  in-phase ring-site C-H stretching                              in-phase ring-site C-H stretching 99.71%
   65     3136.83          --                 --  in-phase ring-site C-H stretching                              in-phase ring-site C-H stretching 99.10%
   66     3212.38          --                 --  mixed-phase ring-site C-H stretching                           mixed-phase ring-site C-H stretching 99.00%
   67     3226.15          --                 --  mixed-phase ring-site C-H stretching                           mixed-phase ring-site C-H stretching 99.67%
   68     3768.67          --                 --  O-H stretching                                                 O-H stretching 99.92%

# Selected internal-coordinate set:
#   1  nu(C1-C2)
#   2  nu(C3-C4)
#   3  nu(O5-H18)
#   4  nu(O6-C7)
#   5  nu(C8-C9)
#   6  nu(C3-H15)
#   7  nu(C2-H13)
#   8  nu(C4-H16)
#   9  nu(C1-H12)
#  10  nu(C7-H19)
#  11  nu(C9-H22)
#  12  nu(C8-H21)
#  13  nu(C2-H14)
#  14  nu(C4-H17)
#  15  nu(C1-H11)
#  16  tau(H21-C8-C9-H22)
#  17  nu(C3-O6)
#  18  nu(C1-H10)
#  19  gamma(C9;C7,O6,H19)
#  20  nu(C4-O5)
#  21  nu(C9-H23)
#  22  nu(C8-H20)
#  23  tau(H17-C4-O5-H18)
#  24  tau(H20-C8-C9-H22)
#  25  delta(O6-C7-H19)
#  26  tau(H11-C1-C2-H13)
#  27  tau(H10-C1-C2-H14)
#  28  gamma(H15;C3,C4,O6)
#  29  delta(C4-O5-H18)
#  30  delta(C2-C1-H12)
#  31  tau(H21-C8-C9-H23)
#  32  delta(O5-C4-H16)
#  33  tau(H14-C2-C3-H15)
#  34  delta(C2-C1-H10)
#  35  tau(H12-C1-C2-C3)
#  36  delta(C2-C1-H11)
#  37  delta(O5-C4-H17)
#  38  delta(C9-C8-H20)
#  39  delta(C8-C9-H22)
#  40  tau(H13-C2-C3-O6)
#  41  delta(H16-C4-H17)
#  42  delta(C8-C9-H23)
#  43  delta(C9-C8-H21)
#  44  gamma(O6;C7,C8,C9)
#  45  tau(C3-O6-C7-C8)
#  46  delta(C1-C2-H14)
#  47  delta(C3-C4-H16)
#  48  tau(H10-C1-C2-C3)
#  49  delta(C3-C2-H13)
#  50  nu(C2-C3)
#  51  gamma(C7;C8,C9,H21)
#  52  tau(C1-C2-C3-C4)
#  53  nu(C7-C8)
#  54  delta(C1-C2-C3)
#  55  delta(C3-O6-C7)
#  56  gamma(C7;C8,C9,H20)
#  57  tau(C2-C3-C4-H16)
#  58  delta(C3-C4-O5)
#  59  delta(C2-C3-H15)
#  60  tau(O6-C7-C9-C8)
#  61  delta(C4-C3-O6)
#  62  tau(C2-C3-O6-C7)
#  63  delta(C2-C3-C4)

Wrote: /local/scratch/mv487/qm9s/experiment_1_phase2/ped/94752/94752_summary.csv
Wrote: /local/scratch/mv487/qm9s/experiment_1_phase2/ped/94752/94752_families.csv
Wrote: /local/scratch/mv487/qm9s/experiment_1_phase2/ped/94752/94752_ped.csv
Wrote: /local/scratch/mv487/qm9s/experiment_1_phase2/ped/94752/94752_ir_transitions.csv

# All generated files are in: /local/scratch/mv487/qm9s/experiment_1_phase2/ped/94752
# Manifest: /local/scratch/mv487/qm9s/experiment_1_phase2/ped/94752/94752_manifest.txt

--- stderr ---
Normal modes/frequencies absent or incomplete: diagonalizing Hessian.
