# Contact: romi@lens.unifi.it
# Manual: https://github.com/SebRoLENS/orca-ped-analyzer/blob/main/docs/ORCA_PED_Analyzer_Manual.md
# Check GitHub for updates and new releases: https://github.com/SebRoLENS/orca-ped-analyzer
#
# Molecule: 23 atoms | non-linear
# Bonds inferred: 24 | candidate ICs: 244 | selected ICs: 63
# Cartesian-Hessian reconstruction relative error: 4.607e-05
# Energy distribution: PED (PED is the backward-compatible default; TED includes kinetic-energy terms)
# Ring/cycle bonds detected: 8 | ring atoms: 7 | ring systems: 1
# VPT2: no matching .out file supplied/found -> harmonic/PED analysis only
#
 Mode   Harm/cm-1   VPT2/cm-1  Harm.Int/km mol-1  Assignment                                                     Grouped PED
------------------------------------------------------------------------------------------------------------------------------------------------------------------------------------------------
    6      133.15          --                 --  ring-site C-H out-of-plane bending                             ring-site C-H out-of-plane bending 86.72%; cyclic-ring out-of-plane deformation 4.49%; cyclic-ring deformation (C-C-O bend) 3.81%; cyclic-ring deformation (C-C-C bend) 2.19%
    7      169.41          --                 --  mixed C-C torsion / ring-site C-H out-of-plane bending         C-C torsion 44.09%; ring-site C-H out-of-plane bending 22.26%; cyclic-ring torsional/out-of-plane deformation 14.90%; cyclic-ring deformation (C-C-C bend) 8.42%
    8      205.85          --                 --  C-C torsion                                                    C-C torsion 94.39%; cyclic-ring torsional/out-of-plane deformation 2.91%
    9      214.24          --                 --  C-C torsion                                                    C-C torsion 94.64%; ring-site C-H out-of-plane bending 2.59%
   10      254.16          --                 --  mixed C-C torsion / ring-site C-H out-of-plane bending         C-C torsion 54.73%; ring-site C-H out-of-plane bending 32.40%; cyclic-ring deformation (C-C-C bend) 3.70%; cyclic-ring torsional/out-of-plane deformation 3.35%
   11      275.18          --                 --  C-C torsion                                                    C-C torsion 82.07%; ring-site C-H out-of-plane bending 7.48%; cyclic-ring torsional/out-of-plane deformation 2.99%; cyclic-ring deformation (C-C-C bend) 2.26%
   12      337.84          --                 --  mixed ring-site C-H out-of-plane bending / C-C torsion         ring-site C-H out-of-plane bending 66.63%; C-C torsion 11.78%; cyclic-ring deformation (C-C-O bend) 5.48%; C-C-C bending 4.50%
   13      354.85          --                 --  mixed ring-site C-H out-of-plane bending / C-C-C bending       ring-site C-H out-of-plane bending 53.42%; C-C-C bending 19.51%; cyclic-ring deformation (C-C-O bend) 8.34%; cyclic-ring deformation (C-O-C bend) 6.06%
   14      418.11          --                 --  mixed ring-site C-H out-of-plane bending / C-C-C bending       ring-site C-H out-of-plane bending 44.35%; C-C-C bending 17.67%; cyclic-ring deformation (C-O-C bend) 12.60%; cyclic-ring torsional/out-of-plane deformation 6.62%
   15      458.77          --                 --  mixed ring-site C-H out-of-plane bending / C-C torsion         ring-site C-H out-of-plane bending 24.81%; C-C torsion 16.80%; cyclic-ring deformation (C-C-C bend) 11.83%; cyclic-ring out-of-plane deformation 10.65%
   16      484.39          --                 --  mixed cyclic-ring deformation (C-C-O bend) / cyclic-ring deformation (C-C-C bend) / cyclic-ring deformation (C-O-C bend) cyclic-ring deformation (C-C-O bend) 23.38%; cyclic-ring deformation (C-C-C bend) 20.81%; cyclic-ring deformation (C-O-C bend) 15.65%; C-C-C bending 10.78%
   17      539.94          --                 --  mixed ring-site C-H out-of-plane bending / cyclic-ring deformation (C-C-O bend) ring-site C-H out-of-plane bending 51.38%; cyclic-ring deformation (C-C-O bend) 9.12%; cyclic-ring torsional/out-of-plane deformation 8.41%; C-C torsion 7.92%
   18      679.04          --                 --  mixed cyclic C-C stretching / in-phase exocyclic C-C stretching / ring-site C-H out-of-plane bending cyclic C-C stretching 23.68%; in-phase exocyclic C-C stretching 21.70%; ring-site C-H out-of-plane bending 15.72%; cyclic-ring deformation (C-C-C bend) 15.65%
   19      732.58          --                 --  mixed mixed-phase cyclic C-C stretching / ring-site C-H out-of-plane bending mixed-phase cyclic C-C stretching 21.84%; ring-site C-H out-of-plane bending 20.14%; ring-site C-H in-plane bending 12.47%; cyclic-ring deformation (C-C-C bend) 12.25%
   20      767.64          --                 --  mixed cyclic-ring out-of-plane deformation / ring-site C-H out-of-plane bending / mixed-phase cyclic C-C stretching cyclic-ring out-of-plane deformation 21.96%; ring-site C-H out-of-plane bending 19.76%; mixed-phase cyclic C-C stretching 15.79%; cyclic-ring deformation (C-C-C bend) 10.19%
   21      796.36          --                 --  mixed ring-site C-H out-of-plane bending / cyclic C-C stretching ring-site C-H out-of-plane bending 34.67%; cyclic C-C stretching 27.57%; cyclic-ring out-of-plane deformation 11.84%; cyclic C-O stretching 7.13%
   22      857.73          --                 --  mixed in-phase cyclic C-O stretching / ring-site C-H out-of-plane bending in-phase cyclic C-O stretching 32.10%; ring-site C-H out-of-plane bending 19.74%; cyclic-ring out-of-plane deformation 14.42%; ring-site C-H in-plane bending 11.25%
   23      925.91          --                 --  mixed ring-site C-H out-of-plane bending / cyclic C-C stretching ring-site C-H out-of-plane bending 25.75%; cyclic C-C stretching 20.25%; cyclic-ring deformation (C-C-O bend) 11.10%; cyclic-ring out-of-plane deformation 10.11%
   24      955.55          --                 --  mixed mixed-phase cyclic C-C stretching / cyclic C-O stretching mixed-phase cyclic C-C stretching 22.14%; cyclic C-O stretching 15.37%; cyclic-ring out-of-plane deformation 14.67%; ring-site C-H in-plane bending 13.08%
   25      968.51          --                 --  mixed cyclic-ring out-of-plane deformation / ring-site C-H out-of-plane bending / C-H bending cyclic-ring out-of-plane deformation 34.00%; ring-site C-H out-of-plane bending 19.17%; C-H bending 16.59%; opposite-phase exocyclic C-C stretching 12.61%
   26      976.89          --                 --  mixed C-H bending / cyclic-ring out-of-plane deformation / ring-site C-H out-of-plane bending C-H bending 39.09%; cyclic-ring out-of-plane deformation 26.04%; ring-site C-H out-of-plane bending 16.65%; C-C torsion 7.55%
   27      982.62          --                 --  mixed C-H bending / C-C torsion                                C-H bending 27.89%; C-C torsion 13.76%; cyclic C-C stretching 12.71%; exocyclic C-C stretching 11.00%
   28     1030.78          --                 --  mixed C-H bending / ring-site C-H out-of-plane bending         C-H bending 37.83%; ring-site C-H out-of-plane bending 17.09%; cyclic-ring out-of-plane deformation 12.89%; cyclic-ring deformation (C-C-O bend) 8.00%
   29     1053.75          --                 --  mixed ring-site C-H out-of-plane bending / ring-site C-H in-plane bending ring-site C-H out-of-plane bending 31.86%; ring-site C-H in-plane bending 25.48%; cyclic-ring out-of-plane deformation 14.99%; C-H bending 7.44%
   30     1075.40          --                 --  mixed ring-site C-H out-of-plane bending / cyclic-ring out-of-plane deformation / ring-site C-H in-plane bending ring-site C-H out-of-plane bending 30.68%; cyclic-ring out-of-plane deformation 22.91%; ring-site C-H in-plane bending 17.07%; C-H bending 14.39%
   31     1084.92          --                 --  mixed mixed-phase cyclic C-C stretching / ring-site C-H in-plane bending / ring-site C-H out-of-plane bending mixed-phase cyclic C-C stretching 25.08%; ring-site C-H in-plane bending 21.70%; ring-site C-H out-of-plane bending 17.40%; cyclic-ring out-of-plane deformation 11.20%
   32     1117.22          --                 --  mixed opposite-phase cyclic C-O stretching / cyclic-ring out-of-plane deformation / ring-site C-H out-of-plane bending opposite-phase cyclic C-O stretching 35.42%; cyclic-ring out-of-plane deformation 17.63%; ring-site C-H out-of-plane bending 15.45%; ring-site C-H in-plane bending 9.27%
   33     1143.15          --                 --  mixed ring-site C-H in-plane bending / ring-site C-H out-of-plane bending / cyclic-ring out-of-plane deformation ring-site C-H in-plane bending 21.04%; ring-site C-H out-of-plane bending 20.41%; cyclic-ring out-of-plane deformation 15.95%; C-H bending 15.49%
   34     1158.13          --                 --  mixed C-H bending / in-phase cyclic C-C stretching             C-H bending 35.54%; in-phase cyclic C-C stretching 28.06%; ring-site C-H in-plane bending 11.73%; C-C-C bending 5.75%
   35     1165.21          --                 --  mixed C-H bending / C-C torsion / cyclic-ring out-of-plane deformation C-H bending 43.10%; C-C torsion 19.22%; cyclic-ring out-of-plane deformation 15.75%; mixed-phase cyclic C-C stretching 6.89%
   36     1228.05          --                 --  mixed ring-site C-H in-plane bending / cyclic-ring out-of-plane deformation ring-site C-H in-plane bending 23.50%; cyclic-ring out-of-plane deformation 20.37%; mixed-phase exocyclic C-C stretching 14.38%; C-H bending 12.80%
   37     1259.09          --                 --  mixed ring-site C-H in-plane bending / ring-site C-H out-of-plane bending ring-site C-H in-plane bending 56.23%; ring-site C-H out-of-plane bending 17.79%; C-H bending 7.18%; C-C-C bending 4.40%
   38     1275.53          --                 --  mixed ring-site C-H in-plane bending / ring-site C-H out-of-plane bending ring-site C-H in-plane bending 66.40%; ring-site C-H out-of-plane bending 13.83%; mixed-phase cyclic C-C stretching 5.41%; cyclic-ring deformation (C-C-O bend) 3.31%
   39     1323.39          --                 --  mixed ring-site C-H in-plane bending / ring-site C-H out-of-plane bending ring-site C-H in-plane bending 63.58%; ring-site C-H out-of-plane bending 19.29%; cyclic C-C stretching 4.02%; cyclic-ring deformation (C-O-C bend) 3.60%
   40     1331.90          --                 --  mixed ring-site C-H in-plane bending / C-H bending             ring-site C-H in-plane bending 24.48%; C-H bending 22.96%; mixed-phase exocyclic C-C stretching 13.70%; C-C torsion 9.82%
   41     1357.86          --                 --  mixed ring-site C-H in-plane bending / ring-site C-H out-of-plane bending / cyclic-ring out-of-plane deformation ring-site C-H in-plane bending 39.23%; ring-site C-H out-of-plane bending 33.79%; cyclic-ring out-of-plane deformation 20.30%; mixed-phase cyclic C-C stretching 4.34%
   42     1373.89          --                 --  mixed ring-site C-H out-of-plane bending / ring-site C-H in-plane bending ring-site C-H out-of-plane bending 42.91%; ring-site C-H in-plane bending 39.51%; mixed-phase cyclic C-C stretching 8.80%; cyclic-ring out-of-plane deformation 6.43%
   43     1385.84          --                 --  mixed ring-site C-H in-plane bending / ring-site C-H out-of-plane bending ring-site C-H in-plane bending 66.56%; ring-site C-H out-of-plane bending 14.97%; mixed-phase cyclic C-C stretching 10.83%; cyclic-ring out-of-plane deformation 2.38%
   44     1413.19          --                 --  mixed C-H bending / C-H out-of-plane bending                   C-H bending 66.07%; C-H out-of-plane bending 29.46%; opposite-phase exocyclic C-C stretching 3.56%
   45     1418.61          --                 --  mixed ring-site C-H in-plane bending / ring-site C-H out-of-plane bending ring-site C-H in-plane bending 62.23%; ring-site C-H out-of-plane bending 17.16%; mixed-phase cyclic C-C stretching 7.85%; cyclic-ring out-of-plane deformation 4.30%
   46     1425.98          --                 --  C-H bending                                                    C-H bending 72.44%; C-H out-of-plane bending 16.59%; in-phase exocyclic C-C stretching 3.39%; cyclic C-C stretching 2.52%
   47     1453.97          --                 --  mixed ring-site C-H in-plane bending / C-H bending / mixed-phase cyclic C-C stretching ring-site C-H in-plane bending 36.85%; C-H bending 20.99%; mixed-phase cyclic C-C stretching 16.51%; ring-site C-H out-of-plane bending 7.11%
   48     1486.89          --                 --  mixed ring-site C-H out-of-plane bending / C-H bending         ring-site C-H out-of-plane bending 52.04%; C-H bending 20.68%; cyclic-ring out-of-plane deformation 10.03%; C-C torsion 9.56%
   49     1492.24          --                 --  mixed ring-site C-H out-of-plane bending / C-H bending / C-C torsion ring-site C-H out-of-plane bending 33.36%; C-H bending 28.28%; C-C torsion 24.68%; cyclic-ring out-of-plane deformation 6.45%
   50     1496.77          --                 --  C-H bending                                                    C-H bending 72.95%; C-C torsion 18.31%; ring-site C-H out-of-plane bending 3.44%; C-H out-of-plane bending 2.99%
   51     1499.29          --                 --  mixed ring-site C-H out-of-plane bending / C-H bending / ring-site C-H in-plane bending ring-site C-H out-of-plane bending 35.60%; C-H bending 31.85%; ring-site C-H in-plane bending 15.43%; C-C torsion 13.11%
   52     1507.37          --                 --  mixed ring-site C-H out-of-plane bending / ring-site C-H in-plane bending ring-site C-H out-of-plane bending 59.20%; ring-site C-H in-plane bending 19.42%; C-H bending 12.23%; C-C torsion 3.30%
   53     1515.04          --                 --  C-H bending                                                    C-H bending 76.36%; C-C torsion 12.52%; ring-site C-H out-of-plane bending 4.87%; C-H out-of-plane bending 2.77%
   54     1520.24          --                 --  C-H bending                                                    C-H bending 80.93%; C-C torsion 9.32%; ring-site C-H out-of-plane bending 4.00%
   55     2961.09          --                 --  mixed-phase ring-site C-H stretching                           mixed-phase ring-site C-H stretching 99.34%
   56     2967.76          --                 --  ring-site C-H stretching                                       ring-site C-H stretching 99.02%
   57     3012.61          --                 --  mixed-phase C-H stretching                                     mixed-phase C-H stretching 99.58%
   58     3019.66          --                 --  C-H stretching                                                 C-H stretching 98.77%
   59     3034.72          --                 --  in-phase ring-site C-H stretching                              in-phase ring-site C-H stretching 98.56%
   60     3063.26          --                 --  mixed-phase C-H stretching                                     mixed-phase C-H stretching 93.62%; ring-site C-H stretching 5.76%
   61     3066.24          --                 --  ring-site C-H stretching                                       ring-site C-H stretching 87.93%; opposite-phase C-H stretching 11.17%
   62     3067.53          --                 --  opposite-phase ring-site C-H stretching                        opposite-phase ring-site C-H stretching 97.64%
   63     3067.90          --                 --  mixed-phase C-H stretching                                     mixed-phase C-H stretching 92.86%; ring-site C-H stretching 6.22%
   64     3085.19          --                 --  mixed-phase C-H stretching                                     mixed-phase C-H stretching 97.76%
   65     3088.33          --                 --  ring-site C-H stretching                                       ring-site C-H stretching 98.57%
   66     3124.11          --                 --  mixed-phase ring-site C-H stretching                           mixed-phase ring-site C-H stretching 98.66%
   67     3130.86          --                 --  C-H stretching                                                 C-H stretching 98.74%
   68     3138.27          --                 --  ring-site C-H stretching                                       ring-site C-H stretching 98.36%

# Selected internal-coordinate set:
#   1  nu(C1-C2)
#   2  nu(C3-H14)
#   3  nu(C4-H16)
#   4  nu(C5-C6)
#   5  nu(C8-C9)
#   6  nu(C3-H15)
#   7  nu(C8-H21)
#   8  nu(C5-H17)
#   9  nu(C1-H12)
#  10  nu(C6-H19)
#  11  nu(C9-H23)
#  12  nu(C3-H13)
#  13  nu(C5-H18)
#  14  nu(C1-H11)
#  15  nu(C8-H22)
#  16  nu(C6-H20)
#  17  nu(C2-C4)
#  18  nu(C6-O7)
#  19  gamma(C5;C4,C2,H16)
#  20  nu(C1-H10)
#  21  gamma(C2;C9,C8,H23)
#  22  nu(O7-C8)
#  23  gamma(H14;C3,H13,H15)
#  24  gamma(H18;C5,C6,H17)
#  25  tau(C6-O7-C8-H22)
#  26  tau(H20-C6-O7-C8)
#  27  delta(H13-C3-H15)
#  28  nu(C2-C9)
#  29  delta(H11-C1-H12)
#  30  delta(H10-C1-H12)
#  31  delta(C2-C4-H16)
#  32  delta(H10-C1-H11)
#  33  tau(H18-C5-C6-H19)
#  34  tau(C1-C2-C3-H14)
#  35  delta(C6-C5-H17)
#  36  delta(O7-C8-H21)
#  37  delta(C8-C9-H23)
#  38  tau(C6-O7-C8-H21)
#  39  delta(O7-C6-H20)
#  40  delta(O7-C8-H22)
#  41  delta(C5-C6-H19)
#  42  delta(C2-C1-H10)
#  43  delta(C2-C3-H15)
#  44  gamma(C6;C5,C4,H18)
#  45  tau(H17-C5-C6-O7)
#  46  nu(C2-C3)
#  47  tau(C1-C2-C3-H15)
#  48  nu(C4-C5)
#  49  delta(C9-C8-H21)
#  50  tau(C9-C2-C3-H13)
#  51  delta(C2-C1-H12)
#  52  delta(C4-C9-C8)
#  53  delta(C6-O7-C8)
#  54  tau(H12-C1-C2-C4)
#  55  delta(C2-C3-H13)
#  56  delta(C2-C4-C5)
#  57  tau(C1-C2-C4-H16)
#  58  delta(C1-C2-C3)
#  59  delta(C4-C5-H18)
#  60  tau(C3-C2-C4-C9)
#  61  delta(C5-C6-O7)
#  62  tau(C2-C4-C9-C8)
#  63  delta(C1-C2-C4)

Wrote: /local/scratch/mv487/qm9s/experiment_1_phase2/ped/57870/57870_summary.csv
Wrote: /local/scratch/mv487/qm9s/experiment_1_phase2/ped/57870/57870_families.csv
Wrote: /local/scratch/mv487/qm9s/experiment_1_phase2/ped/57870/57870_ped.csv
Wrote: /local/scratch/mv487/qm9s/experiment_1_phase2/ped/57870/57870_ir_transitions.csv

# All generated files are in: /local/scratch/mv487/qm9s/experiment_1_phase2/ped/57870
# Manifest: /local/scratch/mv487/qm9s/experiment_1_phase2/ped/57870/57870_manifest.txt

--- stderr ---
Normal modes/frequencies absent or incomplete: diagonalizing Hessian.
