# Contact: romi@lens.unifi.it
# Manual: https://github.com/SebRoLENS/orca-ped-analyzer/blob/main/docs/ORCA_PED_Analyzer_Manual.md
# Check GitHub for updates and new releases: https://github.com/SebRoLENS/orca-ped-analyzer
#
# Molecule: 22 atoms | non-linear
# Bonds inferred: 21 | candidate ICs: 169 | selected ICs: 60
# Cartesian-Hessian reconstruction relative error: 3.320e-05
# Energy distribution: PED (PED is the backward-compatible default; TED includes kinetic-energy terms)
# Ring/cycle bonds detected: 0 | ring atoms: 0 | ring systems: 0
# VPT2: no matching .out file supplied/found -> harmonic/PED analysis only
#
 Mode   Harm/cm-1   VPT2/cm-1  Harm.Int/km mol-1  Assignment                                                     Grouped PED
------------------------------------------------------------------------------------------------------------------------------------------------------------------------------------------------
    6       59.41          --                 --  mixed C-C torsion / C-N torsion                                C-C torsion 62.82%; C-N torsion 27.70%; C-N out-of-plane bending 4.71%
    7       78.30          --                 --  C-C torsion                                                    C-C torsion 78.63%; C-N torsion 18.54%
    8      107.63          --                 --  C-C torsion                                                    C-C torsion 76.19%; C-N torsion 8.02%; C-O torsion 4.72%; C-O out-of-plane bending 2.47%
    9      128.22          --                 --  C-C torsion                                                    C-C torsion 73.92%; C-O torsion 10.37%; N-C-C bending 4.31%; C-C-O bending 2.64%
   10      183.11          --                 --  mixed C-C torsion / C-N out-of-plane bending                   C-C torsion 64.97%; C-N out-of-plane bending 14.36%; C-N-C bending 5.28%; C-N torsion 4.81%
   11      203.26          --                 --  C-C torsion                                                    C-C torsion 88.95%; C-N torsion 8.15%
   12      218.28          --                 --  C-C torsion                                                    C-C torsion 91.47%; C-N-C bending 2.67%
   13      240.93          --                 --  mixed C-C torsion / C-C-C bending                              C-C torsion 46.05%; C-C-C bending 22.06%; C-N out-of-plane bending 11.04%; C-C-O bending 9.48%
   14      285.28          --                 --  C-C torsion                                                    C-C torsion 91.63%
   15      304.08          --                 --  mixed C-C torsion / C-C-N bending                              C-C torsion 39.47%; C-C-N bending 14.78%; C-C-O bending 11.50%; C-H bending 9.73%
   16      367.11          --                 --  mixed C-N-C bending / C-N out-of-plane bending / C-C torsion   C-N-C bending 37.73%; C-N out-of-plane bending 21.25%; C-C torsion 20.74%; C-C-O bending 7.12%
   17      408.46          --                 --  mixed C-C-N bending / C-C-O bending / C-H bending              C-C-N bending 25.78%; C-C-O bending 23.45%; C-H bending 16.33%; C-N-C bending 12.16%
   18      450.06          --                 --  mixed C-C torsion / C-N-C bending                              C-C torsion 45.99%; C-N-C bending 20.63%; C-N out-of-plane bending 14.72%; N-C-C bending 6.50%
   19      511.53          --                 --  C-O torsion                                                    C-O torsion 85.29%; C-H bending 5.12%; C-C torsion 2.71%
   20      580.93          --                 --  mixed C-H bending / C-C-O bending                              C-H bending 16.39%; C-C-O bending 15.03%; N-C-C bending 14.07%; C-N out-of-plane bending 10.63%
   21      702.76          --                 --  mixed C-H bending / C-N stretching                             C-H bending 26.22%; C-N stretching 20.80%; C-C torsion 10.32%; C-C stretching 10.12%
   22      781.50          --                 --  mixed C-C-O bending / C-H bending                              C-C-O bending 32.36%; C-H bending 22.18%; C-C stretching 12.51%; C-C-C bending 9.14%
   23      805.80          --                 --  mixed C-C torsion / C-H bending                                C-C torsion 53.21%; C-H bending 44.83%
   24      833.71          --                 --  mixed mixed-phase C-C stretching / C-N stretching / C-H bending mixed-phase C-C stretching 35.85%; C-N stretching 22.13%; C-H bending 18.74%; C-C torsion 6.07%
   25      925.96          --                 --  mixed C-H bending / in-phase C-C stretching                    C-H bending 48.39%; in-phase C-C stretching 16.74%; opposite-phase C-N stretching 14.86%; C-C torsion 8.05%
   26      937.03          --                 --  mixed C-H bending / C-H out-of-plane bending / C-O stretching  C-H bending 26.34%; C-H out-of-plane bending 23.16%; C-O stretching 15.44%; C-O out-of-plane bending 13.75%
   27     1007.71          --                 --  mixed C-H bending / C-N stretching                             C-H bending 44.88%; C-N stretching 13.70%; C-C torsion 13.62%; C-C stretching 12.72%
   28     1059.74          --                 --  mixed C-O out-of-plane bending / C-O stretching                C-O out-of-plane bending 26.74%; C-O stretching 18.87%; opposite-phase C-C stretching 10.22%; C-H out-of-plane bending 9.57%
   29     1071.62          --                 --  mixed C-H bending / C-C stretching                             C-H bending 49.39%; C-C stretching 16.96%; mixed-phase C-N stretching 11.53%; C-C torsion 10.48%
   30     1090.71          --                 --  mixed C-H bending / mixed-phase C-N stretching                 C-H bending 49.21%; mixed-phase C-N stretching 22.13%; C-C torsion 9.85%; in-phase C-C stretching 4.90%
   31     1110.44          --                 --  mixed C-O stretching / mixed-phase C-C stretching / C-H bending C-O stretching 29.72%; mixed-phase C-C stretching 25.16%; C-H bending 20.84%; C-H out-of-plane bending 5.18%
   32     1117.17          --                 --  mixed C-H bending / C-C torsion                                C-H bending 58.04%; C-C torsion 16.77%; opposite-phase C-N stretching 5.21%; opposite-phase C-C stretching 4.76%
   33     1155.25          --                 --  mixed C-H bending / mixed-phase C-N stretching                 C-H bending 65.83%; mixed-phase C-N stretching 9.70%; C-N out-of-plane bending 7.69%; C-C-N bending 7.09%
   34     1196.07          --                 --  mixed C-H bending / opposite-phase C-N stretching              C-H bending 52.86%; opposite-phase C-N stretching 25.80%; C-O out-of-plane bending 5.15%; C-H out-of-plane bending 4.37%
   35     1211.89          --                 --  mixed C-H bending / O-H bending                                C-H bending 60.30%; O-H bending 15.48%; C-H out-of-plane bending 8.39%; C-C stretching 2.96%
   36     1268.76          --                 --  mixed C-H bending / mixed-phase C-N stretching                 C-H bending 56.83%; mixed-phase C-N stretching 21.03%; C-N-C bending 9.68%; C-C stretching 2.79%
   37     1318.19          --                 --  mixed C-H bending / C-H out-of-plane bending                   C-H bending 60.94%; C-H out-of-plane bending 21.57%; opposite-phase C-C stretching 9.27%; C-C-O bending 2.09%
   38     1346.07          --                 --  mixed C-H bending / C-C torsion                                C-H bending 57.73%; C-C torsion 18.34%; C-H out-of-plane bending 7.35%; C-N out-of-plane bending 5.70%
   39     1354.53          --                 --  mixed C-H bending / C-H out-of-plane bending                   C-H bending 42.98%; C-H out-of-plane bending 30.24%; mixed-phase C-N stretching 9.20%; C-C torsion 4.15%
   40     1395.97          --                 --  C-H bending                                                    C-H bending 92.52%; C-N stretching 3.03%
   41     1398.59          --                 --  C-H bending                                                    C-H bending 78.86%; O-H bending 13.46%; C-N out-of-plane bending 2.07%
   42     1404.37          --                 --  mixed C-H bending / C-N out-of-plane bending / C-H out-of-plane bending C-H bending 43.34%; C-N out-of-plane bending 27.75%; C-H out-of-plane bending 26.68%
   43     1421.65          --                 --  mixed C-H bending / C-H out-of-plane bending / C-N out-of-plane bending C-H bending 45.09%; C-H out-of-plane bending 25.15%; C-N out-of-plane bending 23.40%; C-C stretching 4.03%
   44     1427.66          --                 --  mixed C-H bending / O-H bending                                C-H bending 67.81%; O-H bending 13.22%; C-H out-of-plane bending 6.36%; C-N out-of-plane bending 4.16%
   45     1464.91          --                 --  C-H bending                                                    C-H bending 89.94%; C-C torsion 4.69%; C-H out-of-plane bending 2.30%
   46     1486.47          --                 --  C-H bending                                                    C-H bending 90.98%; C-C torsion 6.22%
   47     1491.01          --                 --  C-H bending                                                    C-H bending 90.87%; C-C torsion 6.95%
   48     1498.26          --                 --  C-H bending                                                    C-H bending 89.21%; C-C torsion 8.62%
   49     1503.03          --                 --  C-H bending                                                    C-H bending 87.59%; C-C torsion 9.45%; C-H out-of-plane bending 2.02%
   50     1516.89          --                 --  mixed C-H bending / C-C torsion                                C-H bending 57.46%; C-C torsion 37.12%; C-N out-of-plane bending 2.32%; C-H out-of-plane bending 2.27%
   51     1520.85          --                 --  C-H bending                                                    C-H bending 79.56%; C-C torsion 17.53%
   52     1785.94          --                 --  C-O stretching                                                 C-O stretching 87.39%; C-H bending 5.08%; C-C stretching 4.02%; C-C-C bending 2.20%
   53     2923.42          --                 --  C-H stretching                                                 C-H stretching 98.89%
   54     2937.79          --                 --  C-H stretching                                                 C-H stretching 99.63%
   55     2967.06          --                 --  opposite-phase C-H stretching                                  opposite-phase C-H stretching 99.17%
   56     2969.47          --                 --  in-phase C-H stretching                                        in-phase C-H stretching 99.11%
   57     3004.66          --                 --  C-H stretching                                                 C-H stretching 99.38%
   58     3036.11          --                 --  in-phase C-H stretching                                        in-phase C-H stretching 99.61%
   59     3065.83          --                 --  mixed-phase C-H stretching                                     mixed-phase C-H stretching 99.53%
   60     3069.12          --                 --  C-H stretching                                                 C-H stretching 99.36%
   61     3090.04          --                 --  C-H stretching                                                 C-H stretching 99.17%
   62     3098.43          --                 --  mixed-phase C-H stretching                                     mixed-phase C-H stretching 99.42%
   63     3104.19          --                 --  mixed-phase C-H stretching                                     mixed-phase C-H stretching 99.29%
   64     3113.46          --                 --  mixed-phase C-H stretching                                     mixed-phase C-H stretching 99.28%
   65     3773.28          --                 --  O-H stretching                                                 O-H stretching 99.91%

# Selected internal-coordinate set:
#   1  nu(C1-H10)
#   2  nu(C2-H13)
#   3  nu(N3-C4)
#   4  nu(C5-C6)
#   5  nu(C8-H22)
#   6  nu(O7-H21)
#   7  nu(C2-H14)
#   8  nu(C5-H18)
#   9  nu(C1-H12)
#  10  nu(C6-H19)
#  11  nu(C4-H16)
#  12  nu(C1-H11)
#  13  nu(C6-H20)
#  14  nu(C4-H17)
#  15  nu(C8-O9)
#  16  gamma(O9;C8,C5,H22)
#  17  gamma(N3;C2,H13,H14)
#  18  nu(C4-H15)
#  19  nu(C6-O7)
#  20  nu(N3-C5)
#  21  tau(H20-C6-O7-H21)
#  22  delta(O9-C8-H22)
#  23  gamma(H11;C1,H10,H12)
#  24  delta(H13-C2-H14)
#  25  gamma(C2;N3,C4,C5)
#  26  gamma(H18;C5,N3,C6)
#  27  delta(H10-C1-H12)
#  28  delta(H15-C4-H16)
#  29  delta(H15-C4-H17)
#  30  delta(C6-O7-H21)
#  31  delta(H16-C4-H17)
#  32  delta(C5-C6-H19)
#  33  delta(H19-C6-H20)
#  34  tau(H11-C1-C2-H13)
#  35  delta(O7-C6-H19)
#  36  delta(O7-C6-H20)
#  37  delta(C2-C1-H10)
#  38  delta(N3-C4-H17)
#  39  delta(C6-C5-H18)
#  40  delta(C5-C8-O9)
#  41  tau(H10-C1-C2-H14)
#  42  nu(C2-N3)
#  43  nu(C5-C8)
#  44  delta(C1-C2-H13)
#  45  delta(C8-C5-H18)
#  46  nu(C1-C2)
#  47  delta(N3-C4-H16)
#  48  delta(C2-C1-H12)
#  49  tau(C6-C5-C8-H22)
#  50  tau(H12-C1-C2-N3)
#  51  tau(C2-N3-C4-H16)
#  52  delta(C1-C2-N3)
#  53  delta(C5-C6-O7)
#  54  tau(C8-C5-C6-H20)
#  55  tau(C1-C2-N3-C5)
#  56  delta(C4-N3-C5)
#  57  delta(C6-C5-C8)
#  58  delta(N3-C5-C6)
#  59  tau(C4-N3-C5-C8)
#  60  delta(C2-N3-C4)

Wrote: /local/scratch/mv487/qm9s/experiment_1_phase2/ped/93145/93145_summary.csv
Wrote: /local/scratch/mv487/qm9s/experiment_1_phase2/ped/93145/93145_families.csv
Wrote: /local/scratch/mv487/qm9s/experiment_1_phase2/ped/93145/93145_ped.csv
Wrote: /local/scratch/mv487/qm9s/experiment_1_phase2/ped/93145/93145_ir_transitions.csv

# All generated files are in: /local/scratch/mv487/qm9s/experiment_1_phase2/ped/93145
# Manifest: /local/scratch/mv487/qm9s/experiment_1_phase2/ped/93145/93145_manifest.txt

--- stderr ---
Normal modes/frequencies absent or incomplete: diagonalizing Hessian.
