# Contact: romi@lens.unifi.it
# Manual: https://github.com/SebRoLENS/orca-ped-analyzer/blob/main/docs/ORCA_PED_Analyzer_Manual.md
# Check GitHub for updates and new releases: https://github.com/SebRoLENS/orca-ped-analyzer
#
# Molecule: 21 atoms | non-linear
# Bonds inferred: 22 | candidate ICs: 204 | selected ICs: 57
# Cartesian-Hessian reconstruction relative error: 3.827e-05
# Energy distribution: PED (PED is the backward-compatible default; TED includes kinetic-energy terms)
# Ring/cycle bonds detected: 8 | ring atoms: 7 | ring systems: 1
# VPT2: no matching .out file supplied/found -> harmonic/PED analysis only
#
 Mode   Harm/cm-1   VPT2/cm-1  Harm.Int/km mol-1  Assignment                                                     Grouped PED
------------------------------------------------------------------------------------------------------------------------------------------------------------------------------------------------
    6       58.83          --                 --  C-C torsion                                                    C-C torsion 97.93%
    7      121.07          --                 --  mixed C-C torsion / cyclic-ring torsional/out-of-plane deformation C-C torsion 59.89%; cyclic-ring torsional/out-of-plane deformation 14.81%; ring-site C-H out-of-plane bending 11.28%; cyclic-ring deformation (C-O-C bend) 5.64%
    8      189.49          --                 --  C-C torsion                                                    C-C torsion 80.20%; ring-site C-H out-of-plane bending 6.96%; cyclic-ring torsional/out-of-plane deformation 5.53%; cyclic-ring deformation (C-O-C bend) 2.64%
    9      203.26          --                 --  mixed ring-site C-H out-of-plane bending / C-C torsion / C-C-C bending ring-site C-H out-of-plane bending 24.28%; C-C torsion 20.40%; C-C-C bending 19.47%; cyclic-ring deformation (C-C-C bend) 10.62%
   10      231.95          --                 --  C-C torsion                                                    C-C torsion 95.58%; cyclic-ring torsional/out-of-plane deformation 2.14%
   11      295.92          --                 --  C-C torsion                                                    C-C torsion 71.50%; cyclic-ring torsional/out-of-plane deformation 7.57%; ring-site C-H out-of-plane bending 6.24%; cyclic-ring deformation (C-O-C bend) 4.52%
   12      367.42          --                 --  C-C torsion                                                    C-C torsion 70.73%; C-C-C bending 8.61%; cyclic-ring deformation (C-C-C bend) 4.91%; cyclic-ring deformation (O-C-C bend) 4.16%
   13      420.46          --                 --  mixed cyclic-ring deformation (O-C-C bend) / C-C torsion       cyclic-ring deformation (O-C-C bend) 39.65%; C-C torsion 18.97%; ring-site C-H out-of-plane bending 14.63%; cyclic-ring out-of-plane deformation 12.72%
   14      475.26          --                 --  mixed ring-site C-H out-of-plane bending / cyclic-ring deformation (C-O-C bend) / C-C-C bending ring-site C-H out-of-plane bending 22.72%; cyclic-ring deformation (C-O-C bend) 18.08%; C-C-C bending 17.39%; cyclic-ring deformation (C-C-C bend) 12.46%
   15      569.19          --                 --  mixed cyclic-ring deformation (C-C-C bend) / ring-site C-H out-of-plane bending cyclic-ring deformation (C-C-C bend) 61.37%; ring-site C-H out-of-plane bending 15.02%; ring-site C-H in-plane bending 6.67%; cyclic C-C stretching 4.15%
   16      627.44          --                 --  mixed C-C torsion / cyclic-ring torsional/out-of-plane deformation C-C torsion 64.41%; cyclic-ring torsional/out-of-plane deformation 9.41%; C-C-C bending 7.03%; ring-site C-H in-plane bending 5.65%
   17      681.69          --                 --  mixed cyclic C-C stretching / cyclic-ring deformation (C-O-C bend) / exocyclic C-C stretching cyclic C-C stretching 26.26%; cyclic-ring deformation (C-O-C bend) 24.79%; exocyclic C-C stretching 17.08%; ring-site C-H in-plane bending 7.86%
   18      758.39          --                 --  mixed ring-site C-H out-of-plane bending / mixed-phase cyclic C-C stretching / C-C torsion ring-site C-H out-of-plane bending 20.78%; mixed-phase cyclic C-C stretching 17.25%; C-C torsion 15.33%; cyclic-ring out-of-plane deformation 13.77%
   19      792.07          --                 --  mixed C-C torsion / C-H bending                                C-C torsion 51.12%; C-H bending 25.05%; cyclic-ring out-of-plane deformation 10.70%; mixed-phase cyclic C-C stretching 6.26%
   20      814.21          --                 --  mixed C-C torsion / C-H bending                                C-C torsion 25.41%; C-H bending 19.74%; cyclic-ring out-of-plane deformation 12.31%; ring-site C-H out-of-plane bending 8.92%
   21      833.07          --                 --  mixed ring-site C-H out-of-plane bending / cyclic-ring out-of-plane deformation ring-site C-H out-of-plane bending 60.03%; cyclic-ring out-of-plane deformation 22.65%; ring-site C-H in-plane bending 6.70%; cyclic C-C stretching 5.58%
   22      840.32          --                 --  mixed cyclic-ring out-of-plane deformation / C-C torsion       cyclic-ring out-of-plane deformation 42.00%; C-C torsion 14.27%; cyclic C-O stretching 8.30%; C-H bending 8.11%
   23      937.51          --                 --  mixed ring-site C-H out-of-plane bending / cyclic-ring out-of-plane deformation ring-site C-H out-of-plane bending 26.82%; cyclic-ring out-of-plane deformation 15.62%; mixed-phase cyclic C-C stretching 14.22%; ring-site C-H in-plane bending 11.73%
   24      952.27          --                 --  mixed C-C stretching / C-H bending                             C-C stretching 35.04%; C-H bending 14.20%; mixed-phase cyclic C-C stretching 13.08%; cyclic-ring deformation (C-C-C bend) 10.93%
   25      972.96          --                 --  mixed mixed-phase cyclic C-C stretching / in-phase cyclic C-O stretching mixed-phase cyclic C-C stretching 42.41%; in-phase cyclic C-O stretching 16.98%; cyclic-ring out-of-plane deformation 9.42%; cyclic-ring deformation (C-C-C bend) 9.33%
   26     1004.92          --                 --  mixed cyclic-ring out-of-plane deformation / mixed-phase cyclic C-C stretching / ring-site C-H out-of-plane bending cyclic-ring out-of-plane deformation 23.83%; mixed-phase cyclic C-C stretching 22.20%; ring-site C-H out-of-plane bending 21.96%; ring-site C-H in-plane bending 12.13%
   27     1042.68          --                 --  mixed ring-site C-H out-of-plane bending / cyclic-ring out-of-plane deformation ring-site C-H out-of-plane bending 50.14%; cyclic-ring out-of-plane deformation 37.44%; ring-site C-H in-plane bending 8.74%
   28     1056.72          --                 --  mixed ring-site C-H out-of-plane bending / ring-site C-H in-plane bending ring-site C-H out-of-plane bending 33.43%; ring-site C-H in-plane bending 21.65%; cyclic-ring out-of-plane deformation 14.90%; cyclic C-C stretching 14.40%
   29     1066.18          --                 --  mixed ring-site C-H out-of-plane bending / cyclic-ring out-of-plane deformation ring-site C-H out-of-plane bending 30.36%; cyclic-ring out-of-plane deformation 21.40%; C-H bending 9.45%; mixed-phase cyclic C-C stretching 8.59%
   30     1075.22          --                 --  mixed C-H bending / C-C torsion                                C-H bending 40.29%; C-C torsion 13.34%; mixed-phase cyclic C-O stretching 9.52%; cyclic-ring out-of-plane deformation 7.51%
   31     1099.08          --                 --  mixed cyclic-ring out-of-plane deformation / mixed-phase cyclic C-C stretching / ring-site C-H in-plane bending cyclic-ring out-of-plane deformation 19.57%; mixed-phase cyclic C-C stretching 17.74%; ring-site C-H in-plane bending 15.48%; ring-site C-H out-of-plane bending 10.89%
   32     1108.65          --                 --  mixed C-C torsion / C-H bending                                C-C torsion 56.76%; C-H bending 26.99%; ring-site C-H out-of-plane bending 3.86%; ring-site C-H in-plane bending 2.69%
   33     1130.25          --                 --  mixed ring-site C-H out-of-plane bending / cyclic-ring out-of-plane deformation ring-site C-H out-of-plane bending 62.18%; cyclic-ring out-of-plane deformation 26.59%; ring-site C-H in-plane bending 3.84%
   34     1173.53          --                 --  mixed cyclic-ring out-of-plane deformation / mixed-phase cyclic C-O stretching / ring-site C-H in-plane bending cyclic-ring out-of-plane deformation 32.97%; mixed-phase cyclic C-O stretching 23.61%; ring-site C-H in-plane bending 22.28%; ring-site C-H out-of-plane bending 5.93%
   35     1196.94          --                 --  mixed ring-site C-H in-plane bending / exocyclic C-C stretching ring-site C-H in-plane bending 30.27%; exocyclic C-C stretching 23.60%; C-H bending 12.69%; cyclic-ring deformation (C-C-C bend) 12.29%
   36     1226.23          --                 --  mixed in-phase cyclic C-C stretching / ring-site C-H in-plane bending / mixed-phase cyclic C-O stretching in-phase cyclic C-C stretching 30.22%; ring-site C-H in-plane bending 28.04%; mixed-phase cyclic C-O stretching 27.68%; cyclic-ring deformation (C-C-C bend) 6.29%
   37     1274.81          --                 --  ring-site C-H in-plane bending                                 ring-site C-H in-plane bending 92.14%
   38     1282.97          --                 --  mixed C-H bending / C-C torsion / ring-site C-H in-plane bending C-H bending 48.74%; C-C torsion 26.98%; ring-site C-H in-plane bending 18.09%; cyclic C-C stretching 2.97%
   39     1325.79          --                 --  mixed ring-site C-H in-plane bending / C-H bending             ring-site C-H in-plane bending 45.54%; C-H bending 23.55%; ring-site C-H out-of-plane bending 11.75%; C-C torsion 8.55%
   40     1361.49          --                 --  mixed C-H bending / C-C torsion                                C-H bending 48.28%; C-C torsion 28.80%; ring-site C-H in-plane bending 9.11%; exocyclic C-C stretching 6.87%
   41     1369.50          --                 --  ring-site C-H in-plane bending                                 ring-site C-H in-plane bending 75.02%; mixed-phase cyclic C-C stretching 12.50%; ring-site C-H out-of-plane bending 5.09%; C-H bending 3.11%
   42     1405.77          --                 --  mixed ring-site C-H in-plane bending / cyclic C-C stretching   ring-site C-H in-plane bending 65.80%; cyclic C-C stretching 9.03%; C-H bending 6.09%; cyclic C-O stretching 5.52%
   43     1413.01          --                 --  C-H bending                                                    C-H bending 83.55%; C-C stretching 3.95%; cyclic C-C stretching 3.91%; ring-site C-H in-plane bending 3.88%
   44     1421.62          --                 --  mixed ring-site C-H in-plane bending / mixed-phase cyclic C-C stretching / C-H bending ring-site C-H in-plane bending 31.52%; mixed-phase cyclic C-C stretching 26.56%; C-H bending 16.85%; ring-site C-H out-of-plane bending 12.02%
   45     1478.34          --                 --  mixed ring-site C-H out-of-plane bending / ring-site C-H in-plane bending / cyclic-ring out-of-plane deformation ring-site C-H out-of-plane bending 35.95%; ring-site C-H in-plane bending 23.10%; cyclic-ring out-of-plane deformation 18.30%; mixed-phase cyclic C-C stretching 17.44%
   46     1486.25          --                 --  C-C torsion                                                    C-C torsion 83.05%; C-H bending 14.39%
   47     1500.81          --                 --  C-H bending                                                    C-H bending 76.40%; ring-site C-H in-plane bending 16.34%; ring-site C-H out-of-plane bending 4.86%
   48     1503.04          --                 --  mixed C-C torsion / C-H bending                                C-C torsion 52.34%; C-H bending 47.07%
   49     1510.33          --                 --  mixed C-H bending / C-C torsion                                C-H bending 50.51%; C-C torsion 48.28%
   50     1715.63          --                 --  mixed-phase cyclic C-C stretching                              mixed-phase cyclic C-C stretching 75.15%; ring-site C-H in-plane bending 7.77%; C-C-C bending 4.89%; cyclic-ring deformation (C-C-C bend) 4.63%
   51     2960.09          --                 --  ring-site C-H stretching                                       ring-site C-H stretching 99.55%
   52     3010.93          --                 --  C-H stretching                                                 C-H stretching 99.35%
   53     3031.55          --                 --  in-phase C-H stretching                                        in-phase C-H stretching 99.72%
   54     3056.26          --                 --  mixed-phase C-H stretching                                     mixed-phase C-H stretching 98.90%
   55     3084.11          --                 --  ring-site C-H stretching                                       ring-site C-H stretching 99.28%
   56     3094.23          --                 --  mixed-phase C-H stretching                                     mixed-phase C-H stretching 99.54%
   57     3098.23          --                 --  mixed-phase C-H stretching                                     mixed-phase C-H stretching 98.72%
   58     3113.34          --                 --  ring-site C-H stretching                                       ring-site C-H stretching 98.98%
   59     3127.56          --                 --  in-phase ring-site C-H stretching                              in-phase ring-site C-H stretching 99.20%
   60     3142.36          --                 --  ring-site C-H stretching                                       ring-site C-H stretching 98.53%
   61     3152.90          --                 --  ring-site C-H stretching                                       ring-site C-H stretching 98.81%
   62     3219.34          --                 --  opposite-phase ring-site C-H stretching                        opposite-phase ring-site C-H stretching 99.43%

# Selected internal-coordinate set:
#   1  nu(C1-C2)
#   2  nu(C4-C5)
#   3  nu(O6-C7)
#   4  nu(C8-C9)
#   5  nu(C2-H14)
#   6  nu(C5-H16)
#   7  nu(C1-H10)
#   8  nu(C7-H18)
#   9  nu(C9-H21)
#  10  nu(C8-H20)
#  11  nu(C4-H15)
#  12  nu(C2-H13)
#  13  nu(C5-H17)
#  14  nu(C1-H11)
#  15  tau(H20-C8-C9-H21)
#  16  gamma(C3;C4,C5,H15)
#  17  gamma(C9;C7,O6,H18)
#  18  nu(C1-H12)
#  19  nu(C2-C3)
#  20  tau(H19-C8-C9-H21)
#  21  nu(C8-H19)
#  22  nu(C5-O6)
#  23  nu(C3-C4)
#  24  delta(O6-C7-H18)
#  25  tau(H13-C2-C3-C9)
#  26  tau(H11-C1-C2-H14)
#  27  delta(C8-C9-H21)
#  28  delta(H10-C1-H12)
#  29  delta(H16-C5-H17)
#  30  delta(C3-C2-H13)
#  31  delta(O6-C5-H16)
#  32  delta(C2-C1-H12)
#  33  delta(C9-C8-H20)
#  34  delta(O6-C5-H17)
#  35  tau(H13-C2-C3-C4)
#  36  delta(C2-C1-H10)
#  37  delta(C5-C4-H15)
#  38  tau(O6-C7-C8-H19)
#  39  delta(C2-C1-H11)
#  40  gamma(C7;C8,C9,H19)
#  41  delta(C1-C2-H14)
#  42  tau(H17-C5-O6-C7)
#  43  delta(C3-C9-C7)
#  44  tau(H10-C1-C2-H14)
#  45  delta(C4-C5-H16)
#  46  nu(C3-C9)
#  47  nu(C7-C8)
#  48  delta(C3-C4-C5)
#  49  tau(H10-C1-C2-C3)
#  50  delta(C5-O6-C7)
#  51  gamma(C7;C8,C9,H20)
#  52  tau(C8-C7-C9-C3)
#  53  delta(C1-C2-C3)
#  54  delta(O6-C7-C8)
#  55  tau(C2-C3-C4-C5)
#  56  delta(C2-C3-C9)
#  57  tau(C1-C2-C3-C4)

Wrote: /local/scratch/mv487/qm9s/experiment_1_phase2/ped/101033/101033_summary.csv
Wrote: /local/scratch/mv487/qm9s/experiment_1_phase2/ped/101033/101033_families.csv
Wrote: /local/scratch/mv487/qm9s/experiment_1_phase2/ped/101033/101033_ped.csv
Wrote: /local/scratch/mv487/qm9s/experiment_1_phase2/ped/101033/101033_ir_transitions.csv

# All generated files are in: /local/scratch/mv487/qm9s/experiment_1_phase2/ped/101033
# Manifest: /local/scratch/mv487/qm9s/experiment_1_phase2/ped/101033/101033_manifest.txt

--- stderr ---
Normal modes/frequencies absent or incomplete: diagonalizing Hessian.
