# Contact: romi@lens.unifi.it
# Manual: https://github.com/SebRoLENS/orca-ped-analyzer/blob/main/docs/ORCA_PED_Analyzer_Manual.md
# Check GitHub for updates and new releases: https://github.com/SebRoLENS/orca-ped-analyzer
#
# Molecule: 17 atoms | non-linear
# Bonds inferred: 17 | candidate ICs: 112 | selected ICs: 45
# Cartesian-Hessian reconstruction relative error: 1.523e-05
# Energy distribution: PED (PED is the backward-compatible default; TED includes kinetic-energy terms)
# Ring/cycle bonds detected: 5 | ring atoms: 5 | ring systems: 1
# VPT2: no matching .out file supplied/found -> harmonic/PED analysis only
#
 Mode   Harm/cm-1   VPT2/cm-1  Harm.Int/km mol-1  Assignment                                                     Grouped PED
------------------------------------------------------------------------------------------------------------------------------------------------------------------------------------------------
    6       75.48          --                 --  mixed C-C torsion / C-N torsion                                C-C torsion 46.59%; C-N torsion 39.02%; C-O torsion 5.70%; C-C-O bending 2.74%
    7      101.77          --                 --  C-N torsion                                                    C-N torsion 79.61%; N-H bending 8.33%; cyclic-ring torsional/out-of-plane deformation 4.79%; C-N-C bending 3.00%
    8      132.73          --                 --  C-N torsion                                                    C-N torsion 93.77%; C-N-C bending 2.37%
    9      145.00          --                 --  mixed C-N torsion / C-C-C bending                              C-N torsion 51.67%; C-C-C bending 12.61%; cyclic-ring torsional/out-of-plane deformation 12.39%; C-C-O bending 8.08%
   10      201.35          --                 --  mixed cyclic-ring torsional/out-of-plane deformation / C-C torsion cyclic-ring torsional/out-of-plane deformation 29.02%; C-C torsion 22.58%; N-C-O bending 12.77%; C-N torsion 9.32%
   11      258.21          --                 --  mixed C-N torsion / cyclic-ring torsional/out-of-plane deformation / C-N-C bending C-N torsion 34.62%; cyclic-ring torsional/out-of-plane deformation 17.71%; C-N-C bending 17.56%; C-C-C bending 12.79%
   12      282.13          --                 --  mixed cyclic-ring torsional/out-of-plane deformation / C-N torsion cyclic-ring torsional/out-of-plane deformation 62.74%; C-N torsion 15.22%; C-N-C bending 10.04%; C-C-C bending 4.49%
   13      385.26          --                 --  mixed C-O torsion / C-C-O bending                              C-O torsion 58.37%; C-C-O bending 12.02%; cyclic-ring torsional/out-of-plane deformation 8.82%; C-N torsion 7.41%
   14      436.30          --                 --  mixed C-C-O bending / C-O torsion                              C-C-O bending 30.95%; C-O torsion 18.05%; C-N torsion 8.12%; exocyclic C-C stretching 7.14%
   15      489.66          --                 --  mixed C-N torsion / C-N-C bending / N-C-O bending              C-N torsion 35.35%; C-N-C bending 21.02%; N-C-O bending 17.41%; in-phase cyclic C-C stretching 5.04%
   16      574.68          --                 --  mixed C-N torsion / N-H bending                                C-N torsion 43.22%; N-H bending 17.64%; exocyclic C-N stretching 9.62%; C-N stretching 4.89%
   17      607.92          --                 --  mixed ring-site C-H out-of-plane bending / cyclic-ring torsional/out-of-plane deformation ring-site C-H out-of-plane bending 58.44%; cyclic-ring torsional/out-of-plane deformation 30.95%; cyclic-ring torsional/out-of-plane deformation 3.84%
   18      675.61          --                 --  mixed cyclic-ring torsional/out-of-plane deformation / C-C-O bending cyclic-ring torsional/out-of-plane deformation 19.65%; C-C-O bending 18.13%; cyclic-ring deformation (C-O-N bend) 10.11%; cyclic-ring deformation (C-C-N bend) 8.57%
   19      716.56          --                 --  mixed cyclic-ring torsional/out-of-plane deformation / C-N torsion cyclic-ring torsional/out-of-plane deformation 47.66%; C-N torsion 8.02%; C-N-C bending 6.91%; exocyclic C-N stretching 6.47%
   20      762.95          --                 --  mixed cyclic N-O stretching / cyclic-ring deformation (C-C-N bend) / C-C-O bending cyclic N-O stretching 22.68%; cyclic-ring deformation (C-C-N bend) 17.82%; C-C-O bending 15.37%; exocyclic C-C stretching 9.55%
   21      855.58          --                 --  mixed cyclic N-O stretching / cyclic-ring deformation (C-O-N bend) cyclic N-O stretching 57.21%; cyclic-ring deformation (C-O-N bend) 11.73%; cyclic C-O stretching 9.92%; N-C-O bending 6.33%
   22      893.42          --                 --  ring-site C-H out-of-plane bending                             ring-site C-H out-of-plane bending 99.62%
   23      936.90          --                 --  mixed cyclic-ring deformation (C-O-N bend) / cyclic-ring deformation (C-C-N bend) cyclic-ring deformation (C-O-N bend) 37.73%; cyclic-ring deformation (C-C-N bend) 27.06%; ring-site C-H in-plane bending 9.10%; mixed-phase cyclic C-C stretching 8.29%
   24      966.73          --                 --  mixed C-H bending / C-O stretching                             C-H bending 41.00%; C-O stretching 15.70%; cyclic-ring deformation (C-C-N bend) 14.01%; O-H bending 11.20%
   25      998.37          --                 --  mixed C-O stretching / C-H bending                             C-O stretching 63.99%; C-H bending 19.86%; C-C-O bending 4.87%; cyclic C-C stretching 3.16%
   26     1064.99          --                 --  mixed C-N stretching / C-H bending                             C-N stretching 61.38%; C-H bending 10.53%; cyclic-ring deformation (C-C-N bend) 9.88%; cyclic C-C stretching 5.41%
   27     1134.09          --                 --  mixed C-H bending / cyclic C-O stretching                      C-H bending 45.11%; cyclic C-O stretching 24.77%; cyclic-ring deformation (C-O-N bend) 8.85%; N-H bending 4.73%
   28     1153.10          --                 --  C-H bending                                                    C-H bending 87.07%; cyclic C-O stretching 5.10%; C-N torsion 2.44%
   29     1178.70          --                 --  mixed C-H bending / ring-site C-H in-plane bending / O-H bending C-H bending 45.37%; ring-site C-H in-plane bending 17.08%; O-H bending 16.57%; cyclic C-C stretching 8.94%
   30     1217.30          --                 --  mixed C-H bending / cyclic-ring deformation (C-C-N bend) / ring-site C-H in-plane bending C-H bending 21.75%; cyclic-ring deformation (C-C-N bend) 19.67%; ring-site C-H in-plane bending 16.51%; exocyclic C-C stretching 9.39%
   31     1231.78          --                 --  mixed C-H bending / ring-site C-H in-plane bending             C-H bending 32.09%; ring-site C-H in-plane bending 12.14%; cyclic C-O stretching 10.48%; O-H bending 6.99%
   32     1330.19          --                 --  mixed C-H bending / mixed-phase cyclic C-C stretching          C-H bending 37.63%; mixed-phase cyclic C-C stretching 27.72%; O-H bending 10.24%; cyclic-ring deformation (C-C-N bend) 9.70%
   33     1372.26          --                 --  mixed C-H bending / opposite-phase cyclic C-C stretching       C-H bending 57.31%; opposite-phase cyclic C-C stretching 10.73%; cyclic C-O stretching 8.48%; exocyclic C-N stretching 8.00%
   34     1398.35          --                 --  mixed C-H bending / O-H bending                                C-H bending 51.04%; O-H bending 19.22%; cyclic C-N stretching 14.04%; cyclic C-C stretching 4.90%
   35     1431.91          --                 --  mixed C-H bending / cyclic C-N stretching / exocyclic C-C stretching C-H bending 38.51%; cyclic C-N stretching 19.49%; exocyclic C-C stretching 16.17%; cyclic C-C stretching 9.67%
   36     1457.62          --                 --  C-H bending                                                    C-H bending 84.11%; opposite-phase cyclic C-C stretching 5.01%; N-H bending 4.51%
   37     1488.09          --                 --  mixed C-H bending / N-H bending                                C-H bending 64.80%; N-H bending 20.05%; cyclic C-N stretching 4.81%; C-N stretching 2.90%
   38     1492.57          --                 --  C-H bending                                                    C-H bending 92.54%; C-N torsion 4.11%
   39     1509.39          --                 --  C-H bending                                                    C-H bending 95.66%
   40     1519.91          --                 --  C-H bending                                                    C-H bending 92.09%; C-N torsion 2.17%
   41     1573.18          --                 --  mixed cyclic C-N stretching / cyclic C-C stretching / C-H bending cyclic C-N stretching 24.58%; cyclic C-C stretching 16.11%; C-H bending 15.20%; exocyclic C-N stretching 13.91%
   42     1665.31          --                 --  mixed cyclic C-C stretching / exocyclic C-N stretching         cyclic C-C stretching 36.00%; exocyclic C-N stretching 22.11%; N-H bending 9.42%; N-C-O bending 5.96%
   43     3013.31          --                 --  C-H stretching                                                 C-H stretching 99.64%
   44     3021.02          --                 --  C-H stretching                                                 C-H stretching 99.38%
   45     3062.59          --                 --  mixed-phase C-H stretching                                     mixed-phase C-H stretching 99.37%
   46     3097.31          --                 --  mixed-phase C-H stretching                                     mixed-phase C-H stretching 99.41%
   47     3136.25          --                 --  opposite-phase C-H stretching                                  opposite-phase C-H stretching 99.37%
   48     3217.36          --                 --  ring-site C-H stretching                                       ring-site C-H stretching 98.36%
   49     3593.53          --                 --  N-H stretching                                                 N-H stretching 99.57%
   50     3788.40          --                 --  O-H stretching                                                 O-H stretching 99.92%

# Selected internal-coordinate set:
#   1  nu(C1-N2)
#   2  nu(C3-C4)
#   3  nu(C5-O6)
#   4  nu(C7-N8)
#   5  nu(C5-H15)
#   6  nu(N8-O9)
#   7  nu(O6-H16)
#   8  nu(C1-H11)
#   9  nu(C4-C7)
#  10  nu(N2-H13)
#  11  nu(C3-O9)
#  12  nu(C5-H14)
#  13  nu(C1-H12)
#  14  gamma(H17;C7,C4,N8)
#  15  tau(C4-C3-O9-N8)
#  16  tau(N2-C3-O9-N8)
#  17  nu(C1-H10)
#  18  tau(H15-C5-O6-H16)
#  19  nu(C7-H17)
#  20  tau(H12-C1-N2-H13)
#  21  delta(O6-C5-H14)
#  22  tau(O9-C3-C4-C5)
#  23  delta(C1-N2-H13)
#  24  delta(H10-C1-H11)
#  25  delta(O6-C5-H15)
#  26  delta(C3-O9-N8)
#  27  delta(H14-C5-H15)
#  28  delta(N2-C1-H10)
#  29  delta(C4-C7-H17)
#  30  delta(C5-O6-H16)
#  31  delta(H10-C1-H12)
#  32  delta(H11-C1-H12)
#  33  delta(C4-C7-N8)
#  34  delta(C4-C5-H14)
#  35  delta(C1-N2-C3)
#  36  nu(C4-C5)
#  37  tau(H11-C1-N2-C3)
#  38  nu(N2-C3)
#  39  delta(N2-C1-H11)
#  40  tau(H17-C7-N8-O9)
#  41  delta(C3-C4-C5)
#  42  delta(C4-C5-O6)
#  43  tau(C1-N2-C3-C4)
#  44  tau(C3-C4-C5-H14)
#  45  delta(N2-C3-O9)

Wrote: /local/scratch/mv487/qm9s/experiment_1_phase2/ped/118221/118221_summary.csv
Wrote: /local/scratch/mv487/qm9s/experiment_1_phase2/ped/118221/118221_families.csv
Wrote: /local/scratch/mv487/qm9s/experiment_1_phase2/ped/118221/118221_ped.csv
Wrote: /local/scratch/mv487/qm9s/experiment_1_phase2/ped/118221/118221_ir_transitions.csv

# All generated files are in: /local/scratch/mv487/qm9s/experiment_1_phase2/ped/118221
# Manifest: /local/scratch/mv487/qm9s/experiment_1_phase2/ped/118221/118221_manifest.txt

--- stderr ---
Normal modes/frequencies absent or incomplete: diagonalizing Hessian.
