# Contact: romi@lens.unifi.it
# Manual: https://github.com/SebRoLENS/orca-ped-analyzer/blob/main/docs/ORCA_PED_Analyzer_Manual.md
# Check GitHub for updates and new releases: https://github.com/SebRoLENS/orca-ped-analyzer
#
# Molecule: 18 atoms | non-linear
# Bonds inferred: 19 | candidate ICs: 180 | selected ICs: 48
# Cartesian-Hessian reconstruction relative error: 2.557e-05
# Energy distribution: PED (PED is the backward-compatible default; TED includes kinetic-energy terms)
# Ring/cycle bonds detected: 9 | ring atoms: 8 | ring systems: 1
# VPT2: no matching .out file supplied/found -> harmonic/PED analysis only
#
 Mode   Harm/cm-1   VPT2/cm-1  Harm.Int/km mol-1  Assignment                                                     Grouped PED
------------------------------------------------------------------------------------------------------------------------------------------------------------------------------------------------
    6       26.02          --                 --  mixed cyclic-ring torsional/out-of-plane deformation / ring-site C-H out-of-plane bending cyclic-ring torsional/out-of-plane deformation 48.95%; ring-site C-H out-of-plane bending 45.65%
    7      102.81          --                 --  mixed ring-site C-H out-of-plane bending / cyclic-ring torsional/out-of-plane deformation ring-site C-H out-of-plane bending 54.71%; cyclic-ring torsional/out-of-plane deformation 33.45%; cyclic-ring torsional/out-of-plane deformation 6.91%; ring-site N-H out-of-plane bending 2.77%
    8      160.18          --                 --  mixed ring-site C-H out-of-plane bending / cyclic-ring torsional/out-of-plane deformation ring-site C-H out-of-plane bending 58.15%; cyclic-ring torsional/out-of-plane deformation 39.62%
    9      194.27          --                 --  mixed ring-site C-H out-of-plane bending / cyclic-ring deformation (C-O-C bend) ring-site C-H out-of-plane bending 68.09%; cyclic-ring deformation (C-O-C bend) 11.50%; cyclic-ring deformation (C-C-C bend) 7.42%; cyclic-ring torsional/out-of-plane deformation 4.88%
   10      277.76          --                 --  mixed ring-site C-H out-of-plane bending / cyclic C-C stretching ring-site C-H out-of-plane bending 53.03%; cyclic C-C stretching 9.72%; cyclic-ring torsional/out-of-plane deformation 9.41%; O-C-C bending 7.85%
   11      334.68          --                 --  mixed ring-site C-H out-of-plane bending / cyclic-ring deformation (C-C-C bend) ring-site C-H out-of-plane bending 46.16%; cyclic-ring deformation (C-C-C bend) 18.66%; ring-site N-H out-of-plane bending 14.86%; cyclic-ring deformation (C-O-C bend) 5.46%
   12      403.23          --                 --  mixed cyclic-ring deformation (C-C-C bend) / ring-site C-H out-of-plane bending cyclic-ring deformation (C-C-C bend) 43.39%; ring-site C-H out-of-plane bending 36.22%; cyclic C-C stretching 6.15%; cyclic-ring torsional/out-of-plane deformation 4.52%
   13      467.66          --                 --  mixed ring-site N-H out-of-plane bending / ring-site C-H out-of-plane bending / cyclic-ring deformation (C-C-C bend) ring-site N-H out-of-plane bending 39.88%; ring-site C-H out-of-plane bending 23.30%; cyclic-ring deformation (C-C-C bend) 17.17%; cyclic-ring torsional/out-of-plane deformation 5.14%
   14      610.72          --                 --  mixed O-C-C bending / cyclic-ring deformation (C-N-C bend) / ring-site C-H out-of-plane bending O-C-C bending 28.57%; cyclic-ring deformation (C-N-C bend) 18.81%; ring-site C-H out-of-plane bending 15.48%; cyclic-ring deformation (C-C-C bend) 9.77%
   15      676.68          --                 --  mixed cyclic-ring deformation (C-O-C bend) / mixed-phase cyclic C-C stretching / ring-site C-H in-plane bending cyclic-ring deformation (C-O-C bend) 40.65%; mixed-phase cyclic C-C stretching 21.42%; ring-site C-H in-plane bending 19.92%; ring-site C-H out-of-plane bending 6.47%
   16      715.50          --                 --  mixed ring-site C-H out-of-plane bending / mixed-phase cyclic C-C stretching / cyclic-ring torsional/out-of-plane deformation ring-site C-H out-of-plane bending 32.09%; mixed-phase cyclic C-C stretching 20.17%; cyclic-ring torsional/out-of-plane deformation 20.03%; cyclic-ring torsional/out-of-plane deformation 10.49%
   17      728.95          --                 --  mixed ring-site C-H out-of-plane bending / mixed-phase cyclic C-C stretching ring-site C-H out-of-plane bending 19.43%; mixed-phase cyclic C-C stretching 19.10%; cyclic-ring deformation (C-C-C bend) 13.86%; cyclic-ring deformation (C-N-C bend) 13.84%
   18      807.82          --                 --  mixed cyclic C-C stretching / ring-site C-H in-plane bending / ring-site C-H out-of-plane bending cyclic C-C stretching 27.62%; ring-site C-H in-plane bending 24.02%; ring-site C-H out-of-plane bending 15.09%; cyclic-ring deformation (C-N-C bend) 14.75%
   19      819.87          --                 --  mixed ring-site C-H in-plane bending / ring-site C-H out-of-plane bending / cyclic-ring deformation (C-N-C bend) ring-site C-H in-plane bending 36.98%; ring-site C-H out-of-plane bending 23.79%; cyclic-ring deformation (C-N-C bend) 20.45%; cyclic C-C stretching 12.16%
   20      904.87          --                 --  mixed mixed-phase cyclic C-C stretching / ring-site C-H in-plane bending / ring-site C-H out-of-plane bending mixed-phase cyclic C-C stretching 31.79%; ring-site C-H in-plane bending 21.04%; ring-site C-H out-of-plane bending 19.71%; cyclic-ring deformation (C-N-C bend) 11.84%
   21      924.95          --                 --  mixed in-phase cyclic C-O stretching / ring-site C-H out-of-plane bending / mixed-phase cyclic C-C stretching in-phase cyclic C-O stretching 39.88%; ring-site C-H out-of-plane bending 19.13%; mixed-phase cyclic C-C stretching 17.16%; ring-site C-H in-plane bending 9.36%
   22      958.16          --                 --  mixed cyclic C-C stretching / in-phase cyclic C-O stretching   cyclic C-C stretching 44.11%; in-phase cyclic C-O stretching 28.76%; ring-site C-H out-of-plane bending 9.96%; ring-site C-H in-plane bending 8.15%
   23      973.09          --                 --  mixed ring-site C-H out-of-plane bending / cyclic C-N stretching / mixed-phase cyclic C-C stretching ring-site C-H out-of-plane bending 32.12%; cyclic C-N stretching 28.26%; mixed-phase cyclic C-C stretching 15.01%; ring-site C-H in-plane bending 11.12%
   24      982.41          --                 --  mixed cyclic C-N stretching / ring-site C-H out-of-plane bending cyclic C-N stretching 39.20%; ring-site C-H out-of-plane bending 17.27%; ring-site C-H in-plane bending 13.48%; mixed-phase cyclic C-C stretching 11.89%
   25     1014.27          --                 --  mixed ring-site C-H in-plane bending / ring-site C-H out-of-plane bending ring-site C-H in-plane bending 55.64%; ring-site C-H out-of-plane bending 27.13%; mixed-phase cyclic C-C stretching 10.41%; cyclic-ring deformation (C-O-C bend) 3.48%
   26     1078.43          --                 --  opposite-phase cyclic C-O stretching                           opposite-phase cyclic C-O stretching 74.24%; ring-site C-H in-plane bending 11.24%; mixed-phase cyclic C-C stretching 5.21%; ring-site C-H out-of-plane bending 4.23%
   27     1121.27          --                 --  mixed ring-site C-H in-plane bending / mixed-phase cyclic C-C stretching ring-site C-H in-plane bending 41.68%; mixed-phase cyclic C-C stretching 20.36%; ring-site C-H out-of-plane bending 14.86%; cyclic-ring deformation (C-C-C bend) 8.88%
   28     1148.18          --                 --  ring-site C-H out-of-plane bending                             ring-site C-H out-of-plane bending 93.01%; cyclic C-C stretching 2.50%
   29     1166.82          --                 --  mixed ring-site C-H out-of-plane bending / cyclic C-N stretching ring-site C-H out-of-plane bending 54.14%; cyclic C-N stretching 11.91%; mixed-phase cyclic C-C stretching 9.07%; O-C-C bending 6.16%
   30     1187.70          --                 --  mixed ring-site C-H in-plane bending / ring-site C-H out-of-plane bending ring-site C-H in-plane bending 29.94%; ring-site C-H out-of-plane bending 20.35%; cyclic C-N stretching 13.56%; opposite-phase cyclic C-C stretching 11.47%
   31     1193.74          --                 --  mixed opposite-phase cyclic C-C stretching / ring-site C-H in-plane bending / ring-site C-H out-of-plane bending opposite-phase cyclic C-C stretching 33.15%; ring-site C-H in-plane bending 30.04%; ring-site C-H out-of-plane bending 22.19%; cyclic-ring deformation (C-C-C bend) 9.39%
   32     1244.63          --                 --  ring-site C-H in-plane bending                                 ring-site C-H in-plane bending 76.65%; ring-site C-H out-of-plane bending 14.95%; cyclic C-C stretching 2.78%
   33     1260.25          --                 --  ring-site C-H in-plane bending                                 ring-site C-H in-plane bending 71.61%; mixed-phase cyclic C-C stretching 8.33%; cyclic-ring deformation (C-C-C bend) 7.14%; ring-site C-H out-of-plane bending 4.26%
   34     1285.76          --                 --  mixed ring-site C-H in-plane bending / ring-site C-H out-of-plane bending ring-site C-H in-plane bending 51.39%; ring-site C-H out-of-plane bending 33.61%; ring-site N-H in-plane bending 4.33%; opposite-phase cyclic C-C stretching 4.20%
   35     1297.98          --                 --  mixed ring-site C-H out-of-plane bending / ring-site C-H in-plane bending ring-site C-H out-of-plane bending 51.60%; ring-site C-H in-plane bending 17.86%; ring-site N-H in-plane bending 10.69%; cyclic C-N stretching 8.19%
   36     1317.51          --                 --  mixed ring-site C-H in-plane bending / ring-site C-H out-of-plane bending ring-site C-H in-plane bending 38.93%; ring-site C-H out-of-plane bending 36.78%; mixed-phase cyclic C-C stretching 12.25%; cyclic-ring deformation (C-C-C bend) 7.97%
   37     1356.83          --                 --  ring-site C-H in-plane bending                                 ring-site C-H in-plane bending 77.40%; ring-site C-H out-of-plane bending 10.69%; opposite-phase cyclic C-C stretching 7.68%; cyclic-ring deformation (C-C-C bend) 2.87%
   38     1386.25          --                 --  mixed ring-site C-H out-of-plane bending / ring-site C-H in-plane bending ring-site C-H out-of-plane bending 30.42%; ring-site C-H in-plane bending 22.98%; ring-site N-H in-plane bending 12.69%; mixed-phase cyclic C-N stretching 11.41%
   39     1399.59          --                 --  mixed ring-site C-H in-plane bending / ring-site C-H out-of-plane bending ring-site C-H in-plane bending 62.25%; ring-site C-H out-of-plane bending 18.14%; cyclic C-N stretching 4.20%; ring-site N-H in-plane bending 3.23%
   40     1496.46          --                 --  mixed ring-site C-H out-of-plane bending / ring-site C-H in-plane bending ring-site C-H out-of-plane bending 61.32%; ring-site C-H in-plane bending 22.61%; C-H bending 13.71%
   41     1511.10          --                 --  mixed ring-site C-H out-of-plane bending / ring-site C-H in-plane bending / C-H bending ring-site C-H out-of-plane bending 43.01%; ring-site C-H in-plane bending 27.60%; C-H bending 27.36%
   42     1527.41          --                 --  mixed C-H bending / ring-site C-H out-of-plane bending         C-H bending 46.54%; ring-site C-H out-of-plane bending 40.97%; ring-site C-H in-plane bending 11.03%
   43     1532.61          --                 --  mixed ring-site C-H out-of-plane bending / C-H bending         ring-site C-H out-of-plane bending 63.56%; C-H bending 23.87%; ring-site C-H in-plane bending 10.46%
   44     1849.42          --                 --  exocyclic C-O stretching                                       exocyclic C-O stretching 72.66%; cyclic C-N stretching 12.36%; cyclic C-C stretching 5.16%; cyclic-ring deformation (C-N-C bend) 4.67%
   45     2984.37          --                 --  ring-site C-H stretching                                       ring-site C-H stretching 99.53%
   46     3002.62          --                 --  ring-site C-H stretching                                       ring-site C-H stretching 99.44%
   47     3045.94          --                 --  in-phase ring-site C-H stretching                              in-phase ring-site C-H stretching 99.22%
   48     3064.83          --                 --  in-phase ring-site C-H stretching                              in-phase ring-site C-H stretching 99.43%
   49     3093.11          --                 --  mixed-phase ring-site C-H stretching                           mixed-phase ring-site C-H stretching 99.34%
   50     3095.75          --                 --  mixed-phase ring-site C-H stretching                           mixed-phase ring-site C-H stretching 99.10%
   51     3108.37          --                 --  ring-site C-H stretching                                       ring-site C-H stretching 98.95%
   52     3113.24          --                 --  mixed-phase ring-site C-H stretching                           mixed-phase ring-site C-H stretching 99.55%
   53     3601.33          --                 --  ring-site N-H stretching                                       ring-site N-H stretching 98.95%

# Selected internal-coordinate set:
#   1  nu(O1-C2)
#   2  nu(C4-C5)
#   3  nu(C6-C7)
#   4  nu(C9-H17)
#   5  nu(N3-H10)
#   6  nu(C7-O8)
#   7  nu(C9-H18)
#   8  nu(C6-H14)
#   9  nu(C4-H12)
#  10  nu(C7-H16)
#  11  tau(O1-C2-N3-H10)
#  12  nu(C6-H13)
#  13  nu(O8-C9)
#  14  nu(C4-H11)
#  15  delta(C2-N3-H10)
#  16  nu(C7-H15)
#  17  nu(C2-C5)
#  18  gamma(H12;C4,C5,H11)
#  19  nu(C5-C9)
#  20  delta(O1-C2-C5)
#  21  gamma(H13;C6,C7,H14)
#  22  delta(O8-C9-H17)
#  23  delta(H15-C7-H16)
#  24  tau(C7-O8-C9-H18)
#  25  delta(C5-C4-H11)
#  26  delta(C7-C6-H14)
#  27  tau(C7-O8-C9-H17)
#  28  tau(O1-C2-N3-C4)
#  29  tau(C9-C5-C6-H13)
#  30  delta(O8-C9-H18)
#  31  tau(C2-N3-C4-H12)
#  32  delta(C6-C7-H15)
#  33  nu(C2-N3)
#  34  delta(C6-C7-H16)
#  35  tau(H12-C4-C5-C9)
#  36  delta(C5-C6-H14)
#  37  delta(O8-C7-H15)
#  38  nu(N3-C4)
#  39  nu(C5-C6)
#  40  delta(C5-C9-H17)
#  41  delta(C6-C5-C9)
#  42  tau(H11-C4-C5-C2)
#  43  delta(C2-N3-C4)
#  44  delta(C7-O8-C9)
#  45  tau(N3-C4-C5-C6)
#  46  tau(N3-C2-C5-C6)
#  47  delta(C4-C5-C9)
#  48  tau(C2-C5-C6-C7)

Wrote: /local/scratch/mv487/qm9s/experiment_1_phase2/ped/42607/42607_summary.csv
Wrote: /local/scratch/mv487/qm9s/experiment_1_phase2/ped/42607/42607_families.csv
Wrote: /local/scratch/mv487/qm9s/experiment_1_phase2/ped/42607/42607_ped.csv
Wrote: /local/scratch/mv487/qm9s/experiment_1_phase2/ped/42607/42607_ir_transitions.csv

# All generated files are in: /local/scratch/mv487/qm9s/experiment_1_phase2/ped/42607
# Manifest: /local/scratch/mv487/qm9s/experiment_1_phase2/ped/42607/42607_manifest.txt

--- stderr ---
Normal modes/frequencies absent or incomplete: diagonalizing Hessian.
