# Contact: romi@lens.unifi.it
# Manual: https://github.com/SebRoLENS/orca-ped-analyzer/blob/main/docs/ORCA_PED_Analyzer_Manual.md
# Check GitHub for updates and new releases: https://github.com/SebRoLENS/orca-ped-analyzer
#
# Molecule: 14 atoms | non-linear
# Bonds inferred: 15 | candidate ICs: 131 | selected ICs: 36
# Cartesian-Hessian reconstruction relative error: 2.433e-05
# Energy distribution: PED (PED is the backward-compatible default; TED includes kinetic-energy terms)
# Ring/cycle bonds detected: 7 | ring atoms: 6 | ring systems: 1
# VPT2: no matching .out file supplied/found -> harmonic/PED analysis only
#
 Mode   Harm/cm-1   VPT2/cm-1  Harm.Int/km mol-1  Assignment                                                     Grouped PED
------------------------------------------------------------------------------------------------------------------------------------------------------------------------------------------------
    6       81.40          --                 --  cyclic-ring torsional/out-of-plane deformation                 cyclic-ring torsional/out-of-plane deformation 90.16%; cyclic-ring torsional/out-of-plane deformation 3.16%; C-N torsion 3.02%
    7      210.31          --                 --  mixed cyclic-ring torsional/out-of-plane deformation / C-N torsion / cyclic-ring torsional/out-of-plane deformation cyclic-ring torsional/out-of-plane deformation 36.06%; C-N torsion 30.85%; cyclic-ring torsional/out-of-plane deformation 29.54%
    8      325.30          --                 --  mixed N-C-C bending / C-C-O bending                            N-C-C bending 42.95%; C-C-O bending 24.96%; cyclic C-C stretching 10.92%; cyclic-ring deformation (C-N-C bend) 9.71%
    9      356.25          --                 --  mixed cyclic-ring torsional/out-of-plane deformation / ring-site C-H in-plane bending cyclic-ring torsional/out-of-plane deformation 46.34%; ring-site C-H in-plane bending 12.65%; cyclic-ring out-of-plane deformation 11.52%; cyclic-ring torsional/out-of-plane deformation 10.95%
   10      412.31          --                 --  mixed cyclic-ring torsional/out-of-plane deformation / cyclic-ring torsional/out-of-plane deformation / C-N torsion cyclic-ring torsional/out-of-plane deformation 41.43%; cyclic-ring torsional/out-of-plane deformation 25.12%; C-N torsion 15.48%; ring-site C-H in-plane bending 4.27%
   11      516.64          --                 --  mixed cyclic C-C stretching / cyclic C-N stretching / C-C-O bending cyclic C-C stretching 27.52%; cyclic C-N stretching 21.56%; C-C-O bending 19.23%; N-C-C bending 11.50%
   12      601.41          --                 --  mixed cyclic-ring deformation (C-N-C bend) / cyclic-ring deformation (C-C-C bend) cyclic-ring deformation (C-N-C bend) 30.88%; cyclic-ring deformation (C-C-C bend) 22.72%; C-C-O bending 9.76%; N-C-C bending 9.66%
   13      639.08          --                 --  mixed cyclic-ring deformation (C-N-C bend) / C-N torsion / ring-site C-H in-plane bending cyclic-ring deformation (C-N-C bend) 24.66%; C-N torsion 22.73%; ring-site C-H in-plane bending 19.38%; cyclic-ring deformation (C-C-C bend) 11.09%
   14      702.63          --                 --  mixed mixed-phase cyclic C-C stretching / cyclic-ring deformation (C-C-C bend) mixed-phase cyclic C-C stretching 21.70%; cyclic-ring deformation (C-C-C bend) 17.90%; cyclic-ring deformation (C-N-C bend) 14.78%; C-N torsion 12.19%
   15      704.86          --                 --  mixed mixed-phase cyclic C-C stretching / cyclic C-N stretching mixed-phase cyclic C-C stretching 25.73%; cyclic C-N stretching 21.36%; C-N torsion 13.36%; cyclic-ring deformation (C-C-C bend) 12.81%
   16      788.86          --                 --  mixed opposite-phase cyclic C-N stretching / cyclic C-C stretching opposite-phase cyclic C-N stretching 58.59%; cyclic C-C stretching 12.46%; ring-site C-H in-plane bending 6.64%; cyclic-ring deformation (C-C-C bend) 4.81%
   17      831.78          --                 --  mixed cyclic C-C stretching / cyclic C-N stretching            cyclic C-C stretching 28.90%; cyclic C-N stretching 26.14%; cyclic-ring deformation (C-C-C bend) 14.23%; cyclic-ring deformation (C-N-C bend) 10.05%
   18      898.84          --                 --  mixed C-N torsion / ring-site C-H in-plane bending             C-N torsion 50.90%; ring-site C-H in-plane bending 30.48%; ring-site C-H out-of-plane bending 11.26%; cyclic C-N stretching 2.18%
   19      920.53          --                 --  mixed C-N torsion / ring-site C-H in-plane bending             C-N torsion 56.81%; ring-site C-H in-plane bending 12.10%; mixed-phase cyclic C-C stretching 11.31%; cyclic C-N stretching 6.65%
   20      950.01          --                 --  mixed C-N torsion / mixed-phase cyclic C-C stretching          C-N torsion 47.43%; mixed-phase cyclic C-C stretching 16.82%; in-phase cyclic C-N stretching 14.09%; ring-site C-H in-plane bending 7.25%
   21     1017.41          --                 --  mixed opposite-phase cyclic C-N stretching / C-N torsion       opposite-phase cyclic C-N stretching 29.15%; C-N torsion 15.55%; ring-site C-H out-of-plane bending 12.18%; mixed-phase cyclic C-C stretching 10.29%
   22     1063.65          --                 --  mixed ring-site C-H in-plane bending / cyclic-ring out-of-plane deformation ring-site C-H in-plane bending 31.06%; cyclic-ring out-of-plane deformation 21.80%; ring-site C-H out-of-plane bending 11.59%; cyclic C-C stretching 11.22%
   23     1073.16          --                 --  mixed ring-site C-H out-of-plane bending / ring-site C-H in-plane bending / opposite-phase cyclic C-C stretching ring-site C-H out-of-plane bending 25.66%; ring-site C-H in-plane bending 23.53%; opposite-phase cyclic C-C stretching 22.63%; C-C-O bending 5.68%
   24     1124.97          --                 --  ring-site C-H out-of-plane bending                             ring-site C-H out-of-plane bending 74.81%; ring-site C-H in-plane bending 9.94%; in-phase cyclic C-N stretching 4.10%; cyclic C-C stretching 3.16%
   25     1137.12          --                 --  mixed mixed-phase cyclic C-C stretching / cyclic-ring deformation (C-C-C bend) mixed-phase cyclic C-C stretching 35.72%; cyclic-ring deformation (C-C-C bend) 16.15%; ring-site C-H out-of-plane bending 8.62%; C-C-O bending 7.92%
   26     1168.60          --                 --  mixed ring-site C-H out-of-plane bending / ring-site C-H in-plane bending ring-site C-H out-of-plane bending 38.09%; ring-site C-H in-plane bending 33.48%; cyclic-ring out-of-plane deformation 12.16%; cyclic C-N stretching 4.73%
   27     1181.35          --                 --  mixed ring-site C-H in-plane bending / mixed-phase cyclic C-N stretching ring-site C-H in-plane bending 51.03%; mixed-phase cyclic C-N stretching 9.29%; cyclic-ring out-of-plane deformation 8.62%; ring-site C-H out-of-plane bending 8.61%
   28     1256.89          --                 --  mixed mixed-phase cyclic C-C stretching / ring-site C-H in-plane bending / C-C out-of-plane bending mixed-phase cyclic C-C stretching 26.72%; ring-site C-H in-plane bending 20.21%; C-C out-of-plane bending 15.46%; N-H bending 14.61%
   29     1288.65          --                 --  mixed C-C out-of-plane bending / ring-site C-H in-plane bending C-C out-of-plane bending 51.24%; ring-site C-H in-plane bending 32.71%; mixed-phase cyclic C-C stretching 10.52%
   30     1351.74          --                 --  mixed N-H bending / mixed-phase cyclic C-N stretching          N-H bending 37.03%; mixed-phase cyclic C-N stretching 29.97%; cyclic C-C stretching 11.02%; N-C-C bending 6.86%
   31     1394.62          --                 --  mixed opposite-phase cyclic C-C stretching / cyclic-ring out-of-plane deformation / ring-site C-H in-plane bending opposite-phase cyclic C-C stretching 26.86%; cyclic-ring out-of-plane deformation 26.44%; ring-site C-H in-plane bending 26.21%; cyclic C-N stretching 6.40%
   32     1451.80          --                 --  C-H bending                                                    C-H bending 81.17%; ring-site C-H in-plane bending 14.87%
   33     1520.41          --                 --  mixed ring-site C-H out-of-plane bending / ring-site C-H in-plane bending ring-site C-H out-of-plane bending 62.39%; ring-site C-H in-plane bending 26.56%; cyclic C-C stretching 6.03%; cyclic C-N stretching 2.65%
   34     1721.11          --                 --  exocyclic C-N stretching                                       exocyclic C-N stretching 78.72%; cyclic C-N stretching 7.85%; cyclic C-C stretching 4.04%; cyclic-ring deformation (C-N-C bend) 3.84%
   35     1823.05          --                 --  exocyclic C-O stretching                                       exocyclic C-O stretching 82.77%; cyclic C-C stretching 7.28%; cyclic-ring deformation (C-C-C bend) 3.69%
   36     3055.31          --                 --  in-phase ring-site C-H stretching                              in-phase ring-site C-H stretching 99.01%
   37     3091.97          --                 --  opposite-phase ring-site C-H stretching                        opposite-phase ring-site C-H stretching 99.60%
   38     3105.12          --                 --  ring-site C-H stretching                                       ring-site C-H stretching 99.42%
   39     3166.03          --                 --  ring-site C-H stretching                                       ring-site C-H stretching 98.93%
   40     3201.08          --                 --  mixed-phase ring-site C-H stretching                           mixed-phase ring-site C-H stretching 99.33%
   41     3419.92          --                 --  N-H stretching                                                 N-H stretching 99.78%

# Selected internal-coordinate set:
#   1  nu(C6-H13)
#   2  nu(N1-C2)
#   3  nu(N3-C4)
#   4  nu(C7-O8)
#   5  nu(C5-H12)
#   6  nu(C6-H14)
#   7  nu(N1-H9)
#   8  nu(C4-H10)
#   9  tau(H9-N1-C2-C7)
#  10  gamma(H11;C4,N3,H10)
#  11  delta(N3-C5-H12)
#  12  gamma(C5;C6,H13,H14)
#  13  delta(C2-C7-O8)
#  14  tau(N3-C2-C7-O8)
#  15  gamma(C6;C5,N3,H12)
#  16  nu(C4-H11)
#  17  nu(C2-N3)
#  18  tau(H9-N1-C2-N3)
#  19  delta(H13-C6-H14)
#  20  nu(N3-C5)
#  21  nu(C2-C7)
#  22  delta(C2-N1-H9)
#  23  gamma(H11;C4,N3,C5)
#  24  tau(H10-C4-C5-C6)
#  25  delta(C7-C6-H13)
#  26  nu(C5-C6)
#  27  delta(C2-N3-C5)
#  28  delta(C5-C6-H13)
#  29  nu(C6-C7)
#  30  delta(C5-C4-H10)
#  31  nu(C4-C5)
#  32  delta(C5-C6-C7)
#  33  delta(N1-C2-C7)
#  34  tau(N1-C2-C7-C6)
#  35  tau(C4-N3-C5-C6)
#  36  tau(C2-N3-C5-C4)

Wrote: /local/scratch/mv487/qm9s/experiment_1_phase2/ped/124130/124130_summary.csv
Wrote: /local/scratch/mv487/qm9s/experiment_1_phase2/ped/124130/124130_families.csv
Wrote: /local/scratch/mv487/qm9s/experiment_1_phase2/ped/124130/124130_ped.csv
Wrote: /local/scratch/mv487/qm9s/experiment_1_phase2/ped/124130/124130_ir_transitions.csv

# All generated files are in: /local/scratch/mv487/qm9s/experiment_1_phase2/ped/124130
# Manifest: /local/scratch/mv487/qm9s/experiment_1_phase2/ped/124130/124130_manifest.txt

--- stderr ---
Normal modes/frequencies absent or incomplete: diagonalizing Hessian.
