# Contact: romi@lens.unifi.it
# Manual: https://github.com/SebRoLENS/orca-ped-analyzer/blob/main/docs/ORCA_PED_Analyzer_Manual.md
# Check GitHub for updates and new releases: https://github.com/SebRoLENS/orca-ped-analyzer
#
# Molecule: 15 atoms | non-linear
# Bonds inferred: 16 | candidate ICs: 116 | selected ICs: 39
# Cartesian-Hessian reconstruction relative error: 6.442e-06
# Energy distribution: PED (PED is the backward-compatible default; TED includes kinetic-energy terms)
# Ring/cycle bonds detected: 9 | ring atoms: 8 | ring systems: 1
# VPT2: no matching .out file supplied/found -> harmonic/PED analysis only
#
 Mode   Harm/cm-1   VPT2/cm-1  Harm.Int/km mol-1  Assignment                                                     Grouped PED
------------------------------------------------------------------------------------------------------------------------------------------------------------------------------------------------
    6      121.25          --                 --  mixed ring-site C-H out-of-plane bending / cyclic-ring torsional/out-of-plane deformation ring-site C-H out-of-plane bending 40.03%; cyclic-ring torsional/out-of-plane deformation 25.80%; cyclic-ring torsional/out-of-plane deformation 13.64%; cyclic-ring torsional/out-of-plane deformation 10.71%
    7      150.40          --                 --  mixed cyclic-ring torsional/out-of-plane deformation / ring-site C-H out-of-plane bending cyclic-ring torsional/out-of-plane deformation 42.76%; ring-site C-H out-of-plane bending 42.45%; cyclic-ring torsional/out-of-plane deformation 6.11%; C-N torsion 3.27%
    8      165.51          --                 --  mixed ring-site C-H out-of-plane bending / cyclic-ring torsional/out-of-plane deformation ring-site C-H out-of-plane bending 50.73%; cyclic-ring torsional/out-of-plane deformation 43.63%
    9      250.53          --                 --  mixed ring-site C-H out-of-plane bending / cyclic-ring torsional/out-of-plane deformation / cyclic-ring torsional/out-of-plane deformation ring-site C-H out-of-plane bending 34.49%; cyclic-ring torsional/out-of-plane deformation 24.70%; cyclic-ring torsional/out-of-plane deformation 21.15%; cyclic-ring torsional/out-of-plane deformation 9.90%
   10      272.37          --                 --  mixed ring-site C-H out-of-plane bending / cyclic-ring torsional/out-of-plane deformation / cyclic-ring torsional/out-of-plane deformation ring-site C-H out-of-plane bending 23.96%; cyclic-ring torsional/out-of-plane deformation 16.61%; cyclic-ring torsional/out-of-plane deformation 15.23%; cyclic-ring deformation (C-N-N bend) 12.80%
   11      355.47          --                 --  mixed cyclic-ring torsional/out-of-plane deformation / cyclic-ring out-of-plane deformation / ring-site C-H out-of-plane bending cyclic-ring torsional/out-of-plane deformation 49.38%; cyclic-ring out-of-plane deformation 26.63%; ring-site C-H out-of-plane bending 18.46%; cyclic-ring torsional/out-of-plane deformation 2.77%
   12      507.78          --                 --  mixed cyclic-ring deformation (C-N-N bend) / cyclic N-N stretching cyclic-ring deformation (C-N-N bend) 56.23%; cyclic N-N stretching 9.27%; cyclic C-N stretching 7.61%; N-C-N bending 7.51%
   13      616.54          --                 --  mixed cyclic-ring deformation (O-C-N bend) / cyclic-ring deformation (O-C-C bend) cyclic-ring deformation (O-C-N bend) 33.14%; cyclic-ring deformation (O-C-C bend) 23.50%; mixed-phase cyclic C-C stretching 9.90%; cyclic C-N stretching 6.49%
   14      635.43          --                 --  mixed cyclic-ring torsional/out-of-plane deformation / ring-site C-H out-of-plane bending cyclic-ring torsional/out-of-plane deformation 30.36%; ring-site C-H out-of-plane bending 20.71%; N-H out-of-plane bending 8.15%; cyclic-ring deformation (O-C-C bend) 8.08%
   15      651.26          --                 --  mixed cyclic-ring torsional/out-of-plane deformation / cyclic-ring out-of-plane deformation cyclic-ring torsional/out-of-plane deformation 35.63%; cyclic-ring out-of-plane deformation 16.81%; cyclic-ring deformation (C-N-N bend) 9.49%; cyclic-ring deformation (O-C-C bend) 6.65%
   16      675.49          --                 --  mixed cyclic-ring out-of-plane deformation / cyclic-ring torsional/out-of-plane deformation cyclic-ring out-of-plane deformation 51.75%; cyclic-ring torsional/out-of-plane deformation 25.72%; cyclic-ring torsional/out-of-plane deformation 8.11%; N-H out-of-plane bending 5.70%
   17      756.80          --                 --  mixed N-H out-of-plane bending / N-H bending                   N-H out-of-plane bending 38.16%; N-H bending 23.64%; ring-site C-H out-of-plane bending 8.95%; cyclic-ring deformation (O-C-C bend) 8.09%
   18      774.30          --                 --  mixed N-H out-of-plane bending / N-H bending                   N-H out-of-plane bending 33.08%; N-H bending 19.63%; in-phase cyclic C-O stretching 7.68%; cyclic-ring deformation (O-C-C bend) 6.48%
   19      848.42          --                 --  mixed cyclic-ring deformation (O-C-N bend) / ring-site C-H out-of-plane bending cyclic-ring deformation (O-C-N bend) 19.94%; ring-site C-H out-of-plane bending 18.14%; ring-site C-H in-plane bending 12.93%; mixed-phase cyclic C-N stretching 12.85%
   20      873.16          --                 --  mixed cyclic C-O stretching / ring-site C-H out-of-plane bending / ring-site C-H in-plane bending cyclic C-O stretching 40.61%; ring-site C-H out-of-plane bending 19.27%; ring-site C-H in-plane bending 16.23%; cyclic-ring deformation (C-N-N bend) 8.80%
   21      940.69          --                 --  mixed cyclic C-C stretching / cyclic-ring deformation (O-C-C bend) cyclic C-C stretching 56.79%; cyclic-ring deformation (O-C-C bend) 24.79%; ring-site C-H out-of-plane bending 6.82%; cyclic-ring deformation (C-N-N bend) 4.78%
   22      981.31          --                 --  mixed cyclic C-O stretching / cyclic-ring deformation (O-C-C bend) cyclic C-O stretching 45.64%; cyclic-ring deformation (O-C-C bend) 25.37%; ring-site C-H out-of-plane bending 9.88%; cyclic C-C stretching 5.16%
   23     1085.65          --                 --  mixed cyclic C-N stretching / N-H bending                      cyclic C-N stretching 40.18%; N-H bending 29.77%; cyclic-ring deformation (C-N-N bend) 12.02%; cyclic C-C stretching 6.45%
   24     1110.11          --                 --  mixed cyclic-ring deformation (C-N-N bend) / mixed-phase cyclic N-N stretching cyclic-ring deformation (C-N-N bend) 29.81%; mixed-phase cyclic N-N stretching 23.58%; cyclic-ring deformation (O-C-N bend) 9.21%; ring-site C-H in-plane bending 7.81%
   25     1138.92          --                 --  mixed ring-site C-H out-of-plane bending / ring-site C-H in-plane bending / cyclic-ring torsional/out-of-plane deformation ring-site C-H out-of-plane bending 33.09%; ring-site C-H in-plane bending 23.59%; cyclic-ring torsional/out-of-plane deformation 23.29%; cyclic-ring deformation (C-N-N bend) 6.29%
   26     1193.95          --                 --  mixed ring-site C-H out-of-plane bending / ring-site C-H in-plane bending / in-phase cyclic C-N stretching ring-site C-H out-of-plane bending 32.62%; ring-site C-H in-plane bending 24.85%; in-phase cyclic C-N stretching 15.80%; cyclic N-N stretching 12.69%
   27     1215.75          --                 --  mixed cyclic N-N stretching / opposite-phase cyclic C-N stretching cyclic N-N stretching 50.93%; opposite-phase cyclic C-N stretching 12.28%; ring-site C-H out-of-plane bending 8.33%; cyclic-ring deformation (C-N-N bend) 7.43%
   28     1236.76          --                 --  mixed ring-site C-H in-plane bending / ring-site C-H out-of-plane bending ring-site C-H in-plane bending 39.36%; ring-site C-H out-of-plane bending 18.98%; in-phase cyclic C-N stretching 13.08%; cyclic N-N stretching 10.32%
   29     1261.78          --                 --  mixed ring-site C-H in-plane bending / cyclic N-N stretching   ring-site C-H in-plane bending 29.91%; cyclic N-N stretching 23.28%; ring-site C-H out-of-plane bending 12.81%; cyclic-ring deformation (C-N-N bend) 12.78%
   30     1294.28          --                 --  mixed N-H bending / mixed-phase cyclic C-O stretching          N-H bending 18.91%; mixed-phase cyclic C-O stretching 15.11%; opposite-phase cyclic N-N stretching 11.98%; ring-site C-H out-of-plane bending 11.50%
   31     1339.50          --                 --  mixed ring-site C-H out-of-plane bending / ring-site C-H in-plane bending ring-site C-H out-of-plane bending 50.04%; ring-site C-H in-plane bending 23.40%; cyclic C-N stretching 9.46%; N-H bending 4.39%
   32     1369.17          --                 --  mixed mixed-phase cyclic C-N stretching / ring-site C-H in-plane bending mixed-phase cyclic C-N stretching 22.99%; ring-site C-H in-plane bending 19.61%; N-H bending 14.53%; in-phase cyclic N-N stretching 9.61%
   33     1407.14          --                 --  mixed ring-site C-H in-plane bending / mixed-phase cyclic C-N stretching ring-site C-H in-plane bending 27.18%; mixed-phase cyclic C-N stretching 19.34%; ring-site C-H out-of-plane bending 14.85%; cyclic-ring deformation (O-C-N bend) 9.79%
   34     1505.27          --                 --  mixed ring-site C-H out-of-plane bending / mixed-phase cyclic C-N stretching ring-site C-H out-of-plane bending 53.04%; mixed-phase cyclic C-N stretching 23.74%; ring-site C-H in-plane bending 8.42%; cyclic-ring deformation (C-N-N bend) 5.71%
   35     1523.02          --                 --  mixed ring-site C-H out-of-plane bending / ring-site C-H in-plane bending ring-site C-H out-of-plane bending 57.60%; ring-site C-H in-plane bending 17.00%; mixed-phase cyclic C-N stretching 14.60%; cyclic-ring deformation (C-N-N bend) 3.08%
   36     1539.55          --                 --  mixed cyclic C-N stretching / ring-site C-H out-of-plane bending cyclic C-N stretching 56.01%; ring-site C-H out-of-plane bending 23.68%; cyclic-ring deformation (C-N-N bend) 7.72%; cyclic C-O stretching 5.09%
   37     1652.28          --                 --  N-H bending                                                    N-H bending 79.98%; N-H out-of-plane bending 10.75%; exocyclic C-N stretching 5.59%
   38     1682.79          --                 --  mixed cyclic C-C stretching / cyclic-ring deformation (O-C-N bend) cyclic C-C stretching 43.35%; cyclic-ring deformation (O-C-N bend) 17.81%; exocyclic C-N stretching 13.10%; cyclic C-O stretching 12.55%
   39     3056.07          --                 --  ring-site C-H stretching                                       ring-site C-H stretching 98.98%
   40     3060.74          --                 --  mixed-phase ring-site C-H stretching                           mixed-phase ring-site C-H stretching 99.05%
   41     3121.42          --                 --  mixed-phase ring-site C-H stretching                           mixed-phase ring-site C-H stretching 99.04%
   42     3144.81          --                 --  mixed-phase ring-site C-H stretching                           mixed-phase ring-site C-H stretching 99.08%
   43     3525.85          --                 --  in-phase N-H stretching                                        in-phase N-H stretching 99.83%
   44     3615.92          --                 --  opposite-phase N-H stretching                                  opposite-phase N-H stretching 99.79%

# Selected internal-coordinate set:
#   1  nu(N1-C2)
#   2  nu(C3-O4)
#   3  nu(C6-N7)
#   4  nu(N8-N9)
#   5  nu(C5-H12)
#   6  nu(C5-H13)
#   7  nu(N1-H10)
#   8  nu(C6-H14)
#   9  nu(C3-N7)
#  10  nu(O4-C5)
#  11  gamma(N9;C2,N1,C3)
#  12  tau(C3-N7-N8-N9)
#  13  nu(C6-H15)
#  14  nu(C2-N9)
#  15  nu(N1-H11)
#  16  tau(C3-O4-C5-H12)
#  17  nu(N7-N8)
#  18  tau(C3-O4-C5-H13)
#  19  gamma(H14;C6,N7,H15)
#  20  tau(C6-N7-N8-N9)
#  21  gamma(H10;N1,C2,H11)
#  22  delta(O4-C5-H13)
#  23  delta(O4-C5-H12)
#  24  nu(C2-C3)
#  25  delta(C2-N1-H11)
#  26  tau(O4-C5-C6-H15)
#  27  delta(C2-N9-N8)
#  28  tau(O4-C5-C6-H14)
#  29  delta(C2-N1-H10)
#  30  delta(C5-C6-H14)
#  31  delta(O4-C3-N7)
#  32  tau(O4-C3-N7-N8)
#  33  nu(C5-C6)
#  34  delta(C6-N7-N8)
#  35  tau(H10-N1-C2-C3)
#  36  delta(O4-C5-C6)
#  37  delta(N1-C2-N9)
#  38  tau(N1-C2-N9-N8)
#  39  tau(O4-C5-C6-N7)

Wrote: /local/scratch/mv487/qm9s/experiment_1_phase2/ped/119698/119698_summary.csv
Wrote: /local/scratch/mv487/qm9s/experiment_1_phase2/ped/119698/119698_families.csv
Wrote: /local/scratch/mv487/qm9s/experiment_1_phase2/ped/119698/119698_ped.csv
Wrote: /local/scratch/mv487/qm9s/experiment_1_phase2/ped/119698/119698_ir_transitions.csv

# All generated files are in: /local/scratch/mv487/qm9s/experiment_1_phase2/ped/119698
# Manifest: /local/scratch/mv487/qm9s/experiment_1_phase2/ped/119698/119698_manifest.txt

--- stderr ---
Normal modes/frequencies absent or incomplete: diagonalizing Hessian.
