# Contact: romi@lens.unifi.it
# Manual: https://github.com/SebRoLENS/orca-ped-analyzer/blob/main/docs/ORCA_PED_Analyzer_Manual.md
# Check GitHub for updates and new releases: https://github.com/SebRoLENS/orca-ped-analyzer
#
# Molecule: 19 atoms | non-linear
# Bonds inferred: 21 | candidate ICs: 234 | selected ICs: 51
# Cartesian-Hessian reconstruction relative error: 3.423e-05
# Energy distribution: PED (PED is the backward-compatible default; TED includes kinetic-energy terms)
# Ring/cycle bonds detected: 8 | ring atoms: 6 | ring systems: 1
# VPT2: no matching .out file supplied/found -> harmonic/PED analysis only
#
 Mode   Harm/cm-1   VPT2/cm-1  Harm.Int/km mol-1  Assignment                                                     Grouped PED
------------------------------------------------------------------------------------------------------------------------------------------------------------------------------------------------
    6       23.58          --                 --  mixed C-C-C bending / C-C torsion                              C-C-C bending 47.25%; C-C torsion 39.00%; C-H bending 11.54%
    7       84.05          --                 --  mixed C-C torsion / C-H bending                                C-C torsion 48.77%; C-H bending 36.57%; C-C-C bending 7.27%; C-C out-of-plane bending 5.54%
    8      162.12          --                 --  C-C-C bending                                                  C-C-C bending 97.21%
    9      170.77          --                 --  C-C-C bending                                                  C-C-C bending 91.76%; C-C out-of-plane bending 4.39%; cyclic-ring torsional/out-of-plane deformation 2.20%
   10      334.42          --                 --  mixed C-C-C bending / C-C-O bending                            C-C-C bending 34.53%; C-C-O bending 27.59%; cyclic-ring torsional/out-of-plane deformation 11.82%; cyclic C-C stretching 8.29%
   11      389.13          --                 --  mixed cyclic-ring torsional/out-of-plane deformation / ring-site C-H out-of-plane bending / C-C-C bending cyclic-ring torsional/out-of-plane deformation 49.95%; ring-site C-H out-of-plane bending 15.71%; C-C-C bending 15.10%; ring-site C-H in-plane bending 11.29%
   12      428.76          --                 --  cyclic-ring torsional/out-of-plane deformation                 cyclic-ring torsional/out-of-plane deformation 87.50%; ring-site C-H out-of-plane bending 5.69%; ring-site C-H in-plane bending 3.44%
   13      515.70          --                 --  mixed cyclic-ring torsional/out-of-plane deformation / C-C-C bending cyclic-ring torsional/out-of-plane deformation 31.88%; C-C-C bending 31.27%; mixed-phase cyclic C-C stretching 11.87%; ring-site C-H out-of-plane bending 8.19%
   14      590.88          --                 --  mixed C-C-C bending / C-C out-of-plane bending / C-H bending   C-C-C bending 39.11%; C-C out-of-plane bending 29.12%; C-H bending 17.51%; opposite-phase cyclic C-C stretching 6.42%
   15      610.34          --                 --  mixed C-C-O bending / C-H bending                              C-C-O bending 40.28%; C-H bending 13.93%; C-C stretching 11.60%; C-C-C bending 9.90%
   16      727.28          --                 --  mixed cyclic-ring torsional/out-of-plane deformation / ring-site C-H out-of-plane bending cyclic-ring torsional/out-of-plane deformation 40.22%; ring-site C-H out-of-plane bending 25.54%; ring-site C-H in-plane bending 14.36%; mixed-phase cyclic C-C stretching 9.74%
   17      738.68          --                 --  mixed mixed-phase cyclic C-C stretching / ring-site C-H out-of-plane bending mixed-phase cyclic C-C stretching 46.81%; ring-site C-H out-of-plane bending 21.47%; cyclic-ring deformation (C-C-C bend) 12.03%; cyclic-ring torsional/out-of-plane deformation 8.91%
   18      784.82          --                 --  mixed ring-site C-H out-of-plane bending / cyclic-ring torsional/out-of-plane deformation / cyclic-ring deformation (C-C-C bend) ring-site C-H out-of-plane bending 27.80%; cyclic-ring torsional/out-of-plane deformation 21.95%; cyclic-ring deformation (C-C-C bend) 18.32%; ring-site C-H in-plane bending 16.54%
   19      795.08          --                 --  mixed mixed-phase cyclic C-C stretching / ring-site C-H out-of-plane bending mixed-phase cyclic C-C stretching 49.04%; ring-site C-H out-of-plane bending 29.20%; cyclic-ring deformation (C-C-C bend) 11.20%; cyclic-ring torsional/out-of-plane deformation 6.21%
   20      879.78          --                 --  mixed mixed-phase cyclic C-C stretching / C-C stretching / C-H bending mixed-phase cyclic C-C stretching 39.54%; C-C stretching 16.40%; C-H bending 15.67%; C-C-C bending 8.63%
   21      905.92          --                 --  mixed mixed-phase cyclic C-C stretching / ring-site C-H in-plane bending mixed-phase cyclic C-C stretching 47.85%; ring-site C-H in-plane bending 22.77%; cyclic-ring deformation (C-C-C bend) 11.23%; ring-site C-H out-of-plane bending 8.13%
   22      906.08          --                 --  mixed ring-site C-H out-of-plane bending / mixed-phase cyclic C-C stretching ring-site C-H out-of-plane bending 50.38%; mixed-phase cyclic C-C stretching 19.27%; ring-site C-H in-plane bending 14.17%; C-C stretching 4.74%
   23      951.95          --                 --  mixed mixed-phase cyclic C-C stretching / cyclic-ring torsional/out-of-plane deformation mixed-phase cyclic C-C stretching 40.06%; cyclic-ring torsional/out-of-plane deformation 16.63%; ring-site C-H in-plane bending 14.53%; cyclic-ring deformation (C-C-C bend) 13.31%
   24      985.57          --                 --  mixed ring-site C-H in-plane bending / cyclic-ring deformation (C-C-C bend) / ring-site C-H out-of-plane bending ring-site C-H in-plane bending 31.67%; cyclic-ring deformation (C-C-C bend) 19.89%; ring-site C-H out-of-plane bending 16.36%; mixed-phase cyclic C-C stretching 15.79%
   25      986.80          --                 --  mixed ring-site C-H in-plane bending / C-H bending / mixed-phase cyclic C-C stretching ring-site C-H in-plane bending 24.83%; C-H bending 19.83%; mixed-phase cyclic C-C stretching 15.21%; C-C-C bending 14.10%
   26     1001.43          --                 --  mixed mixed-phase cyclic C-C stretching / ring-site C-H in-plane bending mixed-phase cyclic C-C stretching 62.91%; ring-site C-H in-plane bending 17.09%; C-C-C bending 7.30%; cyclic-ring deformation (C-C-C bend) 5.06%
   27     1012.62          --                 --  mixed ring-site C-H out-of-plane bending / ring-site C-H in-plane bending ring-site C-H out-of-plane bending 39.52%; ring-site C-H in-plane bending 24.89%; C-H bending 12.61%; cyclic-ring deformation (C-C-C bend) 7.87%
   28     1030.13          --                 --  mixed ring-site C-H out-of-plane bending / ring-site C-H in-plane bending / cyclic-ring torsional/out-of-plane deformation ring-site C-H out-of-plane bending 41.70%; ring-site C-H in-plane bending 18.61%; cyclic-ring torsional/out-of-plane deformation 17.08%; C-H bending 17.00%
   29     1043.50          --                 --  mixed ring-site C-H in-plane bending / cyclic C-C stretching   ring-site C-H in-plane bending 57.07%; cyclic C-C stretching 13.57%; cyclic-ring torsional/out-of-plane deformation 9.06%; C-H bending 8.24%
   30     1093.39          --                 --  mixed C-H bending / cyclic C-C stretching / ring-site C-H in-plane bending C-H bending 32.09%; cyclic C-C stretching 29.62%; ring-site C-H in-plane bending 16.40%; C-C-O bending 5.56%
   31     1099.47          --                 --  mixed ring-site C-H in-plane bending / C-C-C bending / cyclic-ring torsional/out-of-plane deformation ring-site C-H in-plane bending 24.86%; C-C-C bending 23.80%; cyclic-ring torsional/out-of-plane deformation 20.70%; opposite-phase cyclic C-C stretching 11.00%
   32     1120.97          --                 --  mixed ring-site C-H in-plane bending / mixed-phase cyclic C-C stretching ring-site C-H in-plane bending 37.01%; mixed-phase cyclic C-C stretching 16.71%; ring-site C-H out-of-plane bending 12.79%; C-C-C bending 11.52%
   33     1157.63          --                 --  mixed ring-site C-H in-plane bending / opposite-phase cyclic C-C stretching ring-site C-H in-plane bending 50.85%; opposite-phase cyclic C-C stretching 13.06%; ring-site C-H out-of-plane bending 12.27%; C-C-C bending 11.83%
   34     1164.77          --                 --  mixed ring-site C-H in-plane bending / mixed-phase cyclic C-C stretching / ring-site C-H out-of-plane bending ring-site C-H in-plane bending 48.83%; mixed-phase cyclic C-C stretching 29.02%; ring-site C-H out-of-plane bending 17.70%
   35     1173.45          --                 --  mixed ring-site C-H in-plane bending / ring-site C-H out-of-plane bending ring-site C-H in-plane bending 46.22%; ring-site C-H out-of-plane bending 29.92%; C-C-C bending 6.69%; C-H bending 5.17%
   36     1246.26          --                 --  mixed ring-site C-H in-plane bending / ring-site C-H out-of-plane bending ring-site C-H in-plane bending 47.43%; ring-site C-H out-of-plane bending 39.30%; mixed-phase cyclic C-C stretching 5.85%; cyclic-ring torsional/out-of-plane deformation 4.49%
   37     1246.38          --                 --  mixed ring-site C-H in-plane bending / ring-site C-H out-of-plane bending / mixed-phase cyclic C-C stretching ring-site C-H in-plane bending 34.86%; ring-site C-H out-of-plane bending 31.60%; mixed-phase cyclic C-C stretching 17.20%; C-H bending 4.16%
   38     1292.36          --                 --  mixed ring-site C-H in-plane bending / opposite-phase cyclic C-C stretching ring-site C-H in-plane bending 53.97%; opposite-phase cyclic C-C stretching 25.14%; ring-site C-H out-of-plane bending 9.88%; cyclic-ring torsional/out-of-plane deformation 6.93%
   39     1338.64          --                 --  mixed exocyclic C-C stretching / cyclic C-C stretching         exocyclic C-C stretching 23.12%; cyclic C-C stretching 18.25%; C-H bending 14.52%; ring-site C-H in-plane bending 13.30%
   40     1358.67          --                 --  mixed ring-site C-H in-plane bending / in-phase cyclic C-C stretching ring-site C-H in-plane bending 43.11%; in-phase cyclic C-C stretching 40.78%; ring-site C-H out-of-plane bending 7.87%; C-H bending 2.69%
   41     1391.53          --                 --  C-H bending                                                    C-H bending 85.59%; C-C stretching 7.48%; exocyclic C-C stretching 2.46%
   42     1469.02          --                 --  C-H bending                                                    C-H bending 98.76%
   43     1477.97          --                 --  C-H bending                                                    C-H bending 99.19%
   44     1495.41          --                 --  mixed C-H bending / ring-site C-H in-plane bending             C-H bending 56.13%; ring-site C-H in-plane bending 23.78%; ring-site C-H out-of-plane bending 17.17%; cyclic C-C stretching 2.22%
   45     1511.93          --                 --  mixed C-H bending / ring-site C-H in-plane bending             C-H bending 57.38%; ring-site C-H in-plane bending 24.69%; ring-site C-H out-of-plane bending 14.97%; cyclic C-C stretching 2.46%
   46     1764.35          --                 --  C-O stretching                                                 C-O stretching 78.59%; C-C-C bending 9.25%; C-H bending 4.09%; exocyclic C-C stretching 3.42%
   47     3024.25          --                 --  mixed-phase ring-site C-H stretching                           mixed-phase ring-site C-H stretching 99.27%
   48     3031.16          --                 --  ring-site C-H stretching                                       ring-site C-H stretching 93.60%; in-phase C-H stretching 5.76%
   49     3033.75          --                 --  C-H stretching                                                 C-H stretching 93.84%; in-phase ring-site C-H stretching 5.83%
   50     3088.39          --                 --  opposite-phase C-H stretching                                  opposite-phase C-H stretching 99.27%
   51     3090.87          --                 --  mixed-phase ring-site C-H stretching                           mixed-phase ring-site C-H stretching 98.61%
   52     3093.54          --                 --  mixed-phase ring-site C-H stretching                           mixed-phase ring-site C-H stretching 99.17%
   53     3141.75          --                 --  mixed-phase C-H stretching                                     mixed-phase C-H stretching 99.41%
   54     3190.82          --                 --  opposite-phase ring-site C-H stretching                        opposite-phase ring-site C-H stretching 98.70%
   55     3198.52          --                 --  in-phase ring-site C-H stretching                              in-phase ring-site C-H stretching 99.17%
   56     3237.13          --                 --  ring-site C-H stretching                                       ring-site C-H stretching 99.02%

# Selected internal-coordinate set:
#   1  nu(C9-H19)
#   2  nu(C1-C2)
#   3  nu(C4-C5)
#   4  nu(C6-H15)
#   5  nu(C7-C8)
#   6  nu(C4-C8)
#   7  nu(C1-H10)
#   8  nu(C5-H13)
#   9  nu(C8-H18)
#  10  nu(C1-H12)
#  11  nu(C2-O3)
#  12  tau(H15-C6-C9-H19)
#  13  delta(C6-C7-C9)
#  14  gamma(H14;C5,C4,H13)
#  15  tau(H16-C7-C8-C4)
#  16  nu(C1-H11)
#  17  gamma(C1;C2,O3,C4)
#  18  delta(C6-C9-H19)
#  19  nu(C8-H17)
#  20  nu(C7-H16)
#  21  nu(C5-H14)
#  22  delta(C1-C2-O3)
#  23  nu(C4-C9)
#  24  tau(H15-C6-C7-C8)
#  25  delta(H10-C1-H12)
#  26  delta(H10-C1-H11)
#  27  delta(H17-C8-H18)
#  28  delta(C8-C7-H16)
#  29  delta(H11-C1-H12)
#  30  delta(C4-C5-H13)
#  31  tau(H14-C5-C6-C9)
#  32  delta(C4-C8-H17)
#  33  delta(C4-C8-H18)
#  34  delta(C5-C6-H15)
#  35  nu(C7-C9)
#  36  nu(C5-C6)
#  37  delta(C2-C1-H10)
#  38  delta(C7-C8-H18)
#  39  nu(C2-C4)
#  40  delta(C6-C5-H13)
#  41  delta(C2-C1-H12)
#  42  nu(C6-C7)
#  43  delta(C2-C4-C9)
#  44  tau(H10-C1-C2-C4)
#  45  tau(C5-C6-C9-C7)
#  46  tau(C5-C4-C8-C7)
#  47  tau(C1-C2-C4-C9)
#  48  delta(C1-C2-C4)
#  49  delta(C2-C4-C8)
#  50  delta(C2-C4-C5)
#  51  tau(C5-C6-C7-C8)

Wrote: /local/scratch/mv487/qm9s/experiment_1_phase2/ped/50114/50114_summary.csv
Wrote: /local/scratch/mv487/qm9s/experiment_1_phase2/ped/50114/50114_families.csv
Wrote: /local/scratch/mv487/qm9s/experiment_1_phase2/ped/50114/50114_ped.csv
Wrote: /local/scratch/mv487/qm9s/experiment_1_phase2/ped/50114/50114_ir_transitions.csv

# All generated files are in: /local/scratch/mv487/qm9s/experiment_1_phase2/ped/50114
# Manifest: /local/scratch/mv487/qm9s/experiment_1_phase2/ped/50114/50114_manifest.txt

--- stderr ---
Normal modes/frequencies absent or incomplete: diagonalizing Hessian.
