# Contact: romi@lens.unifi.it
# Manual: https://github.com/SebRoLENS/orca-ped-analyzer/blob/main/docs/ORCA_PED_Analyzer_Manual.md
# Check GitHub for updates and new releases: https://github.com/SebRoLENS/orca-ped-analyzer
#
# Molecule: 17 atoms | non-linear
# Bonds inferred: 16 | candidate ICs: 104 | selected ICs: 45
# Cartesian-Hessian reconstruction relative error: 1.644e-05
# Energy distribution: PED (PED is the backward-compatible default; TED includes kinetic-energy terms)
# Ring/cycle bonds detected: 0 | ring atoms: 0 | ring systems: 0
# VPT2: no matching .out file supplied/found -> harmonic/PED analysis only
#
 Mode   Harm/cm-1   VPT2/cm-1  Harm.Int/km mol-1  Assignment                                                     Grouped PED
------------------------------------------------------------------------------------------------------------------------------------------------------------------------------------------------
    6       39.54          --                 --  mixed C-N torsion / C-C torsion                                C-N torsion 47.61%; C-C torsion 47.59%
    7       88.54          --                 --  C-N torsion                                                    C-N torsion 89.75%; C-C torsion 5.47%; C-C-C bending 2.64%
    8      117.34          --                 --  C-C torsion                                                    C-C torsion 95.42%
    9      186.62          --                 --  mixed C-C torsion / C-C-C bending / C-N torsion                C-C torsion 33.52%; C-C-C bending 25.70%; C-N torsion 21.27%; O-C-C bending 5.43%
   10      232.84          --                 --  mixed C-C torsion / C-N torsion                                C-C torsion 30.97%; C-N torsion 17.89%; C-N-C bending 14.62%; C-C-C bending 12.67%
   11      267.35          --                 --  C-N torsion                                                    C-N torsion 91.60%; C-C torsion 2.79%
   12      282.03          --                 --  mixed C-N torsion / C-C torsion / C-C-N bending                C-N torsion 26.62%; C-C torsion 18.19%; C-C-N bending 15.13%; O-C-C bending 9.32%
   13      317.69          --                 --  C-O torsion                                                    C-O torsion 83.84%; O-C-C bending 5.27%; C-C torsion 4.05%; C-H bending 2.23%
   14      329.82          --                 --  mixed O-C-C bending / C-N torsion                              O-C-C bending 47.48%; C-N torsion 15.26%; C-C torsion 6.97%; C-C-C bending 6.27%
   15      430.34          --                 --  mixed C-C torsion / C-H bending                                C-C torsion 34.25%; C-H bending 17.34%; N-C-N bending 13.73%; O-C-C bending 8.04%
   16      517.84          --                 --  mixed C-O torsion / C-H bending                                C-O torsion 58.21%; C-H bending 7.26%; C-C torsion 6.80%; N-C-N bending 6.69%
   17      547.33          --                 --  mixed C-C torsion / C-H bending / O-C-C bending                C-C torsion 27.35%; C-H bending 27.25%; O-C-C bending 19.27%; C-C-N bending 6.33%
   18      565.30          --                 --  mixed O-C-C bending / N-C-N bending                            O-C-C bending 33.28%; N-C-N bending 14.93%; N-C-O bending 13.29%; C-H bending 11.17%
   19      663.54          --                 --  mixed C-N torsion / C-H bending                                C-N torsion 44.35%; C-H bending 16.49%; C-C stretching 8.39%; C-C-C bending 8.21%
   20      726.01          --                 --  C-N torsion                                                    C-N torsion 99.78%
   21      811.14          --                 --  mixed C-N stretching / C-H bending                             C-N stretching 16.81%; C-H bending 14.16%; O-C-C bending 12.23%; N-C-O bending 11.66%
   22      891.18          --                 --  mixed C-H bending / C-O stretching / C-C torsion               C-H bending 30.19%; C-O stretching 19.11%; C-C torsion 17.39%; C-C stretching 15.74%
   23      931.08          --                 --  mixed C-N-C bending / C-N stretching                           C-N-C bending 25.49%; C-N stretching 15.37%; N-C-O bending 14.75%; C-H bending 10.63%
   24      952.62          --                 --  C-N torsion                                                    C-N torsion 80.33%; C-H bending 8.02%; C-C torsion 3.35%; C-C-C bending 2.93%
   25     1015.37          --                 --  C-N torsion                                                    C-N torsion 87.73%; C-O stretching 4.73%
   26     1018.67          --                 --  mixed C-N torsion / C-O stretching                             C-N torsion 34.50%; C-O stretching 23.35%; O-H bending 9.51%; C-C-C bending 9.42%
   27     1055.87          --                 --  mixed C-O stretching / C-C torsion / C-C stretching            C-O stretching 47.07%; C-C torsion 20.98%; C-C stretching 17.16%; C-H bending 6.18%
   28     1068.24          --                 --  mixed mixed-phase C-C stretching / C-N stretching / N-H bending mixed-phase C-C stretching 26.62%; C-N stretching 21.04%; N-H bending 17.83%; O-C-C bending 11.99%
   29     1115.43          --                 --  mixed C-O stretching / C-C stretching                          C-O stretching 43.78%; C-C stretching 16.80%; C-C-C bending 8.61%; O-C-C bending 8.30%
   30     1182.27          --                 --  mixed C-H bending / O-H bending                                C-H bending 57.91%; O-H bending 19.56%; mixed-phase C-N stretching 7.18%; C-O stretching 4.03%
   31     1191.03          --                 --  mixed mixed-phase C-N stretching / C-H bending                 mixed-phase C-N stretching 42.39%; C-H bending 19.72%; N-H bending 14.08%; O-H bending 8.09%
   32     1268.48          --                 --  mixed C-H bending / O-H bending                                C-H bending 63.62%; O-H bending 15.34%; C-C torsion 11.53%; N-H bending 6.02%
   33     1320.48          --                 --  mixed C-H bending / N-H bending                                C-H bending 62.25%; N-H bending 20.29%; C-C torsion 8.29%; N-C-N bending 2.92%
   34     1353.31          --                 --  C-H bending                                                    C-H bending 72.54%; C-C torsion 9.25%; N-H bending 6.22%; O-H bending 3.82%
   35     1374.33          --                 --  C-H bending                                                    C-H bending 74.10%; O-H bending 15.65%; C-C torsion 5.80%
   36     1399.17          --                 --  mixed C-H bending / C-C torsion                                C-H bending 47.96%; C-C torsion 28.10%; O-H bending 13.23%; C-C stretching 3.38%
   37     1420.94          --                 --  mixed C-H bending / O-H bending                                C-H bending 66.55%; O-H bending 12.98%; opposite-phase C-C stretching 11.14%; O-C-C bending 3.39%
   38     1435.20          --                 --  C-H bending                                                    C-H bending 89.50%; C-O stretching 4.73%; C-N stretching 3.60%
   39     1498.32          --                 --  C-C torsion                                                    C-C torsion 83.33%; C-H bending 12.02%
   40     1515.08          --                 --  mixed N-H bending / mixed-phase C-N stretching                 N-H bending 44.54%; mixed-phase C-N stretching 41.92%; C-O stretching 4.23%; N-C-N bending 2.56%
   41     1715.81          --                 --  mixed C-N stretching / C-O stretching                          C-N stretching 54.55%; C-O stretching 14.40%; N-H bending 8.06%; C-C-N bending 7.71%
   42     1783.48          --                 --  mixed C-O stretching / mixed-phase C-N stretching              C-O stretching 58.54%; mixed-phase C-N stretching 21.33%; C-H bending 7.35%; C-N-C bending 4.14%
   43     2965.89          --                 --  C-H stretching                                                 C-H stretching 98.57%
   44     3018.21          --                 --  C-H stretching                                                 C-H stretching 98.88%
   45     3060.47          --                 --  in-phase C-H stretching                                        in-phase C-H stretching 99.54%
   46     3114.87          --                 --  opposite-phase C-H stretching                                  opposite-phase C-H stretching 99.40%
   47     3489.87          --                 --  N-H stretching                                                 N-H stretching 99.73%
   48     3550.79          --                 --  N-H stretching                                                 N-H stretching 99.31%
   49     3744.41          --                 --  O-H stretching                                                 O-H stretching 99.88%
   50     3805.39          --                 --  O-H stretching                                                 O-H stretching 99.92%

# Selected internal-coordinate set:
#   1  nu(O1-H10)
#   2  nu(C2-C3)
#   3  nu(O4-H14)
#   4  nu(N6-H15)
#   5  nu(N7-C8)
#   6  nu(C3-H13)
#   7  nu(C2-H11)
#   8  nu(C5-N6)
#   9  nu(C8-H17)
#  10  nu(N7-H16)
#  11  nu(C2-H12)
#  12  tau(H16-N7-C8-H17)
#  13  tau(C5-N7-C8-H17)
#  14  nu(C3-O4)
#  15  nu(O1-C2)
#  16  tau(H10-O1-C2-H11)
#  17  nu(C3-C5)
#  18  nu(C8-O9)
#  19  tau(C5-C3-O4-H14)
#  20  tau(C3-C5-N6-H15)
#  21  tau(N6-C5-N7-H16)
#  22  delta(C2-O1-H10)
#  23  delta(C8-N7-H16)
#  24  delta(C3-O4-H14)
#  25  tau(H11-C2-C3-H13)
#  26  delta(C5-N6-H15)
#  27  delta(O9-C8-H17)
#  28  tau(H12-C2-C3-O4)
#  29  delta(C2-C3-H13)
#  30  tau(H16-N7-C8-O9)
#  31  delta(C3-C2-H12)
#  32  nu(C5-N7)
#  33  delta(C3-C2-H11)
#  34  delta(O1-C2-C3)
#  35  delta(N7-C8-O9)
#  36  tau(O1-C2-C3-C5)
#  37  delta(O4-C3-H13)
#  38  delta(C5-C3-H13)
#  39  delta(N6-C5-N7)
#  40  delta(O4-C3-C5)
#  41  tau(C3-C5-N7-C8)
#  42  delta(C5-N7-C8)
#  43  tau(C2-C3-C5-N7)
#  44  delta(C3-C5-N7)
#  45  delta(C2-C3-C5)

Wrote: /local/scratch/mv487/qm9s/experiment_1_phase2/ped/92869/92869_summary.csv
Wrote: /local/scratch/mv487/qm9s/experiment_1_phase2/ped/92869/92869_families.csv
Wrote: /local/scratch/mv487/qm9s/experiment_1_phase2/ped/92869/92869_ped.csv
Wrote: /local/scratch/mv487/qm9s/experiment_1_phase2/ped/92869/92869_ir_transitions.csv

# All generated files are in: /local/scratch/mv487/qm9s/experiment_1_phase2/ped/92869
# Manifest: /local/scratch/mv487/qm9s/experiment_1_phase2/ped/92869/92869_manifest.txt

--- stderr ---
Normal modes/frequencies absent or incomplete: diagonalizing Hessian.
