# Contact: romi@lens.unifi.it
# Manual: https://github.com/SebRoLENS/orca-ped-analyzer/blob/main/docs/ORCA_PED_Analyzer_Manual.md
# Check GitHub for updates and new releases: https://github.com/SebRoLENS/orca-ped-analyzer
#
# Molecule: 16 atoms | non-linear
# Bonds inferred: 16 | candidate ICs: 109 | selected ICs: 42
# Cartesian-Hessian reconstruction relative error: 1.846e-05
# Energy distribution: PED (PED is the backward-compatible default; TED includes kinetic-energy terms)
# Ring/cycle bonds detected: 5 | ring atoms: 5 | ring systems: 1
# VPT2: no matching .out file supplied/found -> harmonic/PED analysis only
#
 Mode   Harm/cm-1   VPT2/cm-1  Harm.Int/km mol-1  Assignment                                                     Grouped PED
------------------------------------------------------------------------------------------------------------------------------------------------------------------------------------------------
    6       58.14          --                 --  mixed C-C torsion / cyclic-ring torsional/out-of-plane deformation C-C torsion 69.11%; cyclic-ring torsional/out-of-plane deformation 7.82%; C-H bending 6.22%; ring-site C-H out-of-plane bending 5.94%
    7       90.68          --                 --  C-C torsion                                                    C-C torsion 79.32%; cyclic-ring torsional/out-of-plane deformation 6.63%; ring-site N-H out-of-plane bending 5.45%; ring-site C-H out-of-plane bending 3.82%
    8      155.57          --                 --  mixed cyclic-ring torsional/out-of-plane deformation / C-C-O bending cyclic-ring torsional/out-of-plane deformation 39.92%; C-C-O bending 31.04%; C-C-C bending 10.39%; C-H bending 5.38%
    9      230.64          --                 --  mixed C-C-C bending / cyclic-ring torsional/out-of-plane deformation C-C-C bending 63.21%; cyclic-ring torsional/out-of-plane deformation 11.55%; C-C torsion 7.24%; C-H bending 6.97%
   10      256.58          --                 --  mixed cyclic-ring torsional/out-of-plane deformation / ring-site C-H out-of-plane bending cyclic-ring torsional/out-of-plane deformation 59.25%; ring-site C-H out-of-plane bending 17.93%; ring-site N-H out-of-plane bending 10.65%; C-H bending 5.29%
   11      350.74          --                 --  C-O torsion                                                    C-O torsion 71.36%; C-C-C bending 11.88%; C-H bending 4.46%; ring-site C-H out-of-plane bending 4.23%
   12      406.64          --                 --  mixed C-C-C bending / C-H bending                              C-C-C bending 45.81%; C-H bending 14.89%; C-C-O bending 8.51%; ring-site C-H out-of-plane bending 8.24%
   13      436.63          --                 --  mixed ring-site C-H out-of-plane bending / C-C-O bending / ring-site N-H out-of-plane bending ring-site C-H out-of-plane bending 31.16%; C-C-O bending 19.25%; ring-site N-H out-of-plane bending 16.52%; cyclic-ring torsional/out-of-plane deformation 9.88%
   14      484.44          --                 --  mixed ring-site N-H out-of-plane bending / ring-site C-H out-of-plane bending ring-site N-H out-of-plane bending 53.67%; ring-site C-H out-of-plane bending 45.95%
   15      633.15          --                 --  mixed cyclic-ring torsional/out-of-plane deformation / ring-site C-H out-of-plane bending / mixed-phase exocyclic C-C stretching cyclic-ring torsional/out-of-plane deformation 22.63%; ring-site C-H out-of-plane bending 21.35%; mixed-phase exocyclic C-C stretching 18.12%; cyclic-ring deformation (C-C-N bend) 12.10%
   16      661.63          --                 --  mixed ring-site N-H out-of-plane bending / ring-site C-H out-of-plane bending ring-site N-H out-of-plane bending 49.64%; ring-site C-H out-of-plane bending 36.65%; exocyclic C-C stretching 4.07%; cyclic-ring deformation (C-C-N bend) 2.85%
   17      701.63          --                 --  mixed ring-site N-H out-of-plane bending / in-phase exocyclic C-C stretching / cyclic-ring torsional/out-of-plane deformation ring-site N-H out-of-plane bending 34.53%; in-phase exocyclic C-C stretching 23.48%; cyclic-ring torsional/out-of-plane deformation 18.82%; cyclic C-C stretching 9.78%
   18      777.30          --                 --  mixed C-C-O bending / cyclic-ring torsional/out-of-plane deformation C-C-O bending 25.80%; cyclic-ring torsional/out-of-plane deformation 19.24%; ring-site C-H out-of-plane bending 14.92%; exocyclic C-C stretching 9.53%
   19      790.84          --                 --  ring-site C-H out-of-plane bending                             ring-site C-H out-of-plane bending 96.62%; cyclic-ring torsional/out-of-plane deformation 2.36%
   20      936.45          --                 --  mixed C-H bending / cyclic-ring deformation (C-C-N bend) / mixed-phase cyclic C-C stretching C-H bending 33.32%; cyclic-ring deformation (C-C-N bend) 19.23%; mixed-phase cyclic C-C stretching 16.78%; cyclic-ring deformation (N-N-C bend) 13.03%
   21      972.87          --                 --  mixed cyclic-ring deformation (N-N-C bend) / C-H bending       cyclic-ring deformation (N-N-C bend) 37.80%; C-H bending 28.15%; C-O stretching 9.61%; O-H bending 6.83%
   22     1011.49          --                 --  mixed C-H bending / cyclic-ring deformation (C-C-N bend)       C-H bending 53.19%; cyclic-ring deformation (C-C-N bend) 19.48%; ring-site C-H in-plane bending 9.59%; cyclic C-C stretching 8.18%
   23     1018.95          --                 --  mixed C-O stretching / C-H bending                             C-O stretching 61.31%; C-H bending 17.71%; cyclic N-N stretching 4.97%; C-C-O bending 4.02%
   24     1066.96          --                 --  C-H bending                                                    C-H bending 92.03%; cyclic-ring torsional/out-of-plane deformation 4.87%; ring-site C-H out-of-plane bending 2.07%
   25     1081.07          --                 --  mixed cyclic N-N stretching / mixed-phase cyclic C-N stretching / ring-site C-H in-plane bending cyclic N-N stretching 31.88%; mixed-phase cyclic C-N stretching 30.77%; ring-site C-H in-plane bending 21.60%; C-H bending 5.21%
   26     1150.61          --                 --  mixed C-H bending / cyclic N-N stretching / cyclic-ring deformation (C-C-N bend) C-H bending 20.51%; cyclic N-N stretching 16.76%; cyclic-ring deformation (C-C-N bend) 16.73%; cyclic-ring deformation (N-N-C bend) 14.05%
   27     1208.37          --                 --  mixed C-H bending / O-H bending                                C-H bending 50.54%; O-H bending 23.23%; cyclic-ring deformation (C-C-N bend) 8.83%; mixed-phase exocyclic C-C stretching 4.05%
   28     1225.09          --                 --  mixed cyclic N-N stretching / cyclic C-N stretching / opposite-phase exocyclic C-C stretching cyclic N-N stretching 28.96%; cyclic C-N stretching 23.86%; opposite-phase exocyclic C-C stretching 20.35%; C-H bending 12.89%
   29     1317.71          --                 --  mixed ring-site C-H in-plane bending / cyclic C-N stretching   ring-site C-H in-plane bending 37.24%; cyclic C-N stretching 23.18%; exocyclic C-C stretching 9.18%; C-H bending 7.30%
   30     1356.88          --                 --  mixed C-H bending / O-H bending                                C-H bending 62.74%; O-H bending 17.22%; cyclic C-N stretching 10.66%; opposite-phase cyclic C-C stretching 3.51%
   31     1405.52          --                 --  mixed C-H bending / opposite-phase cyclic C-C stretching       C-H bending 48.09%; opposite-phase cyclic C-C stretching 24.61%; cyclic C-N stretching 13.79%; cyclic-ring deformation (N-N-C bend) 5.97%
   32     1418.94          --                 --  mixed C-H bending / O-H bending                                C-H bending 59.98%; O-H bending 16.40%; cyclic C-N stretching 14.65%; cyclic C-C stretching 2.27%
   33     1428.05          --                 --  C-H bending                                                    C-H bending 94.08%; exocyclic C-C stretching 4.22%
   34     1467.77          --                 --  mixed ring-site N-H in-plane bending / C-H bending / in-phase cyclic C-N stretching ring-site N-H in-plane bending 22.40%; C-H bending 18.51%; in-phase cyclic C-N stretching 16.90%; exocyclic C-C stretching 14.41%
   35     1487.03          --                 --  C-H bending                                                    C-H bending 97.49%
   36     1493.50          --                 --  mixed C-H bending / ring-site N-H in-plane bending             C-H bending 53.49%; ring-site N-H in-plane bending 18.07%; opposite-phase cyclic C-N stretching 13.73%; cyclic-ring deformation (C-C-N bend) 4.06%
   37     1502.05          --                 --  C-H bending                                                    C-H bending 92.53%; exocyclic C-C stretching 2.77%
   38     1515.00          --                 --  mixed C-H bending / cyclic C-C stretching                      C-H bending 65.54%; cyclic C-C stretching 10.47%; mixed-phase cyclic C-N stretching 6.24%; in-phase exocyclic C-C stretching 5.65%
   39     1608.43          --                 --  mixed cyclic C-C stretching / cyclic C-N stretching            cyclic C-C stretching 44.80%; cyclic C-N stretching 13.89%; exocyclic C-C stretching 10.45%; C-C-C bending 9.66%
   40     3029.90          --                 --  C-H stretching                                                 C-H stretching 99.68%
   41     3033.32          --                 --  C-H stretching                                                 C-H stretching 99.41%
   42     3079.89          --                 --  mixed-phase C-H stretching                                     mixed-phase C-H stretching 99.58%
   43     3091.10          --                 --  mixed-phase C-H stretching                                     mixed-phase C-H stretching 99.33%
   44     3105.49          --                 --  mixed-phase C-H stretching                                     mixed-phase C-H stretching 99.59%
   45     3251.60          --                 --  ring-site C-H stretching                                       ring-site C-H stretching 98.14%
   46     3662.38          --                 --  ring-site N-H stretching                                       ring-site N-H stretching 99.32%
   47     3800.56          --                 --  O-H stretching                                                 O-H stretching 99.92%

# Selected internal-coordinate set:
#   1  nu(N5-C6)
#   2  nu(C1-C2)
#   3  nu(C3-H12)
#   4  nu(N4-H13)
#   5  nu(C7-O8)
#   6  nu(C7-H14)
#   7  nu(O8-H16)
#   8  nu(C1-H10)
#   9  nu(C7-H15)
#  10  nu(C1-H11)
#  11  tau(H12-C3-N4-H13)
#  12  nu(N4-N5)
#  13  tau(C3-C2-C6-N5)
#  14  nu(C1-H9)
#  15  delta(C2-C3-H12)
#  16  tau(H14-C7-O8-H16)
#  17  nu(C2-C6)
#  18  tau(C1-C2-C6-N5)
#  19  delta(O8-C7-H15)
#  20  tau(H12-C3-N4-N5)
#  21  delta(N5-N4-H13)
#  22  delta(H9-C1-H11)
#  23  delta(H10-C1-H11)
#  24  delta(H9-C1-H10)
#  25  delta(O8-C7-H14)
#  26  delta(H14-C7-H15)
#  27  nu(C2-C3)
#  28  delta(C7-O8-H16)
#  29  delta(N4-N5-C6)
#  30  delta(C2-C1-H10)
#  31  tau(C3-C2-C6-C7)
#  32  delta(C6-C7-H15)
#  33  nu(C3-N4)
#  34  nu(C6-C7)
#  35  delta(C2-C1-H11)
#  36  delta(C1-C2-C6)
#  37  tau(H13-N4-N5-C6)
#  38  tau(H10-C1-C2-C6)
#  39  delta(C2-C3-N4)
#  40  delta(C6-C7-O8)
#  41  delta(C2-C6-C7)
#  42  tau(C2-C6-C7-H15)

Wrote: /local/scratch/mv487/qm9s/experiment_1_phase2/ped/19014/19014_summary.csv
Wrote: /local/scratch/mv487/qm9s/experiment_1_phase2/ped/19014/19014_families.csv
Wrote: /local/scratch/mv487/qm9s/experiment_1_phase2/ped/19014/19014_ped.csv
Wrote: /local/scratch/mv487/qm9s/experiment_1_phase2/ped/19014/19014_ir_transitions.csv

# All generated files are in: /local/scratch/mv487/qm9s/experiment_1_phase2/ped/19014
# Manifest: /local/scratch/mv487/qm9s/experiment_1_phase2/ped/19014/19014_manifest.txt

--- stderr ---
Normal modes/frequencies absent or incomplete: diagonalizing Hessian.
