# Contact: romi@lens.unifi.it
# Manual: https://github.com/SebRoLENS/orca-ped-analyzer/blob/main/docs/ORCA_PED_Analyzer_Manual.md
# Check GitHub for updates and new releases: https://github.com/SebRoLENS/orca-ped-analyzer
#
# Molecule: 21 atoms | non-linear
# Bonds inferred: 24 | candidate ICs: 291 | selected ICs: 57
# Cartesian-Hessian reconstruction relative error: 4.693e-05
# Energy distribution: PED (PED is the backward-compatible default; TED includes kinetic-energy terms)
# Ring/cycle bonds detected: 12 | ring atoms: 9 | ring systems: 1
# VPT2: no matching .out file supplied/found -> harmonic/PED analysis only
#
 Mode   Harm/cm-1   VPT2/cm-1  Harm.Int/km mol-1  Assignment                                                     Grouped PED
------------------------------------------------------------------------------------------------------------------------------------------------------------------------------------------------
    6      161.14          --                 --  mixed cyclic-ring torsional/out-of-plane deformation / ring-site C-H out-of-plane bending cyclic-ring torsional/out-of-plane deformation 52.34%; ring-site C-H out-of-plane bending 40.94%; cyclic-ring deformation (C-C-C bend) 6.40%
    7      231.51          --                 --  ring-site C-H out-of-plane bending                             ring-site C-H out-of-plane bending 81.63%; cyclic-ring deformation (C-C-C bend) 13.66%; cyclic-ring torsional/out-of-plane deformation 2.50%
    8      252.35          --                 --  mixed ring-site C-H out-of-plane bending / cyclic-ring torsional/out-of-plane deformation ring-site C-H out-of-plane bending 61.75%; cyclic-ring torsional/out-of-plane deformation 24.62%; ring-site C-H in-plane bending 5.46%; cyclic-ring deformation (C-C-C bend) 5.35%
    9      420.96          --                 --  mixed ring-site C-H out-of-plane bending / cyclic-ring deformation (C-C-C bend) ring-site C-H out-of-plane bending 68.69%; cyclic-ring deformation (C-C-C bend) 14.20%; cyclic-ring torsional/out-of-plane deformation 10.03%; ring-site C-H in-plane bending 4.22%
   10      454.47          --                 --  mixed ring-site C-H out-of-plane bending / cyclic-ring deformation (C-C-C bend) ring-site C-H out-of-plane bending 64.98%; cyclic-ring deformation (C-C-C bend) 14.27%; mixed-phase cyclic C-C stretching 10.03%; ring-site C-H in-plane bending 8.23%
   11      477.76          --                 --  mixed ring-site C-H out-of-plane bending / cyclic-ring deformation (C-C-C bend) / cyclic-ring torsional/out-of-plane deformation ring-site C-H out-of-plane bending 44.08%; cyclic-ring deformation (C-C-C bend) 19.15%; cyclic-ring torsional/out-of-plane deformation 15.86%; ring-site C-H in-plane bending 11.26%
   12      572.36          --                 --  mixed ring-site C-H out-of-plane bending / mixed-phase cyclic C-C stretching ring-site C-H out-of-plane bending 63.82%; mixed-phase cyclic C-C stretching 11.92%; cyclic-ring deformation (C-C-C bend) 8.61%; C-C out-of-plane bending 5.27%
   13      678.52          --                 --  mixed cyclic-ring deformation (C-C-C bend) / ring-site C-H out-of-plane bending cyclic-ring deformation (C-C-C bend) 44.08%; ring-site C-H out-of-plane bending 33.37%; mixed-phase cyclic C-C stretching 12.85%; ring-site C-H in-plane bending 4.90%
   14      730.17          --                 --  mixed mixed-phase cyclic C-C stretching / ring-site C-H out-of-plane bending mixed-phase cyclic C-C stretching 62.88%; ring-site C-H out-of-plane bending 22.14%; ring-site C-H in-plane bending 6.20%; cyclic-ring torsional/out-of-plane deformation 3.24%
   15      778.27          --                 --  ring-site C-H out-of-plane bending                             ring-site C-H out-of-plane bending 79.40%; cyclic-ring out-of-plane deformation 14.00%; mixed-phase cyclic C-C stretching 4.31%
   16      800.57          --                 --  mixed ring-site C-H out-of-plane bending / mixed-phase cyclic C-C stretching ring-site C-H out-of-plane bending 52.87%; mixed-phase cyclic C-C stretching 24.33%; cyclic-ring out-of-plane deformation 12.36%; ring-site C-H in-plane bending 6.43%
   17      820.65          --                 --  mixed mixed-phase cyclic C-C stretching / ring-site C-H out-of-plane bending mixed-phase cyclic C-C stretching 50.51%; ring-site C-H out-of-plane bending 22.05%; ring-site C-H in-plane bending 14.42%; cyclic-ring deformation (C-C-C bend) 9.43%
   18      829.02          --                 --  mixed mixed-phase cyclic C-C stretching / cyclic-ring deformation (C-C-C bend) mixed-phase cyclic C-C stretching 44.55%; cyclic-ring deformation (C-C-C bend) 30.39%; ring-site C-H in-plane bending 11.51%; ring-site C-H out-of-plane bending 7.85%
   19      871.42          --                 --  mixed mixed-phase cyclic C-C stretching / ring-site C-H in-plane bending / ring-site C-H out-of-plane bending mixed-phase cyclic C-C stretching 38.86%; ring-site C-H in-plane bending 34.61%; ring-site C-H out-of-plane bending 21.13%; cyclic-ring deformation (C-C-C bend) 2.41%
   20      907.57          --                 --  mixed in-phase cyclic C-C stretching / ring-site C-H out-of-plane bending / ring-site C-H in-plane bending in-phase cyclic C-C stretching 46.88%; ring-site C-H out-of-plane bending 23.38%; ring-site C-H in-plane bending 16.59%; cyclic-ring deformation (C-C-C bend) 10.97%
   21      912.15          --                 --  mixed ring-site C-H out-of-plane bending / mixed-phase cyclic C-C stretching ring-site C-H out-of-plane bending 35.25%; mixed-phase cyclic C-C stretching 34.10%; cyclic-ring deformation (C-C-C bend) 10.72%; cyclic-ring out-of-plane deformation 8.49%
   22      922.15          --                 --  mixed mixed-phase cyclic C-C stretching / ring-site C-H in-plane bending / cyclic-ring deformation (C-C-C bend) mixed-phase cyclic C-C stretching 31.56%; ring-site C-H in-plane bending 26.44%; cyclic-ring deformation (C-C-C bend) 25.38%; ring-site C-H out-of-plane bending 12.19%
   23      937.78          --                 --  mixed ring-site C-H out-of-plane bending / ring-site C-H in-plane bending ring-site C-H out-of-plane bending 48.25%; ring-site C-H in-plane bending 38.80%; mixed-phase cyclic C-C stretching 7.21%; cyclic-ring deformation (C-C-C bend) 4.76%
   24      951.52          --                 --  mixed ring-site C-H in-plane bending / mixed-phase cyclic C-C stretching ring-site C-H in-plane bending 27.13%; mixed-phase cyclic C-C stretching 25.00%; ring-site C-H out-of-plane bending 13.09%; cyclic-ring deformation (C-C-C bend) 13.03%
   25      973.39          --                 --  mixed mixed-phase cyclic C-C stretching / cyclic-ring out-of-plane deformation / ring-site C-H in-plane bending mixed-phase cyclic C-C stretching 37.36%; cyclic-ring out-of-plane deformation 18.63%; ring-site C-H in-plane bending 15.47%; ring-site C-H out-of-plane bending 12.53%
   26      982.52          --                 --  mixed ring-site C-H in-plane bending / ring-site C-H out-of-plane bending ring-site C-H in-plane bending 51.63%; ring-site C-H out-of-plane bending 28.21%; mixed-phase cyclic C-C stretching 7.75%; cyclic-ring deformation (C-C-C bend) 6.41%
   27      992.93          --                 --  mixed ring-site C-H in-plane bending / mixed-phase cyclic C-C stretching / ring-site C-H out-of-plane bending ring-site C-H in-plane bending 32.32%; mixed-phase cyclic C-C stretching 31.81%; ring-site C-H out-of-plane bending 20.68%; cyclic-ring torsional/out-of-plane deformation 8.57%
   28     1006.12          --                 --  mixed cyclic C-C stretching / ring-site C-H out-of-plane bending cyclic C-C stretching 54.62%; ring-site C-H out-of-plane bending 14.75%; ring-site C-H in-plane bending 13.29%; cyclic-ring deformation (C-C-C bend) 7.46%
   29     1038.32          --                 --  mixed ring-site C-H out-of-plane bending / C-C out-of-plane bending ring-site C-H out-of-plane bending 47.63%; C-C out-of-plane bending 43.48%; cyclic-ring out-of-plane deformation 4.31%; ring-site C-H in-plane bending 2.55%
   30     1047.23          --                 --  mixed ring-site C-H in-plane bending / ring-site C-H out-of-plane bending ring-site C-H in-plane bending 43.10%; ring-site C-H out-of-plane bending 26.96%; C-C out-of-plane bending 11.11%; cyclic-ring deformation (C-C-C bend) 6.08%
   31     1065.01          --                 --  mixed ring-site C-H in-plane bending / ring-site C-H out-of-plane bending ring-site C-H in-plane bending 37.89%; ring-site C-H out-of-plane bending 31.99%; mixed-phase cyclic C-C stretching 11.02%; cyclic-ring deformation (C-C-C bend) 9.51%
   32     1074.66          --                 --  mixed C-C out-of-plane bending / ring-site C-H out-of-plane bending C-C out-of-plane bending 58.14%; ring-site C-H out-of-plane bending 31.41%; cyclic-ring out-of-plane deformation 7.27%; ring-site C-H in-plane bending 2.59%
   33     1090.55          --                 --  mixed ring-site C-H in-plane bending / ring-site C-H out-of-plane bending ring-site C-H in-plane bending 52.86%; ring-site C-H out-of-plane bending 38.67%; cyclic-ring deformation (C-C-C bend) 5.42%
   34     1146.33          --                 --  mixed ring-site C-H in-plane bending / ring-site C-H out-of-plane bending ring-site C-H in-plane bending 56.03%; ring-site C-H out-of-plane bending 29.27%; cyclic C-C stretching 11.44%
   35     1153.02          --                 --  mixed ring-site C-H in-plane bending / mixed-phase cyclic C-C stretching / ring-site C-H out-of-plane bending ring-site C-H in-plane bending 42.82%; mixed-phase cyclic C-C stretching 25.07%; ring-site C-H out-of-plane bending 15.56%; cyclic-ring deformation (C-C-C bend) 9.61%
   36     1183.37          --                 --  mixed ring-site C-H out-of-plane bending / ring-site C-H in-plane bending ring-site C-H out-of-plane bending 56.95%; ring-site C-H in-plane bending 25.97%; cyclic-ring out-of-plane deformation 12.12%; cyclic C-C stretching 2.32%
   37     1183.45          --                 --  ring-site C-H out-of-plane bending                             ring-site C-H out-of-plane bending 72.34%; cyclic-ring out-of-plane deformation 19.32%; ring-site C-H in-plane bending 6.45%
   38     1197.37          --                 --  mixed ring-site C-H in-plane bending / ring-site C-H out-of-plane bending / mixed-phase cyclic C-C stretching ring-site C-H in-plane bending 46.95%; ring-site C-H out-of-plane bending 18.23%; mixed-phase cyclic C-C stretching 16.84%; cyclic-ring torsional/out-of-plane deformation 6.47%
   39     1217.89          --                 --  mixed ring-site C-H in-plane bending / ring-site C-H out-of-plane bending ring-site C-H in-plane bending 59.73%; ring-site C-H out-of-plane bending 23.71%; cyclic-ring deformation (C-C-C bend) 7.05%; opposite-phase cyclic C-C stretching 6.99%
   40     1231.11          --                 --  mixed ring-site C-H in-plane bending / mixed-phase cyclic C-C stretching ring-site C-H in-plane bending 52.21%; mixed-phase cyclic C-C stretching 23.18%; cyclic-ring deformation (C-C-C bend) 13.36%; ring-site C-H out-of-plane bending 7.17%
   41     1237.99          --                 --  mixed ring-site C-H in-plane bending / mixed-phase cyclic C-C stretching ring-site C-H in-plane bending 67.05%; mixed-phase cyclic C-C stretching 12.68%; ring-site C-H out-of-plane bending 9.83%; cyclic-ring deformation (C-C-C bend) 8.92%
   42     1257.56          --                 --  mixed ring-site C-H in-plane bending / ring-site C-H out-of-plane bending ring-site C-H in-plane bending 57.56%; ring-site C-H out-of-plane bending 21.71%; opposite-phase cyclic C-C stretching 10.62%; cyclic-ring deformation (C-C-C bend) 5.96%
   43     1277.90          --                 --  mixed ring-site C-H out-of-plane bending / ring-site C-H in-plane bending / mixed-phase cyclic C-C stretching ring-site C-H out-of-plane bending 36.50%; ring-site C-H in-plane bending 26.45%; mixed-phase cyclic C-C stretching 26.40%; cyclic-ring deformation (C-C-C bend) 7.46%
   44     1297.24          --                 --  mixed ring-site C-H in-plane bending / mixed-phase cyclic C-C stretching ring-site C-H in-plane bending 58.64%; mixed-phase cyclic C-C stretching 17.31%; ring-site C-H out-of-plane bending 15.10%; cyclic-ring deformation (C-C-C bend) 6.75%
   45     1315.48          --                 --  mixed ring-site C-H in-plane bending / mixed-phase cyclic C-C stretching ring-site C-H in-plane bending 65.78%; mixed-phase cyclic C-C stretching 20.66%; ring-site C-H out-of-plane bending 7.84%; cyclic-ring deformation (C-C-C bend) 3.80%
   46     1407.36          --                 --  mixed mixed-phase cyclic C-C stretching / C-H bending          mixed-phase cyclic C-C stretching 42.72%; C-H bending 26.66%; ring-site C-H out-of-plane bending 13.34%; ring-site C-H in-plane bending 12.71%
   47     1466.56          --                 --  mixed C-H bending / ring-site C-H out-of-plane bending         C-H bending 54.46%; ring-site C-H out-of-plane bending 30.99%; ring-site C-H in-plane bending 10.40%; cyclic-ring out-of-plane deformation 3.35%
   48     1496.55          --                 --  C-H bending                                                    C-H bending 77.69%; ring-site C-H in-plane bending 11.35%; ring-site C-H out-of-plane bending 9.88%
   49     1511.17          --                 --  mixed C-H bending / ring-site C-H out-of-plane bending         C-H bending 55.15%; ring-site C-H out-of-plane bending 25.31%; ring-site C-H in-plane bending 9.70%; in-phase cyclic C-C stretching 7.14%
   50     1518.00          --                 --  C-H bending                                                    C-H bending 73.92%; ring-site C-H in-plane bending 13.07%; ring-site C-H out-of-plane bending 9.78%; cyclic C-C stretching 2.29%
   51     3033.34          --                 --  ring-site C-H stretching                                       ring-site C-H stretching 99.22%
   52     3049.70          --                 --  in-phase ring-site C-H stretching                              in-phase ring-site C-H stretching 98.69%
   53     3086.15          --                 --  mixed-phase ring-site C-H stretching                           mixed-phase ring-site C-H stretching 98.91%
   54     3093.75          --                 --  opposite-phase ring-site C-H stretching                        opposite-phase ring-site C-H stretching 99.16%
   55     3107.57          --                 --  mixed-phase ring-site C-H stretching                           mixed-phase ring-site C-H stretching 99.02%
   56     3108.86          --                 --  mixed-phase ring-site C-H stretching                           mixed-phase ring-site C-H stretching 98.77%
   57     3111.92          --                 --  mixed-phase ring-site C-H stretching                           mixed-phase ring-site C-H stretching 99.50%
   58     3115.08          --                 --  in-phase ring-site C-H stretching                              in-phase ring-site C-H stretching 98.90%
   59     3116.17          --                 --  mixed-phase ring-site C-H stretching                           mixed-phase ring-site C-H stretching 99.07%
   60     3126.80          --                 --  ring-site C-H stretching                                       ring-site C-H stretching 98.65%
   61     3185.15          --                 --  mixed-phase ring-site C-H stretching                           mixed-phase ring-site C-H stretching 98.64%
   62     3199.15          --                 --  mixed-phase ring-site C-H stretching                           mixed-phase ring-site C-H stretching 99.28%

# Selected internal-coordinate set:
#   1  nu(C1-C3)
#   2  nu(C2-H12)
#   3  nu(C4-C5)
#   4  nu(C6-C7)
#   5  nu(C8-C9)
#   6  nu(C7-C8)
#   7  nu(C6-C9)
#   8  nu(C5-C6)
#   9  nu(C4-C8)
#  10  nu(C2-H13)
#  11  nu(C1-H10)
#  12  nu(C7-H19)
#  13  nu(C5-H16)
#  14  gamma(H11;C1,C3,H10)
#  15  gamma(C3;C2,H12,H13)
#  16  nu(C3-C4)
#  17  nu(C9-H21)
#  18  nu(C5-H15)
#  19  nu(C7-H18)
#  20  nu(C1-H11)
#  21  nu(C8-H20)
#  22  nu(C6-H17)
#  23  delta(H12-C2-H13)
#  24  nu(C4-H14)
#  25  delta(C8-C9-H21)
#  26  delta(C6-C9-H21)
#  27  tau(H11-C1-C3-C4)
#  28  delta(H15-C5-H16)
#  29  delta(H18-C7-H19)
#  30  delta(C3-C1-H10)
#  31  tau(H14-C4-C5-C6)
#  32  delta(C7-C6-H17)
#  33  tau(C5-C4-C8-H20)
#  34  delta(C5-C4-H14)
#  35  delta(C6-C7-H18)
#  36  delta(C4-C5-H16)
#  37  gamma(C2;C1,C3,H10)
#  38  delta(C8-C7-H18)
#  39  delta(C4-C8-H20)
#  40  delta(C6-C5-H16)
#  41  tau(H11-C1-C2-H13)
#  42  tau(H17-C6-C7-C8)
#  43  tau(H12-C2-C3-C4)
#  44  tau(H19-C7-C8-C4)
#  45  delta(C6-C5-H15)
#  46  nu(C1-C2)
#  47  nu(C3-C9)
#  48  tau(C5-C6-C7-H19)
#  49  delta(C4-C8-C7)
#  50  delta(C3-C2-H13)
#  51  delta(C4-C5-C6)
#  52  tau(H13-C2-C3-C9)
#  53  tau(C4-C5-C6-C9)
#  54  delta(C3-C9-C6)
#  55  gamma(C2;C1,C3,H11)
#  56  delta(C1-C3-C4)
#  57  tau(C2-C3-C4-C5)

Wrote: /local/scratch/mv487/qm9s/experiment_1_phase2/ped/36512/36512_summary.csv
Wrote: /local/scratch/mv487/qm9s/experiment_1_phase2/ped/36512/36512_families.csv
Wrote: /local/scratch/mv487/qm9s/experiment_1_phase2/ped/36512/36512_ped.csv
Wrote: /local/scratch/mv487/qm9s/experiment_1_phase2/ped/36512/36512_ir_transitions.csv

# All generated files are in: /local/scratch/mv487/qm9s/experiment_1_phase2/ped/36512
# Manifest: /local/scratch/mv487/qm9s/experiment_1_phase2/ped/36512/36512_manifest.txt

--- stderr ---
Normal modes/frequencies absent or incomplete: diagonalizing Hessian.
