# Contact: romi@lens.unifi.it
# Manual: https://github.com/SebRoLENS/orca-ped-analyzer/blob/main/docs/ORCA_PED_Analyzer_Manual.md
# Check GitHub for updates and new releases: https://github.com/SebRoLENS/orca-ped-analyzer
#
# Molecule: 24 atoms | non-linear
# Bonds inferred: 24 | candidate ICs: 220 | selected ICs: 66
# Cartesian-Hessian reconstruction relative error: 2.822e-05
# Energy distribution: PED (PED is the backward-compatible default; TED includes kinetic-energy terms)
# Ring/cycle bonds detected: 3 | ring atoms: 3 | ring systems: 1
# VPT2: no matching .out file supplied/found -> harmonic/PED analysis only
#
 Mode   Harm/cm-1   VPT2/cm-1  Harm.Int/km mol-1  Assignment                                                     Grouped PED
------------------------------------------------------------------------------------------------------------------------------------------------------------------------------------------------
    6       60.74          --                 --  C-C torsion                                                    C-C torsion 71.45%; C-N torsion 11.12%; cyclic-ring torsional/out-of-plane deformation 9.33%; C-C-C bending 2.50%
    7       84.69          --                 --  C-C torsion                                                    C-C torsion 95.71%; C-N torsion 2.48%
    8       90.72          --                 --  C-C torsion                                                    C-C torsion 82.39%; C-N-C bending 3.61%; C-C-C bending 3.17%; C-C out-of-plane bending 2.75%
    9      126.84          --                 --  mixed C-C torsion / C-N-C bending                              C-C torsion 65.68%; C-N-C bending 8.45%; C-C-N bending 5.80%; cyclic-ring torsional/out-of-plane deformation 4.67%
   10      189.93          --                 --  mixed C-C torsion / cyclic-ring torsional/out-of-plane deformation C-C torsion 68.05%; cyclic-ring torsional/out-of-plane deformation 13.90%; C-C-C bending 6.18%; C-C-O bending 4.92%
   11      198.09          --                 --  mixed C-C torsion / cyclic-ring torsional/out-of-plane deformation C-C torsion 61.36%; cyclic-ring torsional/out-of-plane deformation 8.01%; C-C-N bending 6.93%; C-H bending 5.77%
   12      236.31          --                 --  C-C torsion                                                    C-C torsion 99.66%
   13      280.03          --                 --  mixed cyclic-ring torsional/out-of-plane deformation / C-C torsion cyclic-ring torsional/out-of-plane deformation 29.31%; C-C torsion 19.47%; ring-site C-H out-of-plane bending 11.70%; C-C-C bending 10.48%
   14      296.81          --                 --  mixed C-O torsion / C-C-C bending / cyclic-ring torsional/out-of-plane deformation C-O torsion 20.87%; C-C-C bending 19.92%; cyclic-ring torsional/out-of-plane deformation 16.17%; C-C out-of-plane bending 9.32%
   15      321.94          --                 --  mixed C-C torsion / cyclic-ring torsional/out-of-plane deformation C-C torsion 31.91%; cyclic-ring torsional/out-of-plane deformation 19.20%; C-C out-of-plane bending 10.41%; C-H bending 7.90%
   16      328.00          --                 --  mixed C-C-C bending / C-O torsion                              C-C-C bending 29.18%; C-O torsion 15.42%; C-C out-of-plane bending 10.07%; C-C-O bending 9.64%
   17      394.67          --                 --  mixed C-C-C bending / C-C out-of-plane bending                 C-C-C bending 38.14%; C-C out-of-plane bending 30.89%; C-O torsion 14.35%; C-H bending 4.25%
   18      414.62          --                 --  mixed C-C-C bending / C-C torsion                              C-C-C bending 50.34%; C-C torsion 12.83%; C-H bending 7.73%; C-C out-of-plane bending 7.61%
   19      466.03          --                 --  mixed cyclic-ring torsional/out-of-plane deformation / ring-site C-H out-of-plane bending / C-C torsion cyclic-ring torsional/out-of-plane deformation 28.28%; ring-site C-H out-of-plane bending 20.37%; C-C torsion 17.80%; C-N-C bending 13.10%
   20      609.28          --                 --  mixed cyclic-ring torsional/out-of-plane deformation / C-H bending cyclic-ring torsional/out-of-plane deformation 17.87%; C-H bending 14.88%; C-C-O bending 13.79%; C-C out-of-plane bending 10.41%
   21      703.17          --                 --  mixed cyclic C-C stretching / exocyclic C-C stretching / cyclic C-N stretching cyclic C-C stretching 26.90%; exocyclic C-C stretching 22.88%; cyclic C-N stretching 20.70%; C-C-O bending 6.62%
   22      765.29          --                 --  mixed C-C torsion / C-H bending                                C-C torsion 71.04%; C-H bending 28.76%
   23      821.02          --                 --  mixed cyclic-ring out-of-plane deformation / C-H bending       cyclic-ring out-of-plane deformation 25.02%; C-H bending 18.29%; exocyclic C-N stretching 8.26%; exocyclic C-C stretching 8.13%
   24      880.44          --                 --  mixed C-H bending / cyclic-ring out-of-plane deformation / cyclic C-N stretching C-H bending 28.83%; cyclic-ring out-of-plane deformation 20.07%; cyclic C-N stretching 19.86%; exocyclic C-C stretching 9.37%
   25      903.84          --                 --  C-H bending                                                    C-H bending 70.78%; C-C torsion 13.79%; C-C stretching 5.22%; cyclic-ring out-of-plane deformation 4.72%
   26      915.29          --                 --  mixed C-H bending / C-C torsion                                C-H bending 44.79%; C-C torsion 13.53%; C-C stretching 11.87%; cyclic-ring out-of-plane deformation 7.61%
   27      938.41          --                 --  mixed cyclic-ring out-of-plane deformation / C-H bending       cyclic-ring out-of-plane deformation 58.48%; C-H bending 28.68%; cyclic C-N stretching 3.66%; exocyclic C-C stretching 2.45%
   28      955.09          --                 --  mixed C-H bending / mixed-phase exocyclic C-C stretching / cyclic-ring out-of-plane deformation C-H bending 42.69%; mixed-phase exocyclic C-C stretching 15.97%; cyclic-ring out-of-plane deformation 15.53%; O-H bending 7.84%
   29      997.66          --                 --  mixed C-H bending / cyclic C-C stretching / exocyclic C-N stretching C-H bending 32.42%; cyclic C-C stretching 18.62%; exocyclic C-N stretching 16.95%; cyclic-ring out-of-plane deformation 9.66%
   30     1035.07          --                 --  mixed C-O stretching / mixed-phase C-C stretching              C-O stretching 62.77%; mixed-phase C-C stretching 11.51%; C-H bending 11.28%; O-H bending 4.48%
   31     1045.47          --                 --  mixed mixed-phase C-C stretching / C-O stretching              mixed-phase C-C stretching 64.56%; C-O stretching 18.40%; C-H bending 10.26%
   32     1073.29          --                 --  mixed ring-site C-H out-of-plane bending / cyclic-ring out-of-plane deformation / C-H bending ring-site C-H out-of-plane bending 42.41%; cyclic-ring out-of-plane deformation 17.26%; C-H bending 16.14%; cyclic C-N stretching 5.78%
   33     1094.32          --                 --  mixed C-H bending / cyclic-ring torsional/out-of-plane deformation C-H bending 65.00%; cyclic-ring torsional/out-of-plane deformation 9.57%; cyclic-ring out-of-plane deformation 8.38%; C-C out-of-plane bending 3.78%
   34     1118.64          --                 --  mixed cyclic-ring out-of-plane deformation / ring-site C-H out-of-plane bending cyclic-ring out-of-plane deformation 52.40%; ring-site C-H out-of-plane bending 38.93%; C-H bending 3.89%; cyclic C-C stretching 2.20%
   35     1129.93          --                 --  mixed C-H bending / C-C out-of-plane bending                   C-H bending 43.90%; C-C out-of-plane bending 18.80%; C-C torsion 14.36%; C-C stretching 12.85%
   36     1158.83          --                 --  mixed C-H bending / O-H bending                                C-H bending 50.52%; O-H bending 10.83%; exocyclic C-N stretching 8.19%; cyclic C-C stretching 5.82%
   37     1195.97          --                 --  mixed C-H bending / cyclic-ring out-of-plane deformation       C-H bending 67.65%; cyclic-ring out-of-plane deformation 8.48%; C-C torsion 7.06%; O-H bending 4.76%
   38     1212.69          --                 --  mixed C-H bending / exocyclic C-N stretching                   C-H bending 32.44%; exocyclic C-N stretching 18.55%; cyclic-ring out-of-plane deformation 9.32%; O-H bending 8.39%
   39     1280.71          --                 --  mixed C-H bending / C-C torsion                                C-H bending 61.41%; C-C torsion 35.34%
   40     1297.90          --                 --  mixed opposite-phase exocyclic C-C stretching / C-H bending / cyclic-ring out-of-plane deformation opposite-phase exocyclic C-C stretching 28.00%; C-H bending 20.89%; cyclic-ring out-of-plane deformation 17.79%; C-C-C bending 11.08%
   41     1329.57          --                 --  C-H bending                                                    C-H bending 71.36%; C-C out-of-plane bending 15.86%; C-C torsion 10.00%
   42     1338.09          --                 --  mixed C-H bending / C-C out-of-plane bending                   C-H bending 46.75%; C-C out-of-plane bending 40.85%; C-C torsion 10.23%
   43     1350.39          --                 --  mixed C-H bending / O-H bending                                C-H bending 64.99%; O-H bending 14.24%; cyclic C-C stretching 6.31%; C-C-C bending 3.15%
   44     1392.18          --                 --  mixed C-H bending / C-C out-of-plane bending                   C-H bending 62.69%; C-C out-of-plane bending 10.56%; cyclic C-C stretching 9.88%; C-C-C bending 4.41%
   45     1405.98          --                 --  mixed C-H bending / C-C out-of-plane bending                   C-H bending 55.32%; C-C out-of-plane bending 29.37%; mixed-phase C-C stretching 4.23%; O-H bending 3.15%
   46     1414.81          --                 --  mixed C-H bending / C-H out-of-plane bending                   C-H bending 59.67%; C-H out-of-plane bending 16.15%; C-C out-of-plane bending 9.89%; O-H bending 5.02%
   47     1420.12          --                 --  mixed C-H out-of-plane bending / C-H bending                   C-H out-of-plane bending 57.31%; C-H bending 40.04%
   48     1424.04          --                 --  C-H bending                                                    C-H bending 84.18%; C-C out-of-plane bending 4.81%; exocyclic C-C stretching 4.50%; C-H out-of-plane bending 2.98%
   49     1488.93          --                 --  C-H bending                                                    C-H bending 89.73%; C-C torsion 5.79%
   50     1494.45          --                 --  C-H bending                                                    C-H bending 88.81%; C-C torsion 7.03%
   51     1499.84          --                 --  mixed C-H bending / C-C torsion                                C-H bending 69.66%; C-C torsion 18.34%; C-H out-of-plane bending 6.58%; cyclic-ring out-of-plane deformation 2.18%
   52     1503.60          --                 --  C-C torsion                                                    C-C torsion 82.87%; C-H bending 16.46%
   53     1505.25          --                 --  C-H bending                                                    C-H bending 79.34%; C-C torsion 13.99%; C-H out-of-plane bending 3.79%
   54     1510.65          --                 --  C-H bending                                                    C-H bending 94.22%
   55     1513.43          --                 --  mixed C-H bending / C-C torsion                                C-H bending 55.28%; C-C torsion 35.70%; C-H out-of-plane bending 3.37%
   56     1521.37          --                 --  mixed C-H bending / C-C torsion                                C-H bending 49.46%; C-C torsion 39.81%; cyclic-ring out-of-plane deformation 3.47%; ring-site C-H out-of-plane bending 2.39%
   57     2955.54          --                 --  C-H stretching                                                 C-H stretching 99.37%
   58     3023.73          --                 --  C-H stretching                                                 C-H stretching 99.31%
   59     3025.10          --                 --  mixed-phase C-H stretching                                     mixed-phase C-H stretching 99.53%
   60     3026.40          --                 --  C-H stretching                                                 C-H stretching 99.39%
   61     3032.17          --                 --  C-H stretching                                                 C-H stretching 99.58%
   62     3040.99          --                 --  mixed-phase C-H stretching                                     mixed-phase C-H stretching 99.50%
   63     3062.09          --                 --  mixed-phase C-H stretching                                     mixed-phase C-H stretching 98.86%
   64     3072.45          --                 --  in-phase ring-site C-H stretching                              in-phase ring-site C-H stretching 98.60%
   65     3079.96          --                 --  mixed-phase C-H stretching                                     mixed-phase C-H stretching 99.00%
   66     3087.15          --                 --  mixed-phase C-H stretching                                     mixed-phase C-H stretching 99.56%
   67     3092.96          --                 --  mixed-phase C-H stretching                                     mixed-phase C-H stretching 99.27%
   68     3095.32          --                 --  mixed-phase C-H stretching                                     mixed-phase C-H stretching 99.23%
   69     3122.50          --                 --  mixed-phase C-H stretching                                     mixed-phase C-H stretching 99.00%
   70     3151.38          --                 --  opposite-phase ring-site C-H stretching                        opposite-phase ring-site C-H stretching 99.14%
   71     3800.38          --                 --  O-H stretching                                                 O-H stretching 99.92%

# Selected internal-coordinate set:
#   1  nu(N4-C5)
#   2  nu(C1-H11)
#   3  nu(C2-C3)
#   4  nu(C6-C7)
#   5  nu(C8-H22)
#   6  nu(O9-H24)
#   7  nu(C1-H12)
#   8  nu(C8-H23)
#   9  nu(C2-H13)
#  10  nu(C3-H15)
#  11  nu(C7-H21)
#  12  nu(C5-H17)
#  13  nu(C1-H10)
#  14  nu(C2-H14)
#  15  nu(C3-H16)
#  16  nu(C7-H20)
#  17  gamma(N4;C5,C6,H18)
#  18  nu(C8-O9)
#  19  nu(C7-H19)
#  20  tau(H22-C8-O9-H24)
#  21  nu(C5-H18)
#  22  gamma(C8;C6,N4,C7)
#  23  delta(C3-N4-C6)
#  24  tau(H13-C2-C3-H15)
#  25  gamma(H11;C1,H10,H12)
#  26  gamma(C6;C5,N4,H17)
#  27  tau(H14-C2-C3-H16)
#  28  delta(O9-C8-H23)
#  29  delta(H10-C1-H12)
#  30  delta(H20-C7-H21)
#  31  delta(H19-C7-H20)
#  32  delta(H17-C5-H18)
#  33  delta(H19-C7-H21)
#  34  delta(C2-C3-H15)
#  35  delta(O9-C8-H22)
#  36  delta(C2-C3-H16)
#  37  delta(H22-C8-H23)
#  38  gamma(C3;C2,H13,H14)
#  39  tau(H17-C5-C6-C7)
#  40  delta(C8-O9-H24)
#  41  tau(H11-C1-C2-C3)
#  42  tau(H12-C1-C2-H14)
#  43  delta(C2-C1-H12)
#  44  gamma(C6;C5,N4,H18)
#  45  delta(C6-C7-H21)
#  46  delta(C6-C8-H23)
#  47  tau(H10-C1-C2-H13)
#  48  nu(C6-C8)
#  49  delta(C2-C1-H11)
#  50  nu(C1-C2)
#  51  tau(C3-N4-C6-C8)
#  52  delta(C6-C7-H20)
#  53  nu(C5-C6)
#  54  nu(C3-N4)
#  55  delta(C1-C2-H13)
#  56  delta(C3-C2-H13)
#  57  tau(C8-C6-C7-H19)
#  58  delta(C6-C8-O9)
#  59  delta(C5-C6-C8)
#  60  delta(C1-C2-H14)
#  61  tau(N4-C6-C8-O9)
#  62  tau(C1-C2-C3-N4)
#  63  delta(C2-C3-N4)
#  64  delta(C7-C6-C8)
#  65  tau(C2-C3-N4-C6)
#  66  tau(N4-C5-C6-C7)

Wrote: /local/scratch/mv487/qm9s/experiment_1_phase2/ped/111564/111564_summary.csv
Wrote: /local/scratch/mv487/qm9s/experiment_1_phase2/ped/111564/111564_families.csv
Wrote: /local/scratch/mv487/qm9s/experiment_1_phase2/ped/111564/111564_ped.csv
Wrote: /local/scratch/mv487/qm9s/experiment_1_phase2/ped/111564/111564_ir_transitions.csv

# All generated files are in: /local/scratch/mv487/qm9s/experiment_1_phase2/ped/111564
# Manifest: /local/scratch/mv487/qm9s/experiment_1_phase2/ped/111564/111564_manifest.txt

--- stderr ---
Normal modes/frequencies absent or incomplete: diagonalizing Hessian.
