# Contact: romi@lens.unifi.it
# Manual: https://github.com/SebRoLENS/orca-ped-analyzer/blob/main/docs/ORCA_PED_Analyzer_Manual.md
# Check GitHub for updates and new releases: https://github.com/SebRoLENS/orca-ped-analyzer
#
# Molecule: 21 atoms | non-linear
# Bonds inferred: 23 | candidate ICs: 239 | selected ICs: 57
# Cartesian-Hessian reconstruction relative error: 6.418e-05
# Energy distribution: PED (PED is the backward-compatible default; TED includes kinetic-energy terms)
# Ring/cycle bonds detected: 9 | ring atoms: 7 | ring systems: 1
# VPT2: no matching .out file supplied/found -> harmonic/PED analysis only
#
 Mode   Harm/cm-1   VPT2/cm-1  Harm.Int/km mol-1  Assignment                                                     Grouped PED
------------------------------------------------------------------------------------------------------------------------------------------------------------------------------------------------
    6      148.34          --                 --  mixed cyclic-ring torsional/out-of-plane deformation / C-C torsion cyclic-ring torsional/out-of-plane deformation 39.16%; C-C torsion 28.90%; ring-site C-H out-of-plane bending 14.57%; cyclic-ring deformation (C-C-N bend) 10.71%
    7      180.06          --                 --  C-C torsion                                                    C-C torsion 89.48%; cyclic-ring torsional/out-of-plane deformation 5.49%; ring-site C-H out-of-plane bending 3.97%
    8      197.15          --                 --  C-C torsion                                                    C-C torsion 97.73%
    9      205.53          --                 --  C-C torsion                                                    C-C torsion 96.09%
   10      268.07          --                 --  mixed cyclic-ring torsional/out-of-plane deformation / C-C torsion / cyclic-ring torsional/out-of-plane deformation cyclic-ring torsional/out-of-plane deformation 31.75%; C-C torsion 20.83%; cyclic-ring torsional/out-of-plane deformation 16.75%; cyclic-ring out-of-plane deformation 9.51%
   11      354.57          --                 --  mixed C-C torsion / ring-site C-H out-of-plane bending / C-C-C bending C-C torsion 37.95%; ring-site C-H out-of-plane bending 20.37%; C-C-C bending 19.86%; C-H bending 9.56%
   12      377.97          --                 --  mixed C-C torsion / ring-site C-H out-of-plane bending         C-C torsion 49.96%; ring-site C-H out-of-plane bending 20.87%; C-H bending 8.78%; cyclic-ring out-of-plane deformation 6.40%
   13      397.74          --                 --  mixed cyclic-ring out-of-plane deformation / ring-site C-H out-of-plane bending / C-C torsion cyclic-ring out-of-plane deformation 49.32%; ring-site C-H out-of-plane bending 19.82%; C-C torsion 19.44%; cyclic-ring torsional/out-of-plane deformation 3.94%
   14      448.62          --                 --  mixed cyclic-ring torsional/out-of-plane deformation / ring-site C-H out-of-plane bending cyclic-ring torsional/out-of-plane deformation 43.34%; ring-site C-H out-of-plane bending 26.04%; cyclic-ring torsional/out-of-plane deformation 9.27%; cyclic-ring out-of-plane deformation 8.50%
   15      502.66          --                 --  mixed cyclic-ring deformation (C-C-N bend) / C-C torsion       cyclic-ring deformation (C-C-N bend) 30.11%; C-C torsion 16.86%; C-C-C bending 11.48%; ring-site C-H out-of-plane bending 7.90%
   16      568.83          --                 --  mixed C-C torsion / cyclic-ring out-of-plane deformation       C-C torsion 26.77%; cyclic-ring out-of-plane deformation 17.95%; ring-site C-H out-of-plane bending 12.94%; in-phase exocyclic C-C stretching 10.23%
   17      610.88          --                 --  mixed cyclic-ring out-of-plane deformation / cyclic-ring deformation (C-N-C bend) cyclic-ring out-of-plane deformation 19.32%; cyclic-ring deformation (C-N-C bend) 16.31%; ring-site C-H out-of-plane bending 14.99%; mixed-phase cyclic C-N stretching 11.48%
   18      732.75          --                 --  mixed mixed-phase cyclic C-N stretching / ring-site C-H out-of-plane bending / C-C torsion mixed-phase cyclic C-N stretching 38.40%; ring-site C-H out-of-plane bending 17.98%; C-C torsion 17.54%; cyclic C-C stretching 6.97%
   19      769.99          --                 --  mixed cyclic-ring deformation (C-N-C bend) / cyclic C-N stretching cyclic-ring deformation (C-N-C bend) 32.74%; cyclic C-N stretching 24.71%; cyclic C-C stretching 12.32%; ring-site C-H out-of-plane bending 7.36%
   20      784.32          --                 --  mixed mixed-phase cyclic C-N stretching / cyclic-ring deformation (C-C-N bend) mixed-phase cyclic C-N stretching 29.35%; cyclic-ring deformation (C-C-N bend) 14.64%; C-C torsion 14.14%; mixed-phase cyclic C-C stretching 11.21%
   21      832.60          --                 --  mixed cyclic-ring out-of-plane deformation / C-C torsion       cyclic-ring out-of-plane deformation 26.65%; C-C torsion 17.21%; ring-site C-H out-of-plane bending 13.69%; cyclic C-C stretching 13.07%
   22      885.70          --                 --  mixed mixed-phase cyclic C-N stretching / cyclic C-C stretching mixed-phase cyclic C-N stretching 26.21%; cyclic C-C stretching 18.32%; C-C torsion 8.74%; cyclic-ring deformation (C-C-N bend) 8.55%
   23      912.03          --                 --  mixed mixed-phase cyclic C-N stretching / mixed-phase cyclic C-C stretching mixed-phase cyclic C-N stretching 27.22%; mixed-phase cyclic C-C stretching 14.33%; ring-site C-H in-plane bending 12.65%; mixed-phase exocyclic C-C stretching 12.11%
   24      934.99          --                 --  mixed C-C torsion / mixed-phase cyclic C-C stretching / C-H bending C-C torsion 27.50%; mixed-phase cyclic C-C stretching 26.83%; C-H bending 18.38%; ring-site C-H in-plane bending 7.13%
   25      975.88          --                 --  mixed C-H bending / ring-site C-H in-plane bending / mixed-phase cyclic C-N stretching C-H bending 23.55%; ring-site C-H in-plane bending 19.93%; mixed-phase cyclic C-N stretching 16.58%; ring-site C-H out-of-plane bending 11.56%
   26      988.70          --                 --  mixed C-H bending / ring-site C-H out-of-plane bending         C-H bending 32.67%; ring-site C-H out-of-plane bending 26.71%; C-C torsion 14.58%; ring-site C-H in-plane bending 7.01%
   27     1019.98          --                 --  mixed ring-site C-H out-of-plane bending / C-H bending         ring-site C-H out-of-plane bending 50.53%; C-H bending 14.99%; cyclic-ring out-of-plane deformation 12.73%; mixed-phase cyclic C-N stretching 8.30%
   28     1041.76          --                 --  mixed mixed-phase cyclic C-N stretching / ring-site C-H out-of-plane bending mixed-phase cyclic C-N stretching 27.11%; ring-site C-H out-of-plane bending 22.62%; C-H bending 13.19%; cyclic-ring out-of-plane deformation 12.18%
   29     1056.47          --                 --  mixed ring-site C-H out-of-plane bending / cyclic-ring out-of-plane deformation / C-H bending ring-site C-H out-of-plane bending 27.50%; cyclic-ring out-of-plane deformation 23.91%; C-H bending 19.35%; cyclic C-N stretching 8.81%
   30     1100.42          --                 --  mixed C-H bending / ring-site C-H out-of-plane bending / mixed-phase cyclic C-N stretching C-H bending 45.42%; ring-site C-H out-of-plane bending 20.60%; mixed-phase cyclic C-N stretching 15.54%; ring-site C-H in-plane bending 4.66%
   31     1108.16          --                 --  mixed C-H bending / ring-site C-H out-of-plane bending         C-H bending 51.45%; ring-site C-H out-of-plane bending 29.63%; cyclic-ring out-of-plane deformation 5.24%; C-C torsion 3.20%
   32     1118.12          --                 --  ring-site C-H out-of-plane bending                             ring-site C-H out-of-plane bending 73.53%; C-H bending 14.50%; ring-site C-H in-plane bending 5.26%
   33     1136.80          --                 --  mixed ring-site C-H out-of-plane bending / cyclic-ring out-of-plane deformation ring-site C-H out-of-plane bending 57.20%; cyclic-ring out-of-plane deformation 11.63%; C-H bending 9.35%; ring-site C-H in-plane bending 7.24%
   34     1160.79          --                 --  mixed ring-site C-H out-of-plane bending / C-H bending         ring-site C-H out-of-plane bending 29.48%; C-H bending 23.92%; cyclic-ring out-of-plane deformation 12.74%; cyclic C-N stretching 10.59%
   35     1185.40          --                 --  mixed ring-site N-H in-plane bending / ring-site C-H in-plane bending ring-site N-H in-plane bending 29.94%; ring-site C-H in-plane bending 24.40%; C-H bending 10.59%; cyclic-ring out-of-plane deformation 9.87%
   36     1233.80          --                 --  mixed ring-site C-H in-plane bending / cyclic-ring out-of-plane deformation ring-site C-H in-plane bending 50.77%; cyclic-ring out-of-plane deformation 12.04%; ring-site C-H out-of-plane bending 11.16%; C-H bending 5.82%
   37     1259.54          --                 --  mixed ring-site C-H in-plane bending / cyclic-ring out-of-plane deformation ring-site C-H in-plane bending 38.58%; cyclic-ring out-of-plane deformation 24.77%; ring-site C-H out-of-plane bending 8.18%; exocyclic C-C stretching 6.90%
   38     1296.68          --                 --  mixed ring-site C-H in-plane bending / cyclic-ring out-of-plane deformation / mixed-phase cyclic C-C stretching ring-site C-H in-plane bending 20.27%; cyclic-ring out-of-plane deformation 18.12%; mixed-phase cyclic C-C stretching 16.17%; ring-site C-H out-of-plane bending 14.52%
   39     1322.00          --                 --  mixed mixed-phase cyclic C-C stretching / ring-site C-H in-plane bending mixed-phase cyclic C-C stretching 36.80%; ring-site C-H in-plane bending 17.07%; C-C torsion 8.90%; cyclic-ring out-of-plane deformation 7.65%
   40     1352.70          --                 --  mixed cyclic C-C stretching / C-H bending                      cyclic C-C stretching 18.55%; C-H bending 15.96%; mixed-phase cyclic C-N stretching 14.09%; exocyclic C-C stretching 12.47%
   41     1357.37          --                 --  mixed ring-site C-H in-plane bending / mixed-phase cyclic C-C stretching ring-site C-H in-plane bending 28.14%; mixed-phase cyclic C-C stretching 22.81%; C-H bending 10.80%; cyclic-ring deformation (C-N-C bend) 7.99%
   42     1414.95          --                 --  mixed C-H out-of-plane bending / C-H bending                   C-H out-of-plane bending 59.29%; C-H bending 31.89%; ring-site C-H in-plane bending 3.18%; cyclic C-C stretching 2.88%
   43     1422.65          --                 --  C-H bending                                                    C-H bending 91.40%; exocyclic C-C stretching 5.83%
   44     1440.33          --                 --  mixed C-H out-of-plane bending / C-H bending / mixed-phase cyclic C-C stretching C-H out-of-plane bending 33.94%; C-H bending 17.87%; mixed-phase cyclic C-C stretching 16.05%; exocyclic C-C stretching 10.60%
   45     1490.75          --                 --  mixed C-H bending / C-C torsion                                C-H bending 58.19%; C-C torsion 36.44%; C-H out-of-plane bending 2.78%
   46     1491.94          --                 --  C-H bending                                                    C-H bending 78.47%; C-C torsion 18.77%
   47     1497.57          --                 --  C-H bending                                                    C-H bending 82.54%; C-C torsion 16.43%
   48     1499.31          --                 --  mixed C-H bending / C-C torsion                                C-H bending 54.60%; C-C torsion 31.35%; C-H out-of-plane bending 10.88%; ring-site C-H out-of-plane bending 2.08%
   49     1505.03          --                 --  mixed C-H bending / ring-site C-H out-of-plane bending         C-H bending 51.81%; ring-site C-H out-of-plane bending 21.32%; ring-site C-H in-plane bending 9.63%; C-C torsion 8.68%
   50     1513.54          --                 --  mixed C-H bending / ring-site C-H out-of-plane bending         C-H bending 53.24%; ring-site C-H out-of-plane bending 21.47%; ring-site C-H in-plane bending 13.63%; C-C torsion 3.54%
   51     3022.93          --                 --  mixed in-phase ring-site C-H stretching / C-H stretching       in-phase ring-site C-H stretching 54.26%; C-H stretching 45.24%
   52     3027.29          --                 --  mixed C-H stretching / ring-site C-H stretching                C-H stretching 57.61%; ring-site C-H stretching 41.85%
   53     3029.42          --                 --  C-H stretching                                                 C-H stretching 95.78%; ring-site C-H stretching 3.87%
   54     3060.74          --                 --  mixed-phase ring-site C-H stretching                           mixed-phase ring-site C-H stretching 98.20%
   55     3079.09          --                 --  opposite-phase C-H stretching                                  opposite-phase C-H stretching 98.41%
   56     3084.49          --                 --  opposite-phase C-H stretching                                  opposite-phase C-H stretching 99.20%
   57     3091.06          --                 --  ring-site C-H stretching                                       ring-site C-H stretching 99.12%
   58     3113.40          --                 --  mixed-phase C-H stretching                                     mixed-phase C-H stretching 99.19%
   59     3113.85          --                 --  mixed-phase C-H stretching                                     mixed-phase C-H stretching 99.20%
   60     3139.60          --                 --  ring-site C-H stretching                                       ring-site C-H stretching 98.36%
   61     3177.43          --                 --  opposite-phase ring-site C-H stretching                        opposite-phase ring-site C-H stretching 99.51%
   62     3462.15          --                 --  ring-site N-H stretching                                       ring-site N-H stretching 99.71%

# Selected internal-coordinate set:
#   1  nu(C1-C2)
#   2  nu(C3-N4)
#   3  nu(C5-C6)
#   4  nu(C7-H18)
#   5  nu(C8-N9)
#   6  nu(C7-H19)
#   7  nu(C3-H14)
#   8  nu(C1-H10)
#   9  nu(N9-H21)
#  10  nu(C8-H20)
#  11  nu(C5-H15)
#  12  nu(C7-H17)
#  13  nu(C3-H13)
#  14  nu(C1-H11)
#  15  tau(H20-C8-N9-H21)
#  16  gamma(H16;C5,C6,H15)
#  17  nu(N4-C6)
#  18  nu(C1-H12)
#  19  gamma(N9;C8,C2,H20)
#  20  nu(C5-H16)
#  21  gamma(C3;C2,C1,N9)
#  22  nu(C6-C7)
#  23  tau(H13-C3-N4-C6)
#  24  tau(H14-C3-N4-C6)
#  25  tau(H12-C1-C2-C8)
#  26  delta(H10-C1-H11)
#  27  delta(H17-C7-H19)
#  28  delta(C8-N9-H21)
#  29  delta(H18-C7-H19)
#  30  delta(H17-C7-H18)
#  31  delta(N4-C3-H14)
#  32  delta(N4-C3-H13)
#  33  gamma(H12;C1,H10,H11)
#  34  nu(C6-C8)
#  35  delta(H15-C5-H16)
#  36  delta(C6-C8-H20)
#  37  delta(C6-C7-H19)
#  38  delta(C6-C5-H15)
#  39  tau(H11-C1-C2-C8)
#  40  delta(C2-C1-H12)
#  41  delta(C3-N4-C6)
#  42  delta(C6-C7-H18)
#  43  nu(C2-C3)
#  44  nu(N4-C5)
#  45  tau(H16-C5-C6-C8)
#  46  gamma(C3;C2,C8,N9)
#  47  delta(C2-C1-H11)
#  48  tau(C8-C6-C7-H17)
#  49  tau(N4-C6-C8-H20)
#  50  tau(C3-N4-C6-C5)
#  51  delta(C7-C6-C8)
#  52  tau(C5-C6-C7-H18)
#  53  tau(H10-C1-C2-C3)
#  54  delta(C6-C8-N9)
#  55  tau(C3-N4-C6-C7)
#  56  tau(C1-C2-C3-N4)
#  57  nu(C2-C8)

Wrote: /local/scratch/mv487/qm9s/experiment_1_phase2/ped/63852/63852_summary.csv
Wrote: /local/scratch/mv487/qm9s/experiment_1_phase2/ped/63852/63852_families.csv
Wrote: /local/scratch/mv487/qm9s/experiment_1_phase2/ped/63852/63852_ped.csv
Wrote: /local/scratch/mv487/qm9s/experiment_1_phase2/ped/63852/63852_ir_transitions.csv

# All generated files are in: /local/scratch/mv487/qm9s/experiment_1_phase2/ped/63852
# Manifest: /local/scratch/mv487/qm9s/experiment_1_phase2/ped/63852/63852_manifest.txt

--- stderr ---
Normal modes/frequencies absent or incomplete: diagonalizing Hessian.
