# Contact: romi@lens.unifi.it
# Manual: https://github.com/SebRoLENS/orca-ped-analyzer/blob/main/docs/ORCA_PED_Analyzer_Manual.md
# Check GitHub for updates and new releases: https://github.com/SebRoLENS/orca-ped-analyzer
#
# Molecule: 16 atoms | non-linear
# Bonds inferred: 18 | candidate ICs: 191 | selected ICs: 42
# Cartesian-Hessian reconstruction relative error: 3.674e-05
# Energy distribution: PED (PED is the backward-compatible default; TED includes kinetic-energy terms)
# Ring/cycle bonds detected: 9 | ring atoms: 7 | ring systems: 1
# VPT2: no matching .out file supplied/found -> harmonic/PED analysis only
#
 Mode   Harm/cm-1   VPT2/cm-1  Harm.Int/km mol-1  Assignment                                                     Grouped PED
------------------------------------------------------------------------------------------------------------------------------------------------------------------------------------------------
    6      129.46          --                 --  mixed cyclic-ring torsional/out-of-plane deformation / ring-site C-H out-of-plane bending cyclic-ring torsional/out-of-plane deformation 47.38%; ring-site C-H out-of-plane bending 36.48%; cyclic-ring deformation (C-C-C bend) 6.27%; C-O torsion 5.24%
    7      223.96          --                 --  C-O torsion                                                    C-O torsion 78.97%; ring-site C-H out-of-plane bending 8.77%; O-C-C bending 5.80%; cyclic-ring torsional/out-of-plane deformation 2.79%
    8      261.51          --                 --  C-O torsion                                                    C-O torsion 99.44%
    9      265.92          --                 --  mixed cyclic-ring torsional/out-of-plane deformation / ring-site C-H out-of-plane bending / mixed-phase cyclic C-C stretching cyclic-ring torsional/out-of-plane deformation 22.07%; ring-site C-H out-of-plane bending 21.01%; mixed-phase cyclic C-C stretching 16.48%; C-O torsion 15.09%
   10      321.41          --                 --  C-O torsion                                                    C-O torsion 89.68%; cyclic-ring torsional/out-of-plane deformation 6.84%
   11      361.62          --                 --  mixed C-O torsion / cyclic-ring deformation (C-C-C bend) / cyclic-ring torsional/out-of-plane deformation C-O torsion 33.41%; cyclic-ring deformation (C-C-C bend) 19.13%; cyclic-ring torsional/out-of-plane deformation 15.29%; ring-site C-H out-of-plane bending 11.29%
   12      450.84          --                 --  mixed ring-site C-H out-of-plane bending / cyclic-ring deformation (C-C-C bend) ring-site C-H out-of-plane bending 47.97%; cyclic-ring deformation (C-C-C bend) 20.44%; cyclic C-C stretching 9.74%; cyclic-ring torsional/out-of-plane deformation 7.53%
   13      511.69          --                 --  mixed ring-site C-H out-of-plane bending / cyclic-ring deformation (C-C-C bend) ring-site C-H out-of-plane bending 39.47%; cyclic-ring deformation (C-C-C bend) 18.07%; cyclic-ring torsional/out-of-plane deformation 13.49%; cyclic-ring deformation (C-N-C bend) 10.12%
   14      561.28          --                 --  mixed ring-site C-H out-of-plane bending / cyclic-ring deformation (C-C-N bend) / cyclic-ring torsional/out-of-plane deformation ring-site C-H out-of-plane bending 26.05%; cyclic-ring deformation (C-C-N bend) 20.75%; cyclic-ring torsional/out-of-plane deformation 18.03%; mixed-phase cyclic C-C stretching 12.68%
   15      679.18          --                 --  mixed cyclic-ring torsional/out-of-plane deformation / ring-site C-H out-of-plane bending cyclic-ring torsional/out-of-plane deformation 37.59%; ring-site C-H out-of-plane bending 27.13%; cyclic C-N stretching 9.22%; mixed-phase cyclic C-C stretching 6.77%
   16      690.14          --                 --  mixed ring-site C-H out-of-plane bending / mixed-phase cyclic C-C stretching ring-site C-H out-of-plane bending 38.76%; mixed-phase cyclic C-C stretching 22.63%; cyclic-ring deformation (C-C-C bend) 9.48%; cyclic-ring deformation (C-N-C bend) 8.45%
   17      729.69          --                 --  mixed cyclic-ring torsional/out-of-plane deformation / ring-site C-H out-of-plane bending cyclic-ring torsional/out-of-plane deformation 38.70%; ring-site C-H out-of-plane bending 23.61%; mixed-phase cyclic C-C stretching 11.08%; exocyclic C-O stretching 7.46%
   18      747.40          --                 --  mixed mixed-phase cyclic C-C stretching / ring-site C-H out-of-plane bending mixed-phase cyclic C-C stretching 46.07%; ring-site C-H out-of-plane bending 25.42%; ring-site C-H in-plane bending 7.26%; cyclic-ring deformation (C-N-C bend) 6.80%
   19      796.75          --                 --  mixed ring-site C-H out-of-plane bending / cyclic-ring torsional/out-of-plane deformation / cyclic-ring deformation (C-N-C bend) ring-site C-H out-of-plane bending 24.53%; cyclic-ring torsional/out-of-plane deformation 22.71%; cyclic-ring deformation (C-N-C bend) 16.00%; cyclic C-C stretching 15.17%
   20      843.51          --                 --  mixed mixed-phase cyclic C-C stretching / ring-site C-H out-of-plane bending mixed-phase cyclic C-C stretching 47.59%; ring-site C-H out-of-plane bending 30.01%; cyclic C-N stretching 7.37%; cyclic-ring deformation (C-N-C bend) 4.26%
   21      912.50          --                 --  mixed ring-site C-H out-of-plane bending / mixed-phase cyclic C-C stretching ring-site C-H out-of-plane bending 35.72%; mixed-phase cyclic C-C stretching 35.45%; cyclic-ring torsional/out-of-plane deformation 13.33%; ring-site C-H in-plane bending 8.15%
   22      931.84          --                 --  mixed ring-site C-H out-of-plane bending / mixed-phase cyclic C-N stretching ring-site C-H out-of-plane bending 45.83%; mixed-phase cyclic C-N stretching 23.11%; mixed-phase cyclic C-C stretching 11.84%; C-C out-of-plane bending 6.13%
   23      949.21          --                 --  mixed mixed-phase cyclic C-C stretching / ring-site C-H out-of-plane bending mixed-phase cyclic C-C stretching 47.62%; ring-site C-H out-of-plane bending 18.66%; cyclic-ring deformation (C-N-C bend) 9.61%; C-O torsion 6.64%
   24      973.29          --                 --  mixed ring-site C-H out-of-plane bending / mixed-phase cyclic C-C stretching / mixed-phase cyclic C-N stretching ring-site C-H out-of-plane bending 42.00%; mixed-phase cyclic C-C stretching 30.56%; mixed-phase cyclic C-N stretching 16.10%; cyclic-ring torsional/out-of-plane deformation 5.02%
   25     1003.45          --                 --  mixed mixed-phase cyclic C-C stretching / ring-site C-H out-of-plane bending mixed-phase cyclic C-C stretching 36.92%; ring-site C-H out-of-plane bending 30.43%; cyclic-ring torsional/out-of-plane deformation 8.27%; ring-site C-H in-plane bending 7.04%
   26     1032.09          --                 --  mixed ring-site C-H out-of-plane bending / mixed-phase cyclic C-C stretching ring-site C-H out-of-plane bending 50.17%; mixed-phase cyclic C-C stretching 12.38%; opposite-phase cyclic C-N stretching 9.41%; cyclic-ring deformation (C-C-N bend) 7.20%
   27     1048.19          --                 --  mixed ring-site C-H out-of-plane bending / ring-site C-H in-plane bending ring-site C-H out-of-plane bending 67.04%; ring-site C-H in-plane bending 20.60%; cyclic C-C stretching 4.66%; exocyclic C-O stretching 2.67%
   28     1085.89          --                 --  mixed mixed-phase cyclic C-C stretching / ring-site C-H out-of-plane bending mixed-phase cyclic C-C stretching 43.42%; ring-site C-H out-of-plane bending 14.74%; C-O torsion 8.10%; cyclic-ring torsional/out-of-plane deformation 6.47%
   29     1096.28          --                 --  mixed C-C out-of-plane bending / ring-site C-H out-of-plane bending C-C out-of-plane bending 71.48%; ring-site C-H out-of-plane bending 23.76%; cyclic C-C stretching 2.29%
   30     1099.54          --                 --  mixed ring-site C-H out-of-plane bending / ring-site C-H in-plane bending ring-site C-H out-of-plane bending 61.01%; ring-site C-H in-plane bending 12.97%; mixed-phase cyclic C-C stretching 8.35%; C-C out-of-plane bending 5.11%
   31     1174.87          --                 --  mixed ring-site C-H out-of-plane bending / cyclic C-C stretching / cyclic-ring deformation (C-N-C bend) ring-site C-H out-of-plane bending 23.47%; cyclic C-C stretching 20.21%; cyclic-ring deformation (C-N-C bend) 17.35%; cyclic C-N stretching 14.82%
   32     1189.43          --                 --  mixed ring-site C-H out-of-plane bending / cyclic-ring deformation (C-N-C bend) / cyclic C-N stretching ring-site C-H out-of-plane bending 38.23%; cyclic-ring deformation (C-N-C bend) 17.90%; cyclic C-N stretching 17.18%; mixed-phase cyclic C-C stretching 11.33%
   33     1238.25          --                 --  mixed exocyclic C-O stretching / cyclic C-C stretching / ring-site C-H out-of-plane bending exocyclic C-O stretching 28.07%; cyclic C-C stretching 25.75%; ring-site C-H out-of-plane bending 19.00%; O-H bending 8.29%
   34     1282.85          --                 --  mixed ring-site C-H out-of-plane bending / mixed-phase cyclic C-C stretching / ring-site C-H in-plane bending ring-site C-H out-of-plane bending 33.41%; mixed-phase cyclic C-C stretching 24.01%; ring-site C-H in-plane bending 18.36%; O-H bending 9.08%
   35     1298.78          --                 --  mixed mixed-phase cyclic C-C stretching / ring-site C-H in-plane bending / ring-site C-H out-of-plane bending mixed-phase cyclic C-C stretching 28.49%; ring-site C-H in-plane bending 26.63%; ring-site C-H out-of-plane bending 15.35%; O-H bending 10.22%
   36     1336.17          --                 --  mixed ring-site C-H in-plane bending / cyclic C-C stretching   ring-site C-H in-plane bending 45.12%; cyclic C-C stretching 23.31%; ring-site C-H out-of-plane bending 14.07%; in-phase cyclic C-N stretching 6.34%
   37     1346.73          --                 --  mixed ring-site N-H in-plane bending / opposite-phase cyclic C-N stretching ring-site N-H in-plane bending 46.82%; opposite-phase cyclic C-N stretching 18.42%; O-H bending 7.73%; ring-site C-H in-plane bending 7.17%
   38     1392.04          --                 --  mixed mixed-phase cyclic C-C stretching / ring-site C-H out-of-plane bending / O-H bending mixed-phase cyclic C-C stretching 26.99%; ring-site C-H out-of-plane bending 19.81%; O-H bending 19.04%; exocyclic C-O stretching 14.28%
   39     1498.09          --                 --  mixed C-H bending / ring-site C-H out-of-plane bending         C-H bending 59.17%; ring-site C-H out-of-plane bending 34.15%; in-phase cyclic C-C stretching 5.99%
   40     1858.16          --                 --  exocyclic C-O stretching                                       exocyclic C-O stretching 76.92%; cyclic C-N stretching 9.41%; cyclic C-C stretching 5.82%; cyclic-ring deformation (C-N-C bend) 5.28%
   41     3121.42          --                 --  mixed-phase ring-site C-H stretching                           mixed-phase ring-site C-H stretching 99.25%
   42     3123.01          --                 --  ring-site C-H stretching                                       ring-site C-H stretching 99.12%
   43     3168.10          --                 --  mixed-phase ring-site C-H stretching                           mixed-phase ring-site C-H stretching 98.44%
   44     3184.05          --                 --  ring-site C-H stretching                                       ring-site C-H stretching 98.68%
   45     3202.35          --                 --  opposite-phase ring-site C-H stretching                        opposite-phase ring-site C-H stretching 99.35%
   46     3588.84          --                 --  ring-site N-H stretching                                       ring-site N-H stretching 99.03%
   47     3789.22          --                 --  O-H stretching                                                 O-H stretching 99.94%

# Selected internal-coordinate set:
#   1  nu(O1-C2)
#   2  nu(C3-C5)
#   3  nu(C4-H12)
#   4  nu(C6-N7)
#   5  nu(C8-O9)
#   6  nu(O1-H10)
#   7  nu(C4-H13)
#   8  nu(C6-H15)
#   9  nu(C2-C3)
#  10  tau(H15-C6-N7-C8)
#  11  delta(C2-C8-O9)
#  12  nu(C5-H14)
#  13  gamma(C5;C4,H12,H13)
#  14  gamma(H11;C3,C2,C5)
#  15  nu(N7-H16)
#  16  tau(C2-C3-C5-H14)
#  17  tau(H15-C6-N7-H16)
#  18  tau(H10-O1-C2-C3)
#  19  tau(C6-C2-C8-O9)
#  20  delta(H12-C4-H13)
#  21  nu(C3-H11)
#  22  delta(C6-N7-H16)
#  23  delta(C2-O1-H10)
#  24  delta(C3-C5-H14)
#  25  delta(N7-C6-H15)
#  26  nu(C2-C8)
#  27  nu(C2-C6)
#  28  gamma(H11;C3,C4,C5)
#  29  nu(C4-C5)
#  30  gamma(H12;C4,C3,C5)
#  31  nu(C5-C6)
#  32  nu(N7-C8)
#  33  tau(H10-O1-C2-C8)
#  34  nu(C3-C4)
#  35  delta(C5-C6-N7)
#  36  delta(O1-C2-C8)
#  37  tau(H12-C4-C5-C6)
#  38  delta(C6-N7-C8)
#  39  tau(O1-C2-C8-N7)
#  40  delta(C2-C3-C4)
#  41  tau(C2-C3-C4-C5)
#  42  tau(C4-C5-C6-H15)

Wrote: /local/scratch/mv487/qm9s/experiment_1_phase2/ped/61996/61996_summary.csv
Wrote: /local/scratch/mv487/qm9s/experiment_1_phase2/ped/61996/61996_families.csv
Wrote: /local/scratch/mv487/qm9s/experiment_1_phase2/ped/61996/61996_ped.csv
Wrote: /local/scratch/mv487/qm9s/experiment_1_phase2/ped/61996/61996_ir_transitions.csv

# All generated files are in: /local/scratch/mv487/qm9s/experiment_1_phase2/ped/61996
# Manifest: /local/scratch/mv487/qm9s/experiment_1_phase2/ped/61996/61996_manifest.txt

--- stderr ---
Normal modes/frequencies absent or incomplete: diagonalizing Hessian.
