# Contact: romi@lens.unifi.it
# Manual: https://github.com/SebRoLENS/orca-ped-analyzer/blob/main/docs/ORCA_PED_Analyzer_Manual.md
# Check GitHub for updates and new releases: https://github.com/SebRoLENS/orca-ped-analyzer
#
# Molecule: 18 atoms | non-linear
# Bonds inferred: 18 | candidate ICs: 124 | selected ICs: 48
# Cartesian-Hessian reconstruction relative error: 2.445e-05
# Energy distribution: PED (PED is the backward-compatible default; TED includes kinetic-energy terms)
# Ring/cycle bonds detected: 5 | ring atoms: 5 | ring systems: 1
# VPT2: no matching .out file supplied/found -> harmonic/PED analysis only
#
 Mode   Harm/cm-1   VPT2/cm-1  Harm.Int/km mol-1  Assignment                                                     Grouped PED
------------------------------------------------------------------------------------------------------------------------------------------------------------------------------------------------
    6       57.59          --                 --  mixed C-N torsion / C-C torsion                                C-N torsion 49.09%; C-C torsion 24.94%; C-N out-of-plane bending 13.19%; N-H bending 5.14%
    7       59.19          --                 --  C-C torsion                                                    C-C torsion 79.52%; C-N torsion 12.96%; C-O torsion 3.65%
    8      127.53          --                 --  C-C torsion                                                    C-C torsion 94.47%
    9      191.47          --                 --  mixed C-C torsion / C-N-C bending                              C-C torsion 62.17%; C-N-C bending 11.26%; C-N out-of-plane bending 5.95%; cyclic-ring torsional/out-of-plane deformation 5.49%
   10      284.08          --                 --  C-C torsion                                                    C-C torsion 81.95%; C-C-N bending 5.24%; N-C-N bending 4.22%
   11      337.44          --                 --  mixed cyclic-ring torsional/out-of-plane deformation / C-C torsion cyclic-ring torsional/out-of-plane deformation 44.06%; C-C torsion 15.62%; O-C-C bending 10.14%; C-C-N bending 9.73%
   12      442.87          --                 --  mixed C-O torsion / C-C torsion                                C-O torsion 30.30%; C-C torsion 24.01%; C-H bending 9.47%; O-C-C bending 9.08%
   13      455.01          --                 --  mixed ring-site N-H out-of-plane bending / ring-site C-H out-of-plane bending ring-site N-H out-of-plane bending 62.49%; ring-site C-H out-of-plane bending 23.16%; cyclic-ring torsional/out-of-plane deformation 7.11%; cyclic-ring out-of-plane deformation 2.84%
   14      461.90          --                 --  mixed C-C torsion / C-N out-of-plane bending                   C-C torsion 38.47%; C-N out-of-plane bending 17.38%; C-O torsion 11.85%; C-N-C bending 10.13%
   15      545.93          --                 --  mixed C-H bending / C-N out-of-plane bending / C-C torsion     C-H bending 24.49%; C-N out-of-plane bending 18.83%; C-C torsion 16.12%; C-C-N bending 13.08%
   16      602.71          --                 --  mixed C-N out-of-plane bending / C-C-N bending                 C-N out-of-plane bending 23.76%; C-C-N bending 16.40%; C-H bending 11.01%; exocyclic C-N stretching 10.74%
   17      636.75          --                 --  mixed ring-site C-H out-of-plane bending / cyclic-ring out-of-plane deformation ring-site C-H out-of-plane bending 54.71%; cyclic-ring out-of-plane deformation 11.44%; C-N out-of-plane bending 10.80%; cyclic-ring torsional/out-of-plane deformation 5.74%
   18      650.52          --                 --  ring-site C-H out-of-plane bending                             ring-site C-H out-of-plane bending 77.32%; cyclic-ring torsional/out-of-plane deformation 11.10%; ring-site N-H out-of-plane bending 5.74%
   19      717.27          --                 --  mixed C-C torsion / cyclic-ring torsional/out-of-plane deformation C-C torsion 30.72%; cyclic-ring torsional/out-of-plane deformation 25.73%; C-N-C bending 8.10%; cyclic-ring deformation (C-N-C bend) 7.95%
   20      733.53          --                 --  mixed C-N out-of-plane bending / cyclic-ring torsional/out-of-plane deformation / C-C torsion C-N out-of-plane bending 22.69%; cyclic-ring torsional/out-of-plane deformation 22.43%; C-C torsion 18.39%; cyclic-ring deformation (C-N-C bend) 9.02%
   21      800.33          --                 --  mixed cyclic-ring out-of-plane deformation / ring-site C-H out-of-plane bending cyclic-ring out-of-plane deformation 53.31%; ring-site C-H out-of-plane bending 46.57%
   22      878.60          --                 --  mixed C-C stretching / C-H bending / C-C torsion               C-C stretching 38.15%; C-H bending 19.26%; C-C torsion 16.64%; C-O stretching 11.08%
   23      889.63          --                 --  mixed C-H bending / C-C torsion                                C-H bending 37.14%; C-C torsion 36.21%; cyclic-ring deformation (C-N-C bend) 7.16%; C-N stretching 3.75%
   24      952.95          --                 --  cyclic-ring deformation (C-N-C bend)                           cyclic-ring deformation (C-N-C bend) 78.52%; ring-site C-H in-plane bending 11.24%; ring-site N-H in-plane bending 6.14%; cyclic C-N stretching 2.57%
   25      990.15          --                 --  mixed cyclic-ring deformation (C-N-C bend) / cyclic C-N stretching cyclic-ring deformation (C-N-C bend) 34.15%; cyclic C-N stretching 15.95%; C-H bending 11.16%; cyclic C-C stretching 10.39%
   26     1059.90          --                 --  mixed C-O stretching / C-C torsion                             C-O stretching 32.13%; C-C torsion 15.99%; O-H bending 9.74%; C-C-N bending 8.54%
   27     1081.98          --                 --  mixed cyclic C-N stretching / C-O stretching                   cyclic C-N stretching 52.27%; C-O stretching 15.32%; ring-site C-H in-plane bending 11.77%; C-C stretching 4.60%
   28     1115.31          --                 --  mixed C-H bending / C-C torsion                                C-H bending 35.01%; C-C torsion 26.54%; C-O stretching 12.98%; cyclic C-N stretching 7.38%
   29     1127.00          --                 --  mixed C-N stretching / cyclic C-N stretching                   C-N stretching 34.44%; cyclic C-N stretching 19.66%; C-C torsion 12.19%; C-H bending 11.54%
   30     1148.89          --                 --  mixed cyclic C-N stretching / ring-site N-H in-plane bending   cyclic C-N stretching 46.20%; ring-site N-H in-plane bending 23.37%; C-H bending 8.08%; C-C torsion 5.85%
   31     1207.30          --                 --  mixed C-H bending / O-H bending                                C-H bending 47.06%; O-H bending 19.29%; C-C torsion 9.81%; ring-site C-H in-plane bending 8.30%
   32     1248.09          --                 --  mixed ring-site C-H in-plane bending / C-H bending             ring-site C-H in-plane bending 45.19%; C-H bending 23.34%; mixed-phase cyclic C-N stretching 8.87%; O-H bending 4.50%
   33     1273.83          --                 --  mixed cyclic C-N stretching / exocyclic C-N stretching         cyclic C-N stretching 45.83%; exocyclic C-N stretching 14.19%; cyclic-ring deformation (C-N-C bend) 10.07%; cyclic C-C stretching 8.88%
   34     1296.86          --                 --  mixed C-H bending / C-C torsion                                C-H bending 58.74%; C-C torsion 22.97%; ring-site C-H in-plane bending 7.56%; cyclic C-N stretching 5.99%
   35     1351.61          --                 --  mixed mixed-phase cyclic C-N stretching / ring-site C-H in-plane bending mixed-phase cyclic C-N stretching 55.48%; ring-site C-H in-plane bending 16.93%; C-H bending 9.14%; C-C torsion 4.45%
   36     1378.12          --                 --  mixed C-H bending / O-H bending / C-C torsion                  C-H bending 46.83%; O-H bending 28.68%; C-C torsion 19.06%
   37     1394.23          --                 --  C-H bending                                                    C-H bending 79.15%; C-C torsion 8.77%; cyclic C-N stretching 3.21%; C-N stretching 3.17%
   38     1429.94          --                 --  mixed C-H bending / O-H bending                                C-H bending 50.91%; O-H bending 23.90%; C-C torsion 11.56%; C-C stretching 5.81%
   39     1464.77          --                 --  mixed ring-site N-H in-plane bending / mixed-phase cyclic C-N stretching ring-site N-H in-plane bending 29.23%; mixed-phase cyclic C-N stretching 28.46%; N-H bending 13.94%; C-H bending 11.14%
   40     1478.83          --                 --  mixed C-C torsion / C-H bending                                C-C torsion 64.49%; C-H bending 22.20%; cyclic C-N stretching 3.48%; N-H bending 2.96%
   41     1488.31          --                 --  mixed opposite-phase cyclic C-N stretching / ring-site C-H in-plane bending opposite-phase cyclic C-N stretching 35.13%; ring-site C-H in-plane bending 13.63%; cyclic-ring deformation (C-N-C bend) 11.64%; C-H bending 11.39%
   42     1511.34          --                 --  C-C torsion                                                    C-C torsion 79.32%; C-H bending 13.41%; C-O torsion 3.39%
   43     1541.40          --                 --  mixed mixed-phase cyclic C-N stretching / N-H bending          mixed-phase cyclic C-N stretching 31.25%; N-H bending 22.47%; ring-site C-H in-plane bending 12.26%; exocyclic C-N stretching 11.48%
   44     1620.18          --                 --  mixed cyclic C-C stretching / exocyclic C-N stretching         cyclic C-C stretching 38.90%; exocyclic C-N stretching 17.31%; cyclic-ring deformation (C-N-C bend) 11.71%; cyclic C-N stretching 6.79%
   45     2976.61          --                 --  mixed-phase C-H stretching                                     mixed-phase C-H stretching 99.19%
   46     2988.95          --                 --  C-H stretching                                                 C-H stretching 99.25%
   47     3075.51          --                 --  mixed-phase C-H stretching                                     mixed-phase C-H stretching 99.09%
   48     3087.31          --                 --  C-H stretching                                                 C-H stretching 99.21%
   49     3250.52          --                 --  ring-site C-H stretching                                       ring-site C-H stretching 98.72%
   50     3289.53          --                 --  ring-site C-H stretching                                       ring-site C-H stretching 98.81%
   51     3599.58          --                 --  N-H stretching                                                 N-H stretching 99.59%
   52     3657.63          --                 --  ring-site N-H stretching                                       ring-site N-H stretching 98.99%
   53     3734.81          --                 --  O-H stretching                                                 O-H stretching 99.91%

# Selected internal-coordinate set:
#   1  nu(O1-H10)
#   2  nu(C2-C3)
#   3  nu(N4-C5)
#   4  nu(C6-N7)
#   5  nu(C8-H18)
#   6  nu(C3-H14)
#   7  nu(C2-H12)
#   8  nu(N4-H15)
#   9  nu(C5-N9)
#  10  nu(C3-H13)
#  11  nu(C2-H11)
#  12  nu(C6-H16)
#  13  gamma(N7;C8,N9,H18)
#  14  tau(N9-C5-C6-N7)
#  15  nu(N7-H17)
#  16  nu(C8-N9)
#  17  tau(C5-C6-N7-H17)
#  18  tau(N9-C5-C6-H16)
#  19  nu(O1-C2)
#  20  gamma(C3;N4,C5,H15)
#  21  tau(H10-O1-C2-H12)
#  22  delta(C6-N7-H17)
#  23  delta(C5-N4-H15)
#  24  tau(H11-C2-C3-H14)
#  25  delta(N9-C8-H18)
#  26  tau(O1-C2-C3-H13)
#  27  delta(C2-C3-H13)
#  28  delta(C2-C3-H14)
#  29  delta(C2-O1-H10)
#  30  delta(C3-C2-H11)
#  31  delta(C5-C6-H16)
#  32  tau(H12-C2-C3-N4)
#  33  nu(C5-C6)
#  34  delta(C3-C2-H12)
#  35  delta(C5-N9-C8)
#  36  nu(N7-C8)
#  37  delta(O1-C2-C3)
#  38  tau(N4-C5-C6-N7)
#  39  nu(C3-N4)
#  40  tau(O1-C2-C3-H14)
#  41  delta(C6-N7-C8)
#  42  tau(C6-N7-C8-H18)
#  43  delta(N4-C3-H14)
#  44  delta(N4-C5-N9)
#  45  tau(C3-N4-C5-N9)
#  46  delta(C2-C3-N4)
#  47  delta(C3-N4-C5)
#  48  tau(H14-C3-N4-C5)

Wrote: /local/scratch/mv487/qm9s/experiment_1_phase2/ped/30241/30241_summary.csv
Wrote: /local/scratch/mv487/qm9s/experiment_1_phase2/ped/30241/30241_families.csv
Wrote: /local/scratch/mv487/qm9s/experiment_1_phase2/ped/30241/30241_ped.csv
Wrote: /local/scratch/mv487/qm9s/experiment_1_phase2/ped/30241/30241_ir_transitions.csv

# All generated files are in: /local/scratch/mv487/qm9s/experiment_1_phase2/ped/30241
# Manifest: /local/scratch/mv487/qm9s/experiment_1_phase2/ped/30241/30241_manifest.txt

--- stderr ---
Normal modes/frequencies absent or incomplete: diagonalizing Hessian.
